
> onion@0.1.0 test
> vitest


 DEV  v3.2.4 /home/zymurge/Dev/onion

{"level":30,"time":1774382616883,"pid":1603458,"hostname":"TempleOfZyminx","scenarioId":"swamp-siege-01","role":"onion","msg":"Creating new game match"}
{"level":30,"time":1774382616886,"pid":1603458,"hostname":"TempleOfZyminx","gameId":"b27bbe5f-ee45-47ff-826e-8c579a7ddbce","role":"onion","msg":"Game match created"}
{"level":30,"time":1774382616886,"pid":1603458,"hostname":"TempleOfZyminx","id":"b27bbe5f-ee45-47ff-826e-8c579a7ddbce","msg":"Fetching game state"}
{"level":30,"time":1774382616910,"pid":1603463,"hostname":"TempleOfZyminx","scenarioId":"swamp-siege-01","role":"onion","msg":"Creating new game match"}
{"level":30,"time":1774382616913,"pid":1603463,"hostname":"TempleOfZyminx","gameId":"f52c60de-3485-42f6-9f41-3d9b1488ac87","role":"onion","msg":"Game match created"}
{"level":30,"time":1774382616913,"pid":1603463,"hostname":"TempleOfZyminx","id":"f52c60de-3485-42f6-9f41-3d9b1488ac87","msg":"Fetching game state"}
{"level":30,"time":1774382616926,"pid":1603456,"hostname":"TempleOfZyminx","scenarioId":"swamp-siege-01","role":"onion","msg":"Creating new game match"}
{"level":30,"time":1774382616927,"pid":1603458,"hostname":"TempleOfZyminx","scenarioId":"swamp-siege-01","role":"onion","msg":"Creating new game match"}
{"level":30,"time":1774382616928,"pid":1603458,"hostname":"TempleOfZyminx","gameId":"e68e5b45-49ee-48f9-87cd-7567f212390a","role":"onion","msg":"Game match created"}
{"level":30,"time":1774382616929,"pid":1603458,"hostname":"TempleOfZyminx","id":"e68e5b45-49ee-48f9-87cd-7567f212390a","msg":"Fetching game state"}
{"level":30,"time":1774382616929,"pid":1603456,"hostname":"TempleOfZyminx","gameId":"a85dcabf-c3a0-4231-ad74-c637cbd84659","role":"onion","msg":"Game match created"}
{"level":30,"time":1774382616930,"pid":1603456,"hostname":"TempleOfZyminx","id":"a85dcabf-c3a0-4231-ad74-c637cbd84659","msg":"User joining game"}
{"level":30,"time":1774382616930,"pid":1603456,"hostname":"TempleOfZyminx","gameId":"a85dcabf-c3a0-4231-ad74-c637cbd84659","role":"defender","msg":"User joined game"}
{"level":30,"time":1774382616931,"pid":1603456,"hostname":"TempleOfZyminx","id":"a85dcabf-c3a0-4231-ad74-c637cbd84659","command":"END_PHASE","msg":"Submitting game action"}
{"level":30,"time":1774382616932,"pid":1603456,"hostname":"TempleOfZyminx","gameId":"a85dcabf-c3a0-4231-ad74-c637cbd84659","phase":"ONION_MOVE","msg":"Advancing phase"}
{"level":30,"time":1774382616932,"pid":1603456,"hostname":"TempleOfZyminx","phase":"ONION_MOVE","turnNumber":1,"msg":"Advancing phase in engine"}
{"level":30,"time":1774382616958,"pid":1603463,"hostname":"TempleOfZyminx","scenarioId":"swamp-siege-01","role":"onion","msg":"Creating new game match"}
{"level":30,"time":1774382616959,"pid":1603463,"hostname":"TempleOfZyminx","gameId":"b7c87f0d-06d2-4252-baa6-9c11bb8540c4","role":"onion","msg":"Game match created"}
{"level":30,"time":1774382616960,"pid":1603463,"hostname":"TempleOfZyminx","id":"b7c87f0d-06d2-4252-baa6-9c11bb8540c4","msg":"Fetching game state"}
{"level":30,"time":1774382616966,"pid":1603458,"hostname":"TempleOfZyminx","id":"00000000-0000-4000-8000-000000000000","msg":"Fetching game state"}
{"level":40,"time":1774382616966,"pid":1603458,"hostname":"TempleOfZyminx","id":"00000000-0000-4000-8000-000000000000","msg":"Game not found for state fetch"}
{"level":30,"time":1774382616999,"pid":1603463,"hostname":"TempleOfZyminx","id":"00000000-0000-4000-8000-000000000000","msg":"Fetching game state"}
{"level":40,"time":1774382616999,"pid":1603463,"hostname":"TempleOfZyminx","id":"00000000-0000-4000-8000-000000000000","msg":"Game not found for state fetch"}
{"level":30,"time":1774382617008,"pid":1603458,"hostname":"TempleOfZyminx","scenarioId":"swamp-siege-01","role":"onion","msg":"Creating new game match"}
{"level":30,"time":1774382617009,"pid":1603458,"hostname":"TempleOfZyminx","gameId":"04c92ca8-3512-4837-bfd3-c3bc051f24e0","role":"onion","msg":"Game match created"}
{"level":30,"time":1774382617010,"pid":1603458,"hostname":"TempleOfZyminx","id":"04c92ca8-3512-4837-bfd3-c3bc051f24e0","msg":"Fetching game state"}
{"level":30,"time":1774382617010,"pid":1603455,"hostname":"TempleOfZyminx","scenarioId":"swamp-siege-01","role":"onion","msg":"Creating new game match"}
{"level":30,"time":1774382617012,"pid":1603455,"hostname":"TempleOfZyminx","gameId":"304ecc29-8d95-4348-89fa-d1ad66e16f91","role":"onion","msg":"Game match created"}
{"level":30,"time":1774382617013,"pid":1603455,"hostname":"TempleOfZyminx","id":"304ecc29-8d95-4348-89fa-d1ad66e16f91","msg":"User joining game"}
{"level":30,"time":1774382617014,"pid":1603455,"hostname":"TempleOfZyminx","gameId":"304ecc29-8d95-4348-89fa-d1ad66e16f91","role":"defender","msg":"User joined game"}
{"level":30,"time":1774382617016,"pid":1603455,"hostname":"TempleOfZyminx","id":"304ecc29-8d95-4348-89fa-d1ad66e16f91","msg":"Fetching game state"}
{"level":30,"time":1774382617018,"pid":1603455,"hostname":"TempleOfZyminx","id":"304ecc29-8d95-4348-89fa-d1ad66e16f91","msg":"Fetching game state"}
{"level":30,"time":1774382617020,"pid":1603455,"hostname":"TempleOfZyminx","from":{"q":0,"r":10},"to":{"q":0,"r":0},"msg":"findPath: no valid path found"}
{"level":30,"time":1774382617021,"pid":1603455,"hostname":"TempleOfZyminx","from":{"q":0,"r":10},"to":{"q":0,"r":1},"msg":"findPath: no valid path found"}
{"level":30,"time":1774382617021,"pid":1603455,"hostname":"TempleOfZyminx","from":{"q":0,"r":10},"to":{"q":0,"r":2},"msg":"findPath: no valid path found"}
{"level":30,"time":1774382617021,"pid":1603455,"hostname":"TempleOfZyminx","from":{"q":0,"r":10},"to":{"q":0,"r":3},"msg":"findPath: no valid path found"}
{"level":30,"time":1774382617021,"pid":1603455,"hostname":"TempleOfZyminx","from":{"q":0,"r":10},"to":{"q":0,"r":4},"msg":"findPath: no valid path found"}
{"level":30,"time":1774382617021,"pid":1603455,"hostname":"TempleOfZyminx","from":{"q":0,"r":10},"to":{"q":0,"r":5},"msg":"findPath: no valid path found"}
{"level":30,"time":1774382617021,"pid":1603455,"hostname":"TempleOfZyminx","from":{"q":0,"r":10},"to":{"q":0,"r":6},"msg":"findPath: no valid path found"}
{"level":30,"time":1774382617022,"pid":1603455,"hostname":"TempleOfZyminx","from":{"q":0,"r":10},"to":{"q":0,"r":14},"msg":"findPath: no valid path found"}
{"level":30,"time":1774382617022,"pid":1603455,"hostname":"TempleOfZyminx","from":{"q":0,"r":10},"to":{"q":0,"r":15},"msg":"findPath: no valid path found"}
{"level":30,"time":1774382617023,"pid":1603455,"hostname":"TempleOfZyminx","from":{"q":0,"r":10},"to":{"q":0,"r":16},"msg":"findPath: no valid path found"}
{"level":30,"time":1774382617023,"pid":1603455,"hostname":"TempleOfZyminx","from":{"q":0,"r":10},"to":{"q":0,"r":17},"msg":"findPath: no valid path found"}
{"level":30,"time":1774382617023,"pid":1603455,"hostname":"TempleOfZyminx","from":{"q":0,"r":10},"to":{"q":0,"r":18},"msg":"findPath: no valid path found"}
{"level":30,"time":1774382617023,"pid":1603455,"hostname":"TempleOfZyminx","from":{"q":0,"r":10},"to":{"q":0,"r":19},"msg":"findPath: no valid path found"}
{"level":30,"time":1774382617023,"pid":1603455,"hostname":"TempleOfZyminx","from":{"q":0,"r":10},"to":{"q":0,"r":20},"msg":"findPath: no valid path found"}
{"level":30,"time":1774382617023,"pid":1603455,"hostname":"TempleOfZyminx","from":{"q":0,"r":10},"to":{"q":0,"r":21},"msg":"findPath: no valid path found"}
{"level":30,"time":1774382617023,"pid":1603455,"hostname":"TempleOfZyminx","from":{"q":0,"r":10},"to":{"q":1,"r":0},"msg":"findPath: no valid path found"}
{"level":30,"time":1774382617024,"pid":1603455,"hostname":"TempleOfZyminx","from":{"q":0,"r":10},"to":{"q":1,"r":1},"msg":"findPath: no valid path found"}
{"level":30,"time":1774382617024,"pid":1603455,"hostname":"TempleOfZyminx","from":{"q":0,"r":10},"to":{"q":1,"r":2},"msg":"findPath: no valid path found"}
{"level":30,"time":1774382617024,"pid":1603455,"hostname":"TempleOfZyminx","from":{"q":0,"r":10},"to":{"q":1,"r":3},"msg":"findPath: no valid path found"}
{"level":30,"time":1774382617024,"pid":1603455,"hostname":"TempleOfZyminx","from":{"q":0,"r":10},"to":{"q":1,"r":4},"msg":"findPath: no valid path found"}
{"level":30,"time":1774382617024,"pid":1603455,"hostname":"TempleOfZyminx","from":{"q":0,"r":10},"to":{"q":1,"r":5},"msg":"findPath: no valid path found"}
{"level":30,"time":1774382617024,"pid":1603455,"hostname":"TempleOfZyminx","from":{"q":0,"r":10},"to":{"q":1,"r":6},"msg":"findPath: no valid path found"}
{"level":30,"time":1774382617026,"pid":1603455,"hostname":"TempleOfZyminx","from":{"q":0,"r":10},"to":{"q":1,"r":13},"msg":"findPath: no valid path found"}
{"level":30,"time":1774382617026,"pid":1603455,"hostname":"TempleOfZyminx","from":{"q":0,"r":10},"to":{"q":1,"r":14},"msg":"findPath: no valid path found"}
{"level":30,"time":1774382617026,"pid":1603455,"hostname":"TempleOfZyminx","from":{"q":0,"r":10},"to":{"q":1,"r":15},"msg":"findPath: no valid path found"}
{"level":30,"time":1774382617026,"pid":1603455,"hostname":"TempleOfZyminx","from":{"q":0,"r":10},"to":{"q":1,"r":16},"msg":"findPath: no valid path found"}
{"level":30,"time":1774382617026,"pid":1603455,"hostname":"TempleOfZyminx","from":{"q":0,"r":10},"to":{"q":1,"r":17},"msg":"findPath: no valid path found"}
{"level":30,"time":1774382617026,"pid":1603455,"hostname":"TempleOfZyminx","from":{"q":0,"r":10},"to":{"q":1,"r":18},"msg":"findPath: no valid path found"}
{"level":30,"time":1774382617026,"pid":1603455,"hostname":"TempleOfZyminx","from":{"q":0,"r":10},"to":{"q":1,"r":19},"msg":"findPath: no valid path found"}
{"level":30,"time":1774382617027,"pid":1603455,"hostname":"TempleOfZyminx","from":{"q":0,"r":10},"to":{"q":1,"r":20},"msg":"findPath: no valid path found"}
{"level":30,"time":1774382617027,"pid":1603455,"hostname":"TempleOfZyminx","from":{"q":0,"r":10},"to":{"q":1,"r":21},"msg":"findPath: no valid path found"}
{"level":30,"time":1774382617027,"pid":1603455,"hostname":"TempleOfZyminx","from":{"q":0,"r":10},"to":{"q":2,"r":0},"msg":"findPath: no valid path found"}
{"level":30,"time":1774382617027,"pid":1603455,"hostname":"TempleOfZyminx","from":{"q":0,"r":10},"to":{"q":2,"r":1},"msg":"findPath: no valid path found"}
{"level":30,"time":1774382617027,"pid":1603455,"hostname":"TempleOfZyminx","from":{"q":0,"r":10},"to":{"q":2,"r":2},"msg":"findPath: no valid path found"}
{"level":30,"time":1774382617027,"pid":1603455,"hostname":"TempleOfZyminx","from":{"q":0,"r":10},"to":{"q":2,"r":3},"msg":"findPath: no valid path found"}
{"level":30,"time":1774382617027,"pid":1603455,"hostname":"TempleOfZyminx","from":{"q":0,"r":10},"to":{"q":2,"r":4},"msg":"findPath: no valid path found"}
{"level":30,"time":1774382617027,"pid":1603455,"hostname":"TempleOfZyminx","from":{"q":0,"r":10},"to":{"q":2,"r":5},"msg":"findPath: no valid path found"}
{"level":30,"time":1774382617027,"pid":1603455,"hostname":"TempleOfZyminx","from":{"q":0,"r":10},"to":{"q":2,"r":6},"msg":"findPath: no valid path found"}
{"level":30,"time":1774382617027,"pid":1603455,"hostname":"TempleOfZyminx","from":{"q":0,"r":10},"to":{"q":2,"r":12},"msg":"findPath: no valid path found"}
{"level":30,"time":1774382617028,"pid":1603455,"hostname":"TempleOfZyminx","from":{"q":0,"r":10},"to":{"q":2,"r":13},"msg":"findPath: no valid path found"}
{"level":30,"time":1774382617028,"pid":1603455,"hostname":"TempleOfZyminx","from":{"q":0,"r":10},"to":{"q":2,"r":14},"msg":"findPath: no valid path found"}
{"level":30,"time":1774382617028,"pid":1603455,"hostname":"TempleOfZyminx","from":{"q":0,"r":10},"to":{"q":2,"r":15},"msg":"findPath: no valid path found"}
{"level":30,"time":1774382617028,"pid":1603455,"hostname":"TempleOfZyminx","from":{"q":0,"r":10},"to":{"q":2,"r":16},"msg":"findPath: no valid path found"}
{"level":30,"time":1774382617028,"pid":1603455,"hostname":"TempleOfZyminx","from":{"q":0,"r":10},"to":{"q":2,"r":17},"msg":"findPath: no valid path found"}
{"level":30,"time":1774382617028,"pid":1603455,"hostname":"TempleOfZyminx","from":{"q":0,"r":10},"to":{"q":2,"r":18},"msg":"findPath: no valid path found"}
{"level":30,"time":1774382617028,"pid":1603455,"hostname":"TempleOfZyminx","from":{"q":0,"r":10},"to":{"q":2,"r":19},"msg":"findPath: no valid path found"}
{"level":30,"time":1774382617029,"pid":1603455,"hostname":"TempleOfZyminx","from":{"q":0,"r":10},"to":{"q":2,"r":20},"msg":"findPath: no valid path found"}
{"level":30,"time":1774382617030,"pid":1603455,"hostname":"TempleOfZyminx","from":{"q":0,"r":10},"to":{"q":2,"r":21},"msg":"findPath: no valid path found"}
{"level":30,"time":1774382617031,"pid":1603455,"hostname":"TempleOfZyminx","from":{"q":0,"r":10},"to":{"q":3,"r":0},"msg":"findPath: no valid path found"}
{"level":30,"time":1774382617031,"pid":1603455,"hostname":"TempleOfZyminx","from":{"q":0,"r":10},"to":{"q":3,"r":1},"msg":"findPath: no valid path found"}
{"level":30,"time":1774382617031,"pid":1603455,"hostname":"TempleOfZyminx","from":{"q":0,"r":10},"to":{"q":3,"r":2},"msg":"findPath: no valid path found"}
{"level":30,"time":1774382617031,"pid":1603455,"hostname":"TempleOfZyminx","from":{"q":0,"r":10},"to":{"q":3,"r":3},"msg":"findPath: no valid path found"}
{"level":30,"time":1774382617036,"pid":1603456,"hostname":"TempleOfZyminx","scenarioId":"swamp-siege-01","role":"onion","msg":"Creating new game match"}
{"level":30,"time":1774382617037,"pid":1603456,"hostname":"TempleOfZyminx","gameId":"ddcfcae8-f958-4469-9836-5b6b8d602bf1","role":"onion","msg":"Game match created"}
{"level":30,"time":1774382617039,"pid":1603456,"hostname":"TempleOfZyminx","id":"ddcfcae8-f958-4469-9836-5b6b8d602bf1","msg":"User joining game"}
{"level":30,"time":1774382617039,"pid":1603456,"hostname":"TempleOfZyminx","gameId":"ddcfcae8-f958-4469-9836-5b6b8d602bf1","role":"defender","msg":"User joined game"}
{"level":30,"time":1774382617040,"pid":1603456,"hostname":"TempleOfZyminx","id":"ddcfcae8-f958-4469-9836-5b6b8d602bf1","command":"END_PHASE","msg":"Submitting game action"}
{"level":30,"time":1774382617041,"pid":1603456,"hostname":"TempleOfZyminx","gameId":"ddcfcae8-f958-4469-9836-5b6b8d602bf1","phase":"ONION_MOVE","msg":"Advancing phase"}
{"level":30,"time":1774382617041,"pid":1603456,"hostname":"TempleOfZyminx","phase":"ONION_MOVE","turnNumber":1,"msg":"Advancing phase in engine"}
{"level":30,"time":1774382617042,"pid":1603456,"hostname":"TempleOfZyminx","id":"ddcfcae8-f958-4469-9836-5b6b8d602bf1","msg":"Fetching game state"}
{"level":30,"time":1774382617043,"pid":1603455,"hostname":"TempleOfZyminx","from":{"q":0,"r":10},"to":{"q":3,"r":4},"msg":"findPath: no valid path found"}
{"level":30,"time":1774382617043,"pid":1603455,"hostname":"TempleOfZyminx","from":{"q":0,"r":10},"to":{"q":3,"r":5},"msg":"findPath: no valid path found"}
{"level":30,"time":1774382617043,"pid":1603455,"hostname":"TempleOfZyminx","from":{"q":0,"r":10},"to":{"q":3,"r":6},"msg":"findPath: no valid path found"}
{"level":30,"time":1774382617043,"pid":1603455,"hostname":"TempleOfZyminx","from":{"q":0,"r":10},"to":{"q":3,"r":8},"msg":"findPath: no valid path found"}
{"level":30,"time":1774382617043,"pid":1603455,"hostname":"TempleOfZyminx","from":{"q":0,"r":10},"to":{"q":3,"r":11},"msg":"findPath: no valid path found"}
{"level":30,"time":1774382617043,"pid":1603455,"hostname":"TempleOfZyminx","from":{"q":0,"r":10},"to":{"q":3,"r":12},"msg":"findPath: no valid path found"}
{"level":30,"time":1774382617044,"pid":1603455,"hostname":"TempleOfZyminx","from":{"q":0,"r":10},"to":{"q":3,"r":13},"msg":"findPath: no valid path found"}
{"level":30,"time":1774382617044,"pid":1603455,"hostname":"TempleOfZyminx","from":{"q":0,"r":10},"to":{"q":3,"r":14},"msg":"findPath: no valid path found"}
{"level":30,"time":1774382617044,"pid":1603455,"hostname":"TempleOfZyminx","from":{"q":0,"r":10},"to":{"q":3,"r":15},"msg":"findPath: no valid path found"}
{"level":30,"time":1774382617044,"pid":1603455,"hostname":"TempleOfZyminx","from":{"q":0,"r":10},"to":{"q":3,"r":16},"msg":"findPath: no valid path found"}
{"level":30,"time":1774382617047,"pid":1603455,"hostname":"TempleOfZyminx","from":{"q":0,"r":10},"to":{"q":3,"r":17},"msg":"findPath: no valid path found"}
{"level":30,"time":1774382617048,"pid":1603455,"hostname":"TempleOfZyminx","from":{"q":0,"r":10},"to":{"q":3,"r":18},"msg":"findPath: no valid path found"}
{"level":30,"time":1774382617048,"pid":1603455,"hostname":"TempleOfZyminx","from":{"q":0,"r":10},"to":{"q":3,"r":19},"msg":"findPath: no valid path found"}
{"level":30,"time":1774382617049,"pid":1603455,"hostname":"TempleOfZyminx","from":{"q":0,"r":10},"to":{"q":3,"r":20},"msg":"findPath: no valid path found"}
{"level":30,"time":1774382617049,"pid":1603455,"hostname":"TempleOfZyminx","from":{"q":0,"r":10},"to":{"q":3,"r":21},"msg":"findPath: no valid path found"}
{"level":30,"time":1774382617049,"pid":1603455,"hostname":"TempleOfZyminx","from":{"q":0,"r":10},"to":{"q":4,"r":0},"msg":"findPath: no valid path found"}
{"level":30,"time":1774382617049,"pid":1603455,"hostname":"TempleOfZyminx","from":{"q":0,"r":10},"to":{"q":4,"r":1},"msg":"findPath: no valid path found"}
{"level":30,"time":1774382617049,"pid":1603455,"hostname":"TempleOfZyminx","from":{"q":0,"r":10},"to":{"q":4,"r":2},"msg":"findPath: no valid path found"}
{"level":30,"time":1774382617049,"pid":1603455,"hostname":"TempleOfZyminx","from":{"q":0,"r":10},"to":{"q":4,"r":3},"msg":"findPath: no valid path found"}
{"level":30,"time":1774382617049,"pid":1603455,"hostname":"TempleOfZyminx","from":{"q":0,"r":10},"to":{"q":4,"r":4},"msg":"findPath: no valid path found"}
{"level":30,"time":1774382617049,"pid":1603455,"hostname":"TempleOfZyminx","from":{"q":0,"r":10},"to":{"q":4,"r":5},"msg":"findPath: no valid path found"}
{"level":30,"time":1774382617049,"pid":1603455,"hostname":"TempleOfZyminx","from":{"q":0,"r":10},"to":{"q":4,"r":6},"msg":"findPath: no valid path found"}
{"level":30,"time":1774382617049,"pid":1603455,"hostname":"TempleOfZyminx","from":{"q":0,"r":10},"to":{"q":4,"r":8},"msg":"findPath: no valid path found"}
{"level":30,"time":1774382617049,"pid":1603455,"hostname":"TempleOfZyminx","from":{"q":0,"r":10},"to":{"q":4,"r":9},"msg":"findPath: no valid path found"}
{"level":30,"time":1774382617049,"pid":1603455,"hostname":"TempleOfZyminx","from":{"q":0,"r":10},"to":{"q":4,"r":10},"msg":"findPath: no valid path found"}
{"level":30,"time":1774382617049,"pid":1603455,"hostname":"TempleOfZyminx","from":{"q":0,"r":10},"to":{"q":4,"r":11},"msg":"findPath: no valid path found"}
{"level":30,"time":1774382617049,"pid":1603455,"hostname":"TempleOfZyminx","from":{"q":0,"r":10},"to":{"q":4,"r":12},"msg":"findPath: no valid path found"}
{"level":30,"time":1774382617049,"pid":1603455,"hostname":"TempleOfZyminx","from":{"q":0,"r":10},"to":{"q":4,"r":13},"msg":"findPath: no valid path found"}
{"level":30,"time":1774382617049,"pid":1603455,"hostname":"TempleOfZyminx","from":{"q":0,"r":10},"to":{"q":4,"r":14},"msg":"findPath: no valid path found"}
{"level":30,"time":1774382617049,"pid":1603455,"hostname":"TempleOfZyminx","from":{"q":0,"r":10},"to":{"q":4,"r":15},"msg":"findPath: no valid path found"}
{"level":30,"time":1774382617050,"pid":1603455,"hostname":"TempleOfZyminx","from":{"q":0,"r":10},"to":{"q":4,"r":16},"msg":"findPath: no valid path found"}
{"level":30,"time":1774382617050,"pid":1603455,"hostname":"TempleOfZyminx","from":{"q":0,"r":10},"to":{"q":4,"r":17},"msg":"findPath: no valid path found"}
{"level":30,"time":1774382617050,"pid":1603455,"hostname":"TempleOfZyminx","from":{"q":0,"r":10},"to":{"q":4,"r":18},"msg":"findPath: no valid path found"}
{"level":30,"time":1774382617050,"pid":1603455,"hostname":"TempleOfZyminx","from":{"q":0,"r":10},"to":{"q":4,"r":19},"msg":"findPath: no valid path found"}
{"level":30,"time":1774382617050,"pid":1603455,"hostname":"TempleOfZyminx","from":{"q":0,"r":10},"to":{"q":4,"r":20},"msg":"findPath: no valid path found"}
{"level":30,"time":1774382617050,"pid":1603455,"hostname":"TempleOfZyminx","from":{"q":0,"r":10},"to":{"q":4,"r":21},"msg":"findPath: no valid path found"}
{"level":30,"time":1774382617050,"pid":1603455,"hostname":"TempleOfZyminx","from":{"q":0,"r":10},"to":{"q":5,"r":0},"msg":"findPath: no valid path found"}
{"level":30,"time":1774382617050,"pid":1603455,"hostname":"TempleOfZyminx","from":{"q":0,"r":10},"to":{"q":5,"r":1},"msg":"findPath: no valid path found"}
{"level":30,"time":1774382617050,"pid":1603455,"hostname":"TempleOfZyminx","from":{"q":0,"r":10},"to":{"q":5,"r":2},"msg":"findPath: no valid path found"}
{"level":30,"time":1774382617050,"pid":1603455,"hostname":"TempleOfZyminx","from":{"q":0,"r":10},"to":{"q":5,"r":3},"msg":"findPath: no valid path found"}
{"level":30,"time":1774382617050,"pid":1603455,"hostname":"TempleOfZyminx","from":{"q":0,"r":10},"to":{"q":5,"r":4},"msg":"findPath: no valid path found"}
{"level":30,"time":1774382617050,"pid":1603455,"hostname":"TempleOfZyminx","from":{"q":0,"r":10},"to":{"q":5,"r":5},"msg":"findPath: no valid path found"}
{"level":30,"time":1774382617050,"pid":1603455,"hostname":"TempleOfZyminx","from":{"q":0,"r":10},"to":{"q":5,"r":8},"msg":"findPath: no valid path found"}
{"level":30,"time":1774382617050,"pid":1603455,"hostname":"TempleOfZyminx","from":{"q":0,"r":10},"to":{"q":5,"r":9},"msg":"findPath: no valid path found"}
{"level":30,"time":1774382617051,"pid":1603455,"hostname":"TempleOfZyminx","from":{"q":0,"r":10},"to":{"q":5,"r":10},"msg":"findPath: no valid path found"}
{"level":30,"time":1774382617051,"pid":1603455,"hostname":"TempleOfZyminx","from":{"q":0,"r":10},"to":{"q":5,"r":11},"msg":"findPath: no valid path found"}
{"level":30,"time":1774382617051,"pid":1603455,"hostname":"TempleOfZyminx","from":{"q":0,"r":10},"to":{"q":5,"r":12},"msg":"findPath: no valid path found"}
{"level":30,"time":1774382617051,"pid":1603455,"hostname":"TempleOfZyminx","from":{"q":0,"r":10},"to":{"q":5,"r":13},"msg":"findPath: no valid path found"}
{"level":30,"time":1774382617051,"pid":1603455,"hostname":"TempleOfZyminx","from":{"q":0,"r":10},"to":{"q":5,"r":14},"msg":"findPath: no valid path found"}
{"level":30,"time":1774382617051,"pid":1603455,"hostname":"TempleOfZyminx","from":{"q":0,"r":10},"to":{"q":5,"r":15},"msg":"findPath: no valid path found"}
{"level":30,"time":1774382617051,"pid":1603455,"hostname":"TempleOfZyminx","from":{"q":0,"r":10},"to":{"q":5,"r":16},"msg":"findPath: no valid path found"}
{"level":30,"time":1774382617051,"pid":1603455,"hostname":"TempleOfZyminx","from":{"q":0,"r":10},"to":{"q":5,"r":17},"msg":"findPath: no valid path found"}
{"level":30,"time":1774382617051,"pid":1603455,"hostname":"TempleOfZyminx","from":{"q":0,"r":10},"to":{"q":5,"r":18},"msg":"findPath: no valid path found"}
{"level":30,"time":1774382617051,"pid":1603455,"hostname":"TempleOfZyminx","from":{"q":0,"r":10},"to":{"q":5,"r":19},"msg":"findPath: no valid path found"}
{"level":30,"time":1774382617051,"pid":1603455,"hostname":"TempleOfZyminx","from":{"q":0,"r":10},"to":{"q":5,"r":20},"msg":"findPath: no valid path found"}
{"level":30,"time":1774382617051,"pid":1603455,"hostname":"TempleOfZyminx","from":{"q":0,"r":10},"to":{"q":5,"r":21},"msg":"findPath: no valid path found"}
{"level":30,"time":1774382617051,"pid":1603455,"hostname":"TempleOfZyminx","from":{"q":0,"r":10},"to":{"q":6,"r":0},"msg":"findPath: no valid path found"}
{"level":30,"time":1774382617051,"pid":1603455,"hostname":"TempleOfZyminx","from":{"q":0,"r":10},"to":{"q":6,"r":1},"msg":"findPath: no valid path found"}
{"level":30,"time":1774382617052,"pid":1603455,"hostname":"TempleOfZyminx","from":{"q":0,"r":10},"to":{"q":6,"r":2},"msg":"findPath: no valid path found"}
{"level":30,"time":1774382617052,"pid":1603455,"hostname":"TempleOfZyminx","from":{"q":0,"r":10},"to":{"q":6,"r":3},"msg":"findPath: no valid path found"}
{"level":30,"time":1774382617052,"pid":1603455,"hostname":"TempleOfZyminx","from":{"q":0,"r":10},"to":{"q":6,"r":5},"msg":"findPath: no valid path found"}
{"level":30,"time":1774382617052,"pid":1603455,"hostname":"TempleOfZyminx","from":{"q":0,"r":10},"to":{"q":6,"r":7},"msg":"findPath: no valid path found"}
{"level":30,"time":1774382617052,"pid":1603455,"hostname":"TempleOfZyminx","from":{"q":0,"r":10},"to":{"q":6,"r":8},"msg":"findPath: no valid path found"}
{"level":30,"time":1774382617052,"pid":1603455,"hostname":"TempleOfZyminx","from":{"q":0,"r":10},"to":{"q":6,"r":9},"msg":"findPath: no valid path found"}
{"level":30,"time":1774382617052,"pid":1603455,"hostname":"TempleOfZyminx","from":{"q":0,"r":10},"to":{"q":6,"r":10},"msg":"findPath: no valid path found"}
{"level":30,"time":1774382617052,"pid":1603455,"hostname":"TempleOfZyminx","from":{"q":0,"r":10},"to":{"q":6,"r":11},"msg":"findPath: no valid path found"}
{"level":30,"time":1774382617052,"pid":1603455,"hostname":"TempleOfZyminx","from":{"q":0,"r":10},"to":{"q":6,"r":12},"msg":"findPath: no valid path found"}
{"level":30,"time":1774382617052,"pid":1603455,"hostname":"TempleOfZyminx","from":{"q":0,"r":10},"to":{"q":6,"r":13},"msg":"findPath: no valid path found"}
{"level":30,"time":1774382617052,"pid":1603455,"hostname":"TempleOfZyminx","from":{"q":0,"r":10},"to":{"q":6,"r":14},"msg":"findPath: no valid path found"}
{"level":30,"time":1774382617052,"pid":1603455,"hostname":"TempleOfZyminx","from":{"q":0,"r":10},"to":{"q":6,"r":15},"msg":"findPath: no valid path found"}
{"level":30,"time":1774382617052,"pid":1603455,"hostname":"TempleOfZyminx","from":{"q":0,"r":10},"to":{"q":6,"r":16},"msg":"findPath: no valid path found"}
{"level":30,"time":1774382617052,"pid":1603455,"hostname":"TempleOfZyminx","from":{"q":0,"r":10},"to":{"q":6,"r":17},"msg":"findPath: no valid path found"}
{"level":30,"time":1774382617052,"pid":1603455,"hostname":"TempleOfZyminx","from":{"q":0,"r":10},"to":{"q":6,"r":18},"msg":"findPath: no valid path found"}
{"level":30,"time":1774382617052,"pid":1603455,"hostname":"TempleOfZyminx","from":{"q":0,"r":10},"to":{"q":6,"r":19},"msg":"findPath: no valid path found"}
{"level":30,"time":1774382617052,"pid":1603455,"hostname":"TempleOfZyminx","from":{"q":0,"r":10},"to":{"q":6,"r":20},"msg":"findPath: no valid path found"}
{"level":30,"time":1774382617052,"pid":1603455,"hostname":"TempleOfZyminx","from":{"q":0,"r":10},"to":{"q":6,"r":21},"msg":"findPath: no valid path found"}
{"level":30,"time":1774382617052,"pid":1603455,"hostname":"TempleOfZyminx","from":{"q":0,"r":10},"to":{"q":7,"r":0},"msg":"findPath: no valid path found"}
{"level":30,"time":1774382617052,"pid":1603455,"hostname":"TempleOfZyminx","from":{"q":0,"r":10},"to":{"q":7,"r":1},"msg":"findPath: no valid path found"}
{"level":30,"time":1774382617052,"pid":1603455,"hostname":"TempleOfZyminx","from":{"q":0,"r":10},"to":{"q":7,"r":2},"msg":"findPath: no valid path found"}
{"level":30,"time":1774382617052,"pid":1603455,"hostname":"TempleOfZyminx","from":{"q":0,"r":10},"to":{"q":7,"r":4},"msg":"findPath: no valid path found"}
{"level":30,"time":1774382617052,"pid":1603455,"hostname":"TempleOfZyminx","from":{"q":0,"r":10},"to":{"q":7,"r":5},"msg":"findPath: no valid path found"}
{"level":30,"time":1774382617052,"pid":1603455,"hostname":"TempleOfZyminx","from":{"q":0,"r":10},"to":{"q":7,"r":6},"msg":"findPath: no valid path found"}
{"level":30,"time":1774382617053,"pid":1603455,"hostname":"TempleOfZyminx","from":{"q":0,"r":10},"to":{"q":7,"r":7},"msg":"findPath: no valid path found"}
{"level":30,"time":1774382617053,"pid":1603455,"hostname":"TempleOfZyminx","from":{"q":0,"r":10},"to":{"q":7,"r":8},"msg":"findPath: no valid path found"}
{"level":30,"time":1774382617053,"pid":1603455,"hostname":"TempleOfZyminx","from":{"q":0,"r":10},"to":{"q":7,"r":9},"msg":"findPath: no valid path found"}
{"level":30,"time":1774382617053,"pid":1603455,"hostname":"TempleOfZyminx","from":{"q":0,"r":10},"to":{"q":7,"r":10},"msg":"findPath: no valid path found"}
{"level":30,"time":1774382617053,"pid":1603455,"hostname":"TempleOfZyminx","from":{"q":0,"r":10},"to":{"q":7,"r":11},"msg":"findPath: no valid path found"}
{"level":30,"time":1774382617053,"pid":1603455,"hostname":"TempleOfZyminx","from":{"q":0,"r":10},"to":{"q":7,"r":12},"msg":"findPath: no valid path found"}
{"level":30,"time":1774382617053,"pid":1603455,"hostname":"TempleOfZyminx","from":{"q":0,"r":10},"to":{"q":7,"r":13},"msg":"findPath: no valid path found"}
{"level":30,"time":1774382617053,"pid":1603455,"hostname":"TempleOfZyminx","from":{"q":0,"r":10},"to":{"q":7,"r":14},"msg":"findPath: no valid path found"}
{"level":30,"time":1774382617053,"pid":1603455,"hostname":"TempleOfZyminx","from":{"q":0,"r":10},"to":{"q":7,"r":15},"msg":"findPath: no valid path found"}
{"level":30,"time":1774382617053,"pid":1603455,"hostname":"TempleOfZyminx","from":{"q":0,"r":10},"to":{"q":7,"r":16},"msg":"findPath: no valid path found"}
{"level":30,"time":1774382617053,"pid":1603455,"hostname":"TempleOfZyminx","from":{"q":0,"r":10},"to":{"q":7,"r":17},"msg":"findPath: no valid path found"}
{"level":30,"time":1774382617053,"pid":1603455,"hostname":"TempleOfZyminx","from":{"q":0,"r":10},"to":{"q":7,"r":18},"msg":"findPath: no valid path found"}
{"level":30,"time":1774382617053,"pid":1603455,"hostname":"TempleOfZyminx","from":{"q":0,"r":10},"to":{"q":7,"r":19},"msg":"findPath: no valid path found"}
{"level":30,"time":1774382617054,"pid":1603455,"hostname":"TempleOfZyminx","from":{"q":0,"r":10},"to":{"q":7,"r":20},"msg":"findPath: no valid path found"}
{"level":30,"time":1774382617054,"pid":1603455,"hostname":"TempleOfZyminx","from":{"q":0,"r":10},"to":{"q":7,"r":21},"msg":"findPath: no valid path found"}
{"level":30,"time":1774382617054,"pid":1603455,"hostname":"TempleOfZyminx","from":{"q":0,"r":10},"to":{"q":8,"r":0},"msg":"findPath: no valid path found"}
{"level":30,"time":1774382617054,"pid":1603455,"hostname":"TempleOfZyminx","from":{"q":0,"r":10},"to":{"q":8,"r":1},"msg":"findPath: no valid path found"}
{"level":30,"time":1774382617054,"pid":1603455,"hostname":"TempleOfZyminx","from":{"q":0,"r":10},"to":{"q":8,"r":2},"msg":"findPath: no valid path found"}
{"level":30,"time":1774382617054,"pid":1603455,"hostname":"TempleOfZyminx","from":{"q":0,"r":10},"to":{"q":8,"r":3},"msg":"findPath: no valid path found"}
{"level":30,"time":1774382617054,"pid":1603455,"hostname":"TempleOfZyminx","from":{"q":0,"r":10},"to":{"q":8,"r":4},"msg":"findPath: no valid path found"}
{"level":30,"time":1774382617054,"pid":1603455,"hostname":"TempleOfZyminx","from":{"q":0,"r":10},"to":{"q":8,"r":5},"msg":"findPath: no valid path found"}
{"level":30,"time":1774382617054,"pid":1603455,"hostname":"TempleOfZyminx","from":{"q":0,"r":10},"to":{"q":8,"r":6},"msg":"findPath: no valid path found"}
{"level":30,"time":1774382617054,"pid":1603455,"hostname":"TempleOfZyminx","from":{"q":0,"r":10},"to":{"q":8,"r":7},"msg":"findPath: no valid path found"}
{"level":30,"time":1774382617054,"pid":1603455,"hostname":"TempleOfZyminx","from":{"q":0,"r":10},"to":{"q":8,"r":8},"msg":"findPath: no valid path found"}
{"level":30,"time":1774382617055,"pid":1603455,"hostname":"TempleOfZyminx","from":{"q":0,"r":10},"to":{"q":8,"r":9},"msg":"findPath: no valid path found"}
{"level":30,"time":1774382617055,"pid":1603455,"hostname":"TempleOfZyminx","from":{"q":0,"r":10},"to":{"q":8,"r":10},"msg":"findPath: no valid path found"}
{"level":30,"time":1774382617055,"pid":1603455,"hostname":"TempleOfZyminx","from":{"q":0,"r":10},"to":{"q":8,"r":11},"msg":"findPath: no valid path found"}
{"level":30,"time":1774382617056,"pid":1603455,"hostname":"TempleOfZyminx","from":{"q":0,"r":10},"to":{"q":8,"r":12},"msg":"findPath: no valid path found"}
{"level":30,"time":1774382617056,"pid":1603455,"hostname":"TempleOfZyminx","from":{"q":0,"r":10},"to":{"q":8,"r":13},"msg":"findPath: no valid path found"}
{"level":30,"time":1774382617056,"pid":1603455,"hostname":"TempleOfZyminx","from":{"q":0,"r":10},"to":{"q":8,"r":14},"msg":"findPath: no valid path found"}
{"level":30,"time":1774382617056,"pid":1603455,"hostname":"TempleOfZyminx","from":{"q":0,"r":10},"to":{"q":8,"r":15},"msg":"findPath: no valid path found"}
{"level":30,"time":1774382617056,"pid":1603455,"hostname":"TempleOfZyminx","from":{"q":0,"r":10},"to":{"q":8,"r":16},"msg":"findPath: no valid path found"}
{"level":30,"time":1774382617056,"pid":1603455,"hostname":"TempleOfZyminx","from":{"q":0,"r":10},"to":{"q":8,"r":17},"msg":"findPath: no valid path found"}
{"level":30,"time":1774382617056,"pid":1603455,"hostname":"TempleOfZyminx","from":{"q":0,"r":10},"to":{"q":8,"r":18},"msg":"findPath: no valid path found"}
{"level":30,"time":1774382617056,"pid":1603455,"hostname":"TempleOfZyminx","from":{"q":0,"r":10},"to":{"q":8,"r":19},"msg":"findPath: no valid path found"}
{"level":30,"time":1774382617056,"pid":1603455,"hostname":"TempleOfZyminx","from":{"q":0,"r":10},"to":{"q":8,"r":20},"msg":"findPath: no valid path found"}
{"level":30,"time":1774382617056,"pid":1603455,"hostname":"TempleOfZyminx","from":{"q":0,"r":10},"to":{"q":8,"r":21},"msg":"findPath: no valid path found"}
{"level":30,"time":1774382617056,"pid":1603455,"hostname":"TempleOfZyminx","from":{"q":0,"r":10},"to":{"q":9,"r":0},"msg":"findPath: no valid path found"}
{"level":30,"time":1774382617057,"pid":1603455,"hostname":"TempleOfZyminx","from":{"q":0,"r":10},"to":{"q":9,"r":1},"msg":"findPath: no valid path found"}
{"level":30,"time":1774382617057,"pid":1603455,"hostname":"TempleOfZyminx","from":{"q":0,"r":10},"to":{"q":9,"r":2},"msg":"findPath: no valid path found"}
{"level":30,"time":1774382617057,"pid":1603455,"hostname":"TempleOfZyminx","from":{"q":0,"r":10},"to":{"q":9,"r":3},"msg":"findPath: no valid path found"}
{"level":30,"time":1774382617057,"pid":1603455,"hostname":"TempleOfZyminx","from":{"q":0,"r":10},"to":{"q":9,"r":4},"msg":"findPath: no valid path found"}
{"level":30,"time":1774382617057,"pid":1603455,"hostname":"TempleOfZyminx","from":{"q":0,"r":10},"to":{"q":9,"r":5},"msg":"findPath: no valid path found"}
{"level":30,"time":1774382617057,"pid":1603455,"hostname":"TempleOfZyminx","from":{"q":0,"r":10},"to":{"q":9,"r":6},"msg":"findPath: no valid path found"}
{"level":30,"time":1774382617057,"pid":1603455,"hostname":"TempleOfZyminx","from":{"q":0,"r":10},"to":{"q":9,"r":7},"msg":"findPath: no valid path found"}
{"level":30,"time":1774382617057,"pid":1603455,"hostname":"TempleOfZyminx","from":{"q":0,"r":10},"to":{"q":9,"r":8},"msg":"findPath: no valid path found"}
{"level":30,"time":1774382617057,"pid":1603455,"hostname":"TempleOfZyminx","from":{"q":0,"r":10},"to":{"q":9,"r":9},"msg":"findPath: no valid path found"}
{"level":30,"time":1774382617057,"pid":1603455,"hostname":"TempleOfZyminx","from":{"q":0,"r":10},"to":{"q":9,"r":10},"msg":"findPath: no valid path found"}
{"level":30,"time":1774382617057,"pid":1603455,"hostname":"TempleOfZyminx","from":{"q":0,"r":10},"to":{"q":9,"r":11},"msg":"findPath: no valid path found"}
{"level":30,"time":1774382617058,"pid":1603455,"hostname":"TempleOfZyminx","from":{"q":0,"r":10},"to":{"q":9,"r":12},"msg":"findPath: no valid path found"}
{"level":30,"time":1774382617058,"pid":1603455,"hostname":"TempleOfZyminx","from":{"q":0,"r":10},"to":{"q":9,"r":13},"msg":"findPath: no valid path found"}
{"level":30,"time":1774382617058,"pid":1603455,"hostname":"TempleOfZyminx","from":{"q":0,"r":10},"to":{"q":9,"r":14},"msg":"findPath: no valid path found"}
{"level":30,"time":1774382617058,"pid":1603455,"hostname":"TempleOfZyminx","from":{"q":0,"r":10},"to":{"q":9,"r":15},"msg":"findPath: no valid path found"}
{"level":30,"time":1774382617058,"pid":1603455,"hostname":"TempleOfZyminx","from":{"q":0,"r":10},"to":{"q":9,"r":16},"msg":"findPath: no valid path found"}
{"level":30,"time":1774382617058,"pid":1603455,"hostname":"TempleOfZyminx","from":{"q":0,"r":10},"to":{"q":9,"r":17},"msg":"findPath: no valid path found"}
{"level":30,"time":1774382617058,"pid":1603455,"hostname":"TempleOfZyminx","from":{"q":0,"r":10},"to":{"q":9,"r":18},"msg":"findPath: no valid path found"}
{"level":30,"time":1774382617058,"pid":1603455,"hostname":"TempleOfZyminx","from":{"q":0,"r":10},"to":{"q":9,"r":19},"msg":"findPath: no valid path found"}
{"level":30,"time":1774382617058,"pid":1603455,"hostname":"TempleOfZyminx","from":{"q":0,"r":10},"to":{"q":9,"r":20},"msg":"findPath: no valid path found"}
{"level":30,"time":1774382617058,"pid":1603455,"hostname":"TempleOfZyminx","from":{"q":0,"r":10},"to":{"q":9,"r":21},"msg":"findPath: no valid path found"}
{"level":30,"time":1774382617058,"pid":1603455,"hostname":"TempleOfZyminx","from":{"q":0,"r":10},"to":{"q":10,"r":0},"msg":"findPath: no valid path found"}
{"level":30,"time":1774382617059,"pid":1603455,"hostname":"TempleOfZyminx","from":{"q":0,"r":10},"to":{"q":10,"r":1},"msg":"findPath: no valid path found"}
{"level":30,"time":1774382617059,"pid":1603455,"hostname":"TempleOfZyminx","from":{"q":0,"r":10},"to":{"q":10,"r":2},"msg":"findPath: no valid path found"}
{"level":30,"time":1774382617059,"pid":1603455,"hostname":"TempleOfZyminx","from":{"q":0,"r":10},"to":{"q":10,"r":3},"msg":"findPath: no valid path found"}
{"level":30,"time":1774382617059,"pid":1603455,"hostname":"TempleOfZyminx","from":{"q":0,"r":10},"to":{"q":10,"r":4},"msg":"findPath: no valid path found"}
{"level":30,"time":1774382617059,"pid":1603455,"hostname":"TempleOfZyminx","from":{"q":0,"r":10},"to":{"q":10,"r":5},"msg":"findPath: no valid path found"}
{"level":30,"time":1774382617059,"pid":1603455,"hostname":"TempleOfZyminx","from":{"q":0,"r":10},"to":{"q":10,"r":6},"msg":"findPath: no valid path found"}
{"level":30,"time":1774382617059,"pid":1603455,"hostname":"TempleOfZyminx","from":{"q":0,"r":10},"to":{"q":10,"r":7},"msg":"findPath: no valid path found"}
{"level":30,"time":1774382617059,"pid":1603455,"hostname":"TempleOfZyminx","from":{"q":0,"r":10},"to":{"q":10,"r":8},"msg":"findPath: no valid path found"}
{"level":30,"time":1774382617059,"pid":1603455,"hostname":"TempleOfZyminx","from":{"q":0,"r":10},"to":{"q":10,"r":9},"msg":"findPath: no valid path found"}
{"level":30,"time":1774382617059,"pid":1603455,"hostname":"TempleOfZyminx","from":{"q":0,"r":10},"to":{"q":10,"r":10},"msg":"findPath: no valid path found"}
{"level":30,"time":1774382617059,"pid":1603455,"hostname":"TempleOfZyminx","from":{"q":0,"r":10},"to":{"q":10,"r":11},"msg":"findPath: no valid path found"}
{"level":30,"time":1774382617059,"pid":1603455,"hostname":"TempleOfZyminx","from":{"q":0,"r":10},"to":{"q":10,"r":12},"msg":"findPath: no valid path found"}
{"level":30,"time":1774382617059,"pid":1603455,"hostname":"TempleOfZyminx","from":{"q":0,"r":10},"to":{"q":10,"r":13},"msg":"findPath: no valid path found"}
{"level":30,"time":1774382617059,"pid":1603455,"hostname":"TempleOfZyminx","from":{"q":0,"r":10},"to":{"q":10,"r":14},"msg":"findPath: no valid path found"}
{"level":30,"time":1774382617059,"pid":1603455,"hostname":"TempleOfZyminx","from":{"q":0,"r":10},"to":{"q":10,"r":15},"msg":"findPath: no valid path found"}
{"level":30,"time":1774382617059,"pid":1603455,"hostname":"TempleOfZyminx","from":{"q":0,"r":10},"to":{"q":10,"r":16},"msg":"findPath: no valid path found"}
{"level":30,"time":1774382617059,"pid":1603455,"hostname":"TempleOfZyminx","from":{"q":0,"r":10},"to":{"q":10,"r":17},"msg":"findPath: no valid path found"}
{"level":30,"time":1774382617059,"pid":1603455,"hostname":"TempleOfZyminx","from":{"q":0,"r":10},"to":{"q":10,"r":18},"msg":"findPath: no valid path found"}
{"level":30,"time":1774382617059,"pid":1603455,"hostname":"TempleOfZyminx","from":{"q":0,"r":10},"to":{"q":10,"r":19},"msg":"findPath: no valid path found"}
{"level":30,"time":1774382617059,"pid":1603455,"hostname":"TempleOfZyminx","from":{"q":0,"r":10},"to":{"q":10,"r":20},"msg":"findPath: no valid path found"}
{"level":30,"time":1774382617059,"pid":1603455,"hostname":"TempleOfZyminx","from":{"q":0,"r":10},"to":{"q":10,"r":21},"msg":"findPath: no valid path found"}
{"level":30,"time":1774382617059,"pid":1603455,"hostname":"TempleOfZyminx","from":{"q":0,"r":10},"to":{"q":11,"r":0},"msg":"findPath: no valid path found"}
{"level":30,"time":1774382617059,"pid":1603455,"hostname":"TempleOfZyminx","from":{"q":0,"r":10},"to":{"q":11,"r":1},"msg":"findPath: no valid path found"}
{"level":30,"time":1774382617060,"pid":1603455,"hostname":"TempleOfZyminx","from":{"q":0,"r":10},"to":{"q":11,"r":2},"msg":"findPath: no valid path found"}
{"level":30,"time":1774382617061,"pid":1603455,"hostname":"TempleOfZyminx","from":{"q":0,"r":10},"to":{"q":11,"r":3},"msg":"findPath: no valid path found"}
{"level":30,"time":1774382617061,"pid":1603455,"hostname":"TempleOfZyminx","from":{"q":0,"r":10},"to":{"q":11,"r":4},"msg":"findPath: no valid path found"}
{"level":30,"time":1774382617061,"pid":1603455,"hostname":"TempleOfZyminx","from":{"q":0,"r":10},"to":{"q":11,"r":5},"msg":"findPath: no valid path found"}
{"level":30,"time":1774382617061,"pid":1603455,"hostname":"TempleOfZyminx","from":{"q":0,"r":10},"to":{"q":11,"r":6},"msg":"findPath: no valid path found"}
{"level":30,"time":1774382617062,"pid":1603455,"hostname":"TempleOfZyminx","from":{"q":0,"r":10},"to":{"q":11,"r":7},"msg":"findPath: no valid path found"}
{"level":30,"time":1774382617062,"pid":1603455,"hostname":"TempleOfZyminx","from":{"q":0,"r":10},"to":{"q":11,"r":8},"msg":"findPath: no valid path found"}
{"level":30,"time":1774382617062,"pid":1603455,"hostname":"TempleOfZyminx","from":{"q":0,"r":10},"to":{"q":11,"r":9},"msg":"findPath: no valid path found"}
{"level":30,"time":1774382617062,"pid":1603455,"hostname":"TempleOfZyminx","from":{"q":0,"r":10},"to":{"q":11,"r":10},"msg":"findPath: no valid path found"}
{"level":30,"time":1774382617062,"pid":1603455,"hostname":"TempleOfZyminx","from":{"q":0,"r":10},"to":{"q":11,"r":11},"msg":"findPath: no valid path found"}
{"level":30,"time":1774382617062,"pid":1603455,"hostname":"TempleOfZyminx","from":{"q":0,"r":10},"to":{"q":11,"r":12},"msg":"findPath: no valid path found"}
{"level":30,"time":1774382617062,"pid":1603455,"hostname":"TempleOfZyminx","from":{"q":0,"r":10},"to":{"q":11,"r":13},"msg":"findPath: no valid path found"}
{"level":30,"time":1774382617063,"pid":1603455,"hostname":"TempleOfZyminx","from":{"q":0,"r":10},"to":{"q":11,"r":14},"msg":"findPath: no valid path found"}
{"level":30,"time":1774382617063,"pid":1603455,"hostname":"TempleOfZyminx","from":{"q":0,"r":10},"to":{"q":11,"r":15},"msg":"findPath: no valid path found"}
{"level":30,"time":1774382617063,"pid":1603455,"hostname":"TempleOfZyminx","from":{"q":0,"r":10},"to":{"q":11,"r":16},"msg":"findPath: no valid path found"}
{"level":30,"time":1774382617063,"pid":1603455,"hostname":"TempleOfZyminx","from":{"q":0,"r":10},"to":{"q":11,"r":17},"msg":"findPath: no valid path found"}
{"level":30,"time":1774382617063,"pid":1603455,"hostname":"TempleOfZyminx","from":{"q":0,"r":10},"to":{"q":11,"r":18},"msg":"findPath: no valid path found"}
{"level":30,"time":1774382617063,"pid":1603455,"hostname":"TempleOfZyminx","from":{"q":0,"r":10},"to":{"q":11,"r":19},"msg":"findPath: no valid path found"}
{"level":30,"time":1774382617063,"pid":1603455,"hostname":"TempleOfZyminx","from":{"q":0,"r":10},"to":{"q":11,"r":20},"msg":"findPath: no valid path found"}
{"level":30,"time":1774382617053,"pid":1603463,"hostname":"TempleOfZyminx","scenarioId":"swamp-siege-01","role":"onion","msg":"Creating new game match"}
{"level":30,"time":1774382617054,"pid":1603463,"hostname":"TempleOfZyminx","gameId":"0adee1fa-af15-4de9-913f-f75653dc21c3","role":"onion","msg":"Game match created"}
{"level":30,"time":1774382617054,"pid":1603463,"hostname":"TempleOfZyminx","id":"0adee1fa-af15-4de9-913f-f75653dc21c3","msg":"Fetching game state"}
{"level":30,"time":1774382617063,"pid":1603455,"hostname":"TempleOfZyminx","from":{"q":0,"r":10},"to":{"q":11,"r":21},"msg":"findPath: no valid path found"}
{"level":30,"time":1774382617063,"pid":1603455,"hostname":"TempleOfZyminx","from":{"q":0,"r":10},"to":{"q":12,"r":0},"msg":"findPath: no valid path found"}
{"level":30,"time":1774382617063,"pid":1603455,"hostname":"TempleOfZyminx","from":{"q":0,"r":10},"to":{"q":12,"r":1},"msg":"findPath: no valid path found"}
{"level":30,"time":1774382617063,"pid":1603455,"hostname":"TempleOfZyminx","from":{"q":0,"r":10},"to":{"q":12,"r":2},"msg":"findPath: no valid path found"}
{"level":30,"time":1774382617063,"pid":1603455,"hostname":"TempleOfZyminx","from":{"q":0,"r":10},"to":{"q":12,"r":3},"msg":"findPath: no valid path found"}
{"level":30,"time":1774382617063,"pid":1603455,"hostname":"TempleOfZyminx","from":{"q":0,"r":10},"to":{"q":12,"r":4},"msg":"findPath: no valid path found"}
{"level":30,"time":1774382617063,"pid":1603455,"hostname":"TempleOfZyminx","from":{"q":0,"r":10},"to":{"q":12,"r":5},"msg":"findPath: no valid path found"}
{"level":30,"time":1774382617063,"pid":1603455,"hostname":"TempleOfZyminx","from":{"q":0,"r":10},"to":{"q":12,"r":6},"msg":"findPath: no valid path found"}
{"level":30,"time":1774382617063,"pid":1603455,"hostname":"TempleOfZyminx","from":{"q":0,"r":10},"to":{"q":12,"r":7},"msg":"findPath: no valid path found"}
{"level":30,"time":1774382617063,"pid":1603455,"hostname":"TempleOfZyminx","from":{"q":0,"r":10},"to":{"q":12,"r":8},"msg":"findPath: no valid path found"}
{"level":30,"time":1774382617063,"pid":1603455,"hostname":"TempleOfZyminx","from":{"q":0,"r":10},"to":{"q":12,"r":9},"msg":"findPath: no valid path found"}
{"level":30,"time":1774382617063,"pid":1603455,"hostname":"TempleOfZyminx","from":{"q":0,"r":10},"to":{"q":12,"r":10},"msg":"findPath: no valid path found"}
{"level":30,"time":1774382617063,"pid":1603455,"hostname":"TempleOfZyminx","from":{"q":0,"r":10},"to":{"q":12,"r":11},"msg":"findPath: no valid path found"}
{"level":30,"time":1774382617063,"pid":1603455,"hostname":"TempleOfZyminx","from":{"q":0,"r":10},"to":{"q":12,"r":12},"msg":"findPath: no valid path found"}
{"level":30,"time":1774382617063,"pid":1603455,"hostname":"TempleOfZyminx","from":{"q":0,"r":10},"to":{"q":12,"r":13},"msg":"findPath: no valid path found"}
{"level":30,"time":1774382617064,"pid":1603455,"hostname":"TempleOfZyminx","from":{"q":0,"r":10},"to":{"q":12,"r":14},"msg":"findPath: no valid path found"}
{"level":30,"time":1774382617064,"pid":1603455,"hostname":"TempleOfZyminx","from":{"q":0,"r":10},"to":{"q":12,"r":15},"msg":"findPath: no valid path found"}
{"level":30,"time":1774382617064,"pid":1603455,"hostname":"TempleOfZyminx","from":{"q":0,"r":10},"to":{"q":12,"r":16},"msg":"findPath: no valid path found"}
{"level":30,"time":1774382617064,"pid":1603455,"hostname":"TempleOfZyminx","from":{"q":0,"r":10},"to":{"q":12,"r":17},"msg":"findPath: no valid path found"}
{"level":30,"time":1774382617064,"pid":1603455,"hostname":"TempleOfZyminx","from":{"q":0,"r":10},"to":{"q":12,"r":18},"msg":"findPath: no valid path found"}
{"level":30,"time":1774382617064,"pid":1603455,"hostname":"TempleOfZyminx","from":{"q":0,"r":10},"to":{"q":12,"r":19},"msg":"findPath: no valid path found"}
{"level":30,"time":1774382617064,"pid":1603455,"hostname":"TempleOfZyminx","from":{"q":0,"r":10},"to":{"q":12,"r":20},"msg":"findPath: no valid path found"}
{"level":30,"time":1774382617064,"pid":1603455,"hostname":"TempleOfZyminx","from":{"q":0,"r":10},"to":{"q":12,"r":21},"msg":"findPath: no valid path found"}
{"level":30,"time":1774382617064,"pid":1603455,"hostname":"TempleOfZyminx","from":{"q":0,"r":10},"to":{"q":13,"r":0},"msg":"findPath: no valid path found"}
{"level":30,"time":1774382617064,"pid":1603455,"hostname":"TempleOfZyminx","from":{"q":0,"r":10},"to":{"q":13,"r":1},"msg":"findPath: no valid path found"}
{"level":30,"time":1774382617064,"pid":1603455,"hostname":"TempleOfZyminx","from":{"q":0,"r":10},"to":{"q":13,"r":2},"msg":"findPath: no valid path found"}
{"level":30,"time":1774382617064,"pid":1603455,"hostname":"TempleOfZyminx","from":{"q":0,"r":10},"to":{"q":13,"r":3},"msg":"findPath: no valid path found"}
{"level":30,"time":1774382617064,"pid":1603455,"hostname":"TempleOfZyminx","from":{"q":0,"r":10},"to":{"q":13,"r":4},"msg":"findPath: no valid path found"}
{"level":30,"time":1774382617064,"pid":1603455,"hostname":"TempleOfZyminx","from":{"q":0,"r":10},"to":{"q":13,"r":5},"msg":"findPath: no valid path found"}
{"level":30,"time":1774382617064,"pid":1603455,"hostname":"TempleOfZyminx","from":{"q":0,"r":10},"to":{"q":13,"r":6},"msg":"findPath: no valid path found"}
{"level":30,"time":1774382617064,"pid":1603455,"hostname":"TempleOfZyminx","from":{"q":0,"r":10},"to":{"q":13,"r":7},"msg":"findPath: no valid path found"}
{"level":30,"time":1774382617064,"pid":1603455,"hostname":"TempleOfZyminx","from":{"q":0,"r":10},"to":{"q":13,"r":8},"msg":"findPath: no valid path found"}
{"level":30,"time":1774382617064,"pid":1603455,"hostname":"TempleOfZyminx","from":{"q":0,"r":10},"to":{"q":13,"r":9},"msg":"findPath: no valid path found"}
{"level":30,"time":1774382617064,"pid":1603455,"hostname":"TempleOfZyminx","from":{"q":0,"r":10},"to":{"q":13,"r":10},"msg":"findPath: no valid path found"}
{"level":30,"time":1774382617064,"pid":1603455,"hostname":"TempleOfZyminx","from":{"q":0,"r":10},"to":{"q":13,"r":11},"msg":"findPath: no valid path found"}
{"level":30,"time":1774382617064,"pid":1603455,"hostname":"TempleOfZyminx","from":{"q":0,"r":10},"to":{"q":13,"r":12},"msg":"findPath: no valid path found"}
{"level":30,"time":1774382617064,"pid":1603455,"hostname":"TempleOfZyminx","from":{"q":0,"r":10},"to":{"q":13,"r":13},"msg":"findPath: no valid path found"}
{"level":30,"time":1774382617065,"pid":1603455,"hostname":"TempleOfZyminx","from":{"q":0,"r":10},"to":{"q":13,"r":14},"msg":"findPath: no valid path found"}
{"level":30,"time":1774382617065,"pid":1603455,"hostname":"TempleOfZyminx","from":{"q":0,"r":10},"to":{"q":13,"r":15},"msg":"findPath: no valid path found"}
{"level":30,"time":1774382617065,"pid":1603455,"hostname":"TempleOfZyminx","from":{"q":0,"r":10},"to":{"q":13,"r":16},"msg":"findPath: no valid path found"}
{"level":30,"time":1774382617065,"pid":1603455,"hostname":"TempleOfZyminx","from":{"q":0,"r":10},"to":{"q":13,"r":17},"msg":"findPath: no valid path found"}
{"level":30,"time":1774382617065,"pid":1603455,"hostname":"TempleOfZyminx","from":{"q":0,"r":10},"to":{"q":13,"r":18},"msg":"findPath: no valid path found"}
{"level":30,"time":1774382617065,"pid":1603455,"hostname":"TempleOfZyminx","from":{"q":0,"r":10},"to":{"q":13,"r":19},"msg":"findPath: no valid path found"}
{"level":30,"time":1774382617065,"pid":1603455,"hostname":"TempleOfZyminx","from":{"q":0,"r":10},"to":{"q":13,"r":20},"msg":"findPath: no valid path found"}
{"level":30,"time":1774382617065,"pid":1603455,"hostname":"TempleOfZyminx","from":{"q":0,"r":10},"to":{"q":13,"r":21},"msg":"findPath: no valid path found"}
{"level":30,"time":1774382617065,"pid":1603455,"hostname":"TempleOfZyminx","from":{"q":0,"r":10},"to":{"q":14,"r":0},"msg":"findPath: no valid path found"}
{"level":30,"time":1774382617065,"pid":1603455,"hostname":"TempleOfZyminx","from":{"q":0,"r":10},"to":{"q":14,"r":1},"msg":"findPath: no valid path found"}
{"level":30,"time":1774382617065,"pid":1603455,"hostname":"TempleOfZyminx","from":{"q":0,"r":10},"to":{"q":14,"r":2},"msg":"findPath: no valid path found"}
{"level":30,"time":1774382617065,"pid":1603455,"hostname":"TempleOfZyminx","from":{"q":0,"r":10},"to":{"q":14,"r":3},"msg":"findPath: no valid path found"}
{"level":30,"time":1774382617065,"pid":1603455,"hostname":"TempleOfZyminx","from":{"q":0,"r":10},"to":{"q":14,"r":4},"msg":"findPath: no valid path found"}
{"level":30,"time":1774382617065,"pid":1603455,"hostname":"TempleOfZyminx","from":{"q":0,"r":10},"to":{"q":14,"r":5},"msg":"findPath: no valid path found"}
{"level":30,"time":1774382617065,"pid":1603455,"hostname":"TempleOfZyminx","from":{"q":0,"r":10},"to":{"q":14,"r":6},"msg":"findPath: no valid path found"}
{"level":30,"time":1774382617065,"pid":1603455,"hostname":"TempleOfZyminx","from":{"q":0,"r":10},"to":{"q":14,"r":7},"msg":"findPath: no valid path found"}
{"level":30,"time":1774382617065,"pid":1603455,"hostname":"TempleOfZyminx","from":{"q":0,"r":10},"to":{"q":14,"r":8},"msg":"findPath: no valid path found"}
{"level":30,"time":1774382617065,"pid":1603455,"hostname":"TempleOfZyminx","from":{"q":0,"r":10},"to":{"q":14,"r":9},"msg":"findPath: no valid path found"}
{"level":30,"time":1774382617065,"pid":1603455,"hostname":"TempleOfZyminx","from":{"q":0,"r":10},"to":{"q":14,"r":10},"msg":"findPath: no valid path found"}
{"level":30,"time":1774382617065,"pid":1603455,"hostname":"TempleOfZyminx","from":{"q":0,"r":10},"to":{"q":14,"r":11},"msg":"findPath: no valid path found"}
{"level":30,"time":1774382617065,"pid":1603455,"hostname":"TempleOfZyminx","from":{"q":0,"r":10},"to":{"q":14,"r":12},"msg":"findPath: no valid path found"}
{"level":30,"time":1774382617066,"pid":1603455,"hostname":"TempleOfZyminx","from":{"q":0,"r":10},"to":{"q":14,"r":13},"msg":"findPath: no valid path found"}
{"level":30,"time":1774382617066,"pid":1603455,"hostname":"TempleOfZyminx","from":{"q":0,"r":10},"to":{"q":14,"r":14},"msg":"findPath: no valid path found"}
{"level":30,"time":1774382617066,"pid":1603455,"hostname":"TempleOfZyminx","from":{"q":0,"r":10},"to":{"q":14,"r":15},"msg":"findPath: no valid path found"}
{"level":30,"time":1774382617066,"pid":1603455,"hostname":"TempleOfZyminx","from":{"q":0,"r":10},"to":{"q":14,"r":16},"msg":"findPath: no valid path found"}
{"level":30,"time":1774382617066,"pid":1603455,"hostname":"TempleOfZyminx","from":{"q":0,"r":10},"to":{"q":14,"r":17},"msg":"findPath: no valid path found"}
{"level":30,"time":1774382617066,"pid":1603455,"hostname":"TempleOfZyminx","from":{"q":0,"r":10},"to":{"q":14,"r":18},"msg":"findPath: no valid path found"}
{"level":30,"time":1774382617066,"pid":1603455,"hostname":"TempleOfZyminx","from":{"q":0,"r":10},"to":{"q":14,"r":19},"msg":"findPath: no valid path found"}
{"level":30,"time":1774382617066,"pid":1603455,"hostname":"TempleOfZyminx","from":{"q":0,"r":10},"to":{"q":14,"r":20},"msg":"findPath: no valid path found"}
{"level":30,"time":1774382617066,"pid":1603455,"hostname":"TempleOfZyminx","from":{"q":0,"r":10},"to":{"q":14,"r":21},"msg":"findPath: no valid path found"}
{"level":30,"time":1774382617067,"pid":1603455,"hostname":"TempleOfZyminx","id":"304ecc29-8d95-4348-89fa-d1ad66e16f91","command":"MOVE","msg":"Submitting game action"}
{"level":30,"time":1774382617067,"pid":1603458,"hostname":"TempleOfZyminx","scenarioId":"swamp-siege-01","role":"onion","msg":"Creating new game match"}
{"level":30,"time":1774382617068,"pid":1603458,"hostname":"TempleOfZyminx","gameId":"95a699bc-9e1a-4420-af5d-bc999433c530","role":"onion","msg":"Game match created"}
{"level":30,"time":1774382617068,"pid":1603455,"hostname":"TempleOfZyminx","gameId":"304ecc29-8d95-4348-89fa-d1ad66e16f91","unitId":"onion-1","msg":"Processing MOVE command"}
{"level":30,"time":1774382617071,"pid":1603455,"hostname":"TempleOfZyminx","id":"304ecc29-8d95-4348-89fa-d1ad66e16f91","msg":"Fetching game state"}
{"level":30,"time":1774382617116,"pid":1603456,"hostname":"TempleOfZyminx","scenarioId":"swamp-siege-01","role":"onion","msg":"Creating new game match"}
{"level":30,"time":1774382617117,"pid":1603456,"hostname":"TempleOfZyminx","gameId":"d20676e6-b6a4-4dfa-9add-b86e857dba9a","role":"onion","msg":"Game match created"}
{"level":30,"time":1774382617118,"pid":1603456,"hostname":"TempleOfZyminx","id":"d20676e6-b6a4-4dfa-9add-b86e857dba9a","msg":"User joining game"}
{"level":30,"time":1774382617117,"pid":1603463,"hostname":"TempleOfZyminx","scenarioId":"swamp-siege-01","role":"onion","msg":"Creating new game match"}
{"level":30,"time":1774382617118,"pid":1603456,"hostname":"TempleOfZyminx","gameId":"d20676e6-b6a4-4dfa-9add-b86e857dba9a","role":"defender","msg":"User joined game"}
{"level":30,"time":1774382617119,"pid":1603456,"hostname":"TempleOfZyminx","id":"d20676e6-b6a4-4dfa-9add-b86e857dba9a","command":"END_PHASE","msg":"Submitting game action"}
{"level":30,"time":1774382617119,"pid":1603463,"hostname":"TempleOfZyminx","gameId":"8763591a-3b7a-4a72-8129-956ef249a367","role":"onion","msg":"Game match created"}
{"level":30,"time":1774382617119,"pid":1603456,"hostname":"TempleOfZyminx","gameId":"d20676e6-b6a4-4dfa-9add-b86e857dba9a","phase":"ONION_MOVE","msg":"Advancing phase"}
{"level":30,"time":1774382617119,"pid":1603456,"hostname":"TempleOfZyminx","phase":"ONION_MOVE","turnNumber":1,"msg":"Advancing phase in engine"}
{"level":30,"time":1774382617120,"pid":1603456,"hostname":"TempleOfZyminx","id":"d20676e6-b6a4-4dfa-9add-b86e857dba9a","command":"END_PHASE","msg":"Submitting game action"}
{"level":30,"time":1774382617120,"pid":1603456,"hostname":"TempleOfZyminx","gameId":"d20676e6-b6a4-4dfa-9add-b86e857dba9a","phase":"ONION_COMBAT","msg":"Advancing phase"}
{"level":30,"time":1774382617120,"pid":1603456,"hostname":"TempleOfZyminx","phase":"ONION_COMBAT","turnNumber":1,"msg":"Advancing phase in engine"}
{"level":30,"time":1774382617121,"pid":1603456,"hostname":"TempleOfZyminx","id":"d20676e6-b6a4-4dfa-9add-b86e857dba9a","msg":"Fetching game state"}
{"level":30,"time":1774382617164,"pid":1603458,"hostname":"TempleOfZyminx","scenarioId":"swamp-siege-01","role":"onion","msg":"Creating new game match"}
{"level":30,"time":1774382617165,"pid":1603458,"hostname":"TempleOfZyminx","gameId":"19e6462d-dd82-4bd9-a228-d726948b52c5","role":"onion","msg":"Game match created"}
{"level":30,"time":1774382617166,"pid":1603458,"hostname":"TempleOfZyminx","id":"19e6462d-dd82-4bd9-a228-d726948b52c5","msg":"User joining game"}
{"level":30,"time":1774382617166,"pid":1603458,"hostname":"TempleOfZyminx","gameId":"19e6462d-dd82-4bd9-a228-d726948b52c5","role":"defender","msg":"User joined game"}
{"level":30,"time":1774382617167,"pid":1603458,"hostname":"TempleOfZyminx","id":"19e6462d-dd82-4bd9-a228-d726948b52c5","command":"END_PHASE","msg":"Submitting game action"}
{"level":30,"time":1774382617167,"pid":1603458,"hostname":"TempleOfZyminx","gameId":"19e6462d-dd82-4bd9-a228-d726948b52c5","phase":"ONION_MOVE","msg":"Advancing phase"}
{"level":30,"time":1774382617168,"pid":1603458,"hostname":"TempleOfZyminx","phase":"ONION_MOVE","turnNumber":1,"msg":"Advancing phase in engine"}
{"level":30,"time":1774382617192,"pid":1603456,"hostname":"TempleOfZyminx","scenarioId":"swamp-siege-01","role":"onion","msg":"Creating new game match"}
{"level":30,"time":1774382617192,"pid":1603456,"hostname":"TempleOfZyminx","gameId":"1dce7701-2147-4911-a018-87419978e048","role":"onion","msg":"Game match created"}
{"level":30,"time":1774382617193,"pid":1603456,"hostname":"TempleOfZyminx","id":"1dce7701-2147-4911-a018-87419978e048","msg":"User joining game"}
{"level":30,"time":1774382617193,"pid":1603456,"hostname":"TempleOfZyminx","gameId":"1dce7701-2147-4911-a018-87419978e048","role":"defender","msg":"User joined game"}
{"level":30,"time":1774382617193,"pid":1603456,"hostname":"TempleOfZyminx","id":"1dce7701-2147-4911-a018-87419978e048","command":"END_PHASE","msg":"Submitting game action"}
{"level":30,"time":1774382617194,"pid":1603456,"hostname":"TempleOfZyminx","gameId":"1dce7701-2147-4911-a018-87419978e048","phase":"ONION_MOVE","msg":"Advancing phase"}
{"level":30,"time":1774382617194,"pid":1603456,"hostname":"TempleOfZyminx","phase":"ONION_MOVE","turnNumber":1,"msg":"Advancing phase in engine"}
{"level":30,"time":1774382617215,"pid":1603463,"hostname":"TempleOfZyminx","scenarioId":"swamp-siege-01","role":"onion","msg":"Creating new game match"}
{"level":30,"time":1774382617216,"pid":1603463,"hostname":"TempleOfZyminx","gameId":"dd4741c7-8839-4811-8f8c-f5df3145c7e8","role":"onion","msg":"Game match created"}
{"level":30,"time":1774382617217,"pid":1603463,"hostname":"TempleOfZyminx","id":"dd4741c7-8839-4811-8f8c-f5df3145c7e8","msg":"User joining game"}
{"level":30,"time":1774382617217,"pid":1603463,"hostname":"TempleOfZyminx","gameId":"dd4741c7-8839-4811-8f8c-f5df3145c7e8","role":"defender","msg":"User joined game"}
{"level":30,"time":1774382617218,"pid":1603463,"hostname":"TempleOfZyminx","id":"dd4741c7-8839-4811-8f8c-f5df3145c7e8","command":"END_PHASE","msg":"Submitting game action"}
{"level":30,"time":1774382617218,"pid":1603463,"hostname":"TempleOfZyminx","gameId":"dd4741c7-8839-4811-8f8c-f5df3145c7e8","phase":"ONION_MOVE","msg":"Advancing phase"}
{"level":30,"time":1774382617218,"pid":1603463,"hostname":"TempleOfZyminx","phase":"ONION_MOVE","turnNumber":1,"msg":"Advancing phase in engine"}
{"level":30,"time":1774382617221,"pid":1603458,"hostname":"TempleOfZyminx","scenarioId":"swamp-siege-01","role":"onion","msg":"Creating new game match"}
{"level":30,"time":1774382617222,"pid":1603458,"hostname":"TempleOfZyminx","gameId":"c393e1fe-50c1-4d4f-a1b5-ebb9681123df","role":"onion","msg":"Game match created"}
{"level":30,"time":1774382617229,"pid":1603455,"hostname":"TempleOfZyminx","scenarioId":"swamp-siege-01","role":"onion","msg":"Creating new game match"}
{"level":30,"time":1774382617231,"pid":1603455,"hostname":"TempleOfZyminx","gameId":"4895891d-295a-47d1-8e82-5fe6271ec807","role":"onion","msg":"Game match created"}
{"level":30,"time":1774382617231,"pid":1603455,"hostname":"TempleOfZyminx","id":"4895891d-295a-47d1-8e82-5fe6271ec807","msg":"User joining game"}
{"level":30,"time":1774382617231,"pid":1603455,"hostname":"TempleOfZyminx","gameId":"4895891d-295a-47d1-8e82-5fe6271ec807","role":"defender","msg":"User joined game"}
{"level":30,"time":1774382617233,"pid":1603455,"hostname":"TempleOfZyminx","id":"4895891d-295a-47d1-8e82-5fe6271ec807","msg":"Fetching game state"}
{"level":30,"time":1774382617234,"pid":1603455,"hostname":"TempleOfZyminx","id":"4895891d-295a-47d1-8e82-5fe6271ec807","msg":"Fetching game state"}
{"level":30,"time":1774382617236,"pid":1603455,"hostname":"TempleOfZyminx","from":{"q":0,"r":10},"to":{"q":0,"r":0},"msg":"findPath: no valid path found"}
{"level":30,"time":1774382617236,"pid":1603455,"hostname":"TempleOfZyminx","from":{"q":0,"r":10},"to":{"q":0,"r":1},"msg":"findPath: no valid path found"}
{"level":30,"time":1774382617236,"pid":1603455,"hostname":"TempleOfZyminx","from":{"q":0,"r":10},"to":{"q":0,"r":2},"msg":"findPath: no valid path found"}
{"level":30,"time":1774382617237,"pid":1603455,"hostname":"TempleOfZyminx","from":{"q":0,"r":10},"to":{"q":0,"r":3},"msg":"findPath: no valid path found"}
{"level":30,"time":1774382617237,"pid":1603455,"hostname":"TempleOfZyminx","from":{"q":0,"r":10},"to":{"q":0,"r":4},"msg":"findPath: no valid path found"}
{"level":30,"time":1774382617237,"pid":1603455,"hostname":"TempleOfZyminx","from":{"q":0,"r":10},"to":{"q":0,"r":5},"msg":"findPath: no valid path found"}
{"level":30,"time":1774382617237,"pid":1603455,"hostname":"TempleOfZyminx","from":{"q":0,"r":10},"to":{"q":0,"r":6},"msg":"findPath: no valid path found"}
{"level":30,"time":1774382617238,"pid":1603455,"hostname":"TempleOfZyminx","from":{"q":0,"r":10},"to":{"q":0,"r":14},"msg":"findPath: no valid path found"}
{"level":30,"time":1774382617238,"pid":1603455,"hostname":"TempleOfZyminx","from":{"q":0,"r":10},"to":{"q":0,"r":15},"msg":"findPath: no valid path found"}
{"level":30,"time":1774382617238,"pid":1603455,"hostname":"TempleOfZyminx","from":{"q":0,"r":10},"to":{"q":0,"r":16},"msg":"findPath: no valid path found"}
{"level":30,"time":1774382617238,"pid":1603455,"hostname":"TempleOfZyminx","from":{"q":0,"r":10},"to":{"q":0,"r":17},"msg":"findPath: no valid path found"}
{"level":30,"time":1774382617238,"pid":1603455,"hostname":"TempleOfZyminx","from":{"q":0,"r":10},"to":{"q":0,"r":18},"msg":"findPath: no valid path found"}
{"level":30,"time":1774382617238,"pid":1603455,"hostname":"TempleOfZyminx","from":{"q":0,"r":10},"to":{"q":0,"r":19},"msg":"findPath: no valid path found"}
{"level":30,"time":1774382617238,"pid":1603455,"hostname":"TempleOfZyminx","from":{"q":0,"r":10},"to":{"q":0,"r":20},"msg":"findPath: no valid path found"}
{"level":30,"time":1774382617238,"pid":1603455,"hostname":"TempleOfZyminx","from":{"q":0,"r":10},"to":{"q":0,"r":21},"msg":"findPath: no valid path found"}
{"level":30,"time":1774382617238,"pid":1603455,"hostname":"TempleOfZyminx","from":{"q":0,"r":10},"to":{"q":1,"r":0},"msg":"findPath: no valid path found"}
{"level":30,"time":1774382617238,"pid":1603455,"hostname":"TempleOfZyminx","from":{"q":0,"r":10},"to":{"q":1,"r":1},"msg":"findPath: no valid path found"}
{"level":30,"time":1774382617239,"pid":1603455,"hostname":"TempleOfZyminx","from":{"q":0,"r":10},"to":{"q":1,"r":2},"msg":"findPath: no valid path found"}
{"level":30,"time":1774382617239,"pid":1603455,"hostname":"TempleOfZyminx","from":{"q":0,"r":10},"to":{"q":1,"r":3},"msg":"findPath: no valid path found"}
{"level":30,"time":1774382617239,"pid":1603455,"hostname":"TempleOfZyminx","from":{"q":0,"r":10},"to":{"q":1,"r":4},"msg":"findPath: no valid path found"}
{"level":30,"time":1774382617239,"pid":1603455,"hostname":"TempleOfZyminx","from":{"q":0,"r":10},"to":{"q":1,"r":5},"msg":"findPath: no valid path found"}
{"level":30,"time":1774382617239,"pid":1603455,"hostname":"TempleOfZyminx","from":{"q":0,"r":10},"to":{"q":1,"r":6},"msg":"findPath: no valid path found"}
{"level":30,"time":1774382617240,"pid":1603455,"hostname":"TempleOfZyminx","from":{"q":0,"r":10},"to":{"q":1,"r":13},"msg":"findPath: no valid path found"}
{"level":30,"time":1774382617240,"pid":1603455,"hostname":"TempleOfZyminx","from":{"q":0,"r":10},"to":{"q":1,"r":14},"msg":"findPath: no valid path found"}
{"level":30,"time":1774382617240,"pid":1603455,"hostname":"TempleOfZyminx","from":{"q":0,"r":10},"to":{"q":1,"r":15},"msg":"findPath: no valid path found"}
{"level":30,"time":1774382617240,"pid":1603455,"hostname":"TempleOfZyminx","from":{"q":0,"r":10},"to":{"q":1,"r":16},"msg":"findPath: no valid path found"}
{"level":30,"time":1774382617240,"pid":1603455,"hostname":"TempleOfZyminx","from":{"q":0,"r":10},"to":{"q":1,"r":17},"msg":"findPath: no valid path found"}
{"level":30,"time":1774382617240,"pid":1603455,"hostname":"TempleOfZyminx","from":{"q":0,"r":10},"to":{"q":1,"r":18},"msg":"findPath: no valid path found"}
{"level":30,"time":1774382617240,"pid":1603455,"hostname":"TempleOfZyminx","from":{"q":0,"r":10},"to":{"q":1,"r":19},"msg":"findPath: no valid path found"}
{"level":30,"time":1774382617241,"pid":1603455,"hostname":"TempleOfZyminx","from":{"q":0,"r":10},"to":{"q":1,"r":20},"msg":"findPath: no valid path found"}
{"level":30,"time":1774382617241,"pid":1603455,"hostname":"TempleOfZyminx","from":{"q":0,"r":10},"to":{"q":1,"r":21},"msg":"findPath: no valid path found"}
{"level":30,"time":1774382617241,"pid":1603455,"hostname":"TempleOfZyminx","from":{"q":0,"r":10},"to":{"q":2,"r":0},"msg":"findPath: no valid path found"}
{"level":30,"time":1774382617241,"pid":1603455,"hostname":"TempleOfZyminx","from":{"q":0,"r":10},"to":{"q":2,"r":1},"msg":"findPath: no valid path found"}
{"level":30,"time":1774382617241,"pid":1603455,"hostname":"TempleOfZyminx","from":{"q":0,"r":10},"to":{"q":2,"r":2},"msg":"findPath: no valid path found"}
{"level":30,"time":1774382617241,"pid":1603455,"hostname":"TempleOfZyminx","from":{"q":0,"r":10},"to":{"q":2,"r":3},"msg":"findPath: no valid path found"}
{"level":30,"time":1774382617242,"pid":1603455,"hostname":"TempleOfZyminx","from":{"q":0,"r":10},"to":{"q":2,"r":4},"msg":"findPath: no valid path found"}
{"level":30,"time":1774382617242,"pid":1603455,"hostname":"TempleOfZyminx","from":{"q":0,"r":10},"to":{"q":2,"r":5},"msg":"findPath: no valid path found"}
{"level":30,"time":1774382617242,"pid":1603455,"hostname":"TempleOfZyminx","from":{"q":0,"r":10},"to":{"q":2,"r":6},"msg":"findPath: no valid path found"}
{"level":30,"time":1774382617243,"pid":1603455,"hostname":"TempleOfZyminx","from":{"q":0,"r":10},"to":{"q":2,"r":12},"msg":"findPath: no valid path found"}
{"level":30,"time":1774382617243,"pid":1603455,"hostname":"TempleOfZyminx","from":{"q":0,"r":10},"to":{"q":2,"r":13},"msg":"findPath: no valid path found"}
{"level":30,"time":1774382617243,"pid":1603455,"hostname":"TempleOfZyminx","from":{"q":0,"r":10},"to":{"q":2,"r":14},"msg":"findPath: no valid path found"}
{"level":30,"time":1774382617243,"pid":1603455,"hostname":"TempleOfZyminx","from":{"q":0,"r":10},"to":{"q":2,"r":15},"msg":"findPath: no valid path found"}
{"level":30,"time":1774382617243,"pid":1603455,"hostname":"TempleOfZyminx","from":{"q":0,"r":10},"to":{"q":2,"r":16},"msg":"findPath: no valid path found"}
{"level":30,"time":1774382617243,"pid":1603455,"hostname":"TempleOfZyminx","from":{"q":0,"r":10},"to":{"q":2,"r":17},"msg":"findPath: no valid path found"}
{"level":30,"time":1774382617244,"pid":1603455,"hostname":"TempleOfZyminx","from":{"q":0,"r":10},"to":{"q":2,"r":18},"msg":"findPath: no valid path found"}
{"level":30,"time":1774382617244,"pid":1603455,"hostname":"TempleOfZyminx","from":{"q":0,"r":10},"to":{"q":2,"r":19},"msg":"findPath: no valid path found"}
{"level":30,"time":1774382617244,"pid":1603455,"hostname":"TempleOfZyminx","from":{"q":0,"r":10},"to":{"q":2,"r":20},"msg":"findPath: no valid path found"}
{"level":30,"time":1774382617244,"pid":1603455,"hostname":"TempleOfZyminx","from":{"q":0,"r":10},"to":{"q":2,"r":21},"msg":"findPath: no valid path found"}
{"level":30,"time":1774382617244,"pid":1603455,"hostname":"TempleOfZyminx","from":{"q":0,"r":10},"to":{"q":3,"r":0},"msg":"findPath: no valid path found"}
{"level":30,"time":1774382617244,"pid":1603455,"hostname":"TempleOfZyminx","from":{"q":0,"r":10},"to":{"q":3,"r":1},"msg":"findPath: no valid path found"}
{"level":30,"time":1774382617244,"pid":1603455,"hostname":"TempleOfZyminx","from":{"q":0,"r":10},"to":{"q":3,"r":2},"msg":"findPath: no valid path found"}
{"level":30,"time":1774382617244,"pid":1603455,"hostname":"TempleOfZyminx","from":{"q":0,"r":10},"to":{"q":3,"r":3},"msg":"findPath: no valid path found"}
{"level":30,"time":1774382617245,"pid":1603455,"hostname":"TempleOfZyminx","from":{"q":0,"r":10},"to":{"q":3,"r":4},"msg":"findPath: no valid path found"}
{"level":30,"time":1774382617245,"pid":1603455,"hostname":"TempleOfZyminx","from":{"q":0,"r":10},"to":{"q":3,"r":5},"msg":"findPath: no valid path found"}
{"level":30,"time":1774382617245,"pid":1603455,"hostname":"TempleOfZyminx","from":{"q":0,"r":10},"to":{"q":3,"r":6},"msg":"findPath: no valid path found"}
{"level":30,"time":1774382617245,"pid":1603455,"hostname":"TempleOfZyminx","from":{"q":0,"r":10},"to":{"q":3,"r":8},"msg":"findPath: no valid path found"}
{"level":30,"time":1774382617245,"pid":1603455,"hostname":"TempleOfZyminx","from":{"q":0,"r":10},"to":{"q":3,"r":11},"msg":"findPath: no valid path found"}
{"level":30,"time":1774382617245,"pid":1603455,"hostname":"TempleOfZyminx","from":{"q":0,"r":10},"to":{"q":3,"r":12},"msg":"findPath: no valid path found"}
{"level":30,"time":1774382617245,"pid":1603455,"hostname":"TempleOfZyminx","from":{"q":0,"r":10},"to":{"q":3,"r":13},"msg":"findPath: no valid path found"}
{"level":30,"time":1774382617245,"pid":1603455,"hostname":"TempleOfZyminx","from":{"q":0,"r":10},"to":{"q":3,"r":14},"msg":"findPath: no valid path found"}
{"level":30,"time":1774382617245,"pid":1603455,"hostname":"TempleOfZyminx","from":{"q":0,"r":10},"to":{"q":3,"r":15},"msg":"findPath: no valid path found"}
{"level":30,"time":1774382617246,"pid":1603455,"hostname":"TempleOfZyminx","from":{"q":0,"r":10},"to":{"q":3,"r":16},"msg":"findPath: no valid path found"}
{"level":30,"time":1774382617246,"pid":1603455,"hostname":"TempleOfZyminx","from":{"q":0,"r":10},"to":{"q":3,"r":17},"msg":"findPath: no valid path found"}
{"level":30,"time":1774382617246,"pid":1603455,"hostname":"TempleOfZyminx","from":{"q":0,"r":10},"to":{"q":3,"r":18},"msg":"findPath: no valid path found"}
{"level":30,"time":1774382617246,"pid":1603455,"hostname":"TempleOfZyminx","from":{"q":0,"r":10},"to":{"q":3,"r":19},"msg":"findPath: no valid path found"}
{"level":30,"time":1774382617246,"pid":1603455,"hostname":"TempleOfZyminx","from":{"q":0,"r":10},"to":{"q":3,"r":20},"msg":"findPath: no valid path found"}
{"level":30,"time":1774382617246,"pid":1603455,"hostname":"TempleOfZyminx","from":{"q":0,"r":10},"to":{"q":3,"r":21},"msg":"findPath: no valid path found"}
{"level":30,"time":1774382617246,"pid":1603455,"hostname":"TempleOfZyminx","from":{"q":0,"r":10},"to":{"q":4,"r":0},"msg":"findPath: no valid path found"}
{"level":30,"time":1774382617246,"pid":1603455,"hostname":"TempleOfZyminx","from":{"q":0,"r":10},"to":{"q":4,"r":1},"msg":"findPath: no valid path found"}
{"level":30,"time":1774382617246,"pid":1603455,"hostname":"TempleOfZyminx","from":{"q":0,"r":10},"to":{"q":4,"r":2},"msg":"findPath: no valid path found"}
{"level":30,"time":1774382617246,"pid":1603455,"hostname":"TempleOfZyminx","from":{"q":0,"r":10},"to":{"q":4,"r":3},"msg":"findPath: no valid path found"}
{"level":30,"time":1774382617247,"pid":1603455,"hostname":"TempleOfZyminx","from":{"q":0,"r":10},"to":{"q":4,"r":4},"msg":"findPath: no valid path found"}
{"level":30,"time":1774382617247,"pid":1603455,"hostname":"TempleOfZyminx","from":{"q":0,"r":10},"to":{"q":4,"r":5},"msg":"findPath: no valid path found"}
{"level":30,"time":1774382617247,"pid":1603455,"hostname":"TempleOfZyminx","from":{"q":0,"r":10},"to":{"q":4,"r":6},"msg":"findPath: no valid path found"}
{"level":30,"time":1774382617247,"pid":1603455,"hostname":"TempleOfZyminx","from":{"q":0,"r":10},"to":{"q":4,"r":8},"msg":"findPath: no valid path found"}
{"level":30,"time":1774382617247,"pid":1603455,"hostname":"TempleOfZyminx","from":{"q":0,"r":10},"to":{"q":4,"r":9},"msg":"findPath: no valid path found"}
{"level":30,"time":1774382617247,"pid":1603455,"hostname":"TempleOfZyminx","from":{"q":0,"r":10},"to":{"q":4,"r":10},"msg":"findPath: no valid path found"}
{"level":30,"time":1774382617247,"pid":1603455,"hostname":"TempleOfZyminx","from":{"q":0,"r":10},"to":{"q":4,"r":11},"msg":"findPath: no valid path found"}
{"level":30,"time":1774382617247,"pid":1603455,"hostname":"TempleOfZyminx","from":{"q":0,"r":10},"to":{"q":4,"r":12},"msg":"findPath: no valid path found"}
{"level":30,"time":1774382617248,"pid":1603455,"hostname":"TempleOfZyminx","from":{"q":0,"r":10},"to":{"q":4,"r":13},"msg":"findPath: no valid path found"}
{"level":30,"time":1774382617248,"pid":1603455,"hostname":"TempleOfZyminx","from":{"q":0,"r":10},"to":{"q":4,"r":14},"msg":"findPath: no valid path found"}
{"level":30,"time":1774382617248,"pid":1603455,"hostname":"TempleOfZyminx","from":{"q":0,"r":10},"to":{"q":4,"r":15},"msg":"findPath: no valid path found"}
{"level":30,"time":1774382617248,"pid":1603455,"hostname":"TempleOfZyminx","from":{"q":0,"r":10},"to":{"q":4,"r":16},"msg":"findPath: no valid path found"}
{"level":30,"time":1774382617248,"pid":1603455,"hostname":"TempleOfZyminx","from":{"q":0,"r":10},"to":{"q":4,"r":17},"msg":"findPath: no valid path found"}
{"level":30,"time":1774382617248,"pid":1603455,"hostname":"TempleOfZyminx","from":{"q":0,"r":10},"to":{"q":4,"r":18},"msg":"findPath: no valid path found"}
{"level":30,"time":1774382617248,"pid":1603455,"hostname":"TempleOfZyminx","from":{"q":0,"r":10},"to":{"q":4,"r":19},"msg":"findPath: no valid path found"}
{"level":30,"time":1774382617248,"pid":1603455,"hostname":"TempleOfZyminx","from":{"q":0,"r":10},"to":{"q":4,"r":20},"msg":"findPath: no valid path found"}
{"level":30,"time":1774382617249,"pid":1603455,"hostname":"TempleOfZyminx","from":{"q":0,"r":10},"to":{"q":4,"r":21},"msg":"findPath: no valid path found"}
{"level":30,"time":1774382617250,"pid":1603455,"hostname":"TempleOfZyminx","from":{"q":0,"r":10},"to":{"q":5,"r":0},"msg":"findPath: no valid path found"}
{"level":30,"time":1774382617250,"pid":1603455,"hostname":"TempleOfZyminx","from":{"q":0,"r":10},"to":{"q":5,"r":1},"msg":"findPath: no valid path found"}
{"level":30,"time":1774382617250,"pid":1603455,"hostname":"TempleOfZyminx","from":{"q":0,"r":10},"to":{"q":5,"r":2},"msg":"findPath: no valid path found"}
{"level":30,"time":1774382617250,"pid":1603455,"hostname":"TempleOfZyminx","from":{"q":0,"r":10},"to":{"q":5,"r":3},"msg":"findPath: no valid path found"}
{"level":30,"time":1774382617250,"pid":1603455,"hostname":"TempleOfZyminx","from":{"q":0,"r":10},"to":{"q":5,"r":4},"msg":"findPath: no valid path found"}
{"level":30,"time":1774382617250,"pid":1603455,"hostname":"TempleOfZyminx","from":{"q":0,"r":10},"to":{"q":5,"r":5},"msg":"findPath: no valid path found"}
{"level":30,"time":1774382617250,"pid":1603455,"hostname":"TempleOfZyminx","from":{"q":0,"r":10},"to":{"q":5,"r":8},"msg":"findPath: no valid path found"}
{"level":30,"time":1774382617250,"pid":1603455,"hostname":"TempleOfZyminx","from":{"q":0,"r":10},"to":{"q":5,"r":9},"msg":"findPath: no valid path found"}
{"level":30,"time":1774382617251,"pid":1603455,"hostname":"TempleOfZyminx","from":{"q":0,"r":10},"to":{"q":5,"r":10},"msg":"findPath: no valid path found"}
{"level":30,"time":1774382617251,"pid":1603455,"hostname":"TempleOfZyminx","from":{"q":0,"r":10},"to":{"q":5,"r":11},"msg":"findPath: no valid path found"}
{"level":30,"time":1774382617251,"pid":1603455,"hostname":"TempleOfZyminx","from":{"q":0,"r":10},"to":{"q":5,"r":12},"msg":"findPath: no valid path found"}
{"level":30,"time":1774382617251,"pid":1603455,"hostname":"TempleOfZyminx","from":{"q":0,"r":10},"to":{"q":5,"r":13},"msg":"findPath: no valid path found"}
{"level":30,"time":1774382617251,"pid":1603455,"hostname":"TempleOfZyminx","from":{"q":0,"r":10},"to":{"q":5,"r":14},"msg":"findPath: no valid path found"}
{"level":30,"time":1774382617251,"pid":1603455,"hostname":"TempleOfZyminx","from":{"q":0,"r":10},"to":{"q":5,"r":15},"msg":"findPath: no valid path found"}
{"level":30,"time":1774382617251,"pid":1603455,"hostname":"TempleOfZyminx","from":{"q":0,"r":10},"to":{"q":5,"r":16},"msg":"findPath: no valid path found"}
{"level":30,"time":1774382617251,"pid":1603455,"hostname":"TempleOfZyminx","from":{"q":0,"r":10},"to":{"q":5,"r":17},"msg":"findPath: no valid path found"}
{"level":30,"time":1774382617251,"pid":1603455,"hostname":"TempleOfZyminx","from":{"q":0,"r":10},"to":{"q":5,"r":18},"msg":"findPath: no valid path found"}
{"level":30,"time":1774382617252,"pid":1603455,"hostname":"TempleOfZyminx","from":{"q":0,"r":10},"to":{"q":5,"r":19},"msg":"findPath: no valid path found"}
{"level":30,"time":1774382617252,"pid":1603455,"hostname":"TempleOfZyminx","from":{"q":0,"r":10},"to":{"q":5,"r":20},"msg":"findPath: no valid path found"}
{"level":30,"time":1774382617252,"pid":1603455,"hostname":"TempleOfZyminx","from":{"q":0,"r":10},"to":{"q":5,"r":21},"msg":"findPath: no valid path found"}
{"level":30,"time":1774382617252,"pid":1603455,"hostname":"TempleOfZyminx","from":{"q":0,"r":10},"to":{"q":6,"r":0},"msg":"findPath: no valid path found"}
{"level":30,"time":1774382617252,"pid":1603455,"hostname":"TempleOfZyminx","from":{"q":0,"r":10},"to":{"q":6,"r":1},"msg":"findPath: no valid path found"}
{"level":30,"time":1774382617252,"pid":1603455,"hostname":"TempleOfZyminx","from":{"q":0,"r":10},"to":{"q":6,"r":2},"msg":"findPath: no valid path found"}
{"level":30,"time":1774382617252,"pid":1603455,"hostname":"TempleOfZyminx","from":{"q":0,"r":10},"to":{"q":6,"r":3},"msg":"findPath: no valid path found"}
{"level":30,"time":1774382617252,"pid":1603455,"hostname":"TempleOfZyminx","from":{"q":0,"r":10},"to":{"q":6,"r":5},"msg":"findPath: no valid path found"}
{"level":30,"time":1774382617252,"pid":1603455,"hostname":"TempleOfZyminx","from":{"q":0,"r":10},"to":{"q":6,"r":7},"msg":"findPath: no valid path found"}
{"level":30,"time":1774382617253,"pid":1603455,"hostname":"TempleOfZyminx","from":{"q":0,"r":10},"to":{"q":6,"r":8},"msg":"findPath: no valid path found"}
{"level":30,"time":1774382617253,"pid":1603455,"hostname":"TempleOfZyminx","from":{"q":0,"r":10},"to":{"q":6,"r":9},"msg":"findPath: no valid path found"}
{"level":30,"time":1774382617253,"pid":1603455,"hostname":"TempleOfZyminx","from":{"q":0,"r":10},"to":{"q":6,"r":10},"msg":"findPath: no valid path found"}
{"level":30,"time":1774382617253,"pid":1603455,"hostname":"TempleOfZyminx","from":{"q":0,"r":10},"to":{"q":6,"r":11},"msg":"findPath: no valid path found"}
{"level":30,"time":1774382617253,"pid":1603455,"hostname":"TempleOfZyminx","from":{"q":0,"r":10},"to":{"q":6,"r":12},"msg":"findPath: no valid path found"}
{"level":30,"time":1774382617253,"pid":1603455,"hostname":"TempleOfZyminx","from":{"q":0,"r":10},"to":{"q":6,"r":13},"msg":"findPath: no valid path found"}
{"level":30,"time":1774382617253,"pid":1603455,"hostname":"TempleOfZyminx","from":{"q":0,"r":10},"to":{"q":6,"r":14},"msg":"findPath: no valid path found"}
{"level":30,"time":1774382617253,"pid":1603455,"hostname":"TempleOfZyminx","from":{"q":0,"r":10},"to":{"q":6,"r":15},"msg":"findPath: no valid path found"}
{"level":30,"time":1774382617254,"pid":1603455,"hostname":"TempleOfZyminx","from":{"q":0,"r":10},"to":{"q":6,"r":16},"msg":"findPath: no valid path found"}
{"level":30,"time":1774382617254,"pid":1603455,"hostname":"TempleOfZyminx","from":{"q":0,"r":10},"to":{"q":6,"r":17},"msg":"findPath: no valid path found"}
{"level":30,"time":1774382617254,"pid":1603455,"hostname":"TempleOfZyminx","from":{"q":0,"r":10},"to":{"q":6,"r":18},"msg":"findPath: no valid path found"}
{"level":30,"time":1774382617254,"pid":1603455,"hostname":"TempleOfZyminx","from":{"q":0,"r":10},"to":{"q":6,"r":19},"msg":"findPath: no valid path found"}
{"level":30,"time":1774382617254,"pid":1603455,"hostname":"TempleOfZyminx","from":{"q":0,"r":10},"to":{"q":6,"r":20},"msg":"findPath: no valid path found"}
{"level":30,"time":1774382617254,"pid":1603455,"hostname":"TempleOfZyminx","from":{"q":0,"r":10},"to":{"q":6,"r":21},"msg":"findPath: no valid path found"}
{"level":30,"time":1774382617254,"pid":1603455,"hostname":"TempleOfZyminx","from":{"q":0,"r":10},"to":{"q":7,"r":0},"msg":"findPath: no valid path found"}
{"level":30,"time":1774382617254,"pid":1603455,"hostname":"TempleOfZyminx","from":{"q":0,"r":10},"to":{"q":7,"r":1},"msg":"findPath: no valid path found"}
{"level":30,"time":1774382617255,"pid":1603455,"hostname":"TempleOfZyminx","from":{"q":0,"r":10},"to":{"q":7,"r":2},"msg":"findPath: no valid path found"}
{"level":30,"time":1774382617257,"pid":1603455,"hostname":"TempleOfZyminx","from":{"q":0,"r":10},"to":{"q":7,"r":4},"msg":"findPath: no valid path found"}
{"level":30,"time":1774382617258,"pid":1603455,"hostname":"TempleOfZyminx","from":{"q":0,"r":10},"to":{"q":7,"r":5},"msg":"findPath: no valid path found"}
{"level":30,"time":1774382617258,"pid":1603455,"hostname":"TempleOfZyminx","from":{"q":0,"r":10},"to":{"q":7,"r":6},"msg":"findPath: no valid path found"}
{"level":30,"time":1774382617258,"pid":1603455,"hostname":"TempleOfZyminx","from":{"q":0,"r":10},"to":{"q":7,"r":7},"msg":"findPath: no valid path found"}
{"level":30,"time":1774382617258,"pid":1603455,"hostname":"TempleOfZyminx","from":{"q":0,"r":10},"to":{"q":7,"r":8},"msg":"findPath: no valid path found"}
{"level":30,"time":1774382617258,"pid":1603455,"hostname":"TempleOfZyminx","from":{"q":0,"r":10},"to":{"q":7,"r":9},"msg":"findPath: no valid path found"}
{"level":30,"time":1774382617259,"pid":1603455,"hostname":"TempleOfZyminx","from":{"q":0,"r":10},"to":{"q":7,"r":10},"msg":"findPath: no valid path found"}
{"level":30,"time":1774382617259,"pid":1603455,"hostname":"TempleOfZyminx","from":{"q":0,"r":10},"to":{"q":7,"r":11},"msg":"findPath: no valid path found"}
{"level":30,"time":1774382617259,"pid":1603455,"hostname":"TempleOfZyminx","from":{"q":0,"r":10},"to":{"q":7,"r":12},"msg":"findPath: no valid path found"}
{"level":30,"time":1774382617259,"pid":1603455,"hostname":"TempleOfZyminx","from":{"q":0,"r":10},"to":{"q":7,"r":13},"msg":"findPath: no valid path found"}
{"level":30,"time":1774382617259,"pid":1603455,"hostname":"TempleOfZyminx","from":{"q":0,"r":10},"to":{"q":7,"r":14},"msg":"findPath: no valid path found"}
{"level":30,"time":1774382617259,"pid":1603455,"hostname":"TempleOfZyminx","from":{"q":0,"r":10},"to":{"q":7,"r":15},"msg":"findPath: no valid path found"}
{"level":30,"time":1774382617259,"pid":1603455,"hostname":"TempleOfZyminx","from":{"q":0,"r":10},"to":{"q":7,"r":16},"msg":"findPath: no valid path found"}
{"level":30,"time":1774382617259,"pid":1603455,"hostname":"TempleOfZyminx","from":{"q":0,"r":10},"to":{"q":7,"r":17},"msg":"findPath: no valid path found"}
{"level":30,"time":1774382617259,"pid":1603455,"hostname":"TempleOfZyminx","from":{"q":0,"r":10},"to":{"q":7,"r":18},"msg":"findPath: no valid path found"}
{"level":30,"time":1774382617259,"pid":1603463,"hostname":"TempleOfZyminx","scenarioId":"swamp-siege-01","role":"onion","msg":"Creating new game match"}
{"level":30,"time":1774382617260,"pid":1603455,"hostname":"TempleOfZyminx","from":{"q":0,"r":10},"to":{"q":7,"r":19},"msg":"findPath: no valid path found"}
{"level":30,"time":1774382617260,"pid":1603455,"hostname":"TempleOfZyminx","from":{"q":0,"r":10},"to":{"q":7,"r":20},"msg":"findPath: no valid path found"}
{"level":30,"time":1774382617260,"pid":1603455,"hostname":"TempleOfZyminx","from":{"q":0,"r":10},"to":{"q":7,"r":21},"msg":"findPath: no valid path found"}
{"level":30,"time":1774382617260,"pid":1603455,"hostname":"TempleOfZyminx","from":{"q":0,"r":10},"to":{"q":8,"r":0},"msg":"findPath: no valid path found"}
{"level":30,"time":1774382617260,"pid":1603463,"hostname":"TempleOfZyminx","gameId":"35268ea9-cce0-4d56-9d9f-01706a79fb30","role":"onion","msg":"Game match created"}
{"level":30,"time":1774382617260,"pid":1603455,"hostname":"TempleOfZyminx","from":{"q":0,"r":10},"to":{"q":8,"r":1},"msg":"findPath: no valid path found"}
{"level":30,"time":1774382617260,"pid":1603455,"hostname":"TempleOfZyminx","from":{"q":0,"r":10},"to":{"q":8,"r":2},"msg":"findPath: no valid path found"}
{"level":30,"time":1774382617260,"pid":1603455,"hostname":"TempleOfZyminx","from":{"q":0,"r":10},"to":{"q":8,"r":3},"msg":"findPath: no valid path found"}
{"level":30,"time":1774382617260,"pid":1603455,"hostname":"TempleOfZyminx","from":{"q":0,"r":10},"to":{"q":8,"r":4},"msg":"findPath: no valid path found"}
{"level":30,"time":1774382617260,"pid":1603455,"hostname":"TempleOfZyminx","from":{"q":0,"r":10},"to":{"q":8,"r":5},"msg":"findPath: no valid path found"}
{"level":30,"time":1774382617260,"pid":1603455,"hostname":"TempleOfZyminx","from":{"q":0,"r":10},"to":{"q":8,"r":6},"msg":"findPath: no valid path found"}
{"level":30,"time":1774382617260,"pid":1603455,"hostname":"TempleOfZyminx","from":{"q":0,"r":10},"to":{"q":8,"r":7},"msg":"findPath: no valid path found"}
{"level":30,"time":1774382617260,"pid":1603455,"hostname":"TempleOfZyminx","from":{"q":0,"r":10},"to":{"q":8,"r":8},"msg":"findPath: no valid path found"}
{"level":30,"time":1774382617261,"pid":1603455,"hostname":"TempleOfZyminx","from":{"q":0,"r":10},"to":{"q":8,"r":9},"msg":"findPath: no valid path found"}
{"level":30,"time":1774382617261,"pid":1603455,"hostname":"TempleOfZyminx","from":{"q":0,"r":10},"to":{"q":8,"r":10},"msg":"findPath: no valid path found"}
{"level":30,"time":1774382617261,"pid":1603455,"hostname":"TempleOfZyminx","from":{"q":0,"r":10},"to":{"q":8,"r":11},"msg":"findPath: no valid path found"}
{"level":30,"time":1774382617261,"pid":1603455,"hostname":"TempleOfZyminx","from":{"q":0,"r":10},"to":{"q":8,"r":12},"msg":"findPath: no valid path found"}
{"level":30,"time":1774382617261,"pid":1603455,"hostname":"TempleOfZyminx","from":{"q":0,"r":10},"to":{"q":8,"r":13},"msg":"findPath: no valid path found"}
{"level":30,"time":1774382617261,"pid":1603455,"hostname":"TempleOfZyminx","from":{"q":0,"r":10},"to":{"q":8,"r":14},"msg":"findPath: no valid path found"}
{"level":30,"time":1774382617261,"pid":1603455,"hostname":"TempleOfZyminx","from":{"q":0,"r":10},"to":{"q":8,"r":15},"msg":"findPath: no valid path found"}
{"level":30,"time":1774382617261,"pid":1603455,"hostname":"TempleOfZyminx","from":{"q":0,"r":10},"to":{"q":8,"r":16},"msg":"findPath: no valid path found"}
{"level":30,"time":1774382617261,"pid":1603455,"hostname":"TempleOfZyminx","from":{"q":0,"r":10},"to":{"q":8,"r":17},"msg":"findPath: no valid path found"}
{"level":30,"time":1774382617261,"pid":1603455,"hostname":"TempleOfZyminx","from":{"q":0,"r":10},"to":{"q":8,"r":18},"msg":"findPath: no valid path found"}
{"level":30,"time":1774382617261,"pid":1603455,"hostname":"TempleOfZyminx","from":{"q":0,"r":10},"to":{"q":8,"r":19},"msg":"findPath: no valid path found"}
{"level":30,"time":1774382617261,"pid":1603455,"hostname":"TempleOfZyminx","from":{"q":0,"r":10},"to":{"q":8,"r":20},"msg":"findPath: no valid path found"}
{"level":30,"time":1774382617261,"pid":1603455,"hostname":"TempleOfZyminx","from":{"q":0,"r":10},"to":{"q":8,"r":21},"msg":"findPath: no valid path found"}
{"level":30,"time":1774382617261,"pid":1603455,"hostname":"TempleOfZyminx","from":{"q":0,"r":10},"to":{"q":9,"r":0},"msg":"findPath: no valid path found"}
{"level":30,"time":1774382617261,"pid":1603455,"hostname":"TempleOfZyminx","from":{"q":0,"r":10},"to":{"q":9,"r":1},"msg":"findPath: no valid path found"}
{"level":30,"time":1774382617261,"pid":1603455,"hostname":"TempleOfZyminx","from":{"q":0,"r":10},"to":{"q":9,"r":2},"msg":"findPath: no valid path found"}
{"level":30,"time":1774382617261,"pid":1603455,"hostname":"TempleOfZyminx","from":{"q":0,"r":10},"to":{"q":9,"r":3},"msg":"findPath: no valid path found"}
{"level":30,"time":1774382617261,"pid":1603455,"hostname":"TempleOfZyminx","from":{"q":0,"r":10},"to":{"q":9,"r":4},"msg":"findPath: no valid path found"}
{"level":30,"time":1774382617261,"pid":1603455,"hostname":"TempleOfZyminx","from":{"q":0,"r":10},"to":{"q":9,"r":5},"msg":"findPath: no valid path found"}
{"level":30,"time":1774382617261,"pid":1603455,"hostname":"TempleOfZyminx","from":{"q":0,"r":10},"to":{"q":9,"r":6},"msg":"findPath: no valid path found"}
{"level":30,"time":1774382617261,"pid":1603455,"hostname":"TempleOfZyminx","from":{"q":0,"r":10},"to":{"q":9,"r":7},"msg":"findPath: no valid path found"}
{"level":30,"time":1774382617262,"pid":1603455,"hostname":"TempleOfZyminx","from":{"q":0,"r":10},"to":{"q":9,"r":8},"msg":"findPath: no valid path found"}
{"level":30,"time":1774382617262,"pid":1603455,"hostname":"TempleOfZyminx","from":{"q":0,"r":10},"to":{"q":9,"r":9},"msg":"findPath: no valid path found"}
{"level":30,"time":1774382617262,"pid":1603455,"hostname":"TempleOfZyminx","from":{"q":0,"r":10},"to":{"q":9,"r":10},"msg":"findPath: no valid path found"}
{"level":30,"time":1774382617262,"pid":1603455,"hostname":"TempleOfZyminx","from":{"q":0,"r":10},"to":{"q":9,"r":11},"msg":"findPath: no valid path found"}
{"level":30,"time":1774382617262,"pid":1603455,"hostname":"TempleOfZyminx","from":{"q":0,"r":10},"to":{"q":9,"r":12},"msg":"findPath: no valid path found"}
{"level":30,"time":1774382617262,"pid":1603455,"hostname":"TempleOfZyminx","from":{"q":0,"r":10},"to":{"q":9,"r":13},"msg":"findPath: no valid path found"}
{"level":30,"time":1774382617262,"pid":1603455,"hostname":"TempleOfZyminx","from":{"q":0,"r":10},"to":{"q":9,"r":14},"msg":"findPath: no valid path found"}
{"level":30,"time":1774382617263,"pid":1603455,"hostname":"TempleOfZyminx","from":{"q":0,"r":10},"to":{"q":9,"r":15},"msg":"findPath: no valid path found"}
{"level":30,"time":1774382617263,"pid":1603455,"hostname":"TempleOfZyminx","from":{"q":0,"r":10},"to":{"q":9,"r":16},"msg":"findPath: no valid path found"}
{"level":30,"time":1774382617263,"pid":1603455,"hostname":"TempleOfZyminx","from":{"q":0,"r":10},"to":{"q":9,"r":17},"msg":"findPath: no valid path found"}
{"level":30,"time":1774382617263,"pid":1603455,"hostname":"TempleOfZyminx","from":{"q":0,"r":10},"to":{"q":9,"r":18},"msg":"findPath: no valid path found"}
{"level":30,"time":1774382617263,"pid":1603455,"hostname":"TempleOfZyminx","from":{"q":0,"r":10},"to":{"q":9,"r":19},"msg":"findPath: no valid path found"}
{"level":30,"time":1774382617263,"pid":1603455,"hostname":"TempleOfZyminx","from":{"q":0,"r":10},"to":{"q":9,"r":20},"msg":"findPath: no valid path found"}
{"level":30,"time":1774382617263,"pid":1603455,"hostname":"TempleOfZyminx","from":{"q":0,"r":10},"to":{"q":9,"r":21},"msg":"findPath: no valid path found"}
{"level":30,"time":1774382617263,"pid":1603455,"hostname":"TempleOfZyminx","from":{"q":0,"r":10},"to":{"q":10,"r":0},"msg":"findPath: no valid path found"}
{"level":30,"time":1774382617263,"pid":1603455,"hostname":"TempleOfZyminx","from":{"q":0,"r":10},"to":{"q":10,"r":1},"msg":"findPath: no valid path found"}
{"level":30,"time":1774382617263,"pid":1603455,"hostname":"TempleOfZyminx","from":{"q":0,"r":10},"to":{"q":10,"r":2},"msg":"findPath: no valid path found"}
{"level":30,"time":1774382617263,"pid":1603455,"hostname":"TempleOfZyminx","from":{"q":0,"r":10},"to":{"q":10,"r":3},"msg":"findPath: no valid path found"}
{"level":30,"time":1774382617263,"pid":1603455,"hostname":"TempleOfZyminx","from":{"q":0,"r":10},"to":{"q":10,"r":4},"msg":"findPath: no valid path found"}
{"level":30,"time":1774382617263,"pid":1603455,"hostname":"TempleOfZyminx","from":{"q":0,"r":10},"to":{"q":10,"r":5},"msg":"findPath: no valid path found"}
{"level":30,"time":1774382617263,"pid":1603455,"hostname":"TempleOfZyminx","from":{"q":0,"r":10},"to":{"q":10,"r":6},"msg":"findPath: no valid path found"}
{"level":30,"time":1774382617263,"pid":1603455,"hostname":"TempleOfZyminx","from":{"q":0,"r":10},"to":{"q":10,"r":7},"msg":"findPath: no valid path found"}
{"level":30,"time":1774382617264,"pid":1603455,"hostname":"TempleOfZyminx","from":{"q":0,"r":10},"to":{"q":10,"r":8},"msg":"findPath: no valid path found"}
{"level":30,"time":1774382617264,"pid":1603455,"hostname":"TempleOfZyminx","from":{"q":0,"r":10},"to":{"q":10,"r":9},"msg":"findPath: no valid path found"}
{"level":30,"time":1774382617265,"pid":1603455,"hostname":"TempleOfZyminx","from":{"q":0,"r":10},"to":{"q":10,"r":10},"msg":"findPath: no valid path found"}
{"level":30,"time":1774382617265,"pid":1603455,"hostname":"TempleOfZyminx","from":{"q":0,"r":10},"to":{"q":10,"r":11},"msg":"findPath: no valid path found"}
{"level":30,"time":1774382617265,"pid":1603455,"hostname":"TempleOfZyminx","from":{"q":0,"r":10},"to":{"q":10,"r":12},"msg":"findPath: no valid path found"}
{"level":30,"time":1774382617265,"pid":1603455,"hostname":"TempleOfZyminx","from":{"q":0,"r":10},"to":{"q":10,"r":13},"msg":"findPath: no valid path found"}
{"level":30,"time":1774382617265,"pid":1603455,"hostname":"TempleOfZyminx","from":{"q":0,"r":10},"to":{"q":10,"r":14},"msg":"findPath: no valid path found"}
{"level":30,"time":1774382617265,"pid":1603455,"hostname":"TempleOfZyminx","from":{"q":0,"r":10},"to":{"q":10,"r":15},"msg":"findPath: no valid path found"}
{"level":30,"time":1774382617265,"pid":1603455,"hostname":"TempleOfZyminx","from":{"q":0,"r":10},"to":{"q":10,"r":16},"msg":"findPath: no valid path found"}
{"level":30,"time":1774382617265,"pid":1603455,"hostname":"TempleOfZyminx","from":{"q":0,"r":10},"to":{"q":10,"r":17},"msg":"findPath: no valid path found"}
{"level":30,"time":1774382617265,"pid":1603455,"hostname":"TempleOfZyminx","from":{"q":0,"r":10},"to":{"q":10,"r":18},"msg":"findPath: no valid path found"}
{"level":30,"time":1774382617265,"pid":1603455,"hostname":"TempleOfZyminx","from":{"q":0,"r":10},"to":{"q":10,"r":19},"msg":"findPath: no valid path found"}
{"level":30,"time":1774382617265,"pid":1603455,"hostname":"TempleOfZyminx","from":{"q":0,"r":10},"to":{"q":10,"r":20},"msg":"findPath: no valid path found"}
{"level":30,"time":1774382617265,"pid":1603455,"hostname":"TempleOfZyminx","from":{"q":0,"r":10},"to":{"q":10,"r":21},"msg":"findPath: no valid path found"}
{"level":30,"time":1774382617265,"pid":1603455,"hostname":"TempleOfZyminx","from":{"q":0,"r":10},"to":{"q":11,"r":0},"msg":"findPath: no valid path found"}
{"level":30,"time":1774382617265,"pid":1603455,"hostname":"TempleOfZyminx","from":{"q":0,"r":10},"to":{"q":11,"r":1},"msg":"findPath: no valid path found"}
{"level":30,"time":1774382617265,"pid":1603455,"hostname":"TempleOfZyminx","from":{"q":0,"r":10},"to":{"q":11,"r":2},"msg":"findPath: no valid path found"}
{"level":30,"time":1774382617266,"pid":1603455,"hostname":"TempleOfZyminx","from":{"q":0,"r":10},"to":{"q":11,"r":3},"msg":"findPath: no valid path found"}
{"level":30,"time":1774382617266,"pid":1603455,"hostname":"TempleOfZyminx","from":{"q":0,"r":10},"to":{"q":11,"r":4},"msg":"findPath: no valid path found"}
{"level":30,"time":1774382617266,"pid":1603455,"hostname":"TempleOfZyminx","from":{"q":0,"r":10},"to":{"q":11,"r":5},"msg":"findPath: no valid path found"}
{"level":30,"time":1774382617266,"pid":1603455,"hostname":"TempleOfZyminx","from":{"q":0,"r":10},"to":{"q":11,"r":6},"msg":"findPath: no valid path found"}
{"level":30,"time":1774382617266,"pid":1603455,"hostname":"TempleOfZyminx","from":{"q":0,"r":10},"to":{"q":11,"r":7},"msg":"findPath: no valid path found"}
{"level":30,"time":1774382617266,"pid":1603455,"hostname":"TempleOfZyminx","from":{"q":0,"r":10},"to":{"q":11,"r":8},"msg":"findPath: no valid path found"}
{"level":30,"time":1774382617266,"pid":1603455,"hostname":"TempleOfZyminx","from":{"q":0,"r":10},"to":{"q":11,"r":9},"msg":"findPath: no valid path found"}
{"level":30,"time":1774382617266,"pid":1603455,"hostname":"TempleOfZyminx","from":{"q":0,"r":10},"to":{"q":11,"r":10},"msg":"findPath: no valid path found"}
{"level":30,"time":1774382617266,"pid":1603455,"hostname":"TempleOfZyminx","from":{"q":0,"r":10},"to":{"q":11,"r":11},"msg":"findPath: no valid path found"}
{"level":30,"time":1774382617266,"pid":1603455,"hostname":"TempleOfZyminx","from":{"q":0,"r":10},"to":{"q":11,"r":12},"msg":"findPath: no valid path found"}
{"level":30,"time":1774382617266,"pid":1603455,"hostname":"TempleOfZyminx","from":{"q":0,"r":10},"to":{"q":11,"r":13},"msg":"findPath: no valid path found"}
{"level":30,"time":1774382617266,"pid":1603455,"hostname":"TempleOfZyminx","from":{"q":0,"r":10},"to":{"q":11,"r":14},"msg":"findPath: no valid path found"}
{"level":30,"time":1774382617266,"pid":1603455,"hostname":"TempleOfZyminx","from":{"q":0,"r":10},"to":{"q":11,"r":15},"msg":"findPath: no valid path found"}
{"level":30,"time":1774382617266,"pid":1603455,"hostname":"TempleOfZyminx","from":{"q":0,"r":10},"to":{"q":11,"r":16},"msg":"findPath: no valid path found"}
{"level":30,"time":1774382617266,"pid":1603455,"hostname":"TempleOfZyminx","from":{"q":0,"r":10},"to":{"q":11,"r":17},"msg":"findPath: no valid path found"}
{"level":30,"time":1774382617266,"pid":1603455,"hostname":"TempleOfZyminx","from":{"q":0,"r":10},"to":{"q":11,"r":18},"msg":"findPath: no valid path found"}
{"level":30,"time":1774382617266,"pid":1603455,"hostname":"TempleOfZyminx","from":{"q":0,"r":10},"to":{"q":11,"r":19},"msg":"findPath: no valid path found"}
{"level":30,"time":1774382617266,"pid":1603455,"hostname":"TempleOfZyminx","from":{"q":0,"r":10},"to":{"q":11,"r":20},"msg":"findPath: no valid path found"}
{"level":30,"time":1774382617266,"pid":1603455,"hostname":"TempleOfZyminx","from":{"q":0,"r":10},"to":{"q":11,"r":21},"msg":"findPath: no valid path found"}
{"level":30,"time":1774382617266,"pid":1603455,"hostname":"TempleOfZyminx","from":{"q":0,"r":10},"to":{"q":12,"r":0},"msg":"findPath: no valid path found"}
{"level":30,"time":1774382617266,"pid":1603455,"hostname":"TempleOfZyminx","from":{"q":0,"r":10},"to":{"q":12,"r":1},"msg":"findPath: no valid path found"}
{"level":30,"time":1774382617266,"pid":1603455,"hostname":"TempleOfZyminx","from":{"q":0,"r":10},"to":{"q":12,"r":2},"msg":"findPath: no valid path found"}
{"level":30,"time":1774382617266,"pid":1603455,"hostname":"TempleOfZyminx","from":{"q":0,"r":10},"to":{"q":12,"r":3},"msg":"findPath: no valid path found"}
{"level":30,"time":1774382617267,"pid":1603455,"hostname":"TempleOfZyminx","from":{"q":0,"r":10},"to":{"q":12,"r":4},"msg":"findPath: no valid path found"}
{"level":30,"time":1774382617267,"pid":1603455,"hostname":"TempleOfZyminx","from":{"q":0,"r":10},"to":{"q":12,"r":5},"msg":"findPath: no valid path found"}
{"level":30,"time":1774382617267,"pid":1603455,"hostname":"TempleOfZyminx","from":{"q":0,"r":10},"to":{"q":12,"r":6},"msg":"findPath: no valid path found"}
{"level":30,"time":1774382617267,"pid":1603455,"hostname":"TempleOfZyminx","from":{"q":0,"r":10},"to":{"q":12,"r":7},"msg":"findPath: no valid path found"}
{"level":30,"time":1774382617267,"pid":1603455,"hostname":"TempleOfZyminx","from":{"q":0,"r":10},"to":{"q":12,"r":8},"msg":"findPath: no valid path found"}
{"level":30,"time":1774382617267,"pid":1603455,"hostname":"TempleOfZyminx","from":{"q":0,"r":10},"to":{"q":12,"r":9},"msg":"findPath: no valid path found"}
{"level":30,"time":1774382617267,"pid":1603455,"hostname":"TempleOfZyminx","from":{"q":0,"r":10},"to":{"q":12,"r":10},"msg":"findPath: no valid path found"}
{"level":30,"time":1774382617267,"pid":1603455,"hostname":"TempleOfZyminx","from":{"q":0,"r":10},"to":{"q":12,"r":11},"msg":"findPath: no valid path found"}
{"level":30,"time":1774382617267,"pid":1603455,"hostname":"TempleOfZyminx","from":{"q":0,"r":10},"to":{"q":12,"r":12},"msg":"findPath: no valid path found"}
{"level":30,"time":1774382617267,"pid":1603455,"hostname":"TempleOfZyminx","from":{"q":0,"r":10},"to":{"q":12,"r":13},"msg":"findPath: no valid path found"}
{"level":30,"time":1774382617267,"pid":1603455,"hostname":"TempleOfZyminx","from":{"q":0,"r":10},"to":{"q":12,"r":14},"msg":"findPath: no valid path found"}
{"level":30,"time":1774382617267,"pid":1603455,"hostname":"TempleOfZyminx","from":{"q":0,"r":10},"to":{"q":12,"r":15},"msg":"findPath: no valid path found"}
{"level":30,"time":1774382617267,"pid":1603455,"hostname":"TempleOfZyminx","from":{"q":0,"r":10},"to":{"q":12,"r":16},"msg":"findPath: no valid path found"}
{"level":30,"time":1774382617267,"pid":1603455,"hostname":"TempleOfZyminx","from":{"q":0,"r":10},"to":{"q":12,"r":17},"msg":"findPath: no valid path found"}
{"level":30,"time":1774382617267,"pid":1603455,"hostname":"TempleOfZyminx","from":{"q":0,"r":10},"to":{"q":12,"r":18},"msg":"findPath: no valid path found"}
{"level":30,"time":1774382617267,"pid":1603455,"hostname":"TempleOfZyminx","from":{"q":0,"r":10},"to":{"q":12,"r":19},"msg":"findPath: no valid path found"}
{"level":30,"time":1774382617267,"pid":1603455,"hostname":"TempleOfZyminx","from":{"q":0,"r":10},"to":{"q":12,"r":20},"msg":"findPath: no valid path found"}
{"level":30,"time":1774382617267,"pid":1603455,"hostname":"TempleOfZyminx","from":{"q":0,"r":10},"to":{"q":12,"r":21},"msg":"findPath: no valid path found"}
{"level":30,"time":1774382617267,"pid":1603455,"hostname":"TempleOfZyminx","from":{"q":0,"r":10},"to":{"q":13,"r":0},"msg":"findPath: no valid path found"}
{"level":30,"time":1774382617267,"pid":1603455,"hostname":"TempleOfZyminx","from":{"q":0,"r":10},"to":{"q":13,"r":1},"msg":"findPath: no valid path found"}
{"level":30,"time":1774382617267,"pid":1603455,"hostname":"TempleOfZyminx","from":{"q":0,"r":10},"to":{"q":13,"r":2},"msg":"findPath: no valid path found"}
{"level":30,"time":1774382617267,"pid":1603455,"hostname":"TempleOfZyminx","from":{"q":0,"r":10},"to":{"q":13,"r":3},"msg":"findPath: no valid path found"}
{"level":30,"time":1774382617267,"pid":1603455,"hostname":"TempleOfZyminx","from":{"q":0,"r":10},"to":{"q":13,"r":4},"msg":"findPath: no valid path found"}
{"level":30,"time":1774382617268,"pid":1603455,"hostname":"TempleOfZyminx","from":{"q":0,"r":10},"to":{"q":13,"r":5},"msg":"findPath: no valid path found"}
{"level":30,"time":1774382617268,"pid":1603455,"hostname":"TempleOfZyminx","from":{"q":0,"r":10},"to":{"q":13,"r":6},"msg":"findPath: no valid path found"}
{"level":30,"time":1774382617268,"pid":1603455,"hostname":"TempleOfZyminx","from":{"q":0,"r":10},"to":{"q":13,"r":7},"msg":"findPath: no valid path found"}
{"level":30,"time":1774382617268,"pid":1603455,"hostname":"TempleOfZyminx","from":{"q":0,"r":10},"to":{"q":13,"r":8},"msg":"findPath: no valid path found"}
{"level":30,"time":1774382617268,"pid":1603455,"hostname":"TempleOfZyminx","from":{"q":0,"r":10},"to":{"q":13,"r":9},"msg":"findPath: no valid path found"}
{"level":30,"time":1774382617268,"pid":1603455,"hostname":"TempleOfZyminx","from":{"q":0,"r":10},"to":{"q":13,"r":10},"msg":"findPath: no valid path found"}
{"level":30,"time":1774382617268,"pid":1603455,"hostname":"TempleOfZyminx","from":{"q":0,"r":10},"to":{"q":13,"r":11},"msg":"findPath: no valid path found"}
{"level":30,"time":1774382617268,"pid":1603455,"hostname":"TempleOfZyminx","from":{"q":0,"r":10},"to":{"q":13,"r":12},"msg":"findPath: no valid path found"}
{"level":30,"time":1774382617268,"pid":1603455,"hostname":"TempleOfZyminx","from":{"q":0,"r":10},"to":{"q":13,"r":13},"msg":"findPath: no valid path found"}
{"level":30,"time":1774382617268,"pid":1603455,"hostname":"TempleOfZyminx","from":{"q":0,"r":10},"to":{"q":13,"r":14},"msg":"findPath: no valid path found"}
{"level":30,"time":1774382617268,"pid":1603455,"hostname":"TempleOfZyminx","from":{"q":0,"r":10},"to":{"q":13,"r":15},"msg":"findPath: no valid path found"}
{"level":30,"time":1774382617268,"pid":1603455,"hostname":"TempleOfZyminx","from":{"q":0,"r":10},"to":{"q":13,"r":16},"msg":"findPath: no valid path found"}
{"level":30,"time":1774382617268,"pid":1603455,"hostname":"TempleOfZyminx","from":{"q":0,"r":10},"to":{"q":13,"r":17},"msg":"findPath: no valid path found"}
{"level":30,"time":1774382617268,"pid":1603455,"hostname":"TempleOfZyminx","from":{"q":0,"r":10},"to":{"q":13,"r":18},"msg":"findPath: no valid path found"}
{"level":30,"time":1774382617268,"pid":1603455,"hostname":"TempleOfZyminx","from":{"q":0,"r":10},"to":{"q":13,"r":19},"msg":"findPath: no valid path found"}
{"level":30,"time":1774382617268,"pid":1603455,"hostname":"TempleOfZyminx","from":{"q":0,"r":10},"to":{"q":13,"r":20},"msg":"findPath: no valid path found"}
{"level":30,"time":1774382617268,"pid":1603455,"hostname":"TempleOfZyminx","from":{"q":0,"r":10},"to":{"q":13,"r":21},"msg":"findPath: no valid path found"}
{"level":30,"time":1774382617268,"pid":1603455,"hostname":"TempleOfZyminx","from":{"q":0,"r":10},"to":{"q":14,"r":0},"msg":"findPath: no valid path found"}
{"level":30,"time":1774382617268,"pid":1603455,"hostname":"TempleOfZyminx","from":{"q":0,"r":10},"to":{"q":14,"r":1},"msg":"findPath: no valid path found"}
{"level":30,"time":1774382617268,"pid":1603455,"hostname":"TempleOfZyminx","from":{"q":0,"r":10},"to":{"q":14,"r":2},"msg":"findPath: no valid path found"}
{"level":30,"time":1774382617268,"pid":1603455,"hostname":"TempleOfZyminx","from":{"q":0,"r":10},"to":{"q":14,"r":3},"msg":"findPath: no valid path found"}
{"level":30,"time":1774382617268,"pid":1603455,"hostname":"TempleOfZyminx","from":{"q":0,"r":10},"to":{"q":14,"r":4},"msg":"findPath: no valid path found"}
{"level":30,"time":1774382617268,"pid":1603455,"hostname":"TempleOfZyminx","from":{"q":0,"r":10},"to":{"q":14,"r":5},"msg":"findPath: no valid path found"}
{"level":30,"time":1774382617269,"pid":1603455,"hostname":"TempleOfZyminx","from":{"q":0,"r":10},"to":{"q":14,"r":6},"msg":"findPath: no valid path found"}
{"level":30,"time":1774382617269,"pid":1603455,"hostname":"TempleOfZyminx","from":{"q":0,"r":10},"to":{"q":14,"r":7},"msg":"findPath: no valid path found"}
{"level":30,"time":1774382617269,"pid":1603455,"hostname":"TempleOfZyminx","from":{"q":0,"r":10},"to":{"q":14,"r":8},"msg":"findPath: no valid path found"}
{"level":30,"time":1774382617270,"pid":1603455,"hostname":"TempleOfZyminx","from":{"q":0,"r":10},"to":{"q":14,"r":9},"msg":"findPath: no valid path found"}
{"level":30,"time":1774382617270,"pid":1603455,"hostname":"TempleOfZyminx","from":{"q":0,"r":10},"to":{"q":14,"r":10},"msg":"findPath: no valid path found"}
{"level":30,"time":1774382617270,"pid":1603455,"hostname":"TempleOfZyminx","from":{"q":0,"r":10},"to":{"q":14,"r":11},"msg":"findPath: no valid path found"}
{"level":30,"time":1774382617270,"pid":1603455,"hostname":"TempleOfZyminx","from":{"q":0,"r":10},"to":{"q":14,"r":12},"msg":"findPath: no valid path found"}
{"level":30,"time":1774382617270,"pid":1603455,"hostname":"TempleOfZyminx","from":{"q":0,"r":10},"to":{"q":14,"r":13},"msg":"findPath: no valid path found"}
{"level":30,"time":1774382617270,"pid":1603455,"hostname":"TempleOfZyminx","from":{"q":0,"r":10},"to":{"q":14,"r":14},"msg":"findPath: no valid path found"}
{"level":30,"time":1774382617270,"pid":1603455,"hostname":"TempleOfZyminx","from":{"q":0,"r":10},"to":{"q":14,"r":15},"msg":"findPath: no valid path found"}
{"level":30,"time":1774382617270,"pid":1603455,"hostname":"TempleOfZyminx","from":{"q":0,"r":10},"to":{"q":14,"r":16},"msg":"findPath: no valid path found"}
{"level":30,"time":1774382617270,"pid":1603455,"hostname":"TempleOfZyminx","from":{"q":0,"r":10},"to":{"q":14,"r":17},"msg":"findPath: no valid path found"}
{"level":30,"time":1774382617270,"pid":1603455,"hostname":"TempleOfZyminx","from":{"q":0,"r":10},"to":{"q":14,"r":18},"msg":"findPath: no valid path found"}
{"level":30,"time":1774382617270,"pid":1603455,"hostname":"TempleOfZyminx","from":{"q":0,"r":10},"to":{"q":14,"r":19},"msg":"findPath: no valid path found"}
{"level":30,"time":1774382617270,"pid":1603455,"hostname":"TempleOfZyminx","from":{"q":0,"r":10},"to":{"q":14,"r":20},"msg":"findPath: no valid path found"}
{"level":30,"time":1774382617270,"pid":1603455,"hostname":"TempleOfZyminx","from":{"q":0,"r":10},"to":{"q":14,"r":21},"msg":"findPath: no valid path found"}
{"level":30,"time":1774382617271,"pid":1603455,"hostname":"TempleOfZyminx","id":"4895891d-295a-47d1-8e82-5fe6271ec807","command":"MOVE","msg":"Submitting game action"}
{"level":30,"time":1774382617271,"pid":1603455,"hostname":"TempleOfZyminx","gameId":"4895891d-295a-47d1-8e82-5fe6271ec807","unitId":"onion-1","msg":"Processing MOVE command"}
{"level":30,"time":1774382617273,"pid":1603455,"hostname":"TempleOfZyminx","id":"4895891d-295a-47d1-8e82-5fe6271ec807","msg":"Fetching game state"}
{"level":30,"time":1774382617275,"pid":1603455,"hostname":"TempleOfZyminx","id":"4895891d-295a-47d1-8e82-5fe6271ec807","msg":"Fetching game state"}
{"level":30,"time":1774382617276,"pid":1603456,"hostname":"TempleOfZyminx","scenarioId":"swamp-siege-01","role":"onion","msg":"Creating new game match"}
{"level":30,"time":1774382617276,"pid":1603455,"hostname":"TempleOfZyminx","id":"4895891d-295a-47d1-8e82-5fe6271ec807","command":"END_PHASE","msg":"Submitting game action"}
{"level":30,"time":1774382617277,"pid":1603455,"hostname":"TempleOfZyminx","gameId":"4895891d-295a-47d1-8e82-5fe6271ec807","phase":"ONION_MOVE","msg":"Advancing phase"}
{"level":30,"time":1774382617277,"pid":1603455,"hostname":"TempleOfZyminx","phase":"ONION_MOVE","turnNumber":1,"msg":"Advancing phase in engine"}
{"level":30,"time":1774382617277,"pid":1603456,"hostname":"TempleOfZyminx","gameId":"cccebf32-47b6-40a5-a2b8-6e5966ceb2a2","role":"onion","msg":"Game match created"}
{"level":30,"time":1774382617277,"pid":1603456,"hostname":"TempleOfZyminx","id":"cccebf32-47b6-40a5-a2b8-6e5966ceb2a2","msg":"User joining game"}
{"level":30,"time":1774382617277,"pid":1603456,"hostname":"TempleOfZyminx","gameId":"cccebf32-47b6-40a5-a2b8-6e5966ceb2a2","role":"defender","msg":"User joined game"}
{"level":30,"time":1774382617277,"pid":1603456,"hostname":"TempleOfZyminx","id":"cccebf32-47b6-40a5-a2b8-6e5966ceb2a2","command":"END_PHASE","msg":"Submitting game action"}
{"level":30,"time":1774382617278,"pid":1603456,"hostname":"TempleOfZyminx","gameId":"cccebf32-47b6-40a5-a2b8-6e5966ceb2a2","phase":"ONION_MOVE","msg":"Advancing phase"}
{"level":30,"time":1774382617278,"pid":1603456,"hostname":"TempleOfZyminx","phase":"ONION_MOVE","turnNumber":1,"msg":"Advancing phase in engine"}
{"level":30,"time":1774382617278,"pid":1603455,"hostname":"TempleOfZyminx","id":"4895891d-295a-47d1-8e82-5fe6271ec807","msg":"Fetching game state"}
{"level":30,"time":1774382617316,"pid":1603458,"hostname":"TempleOfZyminx","scenarioId":"swamp-siege-01","role":"onion","msg":"Creating new game match"}
{"level":30,"time":1774382617318,"pid":1603458,"hostname":"TempleOfZyminx","gameId":"adcac977-da36-42ca-8a82-5eee5eba9337","role":"onion","msg":"Game match created"}
{"level":30,"time":1774382617338,"pid":1603463,"hostname":"TempleOfZyminx","scenarioId":"swamp-siege-01","role":"onion","msg":"Creating new game match"}
{"level":30,"time":1774382617339,"pid":1603463,"hostname":"TempleOfZyminx","gameId":"1115545a-c8c8-40a6-99b9-fb839f74f080","role":"onion","msg":"Game match created"}
{"level":30,"time":1774382617362,"pid":1603456,"hostname":"TempleOfZyminx","scenarioId":"swamp-siege-01","role":"onion","msg":"Creating new game match"}
{"level":30,"time":1774382617363,"pid":1603456,"hostname":"TempleOfZyminx","gameId":"56164b51-7772-4d0d-9449-d1c2c0300bc0","role":"onion","msg":"Game match created"}
{"level":30,"time":1774382617363,"pid":1603456,"hostname":"TempleOfZyminx","id":"56164b51-7772-4d0d-9449-d1c2c0300bc0","msg":"User joining game"}
{"level":30,"time":1774382617364,"pid":1603456,"hostname":"TempleOfZyminx","gameId":"56164b51-7772-4d0d-9449-d1c2c0300bc0","role":"defender","msg":"User joined game"}
{"level":30,"time":1774382617364,"pid":1603456,"hostname":"TempleOfZyminx","id":"56164b51-7772-4d0d-9449-d1c2c0300bc0","command":"END_PHASE","msg":"Submitting game action"}
{"level":40,"time":1774382617364,"pid":1603456,"hostname":"TempleOfZyminx","userId":"b9510eb8-a4d5-4d63-93d6-ef31de7cfd16","gameId":"56164b51-7772-4d0d-9449-d1c2c0300bc0","msg":"Not user turn"}
{"level":30,"time":1774382617416,"pid":1603456,"hostname":"TempleOfZyminx","scenarioId":"swamp-siege-01","role":"onion","msg":"Creating new game match"}
{"level":30,"time":1774382617417,"pid":1603456,"hostname":"TempleOfZyminx","gameId":"2cbb22ef-46b7-44e1-a8c0-849eb28febe1","role":"onion","msg":"Game match created"}
{"level":30,"time":1774382617418,"pid":1603456,"hostname":"TempleOfZyminx","id":"2cbb22ef-46b7-44e1-a8c0-849eb28febe1","command":"END_PHASE","msg":"Submitting game action"}
{"level":30,"time":1774382617418,"pid":1603456,"hostname":"TempleOfZyminx","gameId":"2cbb22ef-46b7-44e1-a8c0-849eb28febe1","msg":"Action attempted before both players joined"}
{"level":30,"time":1774382617419,"pid":1603458,"hostname":"TempleOfZyminx","scenarioId":"swamp-siege-01","role":"onion","msg":"Creating new game match"}
{"level":30,"time":1774382617420,"pid":1603458,"hostname":"TempleOfZyminx","gameId":"8b5d33ea-2c1a-4050-8e15-a82816e09a27","role":"onion","msg":"Game match created"}
{"level":30,"time":1774382617420,"pid":1603458,"hostname":"TempleOfZyminx","id":"8b5d33ea-2c1a-4050-8e15-a82816e09a27","msg":"User joining game"}
{"level":30,"time":1774382617421,"pid":1603458,"hostname":"TempleOfZyminx","gameId":"8b5d33ea-2c1a-4050-8e15-a82816e09a27","role":"defender","msg":"User joined game"}
{"level":30,"time":1774382617421,"pid":1603458,"hostname":"TempleOfZyminx","id":"8b5d33ea-2c1a-4050-8e15-a82816e09a27","command":"END_PHASE","msg":"Submitting game action"}
{"level":30,"time":1774382617421,"pid":1603458,"hostname":"TempleOfZyminx","gameId":"8b5d33ea-2c1a-4050-8e15-a82816e09a27","phase":"ONION_MOVE","msg":"Advancing phase"}
{"level":30,"time":1774382617421,"pid":1603458,"hostname":"TempleOfZyminx","phase":"ONION_MOVE","turnNumber":1,"msg":"Advancing phase in engine"}
{"level":30,"time":1774382617422,"pid":1603458,"hostname":"TempleOfZyminx","id":"8b5d33ea-2c1a-4050-8e15-a82816e09a27","command":"END_PHASE","msg":"Submitting game action"}
{"level":30,"time":1774382617422,"pid":1603458,"hostname":"TempleOfZyminx","gameId":"8b5d33ea-2c1a-4050-8e15-a82816e09a27","phase":"ONION_COMBAT","msg":"Advancing phase"}
{"level":30,"time":1774382617422,"pid":1603458,"hostname":"TempleOfZyminx","phase":"ONION_COMBAT","turnNumber":1,"msg":"Advancing phase in engine"}
{"level":30,"time":1774382617433,"pid":1603463,"hostname":"TempleOfZyminx","scenarioId":"swamp-siege-01","role":"onion","msg":"Creating new game match"}
{"level":30,"time":1774382617434,"pid":1603463,"hostname":"TempleOfZyminx","gameId":"0742922b-1887-47fc-a22e-2b917d3d7039","role":"onion","msg":"Game match created"}
{"level":30,"time":1774382617434,"pid":1603463,"hostname":"TempleOfZyminx","id":"0742922b-1887-47fc-a22e-2b917d3d7039","msg":"User joining game"}
{"level":30,"time":1774382617434,"pid":1603463,"hostname":"TempleOfZyminx","gameId":"0742922b-1887-47fc-a22e-2b917d3d7039","role":"defender","msg":"User joined game"}
{"level":30,"time":1774382617435,"pid":1603463,"hostname":"TempleOfZyminx","id":"0742922b-1887-47fc-a22e-2b917d3d7039","command":"END_PHASE","msg":"Submitting game action"}
{"level":30,"time":1774382617435,"pid":1603463,"hostname":"TempleOfZyminx","gameId":"0742922b-1887-47fc-a22e-2b917d3d7039","phase":"ONION_MOVE","msg":"Advancing phase"}
{"level":30,"time":1774382617435,"pid":1603463,"hostname":"TempleOfZyminx","phase":"ONION_MOVE","turnNumber":1,"msg":"Advancing phase in engine"}
{"level":30,"time":1774382617436,"pid":1603463,"hostname":"TempleOfZyminx","id":"0742922b-1887-47fc-a22e-2b917d3d7039","command":"END_PHASE","msg":"Submitting game action"}
{"level":30,"time":1774382617436,"pid":1603463,"hostname":"TempleOfZyminx","gameId":"0742922b-1887-47fc-a22e-2b917d3d7039","phase":"ONION_COMBAT","msg":"Advancing phase"}
{"level":30,"time":1774382617436,"pid":1603463,"hostname":"TempleOfZyminx","phase":"ONION_COMBAT","turnNumber":1,"msg":"Advancing phase in engine"}
{"level":30,"time":1774382617444,"pid":1603455,"hostname":"TempleOfZyminx","scenarioId":"swamp-siege-01","role":"onion","msg":"Creating new game match"}
{"level":30,"time":1774382617445,"pid":1603455,"hostname":"TempleOfZyminx","gameId":"785d3e33-baae-44f5-ad7c-8bad15253ebc","role":"onion","msg":"Game match created"}
{"level":30,"time":1774382617445,"pid":1603455,"hostname":"TempleOfZyminx","id":"785d3e33-baae-44f5-ad7c-8bad15253ebc","msg":"User joining game"}
{"level":30,"time":1774382617445,"pid":1603455,"hostname":"TempleOfZyminx","gameId":"785d3e33-baae-44f5-ad7c-8bad15253ebc","role":"defender","msg":"User joined game"}
{"level":30,"time":1774382617446,"pid":1603455,"hostname":"TempleOfZyminx","id":"785d3e33-baae-44f5-ad7c-8bad15253ebc","msg":"Fetching game state"}
{"level":30,"time":1774382617447,"pid":1603455,"hostname":"TempleOfZyminx","id":"785d3e33-baae-44f5-ad7c-8bad15253ebc","msg":"Fetching game state"}
{"level":30,"time":1774382617447,"pid":1603455,"hostname":"TempleOfZyminx","from":{"q":0,"r":10},"to":{"q":0,"r":0},"msg":"findPath: no valid path found"}
{"level":30,"time":1774382617447,"pid":1603455,"hostname":"TempleOfZyminx","from":{"q":0,"r":10},"to":{"q":0,"r":1},"msg":"findPath: no valid path found"}
{"level":30,"time":1774382617447,"pid":1603455,"hostname":"TempleOfZyminx","from":{"q":0,"r":10},"to":{"q":0,"r":2},"msg":"findPath: no valid path found"}
{"level":30,"time":1774382617447,"pid":1603455,"hostname":"TempleOfZyminx","from":{"q":0,"r":10},"to":{"q":0,"r":3},"msg":"findPath: no valid path found"}
{"level":30,"time":1774382617447,"pid":1603455,"hostname":"TempleOfZyminx","from":{"q":0,"r":10},"to":{"q":0,"r":4},"msg":"findPath: no valid path found"}
{"level":30,"time":1774382617447,"pid":1603455,"hostname":"TempleOfZyminx","from":{"q":0,"r":10},"to":{"q":0,"r":5},"msg":"findPath: no valid path found"}
{"level":30,"time":1774382617447,"pid":1603455,"hostname":"TempleOfZyminx","from":{"q":0,"r":10},"to":{"q":0,"r":6},"msg":"findPath: no valid path found"}
{"level":30,"time":1774382617448,"pid":1603455,"hostname":"TempleOfZyminx","from":{"q":0,"r":10},"to":{"q":0,"r":14},"msg":"findPath: no valid path found"}
{"level":30,"time":1774382617448,"pid":1603455,"hostname":"TempleOfZyminx","from":{"q":0,"r":10},"to":{"q":0,"r":15},"msg":"findPath: no valid path found"}
{"level":30,"time":1774382617448,"pid":1603455,"hostname":"TempleOfZyminx","from":{"q":0,"r":10},"to":{"q":0,"r":16},"msg":"findPath: no valid path found"}
{"level":30,"time":1774382617448,"pid":1603455,"hostname":"TempleOfZyminx","from":{"q":0,"r":10},"to":{"q":0,"r":17},"msg":"findPath: no valid path found"}
{"level":30,"time":1774382617448,"pid":1603455,"hostname":"TempleOfZyminx","from":{"q":0,"r":10},"to":{"q":0,"r":18},"msg":"findPath: no valid path found"}
{"level":30,"time":1774382617448,"pid":1603455,"hostname":"TempleOfZyminx","from":{"q":0,"r":10},"to":{"q":0,"r":19},"msg":"findPath: no valid path found"}
{"level":30,"time":1774382617448,"pid":1603455,"hostname":"TempleOfZyminx","from":{"q":0,"r":10},"to":{"q":0,"r":20},"msg":"findPath: no valid path found"}
{"level":30,"time":1774382617448,"pid":1603455,"hostname":"TempleOfZyminx","from":{"q":0,"r":10},"to":{"q":0,"r":21},"msg":"findPath: no valid path found"}
{"level":30,"time":1774382617448,"pid":1603455,"hostname":"TempleOfZyminx","from":{"q":0,"r":10},"to":{"q":1,"r":0},"msg":"findPath: no valid path found"}
{"level":30,"time":1774382617448,"pid":1603455,"hostname":"TempleOfZyminx","from":{"q":0,"r":10},"to":{"q":1,"r":1},"msg":"findPath: no valid path found"}
{"level":30,"time":1774382617448,"pid":1603455,"hostname":"TempleOfZyminx","from":{"q":0,"r":10},"to":{"q":1,"r":2},"msg":"findPath: no valid path found"}
{"level":30,"time":1774382617448,"pid":1603455,"hostname":"TempleOfZyminx","from":{"q":0,"r":10},"to":{"q":1,"r":3},"msg":"findPath: no valid path found"}
{"level":30,"time":1774382617448,"pid":1603455,"hostname":"TempleOfZyminx","from":{"q":0,"r":10},"to":{"q":1,"r":4},"msg":"findPath: no valid path found"}
{"level":30,"time":1774382617448,"pid":1603455,"hostname":"TempleOfZyminx","from":{"q":0,"r":10},"to":{"q":1,"r":5},"msg":"findPath: no valid path found"}
{"level":30,"time":1774382617448,"pid":1603455,"hostname":"TempleOfZyminx","from":{"q":0,"r":10},"to":{"q":1,"r":6},"msg":"findPath: no valid path found"}
{"level":30,"time":1774382617449,"pid":1603455,"hostname":"TempleOfZyminx","from":{"q":0,"r":10},"to":{"q":1,"r":13},"msg":"findPath: no valid path found"}
{"level":30,"time":1774382617449,"pid":1603455,"hostname":"TempleOfZyminx","from":{"q":0,"r":10},"to":{"q":1,"r":14},"msg":"findPath: no valid path found"}
{"level":30,"time":1774382617449,"pid":1603455,"hostname":"TempleOfZyminx","from":{"q":0,"r":10},"to":{"q":1,"r":15},"msg":"findPath: no valid path found"}
{"level":30,"time":1774382617449,"pid":1603455,"hostname":"TempleOfZyminx","from":{"q":0,"r":10},"to":{"q":1,"r":16},"msg":"findPath: no valid path found"}
{"level":30,"time":1774382617449,"pid":1603455,"hostname":"TempleOfZyminx","from":{"q":0,"r":10},"to":{"q":1,"r":17},"msg":"findPath: no valid path found"}
{"level":30,"time":1774382617449,"pid":1603455,"hostname":"TempleOfZyminx","from":{"q":0,"r":10},"to":{"q":1,"r":18},"msg":"findPath: no valid path found"}
{"level":30,"time":1774382617449,"pid":1603455,"hostname":"TempleOfZyminx","from":{"q":0,"r":10},"to":{"q":1,"r":19},"msg":"findPath: no valid path found"}
{"level":30,"time":1774382617449,"pid":1603455,"hostname":"TempleOfZyminx","from":{"q":0,"r":10},"to":{"q":1,"r":20},"msg":"findPath: no valid path found"}
{"level":30,"time":1774382617449,"pid":1603455,"hostname":"TempleOfZyminx","from":{"q":0,"r":10},"to":{"q":1,"r":21},"msg":"findPath: no valid path found"}
{"level":30,"time":1774382617449,"pid":1603455,"hostname":"TempleOfZyminx","from":{"q":0,"r":10},"to":{"q":2,"r":0},"msg":"findPath: no valid path found"}
{"level":30,"time":1774382617449,"pid":1603455,"hostname":"TempleOfZyminx","from":{"q":0,"r":10},"to":{"q":2,"r":1},"msg":"findPath: no valid path found"}
{"level":30,"time":1774382617449,"pid":1603455,"hostname":"TempleOfZyminx","from":{"q":0,"r":10},"to":{"q":2,"r":2},"msg":"findPath: no valid path found"}
{"level":30,"time":1774382617449,"pid":1603455,"hostname":"TempleOfZyminx","from":{"q":0,"r":10},"to":{"q":2,"r":3},"msg":"findPath: no valid path found"}
{"level":30,"time":1774382617449,"pid":1603455,"hostname":"TempleOfZyminx","from":{"q":0,"r":10},"to":{"q":2,"r":4},"msg":"findPath: no valid path found"}
{"level":30,"time":1774382617449,"pid":1603455,"hostname":"TempleOfZyminx","from":{"q":0,"r":10},"to":{"q":2,"r":5},"msg":"findPath: no valid path found"}
{"level":30,"time":1774382617449,"pid":1603455,"hostname":"TempleOfZyminx","from":{"q":0,"r":10},"to":{"q":2,"r":6},"msg":"findPath: no valid path found"}
{"level":30,"time":1774382617450,"pid":1603455,"hostname":"TempleOfZyminx","from":{"q":0,"r":10},"to":{"q":2,"r":12},"msg":"findPath: no valid path found"}
{"level":30,"time":1774382617450,"pid":1603455,"hostname":"TempleOfZyminx","from":{"q":0,"r":10},"to":{"q":2,"r":13},"msg":"findPath: no valid path found"}
{"level":30,"time":1774382617450,"pid":1603455,"hostname":"TempleOfZyminx","from":{"q":0,"r":10},"to":{"q":2,"r":14},"msg":"findPath: no valid path found"}
{"level":30,"time":1774382617450,"pid":1603455,"hostname":"TempleOfZyminx","from":{"q":0,"r":10},"to":{"q":2,"r":15},"msg":"findPath: no valid path found"}
{"level":30,"time":1774382617450,"pid":1603455,"hostname":"TempleOfZyminx","from":{"q":0,"r":10},"to":{"q":2,"r":16},"msg":"findPath: no valid path found"}
{"level":30,"time":1774382617450,"pid":1603455,"hostname":"TempleOfZyminx","from":{"q":0,"r":10},"to":{"q":2,"r":17},"msg":"findPath: no valid path found"}
{"level":30,"time":1774382617451,"pid":1603455,"hostname":"TempleOfZyminx","from":{"q":0,"r":10},"to":{"q":2,"r":18},"msg":"findPath: no valid path found"}
{"level":30,"time":1774382617451,"pid":1603455,"hostname":"TempleOfZyminx","from":{"q":0,"r":10},"to":{"q":2,"r":19},"msg":"findPath: no valid path found"}
{"level":30,"time":1774382617451,"pid":1603455,"hostname":"TempleOfZyminx","from":{"q":0,"r":10},"to":{"q":2,"r":20},"msg":"findPath: no valid path found"}
{"level":30,"time":1774382617451,"pid":1603455,"hostname":"TempleOfZyminx","from":{"q":0,"r":10},"to":{"q":2,"r":21},"msg":"findPath: no valid path found"}
{"level":30,"time":1774382617451,"pid":1603455,"hostname":"TempleOfZyminx","from":{"q":0,"r":10},"to":{"q":3,"r":0},"msg":"findPath: no valid path found"}
{"level":30,"time":1774382617451,"pid":1603455,"hostname":"TempleOfZyminx","from":{"q":0,"r":10},"to":{"q":3,"r":1},"msg":"findPath: no valid path found"}
{"level":30,"time":1774382617451,"pid":1603455,"hostname":"TempleOfZyminx","from":{"q":0,"r":10},"to":{"q":3,"r":2},"msg":"findPath: no valid path found"}
{"level":30,"time":1774382617451,"pid":1603455,"hostname":"TempleOfZyminx","from":{"q":0,"r":10},"to":{"q":3,"r":3},"msg":"findPath: no valid path found"}
{"level":30,"time":1774382617451,"pid":1603455,"hostname":"TempleOfZyminx","from":{"q":0,"r":10},"to":{"q":3,"r":4},"msg":"findPath: no valid path found"}
{"level":30,"time":1774382617451,"pid":1603455,"hostname":"TempleOfZyminx","from":{"q":0,"r":10},"to":{"q":3,"r":5},"msg":"findPath: no valid path found"}
{"level":30,"time":1774382617451,"pid":1603455,"hostname":"TempleOfZyminx","from":{"q":0,"r":10},"to":{"q":3,"r":6},"msg":"findPath: no valid path found"}
{"level":30,"time":1774382617451,"pid":1603455,"hostname":"TempleOfZyminx","from":{"q":0,"r":10},"to":{"q":3,"r":8},"msg":"findPath: no valid path found"}
{"level":30,"time":1774382617452,"pid":1603455,"hostname":"TempleOfZyminx","from":{"q":0,"r":10},"to":{"q":3,"r":11},"msg":"findPath: no valid path found"}
{"level":30,"time":1774382617452,"pid":1603455,"hostname":"TempleOfZyminx","from":{"q":0,"r":10},"to":{"q":3,"r":12},"msg":"findPath: no valid path found"}
{"level":30,"time":1774382617452,"pid":1603455,"hostname":"TempleOfZyminx","from":{"q":0,"r":10},"to":{"q":3,"r":13},"msg":"findPath: no valid path found"}
{"level":30,"time":1774382617452,"pid":1603455,"hostname":"TempleOfZyminx","from":{"q":0,"r":10},"to":{"q":3,"r":14},"msg":"findPath: no valid path found"}
{"level":30,"time":1774382617452,"pid":1603455,"hostname":"TempleOfZyminx","from":{"q":0,"r":10},"to":{"q":3,"r":15},"msg":"findPath: no valid path found"}
{"level":30,"time":1774382617452,"pid":1603455,"hostname":"TempleOfZyminx","from":{"q":0,"r":10},"to":{"q":3,"r":16},"msg":"findPath: no valid path found"}
{"level":30,"time":1774382617452,"pid":1603455,"hostname":"TempleOfZyminx","from":{"q":0,"r":10},"to":{"q":3,"r":17},"msg":"findPath: no valid path found"}
{"level":30,"time":1774382617452,"pid":1603455,"hostname":"TempleOfZyminx","from":{"q":0,"r":10},"to":{"q":3,"r":18},"msg":"findPath: no valid path found"}
{"level":30,"time":1774382617452,"pid":1603455,"hostname":"TempleOfZyminx","from":{"q":0,"r":10},"to":{"q":3,"r":19},"msg":"findPath: no valid path found"}
{"level":30,"time":1774382617452,"pid":1603455,"hostname":"TempleOfZyminx","from":{"q":0,"r":10},"to":{"q":3,"r":20},"msg":"findPath: no valid path found"}
{"level":30,"time":1774382617452,"pid":1603455,"hostname":"TempleOfZyminx","from":{"q":0,"r":10},"to":{"q":3,"r":21},"msg":"findPath: no valid path found"}
{"level":30,"time":1774382617452,"pid":1603455,"hostname":"TempleOfZyminx","from":{"q":0,"r":10},"to":{"q":4,"r":0},"msg":"findPath: no valid path found"}
{"level":30,"time":1774382617452,"pid":1603455,"hostname":"TempleOfZyminx","from":{"q":0,"r":10},"to":{"q":4,"r":1},"msg":"findPath: no valid path found"}
{"level":30,"time":1774382617452,"pid":1603455,"hostname":"TempleOfZyminx","from":{"q":0,"r":10},"to":{"q":4,"r":2},"msg":"findPath: no valid path found"}
{"level":30,"time":1774382617452,"pid":1603455,"hostname":"TempleOfZyminx","from":{"q":0,"r":10},"to":{"q":4,"r":3},"msg":"findPath: no valid path found"}
{"level":30,"time":1774382617452,"pid":1603455,"hostname":"TempleOfZyminx","from":{"q":0,"r":10},"to":{"q":4,"r":4},"msg":"findPath: no valid path found"}
{"level":30,"time":1774382617452,"pid":1603455,"hostname":"TempleOfZyminx","from":{"q":0,"r":10},"to":{"q":4,"r":5},"msg":"findPath: no valid path found"}
{"level":30,"time":1774382617452,"pid":1603455,"hostname":"TempleOfZyminx","from":{"q":0,"r":10},"to":{"q":4,"r":6},"msg":"findPath: no valid path found"}
{"level":30,"time":1774382617452,"pid":1603455,"hostname":"TempleOfZyminx","from":{"q":0,"r":10},"to":{"q":4,"r":8},"msg":"findPath: no valid path found"}
{"level":30,"time":1774382617453,"pid":1603455,"hostname":"TempleOfZyminx","from":{"q":0,"r":10},"to":{"q":4,"r":9},"msg":"findPath: no valid path found"}
{"level":30,"time":1774382617453,"pid":1603455,"hostname":"TempleOfZyminx","from":{"q":0,"r":10},"to":{"q":4,"r":10},"msg":"findPath: no valid path found"}
{"level":30,"time":1774382617453,"pid":1603455,"hostname":"TempleOfZyminx","from":{"q":0,"r":10},"to":{"q":4,"r":11},"msg":"findPath: no valid path found"}
{"level":30,"time":1774382617453,"pid":1603455,"hostname":"TempleOfZyminx","from":{"q":0,"r":10},"to":{"q":4,"r":12},"msg":"findPath: no valid path found"}
{"level":30,"time":1774382617453,"pid":1603455,"hostname":"TempleOfZyminx","from":{"q":0,"r":10},"to":{"q":4,"r":13},"msg":"findPath: no valid path found"}
{"level":30,"time":1774382617453,"pid":1603455,"hostname":"TempleOfZyminx","from":{"q":0,"r":10},"to":{"q":4,"r":14},"msg":"findPath: no valid path found"}
{"level":30,"time":1774382617453,"pid":1603455,"hostname":"TempleOfZyminx","from":{"q":0,"r":10},"to":{"q":4,"r":15},"msg":"findPath: no valid path found"}
{"level":30,"time":1774382617453,"pid":1603455,"hostname":"TempleOfZyminx","from":{"q":0,"r":10},"to":{"q":4,"r":16},"msg":"findPath: no valid path found"}
{"level":30,"time":1774382617453,"pid":1603455,"hostname":"TempleOfZyminx","from":{"q":0,"r":10},"to":{"q":4,"r":17},"msg":"findPath: no valid path found"}
{"level":30,"time":1774382617453,"pid":1603455,"hostname":"TempleOfZyminx","from":{"q":0,"r":10},"to":{"q":4,"r":18},"msg":"findPath: no valid path found"}
{"level":30,"time":1774382617453,"pid":1603455,"hostname":"TempleOfZyminx","from":{"q":0,"r":10},"to":{"q":4,"r":19},"msg":"findPath: no valid path found"}
{"level":30,"time":1774382617453,"pid":1603455,"hostname":"TempleOfZyminx","from":{"q":0,"r":10},"to":{"q":4,"r":20},"msg":"findPath: no valid path found"}
{"level":30,"time":1774382617453,"pid":1603455,"hostname":"TempleOfZyminx","from":{"q":0,"r":10},"to":{"q":4,"r":21},"msg":"findPath: no valid path found"}
{"level":30,"time":1774382617453,"pid":1603455,"hostname":"TempleOfZyminx","from":{"q":0,"r":10},"to":{"q":5,"r":0},"msg":"findPath: no valid path found"}
{"level":30,"time":1774382617453,"pid":1603455,"hostname":"TempleOfZyminx","from":{"q":0,"r":10},"to":{"q":5,"r":1},"msg":"findPath: no valid path found"}
{"level":30,"time":1774382617453,"pid":1603455,"hostname":"TempleOfZyminx","from":{"q":0,"r":10},"to":{"q":5,"r":2},"msg":"findPath: no valid path found"}
{"level":30,"time":1774382617453,"pid":1603455,"hostname":"TempleOfZyminx","from":{"q":0,"r":10},"to":{"q":5,"r":3},"msg":"findPath: no valid path found"}
{"level":30,"time":1774382617453,"pid":1603455,"hostname":"TempleOfZyminx","from":{"q":0,"r":10},"to":{"q":5,"r":4},"msg":"findPath: no valid path found"}
{"level":30,"time":1774382617454,"pid":1603455,"hostname":"TempleOfZyminx","from":{"q":0,"r":10},"to":{"q":5,"r":5},"msg":"findPath: no valid path found"}
{"level":30,"time":1774382617454,"pid":1603455,"hostname":"TempleOfZyminx","from":{"q":0,"r":10},"to":{"q":5,"r":8},"msg":"findPath: no valid path found"}
{"level":30,"time":1774382617454,"pid":1603455,"hostname":"TempleOfZyminx","from":{"q":0,"r":10},"to":{"q":5,"r":9},"msg":"findPath: no valid path found"}
{"level":30,"time":1774382617454,"pid":1603455,"hostname":"TempleOfZyminx","from":{"q":0,"r":10},"to":{"q":5,"r":10},"msg":"findPath: no valid path found"}
{"level":30,"time":1774382617454,"pid":1603455,"hostname":"TempleOfZyminx","from":{"q":0,"r":10},"to":{"q":5,"r":11},"msg":"findPath: no valid path found"}
{"level":30,"time":1774382617454,"pid":1603455,"hostname":"TempleOfZyminx","from":{"q":0,"r":10},"to":{"q":5,"r":12},"msg":"findPath: no valid path found"}
{"level":30,"time":1774382617454,"pid":1603455,"hostname":"TempleOfZyminx","from":{"q":0,"r":10},"to":{"q":5,"r":13},"msg":"findPath: no valid path found"}
{"level":30,"time":1774382617454,"pid":1603455,"hostname":"TempleOfZyminx","from":{"q":0,"r":10},"to":{"q":5,"r":14},"msg":"findPath: no valid path found"}
{"level":30,"time":1774382617454,"pid":1603455,"hostname":"TempleOfZyminx","from":{"q":0,"r":10},"to":{"q":5,"r":15},"msg":"findPath: no valid path found"}
{"level":30,"time":1774382617454,"pid":1603455,"hostname":"TempleOfZyminx","from":{"q":0,"r":10},"to":{"q":5,"r":16},"msg":"findPath: no valid path found"}
{"level":30,"time":1774382617454,"pid":1603455,"hostname":"TempleOfZyminx","from":{"q":0,"r":10},"to":{"q":5,"r":17},"msg":"findPath: no valid path found"}
{"level":30,"time":1774382617454,"pid":1603455,"hostname":"TempleOfZyminx","from":{"q":0,"r":10},"to":{"q":5,"r":18},"msg":"findPath: no valid path found"}
{"level":30,"time":1774382617454,"pid":1603455,"hostname":"TempleOfZyminx","from":{"q":0,"r":10},"to":{"q":5,"r":19},"msg":"findPath: no valid path found"}
{"level":30,"time":1774382617454,"pid":1603455,"hostname":"TempleOfZyminx","from":{"q":0,"r":10},"to":{"q":5,"r":20},"msg":"findPath: no valid path found"}
{"level":30,"time":1774382617454,"pid":1603455,"hostname":"TempleOfZyminx","from":{"q":0,"r":10},"to":{"q":5,"r":21},"msg":"findPath: no valid path found"}
{"level":30,"time":1774382617454,"pid":1603455,"hostname":"TempleOfZyminx","from":{"q":0,"r":10},"to":{"q":6,"r":0},"msg":"findPath: no valid path found"}
{"level":30,"time":1774382617454,"pid":1603455,"hostname":"TempleOfZyminx","from":{"q":0,"r":10},"to":{"q":6,"r":1},"msg":"findPath: no valid path found"}
{"level":30,"time":1774382617454,"pid":1603455,"hostname":"TempleOfZyminx","from":{"q":0,"r":10},"to":{"q":6,"r":2},"msg":"findPath: no valid path found"}
{"level":30,"time":1774382617455,"pid":1603455,"hostname":"TempleOfZyminx","from":{"q":0,"r":10},"to":{"q":6,"r":3},"msg":"findPath: no valid path found"}
{"level":30,"time":1774382617455,"pid":1603455,"hostname":"TempleOfZyminx","from":{"q":0,"r":10},"to":{"q":6,"r":5},"msg":"findPath: no valid path found"}
{"level":30,"time":1774382617455,"pid":1603455,"hostname":"TempleOfZyminx","from":{"q":0,"r":10},"to":{"q":6,"r":7},"msg":"findPath: no valid path found"}
{"level":30,"time":1774382617455,"pid":1603455,"hostname":"TempleOfZyminx","from":{"q":0,"r":10},"to":{"q":6,"r":8},"msg":"findPath: no valid path found"}
{"level":30,"time":1774382617455,"pid":1603455,"hostname":"TempleOfZyminx","from":{"q":0,"r":10},"to":{"q":6,"r":9},"msg":"findPath: no valid path found"}
{"level":30,"time":1774382617455,"pid":1603455,"hostname":"TempleOfZyminx","from":{"q":0,"r":10},"to":{"q":6,"r":10},"msg":"findPath: no valid path found"}
{"level":30,"time":1774382617455,"pid":1603455,"hostname":"TempleOfZyminx","from":{"q":0,"r":10},"to":{"q":6,"r":11},"msg":"findPath: no valid path found"}
{"level":30,"time":1774382617455,"pid":1603455,"hostname":"TempleOfZyminx","from":{"q":0,"r":10},"to":{"q":6,"r":12},"msg":"findPath: no valid path found"}
{"level":30,"time":1774382617455,"pid":1603455,"hostname":"TempleOfZyminx","from":{"q":0,"r":10},"to":{"q":6,"r":13},"msg":"findPath: no valid path found"}
{"level":30,"time":1774382617455,"pid":1603455,"hostname":"TempleOfZyminx","from":{"q":0,"r":10},"to":{"q":6,"r":14},"msg":"findPath: no valid path found"}
{"level":30,"time":1774382617455,"pid":1603455,"hostname":"TempleOfZyminx","from":{"q":0,"r":10},"to":{"q":6,"r":15},"msg":"findPath: no valid path found"}
{"level":30,"time":1774382617455,"pid":1603455,"hostname":"TempleOfZyminx","from":{"q":0,"r":10},"to":{"q":6,"r":16},"msg":"findPath: no valid path found"}
{"level":30,"time":1774382617455,"pid":1603455,"hostname":"TempleOfZyminx","from":{"q":0,"r":10},"to":{"q":6,"r":17},"msg":"findPath: no valid path found"}
{"level":30,"time":1774382617455,"pid":1603455,"hostname":"TempleOfZyminx","from":{"q":0,"r":10},"to":{"q":6,"r":18},"msg":"findPath: no valid path found"}
{"level":30,"time":1774382617455,"pid":1603455,"hostname":"TempleOfZyminx","from":{"q":0,"r":10},"to":{"q":6,"r":19},"msg":"findPath: no valid path found"}
{"level":30,"time":1774382617455,"pid":1603455,"hostname":"TempleOfZyminx","from":{"q":0,"r":10},"to":{"q":6,"r":20},"msg":"findPath: no valid path found"}
{"level":30,"time":1774382617455,"pid":1603455,"hostname":"TempleOfZyminx","from":{"q":0,"r":10},"to":{"q":6,"r":21},"msg":"findPath: no valid path found"}
{"level":30,"time":1774382617455,"pid":1603455,"hostname":"TempleOfZyminx","from":{"q":0,"r":10},"to":{"q":7,"r":0},"msg":"findPath: no valid path found"}
{"level":30,"time":1774382617455,"pid":1603455,"hostname":"TempleOfZyminx","from":{"q":0,"r":10},"to":{"q":7,"r":1},"msg":"findPath: no valid path found"}
{"level":30,"time":1774382617455,"pid":1603455,"hostname":"TempleOfZyminx","from":{"q":0,"r":10},"to":{"q":7,"r":2},"msg":"findPath: no valid path found"}
{"level":30,"time":1774382617456,"pid":1603455,"hostname":"TempleOfZyminx","from":{"q":0,"r":10},"to":{"q":7,"r":4},"msg":"findPath: no valid path found"}
{"level":30,"time":1774382617456,"pid":1603455,"hostname":"TempleOfZyminx","from":{"q":0,"r":10},"to":{"q":7,"r":5},"msg":"findPath: no valid path found"}
{"level":30,"time":1774382617456,"pid":1603455,"hostname":"TempleOfZyminx","from":{"q":0,"r":10},"to":{"q":7,"r":6},"msg":"findPath: no valid path found"}
{"level":30,"time":1774382617456,"pid":1603455,"hostname":"TempleOfZyminx","from":{"q":0,"r":10},"to":{"q":7,"r":7},"msg":"findPath: no valid path found"}
{"level":30,"time":1774382617456,"pid":1603455,"hostname":"TempleOfZyminx","from":{"q":0,"r":10},"to":{"q":7,"r":8},"msg":"findPath: no valid path found"}
{"level":30,"time":1774382617456,"pid":1603455,"hostname":"TempleOfZyminx","from":{"q":0,"r":10},"to":{"q":7,"r":9},"msg":"findPath: no valid path found"}
{"level":30,"time":1774382617456,"pid":1603455,"hostname":"TempleOfZyminx","from":{"q":0,"r":10},"to":{"q":7,"r":10},"msg":"findPath: no valid path found"}
{"level":30,"time":1774382617456,"pid":1603455,"hostname":"TempleOfZyminx","from":{"q":0,"r":10},"to":{"q":7,"r":11},"msg":"findPath: no valid path found"}
{"level":30,"time":1774382617456,"pid":1603455,"hostname":"TempleOfZyminx","from":{"q":0,"r":10},"to":{"q":7,"r":12},"msg":"findPath: no valid path found"}
{"level":30,"time":1774382617456,"pid":1603455,"hostname":"TempleOfZyminx","from":{"q":0,"r":10},"to":{"q":7,"r":13},"msg":"findPath: no valid path found"}
{"level":30,"time":1774382617456,"pid":1603455,"hostname":"TempleOfZyminx","from":{"q":0,"r":10},"to":{"q":7,"r":14},"msg":"findPath: no valid path found"}
{"level":30,"time":1774382617456,"pid":1603455,"hostname":"TempleOfZyminx","from":{"q":0,"r":10},"to":{"q":7,"r":15},"msg":"findPath: no valid path found"}
{"level":30,"time":1774382617456,"pid":1603455,"hostname":"TempleOfZyminx","from":{"q":0,"r":10},"to":{"q":7,"r":16},"msg":"findPath: no valid path found"}
{"level":30,"time":1774382617456,"pid":1603455,"hostname":"TempleOfZyminx","from":{"q":0,"r":10},"to":{"q":7,"r":17},"msg":"findPath: no valid path found"}
{"level":30,"time":1774382617456,"pid":1603455,"hostname":"TempleOfZyminx","from":{"q":0,"r":10},"to":{"q":7,"r":18},"msg":"findPath: no valid path found"}
{"level":30,"time":1774382617456,"pid":1603455,"hostname":"TempleOfZyminx","from":{"q":0,"r":10},"to":{"q":7,"r":19},"msg":"findPath: no valid path found"}
{"level":30,"time":1774382617456,"pid":1603455,"hostname":"TempleOfZyminx","from":{"q":0,"r":10},"to":{"q":7,"r":20},"msg":"findPath: no valid path found"}
{"level":30,"time":1774382617457,"pid":1603455,"hostname":"TempleOfZyminx","from":{"q":0,"r":10},"to":{"q":7,"r":21},"msg":"findPath: no valid path found"}
{"level":30,"time":1774382617457,"pid":1603455,"hostname":"TempleOfZyminx","from":{"q":0,"r":10},"to":{"q":8,"r":0},"msg":"findPath: no valid path found"}
{"level":30,"time":1774382617457,"pid":1603455,"hostname":"TempleOfZyminx","from":{"q":0,"r":10},"to":{"q":8,"r":1},"msg":"findPath: no valid path found"}
{"level":30,"time":1774382617457,"pid":1603455,"hostname":"TempleOfZyminx","from":{"q":0,"r":10},"to":{"q":8,"r":2},"msg":"findPath: no valid path found"}
{"level":30,"time":1774382617457,"pid":1603455,"hostname":"TempleOfZyminx","from":{"q":0,"r":10},"to":{"q":8,"r":3},"msg":"findPath: no valid path found"}
{"level":30,"time":1774382617457,"pid":1603455,"hostname":"TempleOfZyminx","from":{"q":0,"r":10},"to":{"q":8,"r":4},"msg":"findPath: no valid path found"}
{"level":30,"time":1774382617458,"pid":1603455,"hostname":"TempleOfZyminx","from":{"q":0,"r":10},"to":{"q":8,"r":5},"msg":"findPath: no valid path found"}
{"level":30,"time":1774382617458,"pid":1603455,"hostname":"TempleOfZyminx","from":{"q":0,"r":10},"to":{"q":8,"r":6},"msg":"findPath: no valid path found"}
{"level":30,"time":1774382617458,"pid":1603455,"hostname":"TempleOfZyminx","from":{"q":0,"r":10},"to":{"q":8,"r":7},"msg":"findPath: no valid path found"}
{"level":30,"time":1774382617458,"pid":1603455,"hostname":"TempleOfZyminx","from":{"q":0,"r":10},"to":{"q":8,"r":8},"msg":"findPath: no valid path found"}
{"level":30,"time":1774382617458,"pid":1603455,"hostname":"TempleOfZyminx","from":{"q":0,"r":10},"to":{"q":8,"r":9},"msg":"findPath: no valid path found"}
{"level":30,"time":1774382617458,"pid":1603455,"hostname":"TempleOfZyminx","from":{"q":0,"r":10},"to":{"q":8,"r":10},"msg":"findPath: no valid path found"}
{"level":30,"time":1774382617458,"pid":1603455,"hostname":"TempleOfZyminx","from":{"q":0,"r":10},"to":{"q":8,"r":11},"msg":"findPath: no valid path found"}
{"level":30,"time":1774382617458,"pid":1603455,"hostname":"TempleOfZyminx","from":{"q":0,"r":10},"to":{"q":8,"r":12},"msg":"findPath: no valid path found"}
{"level":30,"time":1774382617458,"pid":1603455,"hostname":"TempleOfZyminx","from":{"q":0,"r":10},"to":{"q":8,"r":13},"msg":"findPath: no valid path found"}
{"level":30,"time":1774382617458,"pid":1603455,"hostname":"TempleOfZyminx","from":{"q":0,"r":10},"to":{"q":8,"r":14},"msg":"findPath: no valid path found"}
{"level":30,"time":1774382617458,"pid":1603455,"hostname":"TempleOfZyminx","from":{"q":0,"r":10},"to":{"q":8,"r":15},"msg":"findPath: no valid path found"}
{"level":30,"time":1774382617458,"pid":1603455,"hostname":"TempleOfZyminx","from":{"q":0,"r":10},"to":{"q":8,"r":16},"msg":"findPath: no valid path found"}
{"level":30,"time":1774382617458,"pid":1603455,"hostname":"TempleOfZyminx","from":{"q":0,"r":10},"to":{"q":8,"r":17},"msg":"findPath: no valid path found"}
{"level":30,"time":1774382617458,"pid":1603455,"hostname":"TempleOfZyminx","from":{"q":0,"r":10},"to":{"q":8,"r":18},"msg":"findPath: no valid path found"}
{"level":30,"time":1774382617458,"pid":1603455,"hostname":"TempleOfZyminx","from":{"q":0,"r":10},"to":{"q":8,"r":19},"msg":"findPath: no valid path found"}
{"level":30,"time":1774382617458,"pid":1603455,"hostname":"TempleOfZyminx","from":{"q":0,"r":10},"to":{"q":8,"r":20},"msg":"findPath: no valid path found"}
{"level":30,"time":1774382617458,"pid":1603455,"hostname":"TempleOfZyminx","from":{"q":0,"r":10},"to":{"q":8,"r":21},"msg":"findPath: no valid path found"}
{"level":30,"time":1774382617458,"pid":1603455,"hostname":"TempleOfZyminx","from":{"q":0,"r":10},"to":{"q":9,"r":0},"msg":"findPath: no valid path found"}
{"level":30,"time":1774382617458,"pid":1603455,"hostname":"TempleOfZyminx","from":{"q":0,"r":10},"to":{"q":9,"r":1},"msg":"findPath: no valid path found"}
{"level":30,"time":1774382617458,"pid":1603455,"hostname":"TempleOfZyminx","from":{"q":0,"r":10},"to":{"q":9,"r":2},"msg":"findPath: no valid path found"}
{"level":30,"time":1774382617458,"pid":1603455,"hostname":"TempleOfZyminx","from":{"q":0,"r":10},"to":{"q":9,"r":3},"msg":"findPath: no valid path found"}
{"level":30,"time":1774382617458,"pid":1603455,"hostname":"TempleOfZyminx","from":{"q":0,"r":10},"to":{"q":9,"r":4},"msg":"findPath: no valid path found"}
{"level":30,"time":1774382617458,"pid":1603455,"hostname":"TempleOfZyminx","from":{"q":0,"r":10},"to":{"q":9,"r":5},"msg":"findPath: no valid path found"}
{"level":30,"time":1774382617458,"pid":1603455,"hostname":"TempleOfZyminx","from":{"q":0,"r":10},"to":{"q":9,"r":6},"msg":"findPath: no valid path found"}
{"level":30,"time":1774382617459,"pid":1603455,"hostname":"TempleOfZyminx","from":{"q":0,"r":10},"to":{"q":9,"r":7},"msg":"findPath: no valid path found"}
{"level":30,"time":1774382617459,"pid":1603455,"hostname":"TempleOfZyminx","from":{"q":0,"r":10},"to":{"q":9,"r":8},"msg":"findPath: no valid path found"}
{"level":30,"time":1774382617459,"pid":1603455,"hostname":"TempleOfZyminx","from":{"q":0,"r":10},"to":{"q":9,"r":9},"msg":"findPath: no valid path found"}
{"level":30,"time":1774382617459,"pid":1603455,"hostname":"TempleOfZyminx","from":{"q":0,"r":10},"to":{"q":9,"r":10},"msg":"findPath: no valid path found"}
{"level":30,"time":1774382617459,"pid":1603455,"hostname":"TempleOfZyminx","from":{"q":0,"r":10},"to":{"q":9,"r":11},"msg":"findPath: no valid path found"}
{"level":30,"time":1774382617459,"pid":1603455,"hostname":"TempleOfZyminx","from":{"q":0,"r":10},"to":{"q":9,"r":12},"msg":"findPath: no valid path found"}
{"level":30,"time":1774382617459,"pid":1603455,"hostname":"TempleOfZyminx","from":{"q":0,"r":10},"to":{"q":9,"r":13},"msg":"findPath: no valid path found"}
{"level":30,"time":1774382617459,"pid":1603455,"hostname":"TempleOfZyminx","from":{"q":0,"r":10},"to":{"q":9,"r":14},"msg":"findPath: no valid path found"}
{"level":30,"time":1774382617459,"pid":1603455,"hostname":"TempleOfZyminx","from":{"q":0,"r":10},"to":{"q":9,"r":15},"msg":"findPath: no valid path found"}
{"level":30,"time":1774382617459,"pid":1603455,"hostname":"TempleOfZyminx","from":{"q":0,"r":10},"to":{"q":9,"r":16},"msg":"findPath: no valid path found"}
{"level":30,"time":1774382617459,"pid":1603455,"hostname":"TempleOfZyminx","from":{"q":0,"r":10},"to":{"q":9,"r":17},"msg":"findPath: no valid path found"}
{"level":30,"time":1774382617459,"pid":1603455,"hostname":"TempleOfZyminx","from":{"q":0,"r":10},"to":{"q":9,"r":18},"msg":"findPath: no valid path found"}
{"level":30,"time":1774382617459,"pid":1603455,"hostname":"TempleOfZyminx","from":{"q":0,"r":10},"to":{"q":9,"r":19},"msg":"findPath: no valid path found"}
{"level":30,"time":1774382617459,"pid":1603455,"hostname":"TempleOfZyminx","from":{"q":0,"r":10},"to":{"q":9,"r":20},"msg":"findPath: no valid path found"}
{"level":30,"time":1774382617459,"pid":1603455,"hostname":"TempleOfZyminx","from":{"q":0,"r":10},"to":{"q":9,"r":21},"msg":"findPath: no valid path found"}
{"level":30,"time":1774382617459,"pid":1603455,"hostname":"TempleOfZyminx","from":{"q":0,"r":10},"to":{"q":10,"r":0},"msg":"findPath: no valid path found"}
{"level":30,"time":1774382617459,"pid":1603455,"hostname":"TempleOfZyminx","from":{"q":0,"r":10},"to":{"q":10,"r":1},"msg":"findPath: no valid path found"}
{"level":30,"time":1774382617459,"pid":1603455,"hostname":"TempleOfZyminx","from":{"q":0,"r":10},"to":{"q":10,"r":2},"msg":"findPath: no valid path found"}
{"level":30,"time":1774382617460,"pid":1603455,"hostname":"TempleOfZyminx","from":{"q":0,"r":10},"to":{"q":10,"r":3},"msg":"findPath: no valid path found"}
{"level":30,"time":1774382617460,"pid":1603455,"hostname":"TempleOfZyminx","from":{"q":0,"r":10},"to":{"q":10,"r":4},"msg":"findPath: no valid path found"}
{"level":30,"time":1774382617460,"pid":1603455,"hostname":"TempleOfZyminx","from":{"q":0,"r":10},"to":{"q":10,"r":5},"msg":"findPath: no valid path found"}
{"level":30,"time":1774382617460,"pid":1603455,"hostname":"TempleOfZyminx","from":{"q":0,"r":10},"to":{"q":10,"r":6},"msg":"findPath: no valid path found"}
{"level":30,"time":1774382617460,"pid":1603455,"hostname":"TempleOfZyminx","from":{"q":0,"r":10},"to":{"q":10,"r":7},"msg":"findPath: no valid path found"}
{"level":30,"time":1774382617460,"pid":1603455,"hostname":"TempleOfZyminx","from":{"q":0,"r":10},"to":{"q":10,"r":8},"msg":"findPath: no valid path found"}
{"level":30,"time":1774382617460,"pid":1603455,"hostname":"TempleOfZyminx","from":{"q":0,"r":10},"to":{"q":10,"r":9},"msg":"findPath: no valid path found"}
{"level":30,"time":1774382617460,"pid":1603455,"hostname":"TempleOfZyminx","from":{"q":0,"r":10},"to":{"q":10,"r":10},"msg":"findPath: no valid path found"}
{"level":30,"time":1774382617460,"pid":1603455,"hostname":"TempleOfZyminx","from":{"q":0,"r":10},"to":{"q":10,"r":11},"msg":"findPath: no valid path found"}
{"level":30,"time":1774382617460,"pid":1603455,"hostname":"TempleOfZyminx","from":{"q":0,"r":10},"to":{"q":10,"r":12},"msg":"findPath: no valid path found"}
{"level":30,"time":1774382617461,"pid":1603455,"hostname":"TempleOfZyminx","from":{"q":0,"r":10},"to":{"q":10,"r":13},"msg":"findPath: no valid path found"}
{"level":30,"time":1774382617461,"pid":1603455,"hostname":"TempleOfZyminx","from":{"q":0,"r":10},"to":{"q":10,"r":14},"msg":"findPath: no valid path found"}
{"level":30,"time":1774382617461,"pid":1603455,"hostname":"TempleOfZyminx","from":{"q":0,"r":10},"to":{"q":10,"r":15},"msg":"findPath: no valid path found"}
{"level":30,"time":1774382617461,"pid":1603455,"hostname":"TempleOfZyminx","from":{"q":0,"r":10},"to":{"q":10,"r":16},"msg":"findPath: no valid path found"}
{"level":30,"time":1774382617461,"pid":1603455,"hostname":"TempleOfZyminx","from":{"q":0,"r":10},"to":{"q":10,"r":17},"msg":"findPath: no valid path found"}
{"level":30,"time":1774382617461,"pid":1603455,"hostname":"TempleOfZyminx","from":{"q":0,"r":10},"to":{"q":10,"r":18},"msg":"findPath: no valid path found"}
{"level":30,"time":1774382617461,"pid":1603455,"hostname":"TempleOfZyminx","from":{"q":0,"r":10},"to":{"q":10,"r":19},"msg":"findPath: no valid path found"}
{"level":30,"time":1774382617461,"pid":1603455,"hostname":"TempleOfZyminx","from":{"q":0,"r":10},"to":{"q":10,"r":20},"msg":"findPath: no valid path found"}
{"level":30,"time":1774382617461,"pid":1603455,"hostname":"TempleOfZyminx","from":{"q":0,"r":10},"to":{"q":10,"r":21},"msg":"findPath: no valid path found"}
{"level":30,"time":1774382617461,"pid":1603455,"hostname":"TempleOfZyminx","from":{"q":0,"r":10},"to":{"q":11,"r":0},"msg":"findPath: no valid path found"}
{"level":30,"time":1774382617461,"pid":1603455,"hostname":"TempleOfZyminx","from":{"q":0,"r":10},"to":{"q":11,"r":1},"msg":"findPath: no valid path found"}
{"level":30,"time":1774382617461,"pid":1603455,"hostname":"TempleOfZyminx","from":{"q":0,"r":10},"to":{"q":11,"r":2},"msg":"findPath: no valid path found"}
{"level":30,"time":1774382617462,"pid":1603455,"hostname":"TempleOfZyminx","from":{"q":0,"r":10},"to":{"q":11,"r":3},"msg":"findPath: no valid path found"}
{"level":30,"time":1774382617462,"pid":1603455,"hostname":"TempleOfZyminx","from":{"q":0,"r":10},"to":{"q":11,"r":4},"msg":"findPath: no valid path found"}
{"level":30,"time":1774382617462,"pid":1603455,"hostname":"TempleOfZyminx","from":{"q":0,"r":10},"to":{"q":11,"r":5},"msg":"findPath: no valid path found"}
{"level":30,"time":1774382617462,"pid":1603455,"hostname":"TempleOfZyminx","from":{"q":0,"r":10},"to":{"q":11,"r":6},"msg":"findPath: no valid path found"}
{"level":30,"time":1774382617462,"pid":1603455,"hostname":"TempleOfZyminx","from":{"q":0,"r":10},"to":{"q":11,"r":7},"msg":"findPath: no valid path found"}
{"level":30,"time":1774382617462,"pid":1603455,"hostname":"TempleOfZyminx","from":{"q":0,"r":10},"to":{"q":11,"r":8},"msg":"findPath: no valid path found"}
{"level":30,"time":1774382617462,"pid":1603455,"hostname":"TempleOfZyminx","from":{"q":0,"r":10},"to":{"q":11,"r":9},"msg":"findPath: no valid path found"}
{"level":30,"time":1774382617462,"pid":1603455,"hostname":"TempleOfZyminx","from":{"q":0,"r":10},"to":{"q":11,"r":10},"msg":"findPath: no valid path found"}
{"level":30,"time":1774382617462,"pid":1603455,"hostname":"TempleOfZyminx","from":{"q":0,"r":10},"to":{"q":11,"r":11},"msg":"findPath: no valid path found"}
{"level":30,"time":1774382617462,"pid":1603455,"hostname":"TempleOfZyminx","from":{"q":0,"r":10},"to":{"q":11,"r":12},"msg":"findPath: no valid path found"}
{"level":30,"time":1774382617462,"pid":1603455,"hostname":"TempleOfZyminx","from":{"q":0,"r":10},"to":{"q":11,"r":13},"msg":"findPath: no valid path found"}
{"level":30,"time":1774382617462,"pid":1603455,"hostname":"TempleOfZyminx","from":{"q":0,"r":10},"to":{"q":11,"r":14},"msg":"findPath: no valid path found"}
{"level":30,"time":1774382617462,"pid":1603455,"hostname":"TempleOfZyminx","from":{"q":0,"r":10},"to":{"q":11,"r":15},"msg":"findPath: no valid path found"}
{"level":30,"time":1774382617462,"pid":1603455,"hostname":"TempleOfZyminx","from":{"q":0,"r":10},"to":{"q":11,"r":16},"msg":"findPath: no valid path found"}
{"level":30,"time":1774382617462,"pid":1603455,"hostname":"TempleOfZyminx","from":{"q":0,"r":10},"to":{"q":11,"r":17},"msg":"findPath: no valid path found"}
{"level":30,"time":1774382617462,"pid":1603455,"hostname":"TempleOfZyminx","from":{"q":0,"r":10},"to":{"q":11,"r":18},"msg":"findPath: no valid path found"}
{"level":30,"time":1774382617462,"pid":1603455,"hostname":"TempleOfZyminx","from":{"q":0,"r":10},"to":{"q":11,"r":19},"msg":"findPath: no valid path found"}
{"level":30,"time":1774382617462,"pid":1603455,"hostname":"TempleOfZyminx","from":{"q":0,"r":10},"to":{"q":11,"r":20},"msg":"findPath: no valid path found"}
{"level":30,"time":1774382617462,"pid":1603455,"hostname":"TempleOfZyminx","from":{"q":0,"r":10},"to":{"q":11,"r":21},"msg":"findPath: no valid path found"}
{"level":30,"time":1774382617462,"pid":1603455,"hostname":"TempleOfZyminx","from":{"q":0,"r":10},"to":{"q":12,"r":0},"msg":"findPath: no valid path found"}
{"level":30,"time":1774382617462,"pid":1603455,"hostname":"TempleOfZyminx","from":{"q":0,"r":10},"to":{"q":12,"r":1},"msg":"findPath: no valid path found"}
{"level":30,"time":1774382617462,"pid":1603455,"hostname":"TempleOfZyminx","from":{"q":0,"r":10},"to":{"q":12,"r":2},"msg":"findPath: no valid path found"}
{"level":30,"time":1774382617462,"pid":1603455,"hostname":"TempleOfZyminx","from":{"q":0,"r":10},"to":{"q":12,"r":3},"msg":"findPath: no valid path found"}
{"level":30,"time":1774382617463,"pid":1603455,"hostname":"TempleOfZyminx","from":{"q":0,"r":10},"to":{"q":12,"r":4},"msg":"findPath: no valid path found"}
{"level":30,"time":1774382617463,"pid":1603455,"hostname":"TempleOfZyminx","from":{"q":0,"r":10},"to":{"q":12,"r":5},"msg":"findPath: no valid path found"}
{"level":30,"time":1774382617463,"pid":1603455,"hostname":"TempleOfZyminx","from":{"q":0,"r":10},"to":{"q":12,"r":6},"msg":"findPath: no valid path found"}
{"level":30,"time":1774382617463,"pid":1603455,"hostname":"TempleOfZyminx","from":{"q":0,"r":10},"to":{"q":12,"r":7},"msg":"findPath: no valid path found"}
{"level":30,"time":1774382617463,"pid":1603455,"hostname":"TempleOfZyminx","from":{"q":0,"r":10},"to":{"q":12,"r":8},"msg":"findPath: no valid path found"}
{"level":30,"time":1774382617463,"pid":1603455,"hostname":"TempleOfZyminx","from":{"q":0,"r":10},"to":{"q":12,"r":9},"msg":"findPath: no valid path found"}
{"level":30,"time":1774382617463,"pid":1603455,"hostname":"TempleOfZyminx","from":{"q":0,"r":10},"to":{"q":12,"r":10},"msg":"findPath: no valid path found"}
{"level":30,"time":1774382617463,"pid":1603455,"hostname":"TempleOfZyminx","from":{"q":0,"r":10},"to":{"q":12,"r":11},"msg":"findPath: no valid path found"}
{"level":30,"time":1774382617463,"pid":1603455,"hostname":"TempleOfZyminx","from":{"q":0,"r":10},"to":{"q":12,"r":12},"msg":"findPath: no valid path found"}
{"level":30,"time":1774382617463,"pid":1603455,"hostname":"TempleOfZyminx","from":{"q":0,"r":10},"to":{"q":12,"r":13},"msg":"findPath: no valid path found"}
{"level":30,"time":1774382617463,"pid":1603455,"hostname":"TempleOfZyminx","from":{"q":0,"r":10},"to":{"q":12,"r":14},"msg":"findPath: no valid path found"}
{"level":30,"time":1774382617463,"pid":1603455,"hostname":"TempleOfZyminx","from":{"q":0,"r":10},"to":{"q":12,"r":15},"msg":"findPath: no valid path found"}
{"level":30,"time":1774382617463,"pid":1603455,"hostname":"TempleOfZyminx","from":{"q":0,"r":10},"to":{"q":12,"r":16},"msg":"findPath: no valid path found"}
{"level":30,"time":1774382617463,"pid":1603455,"hostname":"TempleOfZyminx","from":{"q":0,"r":10},"to":{"q":12,"r":17},"msg":"findPath: no valid path found"}
{"level":30,"time":1774382617464,"pid":1603455,"hostname":"TempleOfZyminx","from":{"q":0,"r":10},"to":{"q":12,"r":18},"msg":"findPath: no valid path found"}
{"level":30,"time":1774382617464,"pid":1603455,"hostname":"TempleOfZyminx","from":{"q":0,"r":10},"to":{"q":12,"r":19},"msg":"findPath: no valid path found"}
{"level":30,"time":1774382617464,"pid":1603455,"hostname":"TempleOfZyminx","from":{"q":0,"r":10},"to":{"q":12,"r":20},"msg":"findPath: no valid path found"}
{"level":30,"time":1774382617464,"pid":1603455,"hostname":"TempleOfZyminx","from":{"q":0,"r":10},"to":{"q":12,"r":21},"msg":"findPath: no valid path found"}
{"level":30,"time":1774382617464,"pid":1603455,"hostname":"TempleOfZyminx","from":{"q":0,"r":10},"to":{"q":13,"r":0},"msg":"findPath: no valid path found"}
{"level":30,"time":1774382617464,"pid":1603455,"hostname":"TempleOfZyminx","from":{"q":0,"r":10},"to":{"q":13,"r":1},"msg":"findPath: no valid path found"}
{"level":30,"time":1774382617464,"pid":1603455,"hostname":"TempleOfZyminx","from":{"q":0,"r":10},"to":{"q":13,"r":2},"msg":"findPath: no valid path found"}
{"level":30,"time":1774382617464,"pid":1603455,"hostname":"TempleOfZyminx","from":{"q":0,"r":10},"to":{"q":13,"r":3},"msg":"findPath: no valid path found"}
{"level":30,"time":1774382617464,"pid":1603455,"hostname":"TempleOfZyminx","from":{"q":0,"r":10},"to":{"q":13,"r":4},"msg":"findPath: no valid path found"}
{"level":30,"time":1774382617464,"pid":1603455,"hostname":"TempleOfZyminx","from":{"q":0,"r":10},"to":{"q":13,"r":5},"msg":"findPath: no valid path found"}
{"level":30,"time":1774382617465,"pid":1603455,"hostname":"TempleOfZyminx","from":{"q":0,"r":10},"to":{"q":13,"r":6},"msg":"findPath: no valid path found"}
{"level":30,"time":1774382617465,"pid":1603455,"hostname":"TempleOfZyminx","from":{"q":0,"r":10},"to":{"q":13,"r":7},"msg":"findPath: no valid path found"}
{"level":30,"time":1774382617465,"pid":1603455,"hostname":"TempleOfZyminx","from":{"q":0,"r":10},"to":{"q":13,"r":8},"msg":"findPath: no valid path found"}
{"level":30,"time":1774382617465,"pid":1603455,"hostname":"TempleOfZyminx","from":{"q":0,"r":10},"to":{"q":13,"r":9},"msg":"findPath: no valid path found"}
{"level":30,"time":1774382617465,"pid":1603455,"hostname":"TempleOfZyminx","from":{"q":0,"r":10},"to":{"q":13,"r":10},"msg":"findPath: no valid path found"}
{"level":30,"time":1774382617465,"pid":1603455,"hostname":"TempleOfZyminx","from":{"q":0,"r":10},"to":{"q":13,"r":11},"msg":"findPath: no valid path found"}
{"level":30,"time":1774382617465,"pid":1603455,"hostname":"TempleOfZyminx","from":{"q":0,"r":10},"to":{"q":13,"r":12},"msg":"findPath: no valid path found"}
{"level":30,"time":1774382617465,"pid":1603455,"hostname":"TempleOfZyminx","from":{"q":0,"r":10},"to":{"q":13,"r":13},"msg":"findPath: no valid path found"}
{"level":30,"time":1774382617465,"pid":1603455,"hostname":"TempleOfZyminx","from":{"q":0,"r":10},"to":{"q":13,"r":14},"msg":"findPath: no valid path found"}
{"level":30,"time":1774382617465,"pid":1603455,"hostname":"TempleOfZyminx","from":{"q":0,"r":10},"to":{"q":13,"r":15},"msg":"findPath: no valid path found"}
{"level":30,"time":1774382617465,"pid":1603455,"hostname":"TempleOfZyminx","from":{"q":0,"r":10},"to":{"q":13,"r":16},"msg":"findPath: no valid path found"}
{"level":30,"time":1774382617465,"pid":1603455,"hostname":"TempleOfZyminx","from":{"q":0,"r":10},"to":{"q":13,"r":17},"msg":"findPath: no valid path found"}
{"level":30,"time":1774382617465,"pid":1603455,"hostname":"TempleOfZyminx","from":{"q":0,"r":10},"to":{"q":13,"r":18},"msg":"findPath: no valid path found"}
{"level":30,"time":1774382617466,"pid":1603455,"hostname":"TempleOfZyminx","from":{"q":0,"r":10},"to":{"q":13,"r":19},"msg":"findPath: no valid path found"}
{"level":30,"time":1774382617466,"pid":1603455,"hostname":"TempleOfZyminx","from":{"q":0,"r":10},"to":{"q":13,"r":20},"msg":"findPath: no valid path found"}
{"level":30,"time":1774382617466,"pid":1603455,"hostname":"TempleOfZyminx","from":{"q":0,"r":10},"to":{"q":13,"r":21},"msg":"findPath: no valid path found"}
{"level":30,"time":1774382617466,"pid":1603455,"hostname":"TempleOfZyminx","from":{"q":0,"r":10},"to":{"q":14,"r":0},"msg":"findPath: no valid path found"}
{"level":30,"time":1774382617466,"pid":1603455,"hostname":"TempleOfZyminx","from":{"q":0,"r":10},"to":{"q":14,"r":1},"msg":"findPath: no valid path found"}
{"level":30,"time":1774382617466,"pid":1603455,"hostname":"TempleOfZyminx","from":{"q":0,"r":10},"to":{"q":14,"r":2},"msg":"findPath: no valid path found"}
{"level":30,"time":1774382617466,"pid":1603455,"hostname":"TempleOfZyminx","from":{"q":0,"r":10},"to":{"q":14,"r":3},"msg":"findPath: no valid path found"}
{"level":30,"time":1774382617466,"pid":1603455,"hostname":"TempleOfZyminx","from":{"q":0,"r":10},"to":{"q":14,"r":4},"msg":"findPath: no valid path found"}
{"level":30,"time":1774382617466,"pid":1603455,"hostname":"TempleOfZyminx","from":{"q":0,"r":10},"to":{"q":14,"r":5},"msg":"findPath: no valid path found"}
{"level":30,"time":1774382617466,"pid":1603455,"hostname":"TempleOfZyminx","from":{"q":0,"r":10},"to":{"q":14,"r":6},"msg":"findPath: no valid path found"}
{"level":30,"time":1774382617466,"pid":1603455,"hostname":"TempleOfZyminx","from":{"q":0,"r":10},"to":{"q":14,"r":7},"msg":"findPath: no valid path found"}
{"level":30,"time":1774382617466,"pid":1603455,"hostname":"TempleOfZyminx","from":{"q":0,"r":10},"to":{"q":14,"r":8},"msg":"findPath: no valid path found"}
{"level":30,"time":1774382617466,"pid":1603455,"hostname":"TempleOfZyminx","from":{"q":0,"r":10},"to":{"q":14,"r":9},"msg":"findPath: no valid path found"}
{"level":30,"time":1774382617466,"pid":1603455,"hostname":"TempleOfZyminx","from":{"q":0,"r":10},"to":{"q":14,"r":10},"msg":"findPath: no valid path found"}
{"level":30,"time":1774382617466,"pid":1603455,"hostname":"TempleOfZyminx","from":{"q":0,"r":10},"to":{"q":14,"r":11},"msg":"findPath: no valid path found"}
{"level":30,"time":1774382617466,"pid":1603455,"hostname":"TempleOfZyminx","from":{"q":0,"r":10},"to":{"q":14,"r":12},"msg":"findPath: no valid path found"}
{"level":30,"time":1774382617466,"pid":1603455,"hostname":"TempleOfZyminx","from":{"q":0,"r":10},"to":{"q":14,"r":13},"msg":"findPath: no valid path found"}
{"level":30,"time":1774382617466,"pid":1603455,"hostname":"TempleOfZyminx","from":{"q":0,"r":10},"to":{"q":14,"r":14},"msg":"findPath: no valid path found"}
{"level":30,"time":1774382617466,"pid":1603455,"hostname":"TempleOfZyminx","from":{"q":0,"r":10},"to":{"q":14,"r":15},"msg":"findPath: no valid path found"}
{"level":30,"time":1774382617466,"pid":1603455,"hostname":"TempleOfZyminx","from":{"q":0,"r":10},"to":{"q":14,"r":16},"msg":"findPath: no valid path found"}
{"level":30,"time":1774382617466,"pid":1603455,"hostname":"TempleOfZyminx","from":{"q":0,"r":10},"to":{"q":14,"r":17},"msg":"findPath: no valid path found"}
{"level":30,"time":1774382617466,"pid":1603455,"hostname":"TempleOfZyminx","from":{"q":0,"r":10},"to":{"q":14,"r":18},"msg":"findPath: no valid path found"}
{"level":30,"time":1774382617466,"pid":1603455,"hostname":"TempleOfZyminx","from":{"q":0,"r":10},"to":{"q":14,"r":19},"msg":"findPath: no valid path found"}
{"level":30,"time":1774382617466,"pid":1603455,"hostname":"TempleOfZyminx","from":{"q":0,"r":10},"to":{"q":14,"r":20},"msg":"findPath: no valid path found"}
{"level":30,"time":1774382617467,"pid":1603455,"hostname":"TempleOfZyminx","from":{"q":0,"r":10},"to":{"q":14,"r":21},"msg":"findPath: no valid path found"}
{"level":30,"time":1774382617467,"pid":1603455,"hostname":"TempleOfZyminx","id":"785d3e33-baae-44f5-ad7c-8bad15253ebc","command":"MOVE","msg":"Submitting game action"}
{"level":30,"time":1774382617467,"pid":1603455,"hostname":"TempleOfZyminx","gameId":"785d3e33-baae-44f5-ad7c-8bad15253ebc","unitId":"onion-1","msg":"Processing MOVE command"}
{"level":30,"time":1774382617468,"pid":1603456,"hostname":"TempleOfZyminx","scenarioId":"swamp-siege-01","role":"onion","msg":"Creating new game match"}
{"level":30,"time":1774382617469,"pid":1603455,"hostname":"TempleOfZyminx","id":"785d3e33-baae-44f5-ad7c-8bad15253ebc","msg":"Fetching game state"}
{"level":30,"time":1774382617469,"pid":1603456,"hostname":"TempleOfZyminx","gameId":"a4258c9a-4cd0-41c2-b701-06c5f0a23813","role":"onion","msg":"Game match created"}
{"level":30,"time":1774382617469,"pid":1603456,"hostname":"TempleOfZyminx","id":"a4258c9a-4cd0-41c2-b701-06c5f0a23813","command":"END_PHASE","msg":"Submitting game action"}
{"level":30,"time":1774382617470,"pid":1603455,"hostname":"TempleOfZyminx","id":"785d3e33-baae-44f5-ad7c-8bad15253ebc","msg":"Fetching game state"}
{"level":30,"time":1774382617472,"pid":1603455,"hostname":"TempleOfZyminx","id":"785d3e33-baae-44f5-ad7c-8bad15253ebc","command":"END_PHASE","msg":"Submitting game action"}
{"level":30,"time":1774382617472,"pid":1603455,"hostname":"TempleOfZyminx","gameId":"785d3e33-baae-44f5-ad7c-8bad15253ebc","phase":"ONION_MOVE","msg":"Advancing phase"}
{"level":30,"time":1774382617472,"pid":1603455,"hostname":"TempleOfZyminx","phase":"ONION_MOVE","turnNumber":1,"msg":"Advancing phase in engine"}
{"level":30,"time":1774382617473,"pid":1603455,"hostname":"TempleOfZyminx","id":"785d3e33-baae-44f5-ad7c-8bad15253ebc","msg":"Fetching game state"}
{"level":30,"time":1774382617474,"pid":1603455,"hostname":"TempleOfZyminx","id":"785d3e33-baae-44f5-ad7c-8bad15253ebc","msg":"Fetching game state"}
{"level":30,"time":1774382617486,"pid":1603455,"hostname":"TempleOfZyminx","id":"785d3e33-baae-44f5-ad7c-8bad15253ebc","command":"FIRE","msg":"Submitting game action"}
{"level":30,"time":1774382617487,"pid":1603455,"hostname":"TempleOfZyminx","gameId":"785d3e33-baae-44f5-ad7c-8bad15253ebc","type":"FIRE","msg":"Processing combat command"}
{"level":30,"time":1774382617487,"pid":1603455,"hostname":"TempleOfZyminx","commandType":"FIRE","msg":"Validating combat action"}
{"level":30,"time":1774382617488,"pid":1603455,"hostname":"TempleOfZyminx","plan":{"actionType":"FIRE","actor":"onion","attackerIds":["missile_1"],"target":{"kind":"defender","id":"pigs-1"},"attackStrength":6,"defense":3,"weaponIds":["missile_1"]},"msg":"Executing combat action"}
{"level":30,"time":1774382617489,"pid":1603455,"hostname":"TempleOfZyminx","id":"785d3e33-baae-44f5-ad7c-8bad15253ebc","command":"FIRE","msg":"Submitting game action"}
{"level":30,"time":1774382617490,"pid":1603455,"hostname":"TempleOfZyminx","gameId":"785d3e33-baae-44f5-ad7c-8bad15253ebc","type":"FIRE","msg":"Processing combat command"}
{"level":30,"time":1774382617490,"pid":1603455,"hostname":"TempleOfZyminx","commandType":"FIRE","msg":"Validating combat action"}
{"level":30,"time":1774382617490,"pid":1603455,"hostname":"TempleOfZyminx","gameId":"785d3e33-baae-44f5-ad7c-8bad15253ebc","error":"Target is already destroyed","msg":"Invalid combat command"}
{"level":30,"time":1774382617507,"pid":1603463,"hostname":"TempleOfZyminx","scenarioId":"swamp-siege-01","role":"onion","msg":"Creating new game match"}
{"level":30,"time":1774382617508,"pid":1603463,"hostname":"TempleOfZyminx","gameId":"2a6d3fd7-4710-410b-baf6-bf961cd8dd0a","role":"onion","msg":"Game match created"}
{"level":30,"time":1774382617509,"pid":1603463,"hostname":"TempleOfZyminx","id":"2a6d3fd7-4710-410b-baf6-bf961cd8dd0a","msg":"User joining game"}
{"level":30,"time":1774382617509,"pid":1603463,"hostname":"TempleOfZyminx","gameId":"2a6d3fd7-4710-410b-baf6-bf961cd8dd0a","role":"defender","msg":"User joined game"}
{"level":30,"time":1774382617509,"pid":1603458,"hostname":"TempleOfZyminx","scenarioId":"swamp-siege-01","role":"onion","msg":"Creating new game match"}
{"level":30,"time":1774382617510,"pid":1603458,"hostname":"TempleOfZyminx","gameId":"6af84e04-33d8-44f2-93e5-40dc9764b679","role":"onion","msg":"Game match created"}
{"level":30,"time":1774382617510,"pid":1603458,"hostname":"TempleOfZyminx","id":"6af84e04-33d8-44f2-93e5-40dc9764b679","msg":"User joining game"}
{"level":30,"time":1774382617511,"pid":1603458,"hostname":"TempleOfZyminx","gameId":"6af84e04-33d8-44f2-93e5-40dc9764b679","role":"defender","msg":"User joined game"}
 ❯ src/api/games.state.test.ts (11 tests | 1 failed) 692ms
   ✓ GET /games/:id > returns full game state 95ms
   ✓ GET /games/:id > returns 401 without auth 46ms
   ✓ GET /games/:id > returns 404 for unknown gameId 39ms
   × GET /games/:id > uses scenario initialState and exposes scenarioName and units 65ms
     → expected 'swamp-siege-01' to be 'The Siege of Shrek\'s Swamp' // Object.is equality
   ✓ GET /games/:id/events > returns an empty events array before any actions 56ms
   ✓ GET /games/:id/events > returns events after the specified seq 100ms
   ✓ GET /games/:id/events > returns 401 without auth token 40ms
   ✓ GET /games/:id/events > returns 404 for unknown gameId 41ms
   ✓ GET /games/:id/events > defaults after=0 when param is omitted 38ms
   ✓ GET /games/:id/events > returns only events after the given seq cursor 98ms
   ✓ GET /games/:id/events > emits a PLAYER_JOINED event when a second player joins 73ms
{"level":30,"time":1774382617513,"pid":1603456,"hostname":"TempleOfZyminx","id":"00000000-0000-4000-8000-000000000000","command":"END_PHASE","msg":"Submitting game action"}
{"level":40,"time":1774382617513,"pid":1603456,"hostname":"TempleOfZyminx","id":"00000000-0000-4000-8000-000000000000","msg":"Game not found for action"}
 ❯ dist/api/games.state.test.js (11 tests | 1 failed) 739ms
   ✓ GET /games/:id > returns full game state 114ms
   ✓ GET /games/:id > returns 401 without auth 41ms
   ✓ GET /games/:id > returns 404 for unknown gameId 38ms
   × GET /games/:id > uses scenario initialState and exposes scenarioName and units 52ms
     → expected 'swamp-siege-01' to be 'The Siege of Shrek\'s Swamp' // Object.is equality
   ✓ GET /games/:id/events > returns an empty events array before any actions 51ms
   ✓ GET /games/:id/events > returns events after the specified seq 99ms
   ✓ GET /games/:id/events > returns 401 without auth token 53ms
   ✓ GET /games/:id/events > returns 404 for unknown gameId 47ms
   ✓ GET /games/:id/events > defaults after=0 when param is omitted 50ms
   ✓ GET /games/:id/events > returns only events after the given seq cursor 104ms
   ✓ GET /games/:id/events > emits a PLAYER_JOINED event when a second player joins 88ms
{"level":30,"time":1774382617610,"pid":1603456,"hostname":"TempleOfZyminx","scenarioId":"swamp-siege-01","role":"onion","msg":"Creating new game match"}
{"level":30,"time":1774382617611,"pid":1603456,"hostname":"TempleOfZyminx","gameId":"5101814c-5233-4671-a31f-e48494337c52","role":"onion","msg":"Game match created"}
{"level":30,"time":1774382617612,"pid":1603456,"hostname":"TempleOfZyminx","id":"5101814c-5233-4671-a31f-e48494337c52","msg":"User joining game"}
{"level":30,"time":1774382617612,"pid":1603456,"hostname":"TempleOfZyminx","gameId":"5101814c-5233-4671-a31f-e48494337c52","role":"defender","msg":"User joined game"}
{"level":30,"time":1774382617612,"pid":1603456,"hostname":"TempleOfZyminx","id":"5101814c-5233-4671-a31f-e48494337c52","msg":"Submitting game action"}
{"level":40,"time":1774382617612,"pid":1603456,"hostname":"TempleOfZyminx","command":{},"msg":"Missing command type"}
{"level":30,"time":1774382617698,"pid":1603455,"hostname":"TempleOfZyminx","scenarioId":"swamp-siege-01","role":"onion","msg":"Creating new game match"}
{"level":30,"time":1774382617699,"pid":1603455,"hostname":"TempleOfZyminx","gameId":"f92f222b-d096-4089-80b3-474e4d5bc286","role":"onion","msg":"Game match created"}
{"level":30,"time":1774382617701,"pid":1603455,"hostname":"TempleOfZyminx","id":"f92f222b-d096-4089-80b3-474e4d5bc286","msg":"User joining game"}
{"level":30,"time":1774382617701,"pid":1603455,"hostname":"TempleOfZyminx","gameId":"f92f222b-d096-4089-80b3-474e4d5bc286","role":"defender","msg":"User joined game"}
{"level":30,"time":1774382617702,"pid":1603455,"hostname":"TempleOfZyminx","id":"f92f222b-d096-4089-80b3-474e4d5bc286","msg":"Fetching game state"}
{"level":30,"time":1774382617702,"pid":1603455,"hostname":"TempleOfZyminx","id":"f92f222b-d096-4089-80b3-474e4d5bc286","msg":"Fetching game state"}
{"level":30,"time":1774382617703,"pid":1603455,"hostname":"TempleOfZyminx","from":{"q":0,"r":10},"to":{"q":0,"r":0},"msg":"findPath: no valid path found"}
{"level":30,"time":1774382617703,"pid":1603455,"hostname":"TempleOfZyminx","from":{"q":0,"r":10},"to":{"q":0,"r":1},"msg":"findPath: no valid path found"}
{"level":30,"time":1774382617703,"pid":1603455,"hostname":"TempleOfZyminx","from":{"q":0,"r":10},"to":{"q":0,"r":2},"msg":"findPath: no valid path found"}
{"level":30,"time":1774382617703,"pid":1603455,"hostname":"TempleOfZyminx","from":{"q":0,"r":10},"to":{"q":0,"r":3},"msg":"findPath: no valid path found"}
{"level":30,"time":1774382617703,"pid":1603455,"hostname":"TempleOfZyminx","from":{"q":0,"r":10},"to":{"q":0,"r":4},"msg":"findPath: no valid path found"}
{"level":30,"time":1774382617703,"pid":1603455,"hostname":"TempleOfZyminx","from":{"q":0,"r":10},"to":{"q":0,"r":5},"msg":"findPath: no valid path found"}
{"level":30,"time":1774382617703,"pid":1603455,"hostname":"TempleOfZyminx","from":{"q":0,"r":10},"to":{"q":0,"r":6},"msg":"findPath: no valid path found"}
{"level":30,"time":1774382617703,"pid":1603455,"hostname":"TempleOfZyminx","from":{"q":0,"r":10},"to":{"q":0,"r":14},"msg":"findPath: no valid path found"}
{"level":30,"time":1774382617703,"pid":1603455,"hostname":"TempleOfZyminx","from":{"q":0,"r":10},"to":{"q":0,"r":15},"msg":"findPath: no valid path found"}
{"level":30,"time":1774382617703,"pid":1603455,"hostname":"TempleOfZyminx","from":{"q":0,"r":10},"to":{"q":0,"r":16},"msg":"findPath: no valid path found"}
{"level":30,"time":1774382617703,"pid":1603455,"hostname":"TempleOfZyminx","from":{"q":0,"r":10},"to":{"q":0,"r":17},"msg":"findPath: no valid path found"}
{"level":30,"time":1774382617704,"pid":1603455,"hostname":"TempleOfZyminx","from":{"q":0,"r":10},"to":{"q":0,"r":18},"msg":"findPath: no valid path found"}
{"level":30,"time":1774382617704,"pid":1603455,"hostname":"TempleOfZyminx","from":{"q":0,"r":10},"to":{"q":0,"r":19},"msg":"findPath: no valid path found"}
{"level":30,"time":1774382617704,"pid":1603455,"hostname":"TempleOfZyminx","from":{"q":0,"r":10},"to":{"q":0,"r":20},"msg":"findPath: no valid path found"}
{"level":30,"time":1774382617704,"pid":1603455,"hostname":"TempleOfZyminx","from":{"q":0,"r":10},"to":{"q":0,"r":21},"msg":"findPath: no valid path found"}
{"level":30,"time":1774382617704,"pid":1603455,"hostname":"TempleOfZyminx","from":{"q":0,"r":10},"to":{"q":1,"r":0},"msg":"findPath: no valid path found"}
{"level":30,"time":1774382617704,"pid":1603455,"hostname":"TempleOfZyminx","from":{"q":0,"r":10},"to":{"q":1,"r":1},"msg":"findPath: no valid path found"}
{"level":30,"time":1774382617704,"pid":1603455,"hostname":"TempleOfZyminx","from":{"q":0,"r":10},"to":{"q":1,"r":2},"msg":"findPath: no valid path found"}
{"level":30,"time":1774382617704,"pid":1603455,"hostname":"TempleOfZyminx","from":{"q":0,"r":10},"to":{"q":1,"r":3},"msg":"findPath: no valid path found"}
{"level":30,"time":1774382617704,"pid":1603455,"hostname":"TempleOfZyminx","from":{"q":0,"r":10},"to":{"q":1,"r":4},"msg":"findPath: no valid path found"}
{"level":30,"time":1774382617704,"pid":1603455,"hostname":"TempleOfZyminx","from":{"q":0,"r":10},"to":{"q":1,"r":5},"msg":"findPath: no valid path found"}
{"level":30,"time":1774382617704,"pid":1603455,"hostname":"TempleOfZyminx","from":{"q":0,"r":10},"to":{"q":1,"r":6},"msg":"findPath: no valid path found"}
{"level":30,"time":1774382617704,"pid":1603455,"hostname":"TempleOfZyminx","from":{"q":0,"r":10},"to":{"q":1,"r":13},"msg":"findPath: no valid path found"}
{"level":30,"time":1774382617704,"pid":1603455,"hostname":"TempleOfZyminx","from":{"q":0,"r":10},"to":{"q":1,"r":14},"msg":"findPath: no valid path found"}
{"level":30,"time":1774382617704,"pid":1603455,"hostname":"TempleOfZyminx","from":{"q":0,"r":10},"to":{"q":1,"r":15},"msg":"findPath: no valid path found"}
{"level":30,"time":1774382617704,"pid":1603455,"hostname":"TempleOfZyminx","from":{"q":0,"r":10},"to":{"q":1,"r":16},"msg":"findPath: no valid path found"}
{"level":30,"time":1774382617704,"pid":1603455,"hostname":"TempleOfZyminx","from":{"q":0,"r":10},"to":{"q":1,"r":17},"msg":"findPath: no valid path found"}
{"level":30,"time":1774382617704,"pid":1603455,"hostname":"TempleOfZyminx","from":{"q":0,"r":10},"to":{"q":1,"r":18},"msg":"findPath: no valid path found"}
{"level":30,"time":1774382617704,"pid":1603455,"hostname":"TempleOfZyminx","from":{"q":0,"r":10},"to":{"q":1,"r":19},"msg":"findPath: no valid path found"}
{"level":30,"time":1774382617704,"pid":1603455,"hostname":"TempleOfZyminx","from":{"q":0,"r":10},"to":{"q":1,"r":20},"msg":"findPath: no valid path found"}
{"level":30,"time":1774382617704,"pid":1603455,"hostname":"TempleOfZyminx","from":{"q":0,"r":10},"to":{"q":1,"r":21},"msg":"findPath: no valid path found"}
{"level":30,"time":1774382617704,"pid":1603455,"hostname":"TempleOfZyminx","from":{"q":0,"r":10},"to":{"q":2,"r":0},"msg":"findPath: no valid path found"}
{"level":30,"time":1774382617704,"pid":1603455,"hostname":"TempleOfZyminx","from":{"q":0,"r":10},"to":{"q":2,"r":1},"msg":"findPath: no valid path found"}
{"level":30,"time":1774382617705,"pid":1603455,"hostname":"TempleOfZyminx","from":{"q":0,"r":10},"to":{"q":2,"r":2},"msg":"findPath: no valid path found"}
{"level":30,"time":1774382617705,"pid":1603455,"hostname":"TempleOfZyminx","from":{"q":0,"r":10},"to":{"q":2,"r":3},"msg":"findPath: no valid path found"}
{"level":30,"time":1774382617705,"pid":1603455,"hostname":"TempleOfZyminx","from":{"q":0,"r":10},"to":{"q":2,"r":4},"msg":"findPath: no valid path found"}
{"level":30,"time":1774382617705,"pid":1603455,"hostname":"TempleOfZyminx","from":{"q":0,"r":10},"to":{"q":2,"r":5},"msg":"findPath: no valid path found"}
{"level":30,"time":1774382617706,"pid":1603455,"hostname":"TempleOfZyminx","from":{"q":0,"r":10},"to":{"q":2,"r":6},"msg":"findPath: no valid path found"}
{"level":30,"time":1774382617706,"pid":1603455,"hostname":"TempleOfZyminx","from":{"q":0,"r":10},"to":{"q":2,"r":12},"msg":"findPath: no valid path found"}
{"level":30,"time":1774382617706,"pid":1603455,"hostname":"TempleOfZyminx","from":{"q":0,"r":10},"to":{"q":2,"r":13},"msg":"findPath: no valid path found"}
{"level":30,"time":1774382617706,"pid":1603455,"hostname":"TempleOfZyminx","from":{"q":0,"r":10},"to":{"q":2,"r":14},"msg":"findPath: no valid path found"}
{"level":30,"time":1774382617706,"pid":1603455,"hostname":"TempleOfZyminx","from":{"q":0,"r":10},"to":{"q":2,"r":15},"msg":"findPath: no valid path found"}
{"level":30,"time":1774382617706,"pid":1603455,"hostname":"TempleOfZyminx","from":{"q":0,"r":10},"to":{"q":2,"r":16},"msg":"findPath: no valid path found"}
{"level":30,"time":1774382617706,"pid":1603455,"hostname":"TempleOfZyminx","from":{"q":0,"r":10},"to":{"q":2,"r":17},"msg":"findPath: no valid path found"}
{"level":30,"time":1774382617706,"pid":1603455,"hostname":"TempleOfZyminx","from":{"q":0,"r":10},"to":{"q":2,"r":18},"msg":"findPath: no valid path found"}
{"level":30,"time":1774382617706,"pid":1603455,"hostname":"TempleOfZyminx","from":{"q":0,"r":10},"to":{"q":2,"r":19},"msg":"findPath: no valid path found"}
{"level":30,"time":1774382617706,"pid":1603455,"hostname":"TempleOfZyminx","from":{"q":0,"r":10},"to":{"q":2,"r":20},"msg":"findPath: no valid path found"}
{"level":30,"time":1774382617706,"pid":1603455,"hostname":"TempleOfZyminx","from":{"q":0,"r":10},"to":{"q":2,"r":21},"msg":"findPath: no valid path found"}
{"level":30,"time":1774382617706,"pid":1603455,"hostname":"TempleOfZyminx","from":{"q":0,"r":10},"to":{"q":3,"r":0},"msg":"findPath: no valid path found"}
{"level":30,"time":1774382617706,"pid":1603455,"hostname":"TempleOfZyminx","from":{"q":0,"r":10},"to":{"q":3,"r":1},"msg":"findPath: no valid path found"}
{"level":30,"time":1774382617706,"pid":1603455,"hostname":"TempleOfZyminx","from":{"q":0,"r":10},"to":{"q":3,"r":2},"msg":"findPath: no valid path found"}
{"level":30,"time":1774382617706,"pid":1603455,"hostname":"TempleOfZyminx","from":{"q":0,"r":10},"to":{"q":3,"r":3},"msg":"findPath: no valid path found"}
{"level":30,"time":1774382617706,"pid":1603455,"hostname":"TempleOfZyminx","from":{"q":0,"r":10},"to":{"q":3,"r":4},"msg":"findPath: no valid path found"}
{"level":30,"time":1774382617706,"pid":1603455,"hostname":"TempleOfZyminx","from":{"q":0,"r":10},"to":{"q":3,"r":5},"msg":"findPath: no valid path found"}
{"level":30,"time":1774382617706,"pid":1603455,"hostname":"TempleOfZyminx","from":{"q":0,"r":10},"to":{"q":3,"r":6},"msg":"findPath: no valid path found"}
{"level":30,"time":1774382617706,"pid":1603455,"hostname":"TempleOfZyminx","from":{"q":0,"r":10},"to":{"q":3,"r":8},"msg":"findPath: no valid path found"}
{"level":30,"time":1774382617707,"pid":1603455,"hostname":"TempleOfZyminx","from":{"q":0,"r":10},"to":{"q":3,"r":11},"msg":"findPath: no valid path found"}
{"level":30,"time":1774382617707,"pid":1603455,"hostname":"TempleOfZyminx","from":{"q":0,"r":10},"to":{"q":3,"r":12},"msg":"findPath: no valid path found"}
{"level":30,"time":1774382617707,"pid":1603455,"hostname":"TempleOfZyminx","from":{"q":0,"r":10},"to":{"q":3,"r":13},"msg":"findPath: no valid path found"}
{"level":30,"time":1774382617707,"pid":1603455,"hostname":"TempleOfZyminx","from":{"q":0,"r":10},"to":{"q":3,"r":14},"msg":"findPath: no valid path found"}
{"level":30,"time":1774382617707,"pid":1603455,"hostname":"TempleOfZyminx","from":{"q":0,"r":10},"to":{"q":3,"r":15},"msg":"findPath: no valid path found"}
{"level":30,"time":1774382617707,"pid":1603455,"hostname":"TempleOfZyminx","from":{"q":0,"r":10},"to":{"q":3,"r":16},"msg":"findPath: no valid path found"}
{"level":30,"time":1774382617707,"pid":1603455,"hostname":"TempleOfZyminx","from":{"q":0,"r":10},"to":{"q":3,"r":17},"msg":"findPath: no valid path found"}
{"level":30,"time":1774382617707,"pid":1603455,"hostname":"TempleOfZyminx","from":{"q":0,"r":10},"to":{"q":3,"r":18},"msg":"findPath: no valid path found"}
{"level":30,"time":1774382617707,"pid":1603455,"hostname":"TempleOfZyminx","from":{"q":0,"r":10},"to":{"q":3,"r":19},"msg":"findPath: no valid path found"}
{"level":30,"time":1774382617707,"pid":1603455,"hostname":"TempleOfZyminx","from":{"q":0,"r":10},"to":{"q":3,"r":20},"msg":"findPath: no valid path found"}
{"level":30,"time":1774382617707,"pid":1603455,"hostname":"TempleOfZyminx","from":{"q":0,"r":10},"to":{"q":3,"r":21},"msg":"findPath: no valid path found"}
{"level":30,"time":1774382617707,"pid":1603455,"hostname":"TempleOfZyminx","from":{"q":0,"r":10},"to":{"q":4,"r":0},"msg":"findPath: no valid path found"}
{"level":30,"time":1774382617707,"pid":1603455,"hostname":"TempleOfZyminx","from":{"q":0,"r":10},"to":{"q":4,"r":1},"msg":"findPath: no valid path found"}
{"level":30,"time":1774382617707,"pid":1603455,"hostname":"TempleOfZyminx","from":{"q":0,"r":10},"to":{"q":4,"r":2},"msg":"findPath: no valid path found"}
{"level":30,"time":1774382617707,"pid":1603455,"hostname":"TempleOfZyminx","from":{"q":0,"r":10},"to":{"q":4,"r":3},"msg":"findPath: no valid path found"}
{"level":30,"time":1774382617707,"pid":1603455,"hostname":"TempleOfZyminx","from":{"q":0,"r":10},"to":{"q":4,"r":4},"msg":"findPath: no valid path found"}
{"level":30,"time":1774382617707,"pid":1603455,"hostname":"TempleOfZyminx","from":{"q":0,"r":10},"to":{"q":4,"r":5},"msg":"findPath: no valid path found"}
{"level":30,"time":1774382617707,"pid":1603455,"hostname":"TempleOfZyminx","from":{"q":0,"r":10},"to":{"q":4,"r":6},"msg":"findPath: no valid path found"}
{"level":30,"time":1774382617707,"pid":1603455,"hostname":"TempleOfZyminx","from":{"q":0,"r":10},"to":{"q":4,"r":8},"msg":"findPath: no valid path found"}
{"level":30,"time":1774382617707,"pid":1603455,"hostname":"TempleOfZyminx","from":{"q":0,"r":10},"to":{"q":4,"r":9},"msg":"findPath: no valid path found"}
{"level":30,"time":1774382617707,"pid":1603455,"hostname":"TempleOfZyminx","from":{"q":0,"r":10},"to":{"q":4,"r":10},"msg":"findPath: no valid path found"}
{"level":30,"time":1774382617707,"pid":1603455,"hostname":"TempleOfZyminx","from":{"q":0,"r":10},"to":{"q":4,"r":11},"msg":"findPath: no valid path found"}
{"level":30,"time":1774382617707,"pid":1603455,"hostname":"TempleOfZyminx","from":{"q":0,"r":10},"to":{"q":4,"r":12},"msg":"findPath: no valid path found"}
{"level":30,"time":1774382617708,"pid":1603455,"hostname":"TempleOfZyminx","from":{"q":0,"r":10},"to":{"q":4,"r":13},"msg":"findPath: no valid path found"}
{"level":30,"time":1774382617708,"pid":1603455,"hostname":"TempleOfZyminx","from":{"q":0,"r":10},"to":{"q":4,"r":14},"msg":"findPath: no valid path found"}
{"level":30,"time":1774382617708,"pid":1603455,"hostname":"TempleOfZyminx","from":{"q":0,"r":10},"to":{"q":4,"r":15},"msg":"findPath: no valid path found"}
{"level":30,"time":1774382617708,"pid":1603455,"hostname":"TempleOfZyminx","from":{"q":0,"r":10},"to":{"q":4,"r":16},"msg":"findPath: no valid path found"}
{"level":30,"time":1774382617708,"pid":1603455,"hostname":"TempleOfZyminx","from":{"q":0,"r":10},"to":{"q":4,"r":17},"msg":"findPath: no valid path found"}
{"level":30,"time":1774382617708,"pid":1603455,"hostname":"TempleOfZyminx","from":{"q":0,"r":10},"to":{"q":4,"r":18},"msg":"findPath: no valid path found"}
{"level":30,"time":1774382617708,"pid":1603455,"hostname":"TempleOfZyminx","from":{"q":0,"r":10},"to":{"q":4,"r":19},"msg":"findPath: no valid path found"}
{"level":30,"time":1774382617708,"pid":1603455,"hostname":"TempleOfZyminx","from":{"q":0,"r":10},"to":{"q":4,"r":20},"msg":"findPath: no valid path found"}
{"level":30,"time":1774382617708,"pid":1603455,"hostname":"TempleOfZyminx","from":{"q":0,"r":10},"to":{"q":4,"r":21},"msg":"findPath: no valid path found"}
{"level":30,"time":1774382617708,"pid":1603455,"hostname":"TempleOfZyminx","from":{"q":0,"r":10},"to":{"q":5,"r":0},"msg":"findPath: no valid path found"}
{"level":30,"time":1774382617708,"pid":1603455,"hostname":"TempleOfZyminx","from":{"q":0,"r":10},"to":{"q":5,"r":1},"msg":"findPath: no valid path found"}
{"level":30,"time":1774382617708,"pid":1603455,"hostname":"TempleOfZyminx","from":{"q":0,"r":10},"to":{"q":5,"r":2},"msg":"findPath: no valid path found"}
{"level":30,"time":1774382617708,"pid":1603455,"hostname":"TempleOfZyminx","from":{"q":0,"r":10},"to":{"q":5,"r":3},"msg":"findPath: no valid path found"}
{"level":30,"time":1774382617708,"pid":1603455,"hostname":"TempleOfZyminx","from":{"q":0,"r":10},"to":{"q":5,"r":4},"msg":"findPath: no valid path found"}
{"level":30,"time":1774382617708,"pid":1603455,"hostname":"TempleOfZyminx","from":{"q":0,"r":10},"to":{"q":5,"r":5},"msg":"findPath: no valid path found"}
{"level":30,"time":1774382617708,"pid":1603455,"hostname":"TempleOfZyminx","from":{"q":0,"r":10},"to":{"q":5,"r":8},"msg":"findPath: no valid path found"}
{"level":30,"time":1774382617708,"pid":1603455,"hostname":"TempleOfZyminx","from":{"q":0,"r":10},"to":{"q":5,"r":9},"msg":"findPath: no valid path found"}
{"level":30,"time":1774382617708,"pid":1603455,"hostname":"TempleOfZyminx","from":{"q":0,"r":10},"to":{"q":5,"r":10},"msg":"findPath: no valid path found"}
{"level":30,"time":1774382617708,"pid":1603455,"hostname":"TempleOfZyminx","from":{"q":0,"r":10},"to":{"q":5,"r":11},"msg":"findPath: no valid path found"}
{"level":30,"time":1774382617708,"pid":1603455,"hostname":"TempleOfZyminx","from":{"q":0,"r":10},"to":{"q":5,"r":12},"msg":"findPath: no valid path found"}
{"level":30,"time":1774382617708,"pid":1603455,"hostname":"TempleOfZyminx","from":{"q":0,"r":10},"to":{"q":5,"r":13},"msg":"findPath: no valid path found"}
{"level":30,"time":1774382617708,"pid":1603455,"hostname":"TempleOfZyminx","from":{"q":0,"r":10},"to":{"q":5,"r":14},"msg":"findPath: no valid path found"}
{"level":30,"time":1774382617708,"pid":1603455,"hostname":"TempleOfZyminx","from":{"q":0,"r":10},"to":{"q":5,"r":15},"msg":"findPath: no valid path found"}
{"level":30,"time":1774382617708,"pid":1603455,"hostname":"TempleOfZyminx","from":{"q":0,"r":10},"to":{"q":5,"r":16},"msg":"findPath: no valid path found"}
{"level":30,"time":1774382617709,"pid":1603455,"hostname":"TempleOfZyminx","from":{"q":0,"r":10},"to":{"q":5,"r":17},"msg":"findPath: no valid path found"}
{"level":30,"time":1774382617709,"pid":1603455,"hostname":"TempleOfZyminx","from":{"q":0,"r":10},"to":{"q":5,"r":18},"msg":"findPath: no valid path found"}
{"level":30,"time":1774382617709,"pid":1603455,"hostname":"TempleOfZyminx","from":{"q":0,"r":10},"to":{"q":5,"r":19},"msg":"findPath: no valid path found"}
{"level":30,"time":1774382617709,"pid":1603455,"hostname":"TempleOfZyminx","from":{"q":0,"r":10},"to":{"q":5,"r":20},"msg":"findPath: no valid path found"}
{"level":30,"time":1774382617709,"pid":1603455,"hostname":"TempleOfZyminx","from":{"q":0,"r":10},"to":{"q":5,"r":21},"msg":"findPath: no valid path found"}
{"level":30,"time":1774382617709,"pid":1603455,"hostname":"TempleOfZyminx","from":{"q":0,"r":10},"to":{"q":6,"r":0},"msg":"findPath: no valid path found"}
{"level":30,"time":1774382617709,"pid":1603455,"hostname":"TempleOfZyminx","from":{"q":0,"r":10},"to":{"q":6,"r":1},"msg":"findPath: no valid path found"}
{"level":30,"time":1774382617709,"pid":1603455,"hostname":"TempleOfZyminx","from":{"q":0,"r":10},"to":{"q":6,"r":2},"msg":"findPath: no valid path found"}
{"level":30,"time":1774382617709,"pid":1603455,"hostname":"TempleOfZyminx","from":{"q":0,"r":10},"to":{"q":6,"r":3},"msg":"findPath: no valid path found"}
{"level":30,"time":1774382617709,"pid":1603455,"hostname":"TempleOfZyminx","from":{"q":0,"r":10},"to":{"q":6,"r":5},"msg":"findPath: no valid path found"}
{"level":30,"time":1774382617709,"pid":1603455,"hostname":"TempleOfZyminx","from":{"q":0,"r":10},"to":{"q":6,"r":7},"msg":"findPath: no valid path found"}
{"level":30,"time":1774382617709,"pid":1603455,"hostname":"TempleOfZyminx","from":{"q":0,"r":10},"to":{"q":6,"r":8},"msg":"findPath: no valid path found"}
{"level":30,"time":1774382617709,"pid":1603455,"hostname":"TempleOfZyminx","from":{"q":0,"r":10},"to":{"q":6,"r":9},"msg":"findPath: no valid path found"}
{"level":30,"time":1774382617709,"pid":1603455,"hostname":"TempleOfZyminx","from":{"q":0,"r":10},"to":{"q":6,"r":10},"msg":"findPath: no valid path found"}
{"level":30,"time":1774382617709,"pid":1603455,"hostname":"TempleOfZyminx","from":{"q":0,"r":10},"to":{"q":6,"r":11},"msg":"findPath: no valid path found"}
{"level":30,"time":1774382617709,"pid":1603455,"hostname":"TempleOfZyminx","from":{"q":0,"r":10},"to":{"q":6,"r":12},"msg":"findPath: no valid path found"}
{"level":30,"time":1774382617709,"pid":1603455,"hostname":"TempleOfZyminx","from":{"q":0,"r":10},"to":{"q":6,"r":13},"msg":"findPath: no valid path found"}
{"level":30,"time":1774382617709,"pid":1603455,"hostname":"TempleOfZyminx","from":{"q":0,"r":10},"to":{"q":6,"r":14},"msg":"findPath: no valid path found"}
{"level":30,"time":1774382617709,"pid":1603455,"hostname":"TempleOfZyminx","from":{"q":0,"r":10},"to":{"q":6,"r":15},"msg":"findPath: no valid path found"}
{"level":30,"time":1774382617709,"pid":1603455,"hostname":"TempleOfZyminx","from":{"q":0,"r":10},"to":{"q":6,"r":16},"msg":"findPath: no valid path found"}
{"level":30,"time":1774382617709,"pid":1603455,"hostname":"TempleOfZyminx","from":{"q":0,"r":10},"to":{"q":6,"r":17},"msg":"findPath: no valid path found"}
{"level":30,"time":1774382617709,"pid":1603455,"hostname":"TempleOfZyminx","from":{"q":0,"r":10},"to":{"q":6,"r":18},"msg":"findPath: no valid path found"}
{"level":30,"time":1774382617709,"pid":1603455,"hostname":"TempleOfZyminx","from":{"q":0,"r":10},"to":{"q":6,"r":19},"msg":"findPath: no valid path found"}
{"level":30,"time":1774382617710,"pid":1603455,"hostname":"TempleOfZyminx","from":{"q":0,"r":10},"to":{"q":6,"r":20},"msg":"findPath: no valid path found"}
{"level":30,"time":1774382617710,"pid":1603455,"hostname":"TempleOfZyminx","from":{"q":0,"r":10},"to":{"q":6,"r":21},"msg":"findPath: no valid path found"}
{"level":30,"time":1774382617710,"pid":1603455,"hostname":"TempleOfZyminx","from":{"q":0,"r":10},"to":{"q":7,"r":0},"msg":"findPath: no valid path found"}
{"level":30,"time":1774382617710,"pid":1603455,"hostname":"TempleOfZyminx","from":{"q":0,"r":10},"to":{"q":7,"r":1},"msg":"findPath: no valid path found"}
{"level":30,"time":1774382617710,"pid":1603455,"hostname":"TempleOfZyminx","from":{"q":0,"r":10},"to":{"q":7,"r":2},"msg":"findPath: no valid path found"}
{"level":30,"time":1774382617710,"pid":1603455,"hostname":"TempleOfZyminx","from":{"q":0,"r":10},"to":{"q":7,"r":4},"msg":"findPath: no valid path found"}
{"level":30,"time":1774382617710,"pid":1603455,"hostname":"TempleOfZyminx","from":{"q":0,"r":10},"to":{"q":7,"r":5},"msg":"findPath: no valid path found"}
{"level":30,"time":1774382617710,"pid":1603455,"hostname":"TempleOfZyminx","from":{"q":0,"r":10},"to":{"q":7,"r":6},"msg":"findPath: no valid path found"}
{"level":30,"time":1774382617710,"pid":1603455,"hostname":"TempleOfZyminx","from":{"q":0,"r":10},"to":{"q":7,"r":7},"msg":"findPath: no valid path found"}
{"level":30,"time":1774382617710,"pid":1603455,"hostname":"TempleOfZyminx","from":{"q":0,"r":10},"to":{"q":7,"r":8},"msg":"findPath: no valid path found"}
{"level":30,"time":1774382617710,"pid":1603455,"hostname":"TempleOfZyminx","from":{"q":0,"r":10},"to":{"q":7,"r":9},"msg":"findPath: no valid path found"}
{"level":30,"time":1774382617710,"pid":1603455,"hostname":"TempleOfZyminx","from":{"q":0,"r":10},"to":{"q":7,"r":10},"msg":"findPath: no valid path found"}
{"level":30,"time":1774382617710,"pid":1603455,"hostname":"TempleOfZyminx","from":{"q":0,"r":10},"to":{"q":7,"r":11},"msg":"findPath: no valid path found"}
{"level":30,"time":1774382617710,"pid":1603455,"hostname":"TempleOfZyminx","from":{"q":0,"r":10},"to":{"q":7,"r":12},"msg":"findPath: no valid path found"}
{"level":30,"time":1774382617710,"pid":1603455,"hostname":"TempleOfZyminx","from":{"q":0,"r":10},"to":{"q":7,"r":13},"msg":"findPath: no valid path found"}
{"level":30,"time":1774382617710,"pid":1603455,"hostname":"TempleOfZyminx","from":{"q":0,"r":10},"to":{"q":7,"r":14},"msg":"findPath: no valid path found"}
{"level":30,"time":1774382617710,"pid":1603455,"hostname":"TempleOfZyminx","from":{"q":0,"r":10},"to":{"q":7,"r":15},"msg":"findPath: no valid path found"}
{"level":30,"time":1774382617710,"pid":1603455,"hostname":"TempleOfZyminx","from":{"q":0,"r":10},"to":{"q":7,"r":16},"msg":"findPath: no valid path found"}
{"level":30,"time":1774382617710,"pid":1603455,"hostname":"TempleOfZyminx","from":{"q":0,"r":10},"to":{"q":7,"r":17},"msg":"findPath: no valid path found"}
{"level":30,"time":1774382617710,"pid":1603455,"hostname":"TempleOfZyminx","from":{"q":0,"r":10},"to":{"q":7,"r":18},"msg":"findPath: no valid path found"}
{"level":30,"time":1774382617710,"pid":1603455,"hostname":"TempleOfZyminx","from":{"q":0,"r":10},"to":{"q":7,"r":19},"msg":"findPath: no valid path found"}
{"level":30,"time":1774382617710,"pid":1603455,"hostname":"TempleOfZyminx","from":{"q":0,"r":10},"to":{"q":7,"r":20},"msg":"findPath: no valid path found"}
{"level":30,"time":1774382617710,"pid":1603455,"hostname":"TempleOfZyminx","from":{"q":0,"r":10},"to":{"q":7,"r":21},"msg":"findPath: no valid path found"}
{"level":30,"time":1774382617710,"pid":1603455,"hostname":"TempleOfZyminx","from":{"q":0,"r":10},"to":{"q":8,"r":0},"msg":"findPath: no valid path found"}
{"level":30,"time":1774382617711,"pid":1603455,"hostname":"TempleOfZyminx","from":{"q":0,"r":10},"to":{"q":8,"r":1},"msg":"findPath: no valid path found"}
{"level":30,"time":1774382617711,"pid":1603455,"hostname":"TempleOfZyminx","from":{"q":0,"r":10},"to":{"q":8,"r":2},"msg":"findPath: no valid path found"}
{"level":30,"time":1774382617711,"pid":1603455,"hostname":"TempleOfZyminx","from":{"q":0,"r":10},"to":{"q":8,"r":3},"msg":"findPath: no valid path found"}
{"level":30,"time":1774382617711,"pid":1603455,"hostname":"TempleOfZyminx","from":{"q":0,"r":10},"to":{"q":8,"r":4},"msg":"findPath: no valid path found"}
{"level":30,"time":1774382617711,"pid":1603455,"hostname":"TempleOfZyminx","from":{"q":0,"r":10},"to":{"q":8,"r":5},"msg":"findPath: no valid path found"}
{"level":30,"time":1774382617711,"pid":1603455,"hostname":"TempleOfZyminx","from":{"q":0,"r":10},"to":{"q":8,"r":6},"msg":"findPath: no valid path found"}
{"level":30,"time":1774382617711,"pid":1603455,"hostname":"TempleOfZyminx","from":{"q":0,"r":10},"to":{"q":8,"r":7},"msg":"findPath: no valid path found"}
{"level":30,"time":1774382617711,"pid":1603455,"hostname":"TempleOfZyminx","from":{"q":0,"r":10},"to":{"q":8,"r":8},"msg":"findPath: no valid path found"}
{"level":30,"time":1774382617711,"pid":1603455,"hostname":"TempleOfZyminx","from":{"q":0,"r":10},"to":{"q":8,"r":9},"msg":"findPath: no valid path found"}
{"level":30,"time":1774382617711,"pid":1603455,"hostname":"TempleOfZyminx","from":{"q":0,"r":10},"to":{"q":8,"r":10},"msg":"findPath: no valid path found"}
{"level":30,"time":1774382617711,"pid":1603455,"hostname":"TempleOfZyminx","from":{"q":0,"r":10},"to":{"q":8,"r":11},"msg":"findPath: no valid path found"}
{"level":30,"time":1774382617711,"pid":1603455,"hostname":"TempleOfZyminx","from":{"q":0,"r":10},"to":{"q":8,"r":12},"msg":"findPath: no valid path found"}
{"level":30,"time":1774382617711,"pid":1603455,"hostname":"TempleOfZyminx","from":{"q":0,"r":10},"to":{"q":8,"r":13},"msg":"findPath: no valid path found"}
{"level":30,"time":1774382617711,"pid":1603455,"hostname":"TempleOfZyminx","from":{"q":0,"r":10},"to":{"q":8,"r":14},"msg":"findPath: no valid path found"}
{"level":30,"time":1774382617711,"pid":1603455,"hostname":"TempleOfZyminx","from":{"q":0,"r":10},"to":{"q":8,"r":15},"msg":"findPath: no valid path found"}
{"level":30,"time":1774382617711,"pid":1603455,"hostname":"TempleOfZyminx","from":{"q":0,"r":10},"to":{"q":8,"r":16},"msg":"findPath: no valid path found"}
{"level":30,"time":1774382617711,"pid":1603455,"hostname":"TempleOfZyminx","from":{"q":0,"r":10},"to":{"q":8,"r":17},"msg":"findPath: no valid path found"}
{"level":30,"time":1774382617711,"pid":1603455,"hostname":"TempleOfZyminx","from":{"q":0,"r":10},"to":{"q":8,"r":18},"msg":"findPath: no valid path found"}
{"level":30,"time":1774382617712,"pid":1603455,"hostname":"TempleOfZyminx","from":{"q":0,"r":10},"to":{"q":8,"r":19},"msg":"findPath: no valid path found"}
{"level":30,"time":1774382617712,"pid":1603455,"hostname":"TempleOfZyminx","from":{"q":0,"r":10},"to":{"q":8,"r":20},"msg":"findPath: no valid path found"}
{"level":30,"time":1774382617712,"pid":1603455,"hostname":"TempleOfZyminx","from":{"q":0,"r":10},"to":{"q":8,"r":21},"msg":"findPath: no valid path found"}
{"level":30,"time":1774382617712,"pid":1603455,"hostname":"TempleOfZyminx","from":{"q":0,"r":10},"to":{"q":9,"r":0},"msg":"findPath: no valid path found"}
{"level":30,"time":1774382617712,"pid":1603455,"hostname":"TempleOfZyminx","from":{"q":0,"r":10},"to":{"q":9,"r":1},"msg":"findPath: no valid path found"}
{"level":30,"time":1774382617712,"pid":1603455,"hostname":"TempleOfZyminx","from":{"q":0,"r":10},"to":{"q":9,"r":2},"msg":"findPath: no valid path found"}
{"level":30,"time":1774382617712,"pid":1603455,"hostname":"TempleOfZyminx","from":{"q":0,"r":10},"to":{"q":9,"r":3},"msg":"findPath: no valid path found"}
{"level":30,"time":1774382617713,"pid":1603455,"hostname":"TempleOfZyminx","from":{"q":0,"r":10},"to":{"q":9,"r":4},"msg":"findPath: no valid path found"}
{"level":30,"time":1774382617713,"pid":1603455,"hostname":"TempleOfZyminx","from":{"q":0,"r":10},"to":{"q":9,"r":5},"msg":"findPath: no valid path found"}
{"level":30,"time":1774382617713,"pid":1603455,"hostname":"TempleOfZyminx","from":{"q":0,"r":10},"to":{"q":9,"r":6},"msg":"findPath: no valid path found"}
{"level":30,"time":1774382617713,"pid":1603455,"hostname":"TempleOfZyminx","from":{"q":0,"r":10},"to":{"q":9,"r":7},"msg":"findPath: no valid path found"}
{"level":30,"time":1774382617713,"pid":1603455,"hostname":"TempleOfZyminx","from":{"q":0,"r":10},"to":{"q":9,"r":8},"msg":"findPath: no valid path found"}
{"level":30,"time":1774382617713,"pid":1603455,"hostname":"TempleOfZyminx","from":{"q":0,"r":10},"to":{"q":9,"r":9},"msg":"findPath: no valid path found"}
{"level":30,"time":1774382617713,"pid":1603455,"hostname":"TempleOfZyminx","from":{"q":0,"r":10},"to":{"q":9,"r":10},"msg":"findPath: no valid path found"}
{"level":30,"time":1774382617713,"pid":1603455,"hostname":"TempleOfZyminx","from":{"q":0,"r":10},"to":{"q":9,"r":11},"msg":"findPath: no valid path found"}
{"level":30,"time":1774382617713,"pid":1603455,"hostname":"TempleOfZyminx","from":{"q":0,"r":10},"to":{"q":9,"r":12},"msg":"findPath: no valid path found"}
{"level":30,"time":1774382617713,"pid":1603455,"hostname":"TempleOfZyminx","from":{"q":0,"r":10},"to":{"q":9,"r":13},"msg":"findPath: no valid path found"}
{"level":30,"time":1774382617713,"pid":1603455,"hostname":"TempleOfZyminx","from":{"q":0,"r":10},"to":{"q":9,"r":14},"msg":"findPath: no valid path found"}
{"level":30,"time":1774382617713,"pid":1603455,"hostname":"TempleOfZyminx","from":{"q":0,"r":10},"to":{"q":9,"r":15},"msg":"findPath: no valid path found"}
{"level":30,"time":1774382617713,"pid":1603455,"hostname":"TempleOfZyminx","from":{"q":0,"r":10},"to":{"q":9,"r":16},"msg":"findPath: no valid path found"}
{"level":30,"time":1774382617713,"pid":1603455,"hostname":"TempleOfZyminx","from":{"q":0,"r":10},"to":{"q":9,"r":17},"msg":"findPath: no valid path found"}
{"level":30,"time":1774382617713,"pid":1603455,"hostname":"TempleOfZyminx","from":{"q":0,"r":10},"to":{"q":9,"r":18},"msg":"findPath: no valid path found"}
{"level":30,"time":1774382617713,"pid":1603455,"hostname":"TempleOfZyminx","from":{"q":0,"r":10},"to":{"q":9,"r":19},"msg":"findPath: no valid path found"}
{"level":30,"time":1774382617713,"pid":1603455,"hostname":"TempleOfZyminx","from":{"q":0,"r":10},"to":{"q":9,"r":20},"msg":"findPath: no valid path found"}
{"level":30,"time":1774382617713,"pid":1603455,"hostname":"TempleOfZyminx","from":{"q":0,"r":10},"to":{"q":9,"r":21},"msg":"findPath: no valid path found"}
{"level":30,"time":1774382617713,"pid":1603455,"hostname":"TempleOfZyminx","from":{"q":0,"r":10},"to":{"q":10,"r":0},"msg":"findPath: no valid path found"}
{"level":30,"time":1774382617714,"pid":1603455,"hostname":"TempleOfZyminx","from":{"q":0,"r":10},"to":{"q":10,"r":1},"msg":"findPath: no valid path found"}
{"level":30,"time":1774382617715,"pid":1603455,"hostname":"TempleOfZyminx","from":{"q":0,"r":10},"to":{"q":10,"r":2},"msg":"findPath: no valid path found"}
{"level":30,"time":1774382617715,"pid":1603455,"hostname":"TempleOfZyminx","from":{"q":0,"r":10},"to":{"q":10,"r":3},"msg":"findPath: no valid path found"}
{"level":30,"time":1774382617715,"pid":1603455,"hostname":"TempleOfZyminx","from":{"q":0,"r":10},"to":{"q":10,"r":4},"msg":"findPath: no valid path found"}
{"level":30,"time":1774382617715,"pid":1603455,"hostname":"TempleOfZyminx","from":{"q":0,"r":10},"to":{"q":10,"r":5},"msg":"findPath: no valid path found"}
{"level":30,"time":1774382617715,"pid":1603455,"hostname":"TempleOfZyminx","from":{"q":0,"r":10},"to":{"q":10,"r":6},"msg":"findPath: no valid path found"}
{"level":30,"time":1774382617715,"pid":1603455,"hostname":"TempleOfZyminx","from":{"q":0,"r":10},"to":{"q":10,"r":7},"msg":"findPath: no valid path found"}
{"level":30,"time":1774382617715,"pid":1603455,"hostname":"TempleOfZyminx","from":{"q":0,"r":10},"to":{"q":10,"r":8},"msg":"findPath: no valid path found"}
{"level":30,"time":1774382617715,"pid":1603455,"hostname":"TempleOfZyminx","from":{"q":0,"r":10},"to":{"q":10,"r":9},"msg":"findPath: no valid path found"}
{"level":30,"time":1774382617715,"pid":1603455,"hostname":"TempleOfZyminx","from":{"q":0,"r":10},"to":{"q":10,"r":10},"msg":"findPath: no valid path found"}
{"level":30,"time":1774382617715,"pid":1603455,"hostname":"TempleOfZyminx","from":{"q":0,"r":10},"to":{"q":10,"r":11},"msg":"findPath: no valid path found"}
{"level":30,"time":1774382617715,"pid":1603455,"hostname":"TempleOfZyminx","from":{"q":0,"r":10},"to":{"q":10,"r":12},"msg":"findPath: no valid path found"}
{"level":30,"time":1774382617715,"pid":1603455,"hostname":"TempleOfZyminx","from":{"q":0,"r":10},"to":{"q":10,"r":13},"msg":"findPath: no valid path found"}
{"level":30,"time":1774382617715,"pid":1603455,"hostname":"TempleOfZyminx","from":{"q":0,"r":10},"to":{"q":10,"r":14},"msg":"findPath: no valid path found"}
{"level":30,"time":1774382617715,"pid":1603455,"hostname":"TempleOfZyminx","from":{"q":0,"r":10},"to":{"q":10,"r":15},"msg":"findPath: no valid path found"}
{"level":30,"time":1774382617715,"pid":1603455,"hostname":"TempleOfZyminx","from":{"q":0,"r":10},"to":{"q":10,"r":16},"msg":"findPath: no valid path found"}
{"level":30,"time":1774382617715,"pid":1603455,"hostname":"TempleOfZyminx","from":{"q":0,"r":10},"to":{"q":10,"r":17},"msg":"findPath: no valid path found"}
{"level":30,"time":1774382617715,"pid":1603455,"hostname":"TempleOfZyminx","from":{"q":0,"r":10},"to":{"q":10,"r":18},"msg":"findPath: no valid path found"}
{"level":30,"time":1774382617715,"pid":1603456,"hostname":"TempleOfZyminx","scenarioId":"swamp-siege-01","role":"onion","msg":"Creating new game match"}
{"level":30,"time":1774382617715,"pid":1603455,"hostname":"TempleOfZyminx","from":{"q":0,"r":10},"to":{"q":10,"r":19},"msg":"findPath: no valid path found"}
{"level":30,"time":1774382617715,"pid":1603455,"hostname":"TempleOfZyminx","from":{"q":0,"r":10},"to":{"q":10,"r":20},"msg":"findPath: no valid path found"}
{"level":30,"time":1774382617716,"pid":1603455,"hostname":"TempleOfZyminx","from":{"q":0,"r":10},"to":{"q":10,"r":21},"msg":"findPath: no valid path found"}
{"level":30,"time":1774382617716,"pid":1603455,"hostname":"TempleOfZyminx","from":{"q":0,"r":10},"to":{"q":11,"r":0},"msg":"findPath: no valid path found"}
{"level":30,"time":1774382617716,"pid":1603455,"hostname":"TempleOfZyminx","from":{"q":0,"r":10},"to":{"q":11,"r":1},"msg":"findPath: no valid path found"}
{"level":30,"time":1774382617716,"pid":1603455,"hostname":"TempleOfZyminx","from":{"q":0,"r":10},"to":{"q":11,"r":2},"msg":"findPath: no valid path found"}
{"level":30,"time":1774382617716,"pid":1603455,"hostname":"TempleOfZyminx","from":{"q":0,"r":10},"to":{"q":11,"r":3},"msg":"findPath: no valid path found"}
{"level":30,"time":1774382617716,"pid":1603455,"hostname":"TempleOfZyminx","from":{"q":0,"r":10},"to":{"q":11,"r":4},"msg":"findPath: no valid path found"}
{"level":30,"time":1774382617716,"pid":1603455,"hostname":"TempleOfZyminx","from":{"q":0,"r":10},"to":{"q":11,"r":5},"msg":"findPath: no valid path found"}
{"level":30,"time":1774382617716,"pid":1603455,"hostname":"TempleOfZyminx","from":{"q":0,"r":10},"to":{"q":11,"r":6},"msg":"findPath: no valid path found"}
{"level":30,"time":1774382617716,"pid":1603455,"hostname":"TempleOfZyminx","from":{"q":0,"r":10},"to":{"q":11,"r":7},"msg":"findPath: no valid path found"}
{"level":30,"time":1774382617716,"pid":1603455,"hostname":"TempleOfZyminx","from":{"q":0,"r":10},"to":{"q":11,"r":8},"msg":"findPath: no valid path found"}
{"level":30,"time":1774382617716,"pid":1603455,"hostname":"TempleOfZyminx","from":{"q":0,"r":10},"to":{"q":11,"r":9},"msg":"findPath: no valid path found"}
{"level":30,"time":1774382617716,"pid":1603455,"hostname":"TempleOfZyminx","from":{"q":0,"r":10},"to":{"q":11,"r":10},"msg":"findPath: no valid path found"}
{"level":30,"time":1774382617716,"pid":1603455,"hostname":"TempleOfZyminx","from":{"q":0,"r":10},"to":{"q":11,"r":11},"msg":"findPath: no valid path found"}
{"level":30,"time":1774382617716,"pid":1603455,"hostname":"TempleOfZyminx","from":{"q":0,"r":10},"to":{"q":11,"r":12},"msg":"findPath: no valid path found"}
{"level":30,"time":1774382617716,"pid":1603455,"hostname":"TempleOfZyminx","from":{"q":0,"r":10},"to":{"q":11,"r":13},"msg":"findPath: no valid path found"}
{"level":30,"time":1774382617716,"pid":1603455,"hostname":"TempleOfZyminx","from":{"q":0,"r":10},"to":{"q":11,"r":14},"msg":"findPath: no valid path found"}
{"level":30,"time":1774382617716,"pid":1603455,"hostname":"TempleOfZyminx","from":{"q":0,"r":10},"to":{"q":11,"r":15},"msg":"findPath: no valid path found"}
{"level":30,"time":1774382617716,"pid":1603455,"hostname":"TempleOfZyminx","from":{"q":0,"r":10},"to":{"q":11,"r":16},"msg":"findPath: no valid path found"}
{"level":30,"time":1774382617716,"pid":1603455,"hostname":"TempleOfZyminx","from":{"q":0,"r":10},"to":{"q":11,"r":17},"msg":"findPath: no valid path found"}
{"level":30,"time":1774382617716,"pid":1603455,"hostname":"TempleOfZyminx","from":{"q":0,"r":10},"to":{"q":11,"r":18},"msg":"findPath: no valid path found"}
{"level":30,"time":1774382617716,"pid":1603455,"hostname":"TempleOfZyminx","from":{"q":0,"r":10},"to":{"q":11,"r":19},"msg":"findPath: no valid path found"}
{"level":30,"time":1774382617716,"pid":1603455,"hostname":"TempleOfZyminx","from":{"q":0,"r":10},"to":{"q":11,"r":20},"msg":"findPath: no valid path found"}
{"level":30,"time":1774382617717,"pid":1603455,"hostname":"TempleOfZyminx","from":{"q":0,"r":10},"to":{"q":11,"r":21},"msg":"findPath: no valid path found"}
{"level":30,"time":1774382617717,"pid":1603455,"hostname":"TempleOfZyminx","from":{"q":0,"r":10},"to":{"q":12,"r":0},"msg":"findPath: no valid path found"}
{"level":30,"time":1774382617717,"pid":1603455,"hostname":"TempleOfZyminx","from":{"q":0,"r":10},"to":{"q":12,"r":1},"msg":"findPath: no valid path found"}
{"level":30,"time":1774382617717,"pid":1603455,"hostname":"TempleOfZyminx","from":{"q":0,"r":10},"to":{"q":12,"r":2},"msg":"findPath: no valid path found"}
{"level":30,"time":1774382617717,"pid":1603455,"hostname":"TempleOfZyminx","from":{"q":0,"r":10},"to":{"q":12,"r":3},"msg":"findPath: no valid path found"}
{"level":30,"time":1774382617717,"pid":1603455,"hostname":"TempleOfZyminx","from":{"q":0,"r":10},"to":{"q":12,"r":4},"msg":"findPath: no valid path found"}
{"level":30,"time":1774382617717,"pid":1603455,"hostname":"TempleOfZyminx","from":{"q":0,"r":10},"to":{"q":12,"r":5},"msg":"findPath: no valid path found"}
{"level":30,"time":1774382617717,"pid":1603455,"hostname":"TempleOfZyminx","from":{"q":0,"r":10},"to":{"q":12,"r":6},"msg":"findPath: no valid path found"}
{"level":30,"time":1774382617717,"pid":1603455,"hostname":"TempleOfZyminx","from":{"q":0,"r":10},"to":{"q":12,"r":7},"msg":"findPath: no valid path found"}
{"level":30,"time":1774382617717,"pid":1603455,"hostname":"TempleOfZyminx","from":{"q":0,"r":10},"to":{"q":12,"r":8},"msg":"findPath: no valid path found"}
{"level":30,"time":1774382617717,"pid":1603455,"hostname":"TempleOfZyminx","from":{"q":0,"r":10},"to":{"q":12,"r":9},"msg":"findPath: no valid path found"}
{"level":30,"time":1774382617717,"pid":1603455,"hostname":"TempleOfZyminx","from":{"q":0,"r":10},"to":{"q":12,"r":10},"msg":"findPath: no valid path found"}
{"level":30,"time":1774382617717,"pid":1603455,"hostname":"TempleOfZyminx","from":{"q":0,"r":10},"to":{"q":12,"r":11},"msg":"findPath: no valid path found"}
{"level":30,"time":1774382617717,"pid":1603455,"hostname":"TempleOfZyminx","from":{"q":0,"r":10},"to":{"q":12,"r":12},"msg":"findPath: no valid path found"}
{"level":30,"time":1774382617717,"pid":1603455,"hostname":"TempleOfZyminx","from":{"q":0,"r":10},"to":{"q":12,"r":13},"msg":"findPath: no valid path found"}
{"level":30,"time":1774382617717,"pid":1603455,"hostname":"TempleOfZyminx","from":{"q":0,"r":10},"to":{"q":12,"r":14},"msg":"findPath: no valid path found"}
{"level":30,"time":1774382617717,"pid":1603455,"hostname":"TempleOfZyminx","from":{"q":0,"r":10},"to":{"q":12,"r":15},"msg":"findPath: no valid path found"}
{"level":30,"time":1774382617717,"pid":1603455,"hostname":"TempleOfZyminx","from":{"q":0,"r":10},"to":{"q":12,"r":16},"msg":"findPath: no valid path found"}
{"level":30,"time":1774382617717,"pid":1603455,"hostname":"TempleOfZyminx","from":{"q":0,"r":10},"to":{"q":12,"r":17},"msg":"findPath: no valid path found"}
{"level":30,"time":1774382617717,"pid":1603455,"hostname":"TempleOfZyminx","from":{"q":0,"r":10},"to":{"q":12,"r":18},"msg":"findPath: no valid path found"}
{"level":30,"time":1774382617718,"pid":1603455,"hostname":"TempleOfZyminx","from":{"q":0,"r":10},"to":{"q":12,"r":19},"msg":"findPath: no valid path found"}
{"level":30,"time":1774382617718,"pid":1603455,"hostname":"TempleOfZyminx","from":{"q":0,"r":10},"to":{"q":12,"r":20},"msg":"findPath: no valid path found"}
{"level":30,"time":1774382617718,"pid":1603455,"hostname":"TempleOfZyminx","from":{"q":0,"r":10},"to":{"q":12,"r":21},"msg":"findPath: no valid path found"}
{"level":30,"time":1774382617718,"pid":1603455,"hostname":"TempleOfZyminx","from":{"q":0,"r":10},"to":{"q":13,"r":0},"msg":"findPath: no valid path found"}
{"level":30,"time":1774382617718,"pid":1603455,"hostname":"TempleOfZyminx","from":{"q":0,"r":10},"to":{"q":13,"r":1},"msg":"findPath: no valid path found"}
{"level":30,"time":1774382617718,"pid":1603455,"hostname":"TempleOfZyminx","from":{"q":0,"r":10},"to":{"q":13,"r":2},"msg":"findPath: no valid path found"}
{"level":30,"time":1774382617718,"pid":1603455,"hostname":"TempleOfZyminx","from":{"q":0,"r":10},"to":{"q":13,"r":3},"msg":"findPath: no valid path found"}
{"level":30,"time":1774382617716,"pid":1603456,"hostname":"TempleOfZyminx","gameId":"d6e1ec34-e12d-48c2-a1cb-039a58af6f23","role":"onion","msg":"Game match created"}
{"level":30,"time":1774382617717,"pid":1603456,"hostname":"TempleOfZyminx","id":"d6e1ec34-e12d-48c2-a1cb-039a58af6f23","msg":"User joining game"}
{"level":30,"time":1774382617717,"pid":1603456,"hostname":"TempleOfZyminx","gameId":"d6e1ec34-e12d-48c2-a1cb-039a58af6f23","role":"defender","msg":"User joined game"}
{"level":30,"time":1774382617717,"pid":1603456,"hostname":"TempleOfZyminx","id":"d6e1ec34-e12d-48c2-a1cb-039a58af6f23","command":"SELF_DESTRUCT","msg":"Submitting game action"}
{"level":40,"time":1774382617717,"pid":1603456,"hostname":"TempleOfZyminx","commandType":"SELF_DESTRUCT","msg":"Unknown command type"}
{"level":30,"time":1774382617719,"pid":1603455,"hostname":"TempleOfZyminx","from":{"q":0,"r":10},"to":{"q":13,"r":4},"msg":"findPath: no valid path found"}
{"level":30,"time":1774382617719,"pid":1603455,"hostname":"TempleOfZyminx","from":{"q":0,"r":10},"to":{"q":13,"r":5},"msg":"findPath: no valid path found"}
{"level":30,"time":1774382617719,"pid":1603455,"hostname":"TempleOfZyminx","from":{"q":0,"r":10},"to":{"q":13,"r":6},"msg":"findPath: no valid path found"}
{"level":30,"time":1774382617719,"pid":1603455,"hostname":"TempleOfZyminx","from":{"q":0,"r":10},"to":{"q":13,"r":7},"msg":"findPath: no valid path found"}
{"level":30,"time":1774382617720,"pid":1603455,"hostname":"TempleOfZyminx","from":{"q":0,"r":10},"to":{"q":13,"r":8},"msg":"findPath: no valid path found"}
{"level":30,"time":1774382617720,"pid":1603455,"hostname":"TempleOfZyminx","from":{"q":0,"r":10},"to":{"q":13,"r":9},"msg":"findPath: no valid path found"}
{"level":30,"time":1774382617720,"pid":1603455,"hostname":"TempleOfZyminx","from":{"q":0,"r":10},"to":{"q":13,"r":10},"msg":"findPath: no valid path found"}
{"level":30,"time":1774382617720,"pid":1603455,"hostname":"TempleOfZyminx","from":{"q":0,"r":10},"to":{"q":13,"r":11},"msg":"findPath: no valid path found"}
{"level":30,"time":1774382617720,"pid":1603455,"hostname":"TempleOfZyminx","from":{"q":0,"r":10},"to":{"q":13,"r":12},"msg":"findPath: no valid path found"}
{"level":30,"time":1774382617720,"pid":1603455,"hostname":"TempleOfZyminx","from":{"q":0,"r":10},"to":{"q":13,"r":13},"msg":"findPath: no valid path found"}
{"level":30,"time":1774382617720,"pid":1603455,"hostname":"TempleOfZyminx","from":{"q":0,"r":10},"to":{"q":13,"r":14},"msg":"findPath: no valid path found"}
{"level":30,"time":1774382617720,"pid":1603455,"hostname":"TempleOfZyminx","from":{"q":0,"r":10},"to":{"q":13,"r":15},"msg":"findPath: no valid path found"}
{"level":30,"time":1774382617720,"pid":1603455,"hostname":"TempleOfZyminx","from":{"q":0,"r":10},"to":{"q":13,"r":16},"msg":"findPath: no valid path found"}
{"level":30,"time":1774382617720,"pid":1603455,"hostname":"TempleOfZyminx","from":{"q":0,"r":10},"to":{"q":13,"r":17},"msg":"findPath: no valid path found"}
{"level":30,"time":1774382617720,"pid":1603455,"hostname":"TempleOfZyminx","from":{"q":0,"r":10},"to":{"q":13,"r":18},"msg":"findPath: no valid path found"}
{"level":30,"time":1774382617720,"pid":1603455,"hostname":"TempleOfZyminx","from":{"q":0,"r":10},"to":{"q":13,"r":19},"msg":"findPath: no valid path found"}
{"level":30,"time":1774382617720,"pid":1603455,"hostname":"TempleOfZyminx","from":{"q":0,"r":10},"to":{"q":13,"r":20},"msg":"findPath: no valid path found"}
{"level":30,"time":1774382617720,"pid":1603455,"hostname":"TempleOfZyminx","from":{"q":0,"r":10},"to":{"q":13,"r":21},"msg":"findPath: no valid path found"}
{"level":30,"time":1774382617720,"pid":1603455,"hostname":"TempleOfZyminx","from":{"q":0,"r":10},"to":{"q":14,"r":0},"msg":"findPath: no valid path found"}
{"level":30,"time":1774382617720,"pid":1603455,"hostname":"TempleOfZyminx","from":{"q":0,"r":10},"to":{"q":14,"r":1},"msg":"findPath: no valid path found"}
{"level":30,"time":1774382617720,"pid":1603455,"hostname":"TempleOfZyminx","from":{"q":0,"r":10},"to":{"q":14,"r":2},"msg":"findPath: no valid path found"}
{"level":30,"time":1774382617720,"pid":1603455,"hostname":"TempleOfZyminx","from":{"q":0,"r":10},"to":{"q":14,"r":3},"msg":"findPath: no valid path found"}
{"level":30,"time":1774382617720,"pid":1603455,"hostname":"TempleOfZyminx","from":{"q":0,"r":10},"to":{"q":14,"r":4},"msg":"findPath: no valid path found"}
{"level":30,"time":1774382617720,"pid":1603455,"hostname":"TempleOfZyminx","from":{"q":0,"r":10},"to":{"q":14,"r":5},"msg":"findPath: no valid path found"}
{"level":30,"time":1774382617720,"pid":1603455,"hostname":"TempleOfZyminx","from":{"q":0,"r":10},"to":{"q":14,"r":6},"msg":"findPath: no valid path found"}
{"level":30,"time":1774382617720,"pid":1603455,"hostname":"TempleOfZyminx","from":{"q":0,"r":10},"to":{"q":14,"r":7},"msg":"findPath: no valid path found"}
{"level":30,"time":1774382617721,"pid":1603455,"hostname":"TempleOfZyminx","from":{"q":0,"r":10},"to":{"q":14,"r":8},"msg":"findPath: no valid path found"}
{"level":30,"time":1774382617721,"pid":1603455,"hostname":"TempleOfZyminx","from":{"q":0,"r":10},"to":{"q":14,"r":9},"msg":"findPath: no valid path found"}
{"level":30,"time":1774382617721,"pid":1603455,"hostname":"TempleOfZyminx","from":{"q":0,"r":10},"to":{"q":14,"r":10},"msg":"findPath: no valid path found"}
{"level":30,"time":1774382617721,"pid":1603455,"hostname":"TempleOfZyminx","from":{"q":0,"r":10},"to":{"q":14,"r":11},"msg":"findPath: no valid path found"}
{"level":30,"time":1774382617721,"pid":1603455,"hostname":"TempleOfZyminx","from":{"q":0,"r":10},"to":{"q":14,"r":12},"msg":"findPath: no valid path found"}
{"level":30,"time":1774382617721,"pid":1603455,"hostname":"TempleOfZyminx","from":{"q":0,"r":10},"to":{"q":14,"r":13},"msg":"findPath: no valid path found"}
{"level":30,"time":1774382617721,"pid":1603455,"hostname":"TempleOfZyminx","from":{"q":0,"r":10},"to":{"q":14,"r":14},"msg":"findPath: no valid path found"}
{"level":30,"time":1774382617721,"pid":1603455,"hostname":"TempleOfZyminx","from":{"q":0,"r":10},"to":{"q":14,"r":15},"msg":"findPath: no valid path found"}
{"level":30,"time":1774382617721,"pid":1603455,"hostname":"TempleOfZyminx","from":{"q":0,"r":10},"to":{"q":14,"r":16},"msg":"findPath: no valid path found"}
{"level":30,"time":1774382617721,"pid":1603455,"hostname":"TempleOfZyminx","from":{"q":0,"r":10},"to":{"q":14,"r":17},"msg":"findPath: no valid path found"}
{"level":30,"time":1774382617721,"pid":1603455,"hostname":"TempleOfZyminx","from":{"q":0,"r":10},"to":{"q":14,"r":18},"msg":"findPath: no valid path found"}
{"level":30,"time":1774382617721,"pid":1603455,"hostname":"TempleOfZyminx","from":{"q":0,"r":10},"to":{"q":14,"r":19},"msg":"findPath: no valid path found"}
{"level":30,"time":1774382617721,"pid":1603455,"hostname":"TempleOfZyminx","from":{"q":0,"r":10},"to":{"q":14,"r":20},"msg":"findPath: no valid path found"}
{"level":30,"time":1774382617721,"pid":1603455,"hostname":"TempleOfZyminx","from":{"q":0,"r":10},"to":{"q":14,"r":21},"msg":"findPath: no valid path found"}
{"level":30,"time":1774382617722,"pid":1603455,"hostname":"TempleOfZyminx","id":"f92f222b-d096-4089-80b3-474e4d5bc286","command":"MOVE","msg":"Submitting game action"}
{"level":30,"time":1774382617722,"pid":1603455,"hostname":"TempleOfZyminx","gameId":"f92f222b-d096-4089-80b3-474e4d5bc286","unitId":"onion-1","msg":"Processing MOVE command"}
{"level":30,"time":1774382617723,"pid":1603455,"hostname":"TempleOfZyminx","id":"f92f222b-d096-4089-80b3-474e4d5bc286","msg":"Fetching game state"}
{"level":30,"time":1774382617724,"pid":1603455,"hostname":"TempleOfZyminx","id":"f92f222b-d096-4089-80b3-474e4d5bc286","msg":"Fetching game state"}
{"level":30,"time":1774382617726,"pid":1603455,"hostname":"TempleOfZyminx","id":"f92f222b-d096-4089-80b3-474e4d5bc286","command":"END_PHASE","msg":"Submitting game action"}
{"level":30,"time":1774382617726,"pid":1603455,"hostname":"TempleOfZyminx","gameId":"f92f222b-d096-4089-80b3-474e4d5bc286","phase":"ONION_MOVE","msg":"Advancing phase"}
{"level":30,"time":1774382617726,"pid":1603455,"hostname":"TempleOfZyminx","phase":"ONION_MOVE","turnNumber":1,"msg":"Advancing phase in engine"}
{"level":30,"time":1774382617727,"pid":1603455,"hostname":"TempleOfZyminx","id":"f92f222b-d096-4089-80b3-474e4d5bc286","msg":"Fetching game state"}
{"level":30,"time":1774382617727,"pid":1603455,"hostname":"TempleOfZyminx","id":"f92f222b-d096-4089-80b3-474e4d5bc286","msg":"Fetching game state"}
{"level":30,"time":1774382617728,"pid":1603455,"hostname":"TempleOfZyminx","id":"f92f222b-d096-4089-80b3-474e4d5bc286","command":"FIRE","msg":"Submitting game action"}
{"level":30,"time":1774382617728,"pid":1603455,"hostname":"TempleOfZyminx","gameId":"f92f222b-d096-4089-80b3-474e4d5bc286","type":"FIRE","msg":"Processing combat command"}
{"level":30,"time":1774382617729,"pid":1603455,"hostname":"TempleOfZyminx","commandType":"FIRE","msg":"Validating combat action"}
{"level":30,"time":1774382617729,"pid":1603455,"hostname":"TempleOfZyminx","plan":{"actionType":"FIRE","actor":"onion","attackerIds":["missile_1"],"target":{"kind":"defender","id":"pigs-1"},"attackStrength":6,"defense":3,"weaponIds":["missile_1"]},"msg":"Executing combat action"}
{"level":30,"time":1774382617730,"pid":1603455,"hostname":"TempleOfZyminx","id":"f92f222b-d096-4089-80b3-474e4d5bc286","command":"FIRE","msg":"Submitting game action"}
{"level":30,"time":1774382617730,"pid":1603455,"hostname":"TempleOfZyminx","gameId":"f92f222b-d096-4089-80b3-474e4d5bc286","type":"FIRE","msg":"Processing combat command"}
{"level":30,"time":1774382617730,"pid":1603455,"hostname":"TempleOfZyminx","commandType":"FIRE","msg":"Validating combat action"}
{"level":30,"time":1774382617730,"pid":1603455,"hostname":"TempleOfZyminx","gameId":"f92f222b-d096-4089-80b3-474e4d5bc286","error":"Target is already destroyed","msg":"Invalid combat command"}
{"level":30,"time":1774382617731,"pid":1603455,"hostname":"TempleOfZyminx","id":"f92f222b-d096-4089-80b3-474e4d5bc286","msg":"Fetching game state"}
{"level":30,"time":1774382617732,"pid":1603455,"hostname":"TempleOfZyminx","id":"f92f222b-d096-4089-80b3-474e4d5bc286","command":"END_PHASE","msg":"Submitting game action"}
{"level":30,"time":1774382617733,"pid":1603455,"hostname":"TempleOfZyminx","gameId":"f92f222b-d096-4089-80b3-474e4d5bc286","phase":"ONION_COMBAT","msg":"Advancing phase"}
{"level":30,"time":1774382617733,"pid":1603455,"hostname":"TempleOfZyminx","phase":"ONION_COMBAT","turnNumber":1,"msg":"Advancing phase in engine"}
{"level":30,"time":1774382617733,"pid":1603455,"hostname":"TempleOfZyminx","id":"f92f222b-d096-4089-80b3-474e4d5bc286","msg":"Fetching game state"}
{"level":30,"time":1774382617734,"pid":1603455,"hostname":"TempleOfZyminx","id":"f92f222b-d096-4089-80b3-474e4d5bc286","msg":"Fetching game state"}
{"level":30,"time":1774382617735,"pid":1603455,"hostname":"TempleOfZyminx","from":{"q":5,"r":6},"to":{"q":0,"r":0},"msg":"findPath: no valid path found"}
{"level":30,"time":1774382617735,"pid":1603455,"hostname":"TempleOfZyminx","from":{"q":5,"r":6},"to":{"q":0,"r":1},"msg":"findPath: no valid path found"}
{"level":30,"time":1774382617735,"pid":1603455,"hostname":"TempleOfZyminx","from":{"q":5,"r":6},"to":{"q":0,"r":2},"msg":"findPath: no valid path found"}
{"level":30,"time":1774382617736,"pid":1603455,"hostname":"TempleOfZyminx","from":{"q":5,"r":6},"to":{"q":0,"r":3},"msg":"findPath: no valid path found"}
{"level":30,"time":1774382617736,"pid":1603455,"hostname":"TempleOfZyminx","from":{"q":5,"r":6},"to":{"q":0,"r":4},"msg":"findPath: no valid path found"}
{"level":30,"time":1774382617736,"pid":1603455,"hostname":"TempleOfZyminx","from":{"q":5,"r":6},"to":{"q":0,"r":5},"msg":"findPath: no valid path found"}
{"level":30,"time":1774382617736,"pid":1603455,"hostname":"TempleOfZyminx","from":{"q":5,"r":6},"to":{"q":0,"r":6},"msg":"findPath: no valid path found"}
{"level":30,"time":1774382617736,"pid":1603455,"hostname":"TempleOfZyminx","from":{"q":5,"r":6},"to":{"q":0,"r":7},"msg":"findPath: no valid path found"}
{"level":30,"time":1774382617736,"pid":1603455,"hostname":"TempleOfZyminx","from":{"q":5,"r":6},"to":{"q":0,"r":8},"msg":"findPath: no valid path found"}
{"level":30,"time":1774382617736,"pid":1603455,"hostname":"TempleOfZyminx","from":{"q":5,"r":6},"to":{"q":0,"r":9},"msg":"findPath: no valid path found"}
{"level":30,"time":1774382617736,"pid":1603455,"hostname":"TempleOfZyminx","from":{"q":5,"r":6},"to":{"q":0,"r":10},"msg":"findPath: no valid path found"}
{"level":30,"time":1774382617737,"pid":1603455,"hostname":"TempleOfZyminx","from":{"q":5,"r":6},"to":{"q":0,"r":11},"msg":"findPath: no valid path found"}
{"level":30,"time":1774382617737,"pid":1603455,"hostname":"TempleOfZyminx","from":{"q":5,"r":6},"to":{"q":0,"r":12},"msg":"findPath: no valid path found"}
{"level":30,"time":1774382617737,"pid":1603455,"hostname":"TempleOfZyminx","from":{"q":5,"r":6},"to":{"q":0,"r":13},"msg":"findPath: no valid path found"}
{"level":30,"time":1774382617737,"pid":1603455,"hostname":"TempleOfZyminx","from":{"q":5,"r":6},"to":{"q":0,"r":14},"msg":"findPath: no valid path found"}
{"level":30,"time":1774382617737,"pid":1603455,"hostname":"TempleOfZyminx","from":{"q":5,"r":6},"to":{"q":0,"r":15},"msg":"findPath: no valid path found"}
{"level":30,"time":1774382617737,"pid":1603455,"hostname":"TempleOfZyminx","from":{"q":5,"r":6},"to":{"q":0,"r":16},"msg":"findPath: no valid path found"}
{"level":30,"time":1774382617737,"pid":1603455,"hostname":"TempleOfZyminx","from":{"q":5,"r":6},"to":{"q":0,"r":17},"msg":"findPath: no valid path found"}
{"level":30,"time":1774382617738,"pid":1603455,"hostname":"TempleOfZyminx","from":{"q":5,"r":6},"to":{"q":0,"r":18},"msg":"findPath: no valid path found"}
{"level":30,"time":1774382617738,"pid":1603455,"hostname":"TempleOfZyminx","from":{"q":5,"r":6},"to":{"q":0,"r":19},"msg":"findPath: no valid path found"}
{"level":30,"time":1774382617738,"pid":1603455,"hostname":"TempleOfZyminx","from":{"q":5,"r":6},"to":{"q":0,"r":20},"msg":"findPath: no valid path found"}
{"level":30,"time":1774382617739,"pid":1603455,"hostname":"TempleOfZyminx","from":{"q":5,"r":6},"to":{"q":0,"r":21},"msg":"findPath: no valid path found"}
{"level":30,"time":1774382617739,"pid":1603455,"hostname":"TempleOfZyminx","from":{"q":5,"r":6},"to":{"q":1,"r":0},"msg":"findPath: no valid path found"}
{"level":30,"time":1774382617739,"pid":1603455,"hostname":"TempleOfZyminx","from":{"q":5,"r":6},"to":{"q":1,"r":1},"msg":"findPath: no valid path found"}
{"level":30,"time":1774382617739,"pid":1603455,"hostname":"TempleOfZyminx","from":{"q":5,"r":6},"to":{"q":1,"r":2},"msg":"findPath: no valid path found"}
{"level":30,"time":1774382617739,"pid":1603455,"hostname":"TempleOfZyminx","from":{"q":5,"r":6},"to":{"q":1,"r":3},"msg":"findPath: no valid path found"}
{"level":30,"time":1774382617740,"pid":1603455,"hostname":"TempleOfZyminx","from":{"q":5,"r":6},"to":{"q":1,"r":4},"msg":"findPath: no valid path found"}
{"level":30,"time":1774382617740,"pid":1603455,"hostname":"TempleOfZyminx","from":{"q":5,"r":6},"to":{"q":1,"r":5},"msg":"findPath: no valid path found"}
{"level":30,"time":1774382617740,"pid":1603455,"hostname":"TempleOfZyminx","from":{"q":5,"r":6},"to":{"q":1,"r":10},"msg":"findPath: no valid path found"}
{"level":30,"time":1774382617740,"pid":1603455,"hostname":"TempleOfZyminx","from":{"q":5,"r":6},"to":{"q":1,"r":11},"msg":"findPath: no valid path found"}
{"level":30,"time":1774382617740,"pid":1603455,"hostname":"TempleOfZyminx","from":{"q":5,"r":6},"to":{"q":1,"r":12},"msg":"findPath: no valid path found"}
{"level":30,"time":1774382617741,"pid":1603455,"hostname":"TempleOfZyminx","from":{"q":5,"r":6},"to":{"q":1,"r":13},"msg":"findPath: no valid path found"}
{"level":30,"time":1774382617741,"pid":1603455,"hostname":"TempleOfZyminx","from":{"q":5,"r":6},"to":{"q":1,"r":14},"msg":"findPath: no valid path found"}
{"level":30,"time":1774382617741,"pid":1603455,"hostname":"TempleOfZyminx","from":{"q":5,"r":6},"to":{"q":1,"r":15},"msg":"findPath: no valid path found"}
{"level":30,"time":1774382617741,"pid":1603455,"hostname":"TempleOfZyminx","from":{"q":5,"r":6},"to":{"q":1,"r":16},"msg":"findPath: no valid path found"}
{"level":30,"time":1774382617741,"pid":1603455,"hostname":"TempleOfZyminx","from":{"q":5,"r":6},"to":{"q":1,"r":17},"msg":"findPath: no valid path found"}
{"level":30,"time":1774382617741,"pid":1603455,"hostname":"TempleOfZyminx","from":{"q":5,"r":6},"to":{"q":1,"r":18},"msg":"findPath: no valid path found"}
{"level":30,"time":1774382617741,"pid":1603455,"hostname":"TempleOfZyminx","from":{"q":5,"r":6},"to":{"q":1,"r":19},"msg":"findPath: no valid path found"}
{"level":30,"time":1774382617741,"pid":1603455,"hostname":"TempleOfZyminx","from":{"q":5,"r":6},"to":{"q":1,"r":20},"msg":"findPath: no valid path found"}
{"level":30,"time":1774382617742,"pid":1603455,"hostname":"TempleOfZyminx","from":{"q":5,"r":6},"to":{"q":1,"r":21},"msg":"findPath: no valid path found"}
{"level":30,"time":1774382617742,"pid":1603455,"hostname":"TempleOfZyminx","from":{"q":5,"r":6},"to":{"q":2,"r":0},"msg":"findPath: no valid path found"}
{"level":30,"time":1774382617742,"pid":1603455,"hostname":"TempleOfZyminx","from":{"q":5,"r":6},"to":{"q":2,"r":1},"msg":"findPath: no valid path found"}
{"level":30,"time":1774382617742,"pid":1603455,"hostname":"TempleOfZyminx","from":{"q":5,"r":6},"to":{"q":2,"r":2},"msg":"findPath: no valid path found"}
{"level":30,"time":1774382617742,"pid":1603455,"hostname":"TempleOfZyminx","from":{"q":5,"r":6},"to":{"q":2,"r":3},"msg":"findPath: no valid path found"}
{"level":30,"time":1774382617742,"pid":1603455,"hostname":"TempleOfZyminx","from":{"q":5,"r":6},"to":{"q":2,"r":4},"msg":"findPath: no valid path found"}
{"level":30,"time":1774382617743,"pid":1603455,"hostname":"TempleOfZyminx","from":{"q":5,"r":6},"to":{"q":2,"r":10},"msg":"findPath: no valid path found"}
{"level":30,"time":1774382617743,"pid":1603455,"hostname":"TempleOfZyminx","from":{"q":5,"r":6},"to":{"q":2,"r":11},"msg":"findPath: no valid path found"}
{"level":30,"time":1774382617743,"pid":1603455,"hostname":"TempleOfZyminx","from":{"q":5,"r":6},"to":{"q":2,"r":12},"msg":"findPath: no valid path found"}
{"level":30,"time":1774382617743,"pid":1603455,"hostname":"TempleOfZyminx","from":{"q":5,"r":6},"to":{"q":2,"r":13},"msg":"findPath: no valid path found"}
{"level":30,"time":1774382617743,"pid":1603455,"hostname":"TempleOfZyminx","from":{"q":5,"r":6},"to":{"q":2,"r":14},"msg":"findPath: no valid path found"}
{"level":30,"time":1774382617743,"pid":1603455,"hostname":"TempleOfZyminx","from":{"q":5,"r":6},"to":{"q":2,"r":15},"msg":"findPath: no valid path found"}
{"level":30,"time":1774382617743,"pid":1603455,"hostname":"TempleOfZyminx","from":{"q":5,"r":6},"to":{"q":2,"r":16},"msg":"findPath: no valid path found"}
{"level":30,"time":1774382617743,"pid":1603455,"hostname":"TempleOfZyminx","from":{"q":5,"r":6},"to":{"q":2,"r":17},"msg":"findPath: no valid path found"}
{"level":30,"time":1774382617744,"pid":1603455,"hostname":"TempleOfZyminx","from":{"q":5,"r":6},"to":{"q":2,"r":18},"msg":"findPath: no valid path found"}
{"level":30,"time":1774382617744,"pid":1603455,"hostname":"TempleOfZyminx","from":{"q":5,"r":6},"to":{"q":2,"r":19},"msg":"findPath: no valid path found"}
{"level":30,"time":1774382617744,"pid":1603455,"hostname":"TempleOfZyminx","from":{"q":5,"r":6},"to":{"q":2,"r":20},"msg":"findPath: no valid path found"}
{"level":30,"time":1774382617744,"pid":1603455,"hostname":"TempleOfZyminx","from":{"q":5,"r":6},"to":{"q":2,"r":21},"msg":"findPath: no valid path found"}
{"level":30,"time":1774382617744,"pid":1603455,"hostname":"TempleOfZyminx","from":{"q":5,"r":6},"to":{"q":3,"r":0},"msg":"findPath: no valid path found"}
{"level":30,"time":1774382617744,"pid":1603455,"hostname":"TempleOfZyminx","from":{"q":5,"r":6},"to":{"q":3,"r":1},"msg":"findPath: no valid path found"}
{"level":30,"time":1774382617744,"pid":1603455,"hostname":"TempleOfZyminx","from":{"q":5,"r":6},"to":{"q":3,"r":2},"msg":"findPath: no valid path found"}
{"level":30,"time":1774382617744,"pid":1603455,"hostname":"TempleOfZyminx","from":{"q":5,"r":6},"to":{"q":3,"r":3},"msg":"findPath: no valid path found"}
{"level":30,"time":1774382617746,"pid":1603455,"hostname":"TempleOfZyminx","from":{"q":5,"r":6},"to":{"q":3,"r":8},"msg":"findPath: no valid path found"}
{"level":30,"time":1774382617746,"pid":1603455,"hostname":"TempleOfZyminx","from":{"q":5,"r":6},"to":{"q":3,"r":11},"msg":"findPath: no valid path found"}
{"level":30,"time":1774382617746,"pid":1603455,"hostname":"TempleOfZyminx","from":{"q":5,"r":6},"to":{"q":3,"r":12},"msg":"findPath: no valid path found"}
{"level":30,"time":1774382617746,"pid":1603455,"hostname":"TempleOfZyminx","from":{"q":5,"r":6},"to":{"q":3,"r":13},"msg":"findPath: no valid path found"}
{"level":30,"time":1774382617746,"pid":1603455,"hostname":"TempleOfZyminx","from":{"q":5,"r":6},"to":{"q":3,"r":14},"msg":"findPath: no valid path found"}
{"level":30,"time":1774382617746,"pid":1603455,"hostname":"TempleOfZyminx","from":{"q":5,"r":6},"to":{"q":3,"r":15},"msg":"findPath: no valid path found"}
{"level":30,"time":1774382617747,"pid":1603455,"hostname":"TempleOfZyminx","from":{"q":5,"r":6},"to":{"q":3,"r":16},"msg":"findPath: no valid path found"}
{"level":30,"time":1774382617747,"pid":1603455,"hostname":"TempleOfZyminx","from":{"q":5,"r":6},"to":{"q":3,"r":17},"msg":"findPath: no valid path found"}
{"level":30,"time":1774382617747,"pid":1603455,"hostname":"TempleOfZyminx","from":{"q":5,"r":6},"to":{"q":3,"r":18},"msg":"findPath: no valid path found"}
{"level":30,"time":1774382617747,"pid":1603455,"hostname":"TempleOfZyminx","from":{"q":5,"r":6},"to":{"q":3,"r":19},"msg":"findPath: no valid path found"}
{"level":30,"time":1774382617747,"pid":1603455,"hostname":"TempleOfZyminx","from":{"q":5,"r":6},"to":{"q":3,"r":20},"msg":"findPath: no valid path found"}
{"level":30,"time":1774382617747,"pid":1603455,"hostname":"TempleOfZyminx","from":{"q":5,"r":6},"to":{"q":3,"r":21},"msg":"findPath: no valid path found"}
{"level":30,"time":1774382617747,"pid":1603455,"hostname":"TempleOfZyminx","from":{"q":5,"r":6},"to":{"q":4,"r":0},"msg":"findPath: no valid path found"}
{"level":30,"time":1774382617749,"pid":1603455,"hostname":"TempleOfZyminx","from":{"q":5,"r":6},"to":{"q":4,"r":1},"msg":"findPath: no valid path found"}
{"level":30,"time":1774382617749,"pid":1603455,"hostname":"TempleOfZyminx","from":{"q":5,"r":6},"to":{"q":4,"r":2},"msg":"findPath: no valid path found"}
{"level":30,"time":1774382617749,"pid":1603455,"hostname":"TempleOfZyminx","from":{"q":5,"r":6},"to":{"q":4,"r":8},"msg":"findPath: no valid path found"}
{"level":30,"time":1774382617750,"pid":1603455,"hostname":"TempleOfZyminx","from":{"q":5,"r":6},"to":{"q":4,"r":11},"msg":"findPath: no valid path found"}
{"level":30,"time":1774382617750,"pid":1603455,"hostname":"TempleOfZyminx","from":{"q":5,"r":6},"to":{"q":4,"r":12},"msg":"findPath: no valid path found"}
{"level":30,"time":1774382617750,"pid":1603455,"hostname":"TempleOfZyminx","from":{"q":5,"r":6},"to":{"q":4,"r":13},"msg":"findPath: no valid path found"}
{"level":30,"time":1774382617750,"pid":1603455,"hostname":"TempleOfZyminx","from":{"q":5,"r":6},"to":{"q":4,"r":14},"msg":"findPath: no valid path found"}
{"level":30,"time":1774382617750,"pid":1603455,"hostname":"TempleOfZyminx","from":{"q":5,"r":6},"to":{"q":4,"r":15},"msg":"findPath: no valid path found"}
{"level":30,"time":1774382617750,"pid":1603455,"hostname":"TempleOfZyminx","from":{"q":5,"r":6},"to":{"q":4,"r":16},"msg":"findPath: no valid path found"}
{"level":30,"time":1774382617750,"pid":1603455,"hostname":"TempleOfZyminx","from":{"q":5,"r":6},"to":{"q":4,"r":17},"msg":"findPath: no valid path found"}
{"level":30,"time":1774382617751,"pid":1603455,"hostname":"TempleOfZyminx","from":{"q":5,"r":6},"to":{"q":4,"r":18},"msg":"findPath: no valid path found"}
{"level":30,"time":1774382617751,"pid":1603455,"hostname":"TempleOfZyminx","from":{"q":5,"r":6},"to":{"q":4,"r":19},"msg":"findPath: no valid path found"}
{"level":30,"time":1774382617751,"pid":1603455,"hostname":"TempleOfZyminx","from":{"q":5,"r":6},"to":{"q":4,"r":20},"msg":"findPath: no valid path found"}
{"level":30,"time":1774382617751,"pid":1603455,"hostname":"TempleOfZyminx","from":{"q":5,"r":6},"to":{"q":4,"r":21},"msg":"findPath: no valid path found"}
{"level":30,"time":1774382617751,"pid":1603455,"hostname":"TempleOfZyminx","from":{"q":5,"r":6},"to":{"q":5,"r":0},"msg":"findPath: no valid path found"}
{"level":30,"time":1774382617751,"pid":1603455,"hostname":"TempleOfZyminx","from":{"q":5,"r":6},"to":{"q":5,"r":1},"msg":"findPath: no valid path found"}
{"level":30,"time":1774382617752,"pid":1603455,"hostname":"TempleOfZyminx","from":{"q":5,"r":6},"to":{"q":5,"r":2},"msg":"findPath: no valid path found"}
{"level":30,"time":1774382617753,"pid":1603455,"hostname":"TempleOfZyminx","from":{"q":5,"r":6},"to":{"q":5,"r":11},"msg":"findPath: no valid path found"}
{"level":30,"time":1774382617753,"pid":1603455,"hostname":"TempleOfZyminx","from":{"q":5,"r":6},"to":{"q":5,"r":12},"msg":"findPath: no valid path found"}
{"level":30,"time":1774382617753,"pid":1603455,"hostname":"TempleOfZyminx","from":{"q":5,"r":6},"to":{"q":5,"r":13},"msg":"findPath: no valid path found"}
{"level":30,"time":1774382617753,"pid":1603455,"hostname":"TempleOfZyminx","from":{"q":5,"r":6},"to":{"q":5,"r":14},"msg":"findPath: no valid path found"}
{"level":30,"time":1774382617753,"pid":1603455,"hostname":"TempleOfZyminx","from":{"q":5,"r":6},"to":{"q":5,"r":15},"msg":"findPath: no valid path found"}
{"level":30,"time":1774382617753,"pid":1603455,"hostname":"TempleOfZyminx","from":{"q":5,"r":6},"to":{"q":5,"r":16},"msg":"findPath: no valid path found"}
{"level":30,"time":1774382617753,"pid":1603455,"hostname":"TempleOfZyminx","from":{"q":5,"r":6},"to":{"q":5,"r":17},"msg":"findPath: no valid path found"}
{"level":30,"time":1774382617753,"pid":1603455,"hostname":"TempleOfZyminx","from":{"q":5,"r":6},"to":{"q":5,"r":18},"msg":"findPath: no valid path found"}
{"level":30,"time":1774382617754,"pid":1603455,"hostname":"TempleOfZyminx","from":{"q":5,"r":6},"to":{"q":5,"r":19},"msg":"findPath: no valid path found"}
{"level":30,"time":1774382617754,"pid":1603455,"hostname":"TempleOfZyminx","from":{"q":5,"r":6},"to":{"q":5,"r":20},"msg":"findPath: no valid path found"}
{"level":30,"time":1774382617754,"pid":1603455,"hostname":"TempleOfZyminx","from":{"q":5,"r":6},"to":{"q":5,"r":21},"msg":"findPath: no valid path found"}
{"level":30,"time":1774382617754,"pid":1603455,"hostname":"TempleOfZyminx","from":{"q":5,"r":6},"to":{"q":6,"r":0},"msg":"findPath: no valid path found"}
{"level":30,"time":1774382617754,"pid":1603455,"hostname":"TempleOfZyminx","from":{"q":5,"r":6},"to":{"q":6,"r":1},"msg":"findPath: no valid path found"}
{"level":30,"time":1774382617755,"pid":1603455,"hostname":"TempleOfZyminx","from":{"q":5,"r":6},"to":{"q":6,"r":10},"msg":"findPath: no valid path found"}
{"level":30,"time":1774382617755,"pid":1603455,"hostname":"TempleOfZyminx","from":{"q":5,"r":6},"to":{"q":6,"r":11},"msg":"findPath: no valid path found"}
{"level":30,"time":1774382617755,"pid":1603455,"hostname":"TempleOfZyminx","from":{"q":5,"r":6},"to":{"q":6,"r":12},"msg":"findPath: no valid path found"}
{"level":30,"time":1774382617755,"pid":1603455,"hostname":"TempleOfZyminx","from":{"q":5,"r":6},"to":{"q":6,"r":13},"msg":"findPath: no valid path found"}
{"level":30,"time":1774382617755,"pid":1603455,"hostname":"TempleOfZyminx","from":{"q":5,"r":6},"to":{"q":6,"r":14},"msg":"findPath: no valid path found"}
{"level":30,"time":1774382617755,"pid":1603455,"hostname":"TempleOfZyminx","from":{"q":5,"r":6},"to":{"q":6,"r":15},"msg":"findPath: no valid path found"}
{"level":30,"time":1774382617755,"pid":1603455,"hostname":"TempleOfZyminx","from":{"q":5,"r":6},"to":{"q":6,"r":16},"msg":"findPath: no valid path found"}
{"level":30,"time":1774382617755,"pid":1603455,"hostname":"TempleOfZyminx","from":{"q":5,"r":6},"to":{"q":6,"r":17},"msg":"findPath: no valid path found"}
{"level":30,"time":1774382617756,"pid":1603455,"hostname":"TempleOfZyminx","from":{"q":5,"r":6},"to":{"q":6,"r":18},"msg":"findPath: no valid path found"}
{"level":30,"time":1774382617756,"pid":1603455,"hostname":"TempleOfZyminx","from":{"q":5,"r":6},"to":{"q":6,"r":19},"msg":"findPath: no valid path found"}
{"level":30,"time":1774382617756,"pid":1603455,"hostname":"TempleOfZyminx","from":{"q":5,"r":6},"to":{"q":6,"r":20},"msg":"findPath: no valid path found"}
{"level":30,"time":1774382617756,"pid":1603455,"hostname":"TempleOfZyminx","from":{"q":5,"r":6},"to":{"q":6,"r":21},"msg":"findPath: no valid path found"}
{"level":30,"time":1774382617756,"pid":1603455,"hostname":"TempleOfZyminx","from":{"q":5,"r":6},"to":{"q":7,"r":0},"msg":"findPath: no valid path found"}
{"level":30,"time":1774382617756,"pid":1603455,"hostname":"TempleOfZyminx","from":{"q":5,"r":6},"to":{"q":7,"r":1},"msg":"findPath: no valid path found"}
{"level":30,"time":1774382617757,"pid":1603455,"hostname":"TempleOfZyminx","from":{"q":5,"r":6},"to":{"q":7,"r":9},"msg":"findPath: no valid path found"}
{"level":30,"time":1774382617757,"pid":1603455,"hostname":"TempleOfZyminx","from":{"q":5,"r":6},"to":{"q":7,"r":10},"msg":"findPath: no valid path found"}
{"level":30,"time":1774382617757,"pid":1603455,"hostname":"TempleOfZyminx","from":{"q":5,"r":6},"to":{"q":7,"r":11},"msg":"findPath: no valid path found"}
{"level":30,"time":1774382617757,"pid":1603455,"hostname":"TempleOfZyminx","from":{"q":5,"r":6},"to":{"q":7,"r":12},"msg":"findPath: no valid path found"}
{"level":30,"time":1774382617757,"pid":1603455,"hostname":"TempleOfZyminx","from":{"q":5,"r":6},"to":{"q":7,"r":13},"msg":"findPath: no valid path found"}
{"level":30,"time":1774382617757,"pid":1603455,"hostname":"TempleOfZyminx","from":{"q":5,"r":6},"to":{"q":7,"r":14},"msg":"findPath: no valid path found"}
{"level":30,"time":1774382617757,"pid":1603455,"hostname":"TempleOfZyminx","from":{"q":5,"r":6},"to":{"q":7,"r":15},"msg":"findPath: no valid path found"}
{"level":30,"time":1774382617757,"pid":1603455,"hostname":"TempleOfZyminx","from":{"q":5,"r":6},"to":{"q":7,"r":16},"msg":"findPath: no valid path found"}
{"level":30,"time":1774382617757,"pid":1603455,"hostname":"TempleOfZyminx","from":{"q":5,"r":6},"to":{"q":7,"r":17},"msg":"findPath: no valid path found"}
{"level":30,"time":1774382617758,"pid":1603455,"hostname":"TempleOfZyminx","from":{"q":5,"r":6},"to":{"q":7,"r":18},"msg":"findPath: no valid path found"}
{"level":30,"time":1774382617758,"pid":1603455,"hostname":"TempleOfZyminx","from":{"q":5,"r":6},"to":{"q":7,"r":19},"msg":"findPath: no valid path found"}
{"level":30,"time":1774382617758,"pid":1603455,"hostname":"TempleOfZyminx","from":{"q":5,"r":6},"to":{"q":7,"r":20},"msg":"findPath: no valid path found"}
{"level":30,"time":1774382617759,"pid":1603455,"hostname":"TempleOfZyminx","from":{"q":5,"r":6},"to":{"q":7,"r":21},"msg":"findPath: no valid path found"}
{"level":30,"time":1774382617759,"pid":1603455,"hostname":"TempleOfZyminx","from":{"q":5,"r":6},"to":{"q":8,"r":0},"msg":"findPath: no valid path found"}
{"level":30,"time":1774382617759,"pid":1603455,"hostname":"TempleOfZyminx","from":{"q":5,"r":6},"to":{"q":8,"r":1},"msg":"findPath: no valid path found"}
{"level":30,"time":1774382617760,"pid":1603455,"hostname":"TempleOfZyminx","from":{"q":5,"r":6},"to":{"q":8,"r":8},"msg":"findPath: no valid path found"}
{"level":30,"time":1774382617760,"pid":1603455,"hostname":"TempleOfZyminx","from":{"q":5,"r":6},"to":{"q":8,"r":9},"msg":"findPath: no valid path found"}
{"level":30,"time":1774382617760,"pid":1603455,"hostname":"TempleOfZyminx","from":{"q":5,"r":6},"to":{"q":8,"r":10},"msg":"findPath: no valid path found"}
{"level":30,"time":1774382617760,"pid":1603455,"hostname":"TempleOfZyminx","from":{"q":5,"r":6},"to":{"q":8,"r":11},"msg":"findPath: no valid path found"}
{"level":30,"time":1774382617760,"pid":1603455,"hostname":"TempleOfZyminx","from":{"q":5,"r":6},"to":{"q":8,"r":12},"msg":"findPath: no valid path found"}
{"level":30,"time":1774382617760,"pid":1603455,"hostname":"TempleOfZyminx","from":{"q":5,"r":6},"to":{"q":8,"r":13},"msg":"findPath: no valid path found"}
{"level":30,"time":1774382617760,"pid":1603455,"hostname":"TempleOfZyminx","from":{"q":5,"r":6},"to":{"q":8,"r":14},"msg":"findPath: no valid path found"}
{"level":30,"time":1774382617760,"pid":1603455,"hostname":"TempleOfZyminx","from":{"q":5,"r":6},"to":{"q":8,"r":15},"msg":"findPath: no valid path found"}
{"level":30,"time":1774382617761,"pid":1603455,"hostname":"TempleOfZyminx","from":{"q":5,"r":6},"to":{"q":8,"r":16},"msg":"findPath: no valid path found"}
{"level":30,"time":1774382617761,"pid":1603455,"hostname":"TempleOfZyminx","from":{"q":5,"r":6},"to":{"q":8,"r":17},"msg":"findPath: no valid path found"}
{"level":30,"time":1774382617761,"pid":1603455,"hostname":"TempleOfZyminx","from":{"q":5,"r":6},"to":{"q":8,"r":18},"msg":"findPath: no valid path found"}
{"level":30,"time":1774382617761,"pid":1603455,"hostname":"TempleOfZyminx","from":{"q":5,"r":6},"to":{"q":8,"r":19},"msg":"findPath: no valid path found"}
{"level":30,"time":1774382617761,"pid":1603455,"hostname":"TempleOfZyminx","from":{"q":5,"r":6},"to":{"q":8,"r":20},"msg":"findPath: no valid path found"}
{"level":30,"time":1774382617761,"pid":1603455,"hostname":"TempleOfZyminx","from":{"q":5,"r":6},"to":{"q":8,"r":21},"msg":"findPath: no valid path found"}
{"level":30,"time":1774382617761,"pid":1603455,"hostname":"TempleOfZyminx","from":{"q":5,"r":6},"to":{"q":9,"r":0},"msg":"findPath: no valid path found"}
{"level":30,"time":1774382617761,"pid":1603455,"hostname":"TempleOfZyminx","from":{"q":5,"r":6},"to":{"q":9,"r":1},"msg":"findPath: no valid path found"}
{"level":30,"time":1774382617762,"pid":1603455,"hostname":"TempleOfZyminx","from":{"q":5,"r":6},"to":{"q":9,"r":7},"msg":"findPath: no valid path found"}
{"level":30,"time":1774382617762,"pid":1603455,"hostname":"TempleOfZyminx","from":{"q":5,"r":6},"to":{"q":9,"r":8},"msg":"findPath: no valid path found"}
{"level":30,"time":1774382617762,"pid":1603455,"hostname":"TempleOfZyminx","from":{"q":5,"r":6},"to":{"q":9,"r":9},"msg":"findPath: no valid path found"}
{"level":30,"time":1774382617762,"pid":1603455,"hostname":"TempleOfZyminx","from":{"q":5,"r":6},"to":{"q":9,"r":10},"msg":"findPath: no valid path found"}
{"level":30,"time":1774382617762,"pid":1603455,"hostname":"TempleOfZyminx","from":{"q":5,"r":6},"to":{"q":9,"r":11},"msg":"findPath: no valid path found"}
{"level":30,"time":1774382617763,"pid":1603455,"hostname":"TempleOfZyminx","from":{"q":5,"r":6},"to":{"q":9,"r":12},"msg":"findPath: no valid path found"}
{"level":30,"time":1774382617763,"pid":1603455,"hostname":"TempleOfZyminx","from":{"q":5,"r":6},"to":{"q":9,"r":13},"msg":"findPath: no valid path found"}
{"level":30,"time":1774382617763,"pid":1603455,"hostname":"TempleOfZyminx","from":{"q":5,"r":6},"to":{"q":9,"r":14},"msg":"findPath: no valid path found"}
{"level":30,"time":1774382617763,"pid":1603455,"hostname":"TempleOfZyminx","from":{"q":5,"r":6},"to":{"q":9,"r":15},"msg":"findPath: no valid path found"}
{"level":30,"time":1774382617763,"pid":1603455,"hostname":"TempleOfZyminx","from":{"q":5,"r":6},"to":{"q":9,"r":16},"msg":"findPath: no valid path found"}
{"level":30,"time":1774382617763,"pid":1603455,"hostname":"TempleOfZyminx","from":{"q":5,"r":6},"to":{"q":9,"r":17},"msg":"findPath: no valid path found"}
{"level":30,"time":1774382617763,"pid":1603455,"hostname":"TempleOfZyminx","from":{"q":5,"r":6},"to":{"q":9,"r":18},"msg":"findPath: no valid path found"}
{"level":30,"time":1774382617763,"pid":1603455,"hostname":"TempleOfZyminx","from":{"q":5,"r":6},"to":{"q":9,"r":19},"msg":"findPath: no valid path found"}
{"level":30,"time":1774382617764,"pid":1603455,"hostname":"TempleOfZyminx","from":{"q":5,"r":6},"to":{"q":9,"r":20},"msg":"findPath: no valid path found"}
{"level":30,"time":1774382617764,"pid":1603455,"hostname":"TempleOfZyminx","from":{"q":5,"r":6},"to":{"q":9,"r":21},"msg":"findPath: no valid path found"}
{"level":30,"time":1774382617764,"pid":1603455,"hostname":"TempleOfZyminx","from":{"q":5,"r":6},"to":{"q":10,"r":0},"msg":"findPath: no valid path found"}
{"level":30,"time":1774382617764,"pid":1603455,"hostname":"TempleOfZyminx","from":{"q":5,"r":6},"to":{"q":10,"r":1},"msg":"findPath: no valid path found"}
{"level":30,"time":1774382617765,"pid":1603455,"hostname":"TempleOfZyminx","from":{"q":5,"r":6},"to":{"q":10,"r":2},"msg":"findPath: no valid path found"}
{"level":30,"time":1774382617766,"pid":1603455,"hostname":"TempleOfZyminx","from":{"q":5,"r":6},"to":{"q":10,"r":3},"msg":"findPath: no valid path found"}
{"level":30,"time":1774382617766,"pid":1603455,"hostname":"TempleOfZyminx","from":{"q":5,"r":6},"to":{"q":10,"r":4},"msg":"findPath: no valid path found"}
{"level":30,"time":1774382617766,"pid":1603455,"hostname":"TempleOfZyminx","from":{"q":5,"r":6},"to":{"q":10,"r":5},"msg":"findPath: no valid path found"}
{"level":30,"time":1774382617766,"pid":1603455,"hostname":"TempleOfZyminx","from":{"q":5,"r":6},"to":{"q":10,"r":6},"msg":"findPath: no valid path found"}
{"level":30,"time":1774382617766,"pid":1603455,"hostname":"TempleOfZyminx","from":{"q":5,"r":6},"to":{"q":10,"r":7},"msg":"findPath: no valid path found"}
{"level":30,"time":1774382617767,"pid":1603455,"hostname":"TempleOfZyminx","from":{"q":5,"r":6},"to":{"q":10,"r":8},"msg":"findPath: no valid path found"}
{"level":30,"time":1774382617767,"pid":1603455,"hostname":"TempleOfZyminx","from":{"q":5,"r":6},"to":{"q":10,"r":9},"msg":"findPath: no valid path found"}
{"level":30,"time":1774382617767,"pid":1603455,"hostname":"TempleOfZyminx","from":{"q":5,"r":6},"to":{"q":10,"r":10},"msg":"findPath: no valid path found"}
{"level":30,"time":1774382617767,"pid":1603455,"hostname":"TempleOfZyminx","from":{"q":5,"r":6},"to":{"q":10,"r":11},"msg":"findPath: no valid path found"}
{"level":30,"time":1774382617767,"pid":1603455,"hostname":"TempleOfZyminx","from":{"q":5,"r":6},"to":{"q":10,"r":12},"msg":"findPath: no valid path found"}
{"level":30,"time":1774382617767,"pid":1603455,"hostname":"TempleOfZyminx","from":{"q":5,"r":6},"to":{"q":10,"r":13},"msg":"findPath: no valid path found"}
{"level":30,"time":1774382617767,"pid":1603455,"hostname":"TempleOfZyminx","from":{"q":5,"r":6},"to":{"q":10,"r":14},"msg":"findPath: no valid path found"}
{"level":30,"time":1774382617767,"pid":1603455,"hostname":"TempleOfZyminx","from":{"q":5,"r":6},"to":{"q":10,"r":15},"msg":"findPath: no valid path found"}
{"level":30,"time":1774382617768,"pid":1603455,"hostname":"TempleOfZyminx","from":{"q":5,"r":6},"to":{"q":10,"r":16},"msg":"findPath: no valid path found"}
{"level":30,"time":1774382617768,"pid":1603455,"hostname":"TempleOfZyminx","from":{"q":5,"r":6},"to":{"q":10,"r":17},"msg":"findPath: no valid path found"}
{"level":30,"time":1774382617768,"pid":1603455,"hostname":"TempleOfZyminx","from":{"q":5,"r":6},"to":{"q":10,"r":18},"msg":"findPath: no valid path found"}
{"level":30,"time":1774382617768,"pid":1603455,"hostname":"TempleOfZyminx","from":{"q":5,"r":6},"to":{"q":10,"r":19},"msg":"findPath: no valid path found"}
{"level":30,"time":1774382617768,"pid":1603455,"hostname":"TempleOfZyminx","from":{"q":5,"r":6},"to":{"q":10,"r":20},"msg":"findPath: no valid path found"}
{"level":30,"time":1774382617768,"pid":1603455,"hostname":"TempleOfZyminx","from":{"q":5,"r":6},"to":{"q":10,"r":21},"msg":"findPath: no valid path found"}
{"level":30,"time":1774382617768,"pid":1603455,"hostname":"TempleOfZyminx","from":{"q":5,"r":6},"to":{"q":11,"r":0},"msg":"findPath: no valid path found"}
{"level":30,"time":1774382617768,"pid":1603455,"hostname":"TempleOfZyminx","from":{"q":5,"r":6},"to":{"q":11,"r":1},"msg":"findPath: no valid path found"}
{"level":30,"time":1774382617769,"pid":1603455,"hostname":"TempleOfZyminx","from":{"q":5,"r":6},"to":{"q":11,"r":2},"msg":"findPath: no valid path found"}
{"level":30,"time":1774382617769,"pid":1603455,"hostname":"TempleOfZyminx","from":{"q":5,"r":6},"to":{"q":11,"r":3},"msg":"findPath: no valid path found"}
{"level":30,"time":1774382617769,"pid":1603455,"hostname":"TempleOfZyminx","from":{"q":5,"r":6},"to":{"q":11,"r":4},"msg":"findPath: no valid path found"}
{"level":30,"time":1774382617769,"pid":1603455,"hostname":"TempleOfZyminx","from":{"q":5,"r":6},"to":{"q":11,"r":5},"msg":"findPath: no valid path found"}
{"level":30,"time":1774382617769,"pid":1603455,"hostname":"TempleOfZyminx","from":{"q":5,"r":6},"to":{"q":11,"r":6},"msg":"findPath: no valid path found"}
{"level":30,"time":1774382617769,"pid":1603455,"hostname":"TempleOfZyminx","from":{"q":5,"r":6},"to":{"q":11,"r":7},"msg":"findPath: no valid path found"}
{"level":30,"time":1774382617769,"pid":1603455,"hostname":"TempleOfZyminx","from":{"q":5,"r":6},"to":{"q":11,"r":8},"msg":"findPath: no valid path found"}
{"level":30,"time":1774382617769,"pid":1603455,"hostname":"TempleOfZyminx","from":{"q":5,"r":6},"to":{"q":11,"r":9},"msg":"findPath: no valid path found"}
{"level":30,"time":1774382617770,"pid":1603455,"hostname":"TempleOfZyminx","from":{"q":5,"r":6},"to":{"q":11,"r":10},"msg":"findPath: no valid path found"}
{"level":30,"time":1774382617770,"pid":1603455,"hostname":"TempleOfZyminx","from":{"q":5,"r":6},"to":{"q":11,"r":11},"msg":"findPath: no valid path found"}
{"level":30,"time":1774382617770,"pid":1603455,"hostname":"TempleOfZyminx","from":{"q":5,"r":6},"to":{"q":11,"r":12},"msg":"findPath: no valid path found"}
{"level":30,"time":1774382617770,"pid":1603455,"hostname":"TempleOfZyminx","from":{"q":5,"r":6},"to":{"q":11,"r":13},"msg":"findPath: no valid path found"}
{"level":30,"time":1774382617770,"pid":1603455,"hostname":"TempleOfZyminx","from":{"q":5,"r":6},"to":{"q":11,"r":14},"msg":"findPath: no valid path found"}
{"level":30,"time":1774382617771,"pid":1603455,"hostname":"TempleOfZyminx","from":{"q":5,"r":6},"to":{"q":11,"r":15},"msg":"findPath: no valid path found"}
{"level":30,"time":1774382617771,"pid":1603455,"hostname":"TempleOfZyminx","from":{"q":5,"r":6},"to":{"q":11,"r":16},"msg":"findPath: no valid path found"}
{"level":30,"time":1774382617771,"pid":1603455,"hostname":"TempleOfZyminx","from":{"q":5,"r":6},"to":{"q":11,"r":17},"msg":"findPath: no valid path found"}
{"level":30,"time":1774382617771,"pid":1603455,"hostname":"TempleOfZyminx","from":{"q":5,"r":6},"to":{"q":11,"r":18},"msg":"findPath: no valid path found"}
{"level":30,"time":1774382617772,"pid":1603455,"hostname":"TempleOfZyminx","from":{"q":5,"r":6},"to":{"q":11,"r":19},"msg":"findPath: no valid path found"}
{"level":30,"time":1774382617772,"pid":1603455,"hostname":"TempleOfZyminx","from":{"q":5,"r":6},"to":{"q":11,"r":20},"msg":"findPath: no valid path found"}
{"level":30,"time":1774382617773,"pid":1603455,"hostname":"TempleOfZyminx","from":{"q":5,"r":6},"to":{"q":11,"r":21},"msg":"findPath: no valid path found"}
{"level":30,"time":1774382617773,"pid":1603455,"hostname":"TempleOfZyminx","from":{"q":5,"r":6},"to":{"q":12,"r":0},"msg":"findPath: no valid path found"}
{"level":30,"time":1774382617773,"pid":1603455,"hostname":"TempleOfZyminx","from":{"q":5,"r":6},"to":{"q":12,"r":1},"msg":"findPath: no valid path found"}
{"level":30,"time":1774382617773,"pid":1603455,"hostname":"TempleOfZyminx","from":{"q":5,"r":6},"to":{"q":12,"r":2},"msg":"findPath: no valid path found"}
{"level":30,"time":1774382617773,"pid":1603455,"hostname":"TempleOfZyminx","from":{"q":5,"r":6},"to":{"q":12,"r":3},"msg":"findPath: no valid path found"}
{"level":30,"time":1774382617773,"pid":1603455,"hostname":"TempleOfZyminx","from":{"q":5,"r":6},"to":{"q":12,"r":4},"msg":"findPath: no valid path found"}
{"level":30,"time":1774382617773,"pid":1603455,"hostname":"TempleOfZyminx","from":{"q":5,"r":6},"to":{"q":12,"r":5},"msg":"findPath: no valid path found"}
{"level":30,"time":1774382617773,"pid":1603455,"hostname":"TempleOfZyminx","from":{"q":5,"r":6},"to":{"q":12,"r":6},"msg":"findPath: no valid path found"}
{"level":30,"time":1774382617774,"pid":1603455,"hostname":"TempleOfZyminx","from":{"q":5,"r":6},"to":{"q":12,"r":7},"msg":"findPath: no valid path found"}
{"level":30,"time":1774382617774,"pid":1603455,"hostname":"TempleOfZyminx","from":{"q":5,"r":6},"to":{"q":12,"r":8},"msg":"findPath: no valid path found"}
{"level":30,"time":1774382617774,"pid":1603455,"hostname":"TempleOfZyminx","from":{"q":5,"r":6},"to":{"q":12,"r":9},"msg":"findPath: no valid path found"}
{"level":30,"time":1774382617774,"pid":1603455,"hostname":"TempleOfZyminx","from":{"q":5,"r":6},"to":{"q":12,"r":10},"msg":"findPath: no valid path found"}
{"level":30,"time":1774382617774,"pid":1603455,"hostname":"TempleOfZyminx","from":{"q":5,"r":6},"to":{"q":12,"r":11},"msg":"findPath: no valid path found"}
{"level":30,"time":1774382617774,"pid":1603455,"hostname":"TempleOfZyminx","from":{"q":5,"r":6},"to":{"q":12,"r":12},"msg":"findPath: no valid path found"}
{"level":30,"time":1774382617774,"pid":1603455,"hostname":"TempleOfZyminx","from":{"q":5,"r":6},"to":{"q":12,"r":13},"msg":"findPath: no valid path found"}
{"level":30,"time":1774382617774,"pid":1603455,"hostname":"TempleOfZyminx","from":{"q":5,"r":6},"to":{"q":12,"r":14},"msg":"findPath: no valid path found"}
{"level":30,"time":1774382617774,"pid":1603455,"hostname":"TempleOfZyminx","from":{"q":5,"r":6},"to":{"q":12,"r":15},"msg":"findPath: no valid path found"}
{"level":30,"time":1774382617775,"pid":1603455,"hostname":"TempleOfZyminx","from":{"q":5,"r":6},"to":{"q":12,"r":16},"msg":"findPath: no valid path found"}
{"level":30,"time":1774382617775,"pid":1603455,"hostname":"TempleOfZyminx","from":{"q":5,"r":6},"to":{"q":12,"r":17},"msg":"findPath: no valid path found"}
{"level":30,"time":1774382617775,"pid":1603455,"hostname":"TempleOfZyminx","from":{"q":5,"r":6},"to":{"q":12,"r":18},"msg":"findPath: no valid path found"}
{"level":30,"time":1774382617775,"pid":1603455,"hostname":"TempleOfZyminx","from":{"q":5,"r":6},"to":{"q":12,"r":19},"msg":"findPath: no valid path found"}
{"level":30,"time":1774382617775,"pid":1603455,"hostname":"TempleOfZyminx","from":{"q":5,"r":6},"to":{"q":12,"r":20},"msg":"findPath: no valid path found"}
{"level":30,"time":1774382617775,"pid":1603455,"hostname":"TempleOfZyminx","from":{"q":5,"r":6},"to":{"q":12,"r":21},"msg":"findPath: no valid path found"}
{"level":30,"time":1774382617775,"pid":1603455,"hostname":"TempleOfZyminx","from":{"q":5,"r":6},"to":{"q":13,"r":0},"msg":"findPath: no valid path found"}
{"level":30,"time":1774382617775,"pid":1603455,"hostname":"TempleOfZyminx","from":{"q":5,"r":6},"to":{"q":13,"r":1},"msg":"findPath: no valid path found"}
{"level":30,"time":1774382617776,"pid":1603455,"hostname":"TempleOfZyminx","from":{"q":5,"r":6},"to":{"q":13,"r":2},"msg":"findPath: no valid path found"}
{"level":30,"time":1774382617776,"pid":1603455,"hostname":"TempleOfZyminx","from":{"q":5,"r":6},"to":{"q":13,"r":3},"msg":"findPath: no valid path found"}
{"level":30,"time":1774382617776,"pid":1603455,"hostname":"TempleOfZyminx","from":{"q":5,"r":6},"to":{"q":13,"r":4},"msg":"findPath: no valid path found"}
{"level":30,"time":1774382617776,"pid":1603455,"hostname":"TempleOfZyminx","from":{"q":5,"r":6},"to":{"q":13,"r":5},"msg":"findPath: no valid path found"}
{"level":30,"time":1774382617776,"pid":1603455,"hostname":"TempleOfZyminx","from":{"q":5,"r":6},"to":{"q":13,"r":6},"msg":"findPath: no valid path found"}
{"level":30,"time":1774382617776,"pid":1603455,"hostname":"TempleOfZyminx","from":{"q":5,"r":6},"to":{"q":13,"r":7},"msg":"findPath: no valid path found"}
{"level":30,"time":1774382617776,"pid":1603455,"hostname":"TempleOfZyminx","from":{"q":5,"r":6},"to":{"q":13,"r":8},"msg":"findPath: no valid path found"}
{"level":30,"time":1774382617776,"pid":1603455,"hostname":"TempleOfZyminx","from":{"q":5,"r":6},"to":{"q":13,"r":9},"msg":"findPath: no valid path found"}
{"level":30,"time":1774382617777,"pid":1603455,"hostname":"TempleOfZyminx","from":{"q":5,"r":6},"to":{"q":13,"r":10},"msg":"findPath: no valid path found"}
{"level":30,"time":1774382617777,"pid":1603455,"hostname":"TempleOfZyminx","from":{"q":5,"r":6},"to":{"q":13,"r":11},"msg":"findPath: no valid path found"}
{"level":30,"time":1774382617777,"pid":1603455,"hostname":"TempleOfZyminx","from":{"q":5,"r":6},"to":{"q":13,"r":12},"msg":"findPath: no valid path found"}
{"level":30,"time":1774382617777,"pid":1603455,"hostname":"TempleOfZyminx","from":{"q":5,"r":6},"to":{"q":13,"r":13},"msg":"findPath: no valid path found"}
{"level":30,"time":1774382617777,"pid":1603455,"hostname":"TempleOfZyminx","from":{"q":5,"r":6},"to":{"q":13,"r":14},"msg":"findPath: no valid path found"}
{"level":30,"time":1774382617777,"pid":1603455,"hostname":"TempleOfZyminx","from":{"q":5,"r":6},"to":{"q":13,"r":15},"msg":"findPath: no valid path found"}
{"level":30,"time":1774382617777,"pid":1603455,"hostname":"TempleOfZyminx","from":{"q":5,"r":6},"to":{"q":13,"r":16},"msg":"findPath: no valid path found"}
{"level":30,"time":1774382617777,"pid":1603455,"hostname":"TempleOfZyminx","from":{"q":5,"r":6},"to":{"q":13,"r":17},"msg":"findPath: no valid path found"}
{"level":30,"time":1774382617777,"pid":1603455,"hostname":"TempleOfZyminx","from":{"q":5,"r":6},"to":{"q":13,"r":18},"msg":"findPath: no valid path found"}
{"level":30,"time":1774382617778,"pid":1603455,"hostname":"TempleOfZyminx","from":{"q":5,"r":6},"to":{"q":13,"r":19},"msg":"findPath: no valid path found"}
{"level":30,"time":1774382617778,"pid":1603455,"hostname":"TempleOfZyminx","from":{"q":5,"r":6},"to":{"q":13,"r":20},"msg":"findPath: no valid path found"}
{"level":30,"time":1774382617778,"pid":1603455,"hostname":"TempleOfZyminx","from":{"q":5,"r":6},"to":{"q":13,"r":21},"msg":"findPath: no valid path found"}
{"level":30,"time":1774382617779,"pid":1603455,"hostname":"TempleOfZyminx","from":{"q":5,"r":6},"to":{"q":14,"r":0},"msg":"findPath: no valid path found"}
{"level":30,"time":1774382617779,"pid":1603455,"hostname":"TempleOfZyminx","from":{"q":5,"r":6},"to":{"q":14,"r":1},"msg":"findPath: no valid path found"}
{"level":30,"time":1774382617779,"pid":1603455,"hostname":"TempleOfZyminx","from":{"q":5,"r":6},"to":{"q":14,"r":2},"msg":"findPath: no valid path found"}
{"level":30,"time":1774382617779,"pid":1603455,"hostname":"TempleOfZyminx","from":{"q":5,"r":6},"to":{"q":14,"r":3},"msg":"findPath: no valid path found"}
{"level":30,"time":1774382617779,"pid":1603455,"hostname":"TempleOfZyminx","from":{"q":5,"r":6},"to":{"q":14,"r":4},"msg":"findPath: no valid path found"}
{"level":30,"time":1774382617780,"pid":1603455,"hostname":"TempleOfZyminx","from":{"q":5,"r":6},"to":{"q":14,"r":5},"msg":"findPath: no valid path found"}
{"level":30,"time":1774382617780,"pid":1603455,"hostname":"TempleOfZyminx","from":{"q":5,"r":6},"to":{"q":14,"r":6},"msg":"findPath: no valid path found"}
{"level":30,"time":1774382617780,"pid":1603455,"hostname":"TempleOfZyminx","from":{"q":5,"r":6},"to":{"q":14,"r":7},"msg":"findPath: no valid path found"}
{"level":30,"time":1774382617780,"pid":1603455,"hostname":"TempleOfZyminx","from":{"q":5,"r":6},"to":{"q":14,"r":8},"msg":"findPath: no valid path found"}
{"level":30,"time":1774382617780,"pid":1603455,"hostname":"TempleOfZyminx","from":{"q":5,"r":6},"to":{"q":14,"r":9},"msg":"findPath: no valid path found"}
{"level":30,"time":1774382617780,"pid":1603455,"hostname":"TempleOfZyminx","from":{"q":5,"r":6},"to":{"q":14,"r":10},"msg":"findPath: no valid path found"}
{"level":30,"time":1774382617780,"pid":1603455,"hostname":"TempleOfZyminx","from":{"q":5,"r":6},"to":{"q":14,"r":11},"msg":"findPath: no valid path found"}
{"level":30,"time":1774382617780,"pid":1603455,"hostname":"TempleOfZyminx","from":{"q":5,"r":6},"to":{"q":14,"r":12},"msg":"findPath: no valid path found"}
{"level":30,"time":1774382617780,"pid":1603455,"hostname":"TempleOfZyminx","from":{"q":5,"r":6},"to":{"q":14,"r":13},"msg":"findPath: no valid path found"}
{"level":30,"time":1774382617781,"pid":1603455,"hostname":"TempleOfZyminx","from":{"q":5,"r":6},"to":{"q":14,"r":14},"msg":"findPath: no valid path found"}
{"level":30,"time":1774382617781,"pid":1603455,"hostname":"TempleOfZyminx","from":{"q":5,"r":6},"to":{"q":14,"r":15},"msg":"findPath: no valid path found"}
{"level":30,"time":1774382617781,"pid":1603455,"hostname":"TempleOfZyminx","from":{"q":5,"r":6},"to":{"q":14,"r":16},"msg":"findPath: no valid path found"}
{"level":30,"time":1774382617781,"pid":1603455,"hostname":"TempleOfZyminx","from":{"q":5,"r":6},"to":{"q":14,"r":17},"msg":"findPath: no valid path found"}
{"level":30,"time":1774382617781,"pid":1603455,"hostname":"TempleOfZyminx","from":{"q":5,"r":6},"to":{"q":14,"r":18},"msg":"findPath: no valid path found"}
{"level":30,"time":1774382617781,"pid":1603455,"hostname":"TempleOfZyminx","from":{"q":5,"r":6},"to":{"q":14,"r":19},"msg":"findPath: no valid path found"}
{"level":30,"time":1774382617781,"pid":1603455,"hostname":"TempleOfZyminx","from":{"q":5,"r":6},"to":{"q":14,"r":20},"msg":"findPath: no valid path found"}
{"level":30,"time":1774382617781,"pid":1603455,"hostname":"TempleOfZyminx","from":{"q":5,"r":6},"to":{"q":14,"r":21},"msg":"findPath: no valid path found"}
{"level":30,"time":1774382617782,"pid":1603455,"hostname":"TempleOfZyminx","id":"f92f222b-d096-4089-80b3-474e4d5bc286","command":"MOVE","msg":"Submitting game action"}
{"level":30,"time":1774382617782,"pid":1603455,"hostname":"TempleOfZyminx","gameId":"f92f222b-d096-4089-80b3-474e4d5bc286","unitId":"wolf-1","msg":"Processing MOVE command"}
{"level":30,"time":1774382617784,"pid":1603455,"hostname":"TempleOfZyminx","id":"f92f222b-d096-4089-80b3-474e4d5bc286","msg":"Fetching game state"}
{"level":30,"time":1774382617813,"pid":1603456,"hostname":"TempleOfZyminx","scenarioId":"swamp-siege-01","role":"onion","msg":"Creating new game match"}
{"level":30,"time":1774382617814,"pid":1603456,"hostname":"TempleOfZyminx","gameId":"39c0482f-1ece-49fd-8831-156395e93d3d","role":"onion","msg":"Game match created"}
{"level":30,"time":1774382617814,"pid":1603456,"hostname":"TempleOfZyminx","id":"39c0482f-1ece-49fd-8831-156395e93d3d","msg":"User joining game"}
{"level":30,"time":1774382617815,"pid":1603456,"hostname":"TempleOfZyminx","gameId":"39c0482f-1ece-49fd-8831-156395e93d3d","role":"defender","msg":"User joined game"}
{"level":30,"time":1774382617816,"pid":1603456,"hostname":"TempleOfZyminx","id":"39c0482f-1ece-49fd-8831-156395e93d3d","command":"END_PHASE","msg":"Submitting game action"}
{"level":30,"time":1774382617816,"pid":1603456,"hostname":"TempleOfZyminx","gameId":"39c0482f-1ece-49fd-8831-156395e93d3d","phase":"ONION_MOVE","msg":"Advancing phase"}
{"level":50,"time":1774382617816,"pid":1603456,"hostname":"TempleOfZyminx","err":{"type":"Error","message":"engine fail","stack":"Error: engine fail\n    at /home/zymurge/Dev/onion/dist/api/games.actions.phase.test.js:156:19\n    at mockCall (file:///home/zymurge/Dev/onion/node_modules/.pnpm/@vitest+spy@3.2.4/node_modules/@vitest/spy/dist/index.js:96:15)\n    at advancePhaseWithEvents (file:///home/zymurge/Dev/onion/node_modules/.pnpm/tinyspy@4.0.4/node_modules/tinyspy/dist/index.js:47:80)\n    at Object.<anonymous> (/home/zymurge/Dev/onion/dist/api/games.js:494:54)\n    at processTicksAndRejections (node:internal/process/task_queues:105:5)"},"msg":"Error submitting game action"}
{"level":30,"time":1774382617853,"pid":1603456,"hostname":"TempleOfZyminx","id":"33333333-3333-4333-8333-333333333333","command":"END_PHASE","msg":"Submitting game action"}
{"level":30,"time":1774382617853,"pid":1603456,"hostname":"TempleOfZyminx","gameId":"33333333-3333-4333-8333-333333333333","phase":"ONION_MOVE","msg":"Advancing phase"}
{"level":30,"time":1774382617853,"pid":1603456,"hostname":"TempleOfZyminx","phase":"ONION_MOVE","turnNumber":1,"msg":"Advancing phase in engine"}
{"level":40,"time":1774382617853,"pid":1603456,"hostname":"TempleOfZyminx","err":{"type":"StaleMatchStateError","message":"stale","stack":"StaleMatchStateError: stale\n    at Object.persistMatchProgress (/home/zymurge/Dev/onion/dist/api/games.actions.phase.test.js:197:23)\n    at Object.<anonymous> (/home/zymurge/Dev/onion/dist/api/games.js:498:26)\n    at processTicksAndRejections (node:internal/process/task_queues:105:5)","name":"StaleMatchStateError"},"msg":"Stale match state error"}
 ✓ dist/api/games.actions.phase.test.js (13 tests) 1081ms
{"level":30,"time":1774382618021,"pid":1603455,"hostname":"TempleOfZyminx","scenarioId":"swamp-siege-01","role":"onion","msg":"Creating new game match"}
{"level":30,"time":1774382618022,"pid":1603455,"hostname":"TempleOfZyminx","gameId":"d6becb2b-f2d0-42dc-b1e7-4d2bc4deb5cf","role":"onion","msg":"Game match created"}
{"level":30,"time":1774382618022,"pid":1603455,"hostname":"TempleOfZyminx","id":"d6becb2b-f2d0-42dc-b1e7-4d2bc4deb5cf","msg":"User joining game"}
{"level":30,"time":1774382618022,"pid":1603455,"hostname":"TempleOfZyminx","gameId":"d6becb2b-f2d0-42dc-b1e7-4d2bc4deb5cf","role":"defender","msg":"User joined game"}
{"level":30,"time":1774382618023,"pid":1603455,"hostname":"TempleOfZyminx","id":"d6becb2b-f2d0-42dc-b1e7-4d2bc4deb5cf","msg":"Fetching game state"}
{"level":30,"time":1774382618023,"pid":1603455,"hostname":"TempleOfZyminx","id":"d6becb2b-f2d0-42dc-b1e7-4d2bc4deb5cf","msg":"Fetching game state"}
{"level":30,"time":1774382618024,"pid":1603455,"hostname":"TempleOfZyminx","from":{"q":0,"r":10},"to":{"q":0,"r":0},"msg":"findPath: no valid path found"}
{"level":30,"time":1774382618024,"pid":1603455,"hostname":"TempleOfZyminx","from":{"q":0,"r":10},"to":{"q":0,"r":1},"msg":"findPath: no valid path found"}
{"level":30,"time":1774382618024,"pid":1603455,"hostname":"TempleOfZyminx","from":{"q":0,"r":10},"to":{"q":0,"r":2},"msg":"findPath: no valid path found"}
{"level":30,"time":1774382618024,"pid":1603455,"hostname":"TempleOfZyminx","from":{"q":0,"r":10},"to":{"q":0,"r":3},"msg":"findPath: no valid path found"}
{"level":30,"time":1774382618024,"pid":1603455,"hostname":"TempleOfZyminx","from":{"q":0,"r":10},"to":{"q":0,"r":4},"msg":"findPath: no valid path found"}
{"level":30,"time":1774382618024,"pid":1603455,"hostname":"TempleOfZyminx","from":{"q":0,"r":10},"to":{"q":0,"r":5},"msg":"findPath: no valid path found"}
{"level":30,"time":1774382618024,"pid":1603455,"hostname":"TempleOfZyminx","from":{"q":0,"r":10},"to":{"q":0,"r":6},"msg":"findPath: no valid path found"}
{"level":30,"time":1774382618024,"pid":1603455,"hostname":"TempleOfZyminx","from":{"q":0,"r":10},"to":{"q":0,"r":14},"msg":"findPath: no valid path found"}
{"level":30,"time":1774382618024,"pid":1603455,"hostname":"TempleOfZyminx","from":{"q":0,"r":10},"to":{"q":0,"r":15},"msg":"findPath: no valid path found"}
{"level":30,"time":1774382618024,"pid":1603455,"hostname":"TempleOfZyminx","from":{"q":0,"r":10},"to":{"q":0,"r":16},"msg":"findPath: no valid path found"}
{"level":30,"time":1774382618024,"pid":1603455,"hostname":"TempleOfZyminx","from":{"q":0,"r":10},"to":{"q":0,"r":17},"msg":"findPath: no valid path found"}
{"level":30,"time":1774382618024,"pid":1603455,"hostname":"TempleOfZyminx","from":{"q":0,"r":10},"to":{"q":0,"r":18},"msg":"findPath: no valid path found"}
{"level":30,"time":1774382618024,"pid":1603455,"hostname":"TempleOfZyminx","from":{"q":0,"r":10},"to":{"q":0,"r":19},"msg":"findPath: no valid path found"}
{"level":30,"time":1774382618024,"pid":1603455,"hostname":"TempleOfZyminx","from":{"q":0,"r":10},"to":{"q":0,"r":20},"msg":"findPath: no valid path found"}
{"level":30,"time":1774382618024,"pid":1603455,"hostname":"TempleOfZyminx","from":{"q":0,"r":10},"to":{"q":0,"r":21},"msg":"findPath: no valid path found"}
{"level":30,"time":1774382618024,"pid":1603455,"hostname":"TempleOfZyminx","from":{"q":0,"r":10},"to":{"q":1,"r":0},"msg":"findPath: no valid path found"}
{"level":30,"time":1774382618024,"pid":1603455,"hostname":"TempleOfZyminx","from":{"q":0,"r":10},"to":{"q":1,"r":1},"msg":"findPath: no valid path found"}
{"level":30,"time":1774382618024,"pid":1603455,"hostname":"TempleOfZyminx","from":{"q":0,"r":10},"to":{"q":1,"r":2},"msg":"findPath: no valid path found"}
{"level":30,"time":1774382618024,"pid":1603455,"hostname":"TempleOfZyminx","from":{"q":0,"r":10},"to":{"q":1,"r":3},"msg":"findPath: no valid path found"}
{"level":30,"time":1774382618024,"pid":1603455,"hostname":"TempleOfZyminx","from":{"q":0,"r":10},"to":{"q":1,"r":4},"msg":"findPath: no valid path found"}
{"level":30,"time":1774382618024,"pid":1603455,"hostname":"TempleOfZyminx","from":{"q":0,"r":10},"to":{"q":1,"r":5},"msg":"findPath: no valid path found"}
{"level":30,"time":1774382618024,"pid":1603455,"hostname":"TempleOfZyminx","from":{"q":0,"r":10},"to":{"q":1,"r":6},"msg":"findPath: no valid path found"}
{"level":30,"time":1774382618024,"pid":1603455,"hostname":"TempleOfZyminx","from":{"q":0,"r":10},"to":{"q":1,"r":13},"msg":"findPath: no valid path found"}
{"level":30,"time":1774382618025,"pid":1603455,"hostname":"TempleOfZyminx","from":{"q":0,"r":10},"to":{"q":1,"r":14},"msg":"findPath: no valid path found"}
{"level":30,"time":1774382618025,"pid":1603455,"hostname":"TempleOfZyminx","from":{"q":0,"r":10},"to":{"q":1,"r":15},"msg":"findPath: no valid path found"}
{"level":30,"time":1774382618025,"pid":1603455,"hostname":"TempleOfZyminx","from":{"q":0,"r":10},"to":{"q":1,"r":16},"msg":"findPath: no valid path found"}
{"level":30,"time":1774382618025,"pid":1603455,"hostname":"TempleOfZyminx","from":{"q":0,"r":10},"to":{"q":1,"r":17},"msg":"findPath: no valid path found"}
{"level":30,"time":1774382618025,"pid":1603455,"hostname":"TempleOfZyminx","from":{"q":0,"r":10},"to":{"q":1,"r":18},"msg":"findPath: no valid path found"}
{"level":30,"time":1774382618025,"pid":1603455,"hostname":"TempleOfZyminx","from":{"q":0,"r":10},"to":{"q":1,"r":19},"msg":"findPath: no valid path found"}
{"level":30,"time":1774382618025,"pid":1603455,"hostname":"TempleOfZyminx","from":{"q":0,"r":10},"to":{"q":1,"r":20},"msg":"findPath: no valid path found"}
{"level":30,"time":1774382618025,"pid":1603455,"hostname":"TempleOfZyminx","from":{"q":0,"r":10},"to":{"q":1,"r":21},"msg":"findPath: no valid path found"}
{"level":30,"time":1774382618025,"pid":1603455,"hostname":"TempleOfZyminx","from":{"q":0,"r":10},"to":{"q":2,"r":0},"msg":"findPath: no valid path found"}
{"level":30,"time":1774382618025,"pid":1603455,"hostname":"TempleOfZyminx","from":{"q":0,"r":10},"to":{"q":2,"r":1},"msg":"findPath: no valid path found"}
{"level":30,"time":1774382618025,"pid":1603455,"hostname":"TempleOfZyminx","from":{"q":0,"r":10},"to":{"q":2,"r":2},"msg":"findPath: no valid path found"}
{"level":30,"time":1774382618025,"pid":1603455,"hostname":"TempleOfZyminx","from":{"q":0,"r":10},"to":{"q":2,"r":3},"msg":"findPath: no valid path found"}
{"level":30,"time":1774382618025,"pid":1603455,"hostname":"TempleOfZyminx","from":{"q":0,"r":10},"to":{"q":2,"r":4},"msg":"findPath: no valid path found"}
{"level":30,"time":1774382618025,"pid":1603455,"hostname":"TempleOfZyminx","from":{"q":0,"r":10},"to":{"q":2,"r":5},"msg":"findPath: no valid path found"}
{"level":30,"time":1774382618025,"pid":1603455,"hostname":"TempleOfZyminx","from":{"q":0,"r":10},"to":{"q":2,"r":6},"msg":"findPath: no valid path found"}
{"level":30,"time":1774382618025,"pid":1603455,"hostname":"TempleOfZyminx","from":{"q":0,"r":10},"to":{"q":2,"r":12},"msg":"findPath: no valid path found"}
{"level":30,"time":1774382618025,"pid":1603455,"hostname":"TempleOfZyminx","from":{"q":0,"r":10},"to":{"q":2,"r":13},"msg":"findPath: no valid path found"}
{"level":30,"time":1774382618025,"pid":1603455,"hostname":"TempleOfZyminx","from":{"q":0,"r":10},"to":{"q":2,"r":14},"msg":"findPath: no valid path found"}
{"level":30,"time":1774382618025,"pid":1603455,"hostname":"TempleOfZyminx","from":{"q":0,"r":10},"to":{"q":2,"r":15},"msg":"findPath: no valid path found"}
{"level":30,"time":1774382618025,"pid":1603455,"hostname":"TempleOfZyminx","from":{"q":0,"r":10},"to":{"q":2,"r":16},"msg":"findPath: no valid path found"}
{"level":30,"time":1774382618025,"pid":1603455,"hostname":"TempleOfZyminx","from":{"q":0,"r":10},"to":{"q":2,"r":17},"msg":"findPath: no valid path found"}
{"level":30,"time":1774382618025,"pid":1603455,"hostname":"TempleOfZyminx","from":{"q":0,"r":10},"to":{"q":2,"r":18},"msg":"findPath: no valid path found"}
{"level":30,"time":1774382618025,"pid":1603455,"hostname":"TempleOfZyminx","from":{"q":0,"r":10},"to":{"q":2,"r":19},"msg":"findPath: no valid path found"}
{"level":30,"time":1774382618025,"pid":1603455,"hostname":"TempleOfZyminx","from":{"q":0,"r":10},"to":{"q":2,"r":20},"msg":"findPath: no valid path found"}
{"level":30,"time":1774382618025,"pid":1603455,"hostname":"TempleOfZyminx","from":{"q":0,"r":10},"to":{"q":2,"r":21},"msg":"findPath: no valid path found"}
{"level":30,"time":1774382618025,"pid":1603455,"hostname":"TempleOfZyminx","from":{"q":0,"r":10},"to":{"q":3,"r":0},"msg":"findPath: no valid path found"}
{"level":30,"time":1774382618025,"pid":1603455,"hostname":"TempleOfZyminx","from":{"q":0,"r":10},"to":{"q":3,"r":1},"msg":"findPath: no valid path found"}
{"level":30,"time":1774382618025,"pid":1603455,"hostname":"TempleOfZyminx","from":{"q":0,"r":10},"to":{"q":3,"r":2},"msg":"findPath: no valid path found"}
{"level":30,"time":1774382618026,"pid":1603455,"hostname":"TempleOfZyminx","from":{"q":0,"r":10},"to":{"q":3,"r":3},"msg":"findPath: no valid path found"}
{"level":30,"time":1774382618026,"pid":1603455,"hostname":"TempleOfZyminx","from":{"q":0,"r":10},"to":{"q":3,"r":4},"msg":"findPath: no valid path found"}
{"level":30,"time":1774382618026,"pid":1603455,"hostname":"TempleOfZyminx","from":{"q":0,"r":10},"to":{"q":3,"r":5},"msg":"findPath: no valid path found"}
{"level":30,"time":1774382618026,"pid":1603455,"hostname":"TempleOfZyminx","from":{"q":0,"r":10},"to":{"q":3,"r":6},"msg":"findPath: no valid path found"}
{"level":30,"time":1774382618026,"pid":1603455,"hostname":"TempleOfZyminx","from":{"q":0,"r":10},"to":{"q":3,"r":8},"msg":"findPath: no valid path found"}
{"level":30,"time":1774382618027,"pid":1603455,"hostname":"TempleOfZyminx","from":{"q":0,"r":10},"to":{"q":3,"r":11},"msg":"findPath: no valid path found"}
{"level":30,"time":1774382618027,"pid":1603455,"hostname":"TempleOfZyminx","from":{"q":0,"r":10},"to":{"q":3,"r":12},"msg":"findPath: no valid path found"}
{"level":30,"time":1774382618027,"pid":1603455,"hostname":"TempleOfZyminx","from":{"q":0,"r":10},"to":{"q":3,"r":13},"msg":"findPath: no valid path found"}
{"level":30,"time":1774382618027,"pid":1603455,"hostname":"TempleOfZyminx","from":{"q":0,"r":10},"to":{"q":3,"r":14},"msg":"findPath: no valid path found"}
{"level":30,"time":1774382618027,"pid":1603455,"hostname":"TempleOfZyminx","from":{"q":0,"r":10},"to":{"q":3,"r":15},"msg":"findPath: no valid path found"}
{"level":30,"time":1774382618027,"pid":1603455,"hostname":"TempleOfZyminx","from":{"q":0,"r":10},"to":{"q":3,"r":16},"msg":"findPath: no valid path found"}
{"level":30,"time":1774382618027,"pid":1603455,"hostname":"TempleOfZyminx","from":{"q":0,"r":10},"to":{"q":3,"r":17},"msg":"findPath: no valid path found"}
{"level":30,"time":1774382618027,"pid":1603455,"hostname":"TempleOfZyminx","from":{"q":0,"r":10},"to":{"q":3,"r":18},"msg":"findPath: no valid path found"}
{"level":30,"time":1774382618027,"pid":1603455,"hostname":"TempleOfZyminx","from":{"q":0,"r":10},"to":{"q":3,"r":19},"msg":"findPath: no valid path found"}
{"level":30,"time":1774382618027,"pid":1603455,"hostname":"TempleOfZyminx","from":{"q":0,"r":10},"to":{"q":3,"r":20},"msg":"findPath: no valid path found"}
{"level":30,"time":1774382618027,"pid":1603455,"hostname":"TempleOfZyminx","from":{"q":0,"r":10},"to":{"q":3,"r":21},"msg":"findPath: no valid path found"}
{"level":30,"time":1774382618027,"pid":1603455,"hostname":"TempleOfZyminx","from":{"q":0,"r":10},"to":{"q":4,"r":0},"msg":"findPath: no valid path found"}
{"level":30,"time":1774382618027,"pid":1603455,"hostname":"TempleOfZyminx","from":{"q":0,"r":10},"to":{"q":4,"r":1},"msg":"findPath: no valid path found"}
{"level":30,"time":1774382618027,"pid":1603455,"hostname":"TempleOfZyminx","from":{"q":0,"r":10},"to":{"q":4,"r":2},"msg":"findPath: no valid path found"}
{"level":30,"time":1774382618027,"pid":1603455,"hostname":"TempleOfZyminx","from":{"q":0,"r":10},"to":{"q":4,"r":3},"msg":"findPath: no valid path found"}
{"level":30,"time":1774382618027,"pid":1603455,"hostname":"TempleOfZyminx","from":{"q":0,"r":10},"to":{"q":4,"r":4},"msg":"findPath: no valid path found"}
{"level":30,"time":1774382618027,"pid":1603455,"hostname":"TempleOfZyminx","from":{"q":0,"r":10},"to":{"q":4,"r":5},"msg":"findPath: no valid path found"}
{"level":30,"time":1774382618027,"pid":1603455,"hostname":"TempleOfZyminx","from":{"q":0,"r":10},"to":{"q":4,"r":6},"msg":"findPath: no valid path found"}
{"level":30,"time":1774382618027,"pid":1603455,"hostname":"TempleOfZyminx","from":{"q":0,"r":10},"to":{"q":4,"r":8},"msg":"findPath: no valid path found"}
{"level":30,"time":1774382618027,"pid":1603455,"hostname":"TempleOfZyminx","from":{"q":0,"r":10},"to":{"q":4,"r":9},"msg":"findPath: no valid path found"}
{"level":30,"time":1774382618027,"pid":1603455,"hostname":"TempleOfZyminx","from":{"q":0,"r":10},"to":{"q":4,"r":10},"msg":"findPath: no valid path found"}
{"level":30,"time":1774382618027,"pid":1603455,"hostname":"TempleOfZyminx","from":{"q":0,"r":10},"to":{"q":4,"r":11},"msg":"findPath: no valid path found"}
{"level":30,"time":1774382618027,"pid":1603455,"hostname":"TempleOfZyminx","from":{"q":0,"r":10},"to":{"q":4,"r":12},"msg":"findPath: no valid path found"}
{"level":30,"time":1774382618028,"pid":1603455,"hostname":"TempleOfZyminx","from":{"q":0,"r":10},"to":{"q":4,"r":13},"msg":"findPath: no valid path found"}
{"level":30,"time":1774382618028,"pid":1603455,"hostname":"TempleOfZyminx","from":{"q":0,"r":10},"to":{"q":4,"r":14},"msg":"findPath: no valid path found"}
{"level":30,"time":1774382618028,"pid":1603455,"hostname":"TempleOfZyminx","from":{"q":0,"r":10},"to":{"q":4,"r":15},"msg":"findPath: no valid path found"}
{"level":30,"time":1774382618028,"pid":1603455,"hostname":"TempleOfZyminx","from":{"q":0,"r":10},"to":{"q":4,"r":16},"msg":"findPath: no valid path found"}
{"level":30,"time":1774382618028,"pid":1603455,"hostname":"TempleOfZyminx","from":{"q":0,"r":10},"to":{"q":4,"r":17},"msg":"findPath: no valid path found"}
{"level":30,"time":1774382618028,"pid":1603455,"hostname":"TempleOfZyminx","from":{"q":0,"r":10},"to":{"q":4,"r":18},"msg":"findPath: no valid path found"}
{"level":30,"time":1774382618028,"pid":1603455,"hostname":"TempleOfZyminx","from":{"q":0,"r":10},"to":{"q":4,"r":19},"msg":"findPath: no valid path found"}
{"level":30,"time":1774382618028,"pid":1603455,"hostname":"TempleOfZyminx","from":{"q":0,"r":10},"to":{"q":4,"r":20},"msg":"findPath: no valid path found"}
{"level":30,"time":1774382618028,"pid":1603455,"hostname":"TempleOfZyminx","from":{"q":0,"r":10},"to":{"q":4,"r":21},"msg":"findPath: no valid path found"}
{"level":30,"time":1774382618028,"pid":1603455,"hostname":"TempleOfZyminx","from":{"q":0,"r":10},"to":{"q":5,"r":0},"msg":"findPath: no valid path found"}
{"level":30,"time":1774382618028,"pid":1603455,"hostname":"TempleOfZyminx","from":{"q":0,"r":10},"to":{"q":5,"r":1},"msg":"findPath: no valid path found"}
{"level":30,"time":1774382618028,"pid":1603455,"hostname":"TempleOfZyminx","from":{"q":0,"r":10},"to":{"q":5,"r":2},"msg":"findPath: no valid path found"}
{"level":30,"time":1774382618028,"pid":1603455,"hostname":"TempleOfZyminx","from":{"q":0,"r":10},"to":{"q":5,"r":3},"msg":"findPath: no valid path found"}
{"level":30,"time":1774382618028,"pid":1603455,"hostname":"TempleOfZyminx","from":{"q":0,"r":10},"to":{"q":5,"r":4},"msg":"findPath: no valid path found"}
{"level":30,"time":1774382618028,"pid":1603455,"hostname":"TempleOfZyminx","from":{"q":0,"r":10},"to":{"q":5,"r":5},"msg":"findPath: no valid path found"}
{"level":30,"time":1774382618028,"pid":1603455,"hostname":"TempleOfZyminx","from":{"q":0,"r":10},"to":{"q":5,"r":8},"msg":"findPath: no valid path found"}
{"level":30,"time":1774382618028,"pid":1603455,"hostname":"TempleOfZyminx","from":{"q":0,"r":10},"to":{"q":5,"r":9},"msg":"findPath: no valid path found"}
{"level":30,"time":1774382618028,"pid":1603455,"hostname":"TempleOfZyminx","from":{"q":0,"r":10},"to":{"q":5,"r":10},"msg":"findPath: no valid path found"}
{"level":30,"time":1774382618028,"pid":1603455,"hostname":"TempleOfZyminx","from":{"q":0,"r":10},"to":{"q":5,"r":11},"msg":"findPath: no valid path found"}
{"level":30,"time":1774382618028,"pid":1603455,"hostname":"TempleOfZyminx","from":{"q":0,"r":10},"to":{"q":5,"r":12},"msg":"findPath: no valid path found"}
{"level":30,"time":1774382618028,"pid":1603455,"hostname":"TempleOfZyminx","from":{"q":0,"r":10},"to":{"q":5,"r":13},"msg":"findPath: no valid path found"}
{"level":30,"time":1774382618028,"pid":1603455,"hostname":"TempleOfZyminx","from":{"q":0,"r":10},"to":{"q":5,"r":14},"msg":"findPath: no valid path found"}
{"level":30,"time":1774382618028,"pid":1603455,"hostname":"TempleOfZyminx","from":{"q":0,"r":10},"to":{"q":5,"r":15},"msg":"findPath: no valid path found"}
{"level":30,"time":1774382618028,"pid":1603455,"hostname":"TempleOfZyminx","from":{"q":0,"r":10},"to":{"q":5,"r":16},"msg":"findPath: no valid path found"}
{"level":30,"time":1774382618028,"pid":1603455,"hostname":"TempleOfZyminx","from":{"q":0,"r":10},"to":{"q":5,"r":17},"msg":"findPath: no valid path found"}
{"level":30,"time":1774382618028,"pid":1603455,"hostname":"TempleOfZyminx","from":{"q":0,"r":10},"to":{"q":5,"r":18},"msg":"findPath: no valid path found"}
{"level":30,"time":1774382618028,"pid":1603455,"hostname":"TempleOfZyminx","from":{"q":0,"r":10},"to":{"q":5,"r":19},"msg":"findPath: no valid path found"}
{"level":30,"time":1774382618028,"pid":1603455,"hostname":"TempleOfZyminx","from":{"q":0,"r":10},"to":{"q":5,"r":20},"msg":"findPath: no valid path found"}
{"level":30,"time":1774382618028,"pid":1603455,"hostname":"TempleOfZyminx","from":{"q":0,"r":10},"to":{"q":5,"r":21},"msg":"findPath: no valid path found"}
{"level":30,"time":1774382618028,"pid":1603455,"hostname":"TempleOfZyminx","from":{"q":0,"r":10},"to":{"q":6,"r":0},"msg":"findPath: no valid path found"}
{"level":30,"time":1774382618028,"pid":1603455,"hostname":"TempleOfZyminx","from":{"q":0,"r":10},"to":{"q":6,"r":1},"msg":"findPath: no valid path found"}
{"level":30,"time":1774382618028,"pid":1603455,"hostname":"TempleOfZyminx","from":{"q":0,"r":10},"to":{"q":6,"r":2},"msg":"findPath: no valid path found"}
{"level":30,"time":1774382618028,"pid":1603455,"hostname":"TempleOfZyminx","from":{"q":0,"r":10},"to":{"q":6,"r":3},"msg":"findPath: no valid path found"}
{"level":30,"time":1774382618029,"pid":1603455,"hostname":"TempleOfZyminx","from":{"q":0,"r":10},"to":{"q":6,"r":5},"msg":"findPath: no valid path found"}
{"level":30,"time":1774382618029,"pid":1603455,"hostname":"TempleOfZyminx","from":{"q":0,"r":10},"to":{"q":6,"r":7},"msg":"findPath: no valid path found"}
{"level":30,"time":1774382618029,"pid":1603455,"hostname":"TempleOfZyminx","from":{"q":0,"r":10},"to":{"q":6,"r":8},"msg":"findPath: no valid path found"}
{"level":30,"time":1774382618029,"pid":1603455,"hostname":"TempleOfZyminx","from":{"q":0,"r":10},"to":{"q":6,"r":9},"msg":"findPath: no valid path found"}
{"level":30,"time":1774382618029,"pid":1603455,"hostname":"TempleOfZyminx","from":{"q":0,"r":10},"to":{"q":6,"r":10},"msg":"findPath: no valid path found"}
{"level":30,"time":1774382618029,"pid":1603455,"hostname":"TempleOfZyminx","from":{"q":0,"r":10},"to":{"q":6,"r":11},"msg":"findPath: no valid path found"}
{"level":30,"time":1774382618029,"pid":1603455,"hostname":"TempleOfZyminx","from":{"q":0,"r":10},"to":{"q":6,"r":12},"msg":"findPath: no valid path found"}
{"level":30,"time":1774382618029,"pid":1603455,"hostname":"TempleOfZyminx","from":{"q":0,"r":10},"to":{"q":6,"r":13},"msg":"findPath: no valid path found"}
{"level":30,"time":1774382618029,"pid":1603455,"hostname":"TempleOfZyminx","from":{"q":0,"r":10},"to":{"q":6,"r":14},"msg":"findPath: no valid path found"}
{"level":30,"time":1774382618029,"pid":1603455,"hostname":"TempleOfZyminx","from":{"q":0,"r":10},"to":{"q":6,"r":15},"msg":"findPath: no valid path found"}
{"level":30,"time":1774382618029,"pid":1603455,"hostname":"TempleOfZyminx","from":{"q":0,"r":10},"to":{"q":6,"r":16},"msg":"findPath: no valid path found"}
{"level":30,"time":1774382618029,"pid":1603455,"hostname":"TempleOfZyminx","from":{"q":0,"r":10},"to":{"q":6,"r":17},"msg":"findPath: no valid path found"}
{"level":30,"time":1774382618029,"pid":1603455,"hostname":"TempleOfZyminx","from":{"q":0,"r":10},"to":{"q":6,"r":18},"msg":"findPath: no valid path found"}
{"level":30,"time":1774382618029,"pid":1603455,"hostname":"TempleOfZyminx","from":{"q":0,"r":10},"to":{"q":6,"r":19},"msg":"findPath: no valid path found"}
{"level":30,"time":1774382618029,"pid":1603455,"hostname":"TempleOfZyminx","from":{"q":0,"r":10},"to":{"q":6,"r":20},"msg":"findPath: no valid path found"}
{"level":30,"time":1774382618029,"pid":1603455,"hostname":"TempleOfZyminx","from":{"q":0,"r":10},"to":{"q":6,"r":21},"msg":"findPath: no valid path found"}
{"level":30,"time":1774382618029,"pid":1603455,"hostname":"TempleOfZyminx","from":{"q":0,"r":10},"to":{"q":7,"r":0},"msg":"findPath: no valid path found"}
{"level":30,"time":1774382618029,"pid":1603455,"hostname":"TempleOfZyminx","from":{"q":0,"r":10},"to":{"q":7,"r":1},"msg":"findPath: no valid path found"}
{"level":30,"time":1774382618029,"pid":1603455,"hostname":"TempleOfZyminx","from":{"q":0,"r":10},"to":{"q":7,"r":2},"msg":"findPath: no valid path found"}
{"level":30,"time":1774382618030,"pid":1603455,"hostname":"TempleOfZyminx","from":{"q":0,"r":10},"to":{"q":7,"r":4},"msg":"findPath: no valid path found"}
{"level":30,"time":1774382618034,"pid":1603455,"hostname":"TempleOfZyminx","from":{"q":0,"r":10},"to":{"q":7,"r":5},"msg":"findPath: no valid path found"}
{"level":30,"time":1774382618034,"pid":1603455,"hostname":"TempleOfZyminx","from":{"q":0,"r":10},"to":{"q":7,"r":6},"msg":"findPath: no valid path found"}
{"level":30,"time":1774382618034,"pid":1603455,"hostname":"TempleOfZyminx","from":{"q":0,"r":10},"to":{"q":7,"r":7},"msg":"findPath: no valid path found"}
{"level":30,"time":1774382618035,"pid":1603455,"hostname":"TempleOfZyminx","from":{"q":0,"r":10},"to":{"q":7,"r":8},"msg":"findPath: no valid path found"}
{"level":30,"time":1774382618035,"pid":1603455,"hostname":"TempleOfZyminx","from":{"q":0,"r":10},"to":{"q":7,"r":9},"msg":"findPath: no valid path found"}
{"level":30,"time":1774382618035,"pid":1603455,"hostname":"TempleOfZyminx","from":{"q":0,"r":10},"to":{"q":7,"r":10},"msg":"findPath: no valid path found"}
{"level":30,"time":1774382618035,"pid":1603455,"hostname":"TempleOfZyminx","from":{"q":0,"r":10},"to":{"q":7,"r":11},"msg":"findPath: no valid path found"}
{"level":30,"time":1774382618035,"pid":1603455,"hostname":"TempleOfZyminx","from":{"q":0,"r":10},"to":{"q":7,"r":12},"msg":"findPath: no valid path found"}
{"level":30,"time":1774382618035,"pid":1603455,"hostname":"TempleOfZyminx","from":{"q":0,"r":10},"to":{"q":7,"r":13},"msg":"findPath: no valid path found"}
{"level":30,"time":1774382618035,"pid":1603455,"hostname":"TempleOfZyminx","from":{"q":0,"r":10},"to":{"q":7,"r":14},"msg":"findPath: no valid path found"}
{"level":30,"time":1774382618035,"pid":1603455,"hostname":"TempleOfZyminx","from":{"q":0,"r":10},"to":{"q":7,"r":15},"msg":"findPath: no valid path found"}
{"level":30,"time":1774382618035,"pid":1603455,"hostname":"TempleOfZyminx","from":{"q":0,"r":10},"to":{"q":7,"r":16},"msg":"findPath: no valid path found"}
{"level":30,"time":1774382618035,"pid":1603455,"hostname":"TempleOfZyminx","from":{"q":0,"r":10},"to":{"q":7,"r":17},"msg":"findPath: no valid path found"}
{"level":30,"time":1774382618035,"pid":1603455,"hostname":"TempleOfZyminx","from":{"q":0,"r":10},"to":{"q":7,"r":18},"msg":"findPath: no valid path found"}
{"level":30,"time":1774382618035,"pid":1603455,"hostname":"TempleOfZyminx","from":{"q":0,"r":10},"to":{"q":7,"r":19},"msg":"findPath: no valid path found"}
{"level":30,"time":1774382618035,"pid":1603455,"hostname":"TempleOfZyminx","from":{"q":0,"r":10},"to":{"q":7,"r":20},"msg":"findPath: no valid path found"}
{"level":30,"time":1774382618035,"pid":1603455,"hostname":"TempleOfZyminx","from":{"q":0,"r":10},"to":{"q":7,"r":21},"msg":"findPath: no valid path found"}
{"level":30,"time":1774382618036,"pid":1603455,"hostname":"TempleOfZyminx","from":{"q":0,"r":10},"to":{"q":8,"r":0},"msg":"findPath: no valid path found"}
{"level":30,"time":1774382618036,"pid":1603455,"hostname":"TempleOfZyminx","from":{"q":0,"r":10},"to":{"q":8,"r":1},"msg":"findPath: no valid path found"}
{"level":30,"time":1774382618036,"pid":1603455,"hostname":"TempleOfZyminx","from":{"q":0,"r":10},"to":{"q":8,"r":2},"msg":"findPath: no valid path found"}
{"level":30,"time":1774382618036,"pid":1603455,"hostname":"TempleOfZyminx","from":{"q":0,"r":10},"to":{"q":8,"r":3},"msg":"findPath: no valid path found"}
{"level":30,"time":1774382618036,"pid":1603455,"hostname":"TempleOfZyminx","from":{"q":0,"r":10},"to":{"q":8,"r":4},"msg":"findPath: no valid path found"}
{"level":30,"time":1774382618036,"pid":1603455,"hostname":"TempleOfZyminx","from":{"q":0,"r":10},"to":{"q":8,"r":5},"msg":"findPath: no valid path found"}
{"level":30,"time":1774382618036,"pid":1603455,"hostname":"TempleOfZyminx","from":{"q":0,"r":10},"to":{"q":8,"r":6},"msg":"findPath: no valid path found"}
{"level":30,"time":1774382618036,"pid":1603455,"hostname":"TempleOfZyminx","from":{"q":0,"r":10},"to":{"q":8,"r":7},"msg":"findPath: no valid path found"}
{"level":30,"time":1774382618036,"pid":1603455,"hostname":"TempleOfZyminx","from":{"q":0,"r":10},"to":{"q":8,"r":8},"msg":"findPath: no valid path found"}
{"level":30,"time":1774382618036,"pid":1603455,"hostname":"TempleOfZyminx","from":{"q":0,"r":10},"to":{"q":8,"r":9},"msg":"findPath: no valid path found"}
{"level":30,"time":1774382618036,"pid":1603455,"hostname":"TempleOfZyminx","from":{"q":0,"r":10},"to":{"q":8,"r":10},"msg":"findPath: no valid path found"}
{"level":30,"time":1774382618036,"pid":1603455,"hostname":"TempleOfZyminx","from":{"q":0,"r":10},"to":{"q":8,"r":11},"msg":"findPath: no valid path found"}
{"level":30,"time":1774382618036,"pid":1603455,"hostname":"TempleOfZyminx","from":{"q":0,"r":10},"to":{"q":8,"r":12},"msg":"findPath: no valid path found"}
{"level":30,"time":1774382618036,"pid":1603455,"hostname":"TempleOfZyminx","from":{"q":0,"r":10},"to":{"q":8,"r":13},"msg":"findPath: no valid path found"}
{"level":30,"time":1774382618037,"pid":1603455,"hostname":"TempleOfZyminx","from":{"q":0,"r":10},"to":{"q":8,"r":14},"msg":"findPath: no valid path found"}
{"level":30,"time":1774382618037,"pid":1603455,"hostname":"TempleOfZyminx","from":{"q":0,"r":10},"to":{"q":8,"r":15},"msg":"findPath: no valid path found"}
{"level":30,"time":1774382618037,"pid":1603455,"hostname":"TempleOfZyminx","from":{"q":0,"r":10},"to":{"q":8,"r":16},"msg":"findPath: no valid path found"}
{"level":30,"time":1774382618037,"pid":1603455,"hostname":"TempleOfZyminx","from":{"q":0,"r":10},"to":{"q":8,"r":17},"msg":"findPath: no valid path found"}
{"level":30,"time":1774382618038,"pid":1603455,"hostname":"TempleOfZyminx","from":{"q":0,"r":10},"to":{"q":8,"r":18},"msg":"findPath: no valid path found"}
{"level":30,"time":1774382618039,"pid":1603455,"hostname":"TempleOfZyminx","from":{"q":0,"r":10},"to":{"q":8,"r":19},"msg":"findPath: no valid path found"}
{"level":30,"time":1774382618039,"pid":1603455,"hostname":"TempleOfZyminx","from":{"q":0,"r":10},"to":{"q":8,"r":20},"msg":"findPath: no valid path found"}
{"level":30,"time":1774382618039,"pid":1603455,"hostname":"TempleOfZyminx","from":{"q":0,"r":10},"to":{"q":8,"r":21},"msg":"findPath: no valid path found"}
{"level":30,"time":1774382618039,"pid":1603455,"hostname":"TempleOfZyminx","from":{"q":0,"r":10},"to":{"q":9,"r":0},"msg":"findPath: no valid path found"}
{"level":30,"time":1774382618039,"pid":1603455,"hostname":"TempleOfZyminx","from":{"q":0,"r":10},"to":{"q":9,"r":1},"msg":"findPath: no valid path found"}
{"level":30,"time":1774382618039,"pid":1603455,"hostname":"TempleOfZyminx","from":{"q":0,"r":10},"to":{"q":9,"r":2},"msg":"findPath: no valid path found"}
{"level":30,"time":1774382618039,"pid":1603455,"hostname":"TempleOfZyminx","from":{"q":0,"r":10},"to":{"q":9,"r":3},"msg":"findPath: no valid path found"}
{"level":30,"time":1774382618039,"pid":1603455,"hostname":"TempleOfZyminx","from":{"q":0,"r":10},"to":{"q":9,"r":4},"msg":"findPath: no valid path found"}
{"level":30,"time":1774382618039,"pid":1603455,"hostname":"TempleOfZyminx","from":{"q":0,"r":10},"to":{"q":9,"r":5},"msg":"findPath: no valid path found"}
{"level":30,"time":1774382618039,"pid":1603455,"hostname":"TempleOfZyminx","from":{"q":0,"r":10},"to":{"q":9,"r":6},"msg":"findPath: no valid path found"}
{"level":30,"time":1774382618039,"pid":1603455,"hostname":"TempleOfZyminx","from":{"q":0,"r":10},"to":{"q":9,"r":7},"msg":"findPath: no valid path found"}
{"level":30,"time":1774382618039,"pid":1603455,"hostname":"TempleOfZyminx","from":{"q":0,"r":10},"to":{"q":9,"r":8},"msg":"findPath: no valid path found"}
{"level":30,"time":1774382618039,"pid":1603455,"hostname":"TempleOfZyminx","from":{"q":0,"r":10},"to":{"q":9,"r":9},"msg":"findPath: no valid path found"}
{"level":30,"time":1774382618040,"pid":1603455,"hostname":"TempleOfZyminx","from":{"q":0,"r":10},"to":{"q":9,"r":10},"msg":"findPath: no valid path found"}
{"level":30,"time":1774382618040,"pid":1603455,"hostname":"TempleOfZyminx","from":{"q":0,"r":10},"to":{"q":9,"r":11},"msg":"findPath: no valid path found"}
{"level":30,"time":1774382618040,"pid":1603455,"hostname":"TempleOfZyminx","from":{"q":0,"r":10},"to":{"q":9,"r":12},"msg":"findPath: no valid path found"}
{"level":30,"time":1774382618040,"pid":1603455,"hostname":"TempleOfZyminx","from":{"q":0,"r":10},"to":{"q":9,"r":13},"msg":"findPath: no valid path found"}
{"level":30,"time":1774382618040,"pid":1603455,"hostname":"TempleOfZyminx","from":{"q":0,"r":10},"to":{"q":9,"r":14},"msg":"findPath: no valid path found"}
{"level":30,"time":1774382618040,"pid":1603455,"hostname":"TempleOfZyminx","from":{"q":0,"r":10},"to":{"q":9,"r":15},"msg":"findPath: no valid path found"}
{"level":30,"time":1774382618040,"pid":1603455,"hostname":"TempleOfZyminx","from":{"q":0,"r":10},"to":{"q":9,"r":16},"msg":"findPath: no valid path found"}
{"level":30,"time":1774382618040,"pid":1603455,"hostname":"TempleOfZyminx","from":{"q":0,"r":10},"to":{"q":9,"r":17},"msg":"findPath: no valid path found"}
{"level":30,"time":1774382618040,"pid":1603455,"hostname":"TempleOfZyminx","from":{"q":0,"r":10},"to":{"q":9,"r":18},"msg":"findPath: no valid path found"}
{"level":30,"time":1774382618040,"pid":1603455,"hostname":"TempleOfZyminx","from":{"q":0,"r":10},"to":{"q":9,"r":19},"msg":"findPath: no valid path found"}
{"level":30,"time":1774382618040,"pid":1603455,"hostname":"TempleOfZyminx","from":{"q":0,"r":10},"to":{"q":9,"r":20},"msg":"findPath: no valid path found"}
{"level":30,"time":1774382618040,"pid":1603455,"hostname":"TempleOfZyminx","from":{"q":0,"r":10},"to":{"q":9,"r":21},"msg":"findPath: no valid path found"}
{"level":30,"time":1774382618040,"pid":1603455,"hostname":"TempleOfZyminx","from":{"q":0,"r":10},"to":{"q":10,"r":0},"msg":"findPath: no valid path found"}
{"level":30,"time":1774382618040,"pid":1603455,"hostname":"TempleOfZyminx","from":{"q":0,"r":10},"to":{"q":10,"r":1},"msg":"findPath: no valid path found"}
{"level":30,"time":1774382618040,"pid":1603455,"hostname":"TempleOfZyminx","from":{"q":0,"r":10},"to":{"q":10,"r":2},"msg":"findPath: no valid path found"}
{"level":30,"time":1774382618040,"pid":1603455,"hostname":"TempleOfZyminx","from":{"q":0,"r":10},"to":{"q":10,"r":3},"msg":"findPath: no valid path found"}
{"level":30,"time":1774382618040,"pid":1603455,"hostname":"TempleOfZyminx","from":{"q":0,"r":10},"to":{"q":10,"r":4},"msg":"findPath: no valid path found"}
{"level":30,"time":1774382618040,"pid":1603455,"hostname":"TempleOfZyminx","from":{"q":0,"r":10},"to":{"q":10,"r":5},"msg":"findPath: no valid path found"}
{"level":30,"time":1774382618040,"pid":1603455,"hostname":"TempleOfZyminx","from":{"q":0,"r":10},"to":{"q":10,"r":6},"msg":"findPath: no valid path found"}
{"level":30,"time":1774382618040,"pid":1603455,"hostname":"TempleOfZyminx","from":{"q":0,"r":10},"to":{"q":10,"r":7},"msg":"findPath: no valid path found"}
{"level":30,"time":1774382618040,"pid":1603455,"hostname":"TempleOfZyminx","from":{"q":0,"r":10},"to":{"q":10,"r":8},"msg":"findPath: no valid path found"}
{"level":30,"time":1774382618040,"pid":1603455,"hostname":"TempleOfZyminx","from":{"q":0,"r":10},"to":{"q":10,"r":9},"msg":"findPath: no valid path found"}
{"level":30,"time":1774382618040,"pid":1603455,"hostname":"TempleOfZyminx","from":{"q":0,"r":10},"to":{"q":10,"r":10},"msg":"findPath: no valid path found"}
{"level":30,"time":1774382618040,"pid":1603455,"hostname":"TempleOfZyminx","from":{"q":0,"r":10},"to":{"q":10,"r":11},"msg":"findPath: no valid path found"}
{"level":30,"time":1774382618040,"pid":1603455,"hostname":"TempleOfZyminx","from":{"q":0,"r":10},"to":{"q":10,"r":12},"msg":"findPath: no valid path found"}
{"level":30,"time":1774382618041,"pid":1603455,"hostname":"TempleOfZyminx","from":{"q":0,"r":10},"to":{"q":10,"r":13},"msg":"findPath: no valid path found"}
{"level":30,"time":1774382618041,"pid":1603455,"hostname":"TempleOfZyminx","from":{"q":0,"r":10},"to":{"q":10,"r":14},"msg":"findPath: no valid path found"}
{"level":30,"time":1774382618041,"pid":1603455,"hostname":"TempleOfZyminx","from":{"q":0,"r":10},"to":{"q":10,"r":15},"msg":"findPath: no valid path found"}
{"level":30,"time":1774382618041,"pid":1603455,"hostname":"TempleOfZyminx","from":{"q":0,"r":10},"to":{"q":10,"r":16},"msg":"findPath: no valid path found"}
{"level":30,"time":1774382618041,"pid":1603455,"hostname":"TempleOfZyminx","from":{"q":0,"r":10},"to":{"q":10,"r":17},"msg":"findPath: no valid path found"}
{"level":30,"time":1774382618041,"pid":1603455,"hostname":"TempleOfZyminx","from":{"q":0,"r":10},"to":{"q":10,"r":18},"msg":"findPath: no valid path found"}
{"level":30,"time":1774382618041,"pid":1603455,"hostname":"TempleOfZyminx","from":{"q":0,"r":10},"to":{"q":10,"r":19},"msg":"findPath: no valid path found"}
{"level":30,"time":1774382618041,"pid":1603455,"hostname":"TempleOfZyminx","from":{"q":0,"r":10},"to":{"q":10,"r":20},"msg":"findPath: no valid path found"}
{"level":30,"time":1774382618041,"pid":1603455,"hostname":"TempleOfZyminx","from":{"q":0,"r":10},"to":{"q":10,"r":21},"msg":"findPath: no valid path found"}
{"level":30,"time":1774382618041,"pid":1603455,"hostname":"TempleOfZyminx","from":{"q":0,"r":10},"to":{"q":11,"r":0},"msg":"findPath: no valid path found"}
{"level":30,"time":1774382618041,"pid":1603455,"hostname":"TempleOfZyminx","from":{"q":0,"r":10},"to":{"q":11,"r":1},"msg":"findPath: no valid path found"}
{"level":30,"time":1774382618041,"pid":1603455,"hostname":"TempleOfZyminx","from":{"q":0,"r":10},"to":{"q":11,"r":2},"msg":"findPath: no valid path found"}
{"level":30,"time":1774382618041,"pid":1603455,"hostname":"TempleOfZyminx","from":{"q":0,"r":10},"to":{"q":11,"r":3},"msg":"findPath: no valid path found"}
{"level":30,"time":1774382618041,"pid":1603455,"hostname":"TempleOfZyminx","from":{"q":0,"r":10},"to":{"q":11,"r":4},"msg":"findPath: no valid path found"}
{"level":30,"time":1774382618041,"pid":1603455,"hostname":"TempleOfZyminx","from":{"q":0,"r":10},"to":{"q":11,"r":5},"msg":"findPath: no valid path found"}
{"level":30,"time":1774382618041,"pid":1603455,"hostname":"TempleOfZyminx","from":{"q":0,"r":10},"to":{"q":11,"r":6},"msg":"findPath: no valid path found"}
{"level":30,"time":1774382618041,"pid":1603455,"hostname":"TempleOfZyminx","from":{"q":0,"r":10},"to":{"q":11,"r":7},"msg":"findPath: no valid path found"}
{"level":30,"time":1774382618041,"pid":1603455,"hostname":"TempleOfZyminx","from":{"q":0,"r":10},"to":{"q":11,"r":8},"msg":"findPath: no valid path found"}
{"level":30,"time":1774382618041,"pid":1603455,"hostname":"TempleOfZyminx","from":{"q":0,"r":10},"to":{"q":11,"r":9},"msg":"findPath: no valid path found"}
{"level":30,"time":1774382618041,"pid":1603455,"hostname":"TempleOfZyminx","from":{"q":0,"r":10},"to":{"q":11,"r":10},"msg":"findPath: no valid path found"}
{"level":30,"time":1774382618041,"pid":1603455,"hostname":"TempleOfZyminx","from":{"q":0,"r":10},"to":{"q":11,"r":11},"msg":"findPath: no valid path found"}
{"level":30,"time":1774382618041,"pid":1603455,"hostname":"TempleOfZyminx","from":{"q":0,"r":10},"to":{"q":11,"r":12},"msg":"findPath: no valid path found"}
{"level":30,"time":1774382618041,"pid":1603455,"hostname":"TempleOfZyminx","from":{"q":0,"r":10},"to":{"q":11,"r":13},"msg":"findPath: no valid path found"}
{"level":30,"time":1774382618041,"pid":1603455,"hostname":"TempleOfZyminx","from":{"q":0,"r":10},"to":{"q":11,"r":14},"msg":"findPath: no valid path found"}
{"level":30,"time":1774382618041,"pid":1603455,"hostname":"TempleOfZyminx","from":{"q":0,"r":10},"to":{"q":11,"r":15},"msg":"findPath: no valid path found"}
{"level":30,"time":1774382618042,"pid":1603455,"hostname":"TempleOfZyminx","from":{"q":0,"r":10},"to":{"q":11,"r":16},"msg":"findPath: no valid path found"}
{"level":30,"time":1774382618042,"pid":1603455,"hostname":"TempleOfZyminx","from":{"q":0,"r":10},"to":{"q":11,"r":17},"msg":"findPath: no valid path found"}
{"level":30,"time":1774382618042,"pid":1603455,"hostname":"TempleOfZyminx","from":{"q":0,"r":10},"to":{"q":11,"r":18},"msg":"findPath: no valid path found"}
{"level":30,"time":1774382618042,"pid":1603455,"hostname":"TempleOfZyminx","from":{"q":0,"r":10},"to":{"q":11,"r":19},"msg":"findPath: no valid path found"}
{"level":30,"time":1774382618042,"pid":1603455,"hostname":"TempleOfZyminx","from":{"q":0,"r":10},"to":{"q":11,"r":20},"msg":"findPath: no valid path found"}
{"level":30,"time":1774382618042,"pid":1603455,"hostname":"TempleOfZyminx","from":{"q":0,"r":10},"to":{"q":11,"r":21},"msg":"findPath: no valid path found"}
{"level":30,"time":1774382618042,"pid":1603455,"hostname":"TempleOfZyminx","from":{"q":0,"r":10},"to":{"q":12,"r":0},"msg":"findPath: no valid path found"}
{"level":30,"time":1774382618042,"pid":1603455,"hostname":"TempleOfZyminx","from":{"q":0,"r":10},"to":{"q":12,"r":1},"msg":"findPath: no valid path found"}
{"level":30,"time":1774382618042,"pid":1603455,"hostname":"TempleOfZyminx","from":{"q":0,"r":10},"to":{"q":12,"r":2},"msg":"findPath: no valid path found"}
{"level":30,"time":1774382618042,"pid":1603455,"hostname":"TempleOfZyminx","from":{"q":0,"r":10},"to":{"q":12,"r":3},"msg":"findPath: no valid path found"}
{"level":30,"time":1774382618042,"pid":1603455,"hostname":"TempleOfZyminx","from":{"q":0,"r":10},"to":{"q":12,"r":4},"msg":"findPath: no valid path found"}
{"level":30,"time":1774382618042,"pid":1603455,"hostname":"TempleOfZyminx","from":{"q":0,"r":10},"to":{"q":12,"r":5},"msg":"findPath: no valid path found"}
{"level":30,"time":1774382618042,"pid":1603455,"hostname":"TempleOfZyminx","from":{"q":0,"r":10},"to":{"q":12,"r":6},"msg":"findPath: no valid path found"}
{"level":30,"time":1774382618042,"pid":1603455,"hostname":"TempleOfZyminx","from":{"q":0,"r":10},"to":{"q":12,"r":7},"msg":"findPath: no valid path found"}
{"level":30,"time":1774382618042,"pid":1603455,"hostname":"TempleOfZyminx","from":{"q":0,"r":10},"to":{"q":12,"r":8},"msg":"findPath: no valid path found"}
{"level":30,"time":1774382618042,"pid":1603455,"hostname":"TempleOfZyminx","from":{"q":0,"r":10},"to":{"q":12,"r":9},"msg":"findPath: no valid path found"}
{"level":30,"time":1774382618042,"pid":1603455,"hostname":"TempleOfZyminx","from":{"q":0,"r":10},"to":{"q":12,"r":10},"msg":"findPath: no valid path found"}
{"level":30,"time":1774382618042,"pid":1603455,"hostname":"TempleOfZyminx","from":{"q":0,"r":10},"to":{"q":12,"r":11},"msg":"findPath: no valid path found"}
{"level":30,"time":1774382618042,"pid":1603455,"hostname":"TempleOfZyminx","from":{"q":0,"r":10},"to":{"q":12,"r":12},"msg":"findPath: no valid path found"}
{"level":30,"time":1774382618042,"pid":1603455,"hostname":"TempleOfZyminx","from":{"q":0,"r":10},"to":{"q":12,"r":13},"msg":"findPath: no valid path found"}
{"level":30,"time":1774382618042,"pid":1603455,"hostname":"TempleOfZyminx","from":{"q":0,"r":10},"to":{"q":12,"r":14},"msg":"findPath: no valid path found"}
{"level":30,"time":1774382618042,"pid":1603455,"hostname":"TempleOfZyminx","from":{"q":0,"r":10},"to":{"q":12,"r":15},"msg":"findPath: no valid path found"}
{"level":30,"time":1774382618042,"pid":1603455,"hostname":"TempleOfZyminx","from":{"q":0,"r":10},"to":{"q":12,"r":16},"msg":"findPath: no valid path found"}
{"level":30,"time":1774382618042,"pid":1603455,"hostname":"TempleOfZyminx","from":{"q":0,"r":10},"to":{"q":12,"r":17},"msg":"findPath: no valid path found"}
{"level":30,"time":1774382618043,"pid":1603455,"hostname":"TempleOfZyminx","from":{"q":0,"r":10},"to":{"q":12,"r":18},"msg":"findPath: no valid path found"}
{"level":30,"time":1774382618043,"pid":1603455,"hostname":"TempleOfZyminx","from":{"q":0,"r":10},"to":{"q":12,"r":19},"msg":"findPath: no valid path found"}
{"level":30,"time":1774382618043,"pid":1603455,"hostname":"TempleOfZyminx","from":{"q":0,"r":10},"to":{"q":12,"r":20},"msg":"findPath: no valid path found"}
{"level":30,"time":1774382618043,"pid":1603455,"hostname":"TempleOfZyminx","from":{"q":0,"r":10},"to":{"q":12,"r":21},"msg":"findPath: no valid path found"}
{"level":30,"time":1774382618043,"pid":1603455,"hostname":"TempleOfZyminx","from":{"q":0,"r":10},"to":{"q":13,"r":0},"msg":"findPath: no valid path found"}
{"level":30,"time":1774382618043,"pid":1603455,"hostname":"TempleOfZyminx","from":{"q":0,"r":10},"to":{"q":13,"r":1},"msg":"findPath: no valid path found"}
{"level":30,"time":1774382618043,"pid":1603455,"hostname":"TempleOfZyminx","from":{"q":0,"r":10},"to":{"q":13,"r":2},"msg":"findPath: no valid path found"}
{"level":30,"time":1774382618043,"pid":1603455,"hostname":"TempleOfZyminx","from":{"q":0,"r":10},"to":{"q":13,"r":3},"msg":"findPath: no valid path found"}
{"level":30,"time":1774382618043,"pid":1603455,"hostname":"TempleOfZyminx","from":{"q":0,"r":10},"to":{"q":13,"r":4},"msg":"findPath: no valid path found"}
{"level":30,"time":1774382618043,"pid":1603455,"hostname":"TempleOfZyminx","from":{"q":0,"r":10},"to":{"q":13,"r":5},"msg":"findPath: no valid path found"}
{"level":30,"time":1774382618043,"pid":1603455,"hostname":"TempleOfZyminx","from":{"q":0,"r":10},"to":{"q":13,"r":6},"msg":"findPath: no valid path found"}
{"level":30,"time":1774382618043,"pid":1603455,"hostname":"TempleOfZyminx","from":{"q":0,"r":10},"to":{"q":13,"r":7},"msg":"findPath: no valid path found"}
{"level":30,"time":1774382618043,"pid":1603455,"hostname":"TempleOfZyminx","from":{"q":0,"r":10},"to":{"q":13,"r":8},"msg":"findPath: no valid path found"}
{"level":30,"time":1774382618043,"pid":1603455,"hostname":"TempleOfZyminx","from":{"q":0,"r":10},"to":{"q":13,"r":9},"msg":"findPath: no valid path found"}
{"level":30,"time":1774382618043,"pid":1603455,"hostname":"TempleOfZyminx","from":{"q":0,"r":10},"to":{"q":13,"r":10},"msg":"findPath: no valid path found"}
{"level":30,"time":1774382618043,"pid":1603455,"hostname":"TempleOfZyminx","from":{"q":0,"r":10},"to":{"q":13,"r":11},"msg":"findPath: no valid path found"}
{"level":30,"time":1774382618043,"pid":1603455,"hostname":"TempleOfZyminx","from":{"q":0,"r":10},"to":{"q":13,"r":12},"msg":"findPath: no valid path found"}
{"level":30,"time":1774382618043,"pid":1603455,"hostname":"TempleOfZyminx","from":{"q":0,"r":10},"to":{"q":13,"r":13},"msg":"findPath: no valid path found"}
{"level":30,"time":1774382618043,"pid":1603455,"hostname":"TempleOfZyminx","from":{"q":0,"r":10},"to":{"q":13,"r":14},"msg":"findPath: no valid path found"}
{"level":30,"time":1774382618043,"pid":1603455,"hostname":"TempleOfZyminx","from":{"q":0,"r":10},"to":{"q":13,"r":15},"msg":"findPath: no valid path found"}
{"level":30,"time":1774382618043,"pid":1603455,"hostname":"TempleOfZyminx","from":{"q":0,"r":10},"to":{"q":13,"r":16},"msg":"findPath: no valid path found"}
{"level":30,"time":1774382618043,"pid":1603455,"hostname":"TempleOfZyminx","from":{"q":0,"r":10},"to":{"q":13,"r":17},"msg":"findPath: no valid path found"}
{"level":30,"time":1774382618043,"pid":1603455,"hostname":"TempleOfZyminx","from":{"q":0,"r":10},"to":{"q":13,"r":18},"msg":"findPath: no valid path found"}
{"level":30,"time":1774382618043,"pid":1603455,"hostname":"TempleOfZyminx","from":{"q":0,"r":10},"to":{"q":13,"r":19},"msg":"findPath: no valid path found"}
{"level":30,"time":1774382618043,"pid":1603455,"hostname":"TempleOfZyminx","from":{"q":0,"r":10},"to":{"q":13,"r":20},"msg":"findPath: no valid path found"}
{"level":30,"time":1774382618044,"pid":1603455,"hostname":"TempleOfZyminx","from":{"q":0,"r":10},"to":{"q":13,"r":21},"msg":"findPath: no valid path found"}
{"level":30,"time":1774382618044,"pid":1603455,"hostname":"TempleOfZyminx","from":{"q":0,"r":10},"to":{"q":14,"r":0},"msg":"findPath: no valid path found"}
{"level":30,"time":1774382618044,"pid":1603455,"hostname":"TempleOfZyminx","from":{"q":0,"r":10},"to":{"q":14,"r":1},"msg":"findPath: no valid path found"}
{"level":30,"time":1774382618044,"pid":1603455,"hostname":"TempleOfZyminx","from":{"q":0,"r":10},"to":{"q":14,"r":2},"msg":"findPath: no valid path found"}
{"level":30,"time":1774382618044,"pid":1603455,"hostname":"TempleOfZyminx","from":{"q":0,"r":10},"to":{"q":14,"r":3},"msg":"findPath: no valid path found"}
{"level":30,"time":1774382618044,"pid":1603455,"hostname":"TempleOfZyminx","from":{"q":0,"r":10},"to":{"q":14,"r":4},"msg":"findPath: no valid path found"}
{"level":30,"time":1774382618044,"pid":1603455,"hostname":"TempleOfZyminx","from":{"q":0,"r":10},"to":{"q":14,"r":5},"msg":"findPath: no valid path found"}
{"level":30,"time":1774382618044,"pid":1603455,"hostname":"TempleOfZyminx","from":{"q":0,"r":10},"to":{"q":14,"r":6},"msg":"findPath: no valid path found"}
{"level":30,"time":1774382618044,"pid":1603455,"hostname":"TempleOfZyminx","from":{"q":0,"r":10},"to":{"q":14,"r":7},"msg":"findPath: no valid path found"}
{"level":30,"time":1774382618044,"pid":1603455,"hostname":"TempleOfZyminx","from":{"q":0,"r":10},"to":{"q":14,"r":8},"msg":"findPath: no valid path found"}
{"level":30,"time":1774382618044,"pid":1603455,"hostname":"TempleOfZyminx","from":{"q":0,"r":10},"to":{"q":14,"r":9},"msg":"findPath: no valid path found"}
{"level":30,"time":1774382618044,"pid":1603455,"hostname":"TempleOfZyminx","from":{"q":0,"r":10},"to":{"q":14,"r":10},"msg":"findPath: no valid path found"}
{"level":30,"time":1774382618044,"pid":1603455,"hostname":"TempleOfZyminx","from":{"q":0,"r":10},"to":{"q":14,"r":11},"msg":"findPath: no valid path found"}
{"level":30,"time":1774382618044,"pid":1603455,"hostname":"TempleOfZyminx","from":{"q":0,"r":10},"to":{"q":14,"r":12},"msg":"findPath: no valid path found"}
{"level":30,"time":1774382618044,"pid":1603455,"hostname":"TempleOfZyminx","from":{"q":0,"r":10},"to":{"q":14,"r":13},"msg":"findPath: no valid path found"}
{"level":30,"time":1774382618044,"pid":1603455,"hostname":"TempleOfZyminx","from":{"q":0,"r":10},"to":{"q":14,"r":14},"msg":"findPath: no valid path found"}
{"level":30,"time":1774382618044,"pid":1603455,"hostname":"TempleOfZyminx","from":{"q":0,"r":10},"to":{"q":14,"r":15},"msg":"findPath: no valid path found"}
{"level":30,"time":1774382618044,"pid":1603455,"hostname":"TempleOfZyminx","from":{"q":0,"r":10},"to":{"q":14,"r":16},"msg":"findPath: no valid path found"}
{"level":30,"time":1774382618044,"pid":1603455,"hostname":"TempleOfZyminx","from":{"q":0,"r":10},"to":{"q":14,"r":17},"msg":"findPath: no valid path found"}
{"level":30,"time":1774382618044,"pid":1603455,"hostname":"TempleOfZyminx","from":{"q":0,"r":10},"to":{"q":14,"r":18},"msg":"findPath: no valid path found"}
{"level":30,"time":1774382618044,"pid":1603455,"hostname":"TempleOfZyminx","from":{"q":0,"r":10},"to":{"q":14,"r":19},"msg":"findPath: no valid path found"}
{"level":30,"time":1774382618044,"pid":1603455,"hostname":"TempleOfZyminx","from":{"q":0,"r":10},"to":{"q":14,"r":20},"msg":"findPath: no valid path found"}
{"level":30,"time":1774382618044,"pid":1603455,"hostname":"TempleOfZyminx","from":{"q":0,"r":10},"to":{"q":14,"r":21},"msg":"findPath: no valid path found"}
{"level":30,"time":1774382618045,"pid":1603455,"hostname":"TempleOfZyminx","id":"d6becb2b-f2d0-42dc-b1e7-4d2bc4deb5cf","command":"MOVE","msg":"Submitting game action"}
{"level":30,"time":1774382618045,"pid":1603455,"hostname":"TempleOfZyminx","gameId":"d6becb2b-f2d0-42dc-b1e7-4d2bc4deb5cf","unitId":"onion-1","msg":"Processing MOVE command"}
{"level":30,"time":1774382618046,"pid":1603455,"hostname":"TempleOfZyminx","id":"d6becb2b-f2d0-42dc-b1e7-4d2bc4deb5cf","msg":"Fetching game state"}
{"level":30,"time":1774382618047,"pid":1603455,"hostname":"TempleOfZyminx","id":"d6becb2b-f2d0-42dc-b1e7-4d2bc4deb5cf","msg":"Fetching game state"}
{"level":30,"time":1774382618048,"pid":1603455,"hostname":"TempleOfZyminx","id":"d6becb2b-f2d0-42dc-b1e7-4d2bc4deb5cf","command":"END_PHASE","msg":"Submitting game action"}
{"level":30,"time":1774382618048,"pid":1603455,"hostname":"TempleOfZyminx","gameId":"d6becb2b-f2d0-42dc-b1e7-4d2bc4deb5cf","phase":"ONION_MOVE","msg":"Advancing phase"}
{"level":30,"time":1774382618048,"pid":1603455,"hostname":"TempleOfZyminx","phase":"ONION_MOVE","turnNumber":1,"msg":"Advancing phase in engine"}
{"level":30,"time":1774382618049,"pid":1603455,"hostname":"TempleOfZyminx","id":"d6becb2b-f2d0-42dc-b1e7-4d2bc4deb5cf","msg":"Fetching game state"}
{"level":30,"time":1774382618049,"pid":1603455,"hostname":"TempleOfZyminx","id":"d6becb2b-f2d0-42dc-b1e7-4d2bc4deb5cf","msg":"Fetching game state"}
{"level":30,"time":1774382618050,"pid":1603455,"hostname":"TempleOfZyminx","id":"d6becb2b-f2d0-42dc-b1e7-4d2bc4deb5cf","command":"FIRE","msg":"Submitting game action"}
{"level":30,"time":1774382618050,"pid":1603455,"hostname":"TempleOfZyminx","gameId":"d6becb2b-f2d0-42dc-b1e7-4d2bc4deb5cf","type":"FIRE","msg":"Processing combat command"}
{"level":30,"time":1774382618051,"pid":1603455,"hostname":"TempleOfZyminx","commandType":"FIRE","msg":"Validating combat action"}
{"level":30,"time":1774382618051,"pid":1603455,"hostname":"TempleOfZyminx","plan":{"actionType":"FIRE","actor":"onion","attackerIds":["missile_1"],"target":{"kind":"defender","id":"pigs-1"},"attackStrength":6,"defense":3,"weaponIds":["missile_1"]},"msg":"Executing combat action"}
{"level":30,"time":1774382618052,"pid":1603455,"hostname":"TempleOfZyminx","id":"d6becb2b-f2d0-42dc-b1e7-4d2bc4deb5cf","command":"FIRE","msg":"Submitting game action"}
{"level":30,"time":1774382618052,"pid":1603455,"hostname":"TempleOfZyminx","gameId":"d6becb2b-f2d0-42dc-b1e7-4d2bc4deb5cf","type":"FIRE","msg":"Processing combat command"}
{"level":30,"time":1774382618052,"pid":1603455,"hostname":"TempleOfZyminx","commandType":"FIRE","msg":"Validating combat action"}
{"level":30,"time":1774382618052,"pid":1603455,"hostname":"TempleOfZyminx","gameId":"d6becb2b-f2d0-42dc-b1e7-4d2bc4deb5cf","error":"Attacker 'missile_1' is already destroyed or exhausted","msg":"Invalid combat command"}
{"level":30,"time":1774382618052,"pid":1603455,"hostname":"TempleOfZyminx","id":"d6becb2b-f2d0-42dc-b1e7-4d2bc4deb5cf","msg":"Fetching game state"}
{"level":30,"time":1774382618053,"pid":1603455,"hostname":"TempleOfZyminx","id":"d6becb2b-f2d0-42dc-b1e7-4d2bc4deb5cf","command":"END_PHASE","msg":"Submitting game action"}
{"level":30,"time":1774382618053,"pid":1603455,"hostname":"TempleOfZyminx","gameId":"d6becb2b-f2d0-42dc-b1e7-4d2bc4deb5cf","phase":"ONION_COMBAT","msg":"Advancing phase"}
{"level":30,"time":1774382618053,"pid":1603455,"hostname":"TempleOfZyminx","phase":"ONION_COMBAT","turnNumber":1,"msg":"Advancing phase in engine"}
{"level":30,"time":1774382618054,"pid":1603455,"hostname":"TempleOfZyminx","id":"d6becb2b-f2d0-42dc-b1e7-4d2bc4deb5cf","msg":"Fetching game state"}
{"level":30,"time":1774382618055,"pid":1603455,"hostname":"TempleOfZyminx","id":"d6becb2b-f2d0-42dc-b1e7-4d2bc4deb5cf","msg":"Fetching game state"}
{"level":30,"time":1774382618056,"pid":1603455,"hostname":"TempleOfZyminx","from":{"q":5,"r":6},"to":{"q":0,"r":0},"msg":"findPath: no valid path found"}
{"level":30,"time":1774382618056,"pid":1603455,"hostname":"TempleOfZyminx","from":{"q":5,"r":6},"to":{"q":0,"r":1},"msg":"findPath: no valid path found"}
{"level":30,"time":1774382618056,"pid":1603455,"hostname":"TempleOfZyminx","from":{"q":5,"r":6},"to":{"q":0,"r":2},"msg":"findPath: no valid path found"}
{"level":30,"time":1774382618057,"pid":1603455,"hostname":"TempleOfZyminx","from":{"q":5,"r":6},"to":{"q":0,"r":3},"msg":"findPath: no valid path found"}
{"level":30,"time":1774382618057,"pid":1603455,"hostname":"TempleOfZyminx","from":{"q":5,"r":6},"to":{"q":0,"r":4},"msg":"findPath: no valid path found"}
{"level":30,"time":1774382618057,"pid":1603455,"hostname":"TempleOfZyminx","from":{"q":5,"r":6},"to":{"q":0,"r":5},"msg":"findPath: no valid path found"}
{"level":30,"time":1774382618057,"pid":1603455,"hostname":"TempleOfZyminx","from":{"q":5,"r":6},"to":{"q":0,"r":6},"msg":"findPath: no valid path found"}
{"level":30,"time":1774382618057,"pid":1603455,"hostname":"TempleOfZyminx","from":{"q":5,"r":6},"to":{"q":0,"r":7},"msg":"findPath: no valid path found"}
{"level":30,"time":1774382618057,"pid":1603455,"hostname":"TempleOfZyminx","from":{"q":5,"r":6},"to":{"q":0,"r":8},"msg":"findPath: no valid path found"}
{"level":30,"time":1774382618057,"pid":1603455,"hostname":"TempleOfZyminx","from":{"q":5,"r":6},"to":{"q":0,"r":9},"msg":"findPath: no valid path found"}
{"level":30,"time":1774382618057,"pid":1603455,"hostname":"TempleOfZyminx","from":{"q":5,"r":6},"to":{"q":0,"r":10},"msg":"findPath: no valid path found"}
{"level":30,"time":1774382618058,"pid":1603455,"hostname":"TempleOfZyminx","from":{"q":5,"r":6},"to":{"q":0,"r":11},"msg":"findPath: no valid path found"}
{"level":30,"time":1774382618058,"pid":1603455,"hostname":"TempleOfZyminx","from":{"q":5,"r":6},"to":{"q":0,"r":12},"msg":"findPath: no valid path found"}
{"level":30,"time":1774382618058,"pid":1603455,"hostname":"TempleOfZyminx","from":{"q":5,"r":6},"to":{"q":0,"r":13},"msg":"findPath: no valid path found"}
{"level":30,"time":1774382618058,"pid":1603455,"hostname":"TempleOfZyminx","from":{"q":5,"r":6},"to":{"q":0,"r":14},"msg":"findPath: no valid path found"}
{"level":30,"time":1774382618058,"pid":1603455,"hostname":"TempleOfZyminx","from":{"q":5,"r":6},"to":{"q":0,"r":15},"msg":"findPath: no valid path found"}
{"level":30,"time":1774382618058,"pid":1603455,"hostname":"TempleOfZyminx","from":{"q":5,"r":6},"to":{"q":0,"r":16},"msg":"findPath: no valid path found"}
{"level":30,"time":1774382618058,"pid":1603455,"hostname":"TempleOfZyminx","from":{"q":5,"r":6},"to":{"q":0,"r":17},"msg":"findPath: no valid path found"}
{"level":30,"time":1774382618059,"pid":1603455,"hostname":"TempleOfZyminx","from":{"q":5,"r":6},"to":{"q":0,"r":18},"msg":"findPath: no valid path found"}
{"level":30,"time":1774382618059,"pid":1603455,"hostname":"TempleOfZyminx","from":{"q":5,"r":6},"to":{"q":0,"r":19},"msg":"findPath: no valid path found"}
{"level":30,"time":1774382618059,"pid":1603455,"hostname":"TempleOfZyminx","from":{"q":5,"r":6},"to":{"q":0,"r":20},"msg":"findPath: no valid path found"}
{"level":30,"time":1774382618059,"pid":1603455,"hostname":"TempleOfZyminx","from":{"q":5,"r":6},"to":{"q":0,"r":21},"msg":"findPath: no valid path found"}
{"level":30,"time":1774382618059,"pid":1603455,"hostname":"TempleOfZyminx","from":{"q":5,"r":6},"to":{"q":1,"r":0},"msg":"findPath: no valid path found"}
{"level":30,"time":1774382618059,"pid":1603455,"hostname":"TempleOfZyminx","from":{"q":5,"r":6},"to":{"q":1,"r":1},"msg":"findPath: no valid path found"}
{"level":30,"time":1774382618059,"pid":1603455,"hostname":"TempleOfZyminx","from":{"q":5,"r":6},"to":{"q":1,"r":2},"msg":"findPath: no valid path found"}
{"level":30,"time":1774382618060,"pid":1603455,"hostname":"TempleOfZyminx","from":{"q":5,"r":6},"to":{"q":1,"r":3},"msg":"findPath: no valid path found"}
{"level":30,"time":1774382618060,"pid":1603455,"hostname":"TempleOfZyminx","from":{"q":5,"r":6},"to":{"q":1,"r":4},"msg":"findPath: no valid path found"}
{"level":30,"time":1774382618060,"pid":1603455,"hostname":"TempleOfZyminx","from":{"q":5,"r":6},"to":{"q":1,"r":5},"msg":"findPath: no valid path found"}
{"level":30,"time":1774382618060,"pid":1603455,"hostname":"TempleOfZyminx","from":{"q":5,"r":6},"to":{"q":1,"r":10},"msg":"findPath: no valid path found"}
{"level":30,"time":1774382618061,"pid":1603455,"hostname":"TempleOfZyminx","from":{"q":5,"r":6},"to":{"q":1,"r":11},"msg":"findPath: no valid path found"}
{"level":30,"time":1774382618061,"pid":1603455,"hostname":"TempleOfZyminx","from":{"q":5,"r":6},"to":{"q":1,"r":12},"msg":"findPath: no valid path found"}
{"level":30,"time":1774382618061,"pid":1603455,"hostname":"TempleOfZyminx","from":{"q":5,"r":6},"to":{"q":1,"r":13},"msg":"findPath: no valid path found"}
{"level":30,"time":1774382618061,"pid":1603455,"hostname":"TempleOfZyminx","from":{"q":5,"r":6},"to":{"q":1,"r":14},"msg":"findPath: no valid path found"}
{"level":30,"time":1774382618061,"pid":1603455,"hostname":"TempleOfZyminx","from":{"q":5,"r":6},"to":{"q":1,"r":15},"msg":"findPath: no valid path found"}
{"level":30,"time":1774382618061,"pid":1603455,"hostname":"TempleOfZyminx","from":{"q":5,"r":6},"to":{"q":1,"r":16},"msg":"findPath: no valid path found"}
{"level":30,"time":1774382618061,"pid":1603455,"hostname":"TempleOfZyminx","from":{"q":5,"r":6},"to":{"q":1,"r":17},"msg":"findPath: no valid path found"}
{"level":30,"time":1774382618061,"pid":1603455,"hostname":"TempleOfZyminx","from":{"q":5,"r":6},"to":{"q":1,"r":18},"msg":"findPath: no valid path found"}
{"level":30,"time":1774382618062,"pid":1603455,"hostname":"TempleOfZyminx","from":{"q":5,"r":6},"to":{"q":1,"r":19},"msg":"findPath: no valid path found"}
{"level":30,"time":1774382618062,"pid":1603455,"hostname":"TempleOfZyminx","from":{"q":5,"r":6},"to":{"q":1,"r":20},"msg":"findPath: no valid path found"}
{"level":30,"time":1774382618062,"pid":1603455,"hostname":"TempleOfZyminx","from":{"q":5,"r":6},"to":{"q":1,"r":21},"msg":"findPath: no valid path found"}
{"level":30,"time":1774382618062,"pid":1603455,"hostname":"TempleOfZyminx","from":{"q":5,"r":6},"to":{"q":2,"r":0},"msg":"findPath: no valid path found"}
{"level":30,"time":1774382618062,"pid":1603455,"hostname":"TempleOfZyminx","from":{"q":5,"r":6},"to":{"q":2,"r":1},"msg":"findPath: no valid path found"}
{"level":30,"time":1774382618062,"pid":1603455,"hostname":"TempleOfZyminx","from":{"q":5,"r":6},"to":{"q":2,"r":2},"msg":"findPath: no valid path found"}
{"level":30,"time":1774382618062,"pid":1603455,"hostname":"TempleOfZyminx","from":{"q":5,"r":6},"to":{"q":2,"r":3},"msg":"findPath: no valid path found"}
{"level":30,"time":1774382618062,"pid":1603455,"hostname":"TempleOfZyminx","from":{"q":5,"r":6},"to":{"q":2,"r":4},"msg":"findPath: no valid path found"}
{"level":30,"time":1774382618063,"pid":1603455,"hostname":"TempleOfZyminx","from":{"q":5,"r":6},"to":{"q":2,"r":10},"msg":"findPath: no valid path found"}
{"level":30,"time":1774382618063,"pid":1603455,"hostname":"TempleOfZyminx","from":{"q":5,"r":6},"to":{"q":2,"r":11},"msg":"findPath: no valid path found"}
{"level":30,"time":1774382618063,"pid":1603455,"hostname":"TempleOfZyminx","from":{"q":5,"r":6},"to":{"q":2,"r":12},"msg":"findPath: no valid path found"}
{"level":30,"time":1774382618063,"pid":1603455,"hostname":"TempleOfZyminx","from":{"q":5,"r":6},"to":{"q":2,"r":13},"msg":"findPath: no valid path found"}
{"level":30,"time":1774382618063,"pid":1603455,"hostname":"TempleOfZyminx","from":{"q":5,"r":6},"to":{"q":2,"r":14},"msg":"findPath: no valid path found"}
{"level":30,"time":1774382618063,"pid":1603455,"hostname":"TempleOfZyminx","from":{"q":5,"r":6},"to":{"q":2,"r":15},"msg":"findPath: no valid path found"}
{"level":30,"time":1774382618064,"pid":1603455,"hostname":"TempleOfZyminx","from":{"q":5,"r":6},"to":{"q":2,"r":16},"msg":"findPath: no valid path found"}
{"level":30,"time":1774382618064,"pid":1603455,"hostname":"TempleOfZyminx","from":{"q":5,"r":6},"to":{"q":2,"r":17},"msg":"findPath: no valid path found"}
{"level":30,"time":1774382618064,"pid":1603455,"hostname":"TempleOfZyminx","from":{"q":5,"r":6},"to":{"q":2,"r":18},"msg":"findPath: no valid path found"}
{"level":30,"time":1774382618064,"pid":1603455,"hostname":"TempleOfZyminx","from":{"q":5,"r":6},"to":{"q":2,"r":19},"msg":"findPath: no valid path found"}
{"level":30,"time":1774382618064,"pid":1603455,"hostname":"TempleOfZyminx","from":{"q":5,"r":6},"to":{"q":2,"r":20},"msg":"findPath: no valid path found"}
{"level":30,"time":1774382618066,"pid":1603455,"hostname":"TempleOfZyminx","from":{"q":5,"r":6},"to":{"q":2,"r":21},"msg":"findPath: no valid path found"}
{"level":30,"time":1774382618067,"pid":1603455,"hostname":"TempleOfZyminx","from":{"q":5,"r":6},"to":{"q":3,"r":0},"msg":"findPath: no valid path found"}
{"level":30,"time":1774382618067,"pid":1603455,"hostname":"TempleOfZyminx","from":{"q":5,"r":6},"to":{"q":3,"r":1},"msg":"findPath: no valid path found"}
{"level":30,"time":1774382618067,"pid":1603455,"hostname":"TempleOfZyminx","from":{"q":5,"r":6},"to":{"q":3,"r":2},"msg":"findPath: no valid path found"}
{"level":30,"time":1774382618067,"pid":1603455,"hostname":"TempleOfZyminx","from":{"q":5,"r":6},"to":{"q":3,"r":3},"msg":"findPath: no valid path found"}
{"level":30,"time":1774382618067,"pid":1603455,"hostname":"TempleOfZyminx","from":{"q":5,"r":6},"to":{"q":3,"r":8},"msg":"findPath: no valid path found"}
{"level":30,"time":1774382618067,"pid":1603455,"hostname":"TempleOfZyminx","from":{"q":5,"r":6},"to":{"q":3,"r":11},"msg":"findPath: no valid path found"}
{"level":30,"time":1774382618067,"pid":1603455,"hostname":"TempleOfZyminx","from":{"q":5,"r":6},"to":{"q":3,"r":12},"msg":"findPath: no valid path found"}
{"level":30,"time":1774382618067,"pid":1603455,"hostname":"TempleOfZyminx","from":{"q":5,"r":6},"to":{"q":3,"r":13},"msg":"findPath: no valid path found"}
{"level":30,"time":1774382618068,"pid":1603455,"hostname":"TempleOfZyminx","from":{"q":5,"r":6},"to":{"q":3,"r":14},"msg":"findPath: no valid path found"}
{"level":30,"time":1774382618068,"pid":1603455,"hostname":"TempleOfZyminx","from":{"q":5,"r":6},"to":{"q":3,"r":15},"msg":"findPath: no valid path found"}
{"level":30,"time":1774382618068,"pid":1603455,"hostname":"TempleOfZyminx","from":{"q":5,"r":6},"to":{"q":3,"r":16},"msg":"findPath: no valid path found"}
{"level":30,"time":1774382618068,"pid":1603455,"hostname":"TempleOfZyminx","from":{"q":5,"r":6},"to":{"q":3,"r":17},"msg":"findPath: no valid path found"}
{"level":30,"time":1774382618068,"pid":1603455,"hostname":"TempleOfZyminx","from":{"q":5,"r":6},"to":{"q":3,"r":18},"msg":"findPath: no valid path found"}
{"level":30,"time":1774382618069,"pid":1603455,"hostname":"TempleOfZyminx","from":{"q":5,"r":6},"to":{"q":3,"r":19},"msg":"findPath: no valid path found"}
{"level":30,"time":1774382618069,"pid":1603455,"hostname":"TempleOfZyminx","from":{"q":5,"r":6},"to":{"q":3,"r":20},"msg":"findPath: no valid path found"}
{"level":30,"time":1774382618069,"pid":1603455,"hostname":"TempleOfZyminx","from":{"q":5,"r":6},"to":{"q":3,"r":21},"msg":"findPath: no valid path found"}
{"level":30,"time":1774382618069,"pid":1603455,"hostname":"TempleOfZyminx","from":{"q":5,"r":6},"to":{"q":4,"r":0},"msg":"findPath: no valid path found"}
{"level":30,"time":1774382618069,"pid":1603455,"hostname":"TempleOfZyminx","from":{"q":5,"r":6},"to":{"q":4,"r":1},"msg":"findPath: no valid path found"}
{"level":30,"time":1774382618069,"pid":1603455,"hostname":"TempleOfZyminx","from":{"q":5,"r":6},"to":{"q":4,"r":2},"msg":"findPath: no valid path found"}
{"level":30,"time":1774382618070,"pid":1603455,"hostname":"TempleOfZyminx","from":{"q":5,"r":6},"to":{"q":4,"r":8},"msg":"findPath: no valid path found"}
{"level":30,"time":1774382618070,"pid":1603455,"hostname":"TempleOfZyminx","from":{"q":5,"r":6},"to":{"q":4,"r":11},"msg":"findPath: no valid path found"}
{"level":30,"time":1774382618070,"pid":1603455,"hostname":"TempleOfZyminx","from":{"q":5,"r":6},"to":{"q":4,"r":12},"msg":"findPath: no valid path found"}
{"level":30,"time":1774382618071,"pid":1603455,"hostname":"TempleOfZyminx","from":{"q":5,"r":6},"to":{"q":4,"r":13},"msg":"findPath: no valid path found"}
{"level":30,"time":1774382618071,"pid":1603455,"hostname":"TempleOfZyminx","from":{"q":5,"r":6},"to":{"q":4,"r":14},"msg":"findPath: no valid path found"}
{"level":30,"time":1774382618071,"pid":1603455,"hostname":"TempleOfZyminx","from":{"q":5,"r":6},"to":{"q":4,"r":15},"msg":"findPath: no valid path found"}
{"level":30,"time":1774382618071,"pid":1603455,"hostname":"TempleOfZyminx","from":{"q":5,"r":6},"to":{"q":4,"r":16},"msg":"findPath: no valid path found"}
{"level":30,"time":1774382618071,"pid":1603455,"hostname":"TempleOfZyminx","from":{"q":5,"r":6},"to":{"q":4,"r":17},"msg":"findPath: no valid path found"}
{"level":30,"time":1774382618071,"pid":1603455,"hostname":"TempleOfZyminx","from":{"q":5,"r":6},"to":{"q":4,"r":18},"msg":"findPath: no valid path found"}
{"level":30,"time":1774382618071,"pid":1603455,"hostname":"TempleOfZyminx","from":{"q":5,"r":6},"to":{"q":4,"r":19},"msg":"findPath: no valid path found"}
{"level":30,"time":1774382618071,"pid":1603455,"hostname":"TempleOfZyminx","from":{"q":5,"r":6},"to":{"q":4,"r":20},"msg":"findPath: no valid path found"}
{"level":30,"time":1774382618072,"pid":1603455,"hostname":"TempleOfZyminx","from":{"q":5,"r":6},"to":{"q":4,"r":21},"msg":"findPath: no valid path found"}
{"level":30,"time":1774382618072,"pid":1603455,"hostname":"TempleOfZyminx","from":{"q":5,"r":6},"to":{"q":5,"r":0},"msg":"findPath: no valid path found"}
{"level":30,"time":1774382618072,"pid":1603455,"hostname":"TempleOfZyminx","from":{"q":5,"r":6},"to":{"q":5,"r":1},"msg":"findPath: no valid path found"}
{"level":30,"time":1774382618072,"pid":1603455,"hostname":"TempleOfZyminx","from":{"q":5,"r":6},"to":{"q":5,"r":2},"msg":"findPath: no valid path found"}
{"level":30,"time":1774382618073,"pid":1603455,"hostname":"TempleOfZyminx","from":{"q":5,"r":6},"to":{"q":5,"r":11},"msg":"findPath: no valid path found"}
{"level":30,"time":1774382618073,"pid":1603455,"hostname":"TempleOfZyminx","from":{"q":5,"r":6},"to":{"q":5,"r":12},"msg":"findPath: no valid path found"}
{"level":30,"time":1774382618074,"pid":1603455,"hostname":"TempleOfZyminx","from":{"q":5,"r":6},"to":{"q":5,"r":13},"msg":"findPath: no valid path found"}
{"level":30,"time":1774382618074,"pid":1603455,"hostname":"TempleOfZyminx","from":{"q":5,"r":6},"to":{"q":5,"r":14},"msg":"findPath: no valid path found"}
{"level":30,"time":1774382618074,"pid":1603455,"hostname":"TempleOfZyminx","from":{"q":5,"r":6},"to":{"q":5,"r":15},"msg":"findPath: no valid path found"}
{"level":30,"time":1774382618074,"pid":1603455,"hostname":"TempleOfZyminx","from":{"q":5,"r":6},"to":{"q":5,"r":16},"msg":"findPath: no valid path found"}
{"level":30,"time":1774382618074,"pid":1603455,"hostname":"TempleOfZyminx","from":{"q":5,"r":6},"to":{"q":5,"r":17},"msg":"findPath: no valid path found"}
{"level":30,"time":1774382618074,"pid":1603455,"hostname":"TempleOfZyminx","from":{"q":5,"r":6},"to":{"q":5,"r":18},"msg":"findPath: no valid path found"}
{"level":30,"time":1774382618074,"pid":1603455,"hostname":"TempleOfZyminx","from":{"q":5,"r":6},"to":{"q":5,"r":19},"msg":"findPath: no valid path found"}
{"level":30,"time":1774382618074,"pid":1603455,"hostname":"TempleOfZyminx","from":{"q":5,"r":6},"to":{"q":5,"r":20},"msg":"findPath: no valid path found"}
{"level":30,"time":1774382618075,"pid":1603455,"hostname":"TempleOfZyminx","from":{"q":5,"r":6},"to":{"q":5,"r":21},"msg":"findPath: no valid path found"}
{"level":30,"time":1774382618075,"pid":1603455,"hostname":"TempleOfZyminx","from":{"q":5,"r":6},"to":{"q":6,"r":0},"msg":"findPath: no valid path found"}
{"level":30,"time":1774382618075,"pid":1603455,"hostname":"TempleOfZyminx","from":{"q":5,"r":6},"to":{"q":6,"r":1},"msg":"findPath: no valid path found"}
{"level":30,"time":1774382618075,"pid":1603455,"hostname":"TempleOfZyminx","from":{"q":5,"r":6},"to":{"q":6,"r":10},"msg":"findPath: no valid path found"}
{"level":30,"time":1774382618075,"pid":1603455,"hostname":"TempleOfZyminx","from":{"q":5,"r":6},"to":{"q":6,"r":11},"msg":"findPath: no valid path found"}
{"level":30,"time":1774382618076,"pid":1603455,"hostname":"TempleOfZyminx","from":{"q":5,"r":6},"to":{"q":6,"r":12},"msg":"findPath: no valid path found"}
{"level":30,"time":1774382618076,"pid":1603455,"hostname":"TempleOfZyminx","from":{"q":5,"r":6},"to":{"q":6,"r":13},"msg":"findPath: no valid path found"}
{"level":30,"time":1774382618076,"pid":1603455,"hostname":"TempleOfZyminx","from":{"q":5,"r":6},"to":{"q":6,"r":14},"msg":"findPath: no valid path found"}
{"level":30,"time":1774382618076,"pid":1603455,"hostname":"TempleOfZyminx","from":{"q":5,"r":6},"to":{"q":6,"r":15},"msg":"findPath: no valid path found"}
{"level":30,"time":1774382618076,"pid":1603455,"hostname":"TempleOfZyminx","from":{"q":5,"r":6},"to":{"q":6,"r":16},"msg":"findPath: no valid path found"}
{"level":30,"time":1774382618076,"pid":1603455,"hostname":"TempleOfZyminx","from":{"q":5,"r":6},"to":{"q":6,"r":17},"msg":"findPath: no valid path found"}
{"level":30,"time":1774382618076,"pid":1603455,"hostname":"TempleOfZyminx","from":{"q":5,"r":6},"to":{"q":6,"r":18},"msg":"findPath: no valid path found"}
{"level":30,"time":1774382618077,"pid":1603455,"hostname":"TempleOfZyminx","from":{"q":5,"r":6},"to":{"q":6,"r":19},"msg":"findPath: no valid path found"}
{"level":30,"time":1774382618077,"pid":1603455,"hostname":"TempleOfZyminx","from":{"q":5,"r":6},"to":{"q":6,"r":20},"msg":"findPath: no valid path found"}
{"level":30,"time":1774382618077,"pid":1603455,"hostname":"TempleOfZyminx","from":{"q":5,"r":6},"to":{"q":6,"r":21},"msg":"findPath: no valid path found"}
{"level":30,"time":1774382618077,"pid":1603455,"hostname":"TempleOfZyminx","from":{"q":5,"r":6},"to":{"q":7,"r":0},"msg":"findPath: no valid path found"}
{"level":30,"time":1774382618077,"pid":1603455,"hostname":"TempleOfZyminx","from":{"q":5,"r":6},"to":{"q":7,"r":1},"msg":"findPath: no valid path found"}
{"level":30,"time":1774382618077,"pid":1603455,"hostname":"TempleOfZyminx","from":{"q":5,"r":6},"to":{"q":7,"r":9},"msg":"findPath: no valid path found"}
{"level":30,"time":1774382618078,"pid":1603455,"hostname":"TempleOfZyminx","from":{"q":5,"r":6},"to":{"q":7,"r":10},"msg":"findPath: no valid path found"}
{"level":30,"time":1774382618078,"pid":1603455,"hostname":"TempleOfZyminx","from":{"q":5,"r":6},"to":{"q":7,"r":11},"msg":"findPath: no valid path found"}
{"level":30,"time":1774382618078,"pid":1603455,"hostname":"TempleOfZyminx","from":{"q":5,"r":6},"to":{"q":7,"r":12},"msg":"findPath: no valid path found"}
{"level":30,"time":1774382618078,"pid":1603455,"hostname":"TempleOfZyminx","from":{"q":5,"r":6},"to":{"q":7,"r":13},"msg":"findPath: no valid path found"}
{"level":30,"time":1774382618078,"pid":1603455,"hostname":"TempleOfZyminx","from":{"q":5,"r":6},"to":{"q":7,"r":14},"msg":"findPath: no valid path found"}
{"level":30,"time":1774382618078,"pid":1603455,"hostname":"TempleOfZyminx","from":{"q":5,"r":6},"to":{"q":7,"r":15},"msg":"findPath: no valid path found"}
{"level":30,"time":1774382618078,"pid":1603455,"hostname":"TempleOfZyminx","from":{"q":5,"r":6},"to":{"q":7,"r":16},"msg":"findPath: no valid path found"}
{"level":30,"time":1774382618079,"pid":1603455,"hostname":"TempleOfZyminx","from":{"q":5,"r":6},"to":{"q":7,"r":17},"msg":"findPath: no valid path found"}
{"level":30,"time":1774382618079,"pid":1603455,"hostname":"TempleOfZyminx","from":{"q":5,"r":6},"to":{"q":7,"r":18},"msg":"findPath: no valid path found"}
{"level":30,"time":1774382618079,"pid":1603455,"hostname":"TempleOfZyminx","from":{"q":5,"r":6},"to":{"q":7,"r":19},"msg":"findPath: no valid path found"}
{"level":30,"time":1774382618080,"pid":1603455,"hostname":"TempleOfZyminx","from":{"q":5,"r":6},"to":{"q":7,"r":20},"msg":"findPath: no valid path found"}
{"level":30,"time":1774382618080,"pid":1603455,"hostname":"TempleOfZyminx","from":{"q":5,"r":6},"to":{"q":7,"r":21},"msg":"findPath: no valid path found"}
{"level":30,"time":1774382618080,"pid":1603455,"hostname":"TempleOfZyminx","from":{"q":5,"r":6},"to":{"q":8,"r":0},"msg":"findPath: no valid path found"}
{"level":30,"time":1774382618080,"pid":1603455,"hostname":"TempleOfZyminx","from":{"q":5,"r":6},"to":{"q":8,"r":1},"msg":"findPath: no valid path found"}
{"level":30,"time":1774382618081,"pid":1603455,"hostname":"TempleOfZyminx","from":{"q":5,"r":6},"to":{"q":8,"r":8},"msg":"findPath: no valid path found"}
{"level":30,"time":1774382618081,"pid":1603455,"hostname":"TempleOfZyminx","from":{"q":5,"r":6},"to":{"q":8,"r":9},"msg":"findPath: no valid path found"}
{"level":30,"time":1774382618081,"pid":1603455,"hostname":"TempleOfZyminx","from":{"q":5,"r":6},"to":{"q":8,"r":10},"msg":"findPath: no valid path found"}
{"level":30,"time":1774382618081,"pid":1603455,"hostname":"TempleOfZyminx","from":{"q":5,"r":6},"to":{"q":8,"r":11},"msg":"findPath: no valid path found"}
{"level":30,"time":1774382618081,"pid":1603455,"hostname":"TempleOfZyminx","from":{"q":5,"r":6},"to":{"q":8,"r":12},"msg":"findPath: no valid path found"}
{"level":30,"time":1774382618081,"pid":1603455,"hostname":"TempleOfZyminx","from":{"q":5,"r":6},"to":{"q":8,"r":13},"msg":"findPath: no valid path found"}
{"level":30,"time":1774382618081,"pid":1603455,"hostname":"TempleOfZyminx","from":{"q":5,"r":6},"to":{"q":8,"r":14},"msg":"findPath: no valid path found"}
{"level":30,"time":1774382618082,"pid":1603455,"hostname":"TempleOfZyminx","from":{"q":5,"r":6},"to":{"q":8,"r":15},"msg":"findPath: no valid path found"}
{"level":30,"time":1774382618082,"pid":1603455,"hostname":"TempleOfZyminx","from":{"q":5,"r":6},"to":{"q":8,"r":16},"msg":"findPath: no valid path found"}
{"level":30,"time":1774382618082,"pid":1603455,"hostname":"TempleOfZyminx","from":{"q":5,"r":6},"to":{"q":8,"r":17},"msg":"findPath: no valid path found"}
{"level":30,"time":1774382618082,"pid":1603455,"hostname":"TempleOfZyminx","from":{"q":5,"r":6},"to":{"q":8,"r":18},"msg":"findPath: no valid path found"}
{"level":30,"time":1774382618082,"pid":1603455,"hostname":"TempleOfZyminx","from":{"q":5,"r":6},"to":{"q":8,"r":19},"msg":"findPath: no valid path found"}
{"level":30,"time":1774382618082,"pid":1603455,"hostname":"TempleOfZyminx","from":{"q":5,"r":6},"to":{"q":8,"r":20},"msg":"findPath: no valid path found"}
{"level":30,"time":1774382618082,"pid":1603455,"hostname":"TempleOfZyminx","from":{"q":5,"r":6},"to":{"q":8,"r":21},"msg":"findPath: no valid path found"}
{"level":30,"time":1774382618082,"pid":1603455,"hostname":"TempleOfZyminx","from":{"q":5,"r":6},"to":{"q":9,"r":0},"msg":"findPath: no valid path found"}
{"level":30,"time":1774382618083,"pid":1603455,"hostname":"TempleOfZyminx","from":{"q":5,"r":6},"to":{"q":9,"r":1},"msg":"findPath: no valid path found"}
{"level":30,"time":1774382618083,"pid":1603455,"hostname":"TempleOfZyminx","from":{"q":5,"r":6},"to":{"q":9,"r":7},"msg":"findPath: no valid path found"}
{"level":30,"time":1774382618083,"pid":1603455,"hostname":"TempleOfZyminx","from":{"q":5,"r":6},"to":{"q":9,"r":8},"msg":"findPath: no valid path found"}
{"level":30,"time":1774382618083,"pid":1603455,"hostname":"TempleOfZyminx","from":{"q":5,"r":6},"to":{"q":9,"r":9},"msg":"findPath: no valid path found"}
{"level":30,"time":1774382618084,"pid":1603455,"hostname":"TempleOfZyminx","from":{"q":5,"r":6},"to":{"q":9,"r":10},"msg":"findPath: no valid path found"}
{"level":30,"time":1774382618084,"pid":1603455,"hostname":"TempleOfZyminx","from":{"q":5,"r":6},"to":{"q":9,"r":11},"msg":"findPath: no valid path found"}
{"level":30,"time":1774382618084,"pid":1603455,"hostname":"TempleOfZyminx","from":{"q":5,"r":6},"to":{"q":9,"r":12},"msg":"findPath: no valid path found"}
{"level":30,"time":1774382618084,"pid":1603455,"hostname":"TempleOfZyminx","from":{"q":5,"r":6},"to":{"q":9,"r":13},"msg":"findPath: no valid path found"}
{"level":30,"time":1774382618084,"pid":1603455,"hostname":"TempleOfZyminx","from":{"q":5,"r":6},"to":{"q":9,"r":14},"msg":"findPath: no valid path found"}
{"level":30,"time":1774382618084,"pid":1603455,"hostname":"TempleOfZyminx","from":{"q":5,"r":6},"to":{"q":9,"r":15},"msg":"findPath: no valid path found"}
{"level":30,"time":1774382618084,"pid":1603455,"hostname":"TempleOfZyminx","from":{"q":5,"r":6},"to":{"q":9,"r":16},"msg":"findPath: no valid path found"}
{"level":30,"time":1774382618084,"pid":1603455,"hostname":"TempleOfZyminx","from":{"q":5,"r":6},"to":{"q":9,"r":17},"msg":"findPath: no valid path found"}
{"level":30,"time":1774382618085,"pid":1603455,"hostname":"TempleOfZyminx","from":{"q":5,"r":6},"to":{"q":9,"r":18},"msg":"findPath: no valid path found"}
{"level":30,"time":1774382618085,"pid":1603455,"hostname":"TempleOfZyminx","from":{"q":5,"r":6},"to":{"q":9,"r":19},"msg":"findPath: no valid path found"}
{"level":30,"time":1774382618085,"pid":1603455,"hostname":"TempleOfZyminx","from":{"q":5,"r":6},"to":{"q":9,"r":20},"msg":"findPath: no valid path found"}
{"level":30,"time":1774382618085,"pid":1603455,"hostname":"TempleOfZyminx","from":{"q":5,"r":6},"to":{"q":9,"r":21},"msg":"findPath: no valid path found"}
{"level":30,"time":1774382618085,"pid":1603455,"hostname":"TempleOfZyminx","from":{"q":5,"r":6},"to":{"q":10,"r":0},"msg":"findPath: no valid path found"}
{"level":30,"time":1774382618085,"pid":1603455,"hostname":"TempleOfZyminx","from":{"q":5,"r":6},"to":{"q":10,"r":1},"msg":"findPath: no valid path found"}
{"level":30,"time":1774382618085,"pid":1603455,"hostname":"TempleOfZyminx","from":{"q":5,"r":6},"to":{"q":10,"r":2},"msg":"findPath: no valid path found"}
{"level":30,"time":1774382618085,"pid":1603455,"hostname":"TempleOfZyminx","from":{"q":5,"r":6},"to":{"q":10,"r":3},"msg":"findPath: no valid path found"}
{"level":30,"time":1774382618086,"pid":1603455,"hostname":"TempleOfZyminx","from":{"q":5,"r":6},"to":{"q":10,"r":4},"msg":"findPath: no valid path found"}
{"level":30,"time":1774382618086,"pid":1603455,"hostname":"TempleOfZyminx","from":{"q":5,"r":6},"to":{"q":10,"r":5},"msg":"findPath: no valid path found"}
{"level":30,"time":1774382618087,"pid":1603455,"hostname":"TempleOfZyminx","from":{"q":5,"r":6},"to":{"q":10,"r":6},"msg":"findPath: no valid path found"}
{"level":30,"time":1774382618087,"pid":1603455,"hostname":"TempleOfZyminx","from":{"q":5,"r":6},"to":{"q":10,"r":7},"msg":"findPath: no valid path found"}
{"level":30,"time":1774382618087,"pid":1603455,"hostname":"TempleOfZyminx","from":{"q":5,"r":6},"to":{"q":10,"r":8},"msg":"findPath: no valid path found"}
{"level":30,"time":1774382618087,"pid":1603455,"hostname":"TempleOfZyminx","from":{"q":5,"r":6},"to":{"q":10,"r":9},"msg":"findPath: no valid path found"}
{"level":30,"time":1774382618087,"pid":1603455,"hostname":"TempleOfZyminx","from":{"q":5,"r":6},"to":{"q":10,"r":10},"msg":"findPath: no valid path found"}
{"level":30,"time":1774382618087,"pid":1603455,"hostname":"TempleOfZyminx","from":{"q":5,"r":6},"to":{"q":10,"r":11},"msg":"findPath: no valid path found"}
{"level":30,"time":1774382618087,"pid":1603455,"hostname":"TempleOfZyminx","from":{"q":5,"r":6},"to":{"q":10,"r":12},"msg":"findPath: no valid path found"}
{"level":30,"time":1774382618087,"pid":1603455,"hostname":"TempleOfZyminx","from":{"q":5,"r":6},"to":{"q":10,"r":13},"msg":"findPath: no valid path found"}
{"level":30,"time":1774382618088,"pid":1603455,"hostname":"TempleOfZyminx","from":{"q":5,"r":6},"to":{"q":10,"r":14},"msg":"findPath: no valid path found"}
{"level":30,"time":1774382618088,"pid":1603455,"hostname":"TempleOfZyminx","from":{"q":5,"r":6},"to":{"q":10,"r":15},"msg":"findPath: no valid path found"}
{"level":30,"time":1774382618088,"pid":1603455,"hostname":"TempleOfZyminx","from":{"q":5,"r":6},"to":{"q":10,"r":16},"msg":"findPath: no valid path found"}
{"level":30,"time":1774382618089,"pid":1603455,"hostname":"TempleOfZyminx","from":{"q":5,"r":6},"to":{"q":10,"r":17},"msg":"findPath: no valid path found"}
{"level":30,"time":1774382618089,"pid":1603455,"hostname":"TempleOfZyminx","from":{"q":5,"r":6},"to":{"q":10,"r":18},"msg":"findPath: no valid path found"}
{"level":30,"time":1774382618089,"pid":1603455,"hostname":"TempleOfZyminx","from":{"q":5,"r":6},"to":{"q":10,"r":19},"msg":"findPath: no valid path found"}
{"level":30,"time":1774382618089,"pid":1603455,"hostname":"TempleOfZyminx","from":{"q":5,"r":6},"to":{"q":10,"r":20},"msg":"findPath: no valid path found"}
{"level":30,"time":1774382618089,"pid":1603455,"hostname":"TempleOfZyminx","from":{"q":5,"r":6},"to":{"q":10,"r":21},"msg":"findPath: no valid path found"}
{"level":30,"time":1774382618089,"pid":1603455,"hostname":"TempleOfZyminx","from":{"q":5,"r":6},"to":{"q":11,"r":0},"msg":"findPath: no valid path found"}
{"level":30,"time":1774382618089,"pid":1603455,"hostname":"TempleOfZyminx","from":{"q":5,"r":6},"to":{"q":11,"r":1},"msg":"findPath: no valid path found"}
{"level":30,"time":1774382618090,"pid":1603455,"hostname":"TempleOfZyminx","from":{"q":5,"r":6},"to":{"q":11,"r":2},"msg":"findPath: no valid path found"}
{"level":30,"time":1774382618090,"pid":1603455,"hostname":"TempleOfZyminx","from":{"q":5,"r":6},"to":{"q":11,"r":3},"msg":"findPath: no valid path found"}
{"level":30,"time":1774382618090,"pid":1603455,"hostname":"TempleOfZyminx","from":{"q":5,"r":6},"to":{"q":11,"r":4},"msg":"findPath: no valid path found"}
{"level":30,"time":1774382618090,"pid":1603455,"hostname":"TempleOfZyminx","from":{"q":5,"r":6},"to":{"q":11,"r":5},"msg":"findPath: no valid path found"}
{"level":30,"time":1774382618090,"pid":1603455,"hostname":"TempleOfZyminx","from":{"q":5,"r":6},"to":{"q":11,"r":6},"msg":"findPath: no valid path found"}
{"level":30,"time":1774382618090,"pid":1603455,"hostname":"TempleOfZyminx","from":{"q":5,"r":6},"to":{"q":11,"r":7},"msg":"findPath: no valid path found"}
{"level":30,"time":1774382618090,"pid":1603455,"hostname":"TempleOfZyminx","from":{"q":5,"r":6},"to":{"q":11,"r":8},"msg":"findPath: no valid path found"}
{"level":30,"time":1774382618090,"pid":1603455,"hostname":"TempleOfZyminx","from":{"q":5,"r":6},"to":{"q":11,"r":9},"msg":"findPath: no valid path found"}
{"level":30,"time":1774382618091,"pid":1603455,"hostname":"TempleOfZyminx","from":{"q":5,"r":6},"to":{"q":11,"r":10},"msg":"findPath: no valid path found"}
{"level":30,"time":1774382618091,"pid":1603455,"hostname":"TempleOfZyminx","from":{"q":5,"r":6},"to":{"q":11,"r":11},"msg":"findPath: no valid path found"}
{"level":30,"time":1774382618091,"pid":1603455,"hostname":"TempleOfZyminx","from":{"q":5,"r":6},"to":{"q":11,"r":12},"msg":"findPath: no valid path found"}
{"level":30,"time":1774382618091,"pid":1603455,"hostname":"TempleOfZyminx","from":{"q":5,"r":6},"to":{"q":11,"r":13},"msg":"findPath: no valid path found"}
{"level":30,"time":1774382618091,"pid":1603455,"hostname":"TempleOfZyminx","from":{"q":5,"r":6},"to":{"q":11,"r":14},"msg":"findPath: no valid path found"}
{"level":30,"time":1774382618091,"pid":1603455,"hostname":"TempleOfZyminx","from":{"q":5,"r":6},"to":{"q":11,"r":15},"msg":"findPath: no valid path found"}
{"level":30,"time":1774382618091,"pid":1603455,"hostname":"TempleOfZyminx","from":{"q":5,"r":6},"to":{"q":11,"r":16},"msg":"findPath: no valid path found"}
{"level":30,"time":1774382618091,"pid":1603455,"hostname":"TempleOfZyminx","from":{"q":5,"r":6},"to":{"q":11,"r":17},"msg":"findPath: no valid path found"}
{"level":30,"time":1774382618092,"pid":1603455,"hostname":"TempleOfZyminx","from":{"q":5,"r":6},"to":{"q":11,"r":18},"msg":"findPath: no valid path found"}
{"level":30,"time":1774382618092,"pid":1603455,"hostname":"TempleOfZyminx","from":{"q":5,"r":6},"to":{"q":11,"r":19},"msg":"findPath: no valid path found"}
{"level":30,"time":1774382618092,"pid":1603455,"hostname":"TempleOfZyminx","from":{"q":5,"r":6},"to":{"q":11,"r":20},"msg":"findPath: no valid path found"}
{"level":30,"time":1774382618092,"pid":1603455,"hostname":"TempleOfZyminx","from":{"q":5,"r":6},"to":{"q":11,"r":21},"msg":"findPath: no valid path found"}
{"level":30,"time":1774382618092,"pid":1603455,"hostname":"TempleOfZyminx","from":{"q":5,"r":6},"to":{"q":12,"r":0},"msg":"findPath: no valid path found"}
{"level":30,"time":1774382618093,"pid":1603455,"hostname":"TempleOfZyminx","from":{"q":5,"r":6},"to":{"q":12,"r":1},"msg":"findPath: no valid path found"}
{"level":30,"time":1774382618093,"pid":1603455,"hostname":"TempleOfZyminx","from":{"q":5,"r":6},"to":{"q":12,"r":2},"msg":"findPath: no valid path found"}
{"level":30,"time":1774382618093,"pid":1603455,"hostname":"TempleOfZyminx","from":{"q":5,"r":6},"to":{"q":12,"r":3},"msg":"findPath: no valid path found"}
{"level":30,"time":1774382618093,"pid":1603455,"hostname":"TempleOfZyminx","from":{"q":5,"r":6},"to":{"q":12,"r":4},"msg":"findPath: no valid path found"}
{"level":30,"time":1774382618094,"pid":1603455,"hostname":"TempleOfZyminx","from":{"q":5,"r":6},"to":{"q":12,"r":5},"msg":"findPath: no valid path found"}
{"level":30,"time":1774382618094,"pid":1603455,"hostname":"TempleOfZyminx","from":{"q":5,"r":6},"to":{"q":12,"r":6},"msg":"findPath: no valid path found"}
{"level":30,"time":1774382618094,"pid":1603455,"hostname":"TempleOfZyminx","from":{"q":5,"r":6},"to":{"q":12,"r":7},"msg":"findPath: no valid path found"}
{"level":30,"time":1774382618094,"pid":1603455,"hostname":"TempleOfZyminx","from":{"q":5,"r":6},"to":{"q":12,"r":8},"msg":"findPath: no valid path found"}
{"level":30,"time":1774382618094,"pid":1603455,"hostname":"TempleOfZyminx","from":{"q":5,"r":6},"to":{"q":12,"r":9},"msg":"findPath: no valid path found"}
{"level":30,"time":1774382618094,"pid":1603455,"hostname":"TempleOfZyminx","from":{"q":5,"r":6},"to":{"q":12,"r":10},"msg":"findPath: no valid path found"}
{"level":30,"time":1774382618094,"pid":1603455,"hostname":"TempleOfZyminx","from":{"q":5,"r":6},"to":{"q":12,"r":11},"msg":"findPath: no valid path found"}
{"level":30,"time":1774382618094,"pid":1603455,"hostname":"TempleOfZyminx","from":{"q":5,"r":6},"to":{"q":12,"r":12},"msg":"findPath: no valid path found"}
{"level":30,"time":1774382618095,"pid":1603455,"hostname":"TempleOfZyminx","from":{"q":5,"r":6},"to":{"q":12,"r":13},"msg":"findPath: no valid path found"}
{"level":30,"time":1774382618095,"pid":1603455,"hostname":"TempleOfZyminx","from":{"q":5,"r":6},"to":{"q":12,"r":14},"msg":"findPath: no valid path found"}
{"level":30,"time":1774382618095,"pid":1603455,"hostname":"TempleOfZyminx","from":{"q":5,"r":6},"to":{"q":12,"r":15},"msg":"findPath: no valid path found"}
{"level":30,"time":1774382618095,"pid":1603455,"hostname":"TempleOfZyminx","from":{"q":5,"r":6},"to":{"q":12,"r":16},"msg":"findPath: no valid path found"}
{"level":30,"time":1774382618095,"pid":1603455,"hostname":"TempleOfZyminx","from":{"q":5,"r":6},"to":{"q":12,"r":17},"msg":"findPath: no valid path found"}
{"level":30,"time":1774382618095,"pid":1603455,"hostname":"TempleOfZyminx","from":{"q":5,"r":6},"to":{"q":12,"r":18},"msg":"findPath: no valid path found"}
{"level":30,"time":1774382618095,"pid":1603455,"hostname":"TempleOfZyminx","from":{"q":5,"r":6},"to":{"q":12,"r":19},"msg":"findPath: no valid path found"}
{"level":30,"time":1774382618095,"pid":1603455,"hostname":"TempleOfZyminx","from":{"q":5,"r":6},"to":{"q":12,"r":20},"msg":"findPath: no valid path found"}
{"level":30,"time":1774382618096,"pid":1603455,"hostname":"TempleOfZyminx","from":{"q":5,"r":6},"to":{"q":12,"r":21},"msg":"findPath: no valid path found"}
{"level":30,"time":1774382618096,"pid":1603455,"hostname":"TempleOfZyminx","from":{"q":5,"r":6},"to":{"q":13,"r":0},"msg":"findPath: no valid path found"}
{"level":30,"time":1774382618096,"pid":1603455,"hostname":"TempleOfZyminx","from":{"q":5,"r":6},"to":{"q":13,"r":1},"msg":"findPath: no valid path found"}
{"level":30,"time":1774382618096,"pid":1603455,"hostname":"TempleOfZyminx","from":{"q":5,"r":6},"to":{"q":13,"r":2},"msg":"findPath: no valid path found"}
{"level":30,"time":1774382618096,"pid":1603455,"hostname":"TempleOfZyminx","from":{"q":5,"r":6},"to":{"q":13,"r":3},"msg":"findPath: no valid path found"}
{"level":30,"time":1774382618096,"pid":1603455,"hostname":"TempleOfZyminx","from":{"q":5,"r":6},"to":{"q":13,"r":4},"msg":"findPath: no valid path found"}
{"level":30,"time":1774382618096,"pid":1603455,"hostname":"TempleOfZyminx","from":{"q":5,"r":6},"to":{"q":13,"r":5},"msg":"findPath: no valid path found"}
{"level":30,"time":1774382618096,"pid":1603455,"hostname":"TempleOfZyminx","from":{"q":5,"r":6},"to":{"q":13,"r":6},"msg":"findPath: no valid path found"}
{"level":30,"time":1774382618097,"pid":1603455,"hostname":"TempleOfZyminx","from":{"q":5,"r":6},"to":{"q":13,"r":7},"msg":"findPath: no valid path found"}
{"level":30,"time":1774382618097,"pid":1603455,"hostname":"TempleOfZyminx","from":{"q":5,"r":6},"to":{"q":13,"r":8},"msg":"findPath: no valid path found"}
{"level":30,"time":1774382618097,"pid":1603455,"hostname":"TempleOfZyminx","from":{"q":5,"r":6},"to":{"q":13,"r":9},"msg":"findPath: no valid path found"}
{"level":30,"time":1774382618097,"pid":1603455,"hostname":"TempleOfZyminx","from":{"q":5,"r":6},"to":{"q":13,"r":10},"msg":"findPath: no valid path found"}
{"level":30,"time":1774382618097,"pid":1603455,"hostname":"TempleOfZyminx","from":{"q":5,"r":6},"to":{"q":13,"r":11},"msg":"findPath: no valid path found"}
{"level":30,"time":1774382618097,"pid":1603455,"hostname":"TempleOfZyminx","from":{"q":5,"r":6},"to":{"q":13,"r":12},"msg":"findPath: no valid path found"}
{"level":30,"time":1774382618097,"pid":1603455,"hostname":"TempleOfZyminx","from":{"q":5,"r":6},"to":{"q":13,"r":13},"msg":"findPath: no valid path found"}
{"level":30,"time":1774382618098,"pid":1603455,"hostname":"TempleOfZyminx","from":{"q":5,"r":6},"to":{"q":13,"r":14},"msg":"findPath: no valid path found"}
{"level":30,"time":1774382618098,"pid":1603455,"hostname":"TempleOfZyminx","from":{"q":5,"r":6},"to":{"q":13,"r":15},"msg":"findPath: no valid path found"}
{"level":30,"time":1774382618098,"pid":1603455,"hostname":"TempleOfZyminx","from":{"q":5,"r":6},"to":{"q":13,"r":16},"msg":"findPath: no valid path found"}
{"level":30,"time":1774382618098,"pid":1603455,"hostname":"TempleOfZyminx","from":{"q":5,"r":6},"to":{"q":13,"r":17},"msg":"findPath: no valid path found"}
{"level":30,"time":1774382618098,"pid":1603455,"hostname":"TempleOfZyminx","from":{"q":5,"r":6},"to":{"q":13,"r":18},"msg":"findPath: no valid path found"}
{"level":30,"time":1774382618098,"pid":1603455,"hostname":"TempleOfZyminx","from":{"q":5,"r":6},"to":{"q":13,"r":19},"msg":"findPath: no valid path found"}
{"level":30,"time":1774382618098,"pid":1603455,"hostname":"TempleOfZyminx","from":{"q":5,"r":6},"to":{"q":13,"r":20},"msg":"findPath: no valid path found"}
{"level":30,"time":1774382618098,"pid":1603455,"hostname":"TempleOfZyminx","from":{"q":5,"r":6},"to":{"q":13,"r":21},"msg":"findPath: no valid path found"}
{"level":30,"time":1774382618099,"pid":1603455,"hostname":"TempleOfZyminx","from":{"q":5,"r":6},"to":{"q":14,"r":0},"msg":"findPath: no valid path found"}
{"level":30,"time":1774382618099,"pid":1603455,"hostname":"TempleOfZyminx","from":{"q":5,"r":6},"to":{"q":14,"r":1},"msg":"findPath: no valid path found"}
{"level":30,"time":1774382618099,"pid":1603455,"hostname":"TempleOfZyminx","from":{"q":5,"r":6},"to":{"q":14,"r":2},"msg":"findPath: no valid path found"}
{"level":30,"time":1774382618100,"pid":1603455,"hostname":"TempleOfZyminx","from":{"q":5,"r":6},"to":{"q":14,"r":3},"msg":"findPath: no valid path found"}
{"level":30,"time":1774382618100,"pid":1603455,"hostname":"TempleOfZyminx","from":{"q":5,"r":6},"to":{"q":14,"r":4},"msg":"findPath: no valid path found"}
{"level":30,"time":1774382618100,"pid":1603455,"hostname":"TempleOfZyminx","from":{"q":5,"r":6},"to":{"q":14,"r":5},"msg":"findPath: no valid path found"}
{"level":30,"time":1774382618100,"pid":1603455,"hostname":"TempleOfZyminx","from":{"q":5,"r":6},"to":{"q":14,"r":6},"msg":"findPath: no valid path found"}
{"level":30,"time":1774382618100,"pid":1603455,"hostname":"TempleOfZyminx","from":{"q":5,"r":6},"to":{"q":14,"r":7},"msg":"findPath: no valid path found"}
{"level":30,"time":1774382618100,"pid":1603455,"hostname":"TempleOfZyminx","from":{"q":5,"r":6},"to":{"q":14,"r":8},"msg":"findPath: no valid path found"}
{"level":30,"time":1774382618100,"pid":1603455,"hostname":"TempleOfZyminx","from":{"q":5,"r":6},"to":{"q":14,"r":9},"msg":"findPath: no valid path found"}
{"level":30,"time":1774382618101,"pid":1603455,"hostname":"TempleOfZyminx","from":{"q":5,"r":6},"to":{"q":14,"r":10},"msg":"findPath: no valid path found"}
{"level":30,"time":1774382618101,"pid":1603455,"hostname":"TempleOfZyminx","from":{"q":5,"r":6},"to":{"q":14,"r":11},"msg":"findPath: no valid path found"}
{"level":30,"time":1774382618101,"pid":1603455,"hostname":"TempleOfZyminx","from":{"q":5,"r":6},"to":{"q":14,"r":12},"msg":"findPath: no valid path found"}
{"level":30,"time":1774382618101,"pid":1603455,"hostname":"TempleOfZyminx","from":{"q":5,"r":6},"to":{"q":14,"r":13},"msg":"findPath: no valid path found"}
{"level":30,"time":1774382618101,"pid":1603455,"hostname":"TempleOfZyminx","from":{"q":5,"r":6},"to":{"q":14,"r":14},"msg":"findPath: no valid path found"}
{"level":30,"time":1774382618101,"pid":1603455,"hostname":"TempleOfZyminx","from":{"q":5,"r":6},"to":{"q":14,"r":15},"msg":"findPath: no valid path found"}
{"level":30,"time":1774382618101,"pid":1603455,"hostname":"TempleOfZyminx","from":{"q":5,"r":6},"to":{"q":14,"r":16},"msg":"findPath: no valid path found"}
{"level":30,"time":1774382618101,"pid":1603455,"hostname":"TempleOfZyminx","from":{"q":5,"r":6},"to":{"q":14,"r":17},"msg":"findPath: no valid path found"}
{"level":30,"time":1774382618102,"pid":1603455,"hostname":"TempleOfZyminx","from":{"q":5,"r":6},"to":{"q":14,"r":18},"msg":"findPath: no valid path found"}
{"level":30,"time":1774382618102,"pid":1603455,"hostname":"TempleOfZyminx","from":{"q":5,"r":6},"to":{"q":14,"r":19},"msg":"findPath: no valid path found"}
{"level":30,"time":1774382618102,"pid":1603455,"hostname":"TempleOfZyminx","from":{"q":5,"r":6},"to":{"q":14,"r":20},"msg":"findPath: no valid path found"}
{"level":30,"time":1774382618102,"pid":1603455,"hostname":"TempleOfZyminx","from":{"q":5,"r":6},"to":{"q":14,"r":21},"msg":"findPath: no valid path found"}
{"level":30,"time":1774382618102,"pid":1603455,"hostname":"TempleOfZyminx","id":"d6becb2b-f2d0-42dc-b1e7-4d2bc4deb5cf","command":"MOVE","msg":"Submitting game action"}
{"level":30,"time":1774382618103,"pid":1603455,"hostname":"TempleOfZyminx","gameId":"d6becb2b-f2d0-42dc-b1e7-4d2bc4deb5cf","unitId":"wolf-1","msg":"Processing MOVE command"}
{"level":30,"time":1774382618104,"pid":1603455,"hostname":"TempleOfZyminx","id":"d6becb2b-f2d0-42dc-b1e7-4d2bc4deb5cf","msg":"Fetching game state"}
{"level":30,"time":1774382618105,"pid":1603455,"hostname":"TempleOfZyminx","id":"d6becb2b-f2d0-42dc-b1e7-4d2bc4deb5cf","msg":"Fetching game state"}
{"level":30,"time":1774382618107,"pid":1603455,"hostname":"TempleOfZyminx","id":"d6becb2b-f2d0-42dc-b1e7-4d2bc4deb5cf","command":"END_PHASE","msg":"Submitting game action"}
{"level":30,"time":1774382618107,"pid":1603455,"hostname":"TempleOfZyminx","gameId":"d6becb2b-f2d0-42dc-b1e7-4d2bc4deb5cf","phase":"DEFENDER_MOVE","msg":"Advancing phase"}
{"level":30,"time":1774382618107,"pid":1603455,"hostname":"TempleOfZyminx","phase":"DEFENDER_MOVE","turnNumber":1,"msg":"Advancing phase in engine"}
{"level":30,"time":1774382618107,"pid":1603455,"hostname":"TempleOfZyminx","id":"d6becb2b-f2d0-42dc-b1e7-4d2bc4deb5cf","msg":"Fetching game state"}
{"level":30,"time":1774382618108,"pid":1603455,"hostname":"TempleOfZyminx","id":"d6becb2b-f2d0-42dc-b1e7-4d2bc4deb5cf","msg":"Fetching game state"}
{"level":30,"time":1774382618109,"pid":1603455,"hostname":"TempleOfZyminx","id":"d6becb2b-f2d0-42dc-b1e7-4d2bc4deb5cf","command":"FIRE","msg":"Submitting game action"}
{"level":30,"time":1774382618109,"pid":1603455,"hostname":"TempleOfZyminx","gameId":"d6becb2b-f2d0-42dc-b1e7-4d2bc4deb5cf","type":"FIRE","msg":"Processing combat command"}
{"level":30,"time":1774382618110,"pid":1603455,"hostname":"TempleOfZyminx","commandType":"FIRE","msg":"Validating combat action"}
{"level":30,"time":1774382618110,"pid":1603455,"hostname":"TempleOfZyminx","plan":{"actionType":"FIRE","actor":"defender","attackerIds":["pigs-1"],"target":{"kind":"treads","id":"onion-1"},"attackStrength":1,"defense":0},"msg":"Executing combat action"}
{"level":30,"time":1774382618111,"pid":1603455,"hostname":"TempleOfZyminx","id":"d6becb2b-f2d0-42dc-b1e7-4d2bc4deb5cf","command":"FIRE","msg":"Submitting game action"}
{"level":30,"time":1774382618111,"pid":1603455,"hostname":"TempleOfZyminx","gameId":"d6becb2b-f2d0-42dc-b1e7-4d2bc4deb5cf","type":"FIRE","msg":"Processing combat command"}
{"level":30,"time":1774382618111,"pid":1603455,"hostname":"TempleOfZyminx","commandType":"FIRE","msg":"Validating combat action"}
{"level":30,"time":1774382618112,"pid":1603455,"hostname":"TempleOfZyminx","plan":{"actionType":"FIRE","actor":"defender","attackerIds":["witch-1","wolf-1"],"target":{"kind":"weapon","id":"main"},"attackStrength":5,"defense":4},"msg":"Executing combat action"}
{"level":30,"time":1774382618177,"pid":1603593,"hostname":"TempleOfZyminx","scenarioId":"swamp-siege-01","role":"onion","msg":"Creating new game match"}
{"level":30,"time":1774382618180,"pid":1603593,"hostname":"TempleOfZyminx","gameId":"fa454f87-c7f3-4995-8486-bf48fc7da57c","role":"onion","msg":"Game match created"}
{"level":30,"time":1774382618181,"pid":1603593,"hostname":"TempleOfZyminx","id":"fa454f87-c7f3-4995-8486-bf48fc7da57c","msg":"User joining game"}
{"level":30,"time":1774382618181,"pid":1603593,"hostname":"TempleOfZyminx","gameId":"fa454f87-c7f3-4995-8486-bf48fc7da57c","role":"defender","msg":"User joined game"}
{"level":30,"time":1774382618183,"pid":1603593,"hostname":"TempleOfZyminx","id":"fa454f87-c7f3-4995-8486-bf48fc7da57c","msg":"Fetching game state"}
{"level":30,"time":1774382618185,"pid":1603593,"hostname":"TempleOfZyminx","id":"fa454f87-c7f3-4995-8486-bf48fc7da57c","msg":"Fetching game state"}
{"level":30,"time":1774382618187,"pid":1603593,"hostname":"TempleOfZyminx","from":{"q":0,"r":10},"to":{"q":0,"r":0},"msg":"findPath: no valid path found"}
{"level":30,"time":1774382618188,"pid":1603593,"hostname":"TempleOfZyminx","from":{"q":0,"r":10},"to":{"q":0,"r":1},"msg":"findPath: no valid path found"}
{"level":30,"time":1774382618188,"pid":1603593,"hostname":"TempleOfZyminx","from":{"q":0,"r":10},"to":{"q":0,"r":2},"msg":"findPath: no valid path found"}
{"level":30,"time":1774382618188,"pid":1603593,"hostname":"TempleOfZyminx","from":{"q":0,"r":10},"to":{"q":0,"r":3},"msg":"findPath: no valid path found"}
{"level":30,"time":1774382618188,"pid":1603593,"hostname":"TempleOfZyminx","from":{"q":0,"r":10},"to":{"q":0,"r":4},"msg":"findPath: no valid path found"}
{"level":30,"time":1774382618188,"pid":1603593,"hostname":"TempleOfZyminx","from":{"q":0,"r":10},"to":{"q":0,"r":5},"msg":"findPath: no valid path found"}
{"level":30,"time":1774382618188,"pid":1603593,"hostname":"TempleOfZyminx","from":{"q":0,"r":10},"to":{"q":0,"r":6},"msg":"findPath: no valid path found"}
{"level":30,"time":1774382618189,"pid":1603593,"hostname":"TempleOfZyminx","from":{"q":0,"r":10},"to":{"q":0,"r":14},"msg":"findPath: no valid path found"}
{"level":30,"time":1774382618189,"pid":1603593,"hostname":"TempleOfZyminx","from":{"q":0,"r":10},"to":{"q":0,"r":15},"msg":"findPath: no valid path found"}
{"level":30,"time":1774382618189,"pid":1603593,"hostname":"TempleOfZyminx","from":{"q":0,"r":10},"to":{"q":0,"r":16},"msg":"findPath: no valid path found"}
{"level":30,"time":1774382618189,"pid":1603593,"hostname":"TempleOfZyminx","from":{"q":0,"r":10},"to":{"q":0,"r":17},"msg":"findPath: no valid path found"}
{"level":30,"time":1774382618190,"pid":1603593,"hostname":"TempleOfZyminx","from":{"q":0,"r":10},"to":{"q":0,"r":18},"msg":"findPath: no valid path found"}
{"level":30,"time":1774382618190,"pid":1603593,"hostname":"TempleOfZyminx","from":{"q":0,"r":10},"to":{"q":0,"r":19},"msg":"findPath: no valid path found"}
{"level":30,"time":1774382618190,"pid":1603593,"hostname":"TempleOfZyminx","from":{"q":0,"r":10},"to":{"q":0,"r":20},"msg":"findPath: no valid path found"}
{"level":30,"time":1774382618190,"pid":1603593,"hostname":"TempleOfZyminx","from":{"q":0,"r":10},"to":{"q":0,"r":21},"msg":"findPath: no valid path found"}
{"level":30,"time":1774382618190,"pid":1603593,"hostname":"TempleOfZyminx","from":{"q":0,"r":10},"to":{"q":1,"r":0},"msg":"findPath: no valid path found"}
{"level":30,"time":1774382618191,"pid":1603593,"hostname":"TempleOfZyminx","from":{"q":0,"r":10},"to":{"q":1,"r":1},"msg":"findPath: no valid path found"}
{"level":30,"time":1774382618191,"pid":1603593,"hostname":"TempleOfZyminx","from":{"q":0,"r":10},"to":{"q":1,"r":2},"msg":"findPath: no valid path found"}
{"level":30,"time":1774382618191,"pid":1603593,"hostname":"TempleOfZyminx","from":{"q":0,"r":10},"to":{"q":1,"r":3},"msg":"findPath: no valid path found"}
{"level":30,"time":1774382618191,"pid":1603593,"hostname":"TempleOfZyminx","from":{"q":0,"r":10},"to":{"q":1,"r":4},"msg":"findPath: no valid path found"}
{"level":30,"time":1774382618191,"pid":1603593,"hostname":"TempleOfZyminx","from":{"q":0,"r":10},"to":{"q":1,"r":5},"msg":"findPath: no valid path found"}
{"level":30,"time":1774382618191,"pid":1603593,"hostname":"TempleOfZyminx","from":{"q":0,"r":10},"to":{"q":1,"r":6},"msg":"findPath: no valid path found"}
{"level":30,"time":1774382618192,"pid":1603593,"hostname":"TempleOfZyminx","from":{"q":0,"r":10},"to":{"q":1,"r":13},"msg":"findPath: no valid path found"}
{"level":30,"time":1774382618192,"pid":1603593,"hostname":"TempleOfZyminx","from":{"q":0,"r":10},"to":{"q":1,"r":14},"msg":"findPath: no valid path found"}
{"level":30,"time":1774382618193,"pid":1603593,"hostname":"TempleOfZyminx","from":{"q":0,"r":10},"to":{"q":1,"r":15},"msg":"findPath: no valid path found"}
{"level":30,"time":1774382618193,"pid":1603593,"hostname":"TempleOfZyminx","from":{"q":0,"r":10},"to":{"q":1,"r":16},"msg":"findPath: no valid path found"}
{"level":30,"time":1774382618193,"pid":1603593,"hostname":"TempleOfZyminx","from":{"q":0,"r":10},"to":{"q":1,"r":17},"msg":"findPath: no valid path found"}
{"level":30,"time":1774382618193,"pid":1603593,"hostname":"TempleOfZyminx","from":{"q":0,"r":10},"to":{"q":1,"r":18},"msg":"findPath: no valid path found"}
{"level":30,"time":1774382618193,"pid":1603593,"hostname":"TempleOfZyminx","from":{"q":0,"r":10},"to":{"q":1,"r":19},"msg":"findPath: no valid path found"}
{"level":30,"time":1774382618193,"pid":1603593,"hostname":"TempleOfZyminx","from":{"q":0,"r":10},"to":{"q":1,"r":20},"msg":"findPath: no valid path found"}
{"level":30,"time":1774382618193,"pid":1603593,"hostname":"TempleOfZyminx","from":{"q":0,"r":10},"to":{"q":1,"r":21},"msg":"findPath: no valid path found"}
{"level":30,"time":1774382618193,"pid":1603593,"hostname":"TempleOfZyminx","from":{"q":0,"r":10},"to":{"q":2,"r":0},"msg":"findPath: no valid path found"}
{"level":30,"time":1774382618193,"pid":1603593,"hostname":"TempleOfZyminx","from":{"q":0,"r":10},"to":{"q":2,"r":1},"msg":"findPath: no valid path found"}
{"level":30,"time":1774382618193,"pid":1603593,"hostname":"TempleOfZyminx","from":{"q":0,"r":10},"to":{"q":2,"r":2},"msg":"findPath: no valid path found"}
{"level":30,"time":1774382618193,"pid":1603593,"hostname":"TempleOfZyminx","from":{"q":0,"r":10},"to":{"q":2,"r":3},"msg":"findPath: no valid path found"}
{"level":30,"time":1774382618193,"pid":1603593,"hostname":"TempleOfZyminx","from":{"q":0,"r":10},"to":{"q":2,"r":4},"msg":"findPath: no valid path found"}
{"level":30,"time":1774382618193,"pid":1603593,"hostname":"TempleOfZyminx","from":{"q":0,"r":10},"to":{"q":2,"r":5},"msg":"findPath: no valid path found"}
{"level":30,"time":1774382618193,"pid":1603593,"hostname":"TempleOfZyminx","from":{"q":0,"r":10},"to":{"q":2,"r":6},"msg":"findPath: no valid path found"}
{"level":30,"time":1774382618193,"pid":1603593,"hostname":"TempleOfZyminx","from":{"q":0,"r":10},"to":{"q":2,"r":12},"msg":"findPath: no valid path found"}
{"level":30,"time":1774382618193,"pid":1603593,"hostname":"TempleOfZyminx","from":{"q":0,"r":10},"to":{"q":2,"r":13},"msg":"findPath: no valid path found"}
{"level":30,"time":1774382618193,"pid":1603593,"hostname":"TempleOfZyminx","from":{"q":0,"r":10},"to":{"q":2,"r":14},"msg":"findPath: no valid path found"}
{"level":30,"time":1774382618194,"pid":1603593,"hostname":"TempleOfZyminx","from":{"q":0,"r":10},"to":{"q":2,"r":15},"msg":"findPath: no valid path found"}
{"level":30,"time":1774382618194,"pid":1603593,"hostname":"TempleOfZyminx","from":{"q":0,"r":10},"to":{"q":2,"r":16},"msg":"findPath: no valid path found"}
{"level":30,"time":1774382618194,"pid":1603593,"hostname":"TempleOfZyminx","from":{"q":0,"r":10},"to":{"q":2,"r":17},"msg":"findPath: no valid path found"}
{"level":30,"time":1774382618194,"pid":1603593,"hostname":"TempleOfZyminx","from":{"q":0,"r":10},"to":{"q":2,"r":18},"msg":"findPath: no valid path found"}
{"level":30,"time":1774382618194,"pid":1603593,"hostname":"TempleOfZyminx","from":{"q":0,"r":10},"to":{"q":2,"r":19},"msg":"findPath: no valid path found"}
{"level":30,"time":1774382618194,"pid":1603593,"hostname":"TempleOfZyminx","from":{"q":0,"r":10},"to":{"q":2,"r":20},"msg":"findPath: no valid path found"}
{"level":30,"time":1774382618194,"pid":1603593,"hostname":"TempleOfZyminx","from":{"q":0,"r":10},"to":{"q":2,"r":21},"msg":"findPath: no valid path found"}
{"level":30,"time":1774382618194,"pid":1603593,"hostname":"TempleOfZyminx","from":{"q":0,"r":10},"to":{"q":3,"r":0},"msg":"findPath: no valid path found"}
{"level":30,"time":1774382618194,"pid":1603593,"hostname":"TempleOfZyminx","from":{"q":0,"r":10},"to":{"q":3,"r":1},"msg":"findPath: no valid path found"}
{"level":30,"time":1774382618194,"pid":1603593,"hostname":"TempleOfZyminx","from":{"q":0,"r":10},"to":{"q":3,"r":2},"msg":"findPath: no valid path found"}
{"level":30,"time":1774382618194,"pid":1603593,"hostname":"TempleOfZyminx","from":{"q":0,"r":10},"to":{"q":3,"r":3},"msg":"findPath: no valid path found"}
{"level":30,"time":1774382618194,"pid":1603593,"hostname":"TempleOfZyminx","from":{"q":0,"r":10},"to":{"q":3,"r":4},"msg":"findPath: no valid path found"}
{"level":30,"time":1774382618194,"pid":1603593,"hostname":"TempleOfZyminx","from":{"q":0,"r":10},"to":{"q":3,"r":5},"msg":"findPath: no valid path found"}
{"level":30,"time":1774382618194,"pid":1603593,"hostname":"TempleOfZyminx","from":{"q":0,"r":10},"to":{"q":3,"r":6},"msg":"findPath: no valid path found"}
{"level":30,"time":1774382618195,"pid":1603593,"hostname":"TempleOfZyminx","from":{"q":0,"r":10},"to":{"q":3,"r":8},"msg":"findPath: no valid path found"}
{"level":30,"time":1774382618195,"pid":1603593,"hostname":"TempleOfZyminx","from":{"q":0,"r":10},"to":{"q":3,"r":11},"msg":"findPath: no valid path found"}
{"level":30,"time":1774382618195,"pid":1603593,"hostname":"TempleOfZyminx","from":{"q":0,"r":10},"to":{"q":3,"r":12},"msg":"findPath: no valid path found"}
{"level":30,"time":1774382618195,"pid":1603593,"hostname":"TempleOfZyminx","from":{"q":0,"r":10},"to":{"q":3,"r":13},"msg":"findPath: no valid path found"}
{"level":30,"time":1774382618195,"pid":1603593,"hostname":"TempleOfZyminx","from":{"q":0,"r":10},"to":{"q":3,"r":14},"msg":"findPath: no valid path found"}
{"level":30,"time":1774382618195,"pid":1603593,"hostname":"TempleOfZyminx","from":{"q":0,"r":10},"to":{"q":3,"r":15},"msg":"findPath: no valid path found"}
{"level":30,"time":1774382618195,"pid":1603593,"hostname":"TempleOfZyminx","from":{"q":0,"r":10},"to":{"q":3,"r":16},"msg":"findPath: no valid path found"}
{"level":30,"time":1774382618195,"pid":1603593,"hostname":"TempleOfZyminx","from":{"q":0,"r":10},"to":{"q":3,"r":17},"msg":"findPath: no valid path found"}
{"level":30,"time":1774382618195,"pid":1603593,"hostname":"TempleOfZyminx","from":{"q":0,"r":10},"to":{"q":3,"r":18},"msg":"findPath: no valid path found"}
{"level":30,"time":1774382618195,"pid":1603593,"hostname":"TempleOfZyminx","from":{"q":0,"r":10},"to":{"q":3,"r":19},"msg":"findPath: no valid path found"}
{"level":30,"time":1774382618198,"pid":1603593,"hostname":"TempleOfZyminx","from":{"q":0,"r":10},"to":{"q":3,"r":20},"msg":"findPath: no valid path found"}
{"level":30,"time":1774382618198,"pid":1603593,"hostname":"TempleOfZyminx","from":{"q":0,"r":10},"to":{"q":3,"r":21},"msg":"findPath: no valid path found"}
{"level":30,"time":1774382618198,"pid":1603593,"hostname":"TempleOfZyminx","from":{"q":0,"r":10},"to":{"q":4,"r":0},"msg":"findPath: no valid path found"}
{"level":30,"time":1774382618198,"pid":1603593,"hostname":"TempleOfZyminx","from":{"q":0,"r":10},"to":{"q":4,"r":1},"msg":"findPath: no valid path found"}
{"level":30,"time":1774382618198,"pid":1603593,"hostname":"TempleOfZyminx","from":{"q":0,"r":10},"to":{"q":4,"r":2},"msg":"findPath: no valid path found"}
{"level":30,"time":1774382618198,"pid":1603593,"hostname":"TempleOfZyminx","from":{"q":0,"r":10},"to":{"q":4,"r":3},"msg":"findPath: no valid path found"}
{"level":30,"time":1774382618198,"pid":1603593,"hostname":"TempleOfZyminx","from":{"q":0,"r":10},"to":{"q":4,"r":4},"msg":"findPath: no valid path found"}
{"level":30,"time":1774382618199,"pid":1603593,"hostname":"TempleOfZyminx","from":{"q":0,"r":10},"to":{"q":4,"r":5},"msg":"findPath: no valid path found"}
{"level":30,"time":1774382618199,"pid":1603593,"hostname":"TempleOfZyminx","from":{"q":0,"r":10},"to":{"q":4,"r":6},"msg":"findPath: no valid path found"}
{"level":30,"time":1774382618199,"pid":1603593,"hostname":"TempleOfZyminx","from":{"q":0,"r":10},"to":{"q":4,"r":8},"msg":"findPath: no valid path found"}
{"level":30,"time":1774382618199,"pid":1603593,"hostname":"TempleOfZyminx","from":{"q":0,"r":10},"to":{"q":4,"r":9},"msg":"findPath: no valid path found"}
{"level":30,"time":1774382618199,"pid":1603593,"hostname":"TempleOfZyminx","from":{"q":0,"r":10},"to":{"q":4,"r":10},"msg":"findPath: no valid path found"}
{"level":30,"time":1774382618199,"pid":1603593,"hostname":"TempleOfZyminx","from":{"q":0,"r":10},"to":{"q":4,"r":11},"msg":"findPath: no valid path found"}
{"level":30,"time":1774382618199,"pid":1603593,"hostname":"TempleOfZyminx","from":{"q":0,"r":10},"to":{"q":4,"r":12},"msg":"findPath: no valid path found"}
{"level":30,"time":1774382618199,"pid":1603593,"hostname":"TempleOfZyminx","from":{"q":0,"r":10},"to":{"q":4,"r":13},"msg":"findPath: no valid path found"}
{"level":30,"time":1774382618199,"pid":1603593,"hostname":"TempleOfZyminx","from":{"q":0,"r":10},"to":{"q":4,"r":14},"msg":"findPath: no valid path found"}
{"level":30,"time":1774382618199,"pid":1603593,"hostname":"TempleOfZyminx","from":{"q":0,"r":10},"to":{"q":4,"r":15},"msg":"findPath: no valid path found"}
{"level":30,"time":1774382618199,"pid":1603593,"hostname":"TempleOfZyminx","from":{"q":0,"r":10},"to":{"q":4,"r":16},"msg":"findPath: no valid path found"}
{"level":30,"time":1774382618199,"pid":1603593,"hostname":"TempleOfZyminx","from":{"q":0,"r":10},"to":{"q":4,"r":17},"msg":"findPath: no valid path found"}
{"level":30,"time":1774382618200,"pid":1603593,"hostname":"TempleOfZyminx","from":{"q":0,"r":10},"to":{"q":4,"r":18},"msg":"findPath: no valid path found"}
{"level":30,"time":1774382618200,"pid":1603593,"hostname":"TempleOfZyminx","from":{"q":0,"r":10},"to":{"q":4,"r":19},"msg":"findPath: no valid path found"}
{"level":30,"time":1774382618200,"pid":1603593,"hostname":"TempleOfZyminx","from":{"q":0,"r":10},"to":{"q":4,"r":20},"msg":"findPath: no valid path found"}
{"level":30,"time":1774382618200,"pid":1603593,"hostname":"TempleOfZyminx","from":{"q":0,"r":10},"to":{"q":4,"r":21},"msg":"findPath: no valid path found"}
{"level":30,"time":1774382618200,"pid":1603593,"hostname":"TempleOfZyminx","from":{"q":0,"r":10},"to":{"q":5,"r":0},"msg":"findPath: no valid path found"}
{"level":30,"time":1774382618200,"pid":1603593,"hostname":"TempleOfZyminx","from":{"q":0,"r":10},"to":{"q":5,"r":1},"msg":"findPath: no valid path found"}
{"level":30,"time":1774382618200,"pid":1603593,"hostname":"TempleOfZyminx","from":{"q":0,"r":10},"to":{"q":5,"r":2},"msg":"findPath: no valid path found"}
{"level":30,"time":1774382618200,"pid":1603593,"hostname":"TempleOfZyminx","from":{"q":0,"r":10},"to":{"q":5,"r":3},"msg":"findPath: no valid path found"}
{"level":30,"time":1774382618200,"pid":1603593,"hostname":"TempleOfZyminx","from":{"q":0,"r":10},"to":{"q":5,"r":4},"msg":"findPath: no valid path found"}
{"level":30,"time":1774382618200,"pid":1603593,"hostname":"TempleOfZyminx","from":{"q":0,"r":10},"to":{"q":5,"r":5},"msg":"findPath: no valid path found"}
{"level":30,"time":1774382618200,"pid":1603593,"hostname":"TempleOfZyminx","from":{"q":0,"r":10},"to":{"q":5,"r":8},"msg":"findPath: no valid path found"}
{"level":30,"time":1774382618200,"pid":1603593,"hostname":"TempleOfZyminx","from":{"q":0,"r":10},"to":{"q":5,"r":9},"msg":"findPath: no valid path found"}
{"level":30,"time":1774382618200,"pid":1603593,"hostname":"TempleOfZyminx","from":{"q":0,"r":10},"to":{"q":5,"r":10},"msg":"findPath: no valid path found"}
{"level":30,"time":1774382618201,"pid":1603593,"hostname":"TempleOfZyminx","from":{"q":0,"r":10},"to":{"q":5,"r":11},"msg":"findPath: no valid path found"}
{"level":30,"time":1774382618201,"pid":1603593,"hostname":"TempleOfZyminx","from":{"q":0,"r":10},"to":{"q":5,"r":12},"msg":"findPath: no valid path found"}
{"level":30,"time":1774382618201,"pid":1603593,"hostname":"TempleOfZyminx","from":{"q":0,"r":10},"to":{"q":5,"r":13},"msg":"findPath: no valid path found"}
{"level":30,"time":1774382618201,"pid":1603593,"hostname":"TempleOfZyminx","from":{"q":0,"r":10},"to":{"q":5,"r":14},"msg":"findPath: no valid path found"}
{"level":30,"time":1774382618201,"pid":1603593,"hostname":"TempleOfZyminx","from":{"q":0,"r":10},"to":{"q":5,"r":15},"msg":"findPath: no valid path found"}
{"level":30,"time":1774382618201,"pid":1603593,"hostname":"TempleOfZyminx","from":{"q":0,"r":10},"to":{"q":5,"r":16},"msg":"findPath: no valid path found"}
{"level":30,"time":1774382618201,"pid":1603593,"hostname":"TempleOfZyminx","from":{"q":0,"r":10},"to":{"q":5,"r":17},"msg":"findPath: no valid path found"}
{"level":30,"time":1774382618201,"pid":1603593,"hostname":"TempleOfZyminx","from":{"q":0,"r":10},"to":{"q":5,"r":18},"msg":"findPath: no valid path found"}
{"level":30,"time":1774382618201,"pid":1603593,"hostname":"TempleOfZyminx","from":{"q":0,"r":10},"to":{"q":5,"r":19},"msg":"findPath: no valid path found"}
{"level":30,"time":1774382618201,"pid":1603593,"hostname":"TempleOfZyminx","from":{"q":0,"r":10},"to":{"q":5,"r":20},"msg":"findPath: no valid path found"}
{"level":30,"time":1774382618201,"pid":1603593,"hostname":"TempleOfZyminx","from":{"q":0,"r":10},"to":{"q":5,"r":21},"msg":"findPath: no valid path found"}
{"level":30,"time":1774382618201,"pid":1603593,"hostname":"TempleOfZyminx","from":{"q":0,"r":10},"to":{"q":6,"r":0},"msg":"findPath: no valid path found"}
{"level":30,"time":1774382618202,"pid":1603593,"hostname":"TempleOfZyminx","from":{"q":0,"r":10},"to":{"q":6,"r":1},"msg":"findPath: no valid path found"}
{"level":30,"time":1774382618202,"pid":1603593,"hostname":"TempleOfZyminx","from":{"q":0,"r":10},"to":{"q":6,"r":2},"msg":"findPath: no valid path found"}
{"level":30,"time":1774382618202,"pid":1603593,"hostname":"TempleOfZyminx","from":{"q":0,"r":10},"to":{"q":6,"r":3},"msg":"findPath: no valid path found"}
{"level":30,"time":1774382618202,"pid":1603593,"hostname":"TempleOfZyminx","from":{"q":0,"r":10},"to":{"q":6,"r":5},"msg":"findPath: no valid path found"}
{"level":30,"time":1774382618202,"pid":1603593,"hostname":"TempleOfZyminx","from":{"q":0,"r":10},"to":{"q":6,"r":7},"msg":"findPath: no valid path found"}
{"level":30,"time":1774382618202,"pid":1603593,"hostname":"TempleOfZyminx","from":{"q":0,"r":10},"to":{"q":6,"r":8},"msg":"findPath: no valid path found"}
{"level":30,"time":1774382618202,"pid":1603593,"hostname":"TempleOfZyminx","from":{"q":0,"r":10},"to":{"q":6,"r":9},"msg":"findPath: no valid path found"}
{"level":30,"time":1774382618202,"pid":1603593,"hostname":"TempleOfZyminx","from":{"q":0,"r":10},"to":{"q":6,"r":10},"msg":"findPath: no valid path found"}
{"level":30,"time":1774382618202,"pid":1603593,"hostname":"TempleOfZyminx","from":{"q":0,"r":10},"to":{"q":6,"r":11},"msg":"findPath: no valid path found"}
{"level":30,"time":1774382618202,"pid":1603593,"hostname":"TempleOfZyminx","from":{"q":0,"r":10},"to":{"q":6,"r":12},"msg":"findPath: no valid path found"}
{"level":30,"time":1774382618202,"pid":1603593,"hostname":"TempleOfZyminx","from":{"q":0,"r":10},"to":{"q":6,"r":13},"msg":"findPath: no valid path found"}
{"level":30,"time":1774382618202,"pid":1603593,"hostname":"TempleOfZyminx","from":{"q":0,"r":10},"to":{"q":6,"r":14},"msg":"findPath: no valid path found"}
{"level":30,"time":1774382618202,"pid":1603593,"hostname":"TempleOfZyminx","from":{"q":0,"r":10},"to":{"q":6,"r":15},"msg":"findPath: no valid path found"}
{"level":30,"time":1774382618203,"pid":1603593,"hostname":"TempleOfZyminx","from":{"q":0,"r":10},"to":{"q":6,"r":16},"msg":"findPath: no valid path found"}
{"level":30,"time":1774382618203,"pid":1603593,"hostname":"TempleOfZyminx","from":{"q":0,"r":10},"to":{"q":6,"r":17},"msg":"findPath: no valid path found"}
{"level":30,"time":1774382618203,"pid":1603593,"hostname":"TempleOfZyminx","from":{"q":0,"r":10},"to":{"q":6,"r":18},"msg":"findPath: no valid path found"}
{"level":30,"time":1774382618203,"pid":1603593,"hostname":"TempleOfZyminx","from":{"q":0,"r":10},"to":{"q":6,"r":19},"msg":"findPath: no valid path found"}
{"level":30,"time":1774382618203,"pid":1603593,"hostname":"TempleOfZyminx","from":{"q":0,"r":10},"to":{"q":6,"r":20},"msg":"findPath: no valid path found"}
{"level":30,"time":1774382618203,"pid":1603593,"hostname":"TempleOfZyminx","from":{"q":0,"r":10},"to":{"q":6,"r":21},"msg":"findPath: no valid path found"}
{"level":30,"time":1774382618203,"pid":1603593,"hostname":"TempleOfZyminx","from":{"q":0,"r":10},"to":{"q":7,"r":0},"msg":"findPath: no valid path found"}
{"level":30,"time":1774382618203,"pid":1603593,"hostname":"TempleOfZyminx","from":{"q":0,"r":10},"to":{"q":7,"r":1},"msg":"findPath: no valid path found"}
{"level":30,"time":1774382618203,"pid":1603593,"hostname":"TempleOfZyminx","from":{"q":0,"r":10},"to":{"q":7,"r":2},"msg":"findPath: no valid path found"}
{"level":30,"time":1774382618203,"pid":1603593,"hostname":"TempleOfZyminx","from":{"q":0,"r":10},"to":{"q":7,"r":4},"msg":"findPath: no valid path found"}
{"level":30,"time":1774382618203,"pid":1603593,"hostname":"TempleOfZyminx","from":{"q":0,"r":10},"to":{"q":7,"r":5},"msg":"findPath: no valid path found"}
{"level":30,"time":1774382618205,"pid":1603593,"hostname":"TempleOfZyminx","from":{"q":0,"r":10},"to":{"q":7,"r":6},"msg":"findPath: no valid path found"}
{"level":30,"time":1774382618205,"pid":1603593,"hostname":"TempleOfZyminx","from":{"q":0,"r":10},"to":{"q":7,"r":7},"msg":"findPath: no valid path found"}
{"level":30,"time":1774382618205,"pid":1603593,"hostname":"TempleOfZyminx","from":{"q":0,"r":10},"to":{"q":7,"r":8},"msg":"findPath: no valid path found"}
{"level":30,"time":1774382618205,"pid":1603593,"hostname":"TempleOfZyminx","from":{"q":0,"r":10},"to":{"q":7,"r":9},"msg":"findPath: no valid path found"}
{"level":30,"time":1774382618205,"pid":1603593,"hostname":"TempleOfZyminx","from":{"q":0,"r":10},"to":{"q":7,"r":10},"msg":"findPath: no valid path found"}
{"level":30,"time":1774382618206,"pid":1603593,"hostname":"TempleOfZyminx","from":{"q":0,"r":10},"to":{"q":7,"r":11},"msg":"findPath: no valid path found"}
{"level":30,"time":1774382618206,"pid":1603593,"hostname":"TempleOfZyminx","from":{"q":0,"r":10},"to":{"q":7,"r":12},"msg":"findPath: no valid path found"}
{"level":30,"time":1774382618206,"pid":1603593,"hostname":"TempleOfZyminx","from":{"q":0,"r":10},"to":{"q":7,"r":13},"msg":"findPath: no valid path found"}
{"level":30,"time":1774382618206,"pid":1603593,"hostname":"TempleOfZyminx","from":{"q":0,"r":10},"to":{"q":7,"r":14},"msg":"findPath: no valid path found"}
{"level":30,"time":1774382618206,"pid":1603593,"hostname":"TempleOfZyminx","from":{"q":0,"r":10},"to":{"q":7,"r":15},"msg":"findPath: no valid path found"}
{"level":30,"time":1774382618206,"pid":1603593,"hostname":"TempleOfZyminx","from":{"q":0,"r":10},"to":{"q":7,"r":16},"msg":"findPath: no valid path found"}
{"level":30,"time":1774382618206,"pid":1603593,"hostname":"TempleOfZyminx","from":{"q":0,"r":10},"to":{"q":7,"r":17},"msg":"findPath: no valid path found"}
{"level":30,"time":1774382618206,"pid":1603593,"hostname":"TempleOfZyminx","from":{"q":0,"r":10},"to":{"q":7,"r":18},"msg":"findPath: no valid path found"}
{"level":30,"time":1774382618206,"pid":1603593,"hostname":"TempleOfZyminx","from":{"q":0,"r":10},"to":{"q":7,"r":19},"msg":"findPath: no valid path found"}
{"level":30,"time":1774382618206,"pid":1603593,"hostname":"TempleOfZyminx","from":{"q":0,"r":10},"to":{"q":7,"r":20},"msg":"findPath: no valid path found"}
{"level":30,"time":1774382618206,"pid":1603593,"hostname":"TempleOfZyminx","from":{"q":0,"r":10},"to":{"q":7,"r":21},"msg":"findPath: no valid path found"}
{"level":30,"time":1774382618206,"pid":1603593,"hostname":"TempleOfZyminx","from":{"q":0,"r":10},"to":{"q":8,"r":0},"msg":"findPath: no valid path found"}
{"level":30,"time":1774382618206,"pid":1603593,"hostname":"TempleOfZyminx","from":{"q":0,"r":10},"to":{"q":8,"r":1},"msg":"findPath: no valid path found"}
{"level":30,"time":1774382618207,"pid":1603593,"hostname":"TempleOfZyminx","from":{"q":0,"r":10},"to":{"q":8,"r":2},"msg":"findPath: no valid path found"}
{"level":30,"time":1774382618207,"pid":1603593,"hostname":"TempleOfZyminx","from":{"q":0,"r":10},"to":{"q":8,"r":3},"msg":"findPath: no valid path found"}
{"level":30,"time":1774382618207,"pid":1603593,"hostname":"TempleOfZyminx","from":{"q":0,"r":10},"to":{"q":8,"r":4},"msg":"findPath: no valid path found"}
{"level":30,"time":1774382618207,"pid":1603593,"hostname":"TempleOfZyminx","from":{"q":0,"r":10},"to":{"q":8,"r":5},"msg":"findPath: no valid path found"}
{"level":30,"time":1774382618207,"pid":1603593,"hostname":"TempleOfZyminx","from":{"q":0,"r":10},"to":{"q":8,"r":6},"msg":"findPath: no valid path found"}
{"level":30,"time":1774382618207,"pid":1603593,"hostname":"TempleOfZyminx","from":{"q":0,"r":10},"to":{"q":8,"r":7},"msg":"findPath: no valid path found"}
{"level":30,"time":1774382618207,"pid":1603593,"hostname":"TempleOfZyminx","from":{"q":0,"r":10},"to":{"q":8,"r":8},"msg":"findPath: no valid path found"}
{"level":30,"time":1774382618207,"pid":1603593,"hostname":"TempleOfZyminx","from":{"q":0,"r":10},"to":{"q":8,"r":9},"msg":"findPath: no valid path found"}
{"level":30,"time":1774382618207,"pid":1603593,"hostname":"TempleOfZyminx","from":{"q":0,"r":10},"to":{"q":8,"r":10},"msg":"findPath: no valid path found"}
{"level":30,"time":1774382618207,"pid":1603593,"hostname":"TempleOfZyminx","from":{"q":0,"r":10},"to":{"q":8,"r":11},"msg":"findPath: no valid path found"}
{"level":30,"time":1774382618207,"pid":1603593,"hostname":"TempleOfZyminx","from":{"q":0,"r":10},"to":{"q":8,"r":12},"msg":"findPath: no valid path found"}
{"level":30,"time":1774382618207,"pid":1603593,"hostname":"TempleOfZyminx","from":{"q":0,"r":10},"to":{"q":8,"r":13},"msg":"findPath: no valid path found"}
{"level":30,"time":1774382618207,"pid":1603593,"hostname":"TempleOfZyminx","from":{"q":0,"r":10},"to":{"q":8,"r":14},"msg":"findPath: no valid path found"}
{"level":30,"time":1774382618207,"pid":1603593,"hostname":"TempleOfZyminx","from":{"q":0,"r":10},"to":{"q":8,"r":15},"msg":"findPath: no valid path found"}
{"level":30,"time":1774382618208,"pid":1603593,"hostname":"TempleOfZyminx","from":{"q":0,"r":10},"to":{"q":8,"r":16},"msg":"findPath: no valid path found"}
{"level":30,"time":1774382618208,"pid":1603593,"hostname":"TempleOfZyminx","from":{"q":0,"r":10},"to":{"q":8,"r":17},"msg":"findPath: no valid path found"}
{"level":30,"time":1774382618208,"pid":1603593,"hostname":"TempleOfZyminx","from":{"q":0,"r":10},"to":{"q":8,"r":18},"msg":"findPath: no valid path found"}
{"level":30,"time":1774382618208,"pid":1603593,"hostname":"TempleOfZyminx","from":{"q":0,"r":10},"to":{"q":8,"r":19},"msg":"findPath: no valid path found"}
{"level":30,"time":1774382618208,"pid":1603593,"hostname":"TempleOfZyminx","from":{"q":0,"r":10},"to":{"q":8,"r":20},"msg":"findPath: no valid path found"}
{"level":30,"time":1774382618208,"pid":1603593,"hostname":"TempleOfZyminx","from":{"q":0,"r":10},"to":{"q":8,"r":21},"msg":"findPath: no valid path found"}
{"level":30,"time":1774382618208,"pid":1603593,"hostname":"TempleOfZyminx","from":{"q":0,"r":10},"to":{"q":9,"r":0},"msg":"findPath: no valid path found"}
{"level":30,"time":1774382618208,"pid":1603593,"hostname":"TempleOfZyminx","from":{"q":0,"r":10},"to":{"q":9,"r":1},"msg":"findPath: no valid path found"}
{"level":30,"time":1774382618208,"pid":1603593,"hostname":"TempleOfZyminx","from":{"q":0,"r":10},"to":{"q":9,"r":2},"msg":"findPath: no valid path found"}
{"level":30,"time":1774382618208,"pid":1603593,"hostname":"TempleOfZyminx","from":{"q":0,"r":10},"to":{"q":9,"r":3},"msg":"findPath: no valid path found"}
{"level":30,"time":1774382618208,"pid":1603593,"hostname":"TempleOfZyminx","from":{"q":0,"r":10},"to":{"q":9,"r":4},"msg":"findPath: no valid path found"}
{"level":30,"time":1774382618208,"pid":1603593,"hostname":"TempleOfZyminx","from":{"q":0,"r":10},"to":{"q":9,"r":5},"msg":"findPath: no valid path found"}
{"level":30,"time":1774382618208,"pid":1603593,"hostname":"TempleOfZyminx","from":{"q":0,"r":10},"to":{"q":9,"r":6},"msg":"findPath: no valid path found"}
{"level":30,"time":1774382618208,"pid":1603593,"hostname":"TempleOfZyminx","from":{"q":0,"r":10},"to":{"q":9,"r":7},"msg":"findPath: no valid path found"}
{"level":30,"time":1774382618208,"pid":1603593,"hostname":"TempleOfZyminx","from":{"q":0,"r":10},"to":{"q":9,"r":8},"msg":"findPath: no valid path found"}
{"level":30,"time":1774382618209,"pid":1603593,"hostname":"TempleOfZyminx","from":{"q":0,"r":10},"to":{"q":9,"r":9},"msg":"findPath: no valid path found"}
{"level":30,"time":1774382618209,"pid":1603593,"hostname":"TempleOfZyminx","from":{"q":0,"r":10},"to":{"q":9,"r":10},"msg":"findPath: no valid path found"}
{"level":30,"time":1774382618209,"pid":1603593,"hostname":"TempleOfZyminx","from":{"q":0,"r":10},"to":{"q":9,"r":11},"msg":"findPath: no valid path found"}
{"level":30,"time":1774382618209,"pid":1603593,"hostname":"TempleOfZyminx","from":{"q":0,"r":10},"to":{"q":9,"r":12},"msg":"findPath: no valid path found"}
{"level":30,"time":1774382618209,"pid":1603593,"hostname":"TempleOfZyminx","from":{"q":0,"r":10},"to":{"q":9,"r":13},"msg":"findPath: no valid path found"}
{"level":30,"time":1774382618209,"pid":1603593,"hostname":"TempleOfZyminx","from":{"q":0,"r":10},"to":{"q":9,"r":14},"msg":"findPath: no valid path found"}
{"level":30,"time":1774382618209,"pid":1603593,"hostname":"TempleOfZyminx","from":{"q":0,"r":10},"to":{"q":9,"r":15},"msg":"findPath: no valid path found"}
{"level":30,"time":1774382618209,"pid":1603593,"hostname":"TempleOfZyminx","from":{"q":0,"r":10},"to":{"q":9,"r":16},"msg":"findPath: no valid path found"}
{"level":30,"time":1774382618209,"pid":1603593,"hostname":"TempleOfZyminx","from":{"q":0,"r":10},"to":{"q":9,"r":17},"msg":"findPath: no valid path found"}
{"level":30,"time":1774382618209,"pid":1603593,"hostname":"TempleOfZyminx","from":{"q":0,"r":10},"to":{"q":9,"r":18},"msg":"findPath: no valid path found"}
{"level":30,"time":1774382618209,"pid":1603593,"hostname":"TempleOfZyminx","from":{"q":0,"r":10},"to":{"q":9,"r":19},"msg":"findPath: no valid path found"}
{"level":30,"time":1774382618209,"pid":1603593,"hostname":"TempleOfZyminx","from":{"q":0,"r":10},"to":{"q":9,"r":20},"msg":"findPath: no valid path found"}
{"level":30,"time":1774382618209,"pid":1603593,"hostname":"TempleOfZyminx","from":{"q":0,"r":10},"to":{"q":9,"r":21},"msg":"findPath: no valid path found"}
{"level":30,"time":1774382618209,"pid":1603593,"hostname":"TempleOfZyminx","from":{"q":0,"r":10},"to":{"q":10,"r":0},"msg":"findPath: no valid path found"}
{"level":30,"time":1774382618209,"pid":1603593,"hostname":"TempleOfZyminx","from":{"q":0,"r":10},"to":{"q":10,"r":1},"msg":"findPath: no valid path found"}
{"level":30,"time":1774382618210,"pid":1603593,"hostname":"TempleOfZyminx","from":{"q":0,"r":10},"to":{"q":10,"r":2},"msg":"findPath: no valid path found"}
{"level":30,"time":1774382618210,"pid":1603593,"hostname":"TempleOfZyminx","from":{"q":0,"r":10},"to":{"q":10,"r":3},"msg":"findPath: no valid path found"}
{"level":30,"time":1774382618210,"pid":1603593,"hostname":"TempleOfZyminx","from":{"q":0,"r":10},"to":{"q":10,"r":4},"msg":"findPath: no valid path found"}
{"level":30,"time":1774382618210,"pid":1603593,"hostname":"TempleOfZyminx","from":{"q":0,"r":10},"to":{"q":10,"r":5},"msg":"findPath: no valid path found"}
{"level":30,"time":1774382618210,"pid":1603593,"hostname":"TempleOfZyminx","from":{"q":0,"r":10},"to":{"q":10,"r":6},"msg":"findPath: no valid path found"}
{"level":30,"time":1774382618210,"pid":1603593,"hostname":"TempleOfZyminx","from":{"q":0,"r":10},"to":{"q":10,"r":7},"msg":"findPath: no valid path found"}
{"level":30,"time":1774382618210,"pid":1603593,"hostname":"TempleOfZyminx","from":{"q":0,"r":10},"to":{"q":10,"r":8},"msg":"findPath: no valid path found"}
{"level":30,"time":1774382618210,"pid":1603593,"hostname":"TempleOfZyminx","from":{"q":0,"r":10},"to":{"q":10,"r":9},"msg":"findPath: no valid path found"}
{"level":30,"time":1774382618210,"pid":1603593,"hostname":"TempleOfZyminx","from":{"q":0,"r":10},"to":{"q":10,"r":10},"msg":"findPath: no valid path found"}
{"level":30,"time":1774382618210,"pid":1603593,"hostname":"TempleOfZyminx","from":{"q":0,"r":10},"to":{"q":10,"r":11},"msg":"findPath: no valid path found"}
{"level":30,"time":1774382618210,"pid":1603593,"hostname":"TempleOfZyminx","from":{"q":0,"r":10},"to":{"q":10,"r":12},"msg":"findPath: no valid path found"}
{"level":30,"time":1774382618210,"pid":1603593,"hostname":"TempleOfZyminx","from":{"q":0,"r":10},"to":{"q":10,"r":13},"msg":"findPath: no valid path found"}
{"level":30,"time":1774382618210,"pid":1603593,"hostname":"TempleOfZyminx","from":{"q":0,"r":10},"to":{"q":10,"r":14},"msg":"findPath: no valid path found"}
{"level":30,"time":1774382618210,"pid":1603593,"hostname":"TempleOfZyminx","from":{"q":0,"r":10},"to":{"q":10,"r":15},"msg":"findPath: no valid path found"}
{"level":30,"time":1774382618211,"pid":1603593,"hostname":"TempleOfZyminx","from":{"q":0,"r":10},"to":{"q":10,"r":16},"msg":"findPath: no valid path found"}
{"level":30,"time":1774382618211,"pid":1603593,"hostname":"TempleOfZyminx","from":{"q":0,"r":10},"to":{"q":10,"r":17},"msg":"findPath: no valid path found"}
{"level":30,"time":1774382618211,"pid":1603593,"hostname":"TempleOfZyminx","from":{"q":0,"r":10},"to":{"q":10,"r":18},"msg":"findPath: no valid path found"}
{"level":30,"time":1774382618211,"pid":1603593,"hostname":"TempleOfZyminx","from":{"q":0,"r":10},"to":{"q":10,"r":19},"msg":"findPath: no valid path found"}
{"level":30,"time":1774382618211,"pid":1603593,"hostname":"TempleOfZyminx","from":{"q":0,"r":10},"to":{"q":10,"r":20},"msg":"findPath: no valid path found"}
{"level":30,"time":1774382618211,"pid":1603593,"hostname":"TempleOfZyminx","from":{"q":0,"r":10},"to":{"q":10,"r":21},"msg":"findPath: no valid path found"}
{"level":30,"time":1774382618211,"pid":1603593,"hostname":"TempleOfZyminx","from":{"q":0,"r":10},"to":{"q":11,"r":0},"msg":"findPath: no valid path found"}
{"level":30,"time":1774382618211,"pid":1603593,"hostname":"TempleOfZyminx","from":{"q":0,"r":10},"to":{"q":11,"r":1},"msg":"findPath: no valid path found"}
{"level":30,"time":1774382618211,"pid":1603593,"hostname":"TempleOfZyminx","from":{"q":0,"r":10},"to":{"q":11,"r":2},"msg":"findPath: no valid path found"}
{"level":30,"time":1774382618211,"pid":1603593,"hostname":"TempleOfZyminx","from":{"q":0,"r":10},"to":{"q":11,"r":3},"msg":"findPath: no valid path found"}
{"level":30,"time":1774382618211,"pid":1603593,"hostname":"TempleOfZyminx","from":{"q":0,"r":10},"to":{"q":11,"r":4},"msg":"findPath: no valid path found"}
{"level":30,"time":1774382618211,"pid":1603593,"hostname":"TempleOfZyminx","from":{"q":0,"r":10},"to":{"q":11,"r":5},"msg":"findPath: no valid path found"}
{"level":30,"time":1774382618211,"pid":1603593,"hostname":"TempleOfZyminx","from":{"q":0,"r":10},"to":{"q":11,"r":6},"msg":"findPath: no valid path found"}
{"level":30,"time":1774382618211,"pid":1603593,"hostname":"TempleOfZyminx","from":{"q":0,"r":10},"to":{"q":11,"r":7},"msg":"findPath: no valid path found"}
{"level":30,"time":1774382618214,"pid":1603593,"hostname":"TempleOfZyminx","from":{"q":0,"r":10},"to":{"q":11,"r":8},"msg":"findPath: no valid path found"}
{"level":30,"time":1774382618214,"pid":1603593,"hostname":"TempleOfZyminx","from":{"q":0,"r":10},"to":{"q":11,"r":9},"msg":"findPath: no valid path found"}
{"level":30,"time":1774382618214,"pid":1603593,"hostname":"TempleOfZyminx","from":{"q":0,"r":10},"to":{"q":11,"r":10},"msg":"findPath: no valid path found"}
{"level":30,"time":1774382618214,"pid":1603593,"hostname":"TempleOfZyminx","from":{"q":0,"r":10},"to":{"q":11,"r":11},"msg":"findPath: no valid path found"}
{"level":30,"time":1774382618215,"pid":1603593,"hostname":"TempleOfZyminx","from":{"q":0,"r":10},"to":{"q":11,"r":12},"msg":"findPath: no valid path found"}
{"level":30,"time":1774382618215,"pid":1603593,"hostname":"TempleOfZyminx","from":{"q":0,"r":10},"to":{"q":11,"r":13},"msg":"findPath: no valid path found"}
{"level":30,"time":1774382618215,"pid":1603593,"hostname":"TempleOfZyminx","from":{"q":0,"r":10},"to":{"q":11,"r":14},"msg":"findPath: no valid path found"}
{"level":30,"time":1774382618215,"pid":1603593,"hostname":"TempleOfZyminx","from":{"q":0,"r":10},"to":{"q":11,"r":15},"msg":"findPath: no valid path found"}
{"level":30,"time":1774382618215,"pid":1603593,"hostname":"TempleOfZyminx","from":{"q":0,"r":10},"to":{"q":11,"r":16},"msg":"findPath: no valid path found"}
{"level":30,"time":1774382618215,"pid":1603593,"hostname":"TempleOfZyminx","from":{"q":0,"r":10},"to":{"q":11,"r":17},"msg":"findPath: no valid path found"}
{"level":30,"time":1774382618215,"pid":1603593,"hostname":"TempleOfZyminx","from":{"q":0,"r":10},"to":{"q":11,"r":18},"msg":"findPath: no valid path found"}
{"level":30,"time":1774382618215,"pid":1603593,"hostname":"TempleOfZyminx","from":{"q":0,"r":10},"to":{"q":11,"r":19},"msg":"findPath: no valid path found"}
{"level":30,"time":1774382618215,"pid":1603593,"hostname":"TempleOfZyminx","from":{"q":0,"r":10},"to":{"q":11,"r":20},"msg":"findPath: no valid path found"}
{"level":30,"time":1774382618215,"pid":1603593,"hostname":"TempleOfZyminx","from":{"q":0,"r":10},"to":{"q":11,"r":21},"msg":"findPath: no valid path found"}
{"level":30,"time":1774382618215,"pid":1603593,"hostname":"TempleOfZyminx","from":{"q":0,"r":10},"to":{"q":12,"r":0},"msg":"findPath: no valid path found"}
{"level":30,"time":1774382618215,"pid":1603593,"hostname":"TempleOfZyminx","from":{"q":0,"r":10},"to":{"q":12,"r":1},"msg":"findPath: no valid path found"}
{"level":30,"time":1774382618215,"pid":1603593,"hostname":"TempleOfZyminx","from":{"q":0,"r":10},"to":{"q":12,"r":2},"msg":"findPath: no valid path found"}
{"level":30,"time":1774382618215,"pid":1603593,"hostname":"TempleOfZyminx","from":{"q":0,"r":10},"to":{"q":12,"r":3},"msg":"findPath: no valid path found"}
{"level":30,"time":1774382618215,"pid":1603593,"hostname":"TempleOfZyminx","from":{"q":0,"r":10},"to":{"q":12,"r":4},"msg":"findPath: no valid path found"}
{"level":30,"time":1774382618216,"pid":1603593,"hostname":"TempleOfZyminx","from":{"q":0,"r":10},"to":{"q":12,"r":5},"msg":"findPath: no valid path found"}
{"level":30,"time":1774382618216,"pid":1603593,"hostname":"TempleOfZyminx","from":{"q":0,"r":10},"to":{"q":12,"r":6},"msg":"findPath: no valid path found"}
{"level":30,"time":1774382618216,"pid":1603593,"hostname":"TempleOfZyminx","from":{"q":0,"r":10},"to":{"q":12,"r":7},"msg":"findPath: no valid path found"}
{"level":30,"time":1774382618216,"pid":1603593,"hostname":"TempleOfZyminx","from":{"q":0,"r":10},"to":{"q":12,"r":8},"msg":"findPath: no valid path found"}
{"level":30,"time":1774382618216,"pid":1603593,"hostname":"TempleOfZyminx","from":{"q":0,"r":10},"to":{"q":12,"r":9},"msg":"findPath: no valid path found"}
{"level":30,"time":1774382618216,"pid":1603593,"hostname":"TempleOfZyminx","from":{"q":0,"r":10},"to":{"q":12,"r":10},"msg":"findPath: no valid path found"}
{"level":30,"time":1774382618216,"pid":1603593,"hostname":"TempleOfZyminx","from":{"q":0,"r":10},"to":{"q":12,"r":11},"msg":"findPath: no valid path found"}
{"level":30,"time":1774382618216,"pid":1603593,"hostname":"TempleOfZyminx","from":{"q":0,"r":10},"to":{"q":12,"r":12},"msg":"findPath: no valid path found"}
{"level":30,"time":1774382618216,"pid":1603593,"hostname":"TempleOfZyminx","from":{"q":0,"r":10},"to":{"q":12,"r":13},"msg":"findPath: no valid path found"}
{"level":30,"time":1774382618216,"pid":1603593,"hostname":"TempleOfZyminx","from":{"q":0,"r":10},"to":{"q":12,"r":14},"msg":"findPath: no valid path found"}
{"level":30,"time":1774382618216,"pid":1603593,"hostname":"TempleOfZyminx","from":{"q":0,"r":10},"to":{"q":12,"r":15},"msg":"findPath: no valid path found"}
{"level":30,"time":1774382618216,"pid":1603593,"hostname":"TempleOfZyminx","from":{"q":0,"r":10},"to":{"q":12,"r":16},"msg":"findPath: no valid path found"}
{"level":30,"time":1774382618216,"pid":1603593,"hostname":"TempleOfZyminx","from":{"q":0,"r":10},"to":{"q":12,"r":17},"msg":"findPath: no valid path found"}
{"level":30,"time":1774382618216,"pid":1603593,"hostname":"TempleOfZyminx","from":{"q":0,"r":10},"to":{"q":12,"r":18},"msg":"findPath: no valid path found"}
{"level":30,"time":1774382618216,"pid":1603593,"hostname":"TempleOfZyminx","from":{"q":0,"r":10},"to":{"q":12,"r":19},"msg":"findPath: no valid path found"}
{"level":30,"time":1774382618217,"pid":1603593,"hostname":"TempleOfZyminx","from":{"q":0,"r":10},"to":{"q":12,"r":20},"msg":"findPath: no valid path found"}
{"level":30,"time":1774382618217,"pid":1603593,"hostname":"TempleOfZyminx","from":{"q":0,"r":10},"to":{"q":12,"r":21},"msg":"findPath: no valid path found"}
{"level":30,"time":1774382618217,"pid":1603593,"hostname":"TempleOfZyminx","from":{"q":0,"r":10},"to":{"q":13,"r":0},"msg":"findPath: no valid path found"}
{"level":30,"time":1774382618217,"pid":1603593,"hostname":"TempleOfZyminx","from":{"q":0,"r":10},"to":{"q":13,"r":1},"msg":"findPath: no valid path found"}
{"level":30,"time":1774382618217,"pid":1603593,"hostname":"TempleOfZyminx","from":{"q":0,"r":10},"to":{"q":13,"r":2},"msg":"findPath: no valid path found"}
{"level":30,"time":1774382618217,"pid":1603593,"hostname":"TempleOfZyminx","from":{"q":0,"r":10},"to":{"q":13,"r":3},"msg":"findPath: no valid path found"}
{"level":30,"time":1774382618217,"pid":1603593,"hostname":"TempleOfZyminx","from":{"q":0,"r":10},"to":{"q":13,"r":4},"msg":"findPath: no valid path found"}
{"level":30,"time":1774382618217,"pid":1603593,"hostname":"TempleOfZyminx","from":{"q":0,"r":10},"to":{"q":13,"r":5},"msg":"findPath: no valid path found"}
{"level":30,"time":1774382618217,"pid":1603593,"hostname":"TempleOfZyminx","from":{"q":0,"r":10},"to":{"q":13,"r":6},"msg":"findPath: no valid path found"}
{"level":30,"time":1774382618217,"pid":1603593,"hostname":"TempleOfZyminx","from":{"q":0,"r":10},"to":{"q":13,"r":7},"msg":"findPath: no valid path found"}
{"level":30,"time":1774382618217,"pid":1603593,"hostname":"TempleOfZyminx","from":{"q":0,"r":10},"to":{"q":13,"r":8},"msg":"findPath: no valid path found"}
{"level":30,"time":1774382618217,"pid":1603593,"hostname":"TempleOfZyminx","from":{"q":0,"r":10},"to":{"q":13,"r":9},"msg":"findPath: no valid path found"}
{"level":30,"time":1774382618217,"pid":1603593,"hostname":"TempleOfZyminx","from":{"q":0,"r":10},"to":{"q":13,"r":10},"msg":"findPath: no valid path found"}
{"level":30,"time":1774382618217,"pid":1603593,"hostname":"TempleOfZyminx","from":{"q":0,"r":10},"to":{"q":13,"r":11},"msg":"findPath: no valid path found"}
{"level":30,"time":1774382618218,"pid":1603593,"hostname":"TempleOfZyminx","from":{"q":0,"r":10},"to":{"q":13,"r":12},"msg":"findPath: no valid path found"}
{"level":30,"time":1774382618218,"pid":1603593,"hostname":"TempleOfZyminx","from":{"q":0,"r":10},"to":{"q":13,"r":13},"msg":"findPath: no valid path found"}
{"level":30,"time":1774382618218,"pid":1603593,"hostname":"TempleOfZyminx","from":{"q":0,"r":10},"to":{"q":13,"r":14},"msg":"findPath: no valid path found"}
{"level":30,"time":1774382618218,"pid":1603593,"hostname":"TempleOfZyminx","from":{"q":0,"r":10},"to":{"q":13,"r":15},"msg":"findPath: no valid path found"}
{"level":30,"time":1774382618218,"pid":1603593,"hostname":"TempleOfZyminx","from":{"q":0,"r":10},"to":{"q":13,"r":16},"msg":"findPath: no valid path found"}
{"level":30,"time":1774382618218,"pid":1603593,"hostname":"TempleOfZyminx","from":{"q":0,"r":10},"to":{"q":13,"r":17},"msg":"findPath: no valid path found"}
{"level":30,"time":1774382618218,"pid":1603593,"hostname":"TempleOfZyminx","from":{"q":0,"r":10},"to":{"q":13,"r":18},"msg":"findPath: no valid path found"}
{"level":30,"time":1774382618218,"pid":1603593,"hostname":"TempleOfZyminx","from":{"q":0,"r":10},"to":{"q":13,"r":19},"msg":"findPath: no valid path found"}
{"level":30,"time":1774382618218,"pid":1603593,"hostname":"TempleOfZyminx","from":{"q":0,"r":10},"to":{"q":13,"r":20},"msg":"findPath: no valid path found"}
{"level":30,"time":1774382618218,"pid":1603593,"hostname":"TempleOfZyminx","from":{"q":0,"r":10},"to":{"q":13,"r":21},"msg":"findPath: no valid path found"}
{"level":30,"time":1774382618218,"pid":1603593,"hostname":"TempleOfZyminx","from":{"q":0,"r":10},"to":{"q":14,"r":0},"msg":"findPath: no valid path found"}
{"level":30,"time":1774382618218,"pid":1603593,"hostname":"TempleOfZyminx","from":{"q":0,"r":10},"to":{"q":14,"r":1},"msg":"findPath: no valid path found"}
{"level":30,"time":1774382618218,"pid":1603593,"hostname":"TempleOfZyminx","from":{"q":0,"r":10},"to":{"q":14,"r":2},"msg":"findPath: no valid path found"}
{"level":30,"time":1774382618218,"pid":1603593,"hostname":"TempleOfZyminx","from":{"q":0,"r":10},"to":{"q":14,"r":3},"msg":"findPath: no valid path found"}
{"level":30,"time":1774382618218,"pid":1603593,"hostname":"TempleOfZyminx","from":{"q":0,"r":10},"to":{"q":14,"r":4},"msg":"findPath: no valid path found"}
{"level":30,"time":1774382618219,"pid":1603593,"hostname":"TempleOfZyminx","from":{"q":0,"r":10},"to":{"q":14,"r":5},"msg":"findPath: no valid path found"}
{"level":30,"time":1774382618219,"pid":1603593,"hostname":"TempleOfZyminx","from":{"q":0,"r":10},"to":{"q":14,"r":6},"msg":"findPath: no valid path found"}
{"level":30,"time":1774382618219,"pid":1603593,"hostname":"TempleOfZyminx","from":{"q":0,"r":10},"to":{"q":14,"r":7},"msg":"findPath: no valid path found"}
{"level":30,"time":1774382618219,"pid":1603593,"hostname":"TempleOfZyminx","from":{"q":0,"r":10},"to":{"q":14,"r":8},"msg":"findPath: no valid path found"}
{"level":30,"time":1774382618219,"pid":1603593,"hostname":"TempleOfZyminx","from":{"q":0,"r":10},"to":{"q":14,"r":9},"msg":"findPath: no valid path found"}
{"level":30,"time":1774382618219,"pid":1603593,"hostname":"TempleOfZyminx","from":{"q":0,"r":10},"to":{"q":14,"r":10},"msg":"findPath: no valid path found"}
{"level":30,"time":1774382618219,"pid":1603593,"hostname":"TempleOfZyminx","from":{"q":0,"r":10},"to":{"q":14,"r":11},"msg":"findPath: no valid path found"}
{"level":30,"time":1774382618219,"pid":1603593,"hostname":"TempleOfZyminx","from":{"q":0,"r":10},"to":{"q":14,"r":12},"msg":"findPath: no valid path found"}
{"level":30,"time":1774382618219,"pid":1603593,"hostname":"TempleOfZyminx","from":{"q":0,"r":10},"to":{"q":14,"r":13},"msg":"findPath: no valid path found"}
{"level":30,"time":1774382618219,"pid":1603593,"hostname":"TempleOfZyminx","from":{"q":0,"r":10},"to":{"q":14,"r":14},"msg":"findPath: no valid path found"}
{"level":30,"time":1774382618219,"pid":1603593,"hostname":"TempleOfZyminx","from":{"q":0,"r":10},"to":{"q":14,"r":15},"msg":"findPath: no valid path found"}
{"level":30,"time":1774382618219,"pid":1603593,"hostname":"TempleOfZyminx","from":{"q":0,"r":10},"to":{"q":14,"r":16},"msg":"findPath: no valid path found"}
{"level":30,"time":1774382618219,"pid":1603593,"hostname":"TempleOfZyminx","from":{"q":0,"r":10},"to":{"q":14,"r":17},"msg":"findPath: no valid path found"}
{"level":30,"time":1774382618219,"pid":1603593,"hostname":"TempleOfZyminx","from":{"q":0,"r":10},"to":{"q":14,"r":18},"msg":"findPath: no valid path found"}
{"level":30,"time":1774382618220,"pid":1603593,"hostname":"TempleOfZyminx","from":{"q":0,"r":10},"to":{"q":14,"r":19},"msg":"findPath: no valid path found"}
{"level":30,"time":1774382618220,"pid":1603593,"hostname":"TempleOfZyminx","from":{"q":0,"r":10},"to":{"q":14,"r":20},"msg":"findPath: no valid path found"}
{"level":30,"time":1774382618220,"pid":1603593,"hostname":"TempleOfZyminx","from":{"q":0,"r":10},"to":{"q":14,"r":21},"msg":"findPath: no valid path found"}
{"level":30,"time":1774382618221,"pid":1603593,"hostname":"TempleOfZyminx","id":"fa454f87-c7f3-4995-8486-bf48fc7da57c","command":"MOVE","msg":"Submitting game action"}
{"level":30,"time":1774382618221,"pid":1603593,"hostname":"TempleOfZyminx","gameId":"fa454f87-c7f3-4995-8486-bf48fc7da57c","unitId":"onion-1","msg":"Processing MOVE command"}
{"level":30,"time":1774382618225,"pid":1603593,"hostname":"TempleOfZyminx","id":"fa454f87-c7f3-4995-8486-bf48fc7da57c","msg":"Fetching game state"}
{"level":30,"time":1774382618277,"pid":1603455,"hostname":"TempleOfZyminx","scenarioId":"swamp-siege-01","role":"onion","msg":"Creating new game match"}
{"level":30,"time":1774382618278,"pid":1603455,"hostname":"TempleOfZyminx","gameId":"bff22e3b-698b-4b9f-b53b-63bfe8a08d1a","role":"onion","msg":"Game match created"}
{"level":30,"time":1774382618278,"pid":1603455,"hostname":"TempleOfZyminx","id":"bff22e3b-698b-4b9f-b53b-63bfe8a08d1a","msg":"User joining game"}
{"level":30,"time":1774382618279,"pid":1603455,"hostname":"TempleOfZyminx","gameId":"bff22e3b-698b-4b9f-b53b-63bfe8a08d1a","role":"defender","msg":"User joined game"}
{"level":30,"time":1774382618280,"pid":1603455,"hostname":"TempleOfZyminx","id":"bff22e3b-698b-4b9f-b53b-63bfe8a08d1a","msg":"Fetching game state"}
{"level":30,"time":1774382618280,"pid":1603455,"hostname":"TempleOfZyminx","id":"bff22e3b-698b-4b9f-b53b-63bfe8a08d1a","msg":"Fetching game state"}
{"level":30,"time":1774382618281,"pid":1603455,"hostname":"TempleOfZyminx","from":{"q":0,"r":10},"to":{"q":0,"r":0},"msg":"findPath: no valid path found"}
{"level":30,"time":1774382618281,"pid":1603455,"hostname":"TempleOfZyminx","from":{"q":0,"r":10},"to":{"q":0,"r":1},"msg":"findPath: no valid path found"}
{"level":30,"time":1774382618281,"pid":1603455,"hostname":"TempleOfZyminx","from":{"q":0,"r":10},"to":{"q":0,"r":2},"msg":"findPath: no valid path found"}
{"level":30,"time":1774382618281,"pid":1603455,"hostname":"TempleOfZyminx","from":{"q":0,"r":10},"to":{"q":0,"r":3},"msg":"findPath: no valid path found"}
{"level":30,"time":1774382618281,"pid":1603455,"hostname":"TempleOfZyminx","from":{"q":0,"r":10},"to":{"q":0,"r":4},"msg":"findPath: no valid path found"}
{"level":30,"time":1774382618281,"pid":1603455,"hostname":"TempleOfZyminx","from":{"q":0,"r":10},"to":{"q":0,"r":5},"msg":"findPath: no valid path found"}
{"level":30,"time":1774382618281,"pid":1603455,"hostname":"TempleOfZyminx","from":{"q":0,"r":10},"to":{"q":0,"r":6},"msg":"findPath: no valid path found"}
{"level":30,"time":1774382618281,"pid":1603455,"hostname":"TempleOfZyminx","from":{"q":0,"r":10},"to":{"q":0,"r":14},"msg":"findPath: no valid path found"}
{"level":30,"time":1774382618281,"pid":1603455,"hostname":"TempleOfZyminx","from":{"q":0,"r":10},"to":{"q":0,"r":15},"msg":"findPath: no valid path found"}
{"level":30,"time":1774382618281,"pid":1603455,"hostname":"TempleOfZyminx","from":{"q":0,"r":10},"to":{"q":0,"r":16},"msg":"findPath: no valid path found"}
{"level":30,"time":1774382618282,"pid":1603455,"hostname":"TempleOfZyminx","from":{"q":0,"r":10},"to":{"q":0,"r":17},"msg":"findPath: no valid path found"}
{"level":30,"time":1774382618282,"pid":1603455,"hostname":"TempleOfZyminx","from":{"q":0,"r":10},"to":{"q":0,"r":18},"msg":"findPath: no valid path found"}
{"level":30,"time":1774382618282,"pid":1603455,"hostname":"TempleOfZyminx","from":{"q":0,"r":10},"to":{"q":0,"r":19},"msg":"findPath: no valid path found"}
{"level":30,"time":1774382618282,"pid":1603455,"hostname":"TempleOfZyminx","from":{"q":0,"r":10},"to":{"q":0,"r":20},"msg":"findPath: no valid path found"}
{"level":30,"time":1774382618282,"pid":1603455,"hostname":"TempleOfZyminx","from":{"q":0,"r":10},"to":{"q":0,"r":21},"msg":"findPath: no valid path found"}
{"level":30,"time":1774382618282,"pid":1603455,"hostname":"TempleOfZyminx","from":{"q":0,"r":10},"to":{"q":1,"r":0},"msg":"findPath: no valid path found"}
{"level":30,"time":1774382618282,"pid":1603455,"hostname":"TempleOfZyminx","from":{"q":0,"r":10},"to":{"q":1,"r":1},"msg":"findPath: no valid path found"}
{"level":30,"time":1774382618282,"pid":1603455,"hostname":"TempleOfZyminx","from":{"q":0,"r":10},"to":{"q":1,"r":2},"msg":"findPath: no valid path found"}
{"level":30,"time":1774382618282,"pid":1603455,"hostname":"TempleOfZyminx","from":{"q":0,"r":10},"to":{"q":1,"r":3},"msg":"findPath: no valid path found"}
{"level":30,"time":1774382618282,"pid":1603455,"hostname":"TempleOfZyminx","from":{"q":0,"r":10},"to":{"q":1,"r":4},"msg":"findPath: no valid path found"}
{"level":30,"time":1774382618282,"pid":1603455,"hostname":"TempleOfZyminx","from":{"q":0,"r":10},"to":{"q":1,"r":5},"msg":"findPath: no valid path found"}
{"level":30,"time":1774382618282,"pid":1603455,"hostname":"TempleOfZyminx","from":{"q":0,"r":10},"to":{"q":1,"r":6},"msg":"findPath: no valid path found"}
{"level":30,"time":1774382618282,"pid":1603455,"hostname":"TempleOfZyminx","from":{"q":0,"r":10},"to":{"q":1,"r":13},"msg":"findPath: no valid path found"}
{"level":30,"time":1774382618282,"pid":1603455,"hostname":"TempleOfZyminx","from":{"q":0,"r":10},"to":{"q":1,"r":14},"msg":"findPath: no valid path found"}
{"level":30,"time":1774382618282,"pid":1603455,"hostname":"TempleOfZyminx","from":{"q":0,"r":10},"to":{"q":1,"r":15},"msg":"findPath: no valid path found"}
{"level":30,"time":1774382618282,"pid":1603455,"hostname":"TempleOfZyminx","from":{"q":0,"r":10},"to":{"q":1,"r":16},"msg":"findPath: no valid path found"}
{"level":30,"time":1774382618282,"pid":1603455,"hostname":"TempleOfZyminx","from":{"q":0,"r":10},"to":{"q":1,"r":17},"msg":"findPath: no valid path found"}
{"level":30,"time":1774382618282,"pid":1603455,"hostname":"TempleOfZyminx","from":{"q":0,"r":10},"to":{"q":1,"r":18},"msg":"findPath: no valid path found"}
{"level":30,"time":1774382618283,"pid":1603455,"hostname":"TempleOfZyminx","from":{"q":0,"r":10},"to":{"q":1,"r":19},"msg":"findPath: no valid path found"}
{"level":30,"time":1774382618283,"pid":1603455,"hostname":"TempleOfZyminx","from":{"q":0,"r":10},"to":{"q":1,"r":20},"msg":"findPath: no valid path found"}
{"level":30,"time":1774382618283,"pid":1603455,"hostname":"TempleOfZyminx","from":{"q":0,"r":10},"to":{"q":1,"r":21},"msg":"findPath: no valid path found"}
{"level":30,"time":1774382618283,"pid":1603455,"hostname":"TempleOfZyminx","from":{"q":0,"r":10},"to":{"q":2,"r":0},"msg":"findPath: no valid path found"}
{"level":30,"time":1774382618283,"pid":1603455,"hostname":"TempleOfZyminx","from":{"q":0,"r":10},"to":{"q":2,"r":1},"msg":"findPath: no valid path found"}
{"level":30,"time":1774382618283,"pid":1603455,"hostname":"TempleOfZyminx","from":{"q":0,"r":10},"to":{"q":2,"r":2},"msg":"findPath: no valid path found"}
{"level":30,"time":1774382618283,"pid":1603455,"hostname":"TempleOfZyminx","from":{"q":0,"r":10},"to":{"q":2,"r":3},"msg":"findPath: no valid path found"}
{"level":30,"time":1774382618283,"pid":1603455,"hostname":"TempleOfZyminx","from":{"q":0,"r":10},"to":{"q":2,"r":4},"msg":"findPath: no valid path found"}
{"level":30,"time":1774382618284,"pid":1603455,"hostname":"TempleOfZyminx","from":{"q":0,"r":10},"to":{"q":2,"r":5},"msg":"findPath: no valid path found"}
{"level":30,"time":1774382618284,"pid":1603455,"hostname":"TempleOfZyminx","from":{"q":0,"r":10},"to":{"q":2,"r":6},"msg":"findPath: no valid path found"}
{"level":30,"time":1774382618284,"pid":1603455,"hostname":"TempleOfZyminx","from":{"q":0,"r":10},"to":{"q":2,"r":12},"msg":"findPath: no valid path found"}
{"level":30,"time":1774382618284,"pid":1603455,"hostname":"TempleOfZyminx","from":{"q":0,"r":10},"to":{"q":2,"r":13},"msg":"findPath: no valid path found"}
{"level":30,"time":1774382618284,"pid":1603455,"hostname":"TempleOfZyminx","from":{"q":0,"r":10},"to":{"q":2,"r":14},"msg":"findPath: no valid path found"}
{"level":30,"time":1774382618284,"pid":1603455,"hostname":"TempleOfZyminx","from":{"q":0,"r":10},"to":{"q":2,"r":15},"msg":"findPath: no valid path found"}
{"level":30,"time":1774382618284,"pid":1603455,"hostname":"TempleOfZyminx","from":{"q":0,"r":10},"to":{"q":2,"r":16},"msg":"findPath: no valid path found"}
{"level":30,"time":1774382618284,"pid":1603455,"hostname":"TempleOfZyminx","from":{"q":0,"r":10},"to":{"q":2,"r":17},"msg":"findPath: no valid path found"}
{"level":30,"time":1774382618284,"pid":1603455,"hostname":"TempleOfZyminx","from":{"q":0,"r":10},"to":{"q":2,"r":18},"msg":"findPath: no valid path found"}
{"level":30,"time":1774382618284,"pid":1603455,"hostname":"TempleOfZyminx","from":{"q":0,"r":10},"to":{"q":2,"r":19},"msg":"findPath: no valid path found"}
{"level":30,"time":1774382618284,"pid":1603455,"hostname":"TempleOfZyminx","from":{"q":0,"r":10},"to":{"q":2,"r":20},"msg":"findPath: no valid path found"}
{"level":30,"time":1774382618284,"pid":1603455,"hostname":"TempleOfZyminx","from":{"q":0,"r":10},"to":{"q":2,"r":21},"msg":"findPath: no valid path found"}
{"level":30,"time":1774382618284,"pid":1603455,"hostname":"TempleOfZyminx","from":{"q":0,"r":10},"to":{"q":3,"r":0},"msg":"findPath: no valid path found"}
{"level":30,"time":1774382618284,"pid":1603455,"hostname":"TempleOfZyminx","from":{"q":0,"r":10},"to":{"q":3,"r":1},"msg":"findPath: no valid path found"}
{"level":30,"time":1774382618284,"pid":1603455,"hostname":"TempleOfZyminx","from":{"q":0,"r":10},"to":{"q":3,"r":2},"msg":"findPath: no valid path found"}
{"level":30,"time":1774382618284,"pid":1603455,"hostname":"TempleOfZyminx","from":{"q":0,"r":10},"to":{"q":3,"r":3},"msg":"findPath: no valid path found"}
{"level":30,"time":1774382618284,"pid":1603455,"hostname":"TempleOfZyminx","from":{"q":0,"r":10},"to":{"q":3,"r":4},"msg":"findPath: no valid path found"}
{"level":30,"time":1774382618284,"pid":1603455,"hostname":"TempleOfZyminx","from":{"q":0,"r":10},"to":{"q":3,"r":5},"msg":"findPath: no valid path found"}
{"level":30,"time":1774382618284,"pid":1603455,"hostname":"TempleOfZyminx","from":{"q":0,"r":10},"to":{"q":3,"r":6},"msg":"findPath: no valid path found"}
{"level":30,"time":1774382618285,"pid":1603455,"hostname":"TempleOfZyminx","from":{"q":0,"r":10},"to":{"q":3,"r":8},"msg":"findPath: no valid path found"}
{"level":30,"time":1774382618285,"pid":1603455,"hostname":"TempleOfZyminx","from":{"q":0,"r":10},"to":{"q":3,"r":11},"msg":"findPath: no valid path found"}
{"level":30,"time":1774382618285,"pid":1603455,"hostname":"TempleOfZyminx","from":{"q":0,"r":10},"to":{"q":3,"r":12},"msg":"findPath: no valid path found"}
{"level":30,"time":1774382618285,"pid":1603455,"hostname":"TempleOfZyminx","from":{"q":0,"r":10},"to":{"q":3,"r":13},"msg":"findPath: no valid path found"}
{"level":30,"time":1774382618285,"pid":1603455,"hostname":"TempleOfZyminx","from":{"q":0,"r":10},"to":{"q":3,"r":14},"msg":"findPath: no valid path found"}
{"level":30,"time":1774382618285,"pid":1603455,"hostname":"TempleOfZyminx","from":{"q":0,"r":10},"to":{"q":3,"r":15},"msg":"findPath: no valid path found"}
{"level":30,"time":1774382618285,"pid":1603455,"hostname":"TempleOfZyminx","from":{"q":0,"r":10},"to":{"q":3,"r":16},"msg":"findPath: no valid path found"}
{"level":30,"time":1774382618285,"pid":1603455,"hostname":"TempleOfZyminx","from":{"q":0,"r":10},"to":{"q":3,"r":17},"msg":"findPath: no valid path found"}
{"level":30,"time":1774382618285,"pid":1603455,"hostname":"TempleOfZyminx","from":{"q":0,"r":10},"to":{"q":3,"r":18},"msg":"findPath: no valid path found"}
{"level":30,"time":1774382618285,"pid":1603455,"hostname":"TempleOfZyminx","from":{"q":0,"r":10},"to":{"q":3,"r":19},"msg":"findPath: no valid path found"}
{"level":30,"time":1774382618285,"pid":1603455,"hostname":"TempleOfZyminx","from":{"q":0,"r":10},"to":{"q":3,"r":20},"msg":"findPath: no valid path found"}
{"level":30,"time":1774382618285,"pid":1603455,"hostname":"TempleOfZyminx","from":{"q":0,"r":10},"to":{"q":3,"r":21},"msg":"findPath: no valid path found"}
{"level":30,"time":1774382618285,"pid":1603455,"hostname":"TempleOfZyminx","from":{"q":0,"r":10},"to":{"q":4,"r":0},"msg":"findPath: no valid path found"}
{"level":30,"time":1774382618285,"pid":1603455,"hostname":"TempleOfZyminx","from":{"q":0,"r":10},"to":{"q":4,"r":1},"msg":"findPath: no valid path found"}
{"level":30,"time":1774382618285,"pid":1603455,"hostname":"TempleOfZyminx","from":{"q":0,"r":10},"to":{"q":4,"r":2},"msg":"findPath: no valid path found"}
{"level":30,"time":1774382618285,"pid":1603455,"hostname":"TempleOfZyminx","from":{"q":0,"r":10},"to":{"q":4,"r":3},"msg":"findPath: no valid path found"}
{"level":30,"time":1774382618285,"pid":1603455,"hostname":"TempleOfZyminx","from":{"q":0,"r":10},"to":{"q":4,"r":4},"msg":"findPath: no valid path found"}
{"level":30,"time":1774382618285,"pid":1603455,"hostname":"TempleOfZyminx","from":{"q":0,"r":10},"to":{"q":4,"r":5},"msg":"findPath: no valid path found"}
{"level":30,"time":1774382618285,"pid":1603455,"hostname":"TempleOfZyminx","from":{"q":0,"r":10},"to":{"q":4,"r":6},"msg":"findPath: no valid path found"}
{"level":30,"time":1774382618286,"pid":1603455,"hostname":"TempleOfZyminx","from":{"q":0,"r":10},"to":{"q":4,"r":8},"msg":"findPath: no valid path found"}
{"level":30,"time":1774382618286,"pid":1603455,"hostname":"TempleOfZyminx","from":{"q":0,"r":10},"to":{"q":4,"r":9},"msg":"findPath: no valid path found"}
{"level":30,"time":1774382618286,"pid":1603455,"hostname":"TempleOfZyminx","from":{"q":0,"r":10},"to":{"q":4,"r":10},"msg":"findPath: no valid path found"}
{"level":30,"time":1774382618286,"pid":1603455,"hostname":"TempleOfZyminx","from":{"q":0,"r":10},"to":{"q":4,"r":11},"msg":"findPath: no valid path found"}
{"level":30,"time":1774382618286,"pid":1603455,"hostname":"TempleOfZyminx","from":{"q":0,"r":10},"to":{"q":4,"r":12},"msg":"findPath: no valid path found"}
{"level":30,"time":1774382618286,"pid":1603455,"hostname":"TempleOfZyminx","from":{"q":0,"r":10},"to":{"q":4,"r":13},"msg":"findPath: no valid path found"}
{"level":30,"time":1774382618286,"pid":1603455,"hostname":"TempleOfZyminx","from":{"q":0,"r":10},"to":{"q":4,"r":14},"msg":"findPath: no valid path found"}
{"level":30,"time":1774382618286,"pid":1603455,"hostname":"TempleOfZyminx","from":{"q":0,"r":10},"to":{"q":4,"r":15},"msg":"findPath: no valid path found"}
{"level":30,"time":1774382618286,"pid":1603455,"hostname":"TempleOfZyminx","from":{"q":0,"r":10},"to":{"q":4,"r":16},"msg":"findPath: no valid path found"}
{"level":30,"time":1774382618286,"pid":1603455,"hostname":"TempleOfZyminx","from":{"q":0,"r":10},"to":{"q":4,"r":17},"msg":"findPath: no valid path found"}
{"level":30,"time":1774382618286,"pid":1603455,"hostname":"TempleOfZyminx","from":{"q":0,"r":10},"to":{"q":4,"r":18},"msg":"findPath: no valid path found"}
{"level":30,"time":1774382618286,"pid":1603455,"hostname":"TempleOfZyminx","from":{"q":0,"r":10},"to":{"q":4,"r":19},"msg":"findPath: no valid path found"}
{"level":30,"time":1774382618286,"pid":1603455,"hostname":"TempleOfZyminx","from":{"q":0,"r":10},"to":{"q":4,"r":20},"msg":"findPath: no valid path found"}
{"level":30,"time":1774382618286,"pid":1603455,"hostname":"TempleOfZyminx","from":{"q":0,"r":10},"to":{"q":4,"r":21},"msg":"findPath: no valid path found"}
{"level":30,"time":1774382618286,"pid":1603455,"hostname":"TempleOfZyminx","from":{"q":0,"r":10},"to":{"q":5,"r":0},"msg":"findPath: no valid path found"}
{"level":30,"time":1774382618286,"pid":1603455,"hostname":"TempleOfZyminx","from":{"q":0,"r":10},"to":{"q":5,"r":1},"msg":"findPath: no valid path found"}
{"level":30,"time":1774382618286,"pid":1603455,"hostname":"TempleOfZyminx","from":{"q":0,"r":10},"to":{"q":5,"r":2},"msg":"findPath: no valid path found"}
{"level":30,"time":1774382618286,"pid":1603455,"hostname":"TempleOfZyminx","from":{"q":0,"r":10},"to":{"q":5,"r":3},"msg":"findPath: no valid path found"}
{"level":30,"time":1774382618286,"pid":1603455,"hostname":"TempleOfZyminx","from":{"q":0,"r":10},"to":{"q":5,"r":4},"msg":"findPath: no valid path found"}
{"level":30,"time":1774382618286,"pid":1603455,"hostname":"TempleOfZyminx","from":{"q":0,"r":10},"to":{"q":5,"r":5},"msg":"findPath: no valid path found"}
{"level":30,"time":1774382618286,"pid":1603455,"hostname":"TempleOfZyminx","from":{"q":0,"r":10},"to":{"q":5,"r":8},"msg":"findPath: no valid path found"}
{"level":30,"time":1774382618286,"pid":1603455,"hostname":"TempleOfZyminx","from":{"q":0,"r":10},"to":{"q":5,"r":9},"msg":"findPath: no valid path found"}
{"level":30,"time":1774382618287,"pid":1603455,"hostname":"TempleOfZyminx","from":{"q":0,"r":10},"to":{"q":5,"r":10},"msg":"findPath: no valid path found"}
{"level":30,"time":1774382618287,"pid":1603455,"hostname":"TempleOfZyminx","from":{"q":0,"r":10},"to":{"q":5,"r":11},"msg":"findPath: no valid path found"}
{"level":30,"time":1774382618287,"pid":1603455,"hostname":"TempleOfZyminx","from":{"q":0,"r":10},"to":{"q":5,"r":12},"msg":"findPath: no valid path found"}
{"level":30,"time":1774382618287,"pid":1603455,"hostname":"TempleOfZyminx","from":{"q":0,"r":10},"to":{"q":5,"r":13},"msg":"findPath: no valid path found"}
{"level":30,"time":1774382618287,"pid":1603455,"hostname":"TempleOfZyminx","from":{"q":0,"r":10},"to":{"q":5,"r":14},"msg":"findPath: no valid path found"}
{"level":30,"time":1774382618287,"pid":1603455,"hostname":"TempleOfZyminx","from":{"q":0,"r":10},"to":{"q":5,"r":15},"msg":"findPath: no valid path found"}
{"level":30,"time":1774382618287,"pid":1603455,"hostname":"TempleOfZyminx","from":{"q":0,"r":10},"to":{"q":5,"r":16},"msg":"findPath: no valid path found"}
{"level":30,"time":1774382618287,"pid":1603455,"hostname":"TempleOfZyminx","from":{"q":0,"r":10},"to":{"q":5,"r":17},"msg":"findPath: no valid path found"}
{"level":30,"time":1774382618287,"pid":1603455,"hostname":"TempleOfZyminx","from":{"q":0,"r":10},"to":{"q":5,"r":18},"msg":"findPath: no valid path found"}
{"level":30,"time":1774382618287,"pid":1603455,"hostname":"TempleOfZyminx","from":{"q":0,"r":10},"to":{"q":5,"r":19},"msg":"findPath: no valid path found"}
{"level":30,"time":1774382618287,"pid":1603455,"hostname":"TempleOfZyminx","from":{"q":0,"r":10},"to":{"q":5,"r":20},"msg":"findPath: no valid path found"}
{"level":30,"time":1774382618287,"pid":1603455,"hostname":"TempleOfZyminx","from":{"q":0,"r":10},"to":{"q":5,"r":21},"msg":"findPath: no valid path found"}
{"level":30,"time":1774382618287,"pid":1603455,"hostname":"TempleOfZyminx","from":{"q":0,"r":10},"to":{"q":6,"r":0},"msg":"findPath: no valid path found"}
{"level":30,"time":1774382618287,"pid":1603455,"hostname":"TempleOfZyminx","from":{"q":0,"r":10},"to":{"q":6,"r":1},"msg":"findPath: no valid path found"}
{"level":30,"time":1774382618287,"pid":1603455,"hostname":"TempleOfZyminx","from":{"q":0,"r":10},"to":{"q":6,"r":2},"msg":"findPath: no valid path found"}
{"level":30,"time":1774382618287,"pid":1603455,"hostname":"TempleOfZyminx","from":{"q":0,"r":10},"to":{"q":6,"r":3},"msg":"findPath: no valid path found"}
{"level":30,"time":1774382618287,"pid":1603455,"hostname":"TempleOfZyminx","from":{"q":0,"r":10},"to":{"q":6,"r":5},"msg":"findPath: no valid path found"}
{"level":30,"time":1774382618287,"pid":1603455,"hostname":"TempleOfZyminx","from":{"q":0,"r":10},"to":{"q":6,"r":7},"msg":"findPath: no valid path found"}
{"level":30,"time":1774382618287,"pid":1603455,"hostname":"TempleOfZyminx","from":{"q":0,"r":10},"to":{"q":6,"r":8},"msg":"findPath: no valid path found"}
{"level":30,"time":1774382618287,"pid":1603455,"hostname":"TempleOfZyminx","from":{"q":0,"r":10},"to":{"q":6,"r":9},"msg":"findPath: no valid path found"}
{"level":30,"time":1774382618287,"pid":1603455,"hostname":"TempleOfZyminx","from":{"q":0,"r":10},"to":{"q":6,"r":10},"msg":"findPath: no valid path found"}
{"level":30,"time":1774382618288,"pid":1603455,"hostname":"TempleOfZyminx","from":{"q":0,"r":10},"to":{"q":6,"r":11},"msg":"findPath: no valid path found"}
{"level":30,"time":1774382618288,"pid":1603455,"hostname":"TempleOfZyminx","from":{"q":0,"r":10},"to":{"q":6,"r":12},"msg":"findPath: no valid path found"}
{"level":30,"time":1774382618288,"pid":1603455,"hostname":"TempleOfZyminx","from":{"q":0,"r":10},"to":{"q":6,"r":13},"msg":"findPath: no valid path found"}
{"level":30,"time":1774382618288,"pid":1603455,"hostname":"TempleOfZyminx","from":{"q":0,"r":10},"to":{"q":6,"r":14},"msg":"findPath: no valid path found"}
{"level":30,"time":1774382618288,"pid":1603455,"hostname":"TempleOfZyminx","from":{"q":0,"r":10},"to":{"q":6,"r":15},"msg":"findPath: no valid path found"}
{"level":30,"time":1774382618288,"pid":1603455,"hostname":"TempleOfZyminx","from":{"q":0,"r":10},"to":{"q":6,"r":16},"msg":"findPath: no valid path found"}
{"level":30,"time":1774382618288,"pid":1603455,"hostname":"TempleOfZyminx","from":{"q":0,"r":10},"to":{"q":6,"r":17},"msg":"findPath: no valid path found"}
{"level":30,"time":1774382618288,"pid":1603455,"hostname":"TempleOfZyminx","from":{"q":0,"r":10},"to":{"q":6,"r":18},"msg":"findPath: no valid path found"}
{"level":30,"time":1774382618288,"pid":1603455,"hostname":"TempleOfZyminx","from":{"q":0,"r":10},"to":{"q":6,"r":19},"msg":"findPath: no valid path found"}
{"level":30,"time":1774382618288,"pid":1603455,"hostname":"TempleOfZyminx","from":{"q":0,"r":10},"to":{"q":6,"r":20},"msg":"findPath: no valid path found"}
{"level":30,"time":1774382618288,"pid":1603455,"hostname":"TempleOfZyminx","from":{"q":0,"r":10},"to":{"q":6,"r":21},"msg":"findPath: no valid path found"}
{"level":30,"time":1774382618288,"pid":1603455,"hostname":"TempleOfZyminx","from":{"q":0,"r":10},"to":{"q":7,"r":0},"msg":"findPath: no valid path found"}
{"level":30,"time":1774382618289,"pid":1603455,"hostname":"TempleOfZyminx","from":{"q":0,"r":10},"to":{"q":7,"r":1},"msg":"findPath: no valid path found"}
{"level":30,"time":1774382618289,"pid":1603455,"hostname":"TempleOfZyminx","from":{"q":0,"r":10},"to":{"q":7,"r":2},"msg":"findPath: no valid path found"}
{"level":30,"time":1774382618289,"pid":1603455,"hostname":"TempleOfZyminx","from":{"q":0,"r":10},"to":{"q":7,"r":4},"msg":"findPath: no valid path found"}
{"level":30,"time":1774382618289,"pid":1603455,"hostname":"TempleOfZyminx","from":{"q":0,"r":10},"to":{"q":7,"r":5},"msg":"findPath: no valid path found"}
{"level":30,"time":1774382618289,"pid":1603455,"hostname":"TempleOfZyminx","from":{"q":0,"r":10},"to":{"q":7,"r":6},"msg":"findPath: no valid path found"}
{"level":30,"time":1774382618289,"pid":1603455,"hostname":"TempleOfZyminx","from":{"q":0,"r":10},"to":{"q":7,"r":7},"msg":"findPath: no valid path found"}
{"level":30,"time":1774382618289,"pid":1603455,"hostname":"TempleOfZyminx","from":{"q":0,"r":10},"to":{"q":7,"r":8},"msg":"findPath: no valid path found"}
{"level":30,"time":1774382618289,"pid":1603455,"hostname":"TempleOfZyminx","from":{"q":0,"r":10},"to":{"q":7,"r":9},"msg":"findPath: no valid path found"}
{"level":30,"time":1774382618289,"pid":1603455,"hostname":"TempleOfZyminx","from":{"q":0,"r":10},"to":{"q":7,"r":10},"msg":"findPath: no valid path found"}
{"level":30,"time":1774382618289,"pid":1603455,"hostname":"TempleOfZyminx","from":{"q":0,"r":10},"to":{"q":7,"r":11},"msg":"findPath: no valid path found"}
{"level":30,"time":1774382618289,"pid":1603455,"hostname":"TempleOfZyminx","from":{"q":0,"r":10},"to":{"q":7,"r":12},"msg":"findPath: no valid path found"}
{"level":30,"time":1774382618289,"pid":1603455,"hostname":"TempleOfZyminx","from":{"q":0,"r":10},"to":{"q":7,"r":13},"msg":"findPath: no valid path found"}
{"level":30,"time":1774382618289,"pid":1603455,"hostname":"TempleOfZyminx","from":{"q":0,"r":10},"to":{"q":7,"r":14},"msg":"findPath: no valid path found"}
{"level":30,"time":1774382618289,"pid":1603455,"hostname":"TempleOfZyminx","from":{"q":0,"r":10},"to":{"q":7,"r":15},"msg":"findPath: no valid path found"}
{"level":30,"time":1774382618289,"pid":1603455,"hostname":"TempleOfZyminx","from":{"q":0,"r":10},"to":{"q":7,"r":16},"msg":"findPath: no valid path found"}
{"level":30,"time":1774382618289,"pid":1603455,"hostname":"TempleOfZyminx","from":{"q":0,"r":10},"to":{"q":7,"r":17},"msg":"findPath: no valid path found"}
{"level":30,"time":1774382618289,"pid":1603455,"hostname":"TempleOfZyminx","from":{"q":0,"r":10},"to":{"q":7,"r":18},"msg":"findPath: no valid path found"}
{"level":30,"time":1774382618289,"pid":1603455,"hostname":"TempleOfZyminx","from":{"q":0,"r":10},"to":{"q":7,"r":19},"msg":"findPath: no valid path found"}
{"level":30,"time":1774382618289,"pid":1603455,"hostname":"TempleOfZyminx","from":{"q":0,"r":10},"to":{"q":7,"r":20},"msg":"findPath: no valid path found"}
{"level":30,"time":1774382618289,"pid":1603455,"hostname":"TempleOfZyminx","from":{"q":0,"r":10},"to":{"q":7,"r":21},"msg":"findPath: no valid path found"}
{"level":30,"time":1774382618289,"pid":1603455,"hostname":"TempleOfZyminx","from":{"q":0,"r":10},"to":{"q":8,"r":0},"msg":"findPath: no valid path found"}
{"level":30,"time":1774382618290,"pid":1603455,"hostname":"TempleOfZyminx","from":{"q":0,"r":10},"to":{"q":8,"r":1},"msg":"findPath: no valid path found"}
{"level":30,"time":1774382618290,"pid":1603455,"hostname":"TempleOfZyminx","from":{"q":0,"r":10},"to":{"q":8,"r":2},"msg":"findPath: no valid path found"}
{"level":30,"time":1774382618290,"pid":1603455,"hostname":"TempleOfZyminx","from":{"q":0,"r":10},"to":{"q":8,"r":3},"msg":"findPath: no valid path found"}
{"level":30,"time":1774382618290,"pid":1603455,"hostname":"TempleOfZyminx","from":{"q":0,"r":10},"to":{"q":8,"r":4},"msg":"findPath: no valid path found"}
{"level":30,"time":1774382618290,"pid":1603455,"hostname":"TempleOfZyminx","from":{"q":0,"r":10},"to":{"q":8,"r":5},"msg":"findPath: no valid path found"}
{"level":30,"time":1774382618290,"pid":1603455,"hostname":"TempleOfZyminx","from":{"q":0,"r":10},"to":{"q":8,"r":6},"msg":"findPath: no valid path found"}
{"level":30,"time":1774382618290,"pid":1603455,"hostname":"TempleOfZyminx","from":{"q":0,"r":10},"to":{"q":8,"r":7},"msg":"findPath: no valid path found"}
{"level":30,"time":1774382618290,"pid":1603455,"hostname":"TempleOfZyminx","from":{"q":0,"r":10},"to":{"q":8,"r":8},"msg":"findPath: no valid path found"}
{"level":30,"time":1774382618290,"pid":1603455,"hostname":"TempleOfZyminx","from":{"q":0,"r":10},"to":{"q":8,"r":9},"msg":"findPath: no valid path found"}
{"level":30,"time":1774382618290,"pid":1603455,"hostname":"TempleOfZyminx","from":{"q":0,"r":10},"to":{"q":8,"r":10},"msg":"findPath: no valid path found"}
{"level":30,"time":1774382618290,"pid":1603455,"hostname":"TempleOfZyminx","from":{"q":0,"r":10},"to":{"q":8,"r":11},"msg":"findPath: no valid path found"}
{"level":30,"time":1774382618290,"pid":1603455,"hostname":"TempleOfZyminx","from":{"q":0,"r":10},"to":{"q":8,"r":12},"msg":"findPath: no valid path found"}
{"level":30,"time":1774382618290,"pid":1603455,"hostname":"TempleOfZyminx","from":{"q":0,"r":10},"to":{"q":8,"r":13},"msg":"findPath: no valid path found"}
{"level":30,"time":1774382618290,"pid":1603455,"hostname":"TempleOfZyminx","from":{"q":0,"r":10},"to":{"q":8,"r":14},"msg":"findPath: no valid path found"}
{"level":30,"time":1774382618290,"pid":1603455,"hostname":"TempleOfZyminx","from":{"q":0,"r":10},"to":{"q":8,"r":15},"msg":"findPath: no valid path found"}
{"level":30,"time":1774382618290,"pid":1603455,"hostname":"TempleOfZyminx","from":{"q":0,"r":10},"to":{"q":8,"r":16},"msg":"findPath: no valid path found"}
{"level":30,"time":1774382618290,"pid":1603455,"hostname":"TempleOfZyminx","from":{"q":0,"r":10},"to":{"q":8,"r":17},"msg":"findPath: no valid path found"}
{"level":30,"time":1774382618290,"pid":1603455,"hostname":"TempleOfZyminx","from":{"q":0,"r":10},"to":{"q":8,"r":18},"msg":"findPath: no valid path found"}
{"level":30,"time":1774382618290,"pid":1603455,"hostname":"TempleOfZyminx","from":{"q":0,"r":10},"to":{"q":8,"r":19},"msg":"findPath: no valid path found"}
{"level":30,"time":1774382618290,"pid":1603455,"hostname":"TempleOfZyminx","from":{"q":0,"r":10},"to":{"q":8,"r":20},"msg":"findPath: no valid path found"}
{"level":30,"time":1774382618290,"pid":1603455,"hostname":"TempleOfZyminx","from":{"q":0,"r":10},"to":{"q":8,"r":21},"msg":"findPath: no valid path found"}
{"level":30,"time":1774382618290,"pid":1603455,"hostname":"TempleOfZyminx","from":{"q":0,"r":10},"to":{"q":9,"r":0},"msg":"findPath: no valid path found"}
{"level":30,"time":1774382618291,"pid":1603455,"hostname":"TempleOfZyminx","from":{"q":0,"r":10},"to":{"q":9,"r":1},"msg":"findPath: no valid path found"}
{"level":30,"time":1774382618291,"pid":1603455,"hostname":"TempleOfZyminx","from":{"q":0,"r":10},"to":{"q":9,"r":2},"msg":"findPath: no valid path found"}
{"level":30,"time":1774382618291,"pid":1603455,"hostname":"TempleOfZyminx","from":{"q":0,"r":10},"to":{"q":9,"r":3},"msg":"findPath: no valid path found"}
{"level":30,"time":1774382618291,"pid":1603455,"hostname":"TempleOfZyminx","from":{"q":0,"r":10},"to":{"q":9,"r":4},"msg":"findPath: no valid path found"}
{"level":30,"time":1774382618291,"pid":1603455,"hostname":"TempleOfZyminx","from":{"q":0,"r":10},"to":{"q":9,"r":5},"msg":"findPath: no valid path found"}
{"level":30,"time":1774382618291,"pid":1603455,"hostname":"TempleOfZyminx","from":{"q":0,"r":10},"to":{"q":9,"r":6},"msg":"findPath: no valid path found"}
{"level":30,"time":1774382618291,"pid":1603455,"hostname":"TempleOfZyminx","from":{"q":0,"r":10},"to":{"q":9,"r":7},"msg":"findPath: no valid path found"}
{"level":30,"time":1774382618291,"pid":1603455,"hostname":"TempleOfZyminx","from":{"q":0,"r":10},"to":{"q":9,"r":8},"msg":"findPath: no valid path found"}
{"level":30,"time":1774382618291,"pid":1603455,"hostname":"TempleOfZyminx","from":{"q":0,"r":10},"to":{"q":9,"r":9},"msg":"findPath: no valid path found"}
{"level":30,"time":1774382618291,"pid":1603455,"hostname":"TempleOfZyminx","from":{"q":0,"r":10},"to":{"q":9,"r":10},"msg":"findPath: no valid path found"}
{"level":30,"time":1774382618291,"pid":1603455,"hostname":"TempleOfZyminx","from":{"q":0,"r":10},"to":{"q":9,"r":11},"msg":"findPath: no valid path found"}
{"level":30,"time":1774382618291,"pid":1603455,"hostname":"TempleOfZyminx","from":{"q":0,"r":10},"to":{"q":9,"r":12},"msg":"findPath: no valid path found"}
{"level":30,"time":1774382618291,"pid":1603455,"hostname":"TempleOfZyminx","from":{"q":0,"r":10},"to":{"q":9,"r":13},"msg":"findPath: no valid path found"}
{"level":30,"time":1774382618291,"pid":1603455,"hostname":"TempleOfZyminx","from":{"q":0,"r":10},"to":{"q":9,"r":14},"msg":"findPath: no valid path found"}
{"level":30,"time":1774382618291,"pid":1603455,"hostname":"TempleOfZyminx","from":{"q":0,"r":10},"to":{"q":9,"r":15},"msg":"findPath: no valid path found"}
{"level":30,"time":1774382618291,"pid":1603455,"hostname":"TempleOfZyminx","from":{"q":0,"r":10},"to":{"q":9,"r":16},"msg":"findPath: no valid path found"}
{"level":30,"time":1774382618291,"pid":1603455,"hostname":"TempleOfZyminx","from":{"q":0,"r":10},"to":{"q":9,"r":17},"msg":"findPath: no valid path found"}
{"level":30,"time":1774382618291,"pid":1603455,"hostname":"TempleOfZyminx","from":{"q":0,"r":10},"to":{"q":9,"r":18},"msg":"findPath: no valid path found"}
{"level":30,"time":1774382618291,"pid":1603455,"hostname":"TempleOfZyminx","from":{"q":0,"r":10},"to":{"q":9,"r":19},"msg":"findPath: no valid path found"}
{"level":30,"time":1774382618291,"pid":1603455,"hostname":"TempleOfZyminx","from":{"q":0,"r":10},"to":{"q":9,"r":20},"msg":"findPath: no valid path found"}
{"level":30,"time":1774382618291,"pid":1603455,"hostname":"TempleOfZyminx","from":{"q":0,"r":10},"to":{"q":9,"r":21},"msg":"findPath: no valid path found"}
{"level":30,"time":1774382618292,"pid":1603455,"hostname":"TempleOfZyminx","from":{"q":0,"r":10},"to":{"q":10,"r":0},"msg":"findPath: no valid path found"}
{"level":30,"time":1774382618292,"pid":1603455,"hostname":"TempleOfZyminx","from":{"q":0,"r":10},"to":{"q":10,"r":1},"msg":"findPath: no valid path found"}
{"level":30,"time":1774382618292,"pid":1603455,"hostname":"TempleOfZyminx","from":{"q":0,"r":10},"to":{"q":10,"r":2},"msg":"findPath: no valid path found"}
{"level":30,"time":1774382618292,"pid":1603455,"hostname":"TempleOfZyminx","from":{"q":0,"r":10},"to":{"q":10,"r":3},"msg":"findPath: no valid path found"}
{"level":30,"time":1774382618292,"pid":1603455,"hostname":"TempleOfZyminx","from":{"q":0,"r":10},"to":{"q":10,"r":4},"msg":"findPath: no valid path found"}
{"level":30,"time":1774382618292,"pid":1603455,"hostname":"TempleOfZyminx","from":{"q":0,"r":10},"to":{"q":10,"r":5},"msg":"findPath: no valid path found"}
{"level":30,"time":1774382618292,"pid":1603455,"hostname":"TempleOfZyminx","from":{"q":0,"r":10},"to":{"q":10,"r":6},"msg":"findPath: no valid path found"}
{"level":30,"time":1774382618292,"pid":1603455,"hostname":"TempleOfZyminx","from":{"q":0,"r":10},"to":{"q":10,"r":7},"msg":"findPath: no valid path found"}
{"level":30,"time":1774382618292,"pid":1603455,"hostname":"TempleOfZyminx","from":{"q":0,"r":10},"to":{"q":10,"r":8},"msg":"findPath: no valid path found"}
{"level":30,"time":1774382618292,"pid":1603455,"hostname":"TempleOfZyminx","from":{"q":0,"r":10},"to":{"q":10,"r":9},"msg":"findPath: no valid path found"}
{"level":30,"time":1774382618292,"pid":1603455,"hostname":"TempleOfZyminx","from":{"q":0,"r":10},"to":{"q":10,"r":10},"msg":"findPath: no valid path found"}
{"level":30,"time":1774382618292,"pid":1603455,"hostname":"TempleOfZyminx","from":{"q":0,"r":10},"to":{"q":10,"r":11},"msg":"findPath: no valid path found"}
{"level":30,"time":1774382618292,"pid":1603455,"hostname":"TempleOfZyminx","from":{"q":0,"r":10},"to":{"q":10,"r":12},"msg":"findPath: no valid path found"}
{"level":30,"time":1774382618292,"pid":1603455,"hostname":"TempleOfZyminx","from":{"q":0,"r":10},"to":{"q":10,"r":13},"msg":"findPath: no valid path found"}
{"level":30,"time":1774382618292,"pid":1603455,"hostname":"TempleOfZyminx","from":{"q":0,"r":10},"to":{"q":10,"r":14},"msg":"findPath: no valid path found"}
{"level":30,"time":1774382618292,"pid":1603455,"hostname":"TempleOfZyminx","from":{"q":0,"r":10},"to":{"q":10,"r":15},"msg":"findPath: no valid path found"}
{"level":30,"time":1774382618292,"pid":1603455,"hostname":"TempleOfZyminx","from":{"q":0,"r":10},"to":{"q":10,"r":16},"msg":"findPath: no valid path found"}
{"level":30,"time":1774382618292,"pid":1603455,"hostname":"TempleOfZyminx","from":{"q":0,"r":10},"to":{"q":10,"r":17},"msg":"findPath: no valid path found"}
{"level":30,"time":1774382618292,"pid":1603455,"hostname":"TempleOfZyminx","from":{"q":0,"r":10},"to":{"q":10,"r":18},"msg":"findPath: no valid path found"}
{"level":30,"time":1774382618292,"pid":1603455,"hostname":"TempleOfZyminx","from":{"q":0,"r":10},"to":{"q":10,"r":19},"msg":"findPath: no valid path found"}
{"level":30,"time":1774382618292,"pid":1603455,"hostname":"TempleOfZyminx","from":{"q":0,"r":10},"to":{"q":10,"r":20},"msg":"findPath: no valid path found"}
{"level":30,"time":1774382618293,"pid":1603455,"hostname":"TempleOfZyminx","from":{"q":0,"r":10},"to":{"q":10,"r":21},"msg":"findPath: no valid path found"}
{"level":30,"time":1774382618293,"pid":1603455,"hostname":"TempleOfZyminx","from":{"q":0,"r":10},"to":{"q":11,"r":0},"msg":"findPath: no valid path found"}
{"level":30,"time":1774382618293,"pid":1603455,"hostname":"TempleOfZyminx","from":{"q":0,"r":10},"to":{"q":11,"r":1},"msg":"findPath: no valid path found"}
{"level":30,"time":1774382618293,"pid":1603455,"hostname":"TempleOfZyminx","from":{"q":0,"r":10},"to":{"q":11,"r":2},"msg":"findPath: no valid path found"}
{"level":30,"time":1774382618293,"pid":1603455,"hostname":"TempleOfZyminx","from":{"q":0,"r":10},"to":{"q":11,"r":3},"msg":"findPath: no valid path found"}
{"level":30,"time":1774382618293,"pid":1603455,"hostname":"TempleOfZyminx","from":{"q":0,"r":10},"to":{"q":11,"r":4},"msg":"findPath: no valid path found"}
{"level":30,"time":1774382618293,"pid":1603455,"hostname":"TempleOfZyminx","from":{"q":0,"r":10},"to":{"q":11,"r":5},"msg":"findPath: no valid path found"}
{"level":30,"time":1774382618293,"pid":1603455,"hostname":"TempleOfZyminx","from":{"q":0,"r":10},"to":{"q":11,"r":6},"msg":"findPath: no valid path found"}
{"level":30,"time":1774382618293,"pid":1603455,"hostname":"TempleOfZyminx","from":{"q":0,"r":10},"to":{"q":11,"r":7},"msg":"findPath: no valid path found"}
{"level":30,"time":1774382618293,"pid":1603455,"hostname":"TempleOfZyminx","from":{"q":0,"r":10},"to":{"q":11,"r":8},"msg":"findPath: no valid path found"}
{"level":30,"time":1774382618293,"pid":1603455,"hostname":"TempleOfZyminx","from":{"q":0,"r":10},"to":{"q":11,"r":9},"msg":"findPath: no valid path found"}
{"level":30,"time":1774382618293,"pid":1603455,"hostname":"TempleOfZyminx","from":{"q":0,"r":10},"to":{"q":11,"r":10},"msg":"findPath: no valid path found"}
{"level":30,"time":1774382618293,"pid":1603455,"hostname":"TempleOfZyminx","from":{"q":0,"r":10},"to":{"q":11,"r":11},"msg":"findPath: no valid path found"}
{"level":30,"time":1774382618293,"pid":1603455,"hostname":"TempleOfZyminx","from":{"q":0,"r":10},"to":{"q":11,"r":12},"msg":"findPath: no valid path found"}
{"level":30,"time":1774382618293,"pid":1603455,"hostname":"TempleOfZyminx","from":{"q":0,"r":10},"to":{"q":11,"r":13},"msg":"findPath: no valid path found"}
{"level":30,"time":1774382618293,"pid":1603455,"hostname":"TempleOfZyminx","from":{"q":0,"r":10},"to":{"q":11,"r":14},"msg":"findPath: no valid path found"}
{"level":30,"time":1774382618293,"pid":1603455,"hostname":"TempleOfZyminx","from":{"q":0,"r":10},"to":{"q":11,"r":15},"msg":"findPath: no valid path found"}
{"level":30,"time":1774382618293,"pid":1603455,"hostname":"TempleOfZyminx","from":{"q":0,"r":10},"to":{"q":11,"r":16},"msg":"findPath: no valid path found"}
{"level":30,"time":1774382618293,"pid":1603455,"hostname":"TempleOfZyminx","from":{"q":0,"r":10},"to":{"q":11,"r":17},"msg":"findPath: no valid path found"}
{"level":30,"time":1774382618293,"pid":1603455,"hostname":"TempleOfZyminx","from":{"q":0,"r":10},"to":{"q":11,"r":18},"msg":"findPath: no valid path found"}
{"level":30,"time":1774382618293,"pid":1603455,"hostname":"TempleOfZyminx","from":{"q":0,"r":10},"to":{"q":11,"r":19},"msg":"findPath: no valid path found"}
{"level":30,"time":1774382618293,"pid":1603455,"hostname":"TempleOfZyminx","from":{"q":0,"r":10},"to":{"q":11,"r":20},"msg":"findPath: no valid path found"}
{"level":30,"time":1774382618294,"pid":1603455,"hostname":"TempleOfZyminx","from":{"q":0,"r":10},"to":{"q":11,"r":21},"msg":"findPath: no valid path found"}
{"level":30,"time":1774382618294,"pid":1603455,"hostname":"TempleOfZyminx","from":{"q":0,"r":10},"to":{"q":12,"r":0},"msg":"findPath: no valid path found"}
{"level":30,"time":1774382618294,"pid":1603455,"hostname":"TempleOfZyminx","from":{"q":0,"r":10},"to":{"q":12,"r":1},"msg":"findPath: no valid path found"}
{"level":30,"time":1774382618294,"pid":1603455,"hostname":"TempleOfZyminx","from":{"q":0,"r":10},"to":{"q":12,"r":2},"msg":"findPath: no valid path found"}
{"level":30,"time":1774382618294,"pid":1603455,"hostname":"TempleOfZyminx","from":{"q":0,"r":10},"to":{"q":12,"r":3},"msg":"findPath: no valid path found"}
{"level":30,"time":1774382618294,"pid":1603455,"hostname":"TempleOfZyminx","from":{"q":0,"r":10},"to":{"q":12,"r":4},"msg":"findPath: no valid path found"}
{"level":30,"time":1774382618294,"pid":1603455,"hostname":"TempleOfZyminx","from":{"q":0,"r":10},"to":{"q":12,"r":5},"msg":"findPath: no valid path found"}
{"level":30,"time":1774382618294,"pid":1603455,"hostname":"TempleOfZyminx","from":{"q":0,"r":10},"to":{"q":12,"r":6},"msg":"findPath: no valid path found"}
{"level":30,"time":1774382618294,"pid":1603455,"hostname":"TempleOfZyminx","from":{"q":0,"r":10},"to":{"q":12,"r":7},"msg":"findPath: no valid path found"}
{"level":30,"time":1774382618294,"pid":1603455,"hostname":"TempleOfZyminx","from":{"q":0,"r":10},"to":{"q":12,"r":8},"msg":"findPath: no valid path found"}
{"level":30,"time":1774382618294,"pid":1603455,"hostname":"TempleOfZyminx","from":{"q":0,"r":10},"to":{"q":12,"r":9},"msg":"findPath: no valid path found"}
{"level":30,"time":1774382618294,"pid":1603455,"hostname":"TempleOfZyminx","from":{"q":0,"r":10},"to":{"q":12,"r":10},"msg":"findPath: no valid path found"}
{"level":30,"time":1774382618294,"pid":1603455,"hostname":"TempleOfZyminx","from":{"q":0,"r":10},"to":{"q":12,"r":11},"msg":"findPath: no valid path found"}
{"level":30,"time":1774382618294,"pid":1603455,"hostname":"TempleOfZyminx","from":{"q":0,"r":10},"to":{"q":12,"r":12},"msg":"findPath: no valid path found"}
{"level":30,"time":1774382618294,"pid":1603455,"hostname":"TempleOfZyminx","from":{"q":0,"r":10},"to":{"q":12,"r":13},"msg":"findPath: no valid path found"}
{"level":30,"time":1774382618294,"pid":1603455,"hostname":"TempleOfZyminx","from":{"q":0,"r":10},"to":{"q":12,"r":14},"msg":"findPath: no valid path found"}
{"level":30,"time":1774382618294,"pid":1603455,"hostname":"TempleOfZyminx","from":{"q":0,"r":10},"to":{"q":12,"r":15},"msg":"findPath: no valid path found"}
{"level":30,"time":1774382618294,"pid":1603455,"hostname":"TempleOfZyminx","from":{"q":0,"r":10},"to":{"q":12,"r":16},"msg":"findPath: no valid path found"}
{"level":30,"time":1774382618294,"pid":1603455,"hostname":"TempleOfZyminx","from":{"q":0,"r":10},"to":{"q":12,"r":17},"msg":"findPath: no valid path found"}
{"level":30,"time":1774382618294,"pid":1603455,"hostname":"TempleOfZyminx","from":{"q":0,"r":10},"to":{"q":12,"r":18},"msg":"findPath: no valid path found"}
{"level":30,"time":1774382618294,"pid":1603455,"hostname":"TempleOfZyminx","from":{"q":0,"r":10},"to":{"q":12,"r":19},"msg":"findPath: no valid path found"}
{"level":30,"time":1774382618294,"pid":1603455,"hostname":"TempleOfZyminx","from":{"q":0,"r":10},"to":{"q":12,"r":20},"msg":"findPath: no valid path found"}
{"level":30,"time":1774382618294,"pid":1603455,"hostname":"TempleOfZyminx","from":{"q":0,"r":10},"to":{"q":12,"r":21},"msg":"findPath: no valid path found"}
{"level":30,"time":1774382618294,"pid":1603455,"hostname":"TempleOfZyminx","from":{"q":0,"r":10},"to":{"q":13,"r":0},"msg":"findPath: no valid path found"}
{"level":30,"time":1774382618295,"pid":1603455,"hostname":"TempleOfZyminx","from":{"q":0,"r":10},"to":{"q":13,"r":1},"msg":"findPath: no valid path found"}
{"level":30,"time":1774382618295,"pid":1603455,"hostname":"TempleOfZyminx","from":{"q":0,"r":10},"to":{"q":13,"r":2},"msg":"findPath: no valid path found"}
{"level":30,"time":1774382618295,"pid":1603455,"hostname":"TempleOfZyminx","from":{"q":0,"r":10},"to":{"q":13,"r":3},"msg":"findPath: no valid path found"}
{"level":30,"time":1774382618295,"pid":1603455,"hostname":"TempleOfZyminx","from":{"q":0,"r":10},"to":{"q":13,"r":4},"msg":"findPath: no valid path found"}
{"level":30,"time":1774382618295,"pid":1603455,"hostname":"TempleOfZyminx","from":{"q":0,"r":10},"to":{"q":13,"r":5},"msg":"findPath: no valid path found"}
{"level":30,"time":1774382618295,"pid":1603455,"hostname":"TempleOfZyminx","from":{"q":0,"r":10},"to":{"q":13,"r":6},"msg":"findPath: no valid path found"}
{"level":30,"time":1774382618295,"pid":1603455,"hostname":"TempleOfZyminx","from":{"q":0,"r":10},"to":{"q":13,"r":7},"msg":"findPath: no valid path found"}
{"level":30,"time":1774382618295,"pid":1603455,"hostname":"TempleOfZyminx","from":{"q":0,"r":10},"to":{"q":13,"r":8},"msg":"findPath: no valid path found"}
{"level":30,"time":1774382618295,"pid":1603455,"hostname":"TempleOfZyminx","from":{"q":0,"r":10},"to":{"q":13,"r":9},"msg":"findPath: no valid path found"}
{"level":30,"time":1774382618295,"pid":1603455,"hostname":"TempleOfZyminx","from":{"q":0,"r":10},"to":{"q":13,"r":10},"msg":"findPath: no valid path found"}
{"level":30,"time":1774382618295,"pid":1603455,"hostname":"TempleOfZyminx","from":{"q":0,"r":10},"to":{"q":13,"r":11},"msg":"findPath: no valid path found"}
{"level":30,"time":1774382618295,"pid":1603455,"hostname":"TempleOfZyminx","from":{"q":0,"r":10},"to":{"q":13,"r":12},"msg":"findPath: no valid path found"}
{"level":30,"time":1774382618295,"pid":1603455,"hostname":"TempleOfZyminx","from":{"q":0,"r":10},"to":{"q":13,"r":13},"msg":"findPath: no valid path found"}
{"level":30,"time":1774382618295,"pid":1603455,"hostname":"TempleOfZyminx","from":{"q":0,"r":10},"to":{"q":13,"r":14},"msg":"findPath: no valid path found"}
{"level":30,"time":1774382618295,"pid":1603455,"hostname":"TempleOfZyminx","from":{"q":0,"r":10},"to":{"q":13,"r":15},"msg":"findPath: no valid path found"}
{"level":30,"time":1774382618295,"pid":1603455,"hostname":"TempleOfZyminx","from":{"q":0,"r":10},"to":{"q":13,"r":16},"msg":"findPath: no valid path found"}
{"level":30,"time":1774382618295,"pid":1603455,"hostname":"TempleOfZyminx","from":{"q":0,"r":10},"to":{"q":13,"r":17},"msg":"findPath: no valid path found"}
{"level":30,"time":1774382618295,"pid":1603455,"hostname":"TempleOfZyminx","from":{"q":0,"r":10},"to":{"q":13,"r":18},"msg":"findPath: no valid path found"}
{"level":30,"time":1774382618295,"pid":1603455,"hostname":"TempleOfZyminx","from":{"q":0,"r":10},"to":{"q":13,"r":19},"msg":"findPath: no valid path found"}
{"level":30,"time":1774382618295,"pid":1603455,"hostname":"TempleOfZyminx","from":{"q":0,"r":10},"to":{"q":13,"r":20},"msg":"findPath: no valid path found"}
{"level":30,"time":1774382618295,"pid":1603455,"hostname":"TempleOfZyminx","from":{"q":0,"r":10},"to":{"q":13,"r":21},"msg":"findPath: no valid path found"}
{"level":30,"time":1774382618296,"pid":1603455,"hostname":"TempleOfZyminx","from":{"q":0,"r":10},"to":{"q":14,"r":0},"msg":"findPath: no valid path found"}
{"level":30,"time":1774382618296,"pid":1603455,"hostname":"TempleOfZyminx","from":{"q":0,"r":10},"to":{"q":14,"r":1},"msg":"findPath: no valid path found"}
{"level":30,"time":1774382618296,"pid":1603455,"hostname":"TempleOfZyminx","from":{"q":0,"r":10},"to":{"q":14,"r":2},"msg":"findPath: no valid path found"}
{"level":30,"time":1774382618296,"pid":1603455,"hostname":"TempleOfZyminx","from":{"q":0,"r":10},"to":{"q":14,"r":3},"msg":"findPath: no valid path found"}
{"level":30,"time":1774382618296,"pid":1603455,"hostname":"TempleOfZyminx","from":{"q":0,"r":10},"to":{"q":14,"r":4},"msg":"findPath: no valid path found"}
{"level":30,"time":1774382618296,"pid":1603455,"hostname":"TempleOfZyminx","from":{"q":0,"r":10},"to":{"q":14,"r":5},"msg":"findPath: no valid path found"}
{"level":30,"time":1774382618296,"pid":1603455,"hostname":"TempleOfZyminx","from":{"q":0,"r":10},"to":{"q":14,"r":6},"msg":"findPath: no valid path found"}
{"level":30,"time":1774382618296,"pid":1603455,"hostname":"TempleOfZyminx","from":{"q":0,"r":10},"to":{"q":14,"r":7},"msg":"findPath: no valid path found"}
{"level":30,"time":1774382618296,"pid":1603455,"hostname":"TempleOfZyminx","from":{"q":0,"r":10},"to":{"q":14,"r":8},"msg":"findPath: no valid path found"}
{"level":30,"time":1774382618296,"pid":1603455,"hostname":"TempleOfZyminx","from":{"q":0,"r":10},"to":{"q":14,"r":9},"msg":"findPath: no valid path found"}
{"level":30,"time":1774382618296,"pid":1603455,"hostname":"TempleOfZyminx","from":{"q":0,"r":10},"to":{"q":14,"r":10},"msg":"findPath: no valid path found"}
{"level":30,"time":1774382618296,"pid":1603455,"hostname":"TempleOfZyminx","from":{"q":0,"r":10},"to":{"q":14,"r":11},"msg":"findPath: no valid path found"}
{"level":30,"time":1774382618296,"pid":1603455,"hostname":"TempleOfZyminx","from":{"q":0,"r":10},"to":{"q":14,"r":12},"msg":"findPath: no valid path found"}
{"level":30,"time":1774382618296,"pid":1603455,"hostname":"TempleOfZyminx","from":{"q":0,"r":10},"to":{"q":14,"r":13},"msg":"findPath: no valid path found"}
{"level":30,"time":1774382618296,"pid":1603455,"hostname":"TempleOfZyminx","from":{"q":0,"r":10},"to":{"q":14,"r":14},"msg":"findPath: no valid path found"}
{"level":30,"time":1774382618296,"pid":1603455,"hostname":"TempleOfZyminx","from":{"q":0,"r":10},"to":{"q":14,"r":15},"msg":"findPath: no valid path found"}
{"level":30,"time":1774382618296,"pid":1603455,"hostname":"TempleOfZyminx","from":{"q":0,"r":10},"to":{"q":14,"r":16},"msg":"findPath: no valid path found"}
{"level":30,"time":1774382618296,"pid":1603455,"hostname":"TempleOfZyminx","from":{"q":0,"r":10},"to":{"q":14,"r":17},"msg":"findPath: no valid path found"}
{"level":30,"time":1774382618296,"pid":1603455,"hostname":"TempleOfZyminx","from":{"q":0,"r":10},"to":{"q":14,"r":18},"msg":"findPath: no valid path found"}
{"level":30,"time":1774382618296,"pid":1603455,"hostname":"TempleOfZyminx","from":{"q":0,"r":10},"to":{"q":14,"r":19},"msg":"findPath: no valid path found"}
{"level":30,"time":1774382618296,"pid":1603455,"hostname":"TempleOfZyminx","from":{"q":0,"r":10},"to":{"q":14,"r":20},"msg":"findPath: no valid path found"}
{"level":30,"time":1774382618297,"pid":1603455,"hostname":"TempleOfZyminx","from":{"q":0,"r":10},"to":{"q":14,"r":21},"msg":"findPath: no valid path found"}
{"level":30,"time":1774382618303,"pid":1603455,"hostname":"TempleOfZyminx","id":"bff22e3b-698b-4b9f-b53b-63bfe8a08d1a","command":"MOVE","msg":"Submitting game action"}
{"level":30,"time":1774382618304,"pid":1603455,"hostname":"TempleOfZyminx","gameId":"bff22e3b-698b-4b9f-b53b-63bfe8a08d1a","unitId":"onion-1","msg":"Processing MOVE command"}
{"level":30,"time":1774382618305,"pid":1603455,"hostname":"TempleOfZyminx","id":"bff22e3b-698b-4b9f-b53b-63bfe8a08d1a","msg":"Fetching game state"}
{"level":30,"time":1774382618306,"pid":1603455,"hostname":"TempleOfZyminx","id":"bff22e3b-698b-4b9f-b53b-63bfe8a08d1a","msg":"Fetching game state"}
{"level":30,"time":1774382618309,"pid":1603455,"hostname":"TempleOfZyminx","id":"bff22e3b-698b-4b9f-b53b-63bfe8a08d1a","command":"END_PHASE","msg":"Submitting game action"}
{"level":30,"time":1774382618309,"pid":1603455,"hostname":"TempleOfZyminx","gameId":"bff22e3b-698b-4b9f-b53b-63bfe8a08d1a","phase":"ONION_MOVE","msg":"Advancing phase"}
{"level":30,"time":1774382618309,"pid":1603455,"hostname":"TempleOfZyminx","phase":"ONION_MOVE","turnNumber":1,"msg":"Advancing phase in engine"}
{"level":30,"time":1774382618310,"pid":1603455,"hostname":"TempleOfZyminx","id":"bff22e3b-698b-4b9f-b53b-63bfe8a08d1a","msg":"Fetching game state"}
{"level":30,"time":1774382618310,"pid":1603455,"hostname":"TempleOfZyminx","id":"bff22e3b-698b-4b9f-b53b-63bfe8a08d1a","msg":"Fetching game state"}
{"level":30,"time":1774382618311,"pid":1603455,"hostname":"TempleOfZyminx","id":"bff22e3b-698b-4b9f-b53b-63bfe8a08d1a","command":"FIRE","msg":"Submitting game action"}
{"level":30,"time":1774382618311,"pid":1603455,"hostname":"TempleOfZyminx","gameId":"bff22e3b-698b-4b9f-b53b-63bfe8a08d1a","type":"FIRE","msg":"Processing combat command"}
{"level":30,"time":1774382618311,"pid":1603455,"hostname":"TempleOfZyminx","commandType":"FIRE","msg":"Validating combat action"}
{"level":30,"time":1774382618311,"pid":1603455,"hostname":"TempleOfZyminx","plan":{"actionType":"FIRE","actor":"onion","attackerIds":["missile_1"],"target":{"kind":"defender","id":"pigs-1"},"attackStrength":6,"defense":3,"weaponIds":["missile_1"]},"msg":"Executing combat action"}
{"level":30,"time":1774382618312,"pid":1603455,"hostname":"TempleOfZyminx","id":"bff22e3b-698b-4b9f-b53b-63bfe8a08d1a","command":"FIRE","msg":"Submitting game action"}
{"level":30,"time":1774382618312,"pid":1603455,"hostname":"TempleOfZyminx","gameId":"bff22e3b-698b-4b9f-b53b-63bfe8a08d1a","type":"FIRE","msg":"Processing combat command"}
{"level":30,"time":1774382618313,"pid":1603455,"hostname":"TempleOfZyminx","commandType":"FIRE","msg":"Validating combat action"}
{"level":30,"time":1774382618313,"pid":1603455,"hostname":"TempleOfZyminx","gameId":"bff22e3b-698b-4b9f-b53b-63bfe8a08d1a","error":"Target is already destroyed","msg":"Invalid combat command"}
{"level":30,"time":1774382618313,"pid":1603455,"hostname":"TempleOfZyminx","id":"bff22e3b-698b-4b9f-b53b-63bfe8a08d1a","msg":"Fetching game state"}
{"level":30,"time":1774382618314,"pid":1603455,"hostname":"TempleOfZyminx","id":"bff22e3b-698b-4b9f-b53b-63bfe8a08d1a","command":"END_PHASE","msg":"Submitting game action"}
{"level":30,"time":1774382618314,"pid":1603455,"hostname":"TempleOfZyminx","gameId":"bff22e3b-698b-4b9f-b53b-63bfe8a08d1a","phase":"ONION_COMBAT","msg":"Advancing phase"}
{"level":30,"time":1774382618314,"pid":1603455,"hostname":"TempleOfZyminx","phase":"ONION_COMBAT","turnNumber":1,"msg":"Advancing phase in engine"}
{"level":30,"time":1774382618314,"pid":1603455,"hostname":"TempleOfZyminx","id":"bff22e3b-698b-4b9f-b53b-63bfe8a08d1a","msg":"Fetching game state"}
{"level":30,"time":1774382618315,"pid":1603455,"hostname":"TempleOfZyminx","id":"bff22e3b-698b-4b9f-b53b-63bfe8a08d1a","msg":"Fetching game state"}
{"level":30,"time":1774382618316,"pid":1603455,"hostname":"TempleOfZyminx","from":{"q":5,"r":6},"to":{"q":0,"r":0},"msg":"findPath: no valid path found"}
{"level":30,"time":1774382618316,"pid":1603455,"hostname":"TempleOfZyminx","from":{"q":5,"r":6},"to":{"q":0,"r":1},"msg":"findPath: no valid path found"}
{"level":30,"time":1774382618316,"pid":1603455,"hostname":"TempleOfZyminx","from":{"q":5,"r":6},"to":{"q":0,"r":2},"msg":"findPath: no valid path found"}
{"level":30,"time":1774382618316,"pid":1603455,"hostname":"TempleOfZyminx","from":{"q":5,"r":6},"to":{"q":0,"r":3},"msg":"findPath: no valid path found"}
{"level":30,"time":1774382618316,"pid":1603455,"hostname":"TempleOfZyminx","from":{"q":5,"r":6},"to":{"q":0,"r":4},"msg":"findPath: no valid path found"}
{"level":30,"time":1774382618316,"pid":1603455,"hostname":"TempleOfZyminx","from":{"q":5,"r":6},"to":{"q":0,"r":5},"msg":"findPath: no valid path found"}
{"level":30,"time":1774382618316,"pid":1603455,"hostname":"TempleOfZyminx","from":{"q":5,"r":6},"to":{"q":0,"r":6},"msg":"findPath: no valid path found"}
{"level":30,"time":1774382618316,"pid":1603455,"hostname":"TempleOfZyminx","from":{"q":5,"r":6},"to":{"q":0,"r":7},"msg":"findPath: no valid path found"}
{"level":30,"time":1774382618317,"pid":1603455,"hostname":"TempleOfZyminx","from":{"q":5,"r":6},"to":{"q":0,"r":8},"msg":"findPath: no valid path found"}
{"level":30,"time":1774382618317,"pid":1603455,"hostname":"TempleOfZyminx","from":{"q":5,"r":6},"to":{"q":0,"r":9},"msg":"findPath: no valid path found"}
{"level":30,"time":1774382618317,"pid":1603455,"hostname":"TempleOfZyminx","from":{"q":5,"r":6},"to":{"q":0,"r":10},"msg":"findPath: no valid path found"}
{"level":30,"time":1774382618317,"pid":1603455,"hostname":"TempleOfZyminx","from":{"q":5,"r":6},"to":{"q":0,"r":11},"msg":"findPath: no valid path found"}
{"level":30,"time":1774382618317,"pid":1603455,"hostname":"TempleOfZyminx","from":{"q":5,"r":6},"to":{"q":0,"r":12},"msg":"findPath: no valid path found"}
{"level":30,"time":1774382618317,"pid":1603455,"hostname":"TempleOfZyminx","from":{"q":5,"r":6},"to":{"q":0,"r":13},"msg":"findPath: no valid path found"}
{"level":30,"time":1774382618317,"pid":1603455,"hostname":"TempleOfZyminx","from":{"q":5,"r":6},"to":{"q":0,"r":14},"msg":"findPath: no valid path found"}
{"level":30,"time":1774382618317,"pid":1603455,"hostname":"TempleOfZyminx","from":{"q":5,"r":6},"to":{"q":0,"r":15},"msg":"findPath: no valid path found"}
{"level":30,"time":1774382618317,"pid":1603455,"hostname":"TempleOfZyminx","from":{"q":5,"r":6},"to":{"q":0,"r":16},"msg":"findPath: no valid path found"}
{"level":30,"time":1774382618317,"pid":1603455,"hostname":"TempleOfZyminx","from":{"q":5,"r":6},"to":{"q":0,"r":17},"msg":"findPath: no valid path found"}
{"level":30,"time":1774382618317,"pid":1603455,"hostname":"TempleOfZyminx","from":{"q":5,"r":6},"to":{"q":0,"r":18},"msg":"findPath: no valid path found"}
{"level":30,"time":1774382618317,"pid":1603455,"hostname":"TempleOfZyminx","from":{"q":5,"r":6},"to":{"q":0,"r":19},"msg":"findPath: no valid path found"}
{"level":30,"time":1774382618317,"pid":1603455,"hostname":"TempleOfZyminx","from":{"q":5,"r":6},"to":{"q":0,"r":20},"msg":"findPath: no valid path found"}
{"level":30,"time":1774382618318,"pid":1603455,"hostname":"TempleOfZyminx","from":{"q":5,"r":6},"to":{"q":0,"r":21},"msg":"findPath: no valid path found"}
{"level":30,"time":1774382618318,"pid":1603455,"hostname":"TempleOfZyminx","from":{"q":5,"r":6},"to":{"q":1,"r":0},"msg":"findPath: no valid path found"}
{"level":30,"time":1774382618318,"pid":1603455,"hostname":"TempleOfZyminx","from":{"q":5,"r":6},"to":{"q":1,"r":1},"msg":"findPath: no valid path found"}
{"level":30,"time":1774382618318,"pid":1603455,"hostname":"TempleOfZyminx","from":{"q":5,"r":6},"to":{"q":1,"r":2},"msg":"findPath: no valid path found"}
{"level":30,"time":1774382618318,"pid":1603455,"hostname":"TempleOfZyminx","from":{"q":5,"r":6},"to":{"q":1,"r":3},"msg":"findPath: no valid path found"}
{"level":30,"time":1774382618318,"pid":1603455,"hostname":"TempleOfZyminx","from":{"q":5,"r":6},"to":{"q":1,"r":4},"msg":"findPath: no valid path found"}
{"level":30,"time":1774382618318,"pid":1603455,"hostname":"TempleOfZyminx","from":{"q":5,"r":6},"to":{"q":1,"r":5},"msg":"findPath: no valid path found"}
{"level":30,"time":1774382618319,"pid":1603455,"hostname":"TempleOfZyminx","from":{"q":5,"r":6},"to":{"q":1,"r":10},"msg":"findPath: no valid path found"}
{"level":30,"time":1774382618319,"pid":1603455,"hostname":"TempleOfZyminx","from":{"q":5,"r":6},"to":{"q":1,"r":11},"msg":"findPath: no valid path found"}
{"level":30,"time":1774382618319,"pid":1603455,"hostname":"TempleOfZyminx","from":{"q":5,"r":6},"to":{"q":1,"r":12},"msg":"findPath: no valid path found"}
{"level":30,"time":1774382618319,"pid":1603455,"hostname":"TempleOfZyminx","from":{"q":5,"r":6},"to":{"q":1,"r":13},"msg":"findPath: no valid path found"}
{"level":30,"time":1774382618319,"pid":1603455,"hostname":"TempleOfZyminx","from":{"q":5,"r":6},"to":{"q":1,"r":14},"msg":"findPath: no valid path found"}
{"level":30,"time":1774382618319,"pid":1603455,"hostname":"TempleOfZyminx","from":{"q":5,"r":6},"to":{"q":1,"r":15},"msg":"findPath: no valid path found"}
{"level":30,"time":1774382618319,"pid":1603455,"hostname":"TempleOfZyminx","from":{"q":5,"r":6},"to":{"q":1,"r":16},"msg":"findPath: no valid path found"}
{"level":30,"time":1774382618319,"pid":1603455,"hostname":"TempleOfZyminx","from":{"q":5,"r":6},"to":{"q":1,"r":17},"msg":"findPath: no valid path found"}
{"level":30,"time":1774382618319,"pid":1603455,"hostname":"TempleOfZyminx","from":{"q":5,"r":6},"to":{"q":1,"r":18},"msg":"findPath: no valid path found"}
{"level":30,"time":1774382618319,"pid":1603455,"hostname":"TempleOfZyminx","from":{"q":5,"r":6},"to":{"q":1,"r":19},"msg":"findPath: no valid path found"}
{"level":30,"time":1774382618319,"pid":1603455,"hostname":"TempleOfZyminx","from":{"q":5,"r":6},"to":{"q":1,"r":20},"msg":"findPath: no valid path found"}
{"level":30,"time":1774382618320,"pid":1603455,"hostname":"TempleOfZyminx","from":{"q":5,"r":6},"to":{"q":1,"r":21},"msg":"findPath: no valid path found"}
{"level":30,"time":1774382618320,"pid":1603455,"hostname":"TempleOfZyminx","from":{"q":5,"r":6},"to":{"q":2,"r":0},"msg":"findPath: no valid path found"}
{"level":30,"time":1774382618320,"pid":1603455,"hostname":"TempleOfZyminx","from":{"q":5,"r":6},"to":{"q":2,"r":1},"msg":"findPath: no valid path found"}
{"level":30,"time":1774382618320,"pid":1603455,"hostname":"TempleOfZyminx","from":{"q":5,"r":6},"to":{"q":2,"r":2},"msg":"findPath: no valid path found"}
{"level":30,"time":1774382618320,"pid":1603455,"hostname":"TempleOfZyminx","from":{"q":5,"r":6},"to":{"q":2,"r":3},"msg":"findPath: no valid path found"}
{"level":30,"time":1774382618320,"pid":1603455,"hostname":"TempleOfZyminx","from":{"q":5,"r":6},"to":{"q":2,"r":4},"msg":"findPath: no valid path found"}
{"level":30,"time":1774382618320,"pid":1603455,"hostname":"TempleOfZyminx","from":{"q":5,"r":6},"to":{"q":2,"r":10},"msg":"findPath: no valid path found"}
{"level":30,"time":1774382618320,"pid":1603455,"hostname":"TempleOfZyminx","from":{"q":5,"r":6},"to":{"q":2,"r":11},"msg":"findPath: no valid path found"}
{"level":30,"time":1774382618320,"pid":1603455,"hostname":"TempleOfZyminx","from":{"q":5,"r":6},"to":{"q":2,"r":12},"msg":"findPath: no valid path found"}
{"level":30,"time":1774382618321,"pid":1603455,"hostname":"TempleOfZyminx","from":{"q":5,"r":6},"to":{"q":2,"r":13},"msg":"findPath: no valid path found"}
{"level":30,"time":1774382618321,"pid":1603455,"hostname":"TempleOfZyminx","from":{"q":5,"r":6},"to":{"q":2,"r":14},"msg":"findPath: no valid path found"}
{"level":30,"time":1774382618321,"pid":1603455,"hostname":"TempleOfZyminx","from":{"q":5,"r":6},"to":{"q":2,"r":15},"msg":"findPath: no valid path found"}
{"level":30,"time":1774382618321,"pid":1603455,"hostname":"TempleOfZyminx","from":{"q":5,"r":6},"to":{"q":2,"r":16},"msg":"findPath: no valid path found"}
{"level":30,"time":1774382618321,"pid":1603455,"hostname":"TempleOfZyminx","from":{"q":5,"r":6},"to":{"q":2,"r":17},"msg":"findPath: no valid path found"}
{"level":30,"time":1774382618321,"pid":1603455,"hostname":"TempleOfZyminx","from":{"q":5,"r":6},"to":{"q":2,"r":18},"msg":"findPath: no valid path found"}
{"level":30,"time":1774382618321,"pid":1603455,"hostname":"TempleOfZyminx","from":{"q":5,"r":6},"to":{"q":2,"r":19},"msg":"findPath: no valid path found"}
{"level":30,"time":1774382618321,"pid":1603455,"hostname":"TempleOfZyminx","from":{"q":5,"r":6},"to":{"q":2,"r":20},"msg":"findPath: no valid path found"}
{"level":30,"time":1774382618321,"pid":1603455,"hostname":"TempleOfZyminx","from":{"q":5,"r":6},"to":{"q":2,"r":21},"msg":"findPath: no valid path found"}
{"level":30,"time":1774382618321,"pid":1603455,"hostname":"TempleOfZyminx","from":{"q":5,"r":6},"to":{"q":3,"r":0},"msg":"findPath: no valid path found"}
{"level":30,"time":1774382618321,"pid":1603455,"hostname":"TempleOfZyminx","from":{"q":5,"r":6},"to":{"q":3,"r":1},"msg":"findPath: no valid path found"}
{"level":30,"time":1774382618321,"pid":1603455,"hostname":"TempleOfZyminx","from":{"q":5,"r":6},"to":{"q":3,"r":2},"msg":"findPath: no valid path found"}
{"level":30,"time":1774382618321,"pid":1603455,"hostname":"TempleOfZyminx","from":{"q":5,"r":6},"to":{"q":3,"r":3},"msg":"findPath: no valid path found"}
{"level":30,"time":1774382618322,"pid":1603455,"hostname":"TempleOfZyminx","from":{"q":5,"r":6},"to":{"q":3,"r":8},"msg":"findPath: no valid path found"}
{"level":30,"time":1774382618322,"pid":1603455,"hostname":"TempleOfZyminx","from":{"q":5,"r":6},"to":{"q":3,"r":11},"msg":"findPath: no valid path found"}
{"level":30,"time":1774382618322,"pid":1603455,"hostname":"TempleOfZyminx","from":{"q":5,"r":6},"to":{"q":3,"r":12},"msg":"findPath: no valid path found"}
{"level":30,"time":1774382618322,"pid":1603455,"hostname":"TempleOfZyminx","from":{"q":5,"r":6},"to":{"q":3,"r":13},"msg":"findPath: no valid path found"}
{"level":30,"time":1774382618322,"pid":1603455,"hostname":"TempleOfZyminx","from":{"q":5,"r":6},"to":{"q":3,"r":14},"msg":"findPath: no valid path found"}
{"level":30,"time":1774382618323,"pid":1603455,"hostname":"TempleOfZyminx","from":{"q":5,"r":6},"to":{"q":3,"r":15},"msg":"findPath: no valid path found"}
{"level":30,"time":1774382618323,"pid":1603455,"hostname":"TempleOfZyminx","from":{"q":5,"r":6},"to":{"q":3,"r":16},"msg":"findPath: no valid path found"}
{"level":30,"time":1774382618323,"pid":1603455,"hostname":"TempleOfZyminx","from":{"q":5,"r":6},"to":{"q":3,"r":17},"msg":"findPath: no valid path found"}
{"level":30,"time":1774382618323,"pid":1603455,"hostname":"TempleOfZyminx","from":{"q":5,"r":6},"to":{"q":3,"r":18},"msg":"findPath: no valid path found"}
{"level":30,"time":1774382618323,"pid":1603455,"hostname":"TempleOfZyminx","from":{"q":5,"r":6},"to":{"q":3,"r":19},"msg":"findPath: no valid path found"}
{"level":30,"time":1774382618323,"pid":1603455,"hostname":"TempleOfZyminx","from":{"q":5,"r":6},"to":{"q":3,"r":20},"msg":"findPath: no valid path found"}
{"level":30,"time":1774382618323,"pid":1603455,"hostname":"TempleOfZyminx","from":{"q":5,"r":6},"to":{"q":3,"r":21},"msg":"findPath: no valid path found"}
{"level":30,"time":1774382618323,"pid":1603455,"hostname":"TempleOfZyminx","from":{"q":5,"r":6},"to":{"q":4,"r":0},"msg":"findPath: no valid path found"}
{"level":30,"time":1774382618323,"pid":1603455,"hostname":"TempleOfZyminx","from":{"q":5,"r":6},"to":{"q":4,"r":1},"msg":"findPath: no valid path found"}
{"level":30,"time":1774382618323,"pid":1603455,"hostname":"TempleOfZyminx","from":{"q":5,"r":6},"to":{"q":4,"r":2},"msg":"findPath: no valid path found"}
{"level":30,"time":1774382618324,"pid":1603455,"hostname":"TempleOfZyminx","from":{"q":5,"r":6},"to":{"q":4,"r":8},"msg":"findPath: no valid path found"}
{"level":30,"time":1774382618324,"pid":1603455,"hostname":"TempleOfZyminx","from":{"q":5,"r":6},"to":{"q":4,"r":11},"msg":"findPath: no valid path found"}
{"level":30,"time":1774382618324,"pid":1603455,"hostname":"TempleOfZyminx","from":{"q":5,"r":6},"to":{"q":4,"r":12},"msg":"findPath: no valid path found"}
{"level":30,"time":1774382618324,"pid":1603455,"hostname":"TempleOfZyminx","from":{"q":5,"r":6},"to":{"q":4,"r":13},"msg":"findPath: no valid path found"}
{"level":30,"time":1774382618324,"pid":1603455,"hostname":"TempleOfZyminx","from":{"q":5,"r":6},"to":{"q":4,"r":14},"msg":"findPath: no valid path found"}
{"level":30,"time":1774382618324,"pid":1603455,"hostname":"TempleOfZyminx","from":{"q":5,"r":6},"to":{"q":4,"r":15},"msg":"findPath: no valid path found"}
{"level":30,"time":1774382618324,"pid":1603455,"hostname":"TempleOfZyminx","from":{"q":5,"r":6},"to":{"q":4,"r":16},"msg":"findPath: no valid path found"}
{"level":30,"time":1774382618324,"pid":1603455,"hostname":"TempleOfZyminx","from":{"q":5,"r":6},"to":{"q":4,"r":17},"msg":"findPath: no valid path found"}
{"level":30,"time":1774382618324,"pid":1603455,"hostname":"TempleOfZyminx","from":{"q":5,"r":6},"to":{"q":4,"r":18},"msg":"findPath: no valid path found"}
{"level":30,"time":1774382618324,"pid":1603455,"hostname":"TempleOfZyminx","from":{"q":5,"r":6},"to":{"q":4,"r":19},"msg":"findPath: no valid path found"}
{"level":30,"time":1774382618324,"pid":1603455,"hostname":"TempleOfZyminx","from":{"q":5,"r":6},"to":{"q":4,"r":20},"msg":"findPath: no valid path found"}
{"level":30,"time":1774382618325,"pid":1603455,"hostname":"TempleOfZyminx","from":{"q":5,"r":6},"to":{"q":4,"r":21},"msg":"findPath: no valid path found"}
{"level":30,"time":1774382618325,"pid":1603455,"hostname":"TempleOfZyminx","from":{"q":5,"r":6},"to":{"q":5,"r":0},"msg":"findPath: no valid path found"}
{"level":30,"time":1774382618325,"pid":1603455,"hostname":"TempleOfZyminx","from":{"q":5,"r":6},"to":{"q":5,"r":1},"msg":"findPath: no valid path found"}
{"level":30,"time":1774382618325,"pid":1603455,"hostname":"TempleOfZyminx","from":{"q":5,"r":6},"to":{"q":5,"r":2},"msg":"findPath: no valid path found"}
{"level":30,"time":1774382618325,"pid":1603455,"hostname":"TempleOfZyminx","from":{"q":5,"r":6},"to":{"q":5,"r":11},"msg":"findPath: no valid path found"}
{"level":30,"time":1774382618325,"pid":1603455,"hostname":"TempleOfZyminx","from":{"q":5,"r":6},"to":{"q":5,"r":12},"msg":"findPath: no valid path found"}
{"level":30,"time":1774382618326,"pid":1603455,"hostname":"TempleOfZyminx","from":{"q":5,"r":6},"to":{"q":5,"r":13},"msg":"findPath: no valid path found"}
{"level":30,"time":1774382618326,"pid":1603455,"hostname":"TempleOfZyminx","from":{"q":5,"r":6},"to":{"q":5,"r":14},"msg":"findPath: no valid path found"}
{"level":30,"time":1774382618326,"pid":1603455,"hostname":"TempleOfZyminx","from":{"q":5,"r":6},"to":{"q":5,"r":15},"msg":"findPath: no valid path found"}
{"level":30,"time":1774382618326,"pid":1603455,"hostname":"TempleOfZyminx","from":{"q":5,"r":6},"to":{"q":5,"r":16},"msg":"findPath: no valid path found"}
{"level":30,"time":1774382618326,"pid":1603455,"hostname":"TempleOfZyminx","from":{"q":5,"r":6},"to":{"q":5,"r":17},"msg":"findPath: no valid path found"}
{"level":30,"time":1774382618326,"pid":1603455,"hostname":"TempleOfZyminx","from":{"q":5,"r":6},"to":{"q":5,"r":18},"msg":"findPath: no valid path found"}
{"level":30,"time":1774382618326,"pid":1603455,"hostname":"TempleOfZyminx","from":{"q":5,"r":6},"to":{"q":5,"r":19},"msg":"findPath: no valid path found"}
{"level":30,"time":1774382618326,"pid":1603455,"hostname":"TempleOfZyminx","from":{"q":5,"r":6},"to":{"q":5,"r":20},"msg":"findPath: no valid path found"}
{"level":30,"time":1774382618326,"pid":1603455,"hostname":"TempleOfZyminx","from":{"q":5,"r":6},"to":{"q":5,"r":21},"msg":"findPath: no valid path found"}
{"level":30,"time":1774382618326,"pid":1603455,"hostname":"TempleOfZyminx","from":{"q":5,"r":6},"to":{"q":6,"r":0},"msg":"findPath: no valid path found"}
{"level":30,"time":1774382618327,"pid":1603455,"hostname":"TempleOfZyminx","from":{"q":5,"r":6},"to":{"q":6,"r":1},"msg":"findPath: no valid path found"}
{"level":30,"time":1774382618327,"pid":1603455,"hostname":"TempleOfZyminx","from":{"q":5,"r":6},"to":{"q":6,"r":10},"msg":"findPath: no valid path found"}
{"level":30,"time":1774382618327,"pid":1603455,"hostname":"TempleOfZyminx","from":{"q":5,"r":6},"to":{"q":6,"r":11},"msg":"findPath: no valid path found"}
{"level":30,"time":1774382618327,"pid":1603455,"hostname":"TempleOfZyminx","from":{"q":5,"r":6},"to":{"q":6,"r":12},"msg":"findPath: no valid path found"}
{"level":30,"time":1774382618327,"pid":1603455,"hostname":"TempleOfZyminx","from":{"q":5,"r":6},"to":{"q":6,"r":13},"msg":"findPath: no valid path found"}
{"level":30,"time":1774382618327,"pid":1603455,"hostname":"TempleOfZyminx","from":{"q":5,"r":6},"to":{"q":6,"r":14},"msg":"findPath: no valid path found"}
{"level":30,"time":1774382618328,"pid":1603455,"hostname":"TempleOfZyminx","from":{"q":5,"r":6},"to":{"q":6,"r":15},"msg":"findPath: no valid path found"}
{"level":30,"time":1774382618328,"pid":1603455,"hostname":"TempleOfZyminx","from":{"q":5,"r":6},"to":{"q":6,"r":16},"msg":"findPath: no valid path found"}
{"level":30,"time":1774382618328,"pid":1603455,"hostname":"TempleOfZyminx","from":{"q":5,"r":6},"to":{"q":6,"r":17},"msg":"findPath: no valid path found"}
{"level":30,"time":1774382618328,"pid":1603455,"hostname":"TempleOfZyminx","from":{"q":5,"r":6},"to":{"q":6,"r":18},"msg":"findPath: no valid path found"}
{"level":30,"time":1774382618328,"pid":1603455,"hostname":"TempleOfZyminx","from":{"q":5,"r":6},"to":{"q":6,"r":19},"msg":"findPath: no valid path found"}
{"level":30,"time":1774382618328,"pid":1603455,"hostname":"TempleOfZyminx","from":{"q":5,"r":6},"to":{"q":6,"r":20},"msg":"findPath: no valid path found"}
{"level":30,"time":1774382618328,"pid":1603455,"hostname":"TempleOfZyminx","from":{"q":5,"r":6},"to":{"q":6,"r":21},"msg":"findPath: no valid path found"}
{"level":30,"time":1774382618329,"pid":1603455,"hostname":"TempleOfZyminx","from":{"q":5,"r":6},"to":{"q":7,"r":0},"msg":"findPath: no valid path found"}
{"level":30,"time":1774382618329,"pid":1603455,"hostname":"TempleOfZyminx","from":{"q":5,"r":6},"to":{"q":7,"r":1},"msg":"findPath: no valid path found"}
{"level":30,"time":1774382618329,"pid":1603455,"hostname":"TempleOfZyminx","from":{"q":5,"r":6},"to":{"q":7,"r":9},"msg":"findPath: no valid path found"}
{"level":30,"time":1774382618329,"pid":1603455,"hostname":"TempleOfZyminx","from":{"q":5,"r":6},"to":{"q":7,"r":10},"msg":"findPath: no valid path found"}
{"level":30,"time":1774382618329,"pid":1603455,"hostname":"TempleOfZyminx","from":{"q":5,"r":6},"to":{"q":7,"r":11},"msg":"findPath: no valid path found"}
{"level":30,"time":1774382618329,"pid":1603455,"hostname":"TempleOfZyminx","from":{"q":5,"r":6},"to":{"q":7,"r":12},"msg":"findPath: no valid path found"}
{"level":30,"time":1774382618329,"pid":1603455,"hostname":"TempleOfZyminx","from":{"q":5,"r":6},"to":{"q":7,"r":13},"msg":"findPath: no valid path found"}
{"level":30,"time":1774382618329,"pid":1603455,"hostname":"TempleOfZyminx","from":{"q":5,"r":6},"to":{"q":7,"r":14},"msg":"findPath: no valid path found"}
{"level":30,"time":1774382618330,"pid":1603455,"hostname":"TempleOfZyminx","from":{"q":5,"r":6},"to":{"q":7,"r":15},"msg":"findPath: no valid path found"}
{"level":30,"time":1774382618330,"pid":1603455,"hostname":"TempleOfZyminx","from":{"q":5,"r":6},"to":{"q":7,"r":16},"msg":"findPath: no valid path found"}
{"level":30,"time":1774382618330,"pid":1603455,"hostname":"TempleOfZyminx","from":{"q":5,"r":6},"to":{"q":7,"r":17},"msg":"findPath: no valid path found"}
{"level":30,"time":1774382618330,"pid":1603455,"hostname":"TempleOfZyminx","from":{"q":5,"r":6},"to":{"q":7,"r":18},"msg":"findPath: no valid path found"}
{"level":30,"time":1774382618330,"pid":1603455,"hostname":"TempleOfZyminx","from":{"q":5,"r":6},"to":{"q":7,"r":19},"msg":"findPath: no valid path found"}
{"level":30,"time":1774382618330,"pid":1603455,"hostname":"TempleOfZyminx","from":{"q":5,"r":6},"to":{"q":7,"r":20},"msg":"findPath: no valid path found"}
{"level":30,"time":1774382618330,"pid":1603455,"hostname":"TempleOfZyminx","from":{"q":5,"r":6},"to":{"q":7,"r":21},"msg":"findPath: no valid path found"}
{"level":30,"time":1774382618330,"pid":1603455,"hostname":"TempleOfZyminx","from":{"q":5,"r":6},"to":{"q":8,"r":0},"msg":"findPath: no valid path found"}
{"level":30,"time":1774382618330,"pid":1603455,"hostname":"TempleOfZyminx","from":{"q":5,"r":6},"to":{"q":8,"r":1},"msg":"findPath: no valid path found"}
{"level":30,"time":1774382618331,"pid":1603455,"hostname":"TempleOfZyminx","from":{"q":5,"r":6},"to":{"q":8,"r":8},"msg":"findPath: no valid path found"}
{"level":30,"time":1774382618331,"pid":1603455,"hostname":"TempleOfZyminx","from":{"q":5,"r":6},"to":{"q":8,"r":9},"msg":"findPath: no valid path found"}
{"level":30,"time":1774382618331,"pid":1603455,"hostname":"TempleOfZyminx","from":{"q":5,"r":6},"to":{"q":8,"r":10},"msg":"findPath: no valid path found"}
{"level":30,"time":1774382618331,"pid":1603455,"hostname":"TempleOfZyminx","from":{"q":5,"r":6},"to":{"q":8,"r":11},"msg":"findPath: no valid path found"}
{"level":30,"time":1774382618331,"pid":1603455,"hostname":"TempleOfZyminx","from":{"q":5,"r":6},"to":{"q":8,"r":12},"msg":"findPath: no valid path found"}
{"level":30,"time":1774382618331,"pid":1603455,"hostname":"TempleOfZyminx","from":{"q":5,"r":6},"to":{"q":8,"r":13},"msg":"findPath: no valid path found"}
{"level":30,"time":1774382618331,"pid":1603455,"hostname":"TempleOfZyminx","from":{"q":5,"r":6},"to":{"q":8,"r":14},"msg":"findPath: no valid path found"}
{"level":30,"time":1774382618331,"pid":1603455,"hostname":"TempleOfZyminx","from":{"q":5,"r":6},"to":{"q":8,"r":15},"msg":"findPath: no valid path found"}
{"level":30,"time":1774382618332,"pid":1603455,"hostname":"TempleOfZyminx","from":{"q":5,"r":6},"to":{"q":8,"r":16},"msg":"findPath: no valid path found"}
{"level":30,"time":1774382618332,"pid":1603455,"hostname":"TempleOfZyminx","from":{"q":5,"r":6},"to":{"q":8,"r":17},"msg":"findPath: no valid path found"}
{"level":30,"time":1774382618332,"pid":1603455,"hostname":"TempleOfZyminx","from":{"q":5,"r":6},"to":{"q":8,"r":18},"msg":"findPath: no valid path found"}
{"level":30,"time":1774382618332,"pid":1603455,"hostname":"TempleOfZyminx","from":{"q":5,"r":6},"to":{"q":8,"r":19},"msg":"findPath: no valid path found"}
{"level":30,"time":1774382618332,"pid":1603455,"hostname":"TempleOfZyminx","from":{"q":5,"r":6},"to":{"q":8,"r":20},"msg":"findPath: no valid path found"}
{"level":30,"time":1774382618332,"pid":1603455,"hostname":"TempleOfZyminx","from":{"q":5,"r":6},"to":{"q":8,"r":21},"msg":"findPath: no valid path found"}
{"level":30,"time":1774382618332,"pid":1603455,"hostname":"TempleOfZyminx","from":{"q":5,"r":6},"to":{"q":9,"r":0},"msg":"findPath: no valid path found"}
{"level":30,"time":1774382618332,"pid":1603455,"hostname":"TempleOfZyminx","from":{"q":5,"r":6},"to":{"q":9,"r":1},"msg":"findPath: no valid path found"}
{"level":30,"time":1774382618333,"pid":1603455,"hostname":"TempleOfZyminx","from":{"q":5,"r":6},"to":{"q":9,"r":7},"msg":"findPath: no valid path found"}
{"level":30,"time":1774382618333,"pid":1603455,"hostname":"TempleOfZyminx","from":{"q":5,"r":6},"to":{"q":9,"r":8},"msg":"findPath: no valid path found"}
{"level":30,"time":1774382618333,"pid":1603455,"hostname":"TempleOfZyminx","from":{"q":5,"r":6},"to":{"q":9,"r":9},"msg":"findPath: no valid path found"}
{"level":30,"time":1774382618333,"pid":1603455,"hostname":"TempleOfZyminx","from":{"q":5,"r":6},"to":{"q":9,"r":10},"msg":"findPath: no valid path found"}
{"level":30,"time":1774382618333,"pid":1603455,"hostname":"TempleOfZyminx","from":{"q":5,"r":6},"to":{"q":9,"r":11},"msg":"findPath: no valid path found"}
{"level":30,"time":1774382618333,"pid":1603455,"hostname":"TempleOfZyminx","from":{"q":5,"r":6},"to":{"q":9,"r":12},"msg":"findPath: no valid path found"}
{"level":30,"time":1774382618333,"pid":1603455,"hostname":"TempleOfZyminx","from":{"q":5,"r":6},"to":{"q":9,"r":13},"msg":"findPath: no valid path found"}
{"level":30,"time":1774382618334,"pid":1603455,"hostname":"TempleOfZyminx","from":{"q":5,"r":6},"to":{"q":9,"r":14},"msg":"findPath: no valid path found"}
{"level":30,"time":1774382618334,"pid":1603455,"hostname":"TempleOfZyminx","from":{"q":5,"r":6},"to":{"q":9,"r":15},"msg":"findPath: no valid path found"}
{"level":30,"time":1774382618334,"pid":1603455,"hostname":"TempleOfZyminx","from":{"q":5,"r":6},"to":{"q":9,"r":16},"msg":"findPath: no valid path found"}
{"level":30,"time":1774382618334,"pid":1603455,"hostname":"TempleOfZyminx","from":{"q":5,"r":6},"to":{"q":9,"r":17},"msg":"findPath: no valid path found"}
{"level":30,"time":1774382618334,"pid":1603455,"hostname":"TempleOfZyminx","from":{"q":5,"r":6},"to":{"q":9,"r":18},"msg":"findPath: no valid path found"}
{"level":30,"time":1774382618334,"pid":1603455,"hostname":"TempleOfZyminx","from":{"q":5,"r":6},"to":{"q":9,"r":19},"msg":"findPath: no valid path found"}
{"level":30,"time":1774382618334,"pid":1603455,"hostname":"TempleOfZyminx","from":{"q":5,"r":6},"to":{"q":9,"r":20},"msg":"findPath: no valid path found"}
{"level":30,"time":1774382618334,"pid":1603455,"hostname":"TempleOfZyminx","from":{"q":5,"r":6},"to":{"q":9,"r":21},"msg":"findPath: no valid path found"}
{"level":30,"time":1774382618334,"pid":1603455,"hostname":"TempleOfZyminx","from":{"q":5,"r":6},"to":{"q":10,"r":0},"msg":"findPath: no valid path found"}
{"level":30,"time":1774382618334,"pid":1603455,"hostname":"TempleOfZyminx","from":{"q":5,"r":6},"to":{"q":10,"r":1},"msg":"findPath: no valid path found"}
{"level":30,"time":1774382618334,"pid":1603455,"hostname":"TempleOfZyminx","from":{"q":5,"r":6},"to":{"q":10,"r":2},"msg":"findPath: no valid path found"}
{"level":30,"time":1774382618334,"pid":1603455,"hostname":"TempleOfZyminx","from":{"q":5,"r":6},"to":{"q":10,"r":3},"msg":"findPath: no valid path found"}
{"level":30,"time":1774382618335,"pid":1603455,"hostname":"TempleOfZyminx","from":{"q":5,"r":6},"to":{"q":10,"r":4},"msg":"findPath: no valid path found"}
{"level":30,"time":1774382618335,"pid":1603455,"hostname":"TempleOfZyminx","from":{"q":5,"r":6},"to":{"q":10,"r":5},"msg":"findPath: no valid path found"}
{"level":30,"time":1774382618335,"pid":1603455,"hostname":"TempleOfZyminx","from":{"q":5,"r":6},"to":{"q":10,"r":6},"msg":"findPath: no valid path found"}
{"level":30,"time":1774382618335,"pid":1603455,"hostname":"TempleOfZyminx","from":{"q":5,"r":6},"to":{"q":10,"r":7},"msg":"findPath: no valid path found"}
{"level":30,"time":1774382618335,"pid":1603455,"hostname":"TempleOfZyminx","from":{"q":5,"r":6},"to":{"q":10,"r":8},"msg":"findPath: no valid path found"}
{"level":30,"time":1774382618335,"pid":1603455,"hostname":"TempleOfZyminx","from":{"q":5,"r":6},"to":{"q":10,"r":9},"msg":"findPath: no valid path found"}
{"level":30,"time":1774382618335,"pid":1603455,"hostname":"TempleOfZyminx","from":{"q":5,"r":6},"to":{"q":10,"r":10},"msg":"findPath: no valid path found"}
{"level":30,"time":1774382618335,"pid":1603455,"hostname":"TempleOfZyminx","from":{"q":5,"r":6},"to":{"q":10,"r":11},"msg":"findPath: no valid path found"}
{"level":30,"time":1774382618335,"pid":1603455,"hostname":"TempleOfZyminx","from":{"q":5,"r":6},"to":{"q":10,"r":12},"msg":"findPath: no valid path found"}
{"level":30,"time":1774382618336,"pid":1603455,"hostname":"TempleOfZyminx","from":{"q":5,"r":6},"to":{"q":10,"r":13},"msg":"findPath: no valid path found"}
{"level":30,"time":1774382618336,"pid":1603455,"hostname":"TempleOfZyminx","from":{"q":5,"r":6},"to":{"q":10,"r":14},"msg":"findPath: no valid path found"}
{"level":30,"time":1774382618336,"pid":1603455,"hostname":"TempleOfZyminx","from":{"q":5,"r":6},"to":{"q":10,"r":15},"msg":"findPath: no valid path found"}
{"level":30,"time":1774382618336,"pid":1603455,"hostname":"TempleOfZyminx","from":{"q":5,"r":6},"to":{"q":10,"r":16},"msg":"findPath: no valid path found"}
{"level":30,"time":1774382618336,"pid":1603455,"hostname":"TempleOfZyminx","from":{"q":5,"r":6},"to":{"q":10,"r":17},"msg":"findPath: no valid path found"}
{"level":30,"time":1774382618336,"pid":1603455,"hostname":"TempleOfZyminx","from":{"q":5,"r":6},"to":{"q":10,"r":18},"msg":"findPath: no valid path found"}
{"level":30,"time":1774382618336,"pid":1603455,"hostname":"TempleOfZyminx","from":{"q":5,"r":6},"to":{"q":10,"r":19},"msg":"findPath: no valid path found"}
{"level":30,"time":1774382618336,"pid":1603455,"hostname":"TempleOfZyminx","from":{"q":5,"r":6},"to":{"q":10,"r":20},"msg":"findPath: no valid path found"}
{"level":30,"time":1774382618336,"pid":1603455,"hostname":"TempleOfZyminx","from":{"q":5,"r":6},"to":{"q":10,"r":21},"msg":"findPath: no valid path found"}
{"level":30,"time":1774382618336,"pid":1603455,"hostname":"TempleOfZyminx","from":{"q":5,"r":6},"to":{"q":11,"r":0},"msg":"findPath: no valid path found"}
{"level":30,"time":1774382618337,"pid":1603455,"hostname":"TempleOfZyminx","from":{"q":5,"r":6},"to":{"q":11,"r":1},"msg":"findPath: no valid path found"}
{"level":30,"time":1774382618337,"pid":1603455,"hostname":"TempleOfZyminx","from":{"q":5,"r":6},"to":{"q":11,"r":2},"msg":"findPath: no valid path found"}
{"level":30,"time":1774382618337,"pid":1603455,"hostname":"TempleOfZyminx","from":{"q":5,"r":6},"to":{"q":11,"r":3},"msg":"findPath: no valid path found"}
{"level":30,"time":1774382618337,"pid":1603455,"hostname":"TempleOfZyminx","from":{"q":5,"r":6},"to":{"q":11,"r":4},"msg":"findPath: no valid path found"}
{"level":30,"time":1774382618337,"pid":1603455,"hostname":"TempleOfZyminx","from":{"q":5,"r":6},"to":{"q":11,"r":5},"msg":"findPath: no valid path found"}
{"level":30,"time":1774382618337,"pid":1603455,"hostname":"TempleOfZyminx","from":{"q":5,"r":6},"to":{"q":11,"r":6},"msg":"findPath: no valid path found"}
{"level":30,"time":1774382618337,"pid":1603455,"hostname":"TempleOfZyminx","from":{"q":5,"r":6},"to":{"q":11,"r":7},"msg":"findPath: no valid path found"}
{"level":30,"time":1774382618337,"pid":1603455,"hostname":"TempleOfZyminx","from":{"q":5,"r":6},"to":{"q":11,"r":8},"msg":"findPath: no valid path found"}
{"level":30,"time":1774382618337,"pid":1603455,"hostname":"TempleOfZyminx","from":{"q":5,"r":6},"to":{"q":11,"r":9},"msg":"findPath: no valid path found"}
{"level":30,"time":1774382618337,"pid":1603455,"hostname":"TempleOfZyminx","from":{"q":5,"r":6},"to":{"q":11,"r":10},"msg":"findPath: no valid path found"}
{"level":30,"time":1774382618337,"pid":1603455,"hostname":"TempleOfZyminx","from":{"q":5,"r":6},"to":{"q":11,"r":11},"msg":"findPath: no valid path found"}
{"level":30,"time":1774382618337,"pid":1603455,"hostname":"TempleOfZyminx","from":{"q":5,"r":6},"to":{"q":11,"r":12},"msg":"findPath: no valid path found"}
{"level":30,"time":1774382618337,"pid":1603455,"hostname":"TempleOfZyminx","from":{"q":5,"r":6},"to":{"q":11,"r":13},"msg":"findPath: no valid path found"}
{"level":30,"time":1774382618338,"pid":1603455,"hostname":"TempleOfZyminx","from":{"q":5,"r":6},"to":{"q":11,"r":14},"msg":"findPath: no valid path found"}
{"level":30,"time":1774382618338,"pid":1603455,"hostname":"TempleOfZyminx","from":{"q":5,"r":6},"to":{"q":11,"r":15},"msg":"findPath: no valid path found"}
{"level":30,"time":1774382618338,"pid":1603455,"hostname":"TempleOfZyminx","from":{"q":5,"r":6},"to":{"q":11,"r":16},"msg":"findPath: no valid path found"}
{"level":30,"time":1774382618338,"pid":1603455,"hostname":"TempleOfZyminx","from":{"q":5,"r":6},"to":{"q":11,"r":17},"msg":"findPath: no valid path found"}
{"level":30,"time":1774382618338,"pid":1603455,"hostname":"TempleOfZyminx","from":{"q":5,"r":6},"to":{"q":11,"r":18},"msg":"findPath: no valid path found"}
{"level":30,"time":1774382618338,"pid":1603455,"hostname":"TempleOfZyminx","from":{"q":5,"r":6},"to":{"q":11,"r":19},"msg":"findPath: no valid path found"}
{"level":30,"time":1774382618338,"pid":1603455,"hostname":"TempleOfZyminx","from":{"q":5,"r":6},"to":{"q":11,"r":20},"msg":"findPath: no valid path found"}
{"level":30,"time":1774382618338,"pid":1603455,"hostname":"TempleOfZyminx","from":{"q":5,"r":6},"to":{"q":11,"r":21},"msg":"findPath: no valid path found"}
{"level":30,"time":1774382618338,"pid":1603455,"hostname":"TempleOfZyminx","from":{"q":5,"r":6},"to":{"q":12,"r":0},"msg":"findPath: no valid path found"}
{"level":30,"time":1774382618338,"pid":1603455,"hostname":"TempleOfZyminx","from":{"q":5,"r":6},"to":{"q":12,"r":1},"msg":"findPath: no valid path found"}
{"level":30,"time":1774382618339,"pid":1603455,"hostname":"TempleOfZyminx","from":{"q":5,"r":6},"to":{"q":12,"r":2},"msg":"findPath: no valid path found"}
{"level":30,"time":1774382618339,"pid":1603455,"hostname":"TempleOfZyminx","from":{"q":5,"r":6},"to":{"q":12,"r":3},"msg":"findPath: no valid path found"}
{"level":30,"time":1774382618339,"pid":1603455,"hostname":"TempleOfZyminx","from":{"q":5,"r":6},"to":{"q":12,"r":4},"msg":"findPath: no valid path found"}
{"level":30,"time":1774382618339,"pid":1603455,"hostname":"TempleOfZyminx","from":{"q":5,"r":6},"to":{"q":12,"r":5},"msg":"findPath: no valid path found"}
{"level":30,"time":1774382618339,"pid":1603455,"hostname":"TempleOfZyminx","from":{"q":5,"r":6},"to":{"q":12,"r":6},"msg":"findPath: no valid path found"}
{"level":30,"time":1774382618339,"pid":1603455,"hostname":"TempleOfZyminx","from":{"q":5,"r":6},"to":{"q":12,"r":7},"msg":"findPath: no valid path found"}
{"level":30,"time":1774382618339,"pid":1603455,"hostname":"TempleOfZyminx","from":{"q":5,"r":6},"to":{"q":12,"r":8},"msg":"findPath: no valid path found"}
{"level":30,"time":1774382618339,"pid":1603455,"hostname":"TempleOfZyminx","from":{"q":5,"r":6},"to":{"q":12,"r":9},"msg":"findPath: no valid path found"}
{"level":30,"time":1774382618340,"pid":1603455,"hostname":"TempleOfZyminx","from":{"q":5,"r":6},"to":{"q":12,"r":10},"msg":"findPath: no valid path found"}
{"level":30,"time":1774382618340,"pid":1603455,"hostname":"TempleOfZyminx","from":{"q":5,"r":6},"to":{"q":12,"r":11},"msg":"findPath: no valid path found"}
{"level":30,"time":1774382618340,"pid":1603455,"hostname":"TempleOfZyminx","from":{"q":5,"r":6},"to":{"q":12,"r":12},"msg":"findPath: no valid path found"}
{"level":30,"time":1774382618340,"pid":1603455,"hostname":"TempleOfZyminx","from":{"q":5,"r":6},"to":{"q":12,"r":13},"msg":"findPath: no valid path found"}
{"level":30,"time":1774382618340,"pid":1603455,"hostname":"TempleOfZyminx","from":{"q":5,"r":6},"to":{"q":12,"r":14},"msg":"findPath: no valid path found"}
{"level":30,"time":1774382618340,"pid":1603455,"hostname":"TempleOfZyminx","from":{"q":5,"r":6},"to":{"q":12,"r":15},"msg":"findPath: no valid path found"}
{"level":30,"time":1774382618340,"pid":1603455,"hostname":"TempleOfZyminx","from":{"q":5,"r":6},"to":{"q":12,"r":16},"msg":"findPath: no valid path found"}
{"level":30,"time":1774382618340,"pid":1603455,"hostname":"TempleOfZyminx","from":{"q":5,"r":6},"to":{"q":12,"r":17},"msg":"findPath: no valid path found"}
{"level":30,"time":1774382618340,"pid":1603455,"hostname":"TempleOfZyminx","from":{"q":5,"r":6},"to":{"q":12,"r":18},"msg":"findPath: no valid path found"}
{"level":30,"time":1774382618341,"pid":1603455,"hostname":"TempleOfZyminx","from":{"q":5,"r":6},"to":{"q":12,"r":19},"msg":"findPath: no valid path found"}
{"level":30,"time":1774382618341,"pid":1603455,"hostname":"TempleOfZyminx","from":{"q":5,"r":6},"to":{"q":12,"r":20},"msg":"findPath: no valid path found"}
{"level":30,"time":1774382618341,"pid":1603455,"hostname":"TempleOfZyminx","from":{"q":5,"r":6},"to":{"q":12,"r":21},"msg":"findPath: no valid path found"}
{"level":30,"time":1774382618341,"pid":1603455,"hostname":"TempleOfZyminx","from":{"q":5,"r":6},"to":{"q":13,"r":0},"msg":"findPath: no valid path found"}
{"level":30,"time":1774382618341,"pid":1603455,"hostname":"TempleOfZyminx","from":{"q":5,"r":6},"to":{"q":13,"r":1},"msg":"findPath: no valid path found"}
{"level":30,"time":1774382618341,"pid":1603455,"hostname":"TempleOfZyminx","from":{"q":5,"r":6},"to":{"q":13,"r":2},"msg":"findPath: no valid path found"}
{"level":30,"time":1774382618341,"pid":1603455,"hostname":"TempleOfZyminx","from":{"q":5,"r":6},"to":{"q":13,"r":3},"msg":"findPath: no valid path found"}
{"level":30,"time":1774382618341,"pid":1603455,"hostname":"TempleOfZyminx","from":{"q":5,"r":6},"to":{"q":13,"r":4},"msg":"findPath: no valid path found"}
{"level":30,"time":1774382618341,"pid":1603455,"hostname":"TempleOfZyminx","from":{"q":5,"r":6},"to":{"q":13,"r":5},"msg":"findPath: no valid path found"}
{"level":30,"time":1774382618341,"pid":1603455,"hostname":"TempleOfZyminx","from":{"q":5,"r":6},"to":{"q":13,"r":6},"msg":"findPath: no valid path found"}
{"level":30,"time":1774382618341,"pid":1603455,"hostname":"TempleOfZyminx","from":{"q":5,"r":6},"to":{"q":13,"r":7},"msg":"findPath: no valid path found"}
{"level":30,"time":1774382618341,"pid":1603455,"hostname":"TempleOfZyminx","from":{"q":5,"r":6},"to":{"q":13,"r":8},"msg":"findPath: no valid path found"}
{"level":30,"time":1774382618341,"pid":1603455,"hostname":"TempleOfZyminx","from":{"q":5,"r":6},"to":{"q":13,"r":9},"msg":"findPath: no valid path found"}
{"level":30,"time":1774382618342,"pid":1603455,"hostname":"TempleOfZyminx","from":{"q":5,"r":6},"to":{"q":13,"r":10},"msg":"findPath: no valid path found"}
{"level":30,"time":1774382618342,"pid":1603455,"hostname":"TempleOfZyminx","from":{"q":5,"r":6},"to":{"q":13,"r":11},"msg":"findPath: no valid path found"}
{"level":30,"time":1774382618342,"pid":1603455,"hostname":"TempleOfZyminx","from":{"q":5,"r":6},"to":{"q":13,"r":12},"msg":"findPath: no valid path found"}
{"level":30,"time":1774382618342,"pid":1603455,"hostname":"TempleOfZyminx","from":{"q":5,"r":6},"to":{"q":13,"r":13},"msg":"findPath: no valid path found"}
{"level":30,"time":1774382618343,"pid":1603455,"hostname":"TempleOfZyminx","from":{"q":5,"r":6},"to":{"q":13,"r":14},"msg":"findPath: no valid path found"}
{"level":30,"time":1774382618343,"pid":1603455,"hostname":"TempleOfZyminx","from":{"q":5,"r":6},"to":{"q":13,"r":15},"msg":"findPath: no valid path found"}
{"level":30,"time":1774382618343,"pid":1603455,"hostname":"TempleOfZyminx","from":{"q":5,"r":6},"to":{"q":13,"r":16},"msg":"findPath: no valid path found"}
{"level":30,"time":1774382618343,"pid":1603455,"hostname":"TempleOfZyminx","from":{"q":5,"r":6},"to":{"q":13,"r":17},"msg":"findPath: no valid path found"}
{"level":30,"time":1774382618343,"pid":1603455,"hostname":"TempleOfZyminx","from":{"q":5,"r":6},"to":{"q":13,"r":18},"msg":"findPath: no valid path found"}
{"level":30,"time":1774382618343,"pid":1603455,"hostname":"TempleOfZyminx","from":{"q":5,"r":6},"to":{"q":13,"r":19},"msg":"findPath: no valid path found"}
{"level":30,"time":1774382618343,"pid":1603455,"hostname":"TempleOfZyminx","from":{"q":5,"r":6},"to":{"q":13,"r":20},"msg":"findPath: no valid path found"}
{"level":30,"time":1774382618343,"pid":1603455,"hostname":"TempleOfZyminx","from":{"q":5,"r":6},"to":{"q":13,"r":21},"msg":"findPath: no valid path found"}
{"level":30,"time":1774382618343,"pid":1603455,"hostname":"TempleOfZyminx","from":{"q":5,"r":6},"to":{"q":14,"r":0},"msg":"findPath: no valid path found"}
{"level":30,"time":1774382618343,"pid":1603455,"hostname":"TempleOfZyminx","from":{"q":5,"r":6},"to":{"q":14,"r":1},"msg":"findPath: no valid path found"}
{"level":30,"time":1774382618343,"pid":1603455,"hostname":"TempleOfZyminx","from":{"q":5,"r":6},"to":{"q":14,"r":2},"msg":"findPath: no valid path found"}
{"level":30,"time":1774382618343,"pid":1603455,"hostname":"TempleOfZyminx","from":{"q":5,"r":6},"to":{"q":14,"r":3},"msg":"findPath: no valid path found"}
{"level":30,"time":1774382618343,"pid":1603455,"hostname":"TempleOfZyminx","from":{"q":5,"r":6},"to":{"q":14,"r":4},"msg":"findPath: no valid path found"}
{"level":30,"time":1774382618343,"pid":1603455,"hostname":"TempleOfZyminx","from":{"q":5,"r":6},"to":{"q":14,"r":5},"msg":"findPath: no valid path found"}
{"level":30,"time":1774382618344,"pid":1603455,"hostname":"TempleOfZyminx","from":{"q":5,"r":6},"to":{"q":14,"r":6},"msg":"findPath: no valid path found"}
{"level":30,"time":1774382618344,"pid":1603455,"hostname":"TempleOfZyminx","from":{"q":5,"r":6},"to":{"q":14,"r":7},"msg":"findPath: no valid path found"}
{"level":30,"time":1774382618344,"pid":1603455,"hostname":"TempleOfZyminx","from":{"q":5,"r":6},"to":{"q":14,"r":8},"msg":"findPath: no valid path found"}
{"level":30,"time":1774382618344,"pid":1603455,"hostname":"TempleOfZyminx","from":{"q":5,"r":6},"to":{"q":14,"r":9},"msg":"findPath: no valid path found"}
{"level":30,"time":1774382618344,"pid":1603455,"hostname":"TempleOfZyminx","from":{"q":5,"r":6},"to":{"q":14,"r":10},"msg":"findPath: no valid path found"}
{"level":30,"time":1774382618344,"pid":1603455,"hostname":"TempleOfZyminx","from":{"q":5,"r":6},"to":{"q":14,"r":11},"msg":"findPath: no valid path found"}
{"level":30,"time":1774382618344,"pid":1603455,"hostname":"TempleOfZyminx","from":{"q":5,"r":6},"to":{"q":14,"r":12},"msg":"findPath: no valid path found"}
{"level":30,"time":1774382618344,"pid":1603455,"hostname":"TempleOfZyminx","from":{"q":5,"r":6},"to":{"q":14,"r":13},"msg":"findPath: no valid path found"}
{"level":30,"time":1774382618344,"pid":1603455,"hostname":"TempleOfZyminx","from":{"q":5,"r":6},"to":{"q":14,"r":14},"msg":"findPath: no valid path found"}
{"level":30,"time":1774382618344,"pid":1603455,"hostname":"TempleOfZyminx","from":{"q":5,"r":6},"to":{"q":14,"r":15},"msg":"findPath: no valid path found"}
{"level":30,"time":1774382618344,"pid":1603455,"hostname":"TempleOfZyminx","from":{"q":5,"r":6},"to":{"q":14,"r":16},"msg":"findPath: no valid path found"}
{"level":30,"time":1774382618344,"pid":1603455,"hostname":"TempleOfZyminx","from":{"q":5,"r":6},"to":{"q":14,"r":17},"msg":"findPath: no valid path found"}
{"level":30,"time":1774382618345,"pid":1603455,"hostname":"TempleOfZyminx","from":{"q":5,"r":6},"to":{"q":14,"r":18},"msg":"findPath: no valid path found"}
{"level":30,"time":1774382618345,"pid":1603455,"hostname":"TempleOfZyminx","from":{"q":5,"r":6},"to":{"q":14,"r":19},"msg":"findPath: no valid path found"}
{"level":30,"time":1774382618345,"pid":1603455,"hostname":"TempleOfZyminx","from":{"q":5,"r":6},"to":{"q":14,"r":20},"msg":"findPath: no valid path found"}
{"level":30,"time":1774382618345,"pid":1603455,"hostname":"TempleOfZyminx","from":{"q":5,"r":6},"to":{"q":14,"r":21},"msg":"findPath: no valid path found"}
{"level":30,"time":1774382618345,"pid":1603455,"hostname":"TempleOfZyminx","id":"bff22e3b-698b-4b9f-b53b-63bfe8a08d1a","command":"MOVE","msg":"Submitting game action"}
{"level":30,"time":1774382618346,"pid":1603455,"hostname":"TempleOfZyminx","gameId":"bff22e3b-698b-4b9f-b53b-63bfe8a08d1a","unitId":"wolf-1","msg":"Processing MOVE command"}
{"level":30,"time":1774382618347,"pid":1603455,"hostname":"TempleOfZyminx","id":"bff22e3b-698b-4b9f-b53b-63bfe8a08d1a","msg":"Fetching game state"}
{"level":30,"time":1774382618348,"pid":1603455,"hostname":"TempleOfZyminx","id":"bff22e3b-698b-4b9f-b53b-63bfe8a08d1a","msg":"Fetching game state"}
{"level":30,"time":1774382618349,"pid":1603455,"hostname":"TempleOfZyminx","id":"bff22e3b-698b-4b9f-b53b-63bfe8a08d1a","command":"END_PHASE","msg":"Submitting game action"}
{"level":30,"time":1774382618349,"pid":1603455,"hostname":"TempleOfZyminx","gameId":"bff22e3b-698b-4b9f-b53b-63bfe8a08d1a","phase":"DEFENDER_MOVE","msg":"Advancing phase"}
{"level":30,"time":1774382618349,"pid":1603455,"hostname":"TempleOfZyminx","phase":"DEFENDER_MOVE","turnNumber":1,"msg":"Advancing phase in engine"}
{"level":30,"time":1774382618349,"pid":1603455,"hostname":"TempleOfZyminx","id":"bff22e3b-698b-4b9f-b53b-63bfe8a08d1a","msg":"Fetching game state"}
{"level":30,"time":1774382618350,"pid":1603455,"hostname":"TempleOfZyminx","id":"bff22e3b-698b-4b9f-b53b-63bfe8a08d1a","msg":"Fetching game state"}
{"level":30,"time":1774382618351,"pid":1603455,"hostname":"TempleOfZyminx","id":"bff22e3b-698b-4b9f-b53b-63bfe8a08d1a","command":"FIRE","msg":"Submitting game action"}
{"level":30,"time":1774382618351,"pid":1603455,"hostname":"TempleOfZyminx","gameId":"bff22e3b-698b-4b9f-b53b-63bfe8a08d1a","type":"FIRE","msg":"Processing combat command"}
{"level":30,"time":1774382618351,"pid":1603455,"hostname":"TempleOfZyminx","commandType":"FIRE","msg":"Validating combat action"}
{"level":30,"time":1774382618351,"pid":1603455,"hostname":"TempleOfZyminx","plan":{"actionType":"FIRE","actor":"defender","attackerIds":["witch-1"],"target":{"kind":"treads","id":"onion-1"},"attackStrength":3,"defense":0},"msg":"Executing combat action"}
{"level":30,"time":1774382618352,"pid":1603455,"hostname":"TempleOfZyminx","id":"bff22e3b-698b-4b9f-b53b-63bfe8a08d1a","command":"FIRE","msg":"Submitting game action"}
{"level":30,"time":1774382618353,"pid":1603455,"hostname":"TempleOfZyminx","gameId":"bff22e3b-698b-4b9f-b53b-63bfe8a08d1a","type":"FIRE","msg":"Processing combat command"}
{"level":30,"time":1774382618353,"pid":1603455,"hostname":"TempleOfZyminx","commandType":"FIRE","msg":"Validating combat action"}
{"level":30,"time":1774382618353,"pid":1603455,"hostname":"TempleOfZyminx","plan":{"actionType":"FIRE","actor":"defender","attackerIds":["wolf-1"],"target":{"kind":"weapon","id":"main"},"attackStrength":2,"defense":4},"msg":"Executing combat action"}
{"level":30,"time":1774382618355,"pid":1603455,"hostname":"TempleOfZyminx","id":"bff22e3b-698b-4b9f-b53b-63bfe8a08d1a","msg":"Fetching game state"}
{"level":30,"time":1774382618356,"pid":1603455,"hostname":"TempleOfZyminx","id":"bff22e3b-698b-4b9f-b53b-63bfe8a08d1a","command":"END_PHASE","msg":"Submitting game action"}
{"level":30,"time":1774382618356,"pid":1603455,"hostname":"TempleOfZyminx","gameId":"bff22e3b-698b-4b9f-b53b-63bfe8a08d1a","phase":"DEFENDER_COMBAT","msg":"Advancing phase"}
{"level":30,"time":1774382618356,"pid":1603455,"hostname":"TempleOfZyminx","phase":"DEFENDER_COMBAT","turnNumber":1,"msg":"Advancing phase in engine"}
{"level":30,"time":1774382618356,"pid":1603455,"hostname":"TempleOfZyminx","id":"bff22e3b-698b-4b9f-b53b-63bfe8a08d1a","msg":"Fetching game state"}
{"level":30,"time":1774382618357,"pid":1603455,"hostname":"TempleOfZyminx","id":"bff22e3b-698b-4b9f-b53b-63bfe8a08d1a","msg":"Fetching game state"}
{"level":30,"time":1774382618358,"pid":1603455,"hostname":"TempleOfZyminx","from":{"q":4,"r":6},"to":{"q":0,"r":0},"msg":"findPath: no valid path found"}
{"level":30,"time":1774382618358,"pid":1603455,"hostname":"TempleOfZyminx","from":{"q":4,"r":6},"to":{"q":0,"r":1},"msg":"findPath: no valid path found"}
{"level":30,"time":1774382618358,"pid":1603455,"hostname":"TempleOfZyminx","from":{"q":4,"r":6},"to":{"q":0,"r":2},"msg":"findPath: no valid path found"}
{"level":30,"time":1774382618358,"pid":1603455,"hostname":"TempleOfZyminx","from":{"q":4,"r":6},"to":{"q":0,"r":3},"msg":"findPath: no valid path found"}
{"level":30,"time":1774382618358,"pid":1603455,"hostname":"TempleOfZyminx","from":{"q":4,"r":6},"to":{"q":0,"r":4},"msg":"findPath: no valid path found"}
{"level":30,"time":1774382618358,"pid":1603455,"hostname":"TempleOfZyminx","from":{"q":4,"r":6},"to":{"q":0,"r":5},"msg":"findPath: no valid path found"}
{"level":30,"time":1774382618359,"pid":1603455,"hostname":"TempleOfZyminx","from":{"q":4,"r":6},"to":{"q":0,"r":11},"msg":"findPath: no valid path found"}
{"level":30,"time":1774382618359,"pid":1603455,"hostname":"TempleOfZyminx","from":{"q":4,"r":6},"to":{"q":0,"r":12},"msg":"findPath: no valid path found"}
{"level":30,"time":1774382618359,"pid":1603455,"hostname":"TempleOfZyminx","from":{"q":4,"r":6},"to":{"q":0,"r":13},"msg":"findPath: no valid path found"}
{"level":30,"time":1774382618359,"pid":1603455,"hostname":"TempleOfZyminx","from":{"q":4,"r":6},"to":{"q":0,"r":14},"msg":"findPath: no valid path found"}
{"level":30,"time":1774382618360,"pid":1603455,"hostname":"TempleOfZyminx","from":{"q":4,"r":6},"to":{"q":0,"r":15},"msg":"findPath: no valid path found"}
{"level":30,"time":1774382618360,"pid":1603455,"hostname":"TempleOfZyminx","from":{"q":4,"r":6},"to":{"q":0,"r":16},"msg":"findPath: no valid path found"}
{"level":30,"time":1774382618360,"pid":1603455,"hostname":"TempleOfZyminx","from":{"q":4,"r":6},"to":{"q":0,"r":17},"msg":"findPath: no valid path found"}
{"level":30,"time":1774382618360,"pid":1603455,"hostname":"TempleOfZyminx","from":{"q":4,"r":6},"to":{"q":0,"r":18},"msg":"findPath: no valid path found"}
{"level":30,"time":1774382618360,"pid":1603455,"hostname":"TempleOfZyminx","from":{"q":4,"r":6},"to":{"q":0,"r":19},"msg":"findPath: no valid path found"}
{"level":30,"time":1774382618360,"pid":1603455,"hostname":"TempleOfZyminx","from":{"q":4,"r":6},"to":{"q":0,"r":20},"msg":"findPath: no valid path found"}
{"level":30,"time":1774382618360,"pid":1603455,"hostname":"TempleOfZyminx","from":{"q":4,"r":6},"to":{"q":0,"r":21},"msg":"findPath: no valid path found"}
{"level":30,"time":1774382618360,"pid":1603455,"hostname":"TempleOfZyminx","from":{"q":4,"r":6},"to":{"q":1,"r":0},"msg":"findPath: no valid path found"}
{"level":30,"time":1774382618361,"pid":1603455,"hostname":"TempleOfZyminx","from":{"q":4,"r":6},"to":{"q":1,"r":1},"msg":"findPath: no valid path found"}
{"level":30,"time":1774382618361,"pid":1603455,"hostname":"TempleOfZyminx","from":{"q":4,"r":6},"to":{"q":1,"r":2},"msg":"findPath: no valid path found"}
{"level":30,"time":1774382618362,"pid":1603455,"hostname":"TempleOfZyminx","from":{"q":4,"r":6},"to":{"q":1,"r":3},"msg":"findPath: no valid path found"}
{"level":30,"time":1774382618362,"pid":1603455,"hostname":"TempleOfZyminx","from":{"q":4,"r":6},"to":{"q":1,"r":4},"msg":"findPath: no valid path found"}
{"level":30,"time":1774382618362,"pid":1603455,"hostname":"TempleOfZyminx","from":{"q":4,"r":6},"to":{"q":1,"r":11},"msg":"findPath: no valid path found"}
{"level":30,"time":1774382618363,"pid":1603455,"hostname":"TempleOfZyminx","from":{"q":4,"r":6},"to":{"q":1,"r":12},"msg":"findPath: no valid path found"}
{"level":30,"time":1774382618363,"pid":1603455,"hostname":"TempleOfZyminx","from":{"q":4,"r":6},"to":{"q":1,"r":13},"msg":"findPath: no valid path found"}
{"level":30,"time":1774382618363,"pid":1603455,"hostname":"TempleOfZyminx","from":{"q":4,"r":6},"to":{"q":1,"r":14},"msg":"findPath: no valid path found"}
{"level":30,"time":1774382618363,"pid":1603455,"hostname":"TempleOfZyminx","from":{"q":4,"r":6},"to":{"q":1,"r":15},"msg":"findPath: no valid path found"}
{"level":30,"time":1774382618363,"pid":1603455,"hostname":"TempleOfZyminx","from":{"q":4,"r":6},"to":{"q":1,"r":16},"msg":"findPath: no valid path found"}
{"level":30,"time":1774382618363,"pid":1603455,"hostname":"TempleOfZyminx","from":{"q":4,"r":6},"to":{"q":1,"r":17},"msg":"findPath: no valid path found"}
{"level":30,"time":1774382618363,"pid":1603455,"hostname":"TempleOfZyminx","from":{"q":4,"r":6},"to":{"q":1,"r":18},"msg":"findPath: no valid path found"}
{"level":30,"time":1774382618364,"pid":1603455,"hostname":"TempleOfZyminx","from":{"q":4,"r":6},"to":{"q":1,"r":19},"msg":"findPath: no valid path found"}
{"level":30,"time":1774382618364,"pid":1603455,"hostname":"TempleOfZyminx","from":{"q":4,"r":6},"to":{"q":1,"r":20},"msg":"findPath: no valid path found"}
{"level":30,"time":1774382618364,"pid":1603455,"hostname":"TempleOfZyminx","from":{"q":4,"r":6},"to":{"q":1,"r":21},"msg":"findPath: no valid path found"}
{"level":30,"time":1774382618364,"pid":1603455,"hostname":"TempleOfZyminx","from":{"q":4,"r":6},"to":{"q":2,"r":0},"msg":"findPath: no valid path found"}
{"level":30,"time":1774382618364,"pid":1603455,"hostname":"TempleOfZyminx","from":{"q":4,"r":6},"to":{"q":2,"r":1},"msg":"findPath: no valid path found"}
{"level":30,"time":1774382618364,"pid":1603455,"hostname":"TempleOfZyminx","from":{"q":4,"r":6},"to":{"q":2,"r":2},"msg":"findPath: no valid path found"}
{"level":30,"time":1774382618364,"pid":1603455,"hostname":"TempleOfZyminx","from":{"q":4,"r":6},"to":{"q":2,"r":3},"msg":"findPath: no valid path found"}
{"level":30,"time":1774382618365,"pid":1603455,"hostname":"TempleOfZyminx","from":{"q":4,"r":6},"to":{"q":2,"r":11},"msg":"findPath: no valid path found"}
{"level":30,"time":1774382618365,"pid":1603455,"hostname":"TempleOfZyminx","from":{"q":4,"r":6},"to":{"q":2,"r":12},"msg":"findPath: no valid path found"}
{"level":30,"time":1774382618365,"pid":1603455,"hostname":"TempleOfZyminx","from":{"q":4,"r":6},"to":{"q":2,"r":13},"msg":"findPath: no valid path found"}
{"level":30,"time":1774382618365,"pid":1603455,"hostname":"TempleOfZyminx","from":{"q":4,"r":6},"to":{"q":2,"r":14},"msg":"findPath: no valid path found"}
{"level":30,"time":1774382618365,"pid":1603455,"hostname":"TempleOfZyminx","from":{"q":4,"r":6},"to":{"q":2,"r":15},"msg":"findPath: no valid path found"}
{"level":30,"time":1774382618366,"pid":1603455,"hostname":"TempleOfZyminx","from":{"q":4,"r":6},"to":{"q":2,"r":16},"msg":"findPath: no valid path found"}
{"level":30,"time":1774382618366,"pid":1603455,"hostname":"TempleOfZyminx","from":{"q":4,"r":6},"to":{"q":2,"r":17},"msg":"findPath: no valid path found"}
{"level":30,"time":1774382618366,"pid":1603455,"hostname":"TempleOfZyminx","from":{"q":4,"r":6},"to":{"q":2,"r":18},"msg":"findPath: no valid path found"}
{"level":30,"time":1774382618366,"pid":1603455,"hostname":"TempleOfZyminx","from":{"q":4,"r":6},"to":{"q":2,"r":19},"msg":"findPath: no valid path found"}
{"level":30,"time":1774382618366,"pid":1603455,"hostname":"TempleOfZyminx","from":{"q":4,"r":6},"to":{"q":2,"r":20},"msg":"findPath: no valid path found"}
{"level":30,"time":1774382618366,"pid":1603455,"hostname":"TempleOfZyminx","from":{"q":4,"r":6},"to":{"q":2,"r":21},"msg":"findPath: no valid path found"}
{"level":30,"time":1774382618366,"pid":1603455,"hostname":"TempleOfZyminx","from":{"q":4,"r":6},"to":{"q":3,"r":0},"msg":"findPath: no valid path found"}
{"level":30,"time":1774382618366,"pid":1603455,"hostname":"TempleOfZyminx","from":{"q":4,"r":6},"to":{"q":3,"r":1},"msg":"findPath: no valid path found"}
{"level":30,"time":1774382618367,"pid":1603455,"hostname":"TempleOfZyminx","from":{"q":4,"r":6},"to":{"q":3,"r":2},"msg":"findPath: no valid path found"}
{"level":30,"time":1774382618367,"pid":1603455,"hostname":"TempleOfZyminx","from":{"q":4,"r":6},"to":{"q":3,"r":8},"msg":"findPath: no valid path found"}
{"level":30,"time":1774382618367,"pid":1603455,"hostname":"TempleOfZyminx","from":{"q":4,"r":6},"to":{"q":3,"r":10},"msg":"findPath: no valid path found"}
{"level":30,"time":1774382618367,"pid":1603455,"hostname":"TempleOfZyminx","from":{"q":4,"r":6},"to":{"q":3,"r":11},"msg":"findPath: no valid path found"}
{"level":30,"time":1774382618367,"pid":1603455,"hostname":"TempleOfZyminx","from":{"q":4,"r":6},"to":{"q":3,"r":12},"msg":"findPath: no valid path found"}
{"level":30,"time":1774382618368,"pid":1603455,"hostname":"TempleOfZyminx","from":{"q":4,"r":6},"to":{"q":3,"r":13},"msg":"findPath: no valid path found"}
{"level":30,"time":1774382618368,"pid":1603455,"hostname":"TempleOfZyminx","from":{"q":4,"r":6},"to":{"q":3,"r":14},"msg":"findPath: no valid path found"}
{"level":30,"time":1774382618368,"pid":1603455,"hostname":"TempleOfZyminx","from":{"q":4,"r":6},"to":{"q":3,"r":15},"msg":"findPath: no valid path found"}
{"level":30,"time":1774382618368,"pid":1603455,"hostname":"TempleOfZyminx","from":{"q":4,"r":6},"to":{"q":3,"r":16},"msg":"findPath: no valid path found"}
{"level":30,"time":1774382618368,"pid":1603455,"hostname":"TempleOfZyminx","from":{"q":4,"r":6},"to":{"q":3,"r":17},"msg":"findPath: no valid path found"}
{"level":30,"time":1774382618368,"pid":1603455,"hostname":"TempleOfZyminx","from":{"q":4,"r":6},"to":{"q":3,"r":18},"msg":"findPath: no valid path found"}
{"level":30,"time":1774382618368,"pid":1603455,"hostname":"TempleOfZyminx","from":{"q":4,"r":6},"to":{"q":3,"r":19},"msg":"findPath: no valid path found"}
{"level":30,"time":1774382618368,"pid":1603455,"hostname":"TempleOfZyminx","from":{"q":4,"r":6},"to":{"q":3,"r":20},"msg":"findPath: no valid path found"}
{"level":30,"time":1774382618368,"pid":1603455,"hostname":"TempleOfZyminx","from":{"q":4,"r":6},"to":{"q":3,"r":21},"msg":"findPath: no valid path found"}
{"level":30,"time":1774382618368,"pid":1603455,"hostname":"TempleOfZyminx","from":{"q":4,"r":6},"to":{"q":4,"r":0},"msg":"findPath: no valid path found"}
{"level":30,"time":1774382618368,"pid":1603455,"hostname":"TempleOfZyminx","from":{"q":4,"r":6},"to":{"q":4,"r":1},"msg":"findPath: no valid path found"}
{"level":30,"time":1774382618369,"pid":1603455,"hostname":"TempleOfZyminx","from":{"q":4,"r":6},"to":{"q":4,"r":8},"msg":"findPath: no valid path found"}
{"level":30,"time":1774382618369,"pid":1603455,"hostname":"TempleOfZyminx","from":{"q":4,"r":6},"to":{"q":4,"r":10},"msg":"findPath: no valid path found"}
{"level":30,"time":1774382618369,"pid":1603455,"hostname":"TempleOfZyminx","from":{"q":4,"r":6},"to":{"q":4,"r":11},"msg":"findPath: no valid path found"}
{"level":30,"time":1774382618369,"pid":1603455,"hostname":"TempleOfZyminx","from":{"q":4,"r":6},"to":{"q":4,"r":12},"msg":"findPath: no valid path found"}
{"level":30,"time":1774382618369,"pid":1603455,"hostname":"TempleOfZyminx","from":{"q":4,"r":6},"to":{"q":4,"r":13},"msg":"findPath: no valid path found"}
{"level":30,"time":1774382618369,"pid":1603455,"hostname":"TempleOfZyminx","from":{"q":4,"r":6},"to":{"q":4,"r":14},"msg":"findPath: no valid path found"}
{"level":30,"time":1774382618369,"pid":1603455,"hostname":"TempleOfZyminx","from":{"q":4,"r":6},"to":{"q":4,"r":15},"msg":"findPath: no valid path found"}
{"level":30,"time":1774382618369,"pid":1603455,"hostname":"TempleOfZyminx","from":{"q":4,"r":6},"to":{"q":4,"r":16},"msg":"findPath: no valid path found"}
{"level":30,"time":1774382618370,"pid":1603455,"hostname":"TempleOfZyminx","from":{"q":4,"r":6},"to":{"q":4,"r":17},"msg":"findPath: no valid path found"}
{"level":30,"time":1774382618370,"pid":1603455,"hostname":"TempleOfZyminx","from":{"q":4,"r":6},"to":{"q":4,"r":18},"msg":"findPath: no valid path found"}
{"level":30,"time":1774382618370,"pid":1603455,"hostname":"TempleOfZyminx","from":{"q":4,"r":6},"to":{"q":4,"r":19},"msg":"findPath: no valid path found"}
{"level":30,"time":1774382618370,"pid":1603455,"hostname":"TempleOfZyminx","from":{"q":4,"r":6},"to":{"q":4,"r":20},"msg":"findPath: no valid path found"}
{"level":30,"time":1774382618370,"pid":1603455,"hostname":"TempleOfZyminx","from":{"q":4,"r":6},"to":{"q":4,"r":21},"msg":"findPath: no valid path found"}
{"level":30,"time":1774382618370,"pid":1603455,"hostname":"TempleOfZyminx","from":{"q":4,"r":6},"to":{"q":5,"r":0},"msg":"findPath: no valid path found"}
{"level":30,"time":1774382618370,"pid":1603455,"hostname":"TempleOfZyminx","from":{"q":4,"r":6},"to":{"q":5,"r":1},"msg":"findPath: no valid path found"}
{"level":30,"time":1774382618370,"pid":1603455,"hostname":"TempleOfZyminx","from":{"q":4,"r":6},"to":{"q":5,"r":2},"msg":"findPath: no valid path found"}
{"level":30,"time":1774382618371,"pid":1603455,"hostname":"TempleOfZyminx","from":{"q":4,"r":6},"to":{"q":5,"r":10},"msg":"findPath: no valid path found"}
{"level":30,"time":1774382618371,"pid":1603455,"hostname":"TempleOfZyminx","from":{"q":4,"r":6},"to":{"q":5,"r":11},"msg":"findPath: no valid path found"}
{"level":30,"time":1774382618371,"pid":1603455,"hostname":"TempleOfZyminx","from":{"q":4,"r":6},"to":{"q":5,"r":12},"msg":"findPath: no valid path found"}
{"level":30,"time":1774382618371,"pid":1603455,"hostname":"TempleOfZyminx","from":{"q":4,"r":6},"to":{"q":5,"r":13},"msg":"findPath: no valid path found"}
{"level":30,"time":1774382618371,"pid":1603455,"hostname":"TempleOfZyminx","from":{"q":4,"r":6},"to":{"q":5,"r":14},"msg":"findPath: no valid path found"}
{"level":30,"time":1774382618371,"pid":1603455,"hostname":"TempleOfZyminx","from":{"q":4,"r":6},"to":{"q":5,"r":15},"msg":"findPath: no valid path found"}
{"level":30,"time":1774382618371,"pid":1603455,"hostname":"TempleOfZyminx","from":{"q":4,"r":6},"to":{"q":5,"r":16},"msg":"findPath: no valid path found"}
{"level":30,"time":1774382618371,"pid":1603455,"hostname":"TempleOfZyminx","from":{"q":4,"r":6},"to":{"q":5,"r":17},"msg":"findPath: no valid path found"}
{"level":30,"time":1774382618371,"pid":1603455,"hostname":"TempleOfZyminx","from":{"q":4,"r":6},"to":{"q":5,"r":18},"msg":"findPath: no valid path found"}
{"level":30,"time":1774382618371,"pid":1603455,"hostname":"TempleOfZyminx","from":{"q":4,"r":6},"to":{"q":5,"r":19},"msg":"findPath: no valid path found"}
{"level":30,"time":1774382618372,"pid":1603455,"hostname":"TempleOfZyminx","from":{"q":4,"r":6},"to":{"q":5,"r":20},"msg":"findPath: no valid path found"}
{"level":30,"time":1774382618372,"pid":1603455,"hostname":"TempleOfZyminx","from":{"q":4,"r":6},"to":{"q":5,"r":21},"msg":"findPath: no valid path found"}
{"level":30,"time":1774382618372,"pid":1603455,"hostname":"TempleOfZyminx","from":{"q":4,"r":6},"to":{"q":6,"r":0},"msg":"findPath: no valid path found"}
{"level":30,"time":1774382618372,"pid":1603455,"hostname":"TempleOfZyminx","from":{"q":4,"r":6},"to":{"q":6,"r":1},"msg":"findPath: no valid path found"}
{"level":30,"time":1774382618372,"pid":1603455,"hostname":"TempleOfZyminx","from":{"q":4,"r":6},"to":{"q":6,"r":9},"msg":"findPath: no valid path found"}
{"level":30,"time":1774382618372,"pid":1603455,"hostname":"TempleOfZyminx","from":{"q":4,"r":6},"to":{"q":6,"r":10},"msg":"findPath: no valid path found"}
{"level":30,"time":1774382618372,"pid":1603455,"hostname":"TempleOfZyminx","from":{"q":4,"r":6},"to":{"q":6,"r":11},"msg":"findPath: no valid path found"}
{"level":30,"time":1774382618372,"pid":1603455,"hostname":"TempleOfZyminx","from":{"q":4,"r":6},"to":{"q":6,"r":12},"msg":"findPath: no valid path found"}
{"level":30,"time":1774382618372,"pid":1603455,"hostname":"TempleOfZyminx","from":{"q":4,"r":6},"to":{"q":6,"r":13},"msg":"findPath: no valid path found"}
{"level":30,"time":1774382618373,"pid":1603455,"hostname":"TempleOfZyminx","from":{"q":4,"r":6},"to":{"q":6,"r":14},"msg":"findPath: no valid path found"}
{"level":30,"time":1774382618373,"pid":1603455,"hostname":"TempleOfZyminx","from":{"q":4,"r":6},"to":{"q":6,"r":15},"msg":"findPath: no valid path found"}
{"level":30,"time":1774382618373,"pid":1603455,"hostname":"TempleOfZyminx","from":{"q":4,"r":6},"to":{"q":6,"r":16},"msg":"findPath: no valid path found"}
{"level":30,"time":1774382618373,"pid":1603455,"hostname":"TempleOfZyminx","from":{"q":4,"r":6},"to":{"q":6,"r":17},"msg":"findPath: no valid path found"}
{"level":30,"time":1774382618373,"pid":1603455,"hostname":"TempleOfZyminx","from":{"q":4,"r":6},"to":{"q":6,"r":18},"msg":"findPath: no valid path found"}
{"level":30,"time":1774382618373,"pid":1603455,"hostname":"TempleOfZyminx","from":{"q":4,"r":6},"to":{"q":6,"r":19},"msg":"findPath: no valid path found"}
{"level":30,"time":1774382618373,"pid":1603455,"hostname":"TempleOfZyminx","from":{"q":4,"r":6},"to":{"q":6,"r":20},"msg":"findPath: no valid path found"}
{"level":30,"time":1774382618373,"pid":1603455,"hostname":"TempleOfZyminx","from":{"q":4,"r":6},"to":{"q":6,"r":21},"msg":"findPath: no valid path found"}
{"level":30,"time":1774382618373,"pid":1603455,"hostname":"TempleOfZyminx","from":{"q":4,"r":6},"to":{"q":7,"r":0},"msg":"findPath: no valid path found"}
{"level":30,"time":1774382618373,"pid":1603455,"hostname":"TempleOfZyminx","from":{"q":4,"r":6},"to":{"q":7,"r":1},"msg":"findPath: no valid path found"}
{"level":30,"time":1774382618373,"pid":1603455,"hostname":"TempleOfZyminx","from":{"q":4,"r":6},"to":{"q":7,"r":8},"msg":"findPath: no valid path found"}
{"level":30,"time":1774382618374,"pid":1603455,"hostname":"TempleOfZyminx","from":{"q":4,"r":6},"to":{"q":7,"r":9},"msg":"findPath: no valid path found"}
{"level":30,"time":1774382618374,"pid":1603455,"hostname":"TempleOfZyminx","from":{"q":4,"r":6},"to":{"q":7,"r":10},"msg":"findPath: no valid path found"}
{"level":30,"time":1774382618374,"pid":1603455,"hostname":"TempleOfZyminx","from":{"q":4,"r":6},"to":{"q":7,"r":11},"msg":"findPath: no valid path found"}
{"level":30,"time":1774382618374,"pid":1603455,"hostname":"TempleOfZyminx","from":{"q":4,"r":6},"to":{"q":7,"r":12},"msg":"findPath: no valid path found"}
{"level":30,"time":1774382618374,"pid":1603455,"hostname":"TempleOfZyminx","from":{"q":4,"r":6},"to":{"q":7,"r":13},"msg":"findPath: no valid path found"}
{"level":30,"time":1774382618374,"pid":1603455,"hostname":"TempleOfZyminx","from":{"q":4,"r":6},"to":{"q":7,"r":14},"msg":"findPath: no valid path found"}
{"level":30,"time":1774382618374,"pid":1603593,"hostname":"TempleOfZyminx","scenarioId":"swamp-siege-01","role":"onion","msg":"Creating new game match"}
{"level":30,"time":1774382618374,"pid":1603455,"hostname":"TempleOfZyminx","from":{"q":4,"r":6},"to":{"q":7,"r":15},"msg":"findPath: no valid path found"}
{"level":30,"time":1774382618374,"pid":1603455,"hostname":"TempleOfZyminx","from":{"q":4,"r":6},"to":{"q":7,"r":16},"msg":"findPath: no valid path found"}
{"level":30,"time":1774382618374,"pid":1603455,"hostname":"TempleOfZyminx","from":{"q":4,"r":6},"to":{"q":7,"r":17},"msg":"findPath: no valid path found"}
{"level":30,"time":1774382618374,"pid":1603455,"hostname":"TempleOfZyminx","from":{"q":4,"r":6},"to":{"q":7,"r":18},"msg":"findPath: no valid path found"}
{"level":30,"time":1774382618374,"pid":1603455,"hostname":"TempleOfZyminx","from":{"q":4,"r":6},"to":{"q":7,"r":19},"msg":"findPath: no valid path found"}
{"level":30,"time":1774382618375,"pid":1603455,"hostname":"TempleOfZyminx","from":{"q":4,"r":6},"to":{"q":7,"r":20},"msg":"findPath: no valid path found"}
{"level":30,"time":1774382618375,"pid":1603455,"hostname":"TempleOfZyminx","from":{"q":4,"r":6},"to":{"q":7,"r":21},"msg":"findPath: no valid path found"}
{"level":30,"time":1774382618375,"pid":1603455,"hostname":"TempleOfZyminx","from":{"q":4,"r":6},"to":{"q":8,"r":0},"msg":"findPath: no valid path found"}
{"level":30,"time":1774382618375,"pid":1603455,"hostname":"TempleOfZyminx","from":{"q":4,"r":6},"to":{"q":8,"r":1},"msg":"findPath: no valid path found"}
{"level":30,"time":1774382618375,"pid":1603593,"hostname":"TempleOfZyminx","gameId":"d66ad3d5-790f-443a-9f08-3fe0303c2183","role":"onion","msg":"Game match created"}
{"level":30,"time":1774382618375,"pid":1603455,"hostname":"TempleOfZyminx","from":{"q":4,"r":6},"to":{"q":8,"r":7},"msg":"findPath: no valid path found"}
{"level":30,"time":1774382618375,"pid":1603455,"hostname":"TempleOfZyminx","from":{"q":4,"r":6},"to":{"q":8,"r":8},"msg":"findPath: no valid path found"}
{"level":30,"time":1774382618375,"pid":1603455,"hostname":"TempleOfZyminx","from":{"q":4,"r":6},"to":{"q":8,"r":9},"msg":"findPath: no valid path found"}
{"level":30,"time":1774382618376,"pid":1603593,"hostname":"TempleOfZyminx","id":"d66ad3d5-790f-443a-9f08-3fe0303c2183","msg":"User joining game"}
{"level":30,"time":1774382618376,"pid":1603593,"hostname":"TempleOfZyminx","gameId":"d66ad3d5-790f-443a-9f08-3fe0303c2183","role":"defender","msg":"User joined game"}
{"level":30,"time":1774382618376,"pid":1603455,"hostname":"TempleOfZyminx","from":{"q":4,"r":6},"to":{"q":8,"r":10},"msg":"findPath: no valid path found"}
{"level":30,"time":1774382618376,"pid":1603455,"hostname":"TempleOfZyminx","from":{"q":4,"r":6},"to":{"q":8,"r":11},"msg":"findPath: no valid path found"}
{"level":30,"time":1774382618376,"pid":1603455,"hostname":"TempleOfZyminx","from":{"q":4,"r":6},"to":{"q":8,"r":12},"msg":"findPath: no valid path found"}
{"level":30,"time":1774382618376,"pid":1603455,"hostname":"TempleOfZyminx","from":{"q":4,"r":6},"to":{"q":8,"r":13},"msg":"findPath: no valid path found"}
{"level":30,"time":1774382618376,"pid":1603455,"hostname":"TempleOfZyminx","from":{"q":4,"r":6},"to":{"q":8,"r":14},"msg":"findPath: no valid path found"}
{"level":30,"time":1774382618376,"pid":1603455,"hostname":"TempleOfZyminx","from":{"q":4,"r":6},"to":{"q":8,"r":15},"msg":"findPath: no valid path found"}
{"level":30,"time":1774382618376,"pid":1603455,"hostname":"TempleOfZyminx","from":{"q":4,"r":6},"to":{"q":8,"r":16},"msg":"findPath: no valid path found"}
{"level":30,"time":1774382618376,"pid":1603455,"hostname":"TempleOfZyminx","from":{"q":4,"r":6},"to":{"q":8,"r":17},"msg":"findPath: no valid path found"}
{"level":30,"time":1774382618377,"pid":1603455,"hostname":"TempleOfZyminx","from":{"q":4,"r":6},"to":{"q":8,"r":18},"msg":"findPath: no valid path found"}
{"level":30,"time":1774382618377,"pid":1603455,"hostname":"TempleOfZyminx","from":{"q":4,"r":6},"to":{"q":8,"r":19},"msg":"findPath: no valid path found"}
{"level":30,"time":1774382618377,"pid":1603455,"hostname":"TempleOfZyminx","from":{"q":4,"r":6},"to":{"q":8,"r":20},"msg":"findPath: no valid path found"}
{"level":30,"time":1774382618377,"pid":1603455,"hostname":"TempleOfZyminx","from":{"q":4,"r":6},"to":{"q":8,"r":21},"msg":"findPath: no valid path found"}
{"level":30,"time":1774382618377,"pid":1603455,"hostname":"TempleOfZyminx","from":{"q":4,"r":6},"to":{"q":9,"r":0},"msg":"findPath: no valid path found"}
{"level":30,"time":1774382618377,"pid":1603455,"hostname":"TempleOfZyminx","from":{"q":4,"r":6},"to":{"q":9,"r":1},"msg":"findPath: no valid path found"}
{"level":30,"time":1774382618377,"pid":1603455,"hostname":"TempleOfZyminx","from":{"q":4,"r":6},"to":{"q":9,"r":2},"msg":"findPath: no valid path found"}
{"level":30,"time":1774382618377,"pid":1603593,"hostname":"TempleOfZyminx","id":"d66ad3d5-790f-443a-9f08-3fe0303c2183","msg":"Fetching game state"}
{"level":30,"time":1774382618377,"pid":1603455,"hostname":"TempleOfZyminx","from":{"q":4,"r":6},"to":{"q":9,"r":3},"msg":"findPath: no valid path found"}
{"level":30,"time":1774382618377,"pid":1603455,"hostname":"TempleOfZyminx","from":{"q":4,"r":6},"to":{"q":9,"r":4},"msg":"findPath: no valid path found"}
{"level":30,"time":1774382618377,"pid":1603455,"hostname":"TempleOfZyminx","from":{"q":4,"r":6},"to":{"q":9,"r":5},"msg":"findPath: no valid path found"}
{"level":30,"time":1774382618377,"pid":1603455,"hostname":"TempleOfZyminx","from":{"q":4,"r":6},"to":{"q":9,"r":6},"msg":"findPath: no valid path found"}
{"level":30,"time":1774382618378,"pid":1603455,"hostname":"TempleOfZyminx","from":{"q":4,"r":6},"to":{"q":9,"r":7},"msg":"findPath: no valid path found"}
{"level":30,"time":1774382618378,"pid":1603455,"hostname":"TempleOfZyminx","from":{"q":4,"r":6},"to":{"q":9,"r":8},"msg":"findPath: no valid path found"}
{"level":30,"time":1774382618378,"pid":1603455,"hostname":"TempleOfZyminx","from":{"q":4,"r":6},"to":{"q":9,"r":9},"msg":"findPath: no valid path found"}
{"level":30,"time":1774382618378,"pid":1603455,"hostname":"TempleOfZyminx","from":{"q":4,"r":6},"to":{"q":9,"r":10},"msg":"findPath: no valid path found"}
{"level":30,"time":1774382618378,"pid":1603455,"hostname":"TempleOfZyminx","from":{"q":4,"r":6},"to":{"q":9,"r":11},"msg":"findPath: no valid path found"}
{"level":30,"time":1774382618378,"pid":1603455,"hostname":"TempleOfZyminx","from":{"q":4,"r":6},"to":{"q":9,"r":12},"msg":"findPath: no valid path found"}
{"level":30,"time":1774382618378,"pid":1603455,"hostname":"TempleOfZyminx","from":{"q":4,"r":6},"to":{"q":9,"r":13},"msg":"findPath: no valid path found"}
{"level":30,"time":1774382618378,"pid":1603593,"hostname":"TempleOfZyminx","id":"d66ad3d5-790f-443a-9f08-3fe0303c2183","msg":"Fetching game state"}
{"level":30,"time":1774382618379,"pid":1603593,"hostname":"TempleOfZyminx","from":{"q":0,"r":10},"to":{"q":0,"r":0},"msg":"findPath: no valid path found"}
{"level":30,"time":1774382618379,"pid":1603593,"hostname":"TempleOfZyminx","from":{"q":0,"r":10},"to":{"q":0,"r":1},"msg":"findPath: no valid path found"}
{"level":30,"time":1774382618379,"pid":1603593,"hostname":"TempleOfZyminx","from":{"q":0,"r":10},"to":{"q":0,"r":2},"msg":"findPath: no valid path found"}
{"level":30,"time":1774382618379,"pid":1603593,"hostname":"TempleOfZyminx","from":{"q":0,"r":10},"to":{"q":0,"r":3},"msg":"findPath: no valid path found"}
{"level":30,"time":1774382618378,"pid":1603455,"hostname":"TempleOfZyminx","from":{"q":4,"r":6},"to":{"q":9,"r":14},"msg":"findPath: no valid path found"}
{"level":30,"time":1774382618379,"pid":1603455,"hostname":"TempleOfZyminx","from":{"q":4,"r":6},"to":{"q":9,"r":15},"msg":"findPath: no valid path found"}
{"level":30,"time":1774382618379,"pid":1603455,"hostname":"TempleOfZyminx","from":{"q":4,"r":6},"to":{"q":9,"r":16},"msg":"findPath: no valid path found"}
{"level":30,"time":1774382618379,"pid":1603455,"hostname":"TempleOfZyminx","from":{"q":4,"r":6},"to":{"q":9,"r":17},"msg":"findPath: no valid path found"}
{"level":30,"time":1774382618379,"pid":1603455,"hostname":"TempleOfZyminx","from":{"q":4,"r":6},"to":{"q":9,"r":18},"msg":"findPath: no valid path found"}
{"level":30,"time":1774382618379,"pid":1603455,"hostname":"TempleOfZyminx","from":{"q":4,"r":6},"to":{"q":9,"r":19},"msg":"findPath: no valid path found"}
{"level":30,"time":1774382618379,"pid":1603455,"hostname":"TempleOfZyminx","from":{"q":4,"r":6},"to":{"q":9,"r":20},"msg":"findPath: no valid path found"}
{"level":30,"time":1774382618379,"pid":1603455,"hostname":"TempleOfZyminx","from":{"q":4,"r":6},"to":{"q":9,"r":21},"msg":"findPath: no valid path found"}
{"level":30,"time":1774382618379,"pid":1603593,"hostname":"TempleOfZyminx","from":{"q":0,"r":10},"to":{"q":0,"r":4},"msg":"findPath: no valid path found"}
{"level":30,"time":1774382618379,"pid":1603593,"hostname":"TempleOfZyminx","from":{"q":0,"r":10},"to":{"q":0,"r":5},"msg":"findPath: no valid path found"}
{"level":30,"time":1774382618379,"pid":1603593,"hostname":"TempleOfZyminx","from":{"q":0,"r":10},"to":{"q":0,"r":6},"msg":"findPath: no valid path found"}
{"level":30,"time":1774382618379,"pid":1603455,"hostname":"TempleOfZyminx","from":{"q":4,"r":6},"to":{"q":10,"r":0},"msg":"findPath: no valid path found"}
{"level":30,"time":1774382618379,"pid":1603455,"hostname":"TempleOfZyminx","from":{"q":4,"r":6},"to":{"q":10,"r":1},"msg":"findPath: no valid path found"}
{"level":30,"time":1774382618379,"pid":1603455,"hostname":"TempleOfZyminx","from":{"q":4,"r":6},"to":{"q":10,"r":2},"msg":"findPath: no valid path found"}
{"level":30,"time":1774382618379,"pid":1603455,"hostname":"TempleOfZyminx","from":{"q":4,"r":6},"to":{"q":10,"r":3},"msg":"findPath: no valid path found"}
{"level":30,"time":1774382618379,"pid":1603455,"hostname":"TempleOfZyminx","from":{"q":4,"r":6},"to":{"q":10,"r":4},"msg":"findPath: no valid path found"}
{"level":30,"time":1774382618379,"pid":1603455,"hostname":"TempleOfZyminx","from":{"q":4,"r":6},"to":{"q":10,"r":5},"msg":"findPath: no valid path found"}
{"level":30,"time":1774382618380,"pid":1603593,"hostname":"TempleOfZyminx","from":{"q":0,"r":10},"to":{"q":0,"r":14},"msg":"findPath: no valid path found"}
{"level":30,"time":1774382618380,"pid":1603593,"hostname":"TempleOfZyminx","from":{"q":0,"r":10},"to":{"q":0,"r":15},"msg":"findPath: no valid path found"}
{"level":30,"time":1774382618380,"pid":1603593,"hostname":"TempleOfZyminx","from":{"q":0,"r":10},"to":{"q":0,"r":16},"msg":"findPath: no valid path found"}
{"level":30,"time":1774382618380,"pid":1603593,"hostname":"TempleOfZyminx","from":{"q":0,"r":10},"to":{"q":0,"r":17},"msg":"findPath: no valid path found"}
{"level":30,"time":1774382618380,"pid":1603593,"hostname":"TempleOfZyminx","from":{"q":0,"r":10},"to":{"q":0,"r":18},"msg":"findPath: no valid path found"}
{"level":30,"time":1774382618380,"pid":1603593,"hostname":"TempleOfZyminx","from":{"q":0,"r":10},"to":{"q":0,"r":19},"msg":"findPath: no valid path found"}
{"level":30,"time":1774382618380,"pid":1603593,"hostname":"TempleOfZyminx","from":{"q":0,"r":10},"to":{"q":0,"r":20},"msg":"findPath: no valid path found"}
{"level":30,"time":1774382618380,"pid":1603593,"hostname":"TempleOfZyminx","from":{"q":0,"r":10},"to":{"q":0,"r":21},"msg":"findPath: no valid path found"}
{"level":30,"time":1774382618380,"pid":1603455,"hostname":"TempleOfZyminx","from":{"q":4,"r":6},"to":{"q":10,"r":6},"msg":"findPath: no valid path found"}
{"level":30,"time":1774382618380,"pid":1603455,"hostname":"TempleOfZyminx","from":{"q":4,"r":6},"to":{"q":10,"r":7},"msg":"findPath: no valid path found"}
{"level":30,"time":1774382618380,"pid":1603455,"hostname":"TempleOfZyminx","from":{"q":4,"r":6},"to":{"q":10,"r":8},"msg":"findPath: no valid path found"}
{"level":30,"time":1774382618380,"pid":1603455,"hostname":"TempleOfZyminx","from":{"q":4,"r":6},"to":{"q":10,"r":9},"msg":"findPath: no valid path found"}
{"level":30,"time":1774382618380,"pid":1603455,"hostname":"TempleOfZyminx","from":{"q":4,"r":6},"to":{"q":10,"r":10},"msg":"findPath: no valid path found"}
{"level":30,"time":1774382618380,"pid":1603455,"hostname":"TempleOfZyminx","from":{"q":4,"r":6},"to":{"q":10,"r":11},"msg":"findPath: no valid path found"}
{"level":30,"time":1774382618380,"pid":1603455,"hostname":"TempleOfZyminx","from":{"q":4,"r":6},"to":{"q":10,"r":12},"msg":"findPath: no valid path found"}
{"level":30,"time":1774382618380,"pid":1603455,"hostname":"TempleOfZyminx","from":{"q":4,"r":6},"to":{"q":10,"r":13},"msg":"findPath: no valid path found"}
{"level":30,"time":1774382618380,"pid":1603455,"hostname":"TempleOfZyminx","from":{"q":4,"r":6},"to":{"q":10,"r":14},"msg":"findPath: no valid path found"}
{"level":30,"time":1774382618380,"pid":1603593,"hostname":"TempleOfZyminx","from":{"q":0,"r":10},"to":{"q":1,"r":0},"msg":"findPath: no valid path found"}
{"level":30,"time":1774382618380,"pid":1603593,"hostname":"TempleOfZyminx","from":{"q":0,"r":10},"to":{"q":1,"r":1},"msg":"findPath: no valid path found"}
{"level":30,"time":1774382618380,"pid":1603593,"hostname":"TempleOfZyminx","from":{"q":0,"r":10},"to":{"q":1,"r":2},"msg":"findPath: no valid path found"}
{"level":30,"time":1774382618380,"pid":1603593,"hostname":"TempleOfZyminx","from":{"q":0,"r":10},"to":{"q":1,"r":3},"msg":"findPath: no valid path found"}
{"level":30,"time":1774382618380,"pid":1603593,"hostname":"TempleOfZyminx","from":{"q":0,"r":10},"to":{"q":1,"r":4},"msg":"findPath: no valid path found"}
{"level":30,"time":1774382618381,"pid":1603593,"hostname":"TempleOfZyminx","from":{"q":0,"r":10},"to":{"q":1,"r":5},"msg":"findPath: no valid path found"}
{"level":30,"time":1774382618381,"pid":1603593,"hostname":"TempleOfZyminx","from":{"q":0,"r":10},"to":{"q":1,"r":6},"msg":"findPath: no valid path found"}
{"level":30,"time":1774382618381,"pid":1603593,"hostname":"TempleOfZyminx","from":{"q":0,"r":10},"to":{"q":1,"r":13},"msg":"findPath: no valid path found"}
{"level":30,"time":1774382618381,"pid":1603593,"hostname":"TempleOfZyminx","from":{"q":0,"r":10},"to":{"q":1,"r":14},"msg":"findPath: no valid path found"}
{"level":30,"time":1774382618381,"pid":1603593,"hostname":"TempleOfZyminx","from":{"q":0,"r":10},"to":{"q":1,"r":15},"msg":"findPath: no valid path found"}
{"level":30,"time":1774382618381,"pid":1603593,"hostname":"TempleOfZyminx","from":{"q":0,"r":10},"to":{"q":1,"r":16},"msg":"findPath: no valid path found"}
{"level":30,"time":1774382618381,"pid":1603593,"hostname":"TempleOfZyminx","from":{"q":0,"r":10},"to":{"q":1,"r":17},"msg":"findPath: no valid path found"}
{"level":30,"time":1774382618380,"pid":1603455,"hostname":"TempleOfZyminx","from":{"q":4,"r":6},"to":{"q":10,"r":15},"msg":"findPath: no valid path found"}
{"level":30,"time":1774382618380,"pid":1603455,"hostname":"TempleOfZyminx","from":{"q":4,"r":6},"to":{"q":10,"r":16},"msg":"findPath: no valid path found"}
{"level":30,"time":1774382618380,"pid":1603455,"hostname":"TempleOfZyminx","from":{"q":4,"r":6},"to":{"q":10,"r":17},"msg":"findPath: no valid path found"}
{"level":30,"time":1774382618381,"pid":1603455,"hostname":"TempleOfZyminx","from":{"q":4,"r":6},"to":{"q":10,"r":18},"msg":"findPath: no valid path found"}
{"level":30,"time":1774382618381,"pid":1603455,"hostname":"TempleOfZyminx","from":{"q":4,"r":6},"to":{"q":10,"r":19},"msg":"findPath: no valid path found"}
{"level":30,"time":1774382618381,"pid":1603455,"hostname":"TempleOfZyminx","from":{"q":4,"r":6},"to":{"q":10,"r":20},"msg":"findPath: no valid path found"}
{"level":30,"time":1774382618381,"pid":1603455,"hostname":"TempleOfZyminx","from":{"q":4,"r":6},"to":{"q":10,"r":21},"msg":"findPath: no valid path found"}
{"level":30,"time":1774382618381,"pid":1603455,"hostname":"TempleOfZyminx","from":{"q":4,"r":6},"to":{"q":11,"r":0},"msg":"findPath: no valid path found"}
{"level":30,"time":1774382618381,"pid":1603455,"hostname":"TempleOfZyminx","from":{"q":4,"r":6},"to":{"q":11,"r":1},"msg":"findPath: no valid path found"}
{"level":30,"time":1774382618381,"pid":1603455,"hostname":"TempleOfZyminx","from":{"q":4,"r":6},"to":{"q":11,"r":2},"msg":"findPath: no valid path found"}
{"level":30,"time":1774382618381,"pid":1603455,"hostname":"TempleOfZyminx","from":{"q":4,"r":6},"to":{"q":11,"r":3},"msg":"findPath: no valid path found"}
{"level":30,"time":1774382618381,"pid":1603455,"hostname":"TempleOfZyminx","from":{"q":4,"r":6},"to":{"q":11,"r":4},"msg":"findPath: no valid path found"}
{"level":30,"time":1774382618381,"pid":1603455,"hostname":"TempleOfZyminx","from":{"q":4,"r":6},"to":{"q":11,"r":5},"msg":"findPath: no valid path found"}
{"level":30,"time":1774382618381,"pid":1603455,"hostname":"TempleOfZyminx","from":{"q":4,"r":6},"to":{"q":11,"r":6},"msg":"findPath: no valid path found"}
{"level":30,"time":1774382618381,"pid":1603593,"hostname":"TempleOfZyminx","from":{"q":0,"r":10},"to":{"q":1,"r":18},"msg":"findPath: no valid path found"}
{"level":30,"time":1774382618382,"pid":1603593,"hostname":"TempleOfZyminx","from":{"q":0,"r":10},"to":{"q":1,"r":19},"msg":"findPath: no valid path found"}
{"level":30,"time":1774382618381,"pid":1603455,"hostname":"TempleOfZyminx","from":{"q":4,"r":6},"to":{"q":11,"r":7},"msg":"findPath: no valid path found"}
{"level":30,"time":1774382618382,"pid":1603593,"hostname":"TempleOfZyminx","from":{"q":0,"r":10},"to":{"q":1,"r":20},"msg":"findPath: no valid path found"}
{"level":30,"time":1774382618382,"pid":1603593,"hostname":"TempleOfZyminx","from":{"q":0,"r":10},"to":{"q":1,"r":21},"msg":"findPath: no valid path found"}
{"level":30,"time":1774382618382,"pid":1603593,"hostname":"TempleOfZyminx","from":{"q":0,"r":10},"to":{"q":2,"r":0},"msg":"findPath: no valid path found"}
{"level":30,"time":1774382618382,"pid":1603593,"hostname":"TempleOfZyminx","from":{"q":0,"r":10},"to":{"q":2,"r":1},"msg":"findPath: no valid path found"}
{"level":30,"time":1774382618382,"pid":1603593,"hostname":"TempleOfZyminx","from":{"q":0,"r":10},"to":{"q":2,"r":2},"msg":"findPath: no valid path found"}
{"level":30,"time":1774382618382,"pid":1603593,"hostname":"TempleOfZyminx","from":{"q":0,"r":10},"to":{"q":2,"r":3},"msg":"findPath: no valid path found"}
{"level":30,"time":1774382618383,"pid":1603593,"hostname":"TempleOfZyminx","from":{"q":0,"r":10},"to":{"q":2,"r":4},"msg":"findPath: no valid path found"}
{"level":30,"time":1774382618383,"pid":1603593,"hostname":"TempleOfZyminx","from":{"q":0,"r":10},"to":{"q":2,"r":5},"msg":"findPath: no valid path found"}
{"level":30,"time":1774382618383,"pid":1603593,"hostname":"TempleOfZyminx","from":{"q":0,"r":10},"to":{"q":2,"r":6},"msg":"findPath: no valid path found"}
{"level":30,"time":1774382618383,"pid":1603593,"hostname":"TempleOfZyminx","from":{"q":0,"r":10},"to":{"q":2,"r":12},"msg":"findPath: no valid path found"}
{"level":30,"time":1774382618383,"pid":1603593,"hostname":"TempleOfZyminx","from":{"q":0,"r":10},"to":{"q":2,"r":13},"msg":"findPath: no valid path found"}
{"level":30,"time":1774382618383,"pid":1603593,"hostname":"TempleOfZyminx","from":{"q":0,"r":10},"to":{"q":2,"r":14},"msg":"findPath: no valid path found"}
{"level":30,"time":1774382618383,"pid":1603593,"hostname":"TempleOfZyminx","from":{"q":0,"r":10},"to":{"q":2,"r":15},"msg":"findPath: no valid path found"}
{"level":30,"time":1774382618383,"pid":1603593,"hostname":"TempleOfZyminx","from":{"q":0,"r":10},"to":{"q":2,"r":16},"msg":"findPath: no valid path found"}
{"level":30,"time":1774382618383,"pid":1603593,"hostname":"TempleOfZyminx","from":{"q":0,"r":10},"to":{"q":2,"r":17},"msg":"findPath: no valid path found"}
{"level":30,"time":1774382618383,"pid":1603593,"hostname":"TempleOfZyminx","from":{"q":0,"r":10},"to":{"q":2,"r":18},"msg":"findPath: no valid path found"}
{"level":30,"time":1774382618383,"pid":1603593,"hostname":"TempleOfZyminx","from":{"q":0,"r":10},"to":{"q":2,"r":19},"msg":"findPath: no valid path found"}
{"level":30,"time":1774382618383,"pid":1603593,"hostname":"TempleOfZyminx","from":{"q":0,"r":10},"to":{"q":2,"r":20},"msg":"findPath: no valid path found"}
{"level":30,"time":1774382618383,"pid":1603593,"hostname":"TempleOfZyminx","from":{"q":0,"r":10},"to":{"q":2,"r":21},"msg":"findPath: no valid path found"}
{"level":30,"time":1774382618383,"pid":1603593,"hostname":"TempleOfZyminx","from":{"q":0,"r":10},"to":{"q":3,"r":0},"msg":"findPath: no valid path found"}
{"level":30,"time":1774382618383,"pid":1603593,"hostname":"TempleOfZyminx","from":{"q":0,"r":10},"to":{"q":3,"r":1},"msg":"findPath: no valid path found"}
{"level":30,"time":1774382618383,"pid":1603593,"hostname":"TempleOfZyminx","from":{"q":0,"r":10},"to":{"q":3,"r":2},"msg":"findPath: no valid path found"}
{"level":30,"time":1774382618386,"pid":1603593,"hostname":"TempleOfZyminx","from":{"q":0,"r":10},"to":{"q":3,"r":3},"msg":"findPath: no valid path found"}
{"level":30,"time":1774382618386,"pid":1603593,"hostname":"TempleOfZyminx","from":{"q":0,"r":10},"to":{"q":3,"r":4},"msg":"findPath: no valid path found"}
{"level":30,"time":1774382618386,"pid":1603593,"hostname":"TempleOfZyminx","from":{"q":0,"r":10},"to":{"q":3,"r":5},"msg":"findPath: no valid path found"}
{"level":30,"time":1774382618387,"pid":1603593,"hostname":"TempleOfZyminx","from":{"q":0,"r":10},"to":{"q":3,"r":6},"msg":"findPath: no valid path found"}
{"level":30,"time":1774382618387,"pid":1603593,"hostname":"TempleOfZyminx","from":{"q":0,"r":10},"to":{"q":3,"r":8},"msg":"findPath: no valid path found"}
{"level":30,"time":1774382618387,"pid":1603593,"hostname":"TempleOfZyminx","from":{"q":0,"r":10},"to":{"q":3,"r":11},"msg":"findPath: no valid path found"}
{"level":30,"time":1774382618387,"pid":1603593,"hostname":"TempleOfZyminx","from":{"q":0,"r":10},"to":{"q":3,"r":12},"msg":"findPath: no valid path found"}
{"level":30,"time":1774382618387,"pid":1603593,"hostname":"TempleOfZyminx","from":{"q":0,"r":10},"to":{"q":3,"r":13},"msg":"findPath: no valid path found"}
{"level":30,"time":1774382618387,"pid":1603593,"hostname":"TempleOfZyminx","from":{"q":0,"r":10},"to":{"q":3,"r":14},"msg":"findPath: no valid path found"}
{"level":30,"time":1774382618387,"pid":1603593,"hostname":"TempleOfZyminx","from":{"q":0,"r":10},"to":{"q":3,"r":15},"msg":"findPath: no valid path found"}
{"level":30,"time":1774382618387,"pid":1603593,"hostname":"TempleOfZyminx","from":{"q":0,"r":10},"to":{"q":3,"r":16},"msg":"findPath: no valid path found"}
{"level":30,"time":1774382618387,"pid":1603593,"hostname":"TempleOfZyminx","from":{"q":0,"r":10},"to":{"q":3,"r":17},"msg":"findPath: no valid path found"}
{"level":30,"time":1774382618388,"pid":1603593,"hostname":"TempleOfZyminx","from":{"q":0,"r":10},"to":{"q":3,"r":18},"msg":"findPath: no valid path found"}
{"level":30,"time":1774382618388,"pid":1603593,"hostname":"TempleOfZyminx","from":{"q":0,"r":10},"to":{"q":3,"r":19},"msg":"findPath: no valid path found"}
{"level":30,"time":1774382618388,"pid":1603593,"hostname":"TempleOfZyminx","from":{"q":0,"r":10},"to":{"q":3,"r":20},"msg":"findPath: no valid path found"}
{"level":30,"time":1774382618388,"pid":1603593,"hostname":"TempleOfZyminx","from":{"q":0,"r":10},"to":{"q":3,"r":21},"msg":"findPath: no valid path found"}
{"level":30,"time":1774382618388,"pid":1603593,"hostname":"TempleOfZyminx","from":{"q":0,"r":10},"to":{"q":4,"r":0},"msg":"findPath: no valid path found"}
{"level":30,"time":1774382618389,"pid":1603593,"hostname":"TempleOfZyminx","from":{"q":0,"r":10},"to":{"q":4,"r":1},"msg":"findPath: no valid path found"}
{"level":30,"time":1774382618389,"pid":1603593,"hostname":"TempleOfZyminx","from":{"q":0,"r":10},"to":{"q":4,"r":2},"msg":"findPath: no valid path found"}
{"level":30,"time":1774382618389,"pid":1603593,"hostname":"TempleOfZyminx","from":{"q":0,"r":10},"to":{"q":4,"r":3},"msg":"findPath: no valid path found"}
{"level":30,"time":1774382618389,"pid":1603593,"hostname":"TempleOfZyminx","from":{"q":0,"r":10},"to":{"q":4,"r":4},"msg":"findPath: no valid path found"}
{"level":30,"time":1774382618389,"pid":1603593,"hostname":"TempleOfZyminx","from":{"q":0,"r":10},"to":{"q":4,"r":5},"msg":"findPath: no valid path found"}
{"level":30,"time":1774382618389,"pid":1603593,"hostname":"TempleOfZyminx","from":{"q":0,"r":10},"to":{"q":4,"r":6},"msg":"findPath: no valid path found"}
{"level":30,"time":1774382618389,"pid":1603593,"hostname":"TempleOfZyminx","from":{"q":0,"r":10},"to":{"q":4,"r":8},"msg":"findPath: no valid path found"}
{"level":30,"time":1774382618389,"pid":1603593,"hostname":"TempleOfZyminx","from":{"q":0,"r":10},"to":{"q":4,"r":9},"msg":"findPath: no valid path found"}
{"level":30,"time":1774382618389,"pid":1603593,"hostname":"TempleOfZyminx","from":{"q":0,"r":10},"to":{"q":4,"r":10},"msg":"findPath: no valid path found"}
{"level":30,"time":1774382618389,"pid":1603593,"hostname":"TempleOfZyminx","from":{"q":0,"r":10},"to":{"q":4,"r":11},"msg":"findPath: no valid path found"}
{"level":30,"time":1774382618389,"pid":1603593,"hostname":"TempleOfZyminx","from":{"q":0,"r":10},"to":{"q":4,"r":12},"msg":"findPath: no valid path found"}
{"level":30,"time":1774382618390,"pid":1603593,"hostname":"TempleOfZyminx","from":{"q":0,"r":10},"to":{"q":4,"r":13},"msg":"findPath: no valid path found"}
{"level":30,"time":1774382618390,"pid":1603593,"hostname":"TempleOfZyminx","from":{"q":0,"r":10},"to":{"q":4,"r":14},"msg":"findPath: no valid path found"}
{"level":30,"time":1774382618390,"pid":1603593,"hostname":"TempleOfZyminx","from":{"q":0,"r":10},"to":{"q":4,"r":15},"msg":"findPath: no valid path found"}
{"level":30,"time":1774382618390,"pid":1603593,"hostname":"TempleOfZyminx","from":{"q":0,"r":10},"to":{"q":4,"r":16},"msg":"findPath: no valid path found"}
{"level":30,"time":1774382618390,"pid":1603593,"hostname":"TempleOfZyminx","from":{"q":0,"r":10},"to":{"q":4,"r":17},"msg":"findPath: no valid path found"}
{"level":30,"time":1774382618390,"pid":1603593,"hostname":"TempleOfZyminx","from":{"q":0,"r":10},"to":{"q":4,"r":18},"msg":"findPath: no valid path found"}
{"level":30,"time":1774382618390,"pid":1603593,"hostname":"TempleOfZyminx","from":{"q":0,"r":10},"to":{"q":4,"r":19},"msg":"findPath: no valid path found"}
{"level":30,"time":1774382618390,"pid":1603593,"hostname":"TempleOfZyminx","from":{"q":0,"r":10},"to":{"q":4,"r":20},"msg":"findPath: no valid path found"}
{"level":30,"time":1774382618390,"pid":1603593,"hostname":"TempleOfZyminx","from":{"q":0,"r":10},"to":{"q":4,"r":21},"msg":"findPath: no valid path found"}
{"level":30,"time":1774382618390,"pid":1603593,"hostname":"TempleOfZyminx","from":{"q":0,"r":10},"to":{"q":5,"r":0},"msg":"findPath: no valid path found"}
{"level":30,"time":1774382618390,"pid":1603593,"hostname":"TempleOfZyminx","from":{"q":0,"r":10},"to":{"q":5,"r":1},"msg":"findPath: no valid path found"}
{"level":30,"time":1774382618391,"pid":1603593,"hostname":"TempleOfZyminx","from":{"q":0,"r":10},"to":{"q":5,"r":2},"msg":"findPath: no valid path found"}
{"level":30,"time":1774382618391,"pid":1603593,"hostname":"TempleOfZyminx","from":{"q":0,"r":10},"to":{"q":5,"r":3},"msg":"findPath: no valid path found"}
{"level":30,"time":1774382618391,"pid":1603593,"hostname":"TempleOfZyminx","from":{"q":0,"r":10},"to":{"q":5,"r":4},"msg":"findPath: no valid path found"}
{"level":30,"time":1774382618391,"pid":1603593,"hostname":"TempleOfZyminx","from":{"q":0,"r":10},"to":{"q":5,"r":5},"msg":"findPath: no valid path found"}
{"level":30,"time":1774382618391,"pid":1603593,"hostname":"TempleOfZyminx","from":{"q":0,"r":10},"to":{"q":5,"r":8},"msg":"findPath: no valid path found"}
{"level":30,"time":1774382618391,"pid":1603593,"hostname":"TempleOfZyminx","from":{"q":0,"r":10},"to":{"q":5,"r":9},"msg":"findPath: no valid path found"}
{"level":30,"time":1774382618393,"pid":1603593,"hostname":"TempleOfZyminx","from":{"q":0,"r":10},"to":{"q":5,"r":10},"msg":"findPath: no valid path found"}
{"level":30,"time":1774382618393,"pid":1603593,"hostname":"TempleOfZyminx","from":{"q":0,"r":10},"to":{"q":5,"r":11},"msg":"findPath: no valid path found"}
{"level":30,"time":1774382618394,"pid":1603593,"hostname":"TempleOfZyminx","from":{"q":0,"r":10},"to":{"q":5,"r":12},"msg":"findPath: no valid path found"}
{"level":30,"time":1774382618394,"pid":1603593,"hostname":"TempleOfZyminx","from":{"q":0,"r":10},"to":{"q":5,"r":13},"msg":"findPath: no valid path found"}
{"level":30,"time":1774382618394,"pid":1603593,"hostname":"TempleOfZyminx","from":{"q":0,"r":10},"to":{"q":5,"r":14},"msg":"findPath: no valid path found"}
{"level":30,"time":1774382618394,"pid":1603593,"hostname":"TempleOfZyminx","from":{"q":0,"r":10},"to":{"q":5,"r":15},"msg":"findPath: no valid path found"}
{"level":30,"time":1774382618394,"pid":1603593,"hostname":"TempleOfZyminx","from":{"q":0,"r":10},"to":{"q":5,"r":16},"msg":"findPath: no valid path found"}
{"level":30,"time":1774382618394,"pid":1603593,"hostname":"TempleOfZyminx","from":{"q":0,"r":10},"to":{"q":5,"r":17},"msg":"findPath: no valid path found"}
{"level":30,"time":1774382618394,"pid":1603593,"hostname":"TempleOfZyminx","from":{"q":0,"r":10},"to":{"q":5,"r":18},"msg":"findPath: no valid path found"}
{"level":30,"time":1774382618394,"pid":1603593,"hostname":"TempleOfZyminx","from":{"q":0,"r":10},"to":{"q":5,"r":19},"msg":"findPath: no valid path found"}
{"level":30,"time":1774382618394,"pid":1603593,"hostname":"TempleOfZyminx","from":{"q":0,"r":10},"to":{"q":5,"r":20},"msg":"findPath: no valid path found"}
{"level":30,"time":1774382618394,"pid":1603593,"hostname":"TempleOfZyminx","from":{"q":0,"r":10},"to":{"q":5,"r":21},"msg":"findPath: no valid path found"}
{"level":30,"time":1774382618394,"pid":1603593,"hostname":"TempleOfZyminx","from":{"q":0,"r":10},"to":{"q":6,"r":0},"msg":"findPath: no valid path found"}
{"level":30,"time":1774382618395,"pid":1603593,"hostname":"TempleOfZyminx","from":{"q":0,"r":10},"to":{"q":6,"r":1},"msg":"findPath: no valid path found"}
{"level":30,"time":1774382618395,"pid":1603593,"hostname":"TempleOfZyminx","from":{"q":0,"r":10},"to":{"q":6,"r":2},"msg":"findPath: no valid path found"}
{"level":30,"time":1774382618395,"pid":1603593,"hostname":"TempleOfZyminx","from":{"q":0,"r":10},"to":{"q":6,"r":3},"msg":"findPath: no valid path found"}
{"level":30,"time":1774382618395,"pid":1603593,"hostname":"TempleOfZyminx","from":{"q":0,"r":10},"to":{"q":6,"r":5},"msg":"findPath: no valid path found"}
{"level":30,"time":1774382618395,"pid":1603593,"hostname":"TempleOfZyminx","from":{"q":0,"r":10},"to":{"q":6,"r":7},"msg":"findPath: no valid path found"}
{"level":30,"time":1774382618395,"pid":1603593,"hostname":"TempleOfZyminx","from":{"q":0,"r":10},"to":{"q":6,"r":8},"msg":"findPath: no valid path found"}
{"level":30,"time":1774382618395,"pid":1603593,"hostname":"TempleOfZyminx","from":{"q":0,"r":10},"to":{"q":6,"r":9},"msg":"findPath: no valid path found"}
{"level":30,"time":1774382618395,"pid":1603593,"hostname":"TempleOfZyminx","from":{"q":0,"r":10},"to":{"q":6,"r":10},"msg":"findPath: no valid path found"}
{"level":30,"time":1774382618395,"pid":1603593,"hostname":"TempleOfZyminx","from":{"q":0,"r":10},"to":{"q":6,"r":11},"msg":"findPath: no valid path found"}
{"level":30,"time":1774382618395,"pid":1603593,"hostname":"TempleOfZyminx","from":{"q":0,"r":10},"to":{"q":6,"r":12},"msg":"findPath: no valid path found"}
{"level":30,"time":1774382618395,"pid":1603593,"hostname":"TempleOfZyminx","from":{"q":0,"r":10},"to":{"q":6,"r":13},"msg":"findPath: no valid path found"}
{"level":30,"time":1774382618396,"pid":1603593,"hostname":"TempleOfZyminx","from":{"q":0,"r":10},"to":{"q":6,"r":14},"msg":"findPath: no valid path found"}
{"level":30,"time":1774382618396,"pid":1603593,"hostname":"TempleOfZyminx","from":{"q":0,"r":10},"to":{"q":6,"r":15},"msg":"findPath: no valid path found"}
{"level":30,"time":1774382618396,"pid":1603593,"hostname":"TempleOfZyminx","from":{"q":0,"r":10},"to":{"q":6,"r":16},"msg":"findPath: no valid path found"}
{"level":30,"time":1774382618396,"pid":1603593,"hostname":"TempleOfZyminx","from":{"q":0,"r":10},"to":{"q":6,"r":17},"msg":"findPath: no valid path found"}
{"level":30,"time":1774382618396,"pid":1603593,"hostname":"TempleOfZyminx","from":{"q":0,"r":10},"to":{"q":6,"r":18},"msg":"findPath: no valid path found"}
{"level":30,"time":1774382618396,"pid":1603593,"hostname":"TempleOfZyminx","from":{"q":0,"r":10},"to":{"q":6,"r":19},"msg":"findPath: no valid path found"}
{"level":30,"time":1774382618396,"pid":1603593,"hostname":"TempleOfZyminx","from":{"q":0,"r":10},"to":{"q":6,"r":20},"msg":"findPath: no valid path found"}
{"level":30,"time":1774382618396,"pid":1603593,"hostname":"TempleOfZyminx","from":{"q":0,"r":10},"to":{"q":6,"r":21},"msg":"findPath: no valid path found"}
{"level":30,"time":1774382618396,"pid":1603593,"hostname":"TempleOfZyminx","from":{"q":0,"r":10},"to":{"q":7,"r":0},"msg":"findPath: no valid path found"}
{"level":30,"time":1774382618396,"pid":1603593,"hostname":"TempleOfZyminx","from":{"q":0,"r":10},"to":{"q":7,"r":1},"msg":"findPath: no valid path found"}
{"level":30,"time":1774382618396,"pid":1603593,"hostname":"TempleOfZyminx","from":{"q":0,"r":10},"to":{"q":7,"r":2},"msg":"findPath: no valid path found"}
{"level":30,"time":1774382618386,"pid":1603639,"hostname":"TempleOfZyminx","scenarioId":"swamp-siege-01","role":"onion","msg":"Creating new game match"}
{"level":30,"time":1774382618389,"pid":1603639,"hostname":"TempleOfZyminx","gameId":"01a38e79-3458-4e83-bb89-cc390ffda771","role":"onion","msg":"Game match created"}
{"level":30,"time":1774382618386,"pid":1603455,"hostname":"TempleOfZyminx","from":{"q":4,"r":6},"to":{"q":11,"r":8},"msg":"findPath: no valid path found"}
{"level":30,"time":1774382618389,"pid":1603455,"hostname":"TempleOfZyminx","from":{"q":4,"r":6},"to":{"q":11,"r":9},"msg":"findPath: no valid path found"}
{"level":30,"time":1774382618389,"pid":1603455,"hostname":"TempleOfZyminx","from":{"q":4,"r":6},"to":{"q":11,"r":10},"msg":"findPath: no valid path found"}
{"level":30,"time":1774382618389,"pid":1603455,"hostname":"TempleOfZyminx","from":{"q":4,"r":6},"to":{"q":11,"r":11},"msg":"findPath: no valid path found"}
{"level":30,"time":1774382618389,"pid":1603455,"hostname":"TempleOfZyminx","from":{"q":4,"r":6},"to":{"q":11,"r":12},"msg":"findPath: no valid path found"}
{"level":30,"time":1774382618389,"pid":1603455,"hostname":"TempleOfZyminx","from":{"q":4,"r":6},"to":{"q":11,"r":13},"msg":"findPath: no valid path found"}
{"level":30,"time":1774382618389,"pid":1603455,"hostname":"TempleOfZyminx","from":{"q":4,"r":6},"to":{"q":11,"r":14},"msg":"findPath: no valid path found"}
{"level":30,"time":1774382618389,"pid":1603455,"hostname":"TempleOfZyminx","from":{"q":4,"r":6},"to":{"q":11,"r":15},"msg":"findPath: no valid path found"}
{"level":30,"time":1774382618390,"pid":1603455,"hostname":"TempleOfZyminx","from":{"q":4,"r":6},"to":{"q":11,"r":16},"msg":"findPath: no valid path found"}
{"level":30,"time":1774382618390,"pid":1603455,"hostname":"TempleOfZyminx","from":{"q":4,"r":6},"to":{"q":11,"r":17},"msg":"findPath: no valid path found"}
{"level":30,"time":1774382618390,"pid":1603455,"hostname":"TempleOfZyminx","from":{"q":4,"r":6},"to":{"q":11,"r":18},"msg":"findPath: no valid path found"}
{"level":30,"time":1774382618390,"pid":1603455,"hostname":"TempleOfZyminx","from":{"q":4,"r":6},"to":{"q":11,"r":19},"msg":"findPath: no valid path found"}
{"level":30,"time":1774382618390,"pid":1603455,"hostname":"TempleOfZyminx","from":{"q":4,"r":6},"to":{"q":11,"r":20},"msg":"findPath: no valid path found"}
{"level":30,"time":1774382618390,"pid":1603455,"hostname":"TempleOfZyminx","from":{"q":4,"r":6},"to":{"q":11,"r":21},"msg":"findPath: no valid path found"}
{"level":30,"time":1774382618390,"pid":1603455,"hostname":"TempleOfZyminx","from":{"q":4,"r":6},"to":{"q":12,"r":0},"msg":"findPath: no valid path found"}
{"level":30,"time":1774382618390,"pid":1603455,"hostname":"TempleOfZyminx","from":{"q":4,"r":6},"to":{"q":12,"r":1},"msg":"findPath: no valid path found"}
{"level":30,"time":1774382618391,"pid":1603455,"hostname":"TempleOfZyminx","from":{"q":4,"r":6},"to":{"q":12,"r":2},"msg":"findPath: no valid path found"}
{"level":30,"time":1774382618391,"pid":1603455,"hostname":"TempleOfZyminx","from":{"q":4,"r":6},"to":{"q":12,"r":3},"msg":"findPath: no valid path found"}
{"level":30,"time":1774382618392,"pid":1603455,"hostname":"TempleOfZyminx","from":{"q":4,"r":6},"to":{"q":12,"r":4},"msg":"findPath: no valid path found"}
{"level":30,"time":1774382618392,"pid":1603455,"hostname":"TempleOfZyminx","from":{"q":4,"r":6},"to":{"q":12,"r":5},"msg":"findPath: no valid path found"}
{"level":30,"time":1774382618392,"pid":1603455,"hostname":"TempleOfZyminx","from":{"q":4,"r":6},"to":{"q":12,"r":6},"msg":"findPath: no valid path found"}
{"level":30,"time":1774382618392,"pid":1603455,"hostname":"TempleOfZyminx","from":{"q":4,"r":6},"to":{"q":12,"r":7},"msg":"findPath: no valid path found"}
{"level":30,"time":1774382618392,"pid":1603455,"hostname":"TempleOfZyminx","from":{"q":4,"r":6},"to":{"q":12,"r":8},"msg":"findPath: no valid path found"}
{"level":30,"time":1774382618395,"pid":1603455,"hostname":"TempleOfZyminx","from":{"q":4,"r":6},"to":{"q":12,"r":9},"msg":"findPath: no valid path found"}
{"level":30,"time":1774382618395,"pid":1603455,"hostname":"TempleOfZyminx","from":{"q":4,"r":6},"to":{"q":12,"r":10},"msg":"findPath: no valid path found"}
{"level":30,"time":1774382618395,"pid":1603455,"hostname":"TempleOfZyminx","from":{"q":4,"r":6},"to":{"q":12,"r":11},"msg":"findPath: no valid path found"}
{"level":30,"time":1774382618395,"pid":1603455,"hostname":"TempleOfZyminx","from":{"q":4,"r":6},"to":{"q":12,"r":12},"msg":"findPath: no valid path found"}
{"level":30,"time":1774382618395,"pid":1603455,"hostname":"TempleOfZyminx","from":{"q":4,"r":6},"to":{"q":12,"r":13},"msg":"findPath: no valid path found"}
{"level":30,"time":1774382618395,"pid":1603455,"hostname":"TempleOfZyminx","from":{"q":4,"r":6},"to":{"q":12,"r":14},"msg":"findPath: no valid path found"}
{"level":30,"time":1774382618396,"pid":1603455,"hostname":"TempleOfZyminx","from":{"q":4,"r":6},"to":{"q":12,"r":15},"msg":"findPath: no valid path found"}
{"level":30,"time":1774382618396,"pid":1603455,"hostname":"TempleOfZyminx","from":{"q":4,"r":6},"to":{"q":12,"r":16},"msg":"findPath: no valid path found"}
{"level":30,"time":1774382618396,"pid":1603455,"hostname":"TempleOfZyminx","from":{"q":4,"r":6},"to":{"q":12,"r":17},"msg":"findPath: no valid path found"}
{"level":30,"time":1774382618396,"pid":1603455,"hostname":"TempleOfZyminx","from":{"q":4,"r":6},"to":{"q":12,"r":18},"msg":"findPath: no valid path found"}
{"level":30,"time":1774382618396,"pid":1603455,"hostname":"TempleOfZyminx","from":{"q":4,"r":6},"to":{"q":12,"r":19},"msg":"findPath: no valid path found"}
{"level":30,"time":1774382618396,"pid":1603455,"hostname":"TempleOfZyminx","from":{"q":4,"r":6},"to":{"q":12,"r":20},"msg":"findPath: no valid path found"}
{"level":30,"time":1774382618396,"pid":1603455,"hostname":"TempleOfZyminx","from":{"q":4,"r":6},"to":{"q":12,"r":21},"msg":"findPath: no valid path found"}
{"level":30,"time":1774382618396,"pid":1603455,"hostname":"TempleOfZyminx","from":{"q":4,"r":6},"to":{"q":13,"r":0},"msg":"findPath: no valid path found"}
{"level":30,"time":1774382618397,"pid":1603455,"hostname":"TempleOfZyminx","from":{"q":4,"r":6},"to":{"q":13,"r":1},"msg":"findPath: no valid path found"}
{"level":30,"time":1774382618397,"pid":1603455,"hostname":"TempleOfZyminx","from":{"q":4,"r":6},"to":{"q":13,"r":2},"msg":"findPath: no valid path found"}
{"level":30,"time":1774382618397,"pid":1603455,"hostname":"TempleOfZyminx","from":{"q":4,"r":6},"to":{"q":13,"r":3},"msg":"findPath: no valid path found"}
{"level":30,"time":1774382618397,"pid":1603455,"hostname":"TempleOfZyminx","from":{"q":4,"r":6},"to":{"q":13,"r":4},"msg":"findPath: no valid path found"}
{"level":30,"time":1774382618397,"pid":1603455,"hostname":"TempleOfZyminx","from":{"q":4,"r":6},"to":{"q":13,"r":5},"msg":"findPath: no valid path found"}
{"level":30,"time":1774382618397,"pid":1603455,"hostname":"TempleOfZyminx","from":{"q":4,"r":6},"to":{"q":13,"r":6},"msg":"findPath: no valid path found"}
{"level":30,"time":1774382618398,"pid":1603455,"hostname":"TempleOfZyminx","from":{"q":4,"r":6},"to":{"q":13,"r":7},"msg":"findPath: no valid path found"}
{"level":30,"time":1774382618398,"pid":1603455,"hostname":"TempleOfZyminx","from":{"q":4,"r":6},"to":{"q":13,"r":8},"msg":"findPath: no valid path found"}
{"level":30,"time":1774382618398,"pid":1603455,"hostname":"TempleOfZyminx","from":{"q":4,"r":6},"to":{"q":13,"r":9},"msg":"findPath: no valid path found"}
{"level":30,"time":1774382618398,"pid":1603455,"hostname":"TempleOfZyminx","from":{"q":4,"r":6},"to":{"q":13,"r":10},"msg":"findPath: no valid path found"}
{"level":30,"time":1774382618398,"pid":1603593,"hostname":"TempleOfZyminx","from":{"q":0,"r":10},"to":{"q":7,"r":4},"msg":"findPath: no valid path found"}
{"level":30,"time":1774382618398,"pid":1603593,"hostname":"TempleOfZyminx","from":{"q":0,"r":10},"to":{"q":7,"r":5},"msg":"findPath: no valid path found"}
{"level":30,"time":1774382618398,"pid":1603593,"hostname":"TempleOfZyminx","from":{"q":0,"r":10},"to":{"q":7,"r":6},"msg":"findPath: no valid path found"}
{"level":30,"time":1774382618398,"pid":1603593,"hostname":"TempleOfZyminx","from":{"q":0,"r":10},"to":{"q":7,"r":7},"msg":"findPath: no valid path found"}
{"level":30,"time":1774382618398,"pid":1603593,"hostname":"TempleOfZyminx","from":{"q":0,"r":10},"to":{"q":7,"r":8},"msg":"findPath: no valid path found"}
{"level":30,"time":1774382618398,"pid":1603593,"hostname":"TempleOfZyminx","from":{"q":0,"r":10},"to":{"q":7,"r":9},"msg":"findPath: no valid path found"}
{"level":30,"time":1774382618398,"pid":1603593,"hostname":"TempleOfZyminx","from":{"q":0,"r":10},"to":{"q":7,"r":10},"msg":"findPath: no valid path found"}
{"level":30,"time":1774382618399,"pid":1603593,"hostname":"TempleOfZyminx","from":{"q":0,"r":10},"to":{"q":7,"r":11},"msg":"findPath: no valid path found"}
{"level":30,"time":1774382618399,"pid":1603593,"hostname":"TempleOfZyminx","from":{"q":0,"r":10},"to":{"q":7,"r":12},"msg":"findPath: no valid path found"}
{"level":30,"time":1774382618399,"pid":1603593,"hostname":"TempleOfZyminx","from":{"q":0,"r":10},"to":{"q":7,"r":13},"msg":"findPath: no valid path found"}
{"level":30,"time":1774382618399,"pid":1603593,"hostname":"TempleOfZyminx","from":{"q":0,"r":10},"to":{"q":7,"r":14},"msg":"findPath: no valid path found"}
{"level":30,"time":1774382618399,"pid":1603593,"hostname":"TempleOfZyminx","from":{"q":0,"r":10},"to":{"q":7,"r":15},"msg":"findPath: no valid path found"}
{"level":30,"time":1774382618399,"pid":1603593,"hostname":"TempleOfZyminx","from":{"q":0,"r":10},"to":{"q":7,"r":16},"msg":"findPath: no valid path found"}
{"level":30,"time":1774382618399,"pid":1603593,"hostname":"TempleOfZyminx","from":{"q":0,"r":10},"to":{"q":7,"r":17},"msg":"findPath: no valid path found"}
{"level":30,"time":1774382618399,"pid":1603593,"hostname":"TempleOfZyminx","from":{"q":0,"r":10},"to":{"q":7,"r":18},"msg":"findPath: no valid path found"}
{"level":30,"time":1774382618399,"pid":1603593,"hostname":"TempleOfZyminx","from":{"q":0,"r":10},"to":{"q":7,"r":19},"msg":"findPath: no valid path found"}
{"level":30,"time":1774382618399,"pid":1603593,"hostname":"TempleOfZyminx","from":{"q":0,"r":10},"to":{"q":7,"r":20},"msg":"findPath: no valid path found"}
{"level":30,"time":1774382618399,"pid":1603593,"hostname":"TempleOfZyminx","from":{"q":0,"r":10},"to":{"q":7,"r":21},"msg":"findPath: no valid path found"}
{"level":30,"time":1774382618400,"pid":1603593,"hostname":"TempleOfZyminx","from":{"q":0,"r":10},"to":{"q":8,"r":0},"msg":"findPath: no valid path found"}
{"level":30,"time":1774382618400,"pid":1603593,"hostname":"TempleOfZyminx","from":{"q":0,"r":10},"to":{"q":8,"r":1},"msg":"findPath: no valid path found"}
{"level":30,"time":1774382618400,"pid":1603593,"hostname":"TempleOfZyminx","from":{"q":0,"r":10},"to":{"q":8,"r":2},"msg":"findPath: no valid path found"}
{"level":30,"time":1774382618400,"pid":1603593,"hostname":"TempleOfZyminx","from":{"q":0,"r":10},"to":{"q":8,"r":3},"msg":"findPath: no valid path found"}
{"level":30,"time":1774382618400,"pid":1603593,"hostname":"TempleOfZyminx","from":{"q":0,"r":10},"to":{"q":8,"r":4},"msg":"findPath: no valid path found"}
{"level":30,"time":1774382618400,"pid":1603593,"hostname":"TempleOfZyminx","from":{"q":0,"r":10},"to":{"q":8,"r":5},"msg":"findPath: no valid path found"}
{"level":30,"time":1774382618400,"pid":1603593,"hostname":"TempleOfZyminx","from":{"q":0,"r":10},"to":{"q":8,"r":6},"msg":"findPath: no valid path found"}
{"level":30,"time":1774382618400,"pid":1603593,"hostname":"TempleOfZyminx","from":{"q":0,"r":10},"to":{"q":8,"r":7},"msg":"findPath: no valid path found"}
{"level":30,"time":1774382618400,"pid":1603593,"hostname":"TempleOfZyminx","from":{"q":0,"r":10},"to":{"q":8,"r":8},"msg":"findPath: no valid path found"}
{"level":30,"time":1774382618400,"pid":1603593,"hostname":"TempleOfZyminx","from":{"q":0,"r":10},"to":{"q":8,"r":9},"msg":"findPath: no valid path found"}
{"level":30,"time":1774382618400,"pid":1603593,"hostname":"TempleOfZyminx","from":{"q":0,"r":10},"to":{"q":8,"r":10},"msg":"findPath: no valid path found"}
{"level":30,"time":1774382618400,"pid":1603593,"hostname":"TempleOfZyminx","from":{"q":0,"r":10},"to":{"q":8,"r":11},"msg":"findPath: no valid path found"}
{"level":30,"time":1774382618400,"pid":1603593,"hostname":"TempleOfZyminx","from":{"q":0,"r":10},"to":{"q":8,"r":12},"msg":"findPath: no valid path found"}
{"level":30,"time":1774382618400,"pid":1603593,"hostname":"TempleOfZyminx","from":{"q":0,"r":10},"to":{"q":8,"r":13},"msg":"findPath: no valid path found"}
{"level":30,"time":1774382618400,"pid":1603593,"hostname":"TempleOfZyminx","from":{"q":0,"r":10},"to":{"q":8,"r":14},"msg":"findPath: no valid path found"}
{"level":30,"time":1774382618400,"pid":1603593,"hostname":"TempleOfZyminx","from":{"q":0,"r":10},"to":{"q":8,"r":15},"msg":"findPath: no valid path found"}
{"level":30,"time":1774382618400,"pid":1603593,"hostname":"TempleOfZyminx","from":{"q":0,"r":10},"to":{"q":8,"r":16},"msg":"findPath: no valid path found"}
{"level":30,"time":1774382618400,"pid":1603593,"hostname":"TempleOfZyminx","from":{"q":0,"r":10},"to":{"q":8,"r":17},"msg":"findPath: no valid path found"}
{"level":30,"time":1774382618401,"pid":1603593,"hostname":"TempleOfZyminx","from":{"q":0,"r":10},"to":{"q":8,"r":18},"msg":"findPath: no valid path found"}
{"level":30,"time":1774382618401,"pid":1603593,"hostname":"TempleOfZyminx","from":{"q":0,"r":10},"to":{"q":8,"r":19},"msg":"findPath: no valid path found"}
{"level":30,"time":1774382618401,"pid":1603593,"hostname":"TempleOfZyminx","from":{"q":0,"r":10},"to":{"q":8,"r":20},"msg":"findPath: no valid path found"}
{"level":30,"time":1774382618398,"pid":1603455,"hostname":"TempleOfZyminx","from":{"q":4,"r":6},"to":{"q":13,"r":11},"msg":"findPath: no valid path found"}
{"level":30,"time":1774382618398,"pid":1603455,"hostname":"TempleOfZyminx","from":{"q":4,"r":6},"to":{"q":13,"r":12},"msg":"findPath: no valid path found"}
{"level":30,"time":1774382618399,"pid":1603455,"hostname":"TempleOfZyminx","from":{"q":4,"r":6},"to":{"q":13,"r":13},"msg":"findPath: no valid path found"}
{"level":30,"time":1774382618399,"pid":1603455,"hostname":"TempleOfZyminx","from":{"q":4,"r":6},"to":{"q":13,"r":14},"msg":"findPath: no valid path found"}
{"level":30,"time":1774382618399,"pid":1603455,"hostname":"TempleOfZyminx","from":{"q":4,"r":6},"to":{"q":13,"r":15},"msg":"findPath: no valid path found"}
{"level":30,"time":1774382618399,"pid":1603455,"hostname":"TempleOfZyminx","from":{"q":4,"r":6},"to":{"q":13,"r":16},"msg":"findPath: no valid path found"}
{"level":30,"time":1774382618399,"pid":1603455,"hostname":"TempleOfZyminx","from":{"q":4,"r":6},"to":{"q":13,"r":17},"msg":"findPath: no valid path found"}
{"level":30,"time":1774382618399,"pid":1603455,"hostname":"TempleOfZyminx","from":{"q":4,"r":6},"to":{"q":13,"r":18},"msg":"findPath: no valid path found"}
{"level":30,"time":1774382618399,"pid":1603455,"hostname":"TempleOfZyminx","from":{"q":4,"r":6},"to":{"q":13,"r":19},"msg":"findPath: no valid path found"}
{"level":30,"time":1774382618400,"pid":1603455,"hostname":"TempleOfZyminx","from":{"q":4,"r":6},"to":{"q":13,"r":20},"msg":"findPath: no valid path found"}
{"level":30,"time":1774382618400,"pid":1603455,"hostname":"TempleOfZyminx","from":{"q":4,"r":6},"to":{"q":13,"r":21},"msg":"findPath: no valid path found"}
{"level":30,"time":1774382618400,"pid":1603455,"hostname":"TempleOfZyminx","from":{"q":4,"r":6},"to":{"q":14,"r":0},"msg":"findPath: no valid path found"}
{"level":30,"time":1774382618400,"pid":1603455,"hostname":"TempleOfZyminx","from":{"q":4,"r":6},"to":{"q":14,"r":1},"msg":"findPath: no valid path found"}
{"level":30,"time":1774382618400,"pid":1603455,"hostname":"TempleOfZyminx","from":{"q":4,"r":6},"to":{"q":14,"r":2},"msg":"findPath: no valid path found"}
{"level":30,"time":1774382618400,"pid":1603455,"hostname":"TempleOfZyminx","from":{"q":4,"r":6},"to":{"q":14,"r":3},"msg":"findPath: no valid path found"}
{"level":30,"time":1774382618400,"pid":1603455,"hostname":"TempleOfZyminx","from":{"q":4,"r":6},"to":{"q":14,"r":4},"msg":"findPath: no valid path found"}
{"level":30,"time":1774382618400,"pid":1603455,"hostname":"TempleOfZyminx","from":{"q":4,"r":6},"to":{"q":14,"r":5},"msg":"findPath: no valid path found"}
{"level":30,"time":1774382618400,"pid":1603455,"hostname":"TempleOfZyminx","from":{"q":4,"r":6},"to":{"q":14,"r":6},"msg":"findPath: no valid path found"}
{"level":30,"time":1774382618401,"pid":1603455,"hostname":"TempleOfZyminx","from":{"q":4,"r":6},"to":{"q":14,"r":7},"msg":"findPath: no valid path found"}
{"level":30,"time":1774382618401,"pid":1603455,"hostname":"TempleOfZyminx","from":{"q":4,"r":6},"to":{"q":14,"r":8},"msg":"findPath: no valid path found"}
{"level":30,"time":1774382618400,"pid":1603639,"hostname":"TempleOfZyminx","scenarioId":"swamp-siege-01","role":"onion","msg":"Creating new game match"}
{"level":30,"time":1774382618401,"pid":1603593,"hostname":"TempleOfZyminx","from":{"q":0,"r":10},"to":{"q":8,"r":21},"msg":"findPath: no valid path found"}
{"level":30,"time":1774382618401,"pid":1603593,"hostname":"TempleOfZyminx","from":{"q":0,"r":10},"to":{"q":9,"r":0},"msg":"findPath: no valid path found"}
{"level":30,"time":1774382618401,"pid":1603593,"hostname":"TempleOfZyminx","from":{"q":0,"r":10},"to":{"q":9,"r":1},"msg":"findPath: no valid path found"}
{"level":30,"time":1774382618401,"pid":1603455,"hostname":"TempleOfZyminx","from":{"q":4,"r":6},"to":{"q":14,"r":9},"msg":"findPath: no valid path found"}
{"level":30,"time":1774382618401,"pid":1603593,"hostname":"TempleOfZyminx","from":{"q":0,"r":10},"to":{"q":9,"r":2},"msg":"findPath: no valid path found"}
{"level":30,"time":1774382618401,"pid":1603593,"hostname":"TempleOfZyminx","from":{"q":0,"r":10},"to":{"q":9,"r":3},"msg":"findPath: no valid path found"}
{"level":30,"time":1774382618401,"pid":1603455,"hostname":"TempleOfZyminx","from":{"q":4,"r":6},"to":{"q":14,"r":10},"msg":"findPath: no valid path found"}
{"level":30,"time":1774382618401,"pid":1603593,"hostname":"TempleOfZyminx","from":{"q":0,"r":10},"to":{"q":9,"r":4},"msg":"findPath: no valid path found"}
{"level":30,"time":1774382618401,"pid":1603593,"hostname":"TempleOfZyminx","from":{"q":0,"r":10},"to":{"q":9,"r":5},"msg":"findPath: no valid path found"}
{"level":30,"time":1774382618401,"pid":1603455,"hostname":"TempleOfZyminx","from":{"q":4,"r":6},"to":{"q":14,"r":11},"msg":"findPath: no valid path found"}
{"level":30,"time":1774382618401,"pid":1603593,"hostname":"TempleOfZyminx","from":{"q":0,"r":10},"to":{"q":9,"r":6},"msg":"findPath: no valid path found"}
{"level":30,"time":1774382618401,"pid":1603455,"hostname":"TempleOfZyminx","from":{"q":4,"r":6},"to":{"q":14,"r":12},"msg":"findPath: no valid path found"}
{"level":30,"time":1774382618401,"pid":1603455,"hostname":"TempleOfZyminx","from":{"q":4,"r":6},"to":{"q":14,"r":13},"msg":"findPath: no valid path found"}
{"level":30,"time":1774382618401,"pid":1603593,"hostname":"TempleOfZyminx","from":{"q":0,"r":10},"to":{"q":9,"r":7},"msg":"findPath: no valid path found"}
{"level":30,"time":1774382618401,"pid":1603593,"hostname":"TempleOfZyminx","from":{"q":0,"r":10},"to":{"q":9,"r":8},"msg":"findPath: no valid path found"}
{"level":30,"time":1774382618401,"pid":1603593,"hostname":"TempleOfZyminx","from":{"q":0,"r":10},"to":{"q":9,"r":9},"msg":"findPath: no valid path found"}
{"level":30,"time":1774382618401,"pid":1603593,"hostname":"TempleOfZyminx","from":{"q":0,"r":10},"to":{"q":9,"r":10},"msg":"findPath: no valid path found"}
{"level":30,"time":1774382618401,"pid":1603593,"hostname":"TempleOfZyminx","from":{"q":0,"r":10},"to":{"q":9,"r":11},"msg":"findPath: no valid path found"}
{"level":30,"time":1774382618401,"pid":1603593,"hostname":"TempleOfZyminx","from":{"q":0,"r":10},"to":{"q":9,"r":12},"msg":"findPath: no valid path found"}
{"level":30,"time":1774382618401,"pid":1603593,"hostname":"TempleOfZyminx","from":{"q":0,"r":10},"to":{"q":9,"r":13},"msg":"findPath: no valid path found"}
{"level":30,"time":1774382618401,"pid":1603593,"hostname":"TempleOfZyminx","from":{"q":0,"r":10},"to":{"q":9,"r":14},"msg":"findPath: no valid path found"}
{"level":30,"time":1774382618401,"pid":1603593,"hostname":"TempleOfZyminx","from":{"q":0,"r":10},"to":{"q":9,"r":15},"msg":"findPath: no valid path found"}
{"level":30,"time":1774382618401,"pid":1603455,"hostname":"TempleOfZyminx","from":{"q":4,"r":6},"to":{"q":14,"r":14},"msg":"findPath: no valid path found"}
{"level":30,"time":1774382618401,"pid":1603593,"hostname":"TempleOfZyminx","from":{"q":0,"r":10},"to":{"q":9,"r":16},"msg":"findPath: no valid path found"}
{"level":30,"time":1774382618402,"pid":1603593,"hostname":"TempleOfZyminx","from":{"q":0,"r":10},"to":{"q":9,"r":17},"msg":"findPath: no valid path found"}
{"level":30,"time":1774382618402,"pid":1603593,"hostname":"TempleOfZyminx","from":{"q":0,"r":10},"to":{"q":9,"r":18},"msg":"findPath: no valid path found"}
{"level":30,"time":1774382618402,"pid":1603593,"hostname":"TempleOfZyminx","from":{"q":0,"r":10},"to":{"q":9,"r":19},"msg":"findPath: no valid path found"}
{"level":30,"time":1774382618402,"pid":1603455,"hostname":"TempleOfZyminx","from":{"q":4,"r":6},"to":{"q":14,"r":15},"msg":"findPath: no valid path found"}
{"level":30,"time":1774382618402,"pid":1603593,"hostname":"TempleOfZyminx","from":{"q":0,"r":10},"to":{"q":9,"r":20},"msg":"findPath: no valid path found"}
{"level":30,"time":1774382618402,"pid":1603593,"hostname":"TempleOfZyminx","from":{"q":0,"r":10},"to":{"q":9,"r":21},"msg":"findPath: no valid path found"}
{"level":30,"time":1774382618402,"pid":1603593,"hostname":"TempleOfZyminx","from":{"q":0,"r":10},"to":{"q":10,"r":0},"msg":"findPath: no valid path found"}
{"level":30,"time":1774382618402,"pid":1603593,"hostname":"TempleOfZyminx","from":{"q":0,"r":10},"to":{"q":10,"r":1},"msg":"findPath: no valid path found"}
{"level":30,"time":1774382618402,"pid":1603455,"hostname":"TempleOfZyminx","from":{"q":4,"r":6},"to":{"q":14,"r":16},"msg":"findPath: no valid path found"}
{"level":30,"time":1774382618402,"pid":1603593,"hostname":"TempleOfZyminx","from":{"q":0,"r":10},"to":{"q":10,"r":2},"msg":"findPath: no valid path found"}
{"level":30,"time":1774382618402,"pid":1603455,"hostname":"TempleOfZyminx","from":{"q":4,"r":6},"to":{"q":14,"r":17},"msg":"findPath: no valid path found"}
{"level":30,"time":1774382618402,"pid":1603455,"hostname":"TempleOfZyminx","from":{"q":4,"r":6},"to":{"q":14,"r":18},"msg":"findPath: no valid path found"}
{"level":30,"time":1774382618402,"pid":1603455,"hostname":"TempleOfZyminx","from":{"q":4,"r":6},"to":{"q":14,"r":19},"msg":"findPath: no valid path found"}
{"level":30,"time":1774382618402,"pid":1603455,"hostname":"TempleOfZyminx","from":{"q":4,"r":6},"to":{"q":14,"r":20},"msg":"findPath: no valid path found"}
{"level":30,"time":1774382618402,"pid":1603455,"hostname":"TempleOfZyminx","from":{"q":4,"r":6},"to":{"q":14,"r":21},"msg":"findPath: no valid path found"}
{"level":30,"time":1774382618402,"pid":1603593,"hostname":"TempleOfZyminx","from":{"q":0,"r":10},"to":{"q":10,"r":3},"msg":"findPath: no valid path found"}
{"level":30,"time":1774382618402,"pid":1603593,"hostname":"TempleOfZyminx","from":{"q":0,"r":10},"to":{"q":10,"r":4},"msg":"findPath: no valid path found"}
{"level":30,"time":1774382618402,"pid":1603593,"hostname":"TempleOfZyminx","from":{"q":0,"r":10},"to":{"q":10,"r":5},"msg":"findPath: no valid path found"}
{"level":30,"time":1774382618402,"pid":1603593,"hostname":"TempleOfZyminx","from":{"q":0,"r":10},"to":{"q":10,"r":6},"msg":"findPath: no valid path found"}
{"level":30,"time":1774382618402,"pid":1603593,"hostname":"TempleOfZyminx","from":{"q":0,"r":10},"to":{"q":10,"r":7},"msg":"findPath: no valid path found"}
{"level":30,"time":1774382618402,"pid":1603593,"hostname":"TempleOfZyminx","from":{"q":0,"r":10},"to":{"q":10,"r":8},"msg":"findPath: no valid path found"}
{"level":30,"time":1774382618402,"pid":1603593,"hostname":"TempleOfZyminx","from":{"q":0,"r":10},"to":{"q":10,"r":9},"msg":"findPath: no valid path found"}
{"level":30,"time":1774382618403,"pid":1603593,"hostname":"TempleOfZyminx","from":{"q":0,"r":10},"to":{"q":10,"r":10},"msg":"findPath: no valid path found"}
{"level":30,"time":1774382618403,"pid":1603593,"hostname":"TempleOfZyminx","from":{"q":0,"r":10},"to":{"q":10,"r":11},"msg":"findPath: no valid path found"}
{"level":30,"time":1774382618403,"pid":1603593,"hostname":"TempleOfZyminx","from":{"q":0,"r":10},"to":{"q":10,"r":12},"msg":"findPath: no valid path found"}
{"level":30,"time":1774382618403,"pid":1603593,"hostname":"TempleOfZyminx","from":{"q":0,"r":10},"to":{"q":10,"r":13},"msg":"findPath: no valid path found"}
{"level":30,"time":1774382618403,"pid":1603593,"hostname":"TempleOfZyminx","from":{"q":0,"r":10},"to":{"q":10,"r":14},"msg":"findPath: no valid path found"}
{"level":30,"time":1774382618403,"pid":1603593,"hostname":"TempleOfZyminx","from":{"q":0,"r":10},"to":{"q":10,"r":15},"msg":"findPath: no valid path found"}
{"level":30,"time":1774382618403,"pid":1603593,"hostname":"TempleOfZyminx","from":{"q":0,"r":10},"to":{"q":10,"r":16},"msg":"findPath: no valid path found"}
{"level":30,"time":1774382618403,"pid":1603593,"hostname":"TempleOfZyminx","from":{"q":0,"r":10},"to":{"q":10,"r":17},"msg":"findPath: no valid path found"}
{"level":30,"time":1774382618403,"pid":1603593,"hostname":"TempleOfZyminx","from":{"q":0,"r":10},"to":{"q":10,"r":18},"msg":"findPath: no valid path found"}
{"level":30,"time":1774382618403,"pid":1603593,"hostname":"TempleOfZyminx","from":{"q":0,"r":10},"to":{"q":10,"r":19},"msg":"findPath: no valid path found"}
{"level":30,"time":1774382618403,"pid":1603593,"hostname":"TempleOfZyminx","from":{"q":0,"r":10},"to":{"q":10,"r":20},"msg":"findPath: no valid path found"}
{"level":30,"time":1774382618403,"pid":1603593,"hostname":"TempleOfZyminx","from":{"q":0,"r":10},"to":{"q":10,"r":21},"msg":"findPath: no valid path found"}
{"level":30,"time":1774382618403,"pid":1603593,"hostname":"TempleOfZyminx","from":{"q":0,"r":10},"to":{"q":11,"r":0},"msg":"findPath: no valid path found"}
{"level":30,"time":1774382618403,"pid":1603593,"hostname":"TempleOfZyminx","from":{"q":0,"r":10},"to":{"q":11,"r":1},"msg":"findPath: no valid path found"}
{"level":30,"time":1774382618403,"pid":1603593,"hostname":"TempleOfZyminx","from":{"q":0,"r":10},"to":{"q":11,"r":2},"msg":"findPath: no valid path found"}
{"level":30,"time":1774382618403,"pid":1603455,"hostname":"TempleOfZyminx","id":"bff22e3b-698b-4b9f-b53b-63bfe8a08d1a","command":"MOVE","msg":"Submitting game action"}
{"level":30,"time":1774382618403,"pid":1603593,"hostname":"TempleOfZyminx","from":{"q":0,"r":10},"to":{"q":11,"r":3},"msg":"findPath: no valid path found"}
{"level":30,"time":1774382618403,"pid":1603593,"hostname":"TempleOfZyminx","from":{"q":0,"r":10},"to":{"q":11,"r":4},"msg":"findPath: no valid path found"}
{"level":30,"time":1774382618403,"pid":1603593,"hostname":"TempleOfZyminx","from":{"q":0,"r":10},"to":{"q":11,"r":5},"msg":"findPath: no valid path found"}
{"level":30,"time":1774382618403,"pid":1603593,"hostname":"TempleOfZyminx","from":{"q":0,"r":10},"to":{"q":11,"r":6},"msg":"findPath: no valid path found"}
{"level":30,"time":1774382618403,"pid":1603593,"hostname":"TempleOfZyminx","from":{"q":0,"r":10},"to":{"q":11,"r":7},"msg":"findPath: no valid path found"}
{"level":30,"time":1774382618403,"pid":1603593,"hostname":"TempleOfZyminx","from":{"q":0,"r":10},"to":{"q":11,"r":8},"msg":"findPath: no valid path found"}
{"level":30,"time":1774382618403,"pid":1603455,"hostname":"TempleOfZyminx","gameId":"bff22e3b-698b-4b9f-b53b-63bfe8a08d1a","unitId":"wolf-1","msg":"Processing MOVE command"}
{"level":30,"time":1774382618403,"pid":1603593,"hostname":"TempleOfZyminx","from":{"q":0,"r":10},"to":{"q":11,"r":9},"msg":"findPath: no valid path found"}
{"level":30,"time":1774382618403,"pid":1603593,"hostname":"TempleOfZyminx","from":{"q":0,"r":10},"to":{"q":11,"r":10},"msg":"findPath: no valid path found"}
{"level":30,"time":1774382618403,"pid":1603593,"hostname":"TempleOfZyminx","from":{"q":0,"r":10},"to":{"q":11,"r":11},"msg":"findPath: no valid path found"}
{"level":30,"time":1774382618403,"pid":1603593,"hostname":"TempleOfZyminx","from":{"q":0,"r":10},"to":{"q":11,"r":12},"msg":"findPath: no valid path found"}
{"level":30,"time":1774382618403,"pid":1603593,"hostname":"TempleOfZyminx","from":{"q":0,"r":10},"to":{"q":11,"r":13},"msg":"findPath: no valid path found"}
{"level":30,"time":1774382618403,"pid":1603593,"hostname":"TempleOfZyminx","from":{"q":0,"r":10},"to":{"q":11,"r":14},"msg":"findPath: no valid path found"}
{"level":30,"time":1774382618403,"pid":1603593,"hostname":"TempleOfZyminx","from":{"q":0,"r":10},"to":{"q":11,"r":15},"msg":"findPath: no valid path found"}
{"level":30,"time":1774382618403,"pid":1603593,"hostname":"TempleOfZyminx","from":{"q":0,"r":10},"to":{"q":11,"r":16},"msg":"findPath: no valid path found"}
{"level":30,"time":1774382618403,"pid":1603593,"hostname":"TempleOfZyminx","from":{"q":0,"r":10},"to":{"q":11,"r":17},"msg":"findPath: no valid path found"}
{"level":30,"time":1774382618403,"pid":1603593,"hostname":"TempleOfZyminx","from":{"q":0,"r":10},"to":{"q":11,"r":18},"msg":"findPath: no valid path found"}
{"level":30,"time":1774382618403,"pid":1603593,"hostname":"TempleOfZyminx","from":{"q":0,"r":10},"to":{"q":11,"r":19},"msg":"findPath: no valid path found"}
{"level":30,"time":1774382618403,"pid":1603593,"hostname":"TempleOfZyminx","from":{"q":0,"r":10},"to":{"q":11,"r":20},"msg":"findPath: no valid path found"}
{"level":30,"time":1774382618403,"pid":1603593,"hostname":"TempleOfZyminx","from":{"q":0,"r":10},"to":{"q":11,"r":21},"msg":"findPath: no valid path found"}
{"level":30,"time":1774382618403,"pid":1603593,"hostname":"TempleOfZyminx","from":{"q":0,"r":10},"to":{"q":12,"r":0},"msg":"findPath: no valid path found"}
{"level":30,"time":1774382618403,"pid":1603593,"hostname":"TempleOfZyminx","from":{"q":0,"r":10},"to":{"q":12,"r":1},"msg":"findPath: no valid path found"}
{"level":30,"time":1774382618403,"pid":1603593,"hostname":"TempleOfZyminx","from":{"q":0,"r":10},"to":{"q":12,"r":2},"msg":"findPath: no valid path found"}
{"level":30,"time":1774382618403,"pid":1603593,"hostname":"TempleOfZyminx","from":{"q":0,"r":10},"to":{"q":12,"r":3},"msg":"findPath: no valid path found"}
{"level":30,"time":1774382618403,"pid":1603593,"hostname":"TempleOfZyminx","from":{"q":0,"r":10},"to":{"q":12,"r":4},"msg":"findPath: no valid path found"}
{"level":30,"time":1774382618404,"pid":1603593,"hostname":"TempleOfZyminx","from":{"q":0,"r":10},"to":{"q":12,"r":5},"msg":"findPath: no valid path found"}
{"level":30,"time":1774382618404,"pid":1603593,"hostname":"TempleOfZyminx","from":{"q":0,"r":10},"to":{"q":12,"r":6},"msg":"findPath: no valid path found"}
{"level":30,"time":1774382618404,"pid":1603593,"hostname":"TempleOfZyminx","from":{"q":0,"r":10},"to":{"q":12,"r":7},"msg":"findPath: no valid path found"}
{"level":30,"time":1774382618404,"pid":1603593,"hostname":"TempleOfZyminx","from":{"q":0,"r":10},"to":{"q":12,"r":8},"msg":"findPath: no valid path found"}
{"level":30,"time":1774382618404,"pid":1603593,"hostname":"TempleOfZyminx","from":{"q":0,"r":10},"to":{"q":12,"r":9},"msg":"findPath: no valid path found"}
{"level":30,"time":1774382618404,"pid":1603593,"hostname":"TempleOfZyminx","from":{"q":0,"r":10},"to":{"q":12,"r":10},"msg":"findPath: no valid path found"}
{"level":30,"time":1774382618404,"pid":1603593,"hostname":"TempleOfZyminx","from":{"q":0,"r":10},"to":{"q":12,"r":11},"msg":"findPath: no valid path found"}
{"level":30,"time":1774382618404,"pid":1603593,"hostname":"TempleOfZyminx","from":{"q":0,"r":10},"to":{"q":12,"r":12},"msg":"findPath: no valid path found"}
{"level":30,"time":1774382618404,"pid":1603593,"hostname":"TempleOfZyminx","from":{"q":0,"r":10},"to":{"q":12,"r":13},"msg":"findPath: no valid path found"}
{"level":30,"time":1774382618404,"pid":1603593,"hostname":"TempleOfZyminx","from":{"q":0,"r":10},"to":{"q":12,"r":14},"msg":"findPath: no valid path found"}
{"level":30,"time":1774382618404,"pid":1603593,"hostname":"TempleOfZyminx","from":{"q":0,"r":10},"to":{"q":12,"r":15},"msg":"findPath: no valid path found"}
{"level":30,"time":1774382618404,"pid":1603593,"hostname":"TempleOfZyminx","from":{"q":0,"r":10},"to":{"q":12,"r":16},"msg":"findPath: no valid path found"}
{"level":30,"time":1774382618404,"pid":1603593,"hostname":"TempleOfZyminx","from":{"q":0,"r":10},"to":{"q":12,"r":17},"msg":"findPath: no valid path found"}
{"level":30,"time":1774382618404,"pid":1603593,"hostname":"TempleOfZyminx","from":{"q":0,"r":10},"to":{"q":12,"r":18},"msg":"findPath: no valid path found"}
{"level":30,"time":1774382618404,"pid":1603593,"hostname":"TempleOfZyminx","from":{"q":0,"r":10},"to":{"q":12,"r":19},"msg":"findPath: no valid path found"}
{"level":30,"time":1774382618404,"pid":1603593,"hostname":"TempleOfZyminx","from":{"q":0,"r":10},"to":{"q":12,"r":20},"msg":"findPath: no valid path found"}
{"level":30,"time":1774382618404,"pid":1603593,"hostname":"TempleOfZyminx","from":{"q":0,"r":10},"to":{"q":12,"r":21},"msg":"findPath: no valid path found"}
{"level":30,"time":1774382618404,"pid":1603593,"hostname":"TempleOfZyminx","from":{"q":0,"r":10},"to":{"q":13,"r":0},"msg":"findPath: no valid path found"}
{"level":30,"time":1774382618404,"pid":1603593,"hostname":"TempleOfZyminx","from":{"q":0,"r":10},"to":{"q":13,"r":1},"msg":"findPath: no valid path found"}
{"level":30,"time":1774382618404,"pid":1603593,"hostname":"TempleOfZyminx","from":{"q":0,"r":10},"to":{"q":13,"r":2},"msg":"findPath: no valid path found"}
{"level":30,"time":1774382618404,"pid":1603593,"hostname":"TempleOfZyminx","from":{"q":0,"r":10},"to":{"q":13,"r":3},"msg":"findPath: no valid path found"}
{"level":30,"time":1774382618404,"pid":1603593,"hostname":"TempleOfZyminx","from":{"q":0,"r":10},"to":{"q":13,"r":4},"msg":"findPath: no valid path found"}
{"level":30,"time":1774382618404,"pid":1603593,"hostname":"TempleOfZyminx","from":{"q":0,"r":10},"to":{"q":13,"r":5},"msg":"findPath: no valid path found"}
{"level":30,"time":1774382618404,"pid":1603593,"hostname":"TempleOfZyminx","from":{"q":0,"r":10},"to":{"q":13,"r":6},"msg":"findPath: no valid path found"}
{"level":30,"time":1774382618404,"pid":1603593,"hostname":"TempleOfZyminx","from":{"q":0,"r":10},"to":{"q":13,"r":7},"msg":"findPath: no valid path found"}
{"level":30,"time":1774382618404,"pid":1603593,"hostname":"TempleOfZyminx","from":{"q":0,"r":10},"to":{"q":13,"r":8},"msg":"findPath: no valid path found"}
{"level":30,"time":1774382618404,"pid":1603593,"hostname":"TempleOfZyminx","from":{"q":0,"r":10},"to":{"q":13,"r":9},"msg":"findPath: no valid path found"}
{"level":30,"time":1774382618404,"pid":1603593,"hostname":"TempleOfZyminx","from":{"q":0,"r":10},"to":{"q":13,"r":10},"msg":"findPath: no valid path found"}
{"level":30,"time":1774382618404,"pid":1603593,"hostname":"TempleOfZyminx","from":{"q":0,"r":10},"to":{"q":13,"r":11},"msg":"findPath: no valid path found"}
{"level":30,"time":1774382618404,"pid":1603593,"hostname":"TempleOfZyminx","from":{"q":0,"r":10},"to":{"q":13,"r":12},"msg":"findPath: no valid path found"}
{"level":30,"time":1774382618404,"pid":1603593,"hostname":"TempleOfZyminx","from":{"q":0,"r":10},"to":{"q":13,"r":13},"msg":"findPath: no valid path found"}
{"level":30,"time":1774382618404,"pid":1603593,"hostname":"TempleOfZyminx","from":{"q":0,"r":10},"to":{"q":13,"r":14},"msg":"findPath: no valid path found"}
{"level":30,"time":1774382618404,"pid":1603593,"hostname":"TempleOfZyminx","from":{"q":0,"r":10},"to":{"q":13,"r":15},"msg":"findPath: no valid path found"}
{"level":30,"time":1774382618404,"pid":1603593,"hostname":"TempleOfZyminx","from":{"q":0,"r":10},"to":{"q":13,"r":16},"msg":"findPath: no valid path found"}
{"level":30,"time":1774382618404,"pid":1603593,"hostname":"TempleOfZyminx","from":{"q":0,"r":10},"to":{"q":13,"r":17},"msg":"findPath: no valid path found"}
{"level":30,"time":1774382618404,"pid":1603455,"hostname":"TempleOfZyminx","id":"bff22e3b-698b-4b9f-b53b-63bfe8a08d1a","msg":"Fetching game state"}
{"level":30,"time":1774382618404,"pid":1603593,"hostname":"TempleOfZyminx","from":{"q":0,"r":10},"to":{"q":13,"r":18},"msg":"findPath: no valid path found"}
{"level":30,"time":1774382618404,"pid":1603593,"hostname":"TempleOfZyminx","from":{"q":0,"r":10},"to":{"q":13,"r":19},"msg":"findPath: no valid path found"}
{"level":30,"time":1774382618404,"pid":1603593,"hostname":"TempleOfZyminx","from":{"q":0,"r":10},"to":{"q":13,"r":20},"msg":"findPath: no valid path found"}
{"level":30,"time":1774382618404,"pid":1603593,"hostname":"TempleOfZyminx","from":{"q":0,"r":10},"to":{"q":13,"r":21},"msg":"findPath: no valid path found"}
{"level":30,"time":1774382618404,"pid":1603593,"hostname":"TempleOfZyminx","from":{"q":0,"r":10},"to":{"q":14,"r":0},"msg":"findPath: no valid path found"}
{"level":30,"time":1774382618404,"pid":1603593,"hostname":"TempleOfZyminx","from":{"q":0,"r":10},"to":{"q":14,"r":1},"msg":"findPath: no valid path found"}
{"level":30,"time":1774382618404,"pid":1603593,"hostname":"TempleOfZyminx","from":{"q":0,"r":10},"to":{"q":14,"r":2},"msg":"findPath: no valid path found"}
{"level":30,"time":1774382618404,"pid":1603593,"hostname":"TempleOfZyminx","from":{"q":0,"r":10},"to":{"q":14,"r":3},"msg":"findPath: no valid path found"}
{"level":30,"time":1774382618404,"pid":1603593,"hostname":"TempleOfZyminx","from":{"q":0,"r":10},"to":{"q":14,"r":4},"msg":"findPath: no valid path found"}
{"level":30,"time":1774382618405,"pid":1603593,"hostname":"TempleOfZyminx","from":{"q":0,"r":10},"to":{"q":14,"r":5},"msg":"findPath: no valid path found"}
{"level":30,"time":1774382618405,"pid":1603593,"hostname":"TempleOfZyminx","from":{"q":0,"r":10},"to":{"q":14,"r":6},"msg":"findPath: no valid path found"}
{"level":30,"time":1774382618405,"pid":1603593,"hostname":"TempleOfZyminx","from":{"q":0,"r":10},"to":{"q":14,"r":7},"msg":"findPath: no valid path found"}
{"level":30,"time":1774382618405,"pid":1603593,"hostname":"TempleOfZyminx","from":{"q":0,"r":10},"to":{"q":14,"r":8},"msg":"findPath: no valid path found"}
{"level":30,"time":1774382618405,"pid":1603593,"hostname":"TempleOfZyminx","from":{"q":0,"r":10},"to":{"q":14,"r":9},"msg":"findPath: no valid path found"}
{"level":30,"time":1774382618405,"pid":1603593,"hostname":"TempleOfZyminx","from":{"q":0,"r":10},"to":{"q":14,"r":10},"msg":"findPath: no valid path found"}
{"level":30,"time":1774382618405,"pid":1603593,"hostname":"TempleOfZyminx","from":{"q":0,"r":10},"to":{"q":14,"r":11},"msg":"findPath: no valid path found"}
{"level":30,"time":1774382618405,"pid":1603593,"hostname":"TempleOfZyminx","from":{"q":0,"r":10},"to":{"q":14,"r":12},"msg":"findPath: no valid path found"}
{"level":30,"time":1774382618405,"pid":1603593,"hostname":"TempleOfZyminx","from":{"q":0,"r":10},"to":{"q":14,"r":13},"msg":"findPath: no valid path found"}
{"level":30,"time":1774382618405,"pid":1603593,"hostname":"TempleOfZyminx","from":{"q":0,"r":10},"to":{"q":14,"r":14},"msg":"findPath: no valid path found"}
{"level":30,"time":1774382618405,"pid":1603593,"hostname":"TempleOfZyminx","from":{"q":0,"r":10},"to":{"q":14,"r":15},"msg":"findPath: no valid path found"}
{"level":30,"time":1774382618405,"pid":1603593,"hostname":"TempleOfZyminx","from":{"q":0,"r":10},"to":{"q":14,"r":16},"msg":"findPath: no valid path found"}
{"level":30,"time":1774382618405,"pid":1603593,"hostname":"TempleOfZyminx","from":{"q":0,"r":10},"to":{"q":14,"r":17},"msg":"findPath: no valid path found"}
{"level":30,"time":1774382618405,"pid":1603593,"hostname":"TempleOfZyminx","from":{"q":0,"r":10},"to":{"q":14,"r":18},"msg":"findPath: no valid path found"}
{"level":30,"time":1774382618405,"pid":1603593,"hostname":"TempleOfZyminx","from":{"q":0,"r":10},"to":{"q":14,"r":19},"msg":"findPath: no valid path found"}
{"level":30,"time":1774382618405,"pid":1603593,"hostname":"TempleOfZyminx","from":{"q":0,"r":10},"to":{"q":14,"r":20},"msg":"findPath: no valid path found"}
{"level":30,"time":1774382618405,"pid":1603593,"hostname":"TempleOfZyminx","from":{"q":0,"r":10},"to":{"q":14,"r":21},"msg":"findPath: no valid path found"}
{"level":30,"time":1774382618405,"pid":1603593,"hostname":"TempleOfZyminx","id":"d66ad3d5-790f-443a-9f08-3fe0303c2183","command":"MOVE","msg":"Submitting game action"}
{"level":30,"time":1774382618405,"pid":1603455,"hostname":"TempleOfZyminx","id":"bff22e3b-698b-4b9f-b53b-63bfe8a08d1a","command":"END_PHASE","msg":"Submitting game action"}
{"level":30,"time":1774382618405,"pid":1603593,"hostname":"TempleOfZyminx","gameId":"d66ad3d5-790f-443a-9f08-3fe0303c2183","unitId":"onion-1","msg":"Processing MOVE command"}
{"level":30,"time":1774382618405,"pid":1603455,"hostname":"TempleOfZyminx","gameId":"bff22e3b-698b-4b9f-b53b-63bfe8a08d1a","phase":"GEV_SECOND_MOVE","msg":"Advancing phase"}
{"level":30,"time":1774382618405,"pid":1603455,"hostname":"TempleOfZyminx","phase":"GEV_SECOND_MOVE","turnNumber":1,"msg":"Advancing phase in engine"}
{"level":30,"time":1774382618406,"pid":1603455,"hostname":"TempleOfZyminx","id":"bff22e3b-698b-4b9f-b53b-63bfe8a08d1a","msg":"Fetching game state"}
{"level":30,"time":1774382618406,"pid":1603593,"hostname":"TempleOfZyminx","id":"d66ad3d5-790f-443a-9f08-3fe0303c2183","msg":"Fetching game state"}
{"level":30,"time":1774382618407,"pid":1603593,"hostname":"TempleOfZyminx","id":"d66ad3d5-790f-443a-9f08-3fe0303c2183","msg":"Fetching game state"}
{"level":30,"time":1774382618408,"pid":1603593,"hostname":"TempleOfZyminx","id":"d66ad3d5-790f-443a-9f08-3fe0303c2183","command":"END_PHASE","msg":"Submitting game action"}
{"level":30,"time":1774382618409,"pid":1603593,"hostname":"TempleOfZyminx","gameId":"d66ad3d5-790f-443a-9f08-3fe0303c2183","phase":"ONION_MOVE","msg":"Advancing phase"}
{"level":30,"time":1774382618409,"pid":1603593,"hostname":"TempleOfZyminx","phase":"ONION_MOVE","turnNumber":1,"msg":"Advancing phase in engine"}
{"level":30,"time":1774382618409,"pid":1603593,"hostname":"TempleOfZyminx","id":"d66ad3d5-790f-443a-9f08-3fe0303c2183","msg":"Fetching game state"}
{"level":30,"time":1774382618448,"pid":1603639,"hostname":"TempleOfZyminx","scenarioId":"swamp-siege-01","role":"wizard","msg":"Creating new game match"}
{"level":40,"time":1774382618448,"pid":1603639,"hostname":"TempleOfZyminx","role":"wizard","msg":"Invalid role specified"}
{"level":30,"time":1774382618494,"pid":1603639,"hostname":"TempleOfZyminx","role":"onion","msg":"Creating new game match"}
{"level":30,"time":1774382618543,"pid":1603639,"hostname":"TempleOfZyminx","scenarioId":"invalid-scenario","role":"onion","msg":"Creating new game match"}
{"level":40,"time":1774382618544,"pid":1603639,"hostname":"TempleOfZyminx","scenarioId":"invalid-scenario","msg":"Scenario not found"}
{"level":30,"time":1774382618548,"pid":1603593,"hostname":"TempleOfZyminx","scenarioId":"swamp-siege-01","role":"onion","msg":"Creating new game match"}
{"level":30,"time":1774382618550,"pid":1603593,"hostname":"TempleOfZyminx","gameId":"975e1770-609c-4a25-864a-0e0c52da4e0a","role":"onion","msg":"Game match created"}
{"level":30,"time":1774382618551,"pid":1603593,"hostname":"TempleOfZyminx","id":"975e1770-609c-4a25-864a-0e0c52da4e0a","msg":"User joining game"}
{"level":30,"time":1774382618551,"pid":1603593,"hostname":"TempleOfZyminx","gameId":"975e1770-609c-4a25-864a-0e0c52da4e0a","role":"defender","msg":"User joined game"}
{"level":30,"time":1774382618552,"pid":1603593,"hostname":"TempleOfZyminx","id":"975e1770-609c-4a25-864a-0e0c52da4e0a","msg":"Fetching game state"}
{"level":30,"time":1774382618552,"pid":1603593,"hostname":"TempleOfZyminx","id":"975e1770-609c-4a25-864a-0e0c52da4e0a","msg":"Fetching game state"}
{"level":30,"time":1774382618553,"pid":1603593,"hostname":"TempleOfZyminx","from":{"q":0,"r":10},"to":{"q":0,"r":0},"msg":"findPath: no valid path found"}
{"level":30,"time":1774382618553,"pid":1603593,"hostname":"TempleOfZyminx","from":{"q":0,"r":10},"to":{"q":0,"r":1},"msg":"findPath: no valid path found"}
{"level":30,"time":1774382618553,"pid":1603593,"hostname":"TempleOfZyminx","from":{"q":0,"r":10},"to":{"q":0,"r":2},"msg":"findPath: no valid path found"}
{"level":30,"time":1774382618553,"pid":1603593,"hostname":"TempleOfZyminx","from":{"q":0,"r":10},"to":{"q":0,"r":3},"msg":"findPath: no valid path found"}
{"level":30,"time":1774382618553,"pid":1603593,"hostname":"TempleOfZyminx","from":{"q":0,"r":10},"to":{"q":0,"r":4},"msg":"findPath: no valid path found"}
{"level":30,"time":1774382618553,"pid":1603593,"hostname":"TempleOfZyminx","from":{"q":0,"r":10},"to":{"q":0,"r":5},"msg":"findPath: no valid path found"}
{"level":30,"time":1774382618553,"pid":1603593,"hostname":"TempleOfZyminx","from":{"q":0,"r":10},"to":{"q":0,"r":6},"msg":"findPath: no valid path found"}
{"level":30,"time":1774382618553,"pid":1603593,"hostname":"TempleOfZyminx","from":{"q":0,"r":10},"to":{"q":0,"r":14},"msg":"findPath: no valid path found"}
{"level":30,"time":1774382618553,"pid":1603593,"hostname":"TempleOfZyminx","from":{"q":0,"r":10},"to":{"q":0,"r":15},"msg":"findPath: no valid path found"}
{"level":30,"time":1774382618553,"pid":1603593,"hostname":"TempleOfZyminx","from":{"q":0,"r":10},"to":{"q":0,"r":16},"msg":"findPath: no valid path found"}
{"level":30,"time":1774382618553,"pid":1603593,"hostname":"TempleOfZyminx","from":{"q":0,"r":10},"to":{"q":0,"r":17},"msg":"findPath: no valid path found"}
{"level":30,"time":1774382618553,"pid":1603593,"hostname":"TempleOfZyminx","from":{"q":0,"r":10},"to":{"q":0,"r":18},"msg":"findPath: no valid path found"}
{"level":30,"time":1774382618554,"pid":1603593,"hostname":"TempleOfZyminx","from":{"q":0,"r":10},"to":{"q":0,"r":19},"msg":"findPath: no valid path found"}
{"level":30,"time":1774382618554,"pid":1603593,"hostname":"TempleOfZyminx","from":{"q":0,"r":10},"to":{"q":0,"r":20},"msg":"findPath: no valid path found"}
{"level":30,"time":1774382618554,"pid":1603593,"hostname":"TempleOfZyminx","from":{"q":0,"r":10},"to":{"q":0,"r":21},"msg":"findPath: no valid path found"}
{"level":30,"time":1774382618554,"pid":1603593,"hostname":"TempleOfZyminx","from":{"q":0,"r":10},"to":{"q":1,"r":0},"msg":"findPath: no valid path found"}
{"level":30,"time":1774382618554,"pid":1603593,"hostname":"TempleOfZyminx","from":{"q":0,"r":10},"to":{"q":1,"r":1},"msg":"findPath: no valid path found"}
{"level":30,"time":1774382618554,"pid":1603593,"hostname":"TempleOfZyminx","from":{"q":0,"r":10},"to":{"q":1,"r":2},"msg":"findPath: no valid path found"}
{"level":30,"time":1774382618554,"pid":1603593,"hostname":"TempleOfZyminx","from":{"q":0,"r":10},"to":{"q":1,"r":3},"msg":"findPath: no valid path found"}
{"level":30,"time":1774382618556,"pid":1603455,"hostname":"TempleOfZyminx","scenarioId":"swamp-siege-01","role":"onion","msg":"Creating new game match"}
{"level":30,"time":1774382618557,"pid":1603593,"hostname":"TempleOfZyminx","from":{"q":0,"r":10},"to":{"q":1,"r":4},"msg":"findPath: no valid path found"}
{"level":30,"time":1774382618557,"pid":1603593,"hostname":"TempleOfZyminx","from":{"q":0,"r":10},"to":{"q":1,"r":5},"msg":"findPath: no valid path found"}
{"level":30,"time":1774382618557,"pid":1603593,"hostname":"TempleOfZyminx","from":{"q":0,"r":10},"to":{"q":1,"r":6},"msg":"findPath: no valid path found"}
{"level":30,"time":1774382618557,"pid":1603593,"hostname":"TempleOfZyminx","from":{"q":0,"r":10},"to":{"q":1,"r":13},"msg":"findPath: no valid path found"}
{"level":30,"time":1774382618557,"pid":1603593,"hostname":"TempleOfZyminx","from":{"q":0,"r":10},"to":{"q":1,"r":14},"msg":"findPath: no valid path found"}
{"level":30,"time":1774382618557,"pid":1603593,"hostname":"TempleOfZyminx","from":{"q":0,"r":10},"to":{"q":1,"r":15},"msg":"findPath: no valid path found"}
{"level":30,"time":1774382618557,"pid":1603593,"hostname":"TempleOfZyminx","from":{"q":0,"r":10},"to":{"q":1,"r":16},"msg":"findPath: no valid path found"}
{"level":30,"time":1774382618557,"pid":1603593,"hostname":"TempleOfZyminx","from":{"q":0,"r":10},"to":{"q":1,"r":17},"msg":"findPath: no valid path found"}
{"level":30,"time":1774382618557,"pid":1603593,"hostname":"TempleOfZyminx","from":{"q":0,"r":10},"to":{"q":1,"r":18},"msg":"findPath: no valid path found"}
{"level":30,"time":1774382618557,"pid":1603593,"hostname":"TempleOfZyminx","from":{"q":0,"r":10},"to":{"q":1,"r":19},"msg":"findPath: no valid path found"}
{"level":30,"time":1774382618557,"pid":1603593,"hostname":"TempleOfZyminx","from":{"q":0,"r":10},"to":{"q":1,"r":20},"msg":"findPath: no valid path found"}
{"level":30,"time":1774382618557,"pid":1603593,"hostname":"TempleOfZyminx","from":{"q":0,"r":10},"to":{"q":1,"r":21},"msg":"findPath: no valid path found"}
{"level":30,"time":1774382618557,"pid":1603593,"hostname":"TempleOfZyminx","from":{"q":0,"r":10},"to":{"q":2,"r":0},"msg":"findPath: no valid path found"}
{"level":30,"time":1774382618557,"pid":1603593,"hostname":"TempleOfZyminx","from":{"q":0,"r":10},"to":{"q":2,"r":1},"msg":"findPath: no valid path found"}
{"level":30,"time":1774382618557,"pid":1603593,"hostname":"TempleOfZyminx","from":{"q":0,"r":10},"to":{"q":2,"r":2},"msg":"findPath: no valid path found"}
{"level":30,"time":1774382618557,"pid":1603593,"hostname":"TempleOfZyminx","from":{"q":0,"r":10},"to":{"q":2,"r":3},"msg":"findPath: no valid path found"}
{"level":30,"time":1774382618557,"pid":1603593,"hostname":"TempleOfZyminx","from":{"q":0,"r":10},"to":{"q":2,"r":4},"msg":"findPath: no valid path found"}
{"level":30,"time":1774382618557,"pid":1603593,"hostname":"TempleOfZyminx","from":{"q":0,"r":10},"to":{"q":2,"r":5},"msg":"findPath: no valid path found"}
{"level":30,"time":1774382618557,"pid":1603593,"hostname":"TempleOfZyminx","from":{"q":0,"r":10},"to":{"q":2,"r":6},"msg":"findPath: no valid path found"}
{"level":30,"time":1774382618558,"pid":1603593,"hostname":"TempleOfZyminx","from":{"q":0,"r":10},"to":{"q":2,"r":12},"msg":"findPath: no valid path found"}
{"level":30,"time":1774382618558,"pid":1603593,"hostname":"TempleOfZyminx","from":{"q":0,"r":10},"to":{"q":2,"r":13},"msg":"findPath: no valid path found"}
{"level":30,"time":1774382618558,"pid":1603593,"hostname":"TempleOfZyminx","from":{"q":0,"r":10},"to":{"q":2,"r":14},"msg":"findPath: no valid path found"}
{"level":30,"time":1774382618558,"pid":1603593,"hostname":"TempleOfZyminx","from":{"q":0,"r":10},"to":{"q":2,"r":15},"msg":"findPath: no valid path found"}
{"level":30,"time":1774382618558,"pid":1603593,"hostname":"TempleOfZyminx","from":{"q":0,"r":10},"to":{"q":2,"r":16},"msg":"findPath: no valid path found"}
{"level":30,"time":1774382618558,"pid":1603593,"hostname":"TempleOfZyminx","from":{"q":0,"r":10},"to":{"q":2,"r":17},"msg":"findPath: no valid path found"}
{"level":30,"time":1774382618558,"pid":1603593,"hostname":"TempleOfZyminx","from":{"q":0,"r":10},"to":{"q":2,"r":18},"msg":"findPath: no valid path found"}
{"level":30,"time":1774382618558,"pid":1603593,"hostname":"TempleOfZyminx","from":{"q":0,"r":10},"to":{"q":2,"r":19},"msg":"findPath: no valid path found"}
{"level":30,"time":1774382618558,"pid":1603593,"hostname":"TempleOfZyminx","from":{"q":0,"r":10},"to":{"q":2,"r":20},"msg":"findPath: no valid path found"}
{"level":30,"time":1774382618558,"pid":1603593,"hostname":"TempleOfZyminx","from":{"q":0,"r":10},"to":{"q":2,"r":21},"msg":"findPath: no valid path found"}
{"level":30,"time":1774382618558,"pid":1603593,"hostname":"TempleOfZyminx","from":{"q":0,"r":10},"to":{"q":3,"r":0},"msg":"findPath: no valid path found"}
{"level":30,"time":1774382618558,"pid":1603593,"hostname":"TempleOfZyminx","from":{"q":0,"r":10},"to":{"q":3,"r":1},"msg":"findPath: no valid path found"}
{"level":30,"time":1774382618558,"pid":1603593,"hostname":"TempleOfZyminx","from":{"q":0,"r":10},"to":{"q":3,"r":2},"msg":"findPath: no valid path found"}
{"level":30,"time":1774382618558,"pid":1603593,"hostname":"TempleOfZyminx","from":{"q":0,"r":10},"to":{"q":3,"r":3},"msg":"findPath: no valid path found"}
{"level":30,"time":1774382618558,"pid":1603593,"hostname":"TempleOfZyminx","from":{"q":0,"r":10},"to":{"q":3,"r":4},"msg":"findPath: no valid path found"}
{"level":30,"time":1774382618558,"pid":1603593,"hostname":"TempleOfZyminx","from":{"q":0,"r":10},"to":{"q":3,"r":5},"msg":"findPath: no valid path found"}
{"level":30,"time":1774382618558,"pid":1603593,"hostname":"TempleOfZyminx","from":{"q":0,"r":10},"to":{"q":3,"r":6},"msg":"findPath: no valid path found"}
{"level":30,"time":1774382618558,"pid":1603593,"hostname":"TempleOfZyminx","from":{"q":0,"r":10},"to":{"q":3,"r":8},"msg":"findPath: no valid path found"}
{"level":30,"time":1774382618559,"pid":1603593,"hostname":"TempleOfZyminx","from":{"q":0,"r":10},"to":{"q":3,"r":11},"msg":"findPath: no valid path found"}
{"level":30,"time":1774382618559,"pid":1603593,"hostname":"TempleOfZyminx","from":{"q":0,"r":10},"to":{"q":3,"r":12},"msg":"findPath: no valid path found"}
{"level":30,"time":1774382618559,"pid":1603593,"hostname":"TempleOfZyminx","from":{"q":0,"r":10},"to":{"q":3,"r":13},"msg":"findPath: no valid path found"}
{"level":30,"time":1774382618559,"pid":1603593,"hostname":"TempleOfZyminx","from":{"q":0,"r":10},"to":{"q":3,"r":14},"msg":"findPath: no valid path found"}
{"level":30,"time":1774382618559,"pid":1603593,"hostname":"TempleOfZyminx","from":{"q":0,"r":10},"to":{"q":3,"r":15},"msg":"findPath: no valid path found"}
{"level":30,"time":1774382618559,"pid":1603593,"hostname":"TempleOfZyminx","from":{"q":0,"r":10},"to":{"q":3,"r":16},"msg":"findPath: no valid path found"}
{"level":30,"time":1774382618559,"pid":1603593,"hostname":"TempleOfZyminx","from":{"q":0,"r":10},"to":{"q":3,"r":17},"msg":"findPath: no valid path found"}
{"level":30,"time":1774382618559,"pid":1603593,"hostname":"TempleOfZyminx","from":{"q":0,"r":10},"to":{"q":3,"r":18},"msg":"findPath: no valid path found"}
{"level":30,"time":1774382618559,"pid":1603593,"hostname":"TempleOfZyminx","from":{"q":0,"r":10},"to":{"q":3,"r":19},"msg":"findPath: no valid path found"}
{"level":30,"time":1774382618559,"pid":1603593,"hostname":"TempleOfZyminx","from":{"q":0,"r":10},"to":{"q":3,"r":20},"msg":"findPath: no valid path found"}
{"level":30,"time":1774382618559,"pid":1603593,"hostname":"TempleOfZyminx","from":{"q":0,"r":10},"to":{"q":3,"r":21},"msg":"findPath: no valid path found"}
{"level":30,"time":1774382618559,"pid":1603455,"hostname":"TempleOfZyminx","gameId":"315d2a7a-6bda-4b33-a79a-78bc7fbee8f1","role":"onion","msg":"Game match created"}
{"level":30,"time":1774382618559,"pid":1603593,"hostname":"TempleOfZyminx","from":{"q":0,"r":10},"to":{"q":4,"r":0},"msg":"findPath: no valid path found"}
{"level":30,"time":1774382618559,"pid":1603593,"hostname":"TempleOfZyminx","from":{"q":0,"r":10},"to":{"q":4,"r":1},"msg":"findPath: no valid path found"}
{"level":30,"time":1774382618559,"pid":1603593,"hostname":"TempleOfZyminx","from":{"q":0,"r":10},"to":{"q":4,"r":2},"msg":"findPath: no valid path found"}
{"level":30,"time":1774382618559,"pid":1603593,"hostname":"TempleOfZyminx","from":{"q":0,"r":10},"to":{"q":4,"r":3},"msg":"findPath: no valid path found"}
{"level":30,"time":1774382618559,"pid":1603593,"hostname":"TempleOfZyminx","from":{"q":0,"r":10},"to":{"q":4,"r":4},"msg":"findPath: no valid path found"}
{"level":30,"time":1774382618559,"pid":1603593,"hostname":"TempleOfZyminx","from":{"q":0,"r":10},"to":{"q":4,"r":5},"msg":"findPath: no valid path found"}
{"level":30,"time":1774382618560,"pid":1603593,"hostname":"TempleOfZyminx","from":{"q":0,"r":10},"to":{"q":4,"r":6},"msg":"findPath: no valid path found"}
{"level":30,"time":1774382618560,"pid":1603593,"hostname":"TempleOfZyminx","from":{"q":0,"r":10},"to":{"q":4,"r":8},"msg":"findPath: no valid path found"}
{"level":30,"time":1774382618560,"pid":1603593,"hostname":"TempleOfZyminx","from":{"q":0,"r":10},"to":{"q":4,"r":9},"msg":"findPath: no valid path found"}
{"level":30,"time":1774382618560,"pid":1603593,"hostname":"TempleOfZyminx","from":{"q":0,"r":10},"to":{"q":4,"r":10},"msg":"findPath: no valid path found"}
{"level":30,"time":1774382618560,"pid":1603593,"hostname":"TempleOfZyminx","from":{"q":0,"r":10},"to":{"q":4,"r":11},"msg":"findPath: no valid path found"}
{"level":30,"time":1774382618559,"pid":1603455,"hostname":"TempleOfZyminx","id":"315d2a7a-6bda-4b33-a79a-78bc7fbee8f1","msg":"User joining game"}
{"level":30,"time":1774382618560,"pid":1603455,"hostname":"TempleOfZyminx","gameId":"315d2a7a-6bda-4b33-a79a-78bc7fbee8f1","role":"defender","msg":"User joined game"}
{"level":30,"time":1774382618560,"pid":1603593,"hostname":"TempleOfZyminx","from":{"q":0,"r":10},"to":{"q":4,"r":12},"msg":"findPath: no valid path found"}
{"level":30,"time":1774382618560,"pid":1603593,"hostname":"TempleOfZyminx","from":{"q":0,"r":10},"to":{"q":4,"r":13},"msg":"findPath: no valid path found"}
{"level":30,"time":1774382618560,"pid":1603593,"hostname":"TempleOfZyminx","from":{"q":0,"r":10},"to":{"q":4,"r":14},"msg":"findPath: no valid path found"}
{"level":30,"time":1774382618560,"pid":1603593,"hostname":"TempleOfZyminx","from":{"q":0,"r":10},"to":{"q":4,"r":15},"msg":"findPath: no valid path found"}
{"level":30,"time":1774382618560,"pid":1603593,"hostname":"TempleOfZyminx","from":{"q":0,"r":10},"to":{"q":4,"r":16},"msg":"findPath: no valid path found"}
{"level":30,"time":1774382618560,"pid":1603593,"hostname":"TempleOfZyminx","from":{"q":0,"r":10},"to":{"q":4,"r":17},"msg":"findPath: no valid path found"}
{"level":30,"time":1774382618560,"pid":1603593,"hostname":"TempleOfZyminx","from":{"q":0,"r":10},"to":{"q":4,"r":18},"msg":"findPath: no valid path found"}
{"level":30,"time":1774382618560,"pid":1603593,"hostname":"TempleOfZyminx","from":{"q":0,"r":10},"to":{"q":4,"r":19},"msg":"findPath: no valid path found"}
{"level":30,"time":1774382618560,"pid":1603593,"hostname":"TempleOfZyminx","from":{"q":0,"r":10},"to":{"q":4,"r":20},"msg":"findPath: no valid path found"}
{"level":30,"time":1774382618560,"pid":1603593,"hostname":"TempleOfZyminx","from":{"q":0,"r":10},"to":{"q":4,"r":21},"msg":"findPath: no valid path found"}
{"level":30,"time":1774382618560,"pid":1603593,"hostname":"TempleOfZyminx","from":{"q":0,"r":10},"to":{"q":5,"r":0},"msg":"findPath: no valid path found"}
{"level":30,"time":1774382618560,"pid":1603593,"hostname":"TempleOfZyminx","from":{"q":0,"r":10},"to":{"q":5,"r":1},"msg":"findPath: no valid path found"}
{"level":30,"time":1774382618561,"pid":1603593,"hostname":"TempleOfZyminx","from":{"q":0,"r":10},"to":{"q":5,"r":2},"msg":"findPath: no valid path found"}
{"level":30,"time":1774382618561,"pid":1603593,"hostname":"TempleOfZyminx","from":{"q":0,"r":10},"to":{"q":5,"r":3},"msg":"findPath: no valid path found"}
{"level":30,"time":1774382618561,"pid":1603593,"hostname":"TempleOfZyminx","from":{"q":0,"r":10},"to":{"q":5,"r":4},"msg":"findPath: no valid path found"}
{"level":30,"time":1774382618561,"pid":1603593,"hostname":"TempleOfZyminx","from":{"q":0,"r":10},"to":{"q":5,"r":5},"msg":"findPath: no valid path found"}
{"level":30,"time":1774382618561,"pid":1603455,"hostname":"TempleOfZyminx","id":"315d2a7a-6bda-4b33-a79a-78bc7fbee8f1","msg":"Fetching game state"}
{"level":30,"time":1774382618561,"pid":1603593,"hostname":"TempleOfZyminx","from":{"q":0,"r":10},"to":{"q":5,"r":8},"msg":"findPath: no valid path found"}
{"level":30,"time":1774382618561,"pid":1603593,"hostname":"TempleOfZyminx","from":{"q":0,"r":10},"to":{"q":5,"r":9},"msg":"findPath: no valid path found"}
{"level":30,"time":1774382618561,"pid":1603593,"hostname":"TempleOfZyminx","from":{"q":0,"r":10},"to":{"q":5,"r":10},"msg":"findPath: no valid path found"}
{"level":30,"time":1774382618561,"pid":1603593,"hostname":"TempleOfZyminx","from":{"q":0,"r":10},"to":{"q":5,"r":11},"msg":"findPath: no valid path found"}
{"level":30,"time":1774382618561,"pid":1603593,"hostname":"TempleOfZyminx","from":{"q":0,"r":10},"to":{"q":5,"r":12},"msg":"findPath: no valid path found"}
{"level":30,"time":1774382618561,"pid":1603593,"hostname":"TempleOfZyminx","from":{"q":0,"r":10},"to":{"q":5,"r":13},"msg":"findPath: no valid path found"}
{"level":30,"time":1774382618561,"pid":1603593,"hostname":"TempleOfZyminx","from":{"q":0,"r":10},"to":{"q":5,"r":14},"msg":"findPath: no valid path found"}
{"level":30,"time":1774382618561,"pid":1603593,"hostname":"TempleOfZyminx","from":{"q":0,"r":10},"to":{"q":5,"r":15},"msg":"findPath: no valid path found"}
{"level":30,"time":1774382618561,"pid":1603593,"hostname":"TempleOfZyminx","from":{"q":0,"r":10},"to":{"q":5,"r":16},"msg":"findPath: no valid path found"}
{"level":30,"time":1774382618561,"pid":1603593,"hostname":"TempleOfZyminx","from":{"q":0,"r":10},"to":{"q":5,"r":17},"msg":"findPath: no valid path found"}
{"level":30,"time":1774382618561,"pid":1603593,"hostname":"TempleOfZyminx","from":{"q":0,"r":10},"to":{"q":5,"r":18},"msg":"findPath: no valid path found"}
{"level":30,"time":1774382618561,"pid":1603593,"hostname":"TempleOfZyminx","from":{"q":0,"r":10},"to":{"q":5,"r":19},"msg":"findPath: no valid path found"}
{"level":30,"time":1774382618561,"pid":1603593,"hostname":"TempleOfZyminx","from":{"q":0,"r":10},"to":{"q":5,"r":20},"msg":"findPath: no valid path found"}
{"level":30,"time":1774382618561,"pid":1603593,"hostname":"TempleOfZyminx","from":{"q":0,"r":10},"to":{"q":5,"r":21},"msg":"findPath: no valid path found"}
{"level":30,"time":1774382618562,"pid":1603593,"hostname":"TempleOfZyminx","from":{"q":0,"r":10},"to":{"q":6,"r":0},"msg":"findPath: no valid path found"}
{"level":30,"time":1774382618562,"pid":1603593,"hostname":"TempleOfZyminx","from":{"q":0,"r":10},"to":{"q":6,"r":1},"msg":"findPath: no valid path found"}
{"level":30,"time":1774382618562,"pid":1603593,"hostname":"TempleOfZyminx","from":{"q":0,"r":10},"to":{"q":6,"r":2},"msg":"findPath: no valid path found"}
{"level":30,"time":1774382618562,"pid":1603593,"hostname":"TempleOfZyminx","from":{"q":0,"r":10},"to":{"q":6,"r":3},"msg":"findPath: no valid path found"}
{"level":30,"time":1774382618562,"pid":1603593,"hostname":"TempleOfZyminx","from":{"q":0,"r":10},"to":{"q":6,"r":5},"msg":"findPath: no valid path found"}
{"level":30,"time":1774382618562,"pid":1603593,"hostname":"TempleOfZyminx","from":{"q":0,"r":10},"to":{"q":6,"r":7},"msg":"findPath: no valid path found"}
{"level":30,"time":1774382618562,"pid":1603593,"hostname":"TempleOfZyminx","from":{"q":0,"r":10},"to":{"q":6,"r":8},"msg":"findPath: no valid path found"}
{"level":30,"time":1774382618562,"pid":1603593,"hostname":"TempleOfZyminx","from":{"q":0,"r":10},"to":{"q":6,"r":9},"msg":"findPath: no valid path found"}
{"level":30,"time":1774382618562,"pid":1603593,"hostname":"TempleOfZyminx","from":{"q":0,"r":10},"to":{"q":6,"r":10},"msg":"findPath: no valid path found"}
{"level":30,"time":1774382618562,"pid":1603593,"hostname":"TempleOfZyminx","from":{"q":0,"r":10},"to":{"q":6,"r":11},"msg":"findPath: no valid path found"}
{"level":30,"time":1774382618562,"pid":1603593,"hostname":"TempleOfZyminx","from":{"q":0,"r":10},"to":{"q":6,"r":12},"msg":"findPath: no valid path found"}
{"level":30,"time":1774382618562,"pid":1603593,"hostname":"TempleOfZyminx","from":{"q":0,"r":10},"to":{"q":6,"r":13},"msg":"findPath: no valid path found"}
{"level":30,"time":1774382618562,"pid":1603455,"hostname":"TempleOfZyminx","id":"315d2a7a-6bda-4b33-a79a-78bc7fbee8f1","msg":"Fetching game state"}
{"level":30,"time":1774382618562,"pid":1603593,"hostname":"TempleOfZyminx","from":{"q":0,"r":10},"to":{"q":6,"r":14},"msg":"findPath: no valid path found"}
{"level":30,"time":1774382618562,"pid":1603593,"hostname":"TempleOfZyminx","from":{"q":0,"r":10},"to":{"q":6,"r":15},"msg":"findPath: no valid path found"}
{"level":30,"time":1774382618562,"pid":1603593,"hostname":"TempleOfZyminx","from":{"q":0,"r":10},"to":{"q":6,"r":16},"msg":"findPath: no valid path found"}
{"level":30,"time":1774382618562,"pid":1603593,"hostname":"TempleOfZyminx","from":{"q":0,"r":10},"to":{"q":6,"r":17},"msg":"findPath: no valid path found"}
{"level":30,"time":1774382618562,"pid":1603593,"hostname":"TempleOfZyminx","from":{"q":0,"r":10},"to":{"q":6,"r":18},"msg":"findPath: no valid path found"}
{"level":30,"time":1774382618563,"pid":1603593,"hostname":"TempleOfZyminx","from":{"q":0,"r":10},"to":{"q":6,"r":19},"msg":"findPath: no valid path found"}
{"level":30,"time":1774382618563,"pid":1603593,"hostname":"TempleOfZyminx","from":{"q":0,"r":10},"to":{"q":6,"r":20},"msg":"findPath: no valid path found"}
{"level":30,"time":1774382618563,"pid":1603593,"hostname":"TempleOfZyminx","from":{"q":0,"r":10},"to":{"q":6,"r":21},"msg":"findPath: no valid path found"}
{"level":30,"time":1774382618563,"pid":1603593,"hostname":"TempleOfZyminx","from":{"q":0,"r":10},"to":{"q":7,"r":0},"msg":"findPath: no valid path found"}
{"level":30,"time":1774382618563,"pid":1603455,"hostname":"TempleOfZyminx","id":"315d2a7a-6bda-4b33-a79a-78bc7fbee8f1","command":"FIRE","msg":"Submitting game action"}
{"level":30,"time":1774382618563,"pid":1603455,"hostname":"TempleOfZyminx","gameId":"315d2a7a-6bda-4b33-a79a-78bc7fbee8f1","type":"FIRE","msg":"Processing combat command"}
{"level":30,"time":1774382618563,"pid":1603593,"hostname":"TempleOfZyminx","from":{"q":0,"r":10},"to":{"q":7,"r":1},"msg":"findPath: no valid path found"}
{"level":30,"time":1774382618563,"pid":1603593,"hostname":"TempleOfZyminx","from":{"q":0,"r":10},"to":{"q":7,"r":2},"msg":"findPath: no valid path found"}
{"level":30,"time":1774382618563,"pid":1603593,"hostname":"TempleOfZyminx","from":{"q":0,"r":10},"to":{"q":7,"r":4},"msg":"findPath: no valid path found"}
{"level":30,"time":1774382618563,"pid":1603593,"hostname":"TempleOfZyminx","from":{"q":0,"r":10},"to":{"q":7,"r":5},"msg":"findPath: no valid path found"}
{"level":30,"time":1774382618563,"pid":1603593,"hostname":"TempleOfZyminx","from":{"q":0,"r":10},"to":{"q":7,"r":6},"msg":"findPath: no valid path found"}
{"level":30,"time":1774382618563,"pid":1603593,"hostname":"TempleOfZyminx","from":{"q":0,"r":10},"to":{"q":7,"r":7},"msg":"findPath: no valid path found"}
{"level":30,"time":1774382618563,"pid":1603593,"hostname":"TempleOfZyminx","from":{"q":0,"r":10},"to":{"q":7,"r":8},"msg":"findPath: no valid path found"}
{"level":30,"time":1774382618563,"pid":1603593,"hostname":"TempleOfZyminx","from":{"q":0,"r":10},"to":{"q":7,"r":9},"msg":"findPath: no valid path found"}
{"level":30,"time":1774382618563,"pid":1603593,"hostname":"TempleOfZyminx","from":{"q":0,"r":10},"to":{"q":7,"r":10},"msg":"findPath: no valid path found"}
{"level":30,"time":1774382618563,"pid":1603593,"hostname":"TempleOfZyminx","from":{"q":0,"r":10},"to":{"q":7,"r":11},"msg":"findPath: no valid path found"}
{"level":30,"time":1774382618563,"pid":1603455,"hostname":"TempleOfZyminx","commandType":"FIRE","msg":"Validating combat action"}
{"level":30,"time":1774382618563,"pid":1603455,"hostname":"TempleOfZyminx","gameId":"315d2a7a-6bda-4b33-a79a-78bc7fbee8f1","error":"Not a combat phase","msg":"Invalid combat command"}
{"level":30,"time":1774382618563,"pid":1603455,"hostname":"TempleOfZyminx","id":"315d2a7a-6bda-4b33-a79a-78bc7fbee8f1","msg":"Fetching game state"}
{"level":30,"time":1774382618563,"pid":1603593,"hostname":"TempleOfZyminx","from":{"q":0,"r":10},"to":{"q":7,"r":12},"msg":"findPath: no valid path found"}
{"level":30,"time":1774382618563,"pid":1603593,"hostname":"TempleOfZyminx","from":{"q":0,"r":10},"to":{"q":7,"r":13},"msg":"findPath: no valid path found"}
{"level":30,"time":1774382618563,"pid":1603593,"hostname":"TempleOfZyminx","from":{"q":0,"r":10},"to":{"q":7,"r":14},"msg":"findPath: no valid path found"}
{"level":30,"time":1774382618563,"pid":1603593,"hostname":"TempleOfZyminx","from":{"q":0,"r":10},"to":{"q":7,"r":15},"msg":"findPath: no valid path found"}
{"level":30,"time":1774382618564,"pid":1603593,"hostname":"TempleOfZyminx","from":{"q":0,"r":10},"to":{"q":7,"r":16},"msg":"findPath: no valid path found"}
{"level":30,"time":1774382618564,"pid":1603593,"hostname":"TempleOfZyminx","from":{"q":0,"r":10},"to":{"q":7,"r":17},"msg":"findPath: no valid path found"}
{"level":30,"time":1774382618564,"pid":1603593,"hostname":"TempleOfZyminx","from":{"q":0,"r":10},"to":{"q":7,"r":18},"msg":"findPath: no valid path found"}
{"level":30,"time":1774382618564,"pid":1603593,"hostname":"TempleOfZyminx","from":{"q":0,"r":10},"to":{"q":7,"r":19},"msg":"findPath: no valid path found"}
{"level":30,"time":1774382618564,"pid":1603593,"hostname":"TempleOfZyminx","from":{"q":0,"r":10},"to":{"q":7,"r":20},"msg":"findPath: no valid path found"}
{"level":30,"time":1774382618564,"pid":1603593,"hostname":"TempleOfZyminx","from":{"q":0,"r":10},"to":{"q":7,"r":21},"msg":"findPath: no valid path found"}
{"level":30,"time":1774382618564,"pid":1603593,"hostname":"TempleOfZyminx","from":{"q":0,"r":10},"to":{"q":8,"r":0},"msg":"findPath: no valid path found"}
{"level":30,"time":1774382618564,"pid":1603593,"hostname":"TempleOfZyminx","from":{"q":0,"r":10},"to":{"q":8,"r":1},"msg":"findPath: no valid path found"}
{"level":30,"time":1774382618564,"pid":1603593,"hostname":"TempleOfZyminx","from":{"q":0,"r":10},"to":{"q":8,"r":2},"msg":"findPath: no valid path found"}
{"level":30,"time":1774382618564,"pid":1603593,"hostname":"TempleOfZyminx","from":{"q":0,"r":10},"to":{"q":8,"r":3},"msg":"findPath: no valid path found"}
{"level":30,"time":1774382618564,"pid":1603593,"hostname":"TempleOfZyminx","from":{"q":0,"r":10},"to":{"q":8,"r":4},"msg":"findPath: no valid path found"}
{"level":30,"time":1774382618564,"pid":1603593,"hostname":"TempleOfZyminx","from":{"q":0,"r":10},"to":{"q":8,"r":5},"msg":"findPath: no valid path found"}
{"level":30,"time":1774382618564,"pid":1603593,"hostname":"TempleOfZyminx","from":{"q":0,"r":10},"to":{"q":8,"r":6},"msg":"findPath: no valid path found"}
{"level":30,"time":1774382618564,"pid":1603593,"hostname":"TempleOfZyminx","from":{"q":0,"r":10},"to":{"q":8,"r":7},"msg":"findPath: no valid path found"}
{"level":30,"time":1774382618564,"pid":1603593,"hostname":"TempleOfZyminx","from":{"q":0,"r":10},"to":{"q":8,"r":8},"msg":"findPath: no valid path found"}
{"level":30,"time":1774382618564,"pid":1603593,"hostname":"TempleOfZyminx","from":{"q":0,"r":10},"to":{"q":8,"r":9},"msg":"findPath: no valid path found"}
{"level":30,"time":1774382618564,"pid":1603593,"hostname":"TempleOfZyminx","from":{"q":0,"r":10},"to":{"q":8,"r":10},"msg":"findPath: no valid path found"}
{"level":30,"time":1774382618564,"pid":1603455,"hostname":"TempleOfZyminx","id":"315d2a7a-6bda-4b33-a79a-78bc7fbee8f1","command":"END_PHASE","msg":"Submitting game action"}
{"level":30,"time":1774382618565,"pid":1603593,"hostname":"TempleOfZyminx","from":{"q":0,"r":10},"to":{"q":8,"r":11},"msg":"findPath: no valid path found"}
{"level":30,"time":1774382618565,"pid":1603593,"hostname":"TempleOfZyminx","from":{"q":0,"r":10},"to":{"q":8,"r":12},"msg":"findPath: no valid path found"}
{"level":30,"time":1774382618565,"pid":1603593,"hostname":"TempleOfZyminx","from":{"q":0,"r":10},"to":{"q":8,"r":13},"msg":"findPath: no valid path found"}
{"level":30,"time":1774382618565,"pid":1603593,"hostname":"TempleOfZyminx","from":{"q":0,"r":10},"to":{"q":8,"r":14},"msg":"findPath: no valid path found"}
{"level":30,"time":1774382618565,"pid":1603593,"hostname":"TempleOfZyminx","from":{"q":0,"r":10},"to":{"q":8,"r":15},"msg":"findPath: no valid path found"}
{"level":30,"time":1774382618565,"pid":1603593,"hostname":"TempleOfZyminx","from":{"q":0,"r":10},"to":{"q":8,"r":16},"msg":"findPath: no valid path found"}
{"level":30,"time":1774382618565,"pid":1603593,"hostname":"TempleOfZyminx","from":{"q":0,"r":10},"to":{"q":8,"r":17},"msg":"findPath: no valid path found"}
{"level":30,"time":1774382618565,"pid":1603455,"hostname":"TempleOfZyminx","gameId":"315d2a7a-6bda-4b33-a79a-78bc7fbee8f1","phase":"ONION_MOVE","msg":"Advancing phase"}
{"level":30,"time":1774382618565,"pid":1603455,"hostname":"TempleOfZyminx","phase":"ONION_MOVE","turnNumber":1,"msg":"Advancing phase in engine"}
{"level":30,"time":1774382618565,"pid":1603593,"hostname":"TempleOfZyminx","from":{"q":0,"r":10},"to":{"q":8,"r":18},"msg":"findPath: no valid path found"}
{"level":30,"time":1774382618565,"pid":1603593,"hostname":"TempleOfZyminx","from":{"q":0,"r":10},"to":{"q":8,"r":19},"msg":"findPath: no valid path found"}
{"level":30,"time":1774382618565,"pid":1603593,"hostname":"TempleOfZyminx","from":{"q":0,"r":10},"to":{"q":8,"r":20},"msg":"findPath: no valid path found"}
{"level":30,"time":1774382618565,"pid":1603593,"hostname":"TempleOfZyminx","from":{"q":0,"r":10},"to":{"q":8,"r":21},"msg":"findPath: no valid path found"}
{"level":30,"time":1774382618565,"pid":1603593,"hostname":"TempleOfZyminx","from":{"q":0,"r":10},"to":{"q":9,"r":0},"msg":"findPath: no valid path found"}
{"level":30,"time":1774382618565,"pid":1603593,"hostname":"TempleOfZyminx","from":{"q":0,"r":10},"to":{"q":9,"r":1},"msg":"findPath: no valid path found"}
{"level":30,"time":1774382618565,"pid":1603593,"hostname":"TempleOfZyminx","from":{"q":0,"r":10},"to":{"q":9,"r":2},"msg":"findPath: no valid path found"}
{"level":30,"time":1774382618565,"pid":1603593,"hostname":"TempleOfZyminx","from":{"q":0,"r":10},"to":{"q":9,"r":3},"msg":"findPath: no valid path found"}
{"level":30,"time":1774382618565,"pid":1603593,"hostname":"TempleOfZyminx","from":{"q":0,"r":10},"to":{"q":9,"r":4},"msg":"findPath: no valid path found"}
{"level":30,"time":1774382618565,"pid":1603593,"hostname":"TempleOfZyminx","from":{"q":0,"r":10},"to":{"q":9,"r":5},"msg":"findPath: no valid path found"}
{"level":30,"time":1774382618565,"pid":1603593,"hostname":"TempleOfZyminx","from":{"q":0,"r":10},"to":{"q":9,"r":6},"msg":"findPath: no valid path found"}
{"level":30,"time":1774382618566,"pid":1603593,"hostname":"TempleOfZyminx","from":{"q":0,"r":10},"to":{"q":9,"r":7},"msg":"findPath: no valid path found"}
{"level":30,"time":1774382618566,"pid":1603593,"hostname":"TempleOfZyminx","from":{"q":0,"r":10},"to":{"q":9,"r":8},"msg":"findPath: no valid path found"}
{"level":30,"time":1774382618566,"pid":1603593,"hostname":"TempleOfZyminx","from":{"q":0,"r":10},"to":{"q":9,"r":9},"msg":"findPath: no valid path found"}
{"level":30,"time":1774382618566,"pid":1603593,"hostname":"TempleOfZyminx","from":{"q":0,"r":10},"to":{"q":9,"r":10},"msg":"findPath: no valid path found"}
{"level":30,"time":1774382618566,"pid":1603593,"hostname":"TempleOfZyminx","from":{"q":0,"r":10},"to":{"q":9,"r":11},"msg":"findPath: no valid path found"}
{"level":30,"time":1774382618566,"pid":1603593,"hostname":"TempleOfZyminx","from":{"q":0,"r":10},"to":{"q":9,"r":12},"msg":"findPath: no valid path found"}
{"level":30,"time":1774382618566,"pid":1603593,"hostname":"TempleOfZyminx","from":{"q":0,"r":10},"to":{"q":9,"r":13},"msg":"findPath: no valid path found"}
{"level":30,"time":1774382618566,"pid":1603593,"hostname":"TempleOfZyminx","from":{"q":0,"r":10},"to":{"q":9,"r":14},"msg":"findPath: no valid path found"}
{"level":30,"time":1774382618565,"pid":1603455,"hostname":"TempleOfZyminx","id":"315d2a7a-6bda-4b33-a79a-78bc7fbee8f1","msg":"Fetching game state"}
{"level":30,"time":1774382618566,"pid":1603593,"hostname":"TempleOfZyminx","from":{"q":0,"r":10},"to":{"q":9,"r":15},"msg":"findPath: no valid path found"}
{"level":30,"time":1774382618566,"pid":1603593,"hostname":"TempleOfZyminx","from":{"q":0,"r":10},"to":{"q":9,"r":16},"msg":"findPath: no valid path found"}
{"level":30,"time":1774382618566,"pid":1603593,"hostname":"TempleOfZyminx","from":{"q":0,"r":10},"to":{"q":9,"r":17},"msg":"findPath: no valid path found"}
{"level":30,"time":1774382618566,"pid":1603593,"hostname":"TempleOfZyminx","from":{"q":0,"r":10},"to":{"q":9,"r":18},"msg":"findPath: no valid path found"}
{"level":30,"time":1774382618566,"pid":1603593,"hostname":"TempleOfZyminx","from":{"q":0,"r":10},"to":{"q":9,"r":19},"msg":"findPath: no valid path found"}
{"level":30,"time":1774382618566,"pid":1603593,"hostname":"TempleOfZyminx","from":{"q":0,"r":10},"to":{"q":9,"r":20},"msg":"findPath: no valid path found"}
{"level":30,"time":1774382618566,"pid":1603593,"hostname":"TempleOfZyminx","from":{"q":0,"r":10},"to":{"q":9,"r":21},"msg":"findPath: no valid path found"}
{"level":30,"time":1774382618566,"pid":1603593,"hostname":"TempleOfZyminx","from":{"q":0,"r":10},"to":{"q":10,"r":0},"msg":"findPath: no valid path found"}
{"level":30,"time":1774382618566,"pid":1603593,"hostname":"TempleOfZyminx","from":{"q":0,"r":10},"to":{"q":10,"r":1},"msg":"findPath: no valid path found"}
{"level":30,"time":1774382618567,"pid":1603593,"hostname":"TempleOfZyminx","from":{"q":0,"r":10},"to":{"q":10,"r":2},"msg":"findPath: no valid path found"}
{"level":30,"time":1774382618567,"pid":1603593,"hostname":"TempleOfZyminx","from":{"q":0,"r":10},"to":{"q":10,"r":3},"msg":"findPath: no valid path found"}
{"level":30,"time":1774382618567,"pid":1603455,"hostname":"TempleOfZyminx","id":"315d2a7a-6bda-4b33-a79a-78bc7fbee8f1","command":"MOVE","msg":"Submitting game action"}
{"level":30,"time":1774382618567,"pid":1603455,"hostname":"TempleOfZyminx","gameId":"315d2a7a-6bda-4b33-a79a-78bc7fbee8f1","unitId":"onion-1","msg":"Processing MOVE command"}
{"level":30,"time":1774382618567,"pid":1603455,"hostname":"TempleOfZyminx","gameId":"315d2a7a-6bda-4b33-a79a-78bc7fbee8f1","error":"Not the Onion movement phase","msg":"Invalid move command"}
{"level":30,"time":1774382618568,"pid":1603593,"hostname":"TempleOfZyminx","from":{"q":0,"r":10},"to":{"q":10,"r":4},"msg":"findPath: no valid path found"}
{"level":30,"time":1774382618568,"pid":1603593,"hostname":"TempleOfZyminx","from":{"q":0,"r":10},"to":{"q":10,"r":5},"msg":"findPath: no valid path found"}
{"level":30,"time":1774382618568,"pid":1603593,"hostname":"TempleOfZyminx","from":{"q":0,"r":10},"to":{"q":10,"r":6},"msg":"findPath: no valid path found"}
{"level":30,"time":1774382618568,"pid":1603593,"hostname":"TempleOfZyminx","from":{"q":0,"r":10},"to":{"q":10,"r":7},"msg":"findPath: no valid path found"}
{"level":30,"time":1774382618568,"pid":1603593,"hostname":"TempleOfZyminx","from":{"q":0,"r":10},"to":{"q":10,"r":8},"msg":"findPath: no valid path found"}
{"level":30,"time":1774382618568,"pid":1603593,"hostname":"TempleOfZyminx","from":{"q":0,"r":10},"to":{"q":10,"r":9},"msg":"findPath: no valid path found"}
{"level":30,"time":1774382618568,"pid":1603593,"hostname":"TempleOfZyminx","from":{"q":0,"r":10},"to":{"q":10,"r":10},"msg":"findPath: no valid path found"}
{"level":30,"time":1774382618568,"pid":1603593,"hostname":"TempleOfZyminx","from":{"q":0,"r":10},"to":{"q":10,"r":11},"msg":"findPath: no valid path found"}
{"level":30,"time":1774382618568,"pid":1603593,"hostname":"TempleOfZyminx","from":{"q":0,"r":10},"to":{"q":10,"r":12},"msg":"findPath: no valid path found"}
{"level":30,"time":1774382618568,"pid":1603593,"hostname":"TempleOfZyminx","from":{"q":0,"r":10},"to":{"q":10,"r":13},"msg":"findPath: no valid path found"}
{"level":30,"time":1774382618568,"pid":1603593,"hostname":"TempleOfZyminx","from":{"q":0,"r":10},"to":{"q":10,"r":14},"msg":"findPath: no valid path found"}
{"level":30,"time":1774382618568,"pid":1603593,"hostname":"TempleOfZyminx","from":{"q":0,"r":10},"to":{"q":10,"r":15},"msg":"findPath: no valid path found"}
{"level":30,"time":1774382618568,"pid":1603593,"hostname":"TempleOfZyminx","from":{"q":0,"r":10},"to":{"q":10,"r":16},"msg":"findPath: no valid path found"}
{"level":30,"time":1774382618568,"pid":1603593,"hostname":"TempleOfZyminx","from":{"q":0,"r":10},"to":{"q":10,"r":17},"msg":"findPath: no valid path found"}
{"level":30,"time":1774382618568,"pid":1603593,"hostname":"TempleOfZyminx","from":{"q":0,"r":10},"to":{"q":10,"r":18},"msg":"findPath: no valid path found"}
{"level":30,"time":1774382618568,"pid":1603593,"hostname":"TempleOfZyminx","from":{"q":0,"r":10},"to":{"q":10,"r":19},"msg":"findPath: no valid path found"}
{"level":30,"time":1774382618568,"pid":1603593,"hostname":"TempleOfZyminx","from":{"q":0,"r":10},"to":{"q":10,"r":20},"msg":"findPath: no valid path found"}
{"level":30,"time":1774382618568,"pid":1603593,"hostname":"TempleOfZyminx","from":{"q":0,"r":10},"to":{"q":10,"r":21},"msg":"findPath: no valid path found"}
{"level":30,"time":1774382618568,"pid":1603593,"hostname":"TempleOfZyminx","from":{"q":0,"r":10},"to":{"q":11,"r":0},"msg":"findPath: no valid path found"}
{"level":30,"time":1774382618569,"pid":1603593,"hostname":"TempleOfZyminx","from":{"q":0,"r":10},"to":{"q":11,"r":1},"msg":"findPath: no valid path found"}
{"level":30,"time":1774382618569,"pid":1603593,"hostname":"TempleOfZyminx","from":{"q":0,"r":10},"to":{"q":11,"r":2},"msg":"findPath: no valid path found"}
{"level":30,"time":1774382618569,"pid":1603593,"hostname":"TempleOfZyminx","from":{"q":0,"r":10},"to":{"q":11,"r":3},"msg":"findPath: no valid path found"}
{"level":30,"time":1774382618569,"pid":1603593,"hostname":"TempleOfZyminx","from":{"q":0,"r":10},"to":{"q":11,"r":4},"msg":"findPath: no valid path found"}
{"level":30,"time":1774382618569,"pid":1603593,"hostname":"TempleOfZyminx","from":{"q":0,"r":10},"to":{"q":11,"r":5},"msg":"findPath: no valid path found"}
{"level":30,"time":1774382618569,"pid":1603593,"hostname":"TempleOfZyminx","from":{"q":0,"r":10},"to":{"q":11,"r":6},"msg":"findPath: no valid path found"}
{"level":30,"time":1774382618569,"pid":1603593,"hostname":"TempleOfZyminx","from":{"q":0,"r":10},"to":{"q":11,"r":7},"msg":"findPath: no valid path found"}
{"level":30,"time":1774382618569,"pid":1603593,"hostname":"TempleOfZyminx","from":{"q":0,"r":10},"to":{"q":11,"r":8},"msg":"findPath: no valid path found"}
{"level":30,"time":1774382618569,"pid":1603593,"hostname":"TempleOfZyminx","from":{"q":0,"r":10},"to":{"q":11,"r":9},"msg":"findPath: no valid path found"}
{"level":30,"time":1774382618569,"pid":1603593,"hostname":"TempleOfZyminx","from":{"q":0,"r":10},"to":{"q":11,"r":10},"msg":"findPath: no valid path found"}
{"level":30,"time":1774382618569,"pid":1603593,"hostname":"TempleOfZyminx","from":{"q":0,"r":10},"to":{"q":11,"r":11},"msg":"findPath: no valid path found"}
{"level":30,"time":1774382618569,"pid":1603593,"hostname":"TempleOfZyminx","from":{"q":0,"r":10},"to":{"q":11,"r":12},"msg":"findPath: no valid path found"}
{"level":30,"time":1774382618569,"pid":1603593,"hostname":"TempleOfZyminx","from":{"q":0,"r":10},"to":{"q":11,"r":13},"msg":"findPath: no valid path found"}
{"level":30,"time":1774382618569,"pid":1603593,"hostname":"TempleOfZyminx","from":{"q":0,"r":10},"to":{"q":11,"r":14},"msg":"findPath: no valid path found"}
{"level":30,"time":1774382618569,"pid":1603593,"hostname":"TempleOfZyminx","from":{"q":0,"r":10},"to":{"q":11,"r":15},"msg":"findPath: no valid path found"}
{"level":30,"time":1774382618569,"pid":1603593,"hostname":"TempleOfZyminx","from":{"q":0,"r":10},"to":{"q":11,"r":16},"msg":"findPath: no valid path found"}
{"level":30,"time":1774382618569,"pid":1603593,"hostname":"TempleOfZyminx","from":{"q":0,"r":10},"to":{"q":11,"r":17},"msg":"findPath: no valid path found"}
{"level":30,"time":1774382618569,"pid":1603593,"hostname":"TempleOfZyminx","from":{"q":0,"r":10},"to":{"q":11,"r":18},"msg":"findPath: no valid path found"}
{"level":30,"time":1774382618569,"pid":1603593,"hostname":"TempleOfZyminx","from":{"q":0,"r":10},"to":{"q":11,"r":19},"msg":"findPath: no valid path found"}
{"level":30,"time":1774382618569,"pid":1603593,"hostname":"TempleOfZyminx","from":{"q":0,"r":10},"to":{"q":11,"r":20},"msg":"findPath: no valid path found"}
{"level":30,"time":1774382618569,"pid":1603593,"hostname":"TempleOfZyminx","from":{"q":0,"r":10},"to":{"q":11,"r":21},"msg":"findPath: no valid path found"}
{"level":30,"time":1774382618570,"pid":1603593,"hostname":"TempleOfZyminx","from":{"q":0,"r":10},"to":{"q":12,"r":0},"msg":"findPath: no valid path found"}
{"level":30,"time":1774382618570,"pid":1603593,"hostname":"TempleOfZyminx","from":{"q":0,"r":10},"to":{"q":12,"r":1},"msg":"findPath: no valid path found"}
{"level":30,"time":1774382618570,"pid":1603593,"hostname":"TempleOfZyminx","from":{"q":0,"r":10},"to":{"q":12,"r":2},"msg":"findPath: no valid path found"}
{"level":30,"time":1774382618570,"pid":1603593,"hostname":"TempleOfZyminx","from":{"q":0,"r":10},"to":{"q":12,"r":3},"msg":"findPath: no valid path found"}
{"level":30,"time":1774382618570,"pid":1603593,"hostname":"TempleOfZyminx","from":{"q":0,"r":10},"to":{"q":12,"r":4},"msg":"findPath: no valid path found"}
{"level":30,"time":1774382618570,"pid":1603593,"hostname":"TempleOfZyminx","from":{"q":0,"r":10},"to":{"q":12,"r":5},"msg":"findPath: no valid path found"}
{"level":30,"time":1774382618570,"pid":1603593,"hostname":"TempleOfZyminx","from":{"q":0,"r":10},"to":{"q":12,"r":6},"msg":"findPath: no valid path found"}
{"level":30,"time":1774382618570,"pid":1603593,"hostname":"TempleOfZyminx","from":{"q":0,"r":10},"to":{"q":12,"r":7},"msg":"findPath: no valid path found"}
{"level":30,"time":1774382618570,"pid":1603593,"hostname":"TempleOfZyminx","from":{"q":0,"r":10},"to":{"q":12,"r":8},"msg":"findPath: no valid path found"}
{"level":30,"time":1774382618570,"pid":1603593,"hostname":"TempleOfZyminx","from":{"q":0,"r":10},"to":{"q":12,"r":9},"msg":"findPath: no valid path found"}
{"level":30,"time":1774382618570,"pid":1603593,"hostname":"TempleOfZyminx","from":{"q":0,"r":10},"to":{"q":12,"r":10},"msg":"findPath: no valid path found"}
{"level":30,"time":1774382618570,"pid":1603593,"hostname":"TempleOfZyminx","from":{"q":0,"r":10},"to":{"q":12,"r":11},"msg":"findPath: no valid path found"}
{"level":30,"time":1774382618570,"pid":1603593,"hostname":"TempleOfZyminx","from":{"q":0,"r":10},"to":{"q":12,"r":12},"msg":"findPath: no valid path found"}
{"level":30,"time":1774382618570,"pid":1603593,"hostname":"TempleOfZyminx","from":{"q":0,"r":10},"to":{"q":12,"r":13},"msg":"findPath: no valid path found"}
{"level":30,"time":1774382618570,"pid":1603593,"hostname":"TempleOfZyminx","from":{"q":0,"r":10},"to":{"q":12,"r":14},"msg":"findPath: no valid path found"}
{"level":30,"time":1774382618570,"pid":1603593,"hostname":"TempleOfZyminx","from":{"q":0,"r":10},"to":{"q":12,"r":15},"msg":"findPath: no valid path found"}
{"level":30,"time":1774382618570,"pid":1603593,"hostname":"TempleOfZyminx","from":{"q":0,"r":10},"to":{"q":12,"r":16},"msg":"findPath: no valid path found"}
{"level":30,"time":1774382618570,"pid":1603593,"hostname":"TempleOfZyminx","from":{"q":0,"r":10},"to":{"q":12,"r":17},"msg":"findPath: no valid path found"}
{"level":30,"time":1774382618570,"pid":1603593,"hostname":"TempleOfZyminx","from":{"q":0,"r":10},"to":{"q":12,"r":18},"msg":"findPath: no valid path found"}
{"level":30,"time":1774382618570,"pid":1603593,"hostname":"TempleOfZyminx","from":{"q":0,"r":10},"to":{"q":12,"r":19},"msg":"findPath: no valid path found"}
{"level":30,"time":1774382618570,"pid":1603593,"hostname":"TempleOfZyminx","from":{"q":0,"r":10},"to":{"q":12,"r":20},"msg":"findPath: no valid path found"}
{"level":30,"time":1774382618571,"pid":1603593,"hostname":"TempleOfZyminx","from":{"q":0,"r":10},"to":{"q":12,"r":21},"msg":"findPath: no valid path found"}
{"level":30,"time":1774382618571,"pid":1603593,"hostname":"TempleOfZyminx","from":{"q":0,"r":10},"to":{"q":13,"r":0},"msg":"findPath: no valid path found"}
{"level":30,"time":1774382618571,"pid":1603593,"hostname":"TempleOfZyminx","from":{"q":0,"r":10},"to":{"q":13,"r":1},"msg":"findPath: no valid path found"}
{"level":30,"time":1774382618571,"pid":1603593,"hostname":"TempleOfZyminx","from":{"q":0,"r":10},"to":{"q":13,"r":2},"msg":"findPath: no valid path found"}
{"level":30,"time":1774382618571,"pid":1603593,"hostname":"TempleOfZyminx","from":{"q":0,"r":10},"to":{"q":13,"r":3},"msg":"findPath: no valid path found"}
{"level":30,"time":1774382618571,"pid":1603593,"hostname":"TempleOfZyminx","from":{"q":0,"r":10},"to":{"q":13,"r":4},"msg":"findPath: no valid path found"}
{"level":30,"time":1774382618571,"pid":1603593,"hostname":"TempleOfZyminx","from":{"q":0,"r":10},"to":{"q":13,"r":5},"msg":"findPath: no valid path found"}
{"level":30,"time":1774382618571,"pid":1603593,"hostname":"TempleOfZyminx","from":{"q":0,"r":10},"to":{"q":13,"r":6},"msg":"findPath: no valid path found"}
{"level":30,"time":1774382618571,"pid":1603593,"hostname":"TempleOfZyminx","from":{"q":0,"r":10},"to":{"q":13,"r":7},"msg":"findPath: no valid path found"}
{"level":30,"time":1774382618571,"pid":1603593,"hostname":"TempleOfZyminx","from":{"q":0,"r":10},"to":{"q":13,"r":8},"msg":"findPath: no valid path found"}
{"level":30,"time":1774382618571,"pid":1603593,"hostname":"TempleOfZyminx","from":{"q":0,"r":10},"to":{"q":13,"r":9},"msg":"findPath: no valid path found"}
{"level":30,"time":1774382618571,"pid":1603593,"hostname":"TempleOfZyminx","from":{"q":0,"r":10},"to":{"q":13,"r":10},"msg":"findPath: no valid path found"}
{"level":30,"time":1774382618571,"pid":1603593,"hostname":"TempleOfZyminx","from":{"q":0,"r":10},"to":{"q":13,"r":11},"msg":"findPath: no valid path found"}
{"level":30,"time":1774382618571,"pid":1603593,"hostname":"TempleOfZyminx","from":{"q":0,"r":10},"to":{"q":13,"r":12},"msg":"findPath: no valid path found"}
{"level":30,"time":1774382618571,"pid":1603593,"hostname":"TempleOfZyminx","from":{"q":0,"r":10},"to":{"q":13,"r":13},"msg":"findPath: no valid path found"}
{"level":30,"time":1774382618571,"pid":1603593,"hostname":"TempleOfZyminx","from":{"q":0,"r":10},"to":{"q":13,"r":14},"msg":"findPath: no valid path found"}
{"level":30,"time":1774382618571,"pid":1603593,"hostname":"TempleOfZyminx","from":{"q":0,"r":10},"to":{"q":13,"r":15},"msg":"findPath: no valid path found"}
{"level":30,"time":1774382618571,"pid":1603593,"hostname":"TempleOfZyminx","from":{"q":0,"r":10},"to":{"q":13,"r":16},"msg":"findPath: no valid path found"}
{"level":30,"time":1774382618572,"pid":1603593,"hostname":"TempleOfZyminx","from":{"q":0,"r":10},"to":{"q":13,"r":17},"msg":"findPath: no valid path found"}
{"level":30,"time":1774382618572,"pid":1603593,"hostname":"TempleOfZyminx","from":{"q":0,"r":10},"to":{"q":13,"r":18},"msg":"findPath: no valid path found"}
{"level":30,"time":1774382618572,"pid":1603593,"hostname":"TempleOfZyminx","from":{"q":0,"r":10},"to":{"q":13,"r":19},"msg":"findPath: no valid path found"}
{"level":30,"time":1774382618572,"pid":1603593,"hostname":"TempleOfZyminx","from":{"q":0,"r":10},"to":{"q":13,"r":20},"msg":"findPath: no valid path found"}
{"level":30,"time":1774382618572,"pid":1603593,"hostname":"TempleOfZyminx","from":{"q":0,"r":10},"to":{"q":13,"r":21},"msg":"findPath: no valid path found"}
{"level":30,"time":1774382618572,"pid":1603593,"hostname":"TempleOfZyminx","from":{"q":0,"r":10},"to":{"q":14,"r":0},"msg":"findPath: no valid path found"}
{"level":30,"time":1774382618572,"pid":1603593,"hostname":"TempleOfZyminx","from":{"q":0,"r":10},"to":{"q":14,"r":1},"msg":"findPath: no valid path found"}
{"level":30,"time":1774382618572,"pid":1603593,"hostname":"TempleOfZyminx","from":{"q":0,"r":10},"to":{"q":14,"r":2},"msg":"findPath: no valid path found"}
{"level":30,"time":1774382618572,"pid":1603593,"hostname":"TempleOfZyminx","from":{"q":0,"r":10},"to":{"q":14,"r":3},"msg":"findPath: no valid path found"}
{"level":30,"time":1774382618572,"pid":1603593,"hostname":"TempleOfZyminx","from":{"q":0,"r":10},"to":{"q":14,"r":4},"msg":"findPath: no valid path found"}
{"level":30,"time":1774382618572,"pid":1603593,"hostname":"TempleOfZyminx","from":{"q":0,"r":10},"to":{"q":14,"r":5},"msg":"findPath: no valid path found"}
{"level":30,"time":1774382618572,"pid":1603593,"hostname":"TempleOfZyminx","from":{"q":0,"r":10},"to":{"q":14,"r":6},"msg":"findPath: no valid path found"}
{"level":30,"time":1774382618572,"pid":1603593,"hostname":"TempleOfZyminx","from":{"q":0,"r":10},"to":{"q":14,"r":7},"msg":"findPath: no valid path found"}
{"level":30,"time":1774382618573,"pid":1603593,"hostname":"TempleOfZyminx","from":{"q":0,"r":10},"to":{"q":14,"r":8},"msg":"findPath: no valid path found"}
{"level":30,"time":1774382618573,"pid":1603593,"hostname":"TempleOfZyminx","from":{"q":0,"r":10},"to":{"q":14,"r":9},"msg":"findPath: no valid path found"}
{"level":30,"time":1774382618573,"pid":1603593,"hostname":"TempleOfZyminx","from":{"q":0,"r":10},"to":{"q":14,"r":10},"msg":"findPath: no valid path found"}
{"level":30,"time":1774382618573,"pid":1603593,"hostname":"TempleOfZyminx","from":{"q":0,"r":10},"to":{"q":14,"r":11},"msg":"findPath: no valid path found"}
{"level":30,"time":1774382618573,"pid":1603593,"hostname":"TempleOfZyminx","from":{"q":0,"r":10},"to":{"q":14,"r":12},"msg":"findPath: no valid path found"}
{"level":30,"time":1774382618573,"pid":1603593,"hostname":"TempleOfZyminx","from":{"q":0,"r":10},"to":{"q":14,"r":13},"msg":"findPath: no valid path found"}
{"level":30,"time":1774382618573,"pid":1603593,"hostname":"TempleOfZyminx","from":{"q":0,"r":10},"to":{"q":14,"r":14},"msg":"findPath: no valid path found"}
{"level":30,"time":1774382618573,"pid":1603593,"hostname":"TempleOfZyminx","from":{"q":0,"r":10},"to":{"q":14,"r":15},"msg":"findPath: no valid path found"}
{"level":30,"time":1774382618573,"pid":1603593,"hostname":"TempleOfZyminx","from":{"q":0,"r":10},"to":{"q":14,"r":16},"msg":"findPath: no valid path found"}
{"level":30,"time":1774382618573,"pid":1603593,"hostname":"TempleOfZyminx","from":{"q":0,"r":10},"to":{"q":14,"r":17},"msg":"findPath: no valid path found"}
{"level":30,"time":1774382618573,"pid":1603593,"hostname":"TempleOfZyminx","from":{"q":0,"r":10},"to":{"q":14,"r":18},"msg":"findPath: no valid path found"}
{"level":30,"time":1774382618573,"pid":1603593,"hostname":"TempleOfZyminx","from":{"q":0,"r":10},"to":{"q":14,"r":19},"msg":"findPath: no valid path found"}
{"level":30,"time":1774382618573,"pid":1603593,"hostname":"TempleOfZyminx","from":{"q":0,"r":10},"to":{"q":14,"r":20},"msg":"findPath: no valid path found"}
{"level":30,"time":1774382618573,"pid":1603593,"hostname":"TempleOfZyminx","from":{"q":0,"r":10},"to":{"q":14,"r":21},"msg":"findPath: no valid path found"}
{"level":30,"time":1774382618574,"pid":1603593,"hostname":"TempleOfZyminx","id":"975e1770-609c-4a25-864a-0e0c52da4e0a","command":"MOVE","msg":"Submitting game action"}
{"level":30,"time":1774382618574,"pid":1603593,"hostname":"TempleOfZyminx","gameId":"975e1770-609c-4a25-864a-0e0c52da4e0a","unitId":"onion-1","msg":"Processing MOVE command"}
{"level":30,"time":1774382618575,"pid":1603593,"hostname":"TempleOfZyminx","id":"975e1770-609c-4a25-864a-0e0c52da4e0a","msg":"Fetching game state"}
{"level":30,"time":1774382618576,"pid":1603593,"hostname":"TempleOfZyminx","id":"975e1770-609c-4a25-864a-0e0c52da4e0a","msg":"Fetching game state"}
{"level":30,"time":1774382618577,"pid":1603593,"hostname":"TempleOfZyminx","id":"975e1770-609c-4a25-864a-0e0c52da4e0a","command":"END_PHASE","msg":"Submitting game action"}
{"level":30,"time":1774382618577,"pid":1603593,"hostname":"TempleOfZyminx","gameId":"975e1770-609c-4a25-864a-0e0c52da4e0a","phase":"ONION_MOVE","msg":"Advancing phase"}
{"level":30,"time":1774382618577,"pid":1603593,"hostname":"TempleOfZyminx","phase":"ONION_MOVE","turnNumber":1,"msg":"Advancing phase in engine"}
{"level":30,"time":1774382618578,"pid":1603593,"hostname":"TempleOfZyminx","id":"975e1770-609c-4a25-864a-0e0c52da4e0a","msg":"Fetching game state"}
{"level":30,"time":1774382618579,"pid":1603593,"hostname":"TempleOfZyminx","id":"975e1770-609c-4a25-864a-0e0c52da4e0a","msg":"Fetching game state"}
{"level":30,"time":1774382618585,"pid":1603639,"hostname":"TempleOfZyminx","scenarioId":"xxxxxxxxxxxxxxxxxxxxxxxxxxxxxxxxxxxxxxxxxxxxxxxxxxxxxxxxxxxxxxxxxxxxxxxxxxxxxxxxxxxxxxxxxxxxxxxxxxxxxxxxxxxxxxxxxxxxxxxxxxxxxxxxxxxxxxxxxxxxxxxxxxxxxxxxxxxxxxxxxxxxxxxxxxxxxxxxxxxxxxxxxxxxxxxxxxxxxxxxxxxxxxxxxxxxxxxxxxxxxxxxxxxxxxxxxxxxxxxxxxxxxxxxxxxxxxxxxxxxxxxxxxxxxxxxxxxxxxxxxxxxxxxxxxxxxxxxxxxxxxxxxxxxxxxxxxxxxxxxxxxxxxxxxxxxxxxxxxxxxxxxxxxxxxxxxxxxxxxxxxxxxxxxxxxxxxxxxxxxxxxxxxxxxxxxxxxxxxxxxxxxxxxxxxxxxxxxxxxxxxxxxxxxxxxxxxxxxxxxxxxxxxxxxxxxxxxxxxxxxxxxxxxxxxxxxxxxxxxxxxxxxxxxxxxxxxxxxxxxxxxxxxxxxxxxxxxxxxxxxxxxxxxxxxxxxxxxxxxxxxxxxxxxxxxxxxxxxxxxxxxxxxxxxxxxxxxxxxxxxxxxxxxxxxxxxxxxxxxxxxxxxxxxxxxxxxxxxxxxxxxxxxxxxxxxxxxxxxxxxxxxxxxxxxxxxxxxxxxxxxxxxxxxxxxxxxxxxxxxxxxxxxxxxxxxxxxxxxxxxxxxxxxxxxxxxxxxxxxxxxxxxxxxxxxxxxxxxxxxxxxxxxxxxxxxxxxxxxxxxxxxxxxxxxxxxxxxxxxxxxxxxxxxxxxxxxxxxxxxxxxxxxxxxxxxxxxxxxxxxxxxxxxxxxxxxxxxxxxxxxxxxxxxxxxxxxxxxxxxxxxxxxxxxxxxxxxxxxxxxxxxxxxxxxxxxxxxxxxxxxxxxxxxxxxxxxxxxxxxxxxxxxxxxxxxxxxxxxxxxxxxxxxxxxxxxxxxxxxxxxxxxxxxxxxxxxxxxxxxxxxxxxxxxxxxxxxxxxxxxxxxxxxxxxxxxxxxxxxxxxxxxxxxxxxxxxxxxxxxxxxxxxxxxxxxxxxxxxxxxxxxxxxxxxxxxxxxxxxxxxxxxxxxxxxxxxxxxxxxxxxxxxxxxxxxxxxxxxxxxxxxxxxxxxxxxxxxxxxxxxxxxxxxxxxxxxxxxxxxxxxxxxxxxxxxxxxxxxxxxxxxxxxxxxxxxxxxxxxxxxxxxxxxxxxxxxxxxxxxxxxxxxxxxxxxxxxxxxxxxxxxxxxxxxxxxxxxxxxxxxxxxxxxxxxxxxxxxxxxxxxxxxxxxxxxxxxxxxxxxxxxxxxxxxxxxxxxxxxxxxxxxxxxxxxxxxxxxxxxxxxxxxxxxxxxxxxxxxxxxxxxxxxxxxxxxxxxxxxxxxxxxxxxxxxxxxxxxxxxxxxxxxxxxxxxxxxxxxxxxxxxxxxxxxxxxxxxxxxxxxxxxxxxxxxxxxxxxxxxxxxxxxxxxxxxxxxxxxxxxxxxxxxxxxxxxxxxxxxxxxxxxxxxxxxxxxxxxxxxxxxxxxxxxxxxxxxxxxxxxxxxxxxxxxxxxxxxxxxxxxxxxxxxxxxxxxxxxxxxxxxxxxxxxxxxxxxxxxxxxxxxxxxxxxxxxxxxxxxxxxxxxxxxxxxxxxxxxxxxxxxxxxxxxxxxxxxxxxxxxxxxxxxxxxxxxxxxxxxxxxxxxxxxxxxxxxxxxxxxxxxxxxxxxxxxxxxxxxxxxxxxxxxxxxxxxxxxxxxxxxxxxxxxxxxxxxxxxxxxxxxxxxxxxxxxxxxxxxxxxxxxxxxxxxxxxxxxxxxxxxxxxxxxxxxxxxxxxxxxxxxxxxxxxxxxxxxxxxxxxxxxxxxxxxxxxxxxxxxxxxxxxxxxxxxxxxxxxxxxxxxxxxxxxxxxxxxxxxxxxxxxxxxxxxxxxxxxxxxxxxxxxxxxxxxxxxxxxxxxxxxxxxxxxxxxxxxxxxxxxxxxxxxxxxxxxxxxxxxxxxxxxxxxxxxxxxxxxxxxxxxxxxxxxxxxxxxxxxxxxxxxxxxxxxxxxxxxxxxxxxxxxxxxxxxxxxxxxxxxxxxxxxxxxxxxxxxxxxxxxxxxxxxxxxxxxxxxxxxxxxxxxxxxxxxxxxxxxxxxxxxxxxxxxxxxxxxxxxxxxxxxxxxxxxxxxxxxxxxxxxxxxxxxxxxxxxxxxxxxxxxxxxxxxxxxxxxxxxxxxxxxxxxxxxxxxxxxxxxxxxxxxxxxxxxxxxxxxxxxxxxxxxxxxxxxxxxxxxxxxxxxxxxxxxxxxxxxxxxxxxxxxxxxxxxxxxxxxxxxxxxxxxxxxxxxxxxxxxxxxxxxxxxxxxxxxxxxxxxxxxxxxxxxxxxxxxxxxxxxxxxxxxxxxxxxxxxxxxxxxxxxxxxxxxxxxxxxxxxxxxxxxxxxxxxxxxxxxxxxxxxxxxxxxxxxxxxxxxxxxxxxxxxxxxxxxxxxxxxxxxxxxxxxxxxxxxxxxxxxxxxxxxxxxxxxxxxxxxxxxxxxxxxxxxxxxxxxxxxxxxxxxxxxxxxxxxxxxxxxxxxxxxxxxxxxxxxxxxxxxxxxxxxxxxxxxxxxxxxxxxxxxxxxxxxxxxxxxxxxxxxxxxxxxxxxxxxxxxxxxxxxxxxxxxxxxxxxxxxxxxxxxxxxxxxxxxxxxxxxxxxxxxxxxxxxxxxxxxxxxxxxxxxxxxxxxxxxxxxxxxxxxxxxxxxxxxxxxxxxxxxxxxxxxxxxxxxxxxxxxxxxxxxxxxxxxxxxxxxxxxxxxxxxxxxxxxxxxxxxxxxxxxxxxxxxxxxxxxxxxxxxxxxxxxxxxxxxxxxxxxxxxxxxxxxxxxxxxxxxxxxxxxxxxxxxxxxxxxxxxxxxxxxxxxxxxxxxxxxxxxxxxxxxxxxxxxxxxxxxxxxxxxxxxxxxxxxxxxxxxxxxxxxxxxxxxxxxxxxxxxxxxxxxxxxxxxxxxxxxxxxxxxxxxxxxxxxxxxxxxxxxxxxxxxxxxxxxxxxxxxxxxxxxxxxxxxxxxxxxxxxxxxxxxxxxxxxxxxxxxxxxxxxxxxxxxxxxxxxxxxxxxxxxxxxxxxxxxxxxxxxxxxxxxxxxxxxxxxxxxxxxxxxxxxxxxxxxxxxxxxxxxxxxxxxxxxxxxxxxxxxxxxxxxxxxxxxxxxxxxxxxxxxxxxxxxxxxxxxxxxxxxxxxxxxxxxxxxxxxxxxxxxxxxxxxxxxxxxxxxxxxxxxxxxxxxxxxxxxxxxxxxxxxxxxxxxxxxxxxxxxxxxxxxxxxxxxxxxxxxxxxxxxxxxxxxxxxxxxxxxxxxxxxxxxxxxxxxxxxxxxxxxxxxxxxxxxxxxxxxxxxxxxxxxxxxxxxxxxxxxxxxxxxxxxxxxxxxxxxxxxxxxxxxxxxxxxxxxxxxxxxxxxxxxxxxxxxxxxxxxxxxxxxxxxxxxxxxxxxxxxxxxxxxxxxxxxxxxxxxxxxxxxxxxxxxxxxxxxxxxxxxxxxxxxxxxxxxxxxxxxxxxxxxxxxxxxxxxxxxxxxxxxxxxxxxxxxxxxxxxxxxxxxxxxxxxxxxxxxxxxxxxxxxxxxxxxxxxxxxxxxxxxxxxxxxxxxxxxxxxxxxxxxxxxxxxxxxxxxxxxxxxxxxxxxxxxxxxxxxxxxxxxxxxxxxxxxxxxxxxxxxxxxxxxxxxxxxxxxxxxxxxxxxxxxxxxxxxxxxxxxxxxxxxxxxxxxxxxxxxxxxxxxxxxxxxxxxxxxxxxxxxxxxxxxxxxxxxxxxxxxxxxxxxxxxxxxxxxxxxxxxxxxxxxxxxxxxxxxxxxxxxxxxxxxxxxxxxxxxxxxxxxxxxxxxxxxxxxxxxxxxxxxxxxxxxxxxxxxxxxxxxxxxxxxxxxxxxxxxxxxxxxxxxxxxxxxxxxxxxxxxxxxxxxxxxxxxxxxxxxxxxxxxxxxxxxxxxxxxxxxxxxxxxxxxxxxxxxxxxxxxxxxxxxxxxxxxxxxxxxxxxxxxxxxxxxxxxxxxxxxxxxxxxxxxxxxxxxxxxxxxxxxxxxxxxxxxxxxxxxxxxxxxxxxxxxxxxxxxxxxxxxxxxxxxxxxxxxxxxxxxxxxxxxxxxxxxxxxxxxxxxxxxxxxxxxxxxxxxxxxxxxxxxxxxxxxxxxxxxxxxxxxxxxxxxxxxxxxxxxxxxxxxxxxxxxxxxxxxxxxxxxxxxxxxxxxxxxxxxxxxxxxxxxxxxxxxxxxxxxxxxxxxxxxxxxxxxxxxxxxxxxxxxxxxxxxxxxxxxxxxxxxxxxxxxxxxxxxxxxxxxxxxxxxxxxxxxxxxxxxxxxxxxxxxxxxxxxxxxxxxxxxxxxxxxxxxxxxxxxxxxxxxxxxxxxxxxxxxxxxxxxxxxxxxxxxxxxxxxxxxxxxxxxxxxxxxxxxxxxxxxxxxxxxxxxxxxxxxxxxxxxxxxxxxxxxxxxxxxxxxxxxxxxxxxxxxxxxxxxxxxxxxxxxxxxxxxxxxxxxxxxxxxxxxxxxxxxxxxxxxxxxxxxxxxxxxxxxxxxxxxxxxxxxxxxxxxxxxxxxxxxxxxxxxxxxxxxxxxxxxxxxxxxxxxxxxxxxxxxxxxxxxxxxxxxxxxxxxxxxxxxxxxxxxxxxxxxxxxxxxxxxxxxxxxxxxxxxxxxxxxxxxxxxxxxxxxxxxxxxxxxxxxxxxxxxxxxxxxxxxxxxxxxxxxxxxxxxxxxxxxxxxxxxxxxxxxxxxxxxxxxxxxxxxxxxxxxxxxxxxxxxxxxxxxxxxxxxxxxxxxxxxxxxxxxxxxxxxxxxxxxxxxxxxxxxxxxxxxxxxxxxxxxxxxxxxxxxxxxxxxxxxxxxxxxxxxxxxxxxxxxxxxxxxxxxxxxxxxxxxxxxxxxxxxxxxxxxxxxxxxxxxxxxxxxxxxxxxxxxxxxxxxxxxxxxxxxxxxxxxxxxxxxxxxxxxxxxxxxxxxxxxxxxxxxxxxxxxxxxxxxxxxxxxxxxxxxxxxxxxxxxxxxxxxxxxxxxxxxxxxxxxxxxxxxxxxxxxxxxxxxxxxxxxxxxxxxxxxxxxxxxxxxxxxxxxxxxxxxxxxxxxxxxxxxxxxxxxxxxxxxxxxxxxxxxxxxxxxxxxxxxxxxxxxxxxxxxxxxxxxxxxxxxxxxxxxxxxxxxxxxxxxxxxxxxxxxxxxxxxxxxxxxxxxxxxxxxxxxxxxxxxxxxxxxxxxxxxxxxxxxxxxxxxxxxxxxxxxxxxxxxxxxxxxxxxxxxxxxxxxxxxxxxxxxxxxxxxxxxxxxxxxxxxxxxxxxxxxxxxxxxxxxxxxxxxxxxxxxxxxxxxxxxxxxxxxxxxxxxxxxxxxxxxxxxxxxxxxxxxxxxxxxxxxxxxxxxxxxxxxxxxxxxxxxxxxxxxxxxxxxxxxxxxxxxxxxxxxxxxxxxxxxxxxxxxxxxxxxxxxxxxxxxxxxxxxxxxxxxxxxxxxxxxxxxxxxxxxxxxxxxxxxxxxxxxxxxxxxxxxxxxxxxxxxxxxxxxxxxxxxxxxxxxxxxxxxxxxxxxxxxxxxxxxxxxxxxxxxxxxxxxxxxxxxxxxxxxxxxxxxxxxxxxxxxxxxxxxxxxxxxxxxxxxxxxxxxxxxxxxxxxxxxxxxxxxxxxxxxxxxxxxxxxxxxxxxxxxxxxxxxxxxxxxxxxxxxxxxxxxxxxxxxxxxxxxxxxxxxxxxxxxxxxxxxxxxxxxxxxxxxxxxxxxxxxxxxxxxxxxxxxxxxxxxxxxxxxxxxxxxxxxxxxxxxxxxxxxxxxxxxxxxxxxxxxxxxxxxxxxxxxxxxxxxxxxxxxxxxxxxxxxxxxxxxxxxxxxxxxxxxxxxxxxxxxxxxxxxxxxxxxxxxxxxxxxxxxxxxxxxxxxxxxxxxxxxxxxxxxxxxxxxxxxxxxxxxxxxxxxxxxxxxxxxxxxxxxxxxxxxxxxxxxxxxxxxxxxxxxxxxxxxxxxxxxxxxxxxxxxxxxxxxxxxxxxxxxxxxxxxxxxxxxxxxxxxxxxxxxxxxxxxxxxxxxxxxxxxxxxxxxxxxxxxxxxxxxxxxxxxxxxxxxxxxxxxxxxxxxxxxxxxxxxxxxxxxxxxxxxxxxxxxxxxxxxxxxxxxxxxxxxxxxxxxxxxxxxxxxxxxxxxxxxxxxxxxxxxxxxxxxxxxxxxxxxxxxxxxxxxxxxxxxxxxxxxxxxxxxxxxxxxxxxxxxxxxxxxxxxxxxxxxxxxxxxxxxxxxxxxxxxxxxxxxxxxxxxxxxxxxxxxxxxxxxxxxxxxxxxxxxxxxxxxxxxxxxxxxxxxxxxxxxxxxxxxxxxxxxxxxxxxxxxxxxxxxxxxxxxxxxxxxxxxxxxxxxxxxxxxxxxxxxxxxxxxxxxxxxxxxxxxxxxxxxxxxxxxxxxxxxxxxxxxxxxxxxxxxxxxxxxxxxxxxxxxxxxxxxxxxxxxxxxxxxxxxxxxxxxxxxxxxxxxxxxxxxxxxxxxxxxxxxxxxxxxxxxxxxxxxxxxxxxxxxxxxxxxxxxxxxxxxxxxxxxxxxxxxxxxxxxxxxxxxxxxxxxxxxxxxxxxxxxxxxxxxxxxxxxxxxxxxxxxxxxxxxxxxxxxxxxxxxxxxxxxxxxxxxxxxxxxxxxxxxxxxxxxxxxxxxxxxxxxxxxxxxxxxxxxxxxxxxxxxxxxxxxxxxxxxxxxxxxxxxxxxxxxxxxxxxxxxxxxxxxxxxxxxxxxxxxxxxxxxxxxxxxxxxxxxxxxxxxxxxxxxxxxxxxxxxxxxxxxxxxxxxxxxxxxxxxxxxxxxxxxxxxxxxxxxxxxxxxxxxxxxxxxxxxxxxxxxxxxxxxxxxxxxxxxxxxxxxxxxxxxxxxxxxxxxxxxxxxxxxxxxxxxxxxxxxxxxxxxxxxxxxxxxxxxxxxxxxxxxxxxxxxxxxxxxxxxxxxxxxxxxxxxxxxxxxxxxxxxxxxxxxxxxxxxxxxxxxxxxxxxxxxxxxxxxxxxxxxxxxxxxxxxxxxxxxxxxxxxxxxxxxxxxxxxxxxxxxxxxxxxxxxxxxxxxxxxxxxxxxxxxxxxxxxxxxxxxxxxxxxxxxxxxxxxxxxxxxxxxxxxxxxxxxxxxxxxxxxxxxxxxxxxxxxxxxxxxxxxxxxxxxxxxxxxxxxxxxxxxxxxxxxxxxxxxxxxxxxxxxxxxxxxxxxxxxxxxxxxxxxxxxxxxxxxxxxxxxxxxxxxxxxxxxxxxxxxxxxxxxxxxxxxxxxxxxxxxxxxxxxxxxxxxxxxxxxxxxxxxxxxxxxxxxxxxxxxxxxxxxxxxxxxxxxxxxxxxxxxxxxxxxxxxxxxxxxxxxxxxxxxxxxxxxxxxxxxxxxxxxxxxxxxxxxxxxxxxxxxxxxxxxxxxxxxxxxxxxxxxxxxxxxxxxxxxxxxxxxxxxxxxxxxxxxxxxxxxxxxxxxxxxxxxxxxxxxxxxxxxxxxxxxxxxxxxxxxxxxxxxxxxxxxxxxxxxxxxxxxxxxxxxxxxxxxxxxxxxxxxxxxxxxxxxxxxxxxxxxxxxxxxxxxxxxxxxxxxxxxxxxxxxxxxxxxxxxxxxxxxxxxxxxxxxxxxxxxxxxxxxxxxxxxxxxxxxxxxxxxxxxxxxxxxxxxxxxxxxxxxxxxxxxxxxxxxxxxxxxxxxxxxxxxxxxxxxxxxxxxxxxxxxxxxxxxxxxxxxxxxxxxxxxxxxxxxxxxxxxxxxxxxxxxxxxxxxxxxxxxxxxxxxxxxxxxxxxxxxxxxxxxxxxxxxxxxxxxxxxxxxxxxxxxxxxxxxxxxxxxxxxxxxxxxxxxxxxxxxxxxxxxxxxxxxxxxxxxxxxxxxxxxxxxxxxxxxxxxxxxxxxxxxxxxxxxxxxxxxxxxxxxxxxxxxxxxxxxxxxxxxxxxxxxxxxxxxxxxxxxxxxxxxxxxxxxxxxxxxxxxxxxxxxxxxxxxxxxxxxxxxxxxxxxxxxxxxxxxxxxxxxxxxxxxxxxxxxxxxxxxxxxxxxxxxxxxxxxxxxxxxxxxxxxxxxxxxxxxxxxxxxxxxxxxxxxxxxxxxxxxxxxxxxxxxxxxxxxxxxxxxxxxxxxxxxxxxxxxxxxxxxxxxxxxxxxxxxxxxxxxxxxxxxxxxxxxxxxxxxxxxxxxxxxxxxxxxxxxxxxxxxxxxxxxxxxxxxxxxxxxxxxxxxxxxxxxxxxxxxxxxxxxxxxxxxxxxxxxxxxxxxxxxxxxxxxxxxxxxxxxxxxxxxxxxxxxxxxxxxxxxxxxxxxxxxxxxxxxxxxxxxxxxxxxxxxxxxxxxxxxxxxxxxxxxxxxxxxxxxxxxxxxxxxxxxxxxxxxxxxxxxxxxxxxxxxxxxxxxxxxxxxxxxxxxxxxxxxxxxxxxxxxxxxxxxxxxxxxxxxxxxxxxxxxxxxxxxxxxxxxxxxxxxxxxxxxxxxxxxxxxxxxxxxxxxxxxxxxxxxxxxxxxxxxxxxxxxxxxxxxxxxxxxxxxxxxxxxxxxxxxxxxxxxxxxxxxxxxxxxxxxxxxxxxxxxxxxxxxxxxxxxxxxxxxxxxxxxxxxxxxxxxxxxxxxxxxxxxxxxxxxxxxxxxxxxxxxxxxxxxxxxxxxxxxxxxxxxxxxxxxxxxxxxxxxxxxxxxxxxxxxxxxxxxxxxxxxxxxxxxxxxxxxxxxxxxxxxxxxxxxxxxxxxxxxxxxxxxxxxxxxxxxxxxxxxxxxxxxxxxxxxxxxxxxxxxxxxxxxxxxxxxxxxxxxxxxxxxxxxxxxxxxxxxxxxxxxxxxxxxxxxxxxxxxxxxxxxxxxxxxxxxxxxxxxxxxxxxxxxxxxxxxxxxxxxxxxxxxxxxxxxxxxxxxxxxxxxxxxxxxxxxxxxxxxxxxxxxxxxxxxxxxxxxxxxxxxxxxxxxxxxxxxxxxxxxxxxxxxxxxxxxxxxxxxxxxxxxxxxxxxxxxxxxxxxxxxxxxxxxxxxxxxxxxxxxxxxxxxxxxxxxxxxxxxxxxxxxxxxxxxxxxxxxxxxxxxxxxxxxxxxxxxxxxxxxxxxxxxxxxxxxxxxxxxxxxxxxxxxxxxxxxxxxxxxxxxxxxxxxxxxxxxxxxxxxxxxxxxxxxxxxxxxxxxxxxxxxxxxxxxxxxxxxxxxxxxxxxxxxxxxxxxxxxxxxxxxxxxxxxxxxxxxxxxxxxxxxxxxxxxxxxxxxxxxxxxxxxxxxxxxxxxxxxxxxxxxxxxxxxxxxxxxxxxxxxxxxxxxxxxxxxxxxxxxxxxxxxxxxxxxxxxxxxxxxxxxxxxxxxxxxxxxxxxxxxxxxxxxxxxxxxxxxxxxxxxxxxxxxxxxxxxxxxxxxxxxxxxxxxxxxxxxxxxxxxxxxxxxxxxxxxxxxxxxxxxxxxxxxxxxxxxxxxxxxxxxxxxxxxxxxxxxxxxxxxxxxxxxxxxxxxxxxxxxxxxxxxxxxxxxxxxxxxxxxxxxxxxxxxxxxxxxxxxxxxxxxxxxxxxxxxxxxxxxxxxxxxxxxxxxxxxxxxxxxxxxxxxxxxxxxxxxxxxxxxxxxxxxxxxxxxxxxxxxxxxxxxxxxxxxxxxxxxxxxxxxxxxxxxxxxxxxxxxxxxxxxxxxxxxxxxxxxxxxxxxxxxxxxxxxxxxxxxxxxxxxxxxxxxxxxxxxxxxxxxxxxxxxxxxxxxxxxxxxxxxxxxxxxxxxxxxxxxxxxxxxxxxxxxxxxxxxxxxxxxxxxxxxxxxxxxxxxxxxxxxxxxxxxxxxxxxxxxxxxxxxxxxxxxxxxxxxxxxxxxxxxxxxxxxxxxxxxxxxxxxxxxxxxxxxxxxxxxxxxxxxxxxxxxxxxxxxxxxxxxxxxxxxxxxxxxxxxxxxxxxxxxxxxxxxxxxxxxxxxxxxxxxxxxxxxxxxxxxxxxxxxxxxxxxxxxxxxxxxxxxxxxxxxxxxxxxxxxxxxxxxxxxxxxxxxxxxxxxxxxxxxxxxxxxxxxxxxxxxxxxxxxxxxxxxxxxxxxxxxxxxxxxxxxxxxxxxxxxxxxxxxxxxxxxxxxxxxxxxxxxxxxxxxxxxxxxxxxxxxxxxxxxxxxxxxxxxxxxxxxxxxxxxxxxxxxxxxxxxxxxxxxxxxxxxxxxxxxxxxxxxxxxxxxxxxxxxxxxxxxxxxxxxxxxxxxxxxxxxxxxxxxxxxxxxxxxxxxxxxxxxxxxxxxxxxxxxxxxxxxxxxxxxxxxxxxxxxxxxxxxxxxxxxxxxxxxxxxxxxxxxxxxxxxxxxxxxxxxxxxxxxxxxxxxxxxxxxxxxxxxxxxxxxxxxxxxxxxxxxxxxxxxxxxxxxxxxxxxxxxxxxxxxxxxxxxxxxxxxxxxxxxxxxxxxxxxxxxxxxxxxxxxxxxxxxxxxxxxxxxxxxxxxxxxxxxxxxxxxxxxxxxxxxxxxxxxxxxxxxxxxxxxxxxxxxxxxxxxxxxxxxxxxxxxxxxxxxxxxxxxxxxxxxxxxxxxxxxxxxxxxxxxxxxxxxxxxxxxxxxxxxxxxxxxxxxxxxxxxxxxxxxxxxxxxxxxxxxxxxxxxxxxxxxxxxxxxxxxxxxxxxxxxxxxxxxxxxxxxxxxxxxxxxxxxxxxxxxxxxxxxxxxxxxxxxxxxxxxxxxxxxxxxxxxxxxxxxxxxxxxxxxxxxxxxxxxxxxxxxxxxxxxxxxxxxxxxxxxxxxxxxxxxxxxxxxxxxxxxxxxxxxxxxxxxxxxxxxxxxxxxxxxxxxxxxxxxxxxxxxxxxxxxxxxxxxxxxxxxxxxxxxxxxxxxxxxxxxxxxxxxxxxxxxxxxxxxxxxxxxxxxxxxxxxxxxxxxxxxxxxxxxxxxxxxxxxxxxxxxxxxxxxxxxxxxxxxxxxxxxxxxxxxxxxxxxxxxxxxxxxxxxxxxxxxxxxxxxxxxxxxxxxxxxxxxxxxxxxxxxxxxxxxxxxxxxxxxxxxxxxxxxxxxxxxxxxxxxxxxxxxxxxxxxxxxxxxxxxxxxxxxxxxxxxxxxxxxxxxxxxxxxxxxxxxxxxxxxxxxxxxxxxxxxxxxxxxxxxxxxxxxxxxxxxxxxxxxxxxxxxxxxxxxxxxxxxxxxxxxxxxxxxxxxxxxxxxxxxxxxxxxxxxxxxxxxxxxxxxxxxxxxxxxxxxxxxxxxxxxxxxxxxxxxxxxxxxxxxxxxxxxxxxxxxxxxxxxxxxxxxxxxxxxxxxxxxxxxxxxxxxxxxxxxxxxxxxxxxxxxxxxxxxxxxxxxxxxxxxxxxxxxxxxxxxxxxxxxxxxxxxxxxxxxxxxxxxxxxxxxxxxxxxxxxxxxxxxxxxxxxxxxxxxxxxxxxxxxxxxxxxxxxxxxxxxxxxxxxxxxxxxxxxxxxxxxxxxxxxxxxxxxxxxxxxxxxxxxxxxxxxxxxxxxxxxxxxxxxxxxxxxxxxxxxxxxxxxxxxxxxxxxxxxxxxxxxxxxxxxxxxxxxxxxxxxxxxxxxxxxxxxxxxxxxxxxxxxxxxxxxxxxxxxxxxxxxxxxxxxxxxxxxxxxxxxxxxxxxxxxxxxxxxxxxxxxxxxxxxxxxxxxxxxxxxxxxxxxxxxxxxxxxxxxxxxxxxxxxxxxxxxxxxxxxxxxxxxxxxxxxxxxxxxxxxxxxxxxxxxxxxxxxxxxxxxxxxxxxxxxxxxxxxxxxxxxxxxxxxxxxxxxxxxxxxxxxxxxxxxxxxxxxxxxxxxxxxxxxxxxxxxxxxxxxxxxxxxxxxxxxxxxxxxxxxxxxxxxxxxxxxxxxxxxxxxxxxxxxxxxxxxxxxxxxxxxxxxxxxxxxxxxxxxxxxxxxxxxxxxxxxxxxxxxxxxxxxxxxxxxxxxxxxxxxxxxxxxxxxxxxxxxxxxxxxxxxxxxxxxxxxxxxxxxxxxxxxxxxxxxxxxxxxxxxxxxxxxxxxxxxxxxxxxxxxxxxxxxxxxxxxxxxxxxxxxxxxxxxxxxxxxxxxxxxxxxxxxxxxxxxxxxxxxxxxxxxxxxxxxxxxxxxxxxxxxxxxxxxxxxxxxxxxxxxxxxxxxxxxxxxxxxxxxxxxxxxxxxxxxxxxxxxxxxxxxxxxxxxxxxxxxxxxxxxxxxxxxxxxxxxxxxxxxxxxxxxxxxxxxxxxxxxxxxxxxxxxxxxxxxxxxxxxxxxxxxxxxxxxxxxxxxxxxxxxxxxxxxxxxxxxxxxxxxxxxxxxxxxxxxxxxxxxxxxxxxxxxxxxxxxxxxxxxxxxxxxxxxxxxxxxxxxxxxxxxxxxxxxxxxxxxxxxxxxxxxxxxxxxxxxxxxxxxxxxxxxxxxxxxxxxxxxxxxxxxxxxxxxxxxxxxxxxxxxxxxxxxxxxxxxxxxxxxxxxxxxxxxxxxxxxxxxxxxxxxxxxxxxxxxxxxxxxxxxxxxxxxxxxxxxxxxxxxxxxxxxxxxxxxxxxxxxxxxxxxxxxxxxxxxxxxxxxxxxxxxxxxxxxxxxxxxxxxxxxxxxxxxxxxxxxxxxxxxxxxxxxxxxxxxxxxxxxxxxxxxxxxxxxxxxxxxxxxxxxxxxxxxxxxxxxxxxxxxxxxxxxxxxxxxxxxxxxxxxxxxxxxxxxxxxxxxxxxxxxxxxxxxxxxxxxxxxxxxxxxxxxxxxxxxxxxxxxxxxxxxxxxxxxxxxxxxxxxxxxxxxxxxxxxxxxxxxxxxxxxxxxxxxxxxxxxxxxxxxxxxxxxxxxxxxxxxxxxxxxxxxxxxxxxxxxxxxxxxxxxxxxxxxxxxxxxxxxxxxxxxxxxxxxxxxxxxxxxxxxxxxxxxxxxxxxxxxxxxxxxxxxxxxxxxxxxxxxxxxxxxxxxxxxxxxxxxxxxxxxxxxxxxxxxxxxxxxxxxxxxxxxxxxxxxxxxxxxxxxxxxxxxxxxxxxxxxxxxxxxxxxxxxxxxxxxxxxxxxxxxxxxxxxxxxxxxxxxxxxxxxxxxxxxxxxxxxxxxxxxxxxxxxxxxxxxxxxxxxxxxxxxxxxxxxxxxxxxxxxxxxxxxxxxxxxxxxxxxxxxxxxxxxxxxxxxxxxxxxxxxxxxxxxxxxxxxxxxxxxxxxxxxxxxxxxxxxxxxxxxxxxxxxxxxxxxxxxxxxxxxxxxxxxxxxxxxxxxxxxxxxxxxxxxxxxxxxxxxxxxxxxxxxxxxxxxxxxxxxxxxxxxxxxxxxxxxxxxxxxxxxxxxxxxxxxxxxxxxxxxxxxxxxxxxxxxxxxxxxxxxxxxxxxxxxxxxxxxxxxxxxxxxxxxxxxxxxxxxxxxxxxxxxxxxxxxxxxxxxxxxxxxxxxxxxxxxxxxxxxxxxxxxxxxxxxxxxxxxxxxxxxxxxxxxxxxxxxxxxxxxxxxxxxxxxxxxxxxxxxxxxxxxxxxxxxxxxxxxxxxxxxxxxxxxxxxxxxxxxxxxxxxxxxxxxxxxxxxxxxxxxxxxxxxxxxxxxxxxxxxxxxxxxxxxxxxxxxxxxxxxxxxxxxxxxxxxxxxxxxxxxxxxxxxxxxxxxxxxxxxxxxxxxxxxxxxxxxxxxxxxxxxxxxxxxxxxxxxxxxxxxxxxxxxxxxxxxxxxxxxxxxxxxxxxxxxxxxxxxxxxxxxxxxxxxxxxxxxxxxxxxxxxxxxxxxxxxxxxxxxxxxxxxxxxxxxxxxxxxxxxxxxxxxxxxxxxxxxxxxxxxxxxxxxxxxxxxxxxxxxxxxxxxxxxxxxxxxxxxxxxxxxxxxxxxxxxxxxxxxxxxxxxxxxxxxxxxxxxxxxxxxxxxxxxxxxxxxxxxxxxxxxxxxxxxxxxxxxxxxxxxxxxxxxxxxxxxxxxxxxxxxxxxxxxxxxxxxxxxxxxxxxxxxxxxxxxxxxxxxxxxxxxxxxxxxxxxxxxxxxxxxxxxxxxxxxxxxxxxxxxxxxxxxxxxxxxxxxxxxxxxxxxxxxxxxxxxxxxxxxxxxxxxxxxxxxxxxxxxxxxxxxxxxxxxxxxxxxxxxxxxxxxxxxxxxxxxxxxxxxxxxxxxxxxxxxxxxxxxxxxxxxxxxxxxxxxxxxxxxxxxxxxxxxxxxxxxxxxxxxxxxxxxxxxxxxxxxxxxxxxxxxxxxxxxxxxxxxxxxxxxxxxxxxxxxxxxxxxxxxxxxxxxxxxxxxxxxxxxxxxxxxxxxxxxxxxxxxxxxxxxxxxxxxxxxxxxxxxxxxxxxxxxxxxxxxxxxxxxxxxxxxxxxxxxxxxxxxxxxxxxxxxxxxxxxxxxxxxxxxxxxxxxxxxxxxxxxxxxxxxxxxxxxxxxxxxxxxxxxxxxxxxxxxxxxxxxxxxxxxxxxxxxxxxxxxxxxxxxxxxxxxxxxxxxxxxxxxxxxxxxxxxxxxxxxxxxxxxxxxxxxxxxxxxxxxxxxxxxxxxxxxxxxxxxxxxxxxxxxxxxxxxxxxxxxxxxxxxxxxxxxxxxxxxxxxxxxxxxxxxxxxxxxxxxxxxxxxxxxxxxxxxxxxxxxxxxxxxxxxxxxxxxxxxxxxxxxxxxxxxxxxxxxxxxxxxxxxxxxxxxxxxxxxxxxxxxxxxxxxxxxxxxxxxxxxxxxxxxxxxxxxxxxxxxxxxxxxxxxxxxxxxxxxxxxxxxxxxxxxxxxxxxxxxxxxxxxxxxxxxxxxxxxxxxxxxxxxxxxxxxxxxxxxxxxxxxxxxxxxxxxxxxxxxxxxxxxxxxxxxxxxxxxxxxxxxxxxxxxxxxxxxxxxxxxxxxxxxxxxxxxxxxxxxxxxxxxxxxxxxxxxxxxxxxxxxxxxxxxxxxxxxxxxxxxxxxxxxxxxxxxxxxxxxxxxxxxxxxxxxxxxxxxxxxxxxxxxxxxxxxxxxxxxxxxxxxxxxxxxxxxxxxxxxxxxxxxxxxxxxxxxxxxxxxxxxxxxxxxxxxxxxxxxxxxxxxxxxxxxxxxxxxxxxxxxxxxxxxxxxxxxxxxxxxxxxxxxxxxxxxxxxxxxxxxxxxxxxxxxxxxxxxxxxxxxxxxxxxxxxxxxxxxxxxxxxxxxxxxxxxxxxxxxxxxxxxxxxxxxxxxxxxxxxxxxxxxxxxxxxxxxxxxxxxxxxxxxxxxxxxxxxxxxxxxxxxxxxxxxxxxxxxxxxxxxxxxxxxxxxxxxxxxxxxxxxxxxxxxxxxxxxxxxxxxxxxxxxxxxxxxxxxxxxxxxxxxxxxxxxxxxxxxxxxxxxxxxxxxxxxxxxxxxxxxxxxxxxxxxxxxxxxxxxxxxxxxxxxxxxxxxxxxxxxxxxxxxxxxxxxxxxxxxxxxxxxxxxxxxxxxxxxxxxxxxxxxxxxxxxxxxxxxxxxxxxxxxxxxxxxxxxxxxxxxxxxxxxxxxxxxxxxxxxxxxxxxxxxxxxxxxxxxxxxxxxxxxxxxxxxxxxxxxxxxxxxxxxxxxxxxxxxxxxxxxxxxxxxxxxxxxxxxxxxxxxxxxxxxxxxxxxxxxxxxxxxxxxxxxxxxxxxxxxxxxxxxxxxxxxxxxxxxxxxxxxxxxxxxxxxxxxxxxxxxxxxxxxxxxxxxxxxxxxxxxxxxxxxxxxxxxxxxxxxxxxxxxxxxxxxxxxxxxxxxxxxxxxxxxxxxxxxxxxxxxxxxxxxxxxxxxxxxxxxxxxxxxxxxxxxxxxxxxxxxxxxxxxxxxxxxxxxxxxxxxxxxxxxxxxxxxxxxxxxxxxxxxxxxxxxxxxxxxxxxxxxxxxxxxxxxxxxxxxxxxxxxxxxxxxxxxxxxxxxxxxxxxxxxxxxxxxxxxxxxxxxxxxxxxxxxxxxxxxxxxxxxxxxxxxxxxxxxxxxxxxxxxxxxxxxxxxxxxxxxxxxxxxxxxxxxxxxxxxxxxxxxxxxxxxxxxxxxxxxxxxxxxxxxxxxxxxxxxxxxxxxxxxxxxxxxxxxxxxxxxxxxxxxxxxxxxxxxxxxxxxxxxxxxxxxxxxxxxxxxxxxxxxxxxxxxxxxxxxxxxxxxxxxxxxxxxxxxxxxxxxxxxxxxxxxxxxxxxxxxxxxxxxxxxxxxxxxxxxxxxxxxxxxxxxxxxxxxxxxxxxxxxxxxxxxxxxxxxxxxxxxxxxxxxxxxxxxxxxxxxxxxxxxxxxxxxxxxxxxxxxxxxxxxxxxxxxxxxxxxxxxxxxxxxxxxxxxxxxxxxxxxxxxxxxxxxxxxxxxxxxxxxxxxxxxxxxxxxxxxxxxxxxxxxxxxxxxxxxxxxxxxxxxxxxxxxxxxxxxxxxxxxxxxxxxxxxxxxxxxxxxxxxxxxxxxxxxxxxxxxxxxxxxxxxxxxxxxxxxxxxxxxxxxxxxxxxxxxxxxxxxxxxxxxxxxxxxxxxxxxxxxxxxxxxxxxxxxxxxxxxxxxxxxxxxxxxxxxxxxxxxxxxxxxxxxxxxxxxxxxxxxxxxxxxxxxxxxxxxxxxxxxxxxxxxxxxxxxxxxxxxxxxxxxxxxxxxxxxxxxxxxxxxxxxxxxxxxxxxxxxxxxxxxxxxxxxxxxxxxxxxxxxxxxxxxxxxxxxxxxxxxxxxxxxxxxxxxxxxxxxxxxxxxxxxxxxxxxxxxxxxxxxxxxxxxxxxxxxxxxxxxxxxxxxxxxxxxxxxxxxxxxxxxxxxxxxxxxxxxxxxxxxxxxxxxxxxxxxxxxxxxxxxxxxxxxxxxxxxxxxxxxxxxxxxxxxxxxxxxxxxxxxxxxxxxxxxxxxxxxxxxxxxxxxxxxxxxxxxxxxxxxxxxxxxxxxxxxxxxxxxxxxxxxxxxxxxxxxxxxxxxxxxxxxxxxxxxxxxxxxxxxxxxxxxxxxxxxxxxxxxxxxxxxxxxxxxxxxxxxxxxxxxxxxxxxxxxxxxxxxxxxxxxxxxxxxxxxxxxxxxxxxxxxxxxxxxxxxxxxxxxxxxxxxxxxxxxxxxxxxxxxxxxxxxxxxxxxxxxxxxxxxxxxxxxxxxxxxxxxxxxxxxxxxxxxxxxxxxxxxxxxxxxxxxxxxxxxxxxxxxxxxxxxxxxxxxxxxxxxxxxxxxxxxxxxxxxxxxxxxxxxxxxxxxxxxxxxxxxxxxxxxxxxxxxxxxxxxxxxxxxxxxxxxxxxxxxxxxxxxxxxxxxxxxxxxxxxxxxxxxxxxxxxxxxxxxxxxxxxxxxxxxxxxxxxxxxxxxxxxxxxxxxxxxxxxxxxxxxxxxxxxxxxxxxxxxxxxxxxxxxxxxxxxxxxxxxxxxxxxxxxxxxxxxxxxxxxxxxxxxxxxxxxxxxxxxxxxxxxxxxxxxxxxxxxxxxxxxxxxxxxxxxxxxxxxxxxxxxxxxxxxxxxxxxxxxxxxxxxxxxxxxxxxxxxxxxxxxxxxxxxxxxxxxxxxxxxxxxxxxxxxxxxxxxxxxxxxxxxxxxxxxxxxxxxxxxxxxxxxxxxxxxxxxxxxxxxxxxxxxxxxxxxxxxxxxxxxxxxxxxxxxxxxxxxxxxxxxxxxxxxxxxxxxxxxxxxxxxxxxxxxxxxxxxxxxxxxxxxxxxxxxxxxxxxxxxxxxxxxxxxxxxxxxxxxxxxxxxxxxxxxxxxxxxxxxxxx","role":"xxxxxxxxxxxxxxxxxxxxxxxxxxxxxxxxxxxxxxxxxxxxxxxxxxxxxxxxxxxxxxxxxxxxxxxxxxxxxxxxxxxxxxxxxxxxxxxxxxxxxxxxxxxxxxxxxxxxxxxxxxxxxxxxxxxxxxxxxxxxxxxxxxxxxxxxxxxxxxxxxxxxxxxxxxxxxxxxxxxxxxxxxxxxxxxxxxxxxxxxxxxxxxxxxxxxxxxxxxxxxxxxxxxxxxxxxxxxxxxxxxxxxxxxxxxxxxxxxxxxxxxxxxxxxxxxxxxxxxxxxxxxxxxxxxxxxxxxxxxxxxxxxxxxxxxxxxxxxxxxxxxxxxxxxxxxxxxxxxxxxxxxxxxxxxxxxxxxxxxxxxxxxxxxxxxxxxxxxxxxxxxxxxxxxxxxxxxxxxxxxxxxxxxxxxxxxxxxxxxxxxxxxxxxxxxxxxxxxxxxxxxxxxxxxxxxxxxxxxxxxxxxxxxxxxxxxxxxxxxxxxxxxxxxxxxxxxxxxxxxxxxxxxxxxxxxxxxxxxxxxxxxxxxxxxxxxxxxxxxxxxxxxxxxxxxxxxxxxxxxxxxxxxxxxxxxxxxxxxxxxxxxxxxxxxxxxxxxxxxxxxxxxxxxxxxxxxxxxxxxxxxxxxxxxxxxxxxxxxxxxxxxxxxxxxxxxxxxxxxxxxxxxxxxxxxxxxxxxxxxxxxxxxxxxxxxxxxxxxxxxxxxxxxxxxxxxxxxxxxxxxxxxxxxxxxxxxxxxxxxxxxxxxxxxxxxxxxxxxxxxxxxxxxxxxxxxxxxxxxxxxxxxxxxxxxxxxxxxxxxxxxxxxxxxxxxxxxxxxxxxxxxxxxxxxxxxxxxxxxxxxxxxxxxxxxxxxxxxxxxxxxxxxxxxxxxxxxxxxxxxxxxxxxxxxxxxxxxxxxxxxxxxxxxxxxxxxxxxxxxxxxxxxxxxxxxxxxxxxxxxxxxxxxxxxxxxxxxxxxxxxxxxxxxxxxxxxxxxxxxxxxxxxxxxxxxxxxxxxxxxxxxxxxxxxxxxxxxxxxxxxxxxxxxxxxxxxxxxxxxxxxxxxxxxxxxxxxxxxxxxxxxxxxxxxxxxxxxxxxxxxxxxxxxxxxxxxxxxxxxxxxxxxxxxxxxxxxxxxxxxxxxxxxxxxxxxxxxxxxxxxxxxxxxxxxxxxxxxxxxxxxxxxxxxxxxxxxxxxxxxxxxxxxxxxxxxxxxxxxxxxxxxxxxxxxxxxxxxxxxxxxxxxxxxxxxxxxxxxxxxxxxxxxxxxxxxxxxxxxxxxxxxxxxxxxxxxxxxxxxxxxxxxxxxxxxxxxxxxxxxxxxxxxxxxxxxxxxxxxxxxxxxxxxxxxxxxxxxxxxxxxxxxxxxxxxxxxxxxxxxxxxxxxxxxxxxxxxxxxxxxxxxxxxxxxxxxxxxxxxxxxxxxxxxxxxxxxxxxxxxxxxxxxxxxxxxxxxxxxxxxxxxxxxxxxxxxxxxxxxxxxxxxxxxxxxxxxxxxxxxxxxxxxxxxxxxxxxxxxxxxxxxxxxxxxxxxxxxxxxxxxxxxxxxxxxxxxxxxxxxxxxxxxxxxxxxxxxxxxxxxxxxxxxxxxxxxxxxxxxxxxxxxxxxxxxxxxxxxxxxxxxxxxxxxxxxxxxxxxxxxxxxxxxxxxxxxxxxxxxxxxxxxxxxxxxxxxxxxxxxxxxxxxxxxxxxxxxxxxxxxxxxxxxxxxxxxxxxxxxxxxxxxxxxxxxxxxxxxxxxxxxxxxxxxxxxxxxxxxxxxxxxxxxxxxxxxxxxxxxxxxxxxxxxxxxxxxxxxxxxxxxxxxxxxxxxxxxxxxxxxxxxxxxxxxxxxxxxxxxxxxxxxxxxxxxxxxxxxxxxxxxxxxxxxxxxxxxxxxxxxxxxxxxxxxxxxxxxxxxxxxxxxxxxxxxxxxxxxxxxxxxxxxxxxxxxxxxxxxxxxxxxxxxxxxxxxxxxxxxxxxxxxxxxxxxxxxxxxxxxxxxxxxxxxxxxxxxxxxxxxxxxxxxxxxxxxxxxxxxxxxxxxxxxxxxxxxxxxxxxxxxxxxxxxxxxxxxxxxxxxxxxxxxxxxxxxxxxxxxxxxxxxxxxxxxxxxxxxxxxxxxxxxxxxxxxxxxxxxxxxxxxxxxxxxxxxxxxxxxxxxxxxxxxxxxxxxxxxxxxxxxxxxxxxxxxxxxxxxxxxxxxxxxxxxxxxxxxxxxxxxxxxxxxxxxxxxxxxxxxxxxxxxxxxxxxxxxxxxxxxxxxxxxxxxxxxxxxxxxxxxxxxxxxxxxxxxxxxxxxxxxxxxxxxxxxxxxxxxxxxxxxxxxxxxxxxxxxxxxxxxxxxxxxxxxxxxxxxxxxxxxxxxxxxxxxxxxxxxxxxxxxxxxxxxxxxxxxxxxxxxxxxxxxxxxxxxxxxxxxxxxxxxxxxxxxxxxxxxxxxxxxxxxxxxxxxxxxxxxxxxxxxxxxxxxxxxxxxxxxxxxxxxxxxxxxxxxxxxxxxxxxxxxxxxxxxxxxxxxxxxxxxxxxxxxxxxxxxxxxxxxxxxxxxxxxxxxxxxxxxxxxxxxxxxxxxxxxxxxxxxxxxxxxxxxxxxxxxxxxxxxxxxxxxxxxxxxxxxxxxxxxxxxxxxxxxxxxxxxxxxxxxxxxxxxxxxxxxxxxxxxxxxxxxxxxxxxxxxxxxxxxxxxxxxxxxxxxxxxxxxxxxxxxxxxxxxxxxxxxxxxxxxxxxxxxxxxxxxxxxxxxxxxxxxxxxxxxxxxxxxxxxxxxxxxxxxxxxxxxxxxxxxxxxxxxxxxxxxxxxxxxxxxxxxxxxxxxxxxxxxxxxxxxxxxxxxxxxxxxxxxxxxxxxxxxxxxxxxxxxxxxxxxxxxxxxxxxxxxxxxxxxxxxxxxxxxxxxxxxxxxxxxxxxxxxxxxxxxxxxxxxxxxxxxxxxxxxxxxxxxxxxxxxxxxxxxxxxxxxxxxxxxxxxxxxxxxxxxxxxxxxxxxxxxxxxxxxxxxxxxxxxxxxxxxxxxxxxxxxxxxxxxxxxxxxxxxxxxxxxxxxxxxxxxxxxxxxxxxxxxxxxxxxxxxxxxxxxxxxxxxxxxxxxxxxxxxxxxxxxxxxxxxxxxxxxxxxxxxxxxxxxxxxxxxxxxxxxxxxxxxxxxxxxxxxxxxxxxxxxxxxxxxxxxxxxxxxxxxxxxxxxxxxxxxxxxxxxxxxxxxxxxxxxxxxxxxxxxxxxxxxxxxxxxxxxxxxxxxxxxxxxxxxxxxxxxxxxxxxxxxxxxxxxxxxxxxxxxxxxxxxxxxxxxxxxxxxxxxxxxxxxxxxxxxxxxxxxxxxxxxxxxxxxxxxxxxxxxxxxxxxxxxxxxxxxxxxxxxxxxxxxxxxxxxxxxxxxxxxxxxxxxxxxxxxxxxxxxxxxxxxxxxxxxxxxxxxxxxxxxxxxxxxxxxxxxxxxxxxxxxxxxxxxxxxxxxxxxxxxxxxxxxxxxxxxxxxxxxxxxxxxxxxxxxxxxxxxxxxxxxxxxxxxxxxxxxxxxxxxxxxxxxxxxxxxxxxxxxxxxxxxxxxxxxxxxxxxxxxxxxxxxxxxxxxxxxxxxxxxxxxxxxxxxxxxxxxxxxxxxxxxxxxxxxxxxxxxxxxxxxxxxxxxxxxxxxxxxxxxxxxxxxxxxxxxxxxxxxxxxxxxxxxxxxxxxxxxxxxxxxxxxxxxxxxxxxxxxxxxxxxxxxxxxxxxxxxxxxxxxxxxxxxxxxxxxxxxxxxxxxxxxxxxxxxxxxxxxxxxxxxxxxxxxxxxxxxxxxxxxxxxxxxxxxxxxxxxxxxxxxxxxxxxxxxxxxxxxxxxxxxxxxxxxxxxxxxxxxxxxxxxxxxxxxxxxxxxxxxxxxxxxxxxxxxxxxxxxxxxxxxxxxxxxxxxxxxxxxxxxxxxxxxxxxxxxxxxxxxxxxxxxxxxxxxxxxxxxxxxxxxxxxxxxxxxxxxxxxxxxxxxxxxxxxxxxxxxxxxxxxxxxxxxxxxxxxxxxxxxxxxxxxxxxxxxxxxxxxxxxxxxxxxxxxxxxxxxxxxxxxxxxxxxxxxxxxxxxxxxxxxxxxxxxxxxxxxxxxxxxxxxxxxxxxxxxxxxxxxxxxxxxxxxxxxxxxxxxxxxxxxxxxxxxxxxxxxxxxxxxxxxxxxxxxxxxxxxxxxxxxxxxxxxxxxxxxxxxxxxxxxxxxxxxxxxxxxxxxxxxxxxxxxxxxxxxxxxxxxxxxxxxxxxxxxxxxxxxxxxxxxxxxxxxxxxxxxxxxxxxxxxxxxxxxxxxxxxxxxxxxxxxxxxxxxxxxxxxxxxxxxxxxxxxxxxxxxxxxxxxxxxxxxxxxxxxxxxxxxxxxxxxxxxxxxxxxxxxxxxxxxxxxxxxxxxxxxxxxxxxxxxxxxxxxxxxxxxxxxxxxxxxxxxxxxxxxxxxxxxxxxxxxxxxxxxxxxxxxxxxxxxxxxxxxxxxxxxxxxxxxxxxxxxxxxxxxxxxxxxxxxxxxxxxxxxxxxxxxxxxxxxxxxxxxxxxxxxxxxxxxxxxxxxxxxxxxxxxxxxxxxxxxxxxxxxxxxxxxxxxxxxxxxxxxxxxxxxxxxxxxxxxxxxxxxxxxxxxxxxxxxxxxxxxxxxxxxxxxxxxxxxxxxxxxxxxxxxxxxxxxxxxxxxxxxxxxxxxxxxxxxxxxxxxxxxxxxxxxxxxxxxxxxxxxxxxxxxxxxxxxxxxxxxxxxxxxxxxxxxxxxxxxxxxxxxxxxxxxxxxxxxxxxxxxxxxxxxxxxxxxxxxxxxxxxxxxxxxxxxxxxxxxxxxxxxxxxxxxxxxxxxxxxxxxxxxxxxxxxxxxxxxxxxxxxxxxxxxxxxxxxxxxxxxxxxxxxxxxxxxxxxxxxxxxxxxxxxxxxxxxxxxxxxxxxxxxxxxxxxxxxxxxxxxxxxxxxxxxxxxxxxxxxxxxxxxxxxxxxxxxxxxxxxxxxxxxxxxxxxxxxxxxxxxxxxxxxxxxxxxxxxxxxxxxxxxxxxxxxxxxxxxxxxxxxxxxxxxxxxxxxxxxxxxxxxxxxxxxxxxxxxxxxxxxxxxxxxxxxxxxxxxxxxxxxxxxxxxxxxxxxxxxxxxxxxxxxxxxxxxxxxxxxxxxxxxxxxxxxxxxxxxxxxxxxxxxxxxxxxxxxxxxxxxxxxxxxxxxxxxxxxxxxxxxxxxxxxxxxxxxxxxxxxxxxxxxxxxxxxxxxxxxxxxxxxxxxxxxxxxxxxxxxxxxxxxxxxxxxxxxxxxxxxxxxxxxxxxxxxxxxxxxxxxxxxxxxxxxxxxxxxxxxxxxxxxxxxxxxxxxxxxxxxxxxxxxxxxxxxxxxxxxxxxxxxxxxxxxxxxxxxxxxxxxxxxxxxxxxxxxxxxxxxxxxxxxxxxxxxxxxxxxxxxxxxxxxxxxxxxxxxxxxxxxxxxxxxxxxxxxxxxxxxxxxxxxxxxxxxxxxxxxxxxxxxxxxxxxxxxxxxxxxxxxxxxxxxxxxxxxxxxxxxxxxxxxxxxxxxxxxxxxxxxxxxxxxxxxxxxxxxxxxxxxxxxxxxxxxxxxxxxxxxxxxxxxxxxxxxxxxxxxxxxxxxxxxxxxxxxxxxxxxxxxxxxxxxxxxxxxxxxxxxxxxxxxxxxxxxxxxxxxxxxxxxxxxxxxxxxxxxxxxxxxxxxxxxxxxxxxxxxxxxxxxxxxxxxxxxxxxxxxxxxxxxxxxxxxxxxxxxxxxxxxxxxxxxxxxxxxxxxxxxxxxxxxxxxxxxxxxxxxxxxxxxxxxxxxxxxxxxxxxxxxxxxxxxxxxxxxxxxxxxxxxxxxxxxxxxxxxxxxxxxxxxxxxxxxxxxxxxxxxxxxxxxxxxxxxxxxxxxxxxxxxxxxxxxxxxxxxxxxxxxxxxxxxxxxxxxxxxxxxxxxxxxxxxxxxxxxxxxxxxxxxxxxxxxxxxxxxxxxxxxxxxxxxxxxxxxxxxxxxxxxxxxxxxxxxxxxxxxxxxxxxxxxxxxxxxxxxxxxxxxxxxxxxxxxxxxxxxxxxxxxxxxxxxxxxxxxxxxxxxxxxxxxxxxxxxxxxxxxxxxxxxxxxxxxxxxxxxxxxxxxxxxxxxxxxxxxxxxxxxxxxxxxxxxxxxxxxxxxxxxxxxxxxxxxxxxxxxxxxxxxxxxxxxxxxxxxxxxxxxxxxxxxxxxxxxxxxxxxxxxxxxxxxxxxxxxxxxxxxxxxxxxxxxxxxxxxxxxxxxxxxxxxxxxxxxxxxxxxxxxxxxxxxxxxxxxxxxxxxxxxxxxxxxxxxxxxxxxxxxxxxxxxxxxxxxxxxxxxxxxxxxxxxxxxxxxxxxxxxxxxxxxxxxxxxxxxxxxxxxxxxxxxxxxxxxxxxxxxxxxxxxxxxxxxxxxxxxxxxxxxxxxxxxxxxxxxxxxxxxxxxxxxxxxxxxxxxxxxxxxxxxxxxxxxxxxxxxxxxxxxxxxxxxxxxxxxxxxxxxxxxxxxxxxxxxxxxxxxxxxxxxxxxxxxxxxxxxxxxxxxxxxxxxxxxxxxxxxxxxxxxxxxxxxxxxxxxxxxxxxxxxxxxxxxxxxxxxxxxxxxxxxxxxxxxxxxxxxxxxxxxxxxxxxxxxxxxxxxxxxxxxxxxxxxxxxxxxxxxxxxxxxxxxxxxxxxxxxxxxxxxxxxxxxxxxxxxxxxxxxxxxxxxxxxxxxxxxxxxxxxxxxxxxxxxxxxxxxxxxxxxxxxxxxxxxxxxxxxxxxxxxxxxxxxxxxxxxxxxxxxxxxxxxxxxxxxxxxxxxxxxxxxxxxxxxxxxxxxxxxxxxxxxxxxxxxxxxxxxxxxxxxxxxxxxxxxxxxxxxxxxxxxxxxxxxxxxxxxxxxxxxxxxxxxxxxxxxxxxxxxxxxxxxxxxxxxxxxxxxxxxxxxxxxxxxxxxxxxxxxxxxxxxxxxxxxxxxxxxxxxxxxxxxxxxxxxxxxxxxxxxxxxxxxxxxxxxxxxxxxxxxxxxxxxxxxxxxxxxxxxxxxxxxxxxxxxxxxxxxxxxxxxxxxxxxxxxxxxxxxxxxxxxxxxxxxxxxxxxxxxxxxxxxxxxxxxxxxxxxxxxxxxxxxxxxxxxxxxxxxxxxxxxxxxxxxxxxxxxxxxxxxxxxxxxxxxxxxxxxxxxxxxxxxxxxxxxxxxxxxxxxxxxxxxxxxxxxxxxxxxxxxxxxxxxxxxxxxxxxxxxxxxxxxxxxxxxxxxxxxxxxxxxxxxxxxxxxxxxxxxxxxxxxxxxxxxxxxxxxxxxxxxxxxxxxxxxxxxxxxxxxxxxxxxxxxxxxxxxxxxxxxxxxxxxxxxxxxxxxxxxxxxxxxxxxxxxxxxxxxxxxxxxxxxxxxxxxxxxxxxxxxxxxxxxxxxxxxxxxxxxxxxxxxxxxxxxxxxxxxxxxxxxxxxxxxxxxxxxxxxxxxxxxxxxxxxxxxxxxxxxxxxxxxxxxxxxxxxxxxxxxxxxxxxxxxxxxxxxxxxxxxxxxxxxxxxxxxxxxxxxxxxxxxxxxxxxxxxxxxxxxxxxxxxxxxxxxxxxxxxxxxxxxxxxxxxxxxxxxxxxxxxxxxxxxxxxxxxxxxxxxxxxxxxxxxxxxxxxxxxxxxxxxxxxxxxxxxxxxxxxxxxxxxxxxxxxxxxxxxxxxxxxxxxxxxxxxxxxxxxxxxxxxxxxxxxxxxxxxxxxxxxxxxxxxxxxxxxxxxxxxxxxxxxxxxxxxxxxxxxxxxxxxxxxxxxxxxxxxxxxxxxxxxxxxxxxxxxxxxxxxxxxxxxxxxxxxxxxxxxxxxxxxxxxxxxxxxxxxxxxxxxxxxxxxxxxxxxxxxxxxxxxxxxxxxxxxxxxxxxxxxxxxxxxxxxxxxxxxxxxxxxxxxxxxxxxxxxxxxxxxxxxxxxxxxxxxxxxxxxxxxxxxxxxxxxxxxxxxxxxxxxxxxxxxxxxxxxxxxxxxxxxxxxxxxxxxxxxxxxxxxxxxxxxxxxxxxxxxxxxxxxxxxxxxxxxxxxxxxxxxxxxxxxxxxxxxxxxxxxxxxxxxxxxxxxxxxxxxxxxxxxxxxxxxxxxxxxxxxxxxxxxxxxxxxxxxxxxxxxxxxxxxxxxxxxxxxxxxxxxxxxxxxxxxxxxxxxxxxxxxxxxxxxxxxxxxxxxxxxxxxxxxxxxxxxxxxxxxxxxxxxxxxxxxxxxxxxxxxxxxxxxxxxxxxxxxxxxxxxxxxxxxxxxxxxxxxxxxxxxxxxxxxxxxxxxxxxxxxxxxxxxxxxxxxxxxxxxxxxxxxxxxxxxxxxxxxxxxxxxxxxxxxxxxxxxxxxxxxxxxxxxxxxxxxxxxxxxxxxxxxxxxxxxxxxxxxxxxxxxxxxxxxxxxxxxxxxxxxxxxxxxxxxxxxxxxxxxxxxxxxxxxxxxxxxxxxxxxxxxxxxxxxxxxxxxxxxxxxxxxxxxxxxxxxxxxxxxxxxxxxxxxxxxxxxxxxxxxxxxxxxxxxxxxxxxxxxxxxxxxxxxxxxxxxxxxxxxxxxxxxxxxxxxxxxxxxxxxxxxxxxxxxxxxxxxxxxxxxxxxxxxxxxxxxxxxxxxxxxxxxxxxxxxxxxxxxxxxxxxxxxxxxxxxxxxxxxxxxxxxxxxxxxxxxxxxxxxxxxxxxxxxxxxxxxxxxxxxxxxxxxxxxxxxxxxxxxxxxxxxxxxxxxxxxxxxxxxxxxxxxxxxxxxxxxxxxxxxxxxxxxxxxxxxxxxxxxxxxxxxxxxxxxxxxxxxxxxxxxxxxxxxxxxxxxxxxxxxxxxxxxxxxxxxxxxxxxxxxxxxxxxxxxxxxxxxxxxxxxxxxxxxxxxxxxxxxxxxxxxxxxxxxxxxxxxxxxxxxxxxxxxxxxxxxxxxxxxxxxxxxxxxxxxxxxxxxxxxxxxxxxxxxxxxxxxxxxxxxxxxxxxxxxxxxxxxxxxxxxxxxxxxxxxxxxxxxxxxxxxxxxxxxxxxxxxxxxxxxxxxxxxxxxxxxxxxxxxxxxxxxxxxxxxxxxxxxxxxxxxxxxxxxxxxxxxxxxxxxxxxxxxxxxxxxxxxxxxxxxxxxxxxxxxxxxxxxxxxxxxxxxxxxxxxxxxxxxxxxxxxxxxxxxxxxxxxxxxxxxxxxxxxxxxxxxxxxxxxxxxxxxxxxxxxxxxxxxxxxxxxxxxxxxxxxxxxxxxxxxxxxxxxxxxxxxxxxxxxxxxxxxxxxxxxxxxxxxxxxxxxxxxxxxxxxxxxxxxxxxxxxxxxxxxxxxxxxxxxxxxxxxxxxxxxxxxxxxxxxxxxxxxxxxxxxxxxxxxxxxxxxxxxxxxxxxxxxxxxxxxxxxxxxxxxxxxxxxxxxxxxxxxxxxxxxxxxxxxxxxxxxxxxxxxxxxxxxxxxxxxxxxxxxxxxxxxxxxxxxxxxxxxxxxxxxxxxxxxxxxxxxxxxxxxxxxxxxxxxxxxxxxxxxxxxxxxxxxxxxxxxxxxxxxxxxxxxxxxxxxxxxxxxxxxxxxxxxxxxxxxxxxxxxxxxxxxxxxxxxxxxxxxxxxxxxxxxxxxxxxxxxxxxxxxxxxxxxxxxxxxxxxxxxxxxxxxxxxxxxxxxxxxxxxxxxxxxxxxxxxxxxxxxxxxxxxxxxxxxxxxxxxxxxxxxxxxxxxxxxxxxxxxxxxxxxxxxxxxxxxxxxxxxxxxxxxxxxxxxxxxxxxxxxxxxxxxxxxxxxxxxxxxxxxxxxxxxxxxxxxxxxxxxxxxxxxxxxxxxxxxxxxxxxxxxxxxxxxxxxxxxxxxxxxxxxxxxxxxxxxxxxxxxxxxxxxxxxxxxxxxxxxxxxxxxxxxxxxxxxxxxxxxxxxxxxxxxxxxxxxxxxxxxxxxxxxxxxxxxxxxxxxxxxxxxxxxxxxxxxxxxxxxxxxxxxxxxxxxxxxxxxxxxxxxxxxxxxxxxxxxxxxxxxxxxxxxxxxxxxxxxxxxxxxxxxxxxxxxxxxxxxxxxxxxxxxxxxxxxxxxxxxxxxxxxxxxxxxxxxxxxxxxxxxxxxxxxxxxxxxxxxxxxxxxxxxxxxxxxxxxxxxxxxxxxxxxxxxxxxxxxxxxxxxxxxxxxxxxxxxxxxxxxxxxxxxxxxxxxxxxxxxxxxxxxxxxxxxxxxxxxxxxxxxxxxxxxxxxxxxxxxxxxxxxxxxxxxxxxxxxxxxxxxxxxxxxxxxxxxxxxxxxxxxxxxxxxxxxxxxxxxxxxxxxxxxxxxxxxxxxxxxxxxxxxxxxxxxxxxxxxxxxxxxxxxxxxxxxxxxxxxxxxxxxxxxxxxxxxxxxxxxxxxxxxxxxxxxxxxxxxxxxxxxxxxxxxxxxxxxxxxxxxxxxxxxxxxxxxxxxxxxxxxxxxxxxxxxxxxxxxxxxxxxxxxxxxxxxxxxxxxxxxxxxxxxxxxxxxxxxxxxxxxxxxxxxxxxxxxxxxxxxxxxxxxxxxxxxxxxxxxxxxxxxxxxxxxxxxxxxxxxxxxxxxxxxxxxxxxxxxxxxxxxxxxxxxxxxxxxxxxxxxxxxxxxxxxxxxxxxxxxxxxxxxxxxxxxxxxxxxxxxxxxxxxxxxxxxxxxxxxxxxxxxxxxxxxxxxxxxxxxxxxxxxxxxxxxxxxxxxxxxxxxxxxxxxxxxxxxxxxxxxxxxxxxxxxxxxxxxxxxxxxxxxxxxxxxxxxxxxxxxxxxxxxxxxxxxxxxxxxxxxxxxxxxxxxxxxxxxxxxxxxxxxxxxxxxxxxxxxxxxxxxxxxxxxxxxxxxxxxxxxxxxxxxxxxxxxxxxxxxxxxxxxxxxxxxxxxxxxxxxxxxxxxxxxxxxxxxxxxxxxxxxxxxxxxxxxxxxxxxxxxxxxxxxxxxxxxxxxxxxxxxxxxxxxxxxxxxxxxxxxxxxxxxxxxxxxxxxxxxxxxxxxxxxxxxxxxxxxxxxxxxxxxxxxxxxxxxxxxxxxxxxxxxxxxxxxxxxxxxxxxxxxxxxxxxxxxxxxxxxxxxxxxxxxxxxxxxxxxxxxxxxxxxxxxxxxxxxxxxxxxxxxxxxxxxxxxxxxxxxxxxxxxxxxxxxxxxxxxxxxxxxxxxxxxxxxxxxxxxxxxxxxxxxxxxxxxxxxxxxxxxxxxxxxxxxxxxxxxxxxxxxxxxxxxxxxxxxxxxxxxxxxxxxxxxxxxxxxxxxxxxxxxxxxxxxxxxxxxxxxxxxxxxxxxxxxxxxxxxxxxxxxxxxxxxxxxxxxxxxxxxxxxxxxxxxxxxxxxxxxxxxxxxxxxxxxxxxxxxxxxxxxxxxxxxxxxxxxxxxxxxxxxxxxxxxxxxxxxxxxxxxxxxxxxxxxxxxxxxxxxxxxxxxxxxxxxxxxxxxxxxxxxxxxxxxxxxxxxxxxxxxxxxxxxxxxxxxxxxxxxxxxxxxxxxxxxxxxxxxxxxxxxxxxxxxxxxxxxxxxxxxxxxxxxxxxxxxxxxxxxxxxxxxxxxxxxxxxxxxxxxxxxxxxxxxxxxxxxxxxxxxxxxxxxxxxxxxxxxxxxxxxxxxxxxxxxxxxxxxxxxxxxxxxxxxxxxxxxxxxxxxxxxxxxxxxxxxxxxxxxxxxxxxxxxxxxxxxxxxxxxxxxxxxxxxxxxxxxxxxxxxxxxxxxxxxxxxxxxxxxxxxxxxxxxxxxxxxxxxxxxxxxxxxxxxxxxxxxxxxxxxxxxxxxxxxxxxxxxxxxxxxxxxxxxxxxxxxxxxxxxxxxxxxxxxxxxxxxxxxxxxxxxxxxxxxxxxxxxxxxxxxxxxxxxxxxxxxxxxxxxxxxxxxxxxxxxxxxxxxxxxxxxxxxxxxxxxxxxxxxxxxxxxxxxxxxxxxxxxxxxxxxxxxxxxxxxxxxxxxxxxxxxxxxxxxxxxxxxxxxxxxxxxxxxxxxxxxxxxxxxxxxxxxxxxxxxxxxxxxxxxxxxxxxxxxxxxxxxxxxxxxxxxxxxxxxxxxxxxxxxxxxxxxxxxxxxxxxxxxxxxxxxxxxxxxxxxxxxxxxxxxxxxxxxxxxxxxxxxxxxxxxxxxxxxxxxxxxxxxxxxxxxxxxxxxxxxxxxxxxxxxxxxxxxxxxxxxxxxxxxxxxxxxxxxxxxxxxxxxxxxxxxxxxxxxxxxxxxxxxxxxxxxxxxxxxxxxxxxxxxxxxxxxxxxxxxxxxxxxxxxxxxxxxxxxxxxxxxxxxxxxxxxxxxxxxxxxxxxxxxxxxxxxxxxxxxxxxxxxxxxxxxxxxxxxxxxxxxxxxxxxxxxxxxxxxxxxxxxxxxxxxxxxxxxxxxxxxxxxxxxxxxxxxxxxxxxxxxxxxxxxxxxxxxxxxxxxxxxxxxxxxxxxxxxxxxxxxxxxxxxxxxxxxxxxxxxxxxxxxxxxxxxxxxxxxxxxxxxxxxxxxxxxxxxxxxxxxxxxxxxxxxxxxxxxxxxxxxxxxxxxxxxxxxxxxxxxxxxxxxxxxxxxxxxxxxxxxxxxxxxxxxxxxxxxxxxxxxxxxxxxxxxxxxxxxxxxxxxxxxxxxxxxxxxxxxxxxxxxxxxxxxxxxxxxxxxxxxxxxxxxxxxxxxxxxxxxxxxxxxxxxxxxxxxxxxxxxxxxxxxxxxxxxxxxxxxxxxxxxxxxxxxxxxxxxxxxxxxxxxxxxxxxxxxxxxxxxxxxxxxxxxxxxxxxxxxxxxxxxxxxxxxxxxxxxxxxxxxxxxxxxxxxxxxxxxxxxxxxxxxxxxxxxxxxxxxxxxxxxxxxxxxxxxxxxxxxxxxxxxxxxxxxxxxxxxxxxxxxxxxxxxxxxxxxxxxxxxxxxxxxxxxxxxxxxxxxxxxxxxxxxxxxxxxxxxxxxxxxxxxxxxxxxxxxxxxxxxxxxxxxxxxxxxxxxxxxxxxxxxxxxxxxxxxxxxxxxxxxxxxxxxxxxxxxxxxxxxxxxxxxxxxxxxxxxxxxxxxxxxxxxxxxxxxxxxxxxxxxxxxxxxxxxxxxxxxxxxxxxxxxxxxxxxxxxxxxxxxxxxxxxxxxxxxxxxxxxxxxxxxxxxxxxxxxxxxxxxxxxxxxxxxxxxxxxxxxxxxxxxxxxxxxxxxxxxxxxxxxxxxxxxxxxxxxxxxxxxxxxxxxxxxxxxxxxxxxxxxxxxxxxxxxxxxxxxxxxxxxxxxxxxxxxxxxxxxxxxxxxxxxxxxxxxxxxxxxxxxxxxxxxxxxxxxxxxxxxxxxxxxxxxxxxxxxxxxxxxxxxxxxxxxxxxxxxxxxxxxxxxxxxxxxxxxxxxxxxxxxxxxxxxxxxxxxxxxxxxxxxxxxxxxxxxxxxxxxxxxxxxxxxxxxxxxxxxxxxxxxxxxxxxxxxxxxxxxxxxxxxxxxxxxxxxxxxxxxxxxxxxxxxxxxxxxxxxxxxxxxxxxxxxxxxxxxxxxxxxxxxxxxxxxxxxxxxxxxxxxxxxxxxxxxxxxxxxxxxxxxxxxxxxxxxxxxxxxxxxxxxxxxxxxxxxxxxxxxxxxxxxxxxxxxxxxxxxxxxxxxxxxxxxxxxxxxxxxxxxxxxxxxxxxxxxxxxxxxxxxxxxxxxxxxxxxxxxxxxxxxxxxxxxxxxxxxxxxxxxxxxxxxxxxxxxxxxxxxxxxxxxxxxxxxxxxxxxxxxxxxxxxxxxxxxxxxxxxxxxxxxxxxxxxxxxxxxxxxxxxxxxxxxxxxxxxxxxxxxxxxxxxxxxxxxxxxxxxxxxxxxxxxxxxxxxxxxxxxxxxxxxxxxxxxxxxxxxxxxxxxxxxxxxxxxxxxxxxxxxxxxxxxxxxxxxxxxxxxxxxxxxxxxxxxxxxxxxxxxxxxxxxxxxxxxxxxxxxxxxxxxxxxxxxxxxxxxxxxxxxxxxxxxxxxxxxxxxxxxxxxxxxxxxxxxxxxxxxxxxxxxxxxxxxxxxxxxxxxxxxxxxxxxxxxxxxxxxxxxxxxxxxxxxxxxxxxxxxxxxxxxxxxxxxxxxxxxxxxxxxxxxxxxxxxxxxxxxxxxxxxxxxxxxxxxxxxxxxxxxxxxxxxxxxxxxxxxxxxxxxxxxxxxxxxxxxxxxxxxxxxxxxxxxxxxxxxxxxxxxxxxxxxxxxxxxxxxxxxxxxxxxxxxxxxxxxxxxxxxxxxxxxxxxxxxxxxxxxxxxxxxxxxxxxxxxxxxxxxxxxxxxxxxxxxxxxxxxxxxxxxxxxxxxxxxxxxxxxxxxxxxxxxxxxxxxxxxxxxxxxxxxxxxxxxxxxxxxxxxxxxxxxxxxxxxxxxxxxxxxxxxxxxxxxxxxxxxxxxxxxxxxxxxxxxxxxxxxxxxxxxxxxxxxxxxxxxxxxxxxxxxxxxxxxxxxxxxxxxxxxxxxxxxxxxxxxxxxxxxxxxxxxxxxxxxxxxxxxxxxxxxxxxxxxxxxxxxxxxxxxxxxxxxxxxxxxxxxxxxxxxxxxxxxxxxxxxxxxxxxxxxxxxxxxxxxxxxxxxxxxxxxxxxxxxxxxxxxxxxxxxxxxxxxxxxxxxxxxxxxxxxxxxxxxxxxxxxxxxxxxxxxxxxxxxxxxxxxxxxxxxxxxxxxxxxxxxxxxxxxxxxxxxxxxxxxxxxxxxxxxxxxxxxxxxxxxxxxxxxxxxxxxxxxxxxxxxxxxxxxxxxxxxxxxxxxxxxxxxxxxxxxxxxxxxxxxxxxxxxxxxxxxxxxxxxxxxxxxxxxxxxxxxxxxxxxxxxxxxxxxxxxxxxxxxxxxxxxxxxxxxxxxxxxxxxxxxxxxxxxxxxxxxxxxxxxxxxxxxxxxxxxxxxxxxxxxxxxxxxxxxxxxxxxxxxxxxxxxxxxxxxxxxxxxxxxxxxxxxxxxxxxxxxxxxxxxxxxxxxxxxxxxxxxxxxxxxxxxxxxxxxxxxxxxxxxxxxxxxxxxxxxxxxxxxxxxxxxxxxxxxxxxxxxxxxxxxxxxxxxxxxxxxxxxxxxxxxxxxxxxxxxxxxxxxxxxxxxxxxxxxxxxxxxxxxxxxxxxxxxxxxxxxxxxxxxxxxxxxxxxxxxxxxxxxxxxxxxxxxxxxxxxxxxxxxxxxxxxxxxxxxxxxxxxxxxxxxxxxxxxxxxxxxxxxxxxxxxxxxxxxxxxxxxxxxxxxxxxxxxxxxxxxxxxxxxxxxxxxxxxxxxxxxxxxxxxxxxxxxxxxxxxxxxxxxxxxxxxxxxxxxxxxxxxxxxxxxxxxxxxxxxxxxxxxxxxxxxxxxxxxxxxxxxxxxxxxxxxxxxxxxxxxxxxxxxxxxxxxxxxxxxxxxxxxxxxxxxxxxxxxxxxxxxxxxxxxxxxxxxxxxxxxxxxxxxxxxxxxxxxxxxxxxxxxxxxxxxxxxxxxxxxxxxxxxxxxxxxxxxxxxxxxxxxxxxxxxxxxxxxxxxxxxxxxxxxxxxxxxxxxxxxxxxxxxxxxxxxxxxxxxxxxxxxxxxxxxxxxxxxxxxxxxxxxxxxxxxxxxxxxxxxxxxxxxxxxxxxxxxxxxxxxxxxxxxxxxxxxxxxxxxxxxxxxxxxxxxxxxxxxxxxxxxxxxxxxxxxxxxxxxxxxxxxxxxxxxxxxxxxxxxxxxxxxxxxxxxxxxxxxxxxxxxxxxxxxxxxxxxxxxxxxxxxxxxxxxxxxxxxxxxxxxxxxxxxxxxxxxxxxxxxxxxxxxxxxxxxxxxxxxxxxxxxxxxxxxxxxxxxxxxxxxxxxxxxxxxxxxxxxxxxxxxxxxxxxxxxxxxxxxxxxxxxxxxxxxxxxxxxxxxxxxxxxxxxxxxxxxxxxxxxxxxxxxxxxxxxxxxxxxxxxxxxxxxxxxxxxxxxxxxxxxxxxxxxxxxxxxxxxxxxxxxxxxxxxxxxxxxxxxxxxxxxxxxxxxxxxxxxxxxxxxxxxxxxxxxxxxxxxxxxxxxxxxxxxxxxxxxxxxxxxxxxxxxxxxxxxxxxxxxxxxxxxxxxxxxxxxxxxxxxxxxxxxxxxxxxxxxxxxxxxxxxxxxxxxxxxxxxxxxxxxxxxxxxxxxxxxxxxxxxxxxxxxxxxxxxxxxxxxxxxxxxxxxxxxxxxxxxxxxxxxxxxxxxxxxxxxxxxxxxxxxxxxxxxxxxxxxxxxxxxxxxxxxxxxxxxxxxxxxxxxxxxxxxxxxxxxxxxxxxxxxxxxxxxxxxxxxxxxxxxxxxxxxxxxxxxxxxxxxxxxxxxxxxxxxxxxxxxxxxxxxxxxxxxxxxxxxxxxxxxxxxxxxxxxxxxxxxxxxxxxxxxxxxxxxxxxxxxxxxxxxxxxxxxxxxxxxxxxxxxxxxxxxxxxxxxxxxxxxxxxxxxxxxxxxxxxxxxxxxxxxxxxxxxxxxxxxxxxxxxxxxxxxxxxxxxxxxxxxxxxxxxxxxxxxxxxxxxxxxxxxxxxxxxxxxxxxxxxxxxxxxxxxxxxxxxxxxxxxxxxxxxxxxxxxxxxxxxxxxxxxxxxxxxxxxxxxxxxxxxxxxxxxxxxxxxxxxxxxxxxxxxxxxxxxxxxxxxxxxxxxxxxxxxxxxxxxxxxxxxxxxxxxxxxxxxxxxxxxxxxxxxxxxxxxxxxxxxxxxxxxxxxxxxxxxxxxxxxxxxxxxxxxxxxxxxxxxxxxxxxxxxxxxxxxxxxxxxxxxxxxxxxxxxxxxxxxxxxxxxxxxxxxxxxxxxxxxxxxxxxxxxxxxxxxxxxxxxxxxxxxxxxxxxxxxxxxxxxxxxxxxxxxxxxxxxxxxxxxxxxxxxxxxxxxxxxxxxxxxxxxxxxxxxxxxxxxxxxxxxxxxxxxxxxxxxxxxxxxxxxxxxxxxxxxxxxxxxxxxxxxxxxxxxxxxxxxxxxxxxxxxxxxxxxxxxxxxxxxxxxxxxxxxxxxxxxxxxxxxxxxxxxxxxxxxxxxxxxxxxxxxxxxxxxxxxxxxxxxxxxxxxxxxxxxxxxxxxxxxxxxxxxxxxxxxxxxxxxxxxxxxxxxxxxxxxxxxxxxxxxxxxxxxxxxxxxxxxxxxxxxxxxxxxxxxxxxxxxxxxxxxxxxxxxxxxxxxxxxxxxxxxxxxxxxxxxxxxxxxxxxxxxxxxxxxxxxxxxxxxxxxxxxxxxxxxxxxxxxxxxxxxxxxxxxxxxxxxxxxxxxxxxxxxxxxxxxxxxxxxxxxxxxxxxxxxxxxxxxxxxxxxxxxxxxxxxxxxxxxxxxxxxxxxxxxxxxxxxxxxxxxxxxxxxxxxxxxxxxxxxxxxxxxxxxxxxxxxxxxxxxxxxxxxxxxxxxxxxxxxxxxxxxxxxxxxxxxxxxxxxxxxxxxxxxxxxxxxxxxxxxxxxxxxxxxxxxxxxxxxxxxxxxxxxxxxxxxxxxxxxxxxxxxxxxxxxxxxxxxxxxxxxxxxxxxxxxxxxxxxxxxxxxxxxxxxxxxxxxxxxxxxxxxxxxxxxxxxxxxxxxxxxxxxxxxxxxxxxxxxxxxxxxxxxxxxxxxxxxxxxxxxxxxxxxxxxxxxxxxxxxxxxxxxxxxxxxxxxxxxxxxxxxxxxxxxxxxxxxxxxxxxxxxxxxxxxxxxxxxxxxxxxxxxxxxxxxxxxxxxxxxxxxxxxxxxxxxxxxxxxxxxxxxxxxxxxxxxxxxxxxxxxxxxxxxxxxxxxxxxxxxxxx","msg":"Creating new game match"}
{"level":40,"time":1774382618585,"pid":1603639,"hostname":"TempleOfZyminx","role":"xxxxxxxxxxxxxxxxxxxxxxxxxxxxxxxxxxxxxxxxxxxxxxxxxxxxxxxxxxxxxxxxxxxxxxxxxxxxxxxxxxxxxxxxxxxxxxxxxxxxxxxxxxxxxxxxxxxxxxxxxxxxxxxxxxxxxxxxxxxxxxxxxxxxxxxxxxxxxxxxxxxxxxxxxxxxxxxxxxxxxxxxxxxxxxxxxxxxxxxxxxxxxxxxxxxxxxxxxxxxxxxxxxxxxxxxxxxxxxxxxxxxxxxxxxxxxxxxxxxxxxxxxxxxxxxxxxxxxxxxxxxxxxxxxxxxxxxxxxxxxxxxxxxxxxxxxxxxxxxxxxxxxxxxxxxxxxxxxxxxxxxxxxxxxxxxxxxxxxxxxxxxxxxxxxxxxxxxxxxxxxxxxxxxxxxxxxxxxxxxxxxxxxxxxxxxxxxxxxxxxxxxxxxxxxxxxxxxxxxxxxxxxxxxxxxxxxxxxxxxxxxxxxxxxxxxxxxxxxxxxxxxxxxxxxxxxxxxxxxxxxxxxxxxxxxxxxxxxxxxxxxxxxxxxxxxxxxxxxxxxxxxxxxxxxxxxxxxxxxxxxxxxxxxxxxxxxxxxxxxxxxxxxxxxxxxxxxxxxxxxxxxxxxxxxxxxxxxxxxxxxxxxxxxxxxxxxxxxxxxxxxxxxxxxxxxxxxxxxxxxxxxxxxxxxxxxxxxxxxxxxxxxxxxxxxxxxxxxxxxxxxxxxxxxxxxxxxxxxxxxxxxxxxxxxxxxxxxxxxxxxxxxxxxxxxxxxxxxxxxxxxxxxxxxxxxxxxxxxxxxxxxxxxxxxxxxxxxxxxxxxxxxxxxxxxxxxxxxxxxxxxxxxxxxxxxxxxxxxxxxxxxxxxxxxxxxxxxxxxxxxxxxxxxxxxxxxxxxxxxxxxxxxxxxxxxxxxxxxxxxxxxxxxxxxxxxxxxxxxxxxxxxxxxxxxxxxxxxxxxxxxxxxxxxxxxxxxxxxxxxxxxxxxxxxxxxxxxxxxxxxxxxxxxxxxxxxxxxxxxxxxxxxxxxxxxxxxxxxxxxxxxxxxxxxxxxxxxxxxxxxxxxxxxxxxxxxxxxxxxxxxxxxxxxxxxxxxxxxxxxxxxxxxxxxxxxxxxxxxxxxxxxxxxxxxxxxxxxxxxxxxxxxxxxxxxxxxxxxxxxxxxxxxxxxxxxxxxxxxxxxxxxxxxxxxxxxxxxxxxxxxxxxxxxxxxxxxxxxxxxxxxxxxxxxxxxxxxxxxxxxxxxxxxxxxxxxxxxxxxxxxxxxxxxxxxxxxxxxxxxxxxxxxxxxxxxxxxxxxxxxxxxxxxxxxxxxxxxxxxxxxxxxxxxxxxxxxxxxxxxxxxxxxxxxxxxxxxxxxxxxxxxxxxxxxxxxxxxxxxxxxxxxxxxxxxxxxxxxxxxxxxxxxxxxxxxxxxxxxxxxxxxxxxxxxxxxxxxxxxxxxxxxxxxxxxxxxxxxxxxxxxxxxxxxxxxxxxxxxxxxxxxxxxxxxxxxxxxxxxxxxxxxxxxxxxxxxxxxxxxxxxxxxxxxxxxxxxxxxxxxxxxxxxxxxxxxxxxxxxxxxxxxxxxxxxxxxxxxxxxxxxxxxxxxxxxxxxxxxxxxxxxxxxxxxxxxxxxxxxxxxxxxxxxxxxxxxxxxxxxxxxxxxxxxxxxxxxxxxxxxxxxxxxxxxxxxxxxxxxxxxxxxxxxxxxxxxxxxxxxxxxxxxxxxxxxxxxxxxxxxxxxxxxxxxxxxxxxxxxxxxxxxxxxxxxxxxxxxxxxxxxxxxxxxxxxxxxxxxxxxxxxxxxxxxxxxxxxxxxxxxxxxxxxxxxxxxxxxxxxxxxxxxxxxxxxxxxxxxxxxxxxxxxxxxxxxxxxxxxxxxxxxxxxxxxxxxxxxxxxxxxxxxxxxxxxxxxxxxxxxxxxxxxxxxxxxxxxxxxxxxxxxxxxxxxxxxxxxxxxxxxxxxxxxxxxxxxxxxxxxxxxxxxxxxxxxxxxxxxxxxxxxxxxxxxxxxxxxxxxxxxxxxxxxxxxxxxxxxxxxxxxxxxxxxxxxxxxxxxxxxxxxxxxxxxxxxxxxxxxxxxxxxxxxxxxxxxxxxxxxxxxxxxxxxxxxxxxxxxxxxxxxxxxxxxxxxxxxxxxxxxxxxxxxxxxxxxxxxxxxxxxxxxxxxxxxxxxxxxxxxxxxxxxxxxxxxxxxxxxxxxxxxxxxxxxxxxxxxxxxxxxxxxxxxxxxxxxxxxxxxxxxxxxxxxxxxxxxxxxxxxxxxxxxxxxxxxxxxxxxxxxxxxxxxxxxxxxxxxxxxxxxxxxxxxxxxxxxxxxxxxxxxxxxxxxxxxxxxxxxxxxxxxxxxxxxxxxxxxxxxxxxxxxxxxxxxxxxxxxxxxxxxxxxxxxxxxxxxxxxxxxxxxxxxxxxxxxxxxxxxxxxxxxxxxxxxxxxxxxxxxxxxxxxxxxxxxxxxxxxxxxxxxxxxxxxxxxxxxxxxxxxxxxxxxxxxxxxxxxxxxxxxxxxxxxxxxxxxxxxxxxxxxxxxxxxxxxxxxxxxxxxxxxxxxxxxxxxxxxxxxxxxxxxxxxxxxxxxxxxxxxxxxxxxxxxxxxxxxxxxxxxxxxxxxxxxxxxxxxxxxxxxxxxxxxxxxxxxxxxxxxxxxxxxxxxxxxxxxxxxxxxxxxxxxxxxxxxxxxxxxxxxxxxxxxxxxxxxxxxxxxxxxxxxxxxxxxxxxxxxxxxxxxxxxxxxxxxxxxxxxxxxxxxxxxxxxxxxxxxxxxxxxxxxxxxxxxxxxxxxxxxxxxxxxxxxxxxxxxxxxxxxxxxxxxxxxxxxxxxxxxxxxxxxxxxxxxxxxxxxxxxxxxxxxxxxxxxxxxxxxxxxxxxxxxxxxxxxxxxxxxxxxxxxxxxxxxxxxxxxxxxxxxxxxxxxxxxxxxxxxxxxxxxxxxxxxxxxxxxxxxxxxxxxxxxxxxxxxxxxxxxxxxxxxxxxxxxxxxxxxxxxxxxxxxxxxxxxxxxxxxxxxxxxxxxxxxxxxxxxxxxxxxxxxxxxxxxxxxxxxxxxxxxxxxxxxxxxxxxxxxxxxxxxxxxxxxxxxxxxxxxxxxxxxxxxxxxxxxxxxxxxxxxxxxxxxxxxxxxxxxxxxxxxxxxxxxxxxxxxxxxxxxxxxxxxxxxxxxxxxxxxxxxxxxxxxxxxxxxxxxxxxxxxxxxxxxxxxxxxxxxxxxxxxxxxxxxxxxxxxxxxxxxxxxxxxxxxxxxxxxxxxxxxxxxxxxxxxxxxxxxxxxxxxxxxxxxxxxxxxxxxxxxxxxxxxxxxxxxxxxxxxxxxxxxxxxxxxxxxxxxxxxxxxxxxxxxxxxxxxxxxxxxxxxxxxxxxxxxxxxxxxxxxxxxxxxxxxxxxxxxxxxxxxxxxxxxxxxxxxxxxxxxxxxxxxxxxxxxxxxxxxxxxxxxxxxxxxxxxxxxxxxxxxxxxxxxxxxxxxxxxxxxxxxxxxxxxxxxxxxxxxxxxxxxxxxxxxxxxxxxxxxxxxxxxxxxxxxxxxxxxxxxxxxxxxxxxxxxxxxxxxxxxxxxxxxxxxxxxxxxxxxxxxxxxxxxxxxxxxxxxxxxxxxxxxxxxxxxxxxxxxxxxxxxxxxxxxxxxxxxxxxxxxxxxxxxxxxxxxxxxxxxxxxxxxxxxxxxxxxxxxxxxxxxxxxxxxxxxxxxxxxxxxxxxxxxxxxxxxxxxxxxxxxxxxxxxxxxxxxxxxxxxxxxxxxxxxxxxxxxxxxxxxxxxxxxxxxxxxxxxxxxxxxxxxxxxxxxxxxxxxxxxxxxxxxxxxxxxxxxxxxxxxxxxxxxxxxxxxxxxxxxxxxxxxxxxxxxxxxxxxxxxxxxxxxxxxxxxxxxxxxxxxxxxxxxxxxxxxxxxxxxxxxxxxxxxxxxxxxxxxxxxxxxxxxxxxxxxxxxxxxxxxxxxxxxxxxxxxxxxxxxxxxxxxxxxxxxxxxxxxxxxxxxxxxxxxxxxxxxxxxxxxxxxxxxxxxxxxxxxxxxxxxxxxxxxxxxxxxxxxxxxxxxxxxxxxxxxxxxxxxxxxxxxxxxxxxxxxxxxxxxxxxxxxxxxxxxxxxxxxxxxxxxxxxxxxxxxxxxxxxxxxxxxxxxxxxxxxxxxxxxxxxxxxxxxxxxxxxxxxxxxxxxxxxxxxxxxxxxxxxxxxxxxxxxxxxxxxxxxxxxxxxxxxxxxxxxxxxxxxxxxxxxxxxxxxxxxxxxxxxxxxxxxxxxxxxxxxxxxxxxxxxxxxxxxxxxxxxxxxxxxxxxxxxxxxxxxxxxxxxxxxxxxxxxxxxxxxxxxxxxxxxxxxxxxxxxxxxxxxxxxxxxxxxxxxxxxxxxxxxxxxxxxxxxxxxxxxxxxxxxxxxxxxxxxxxxxxxxxxxxxxxxxxxxxxxxxxxxxxxxxxxxxxxxxxxxxxxxxxxxxxxxxxxxxxxxxxxxxxxxxxxxxxxxxxxxxxxxxxxxxxxxxxxxxxxxxxxxxxxxxxxxxxxxxxxxxxxxxxxxxxxxxxxxxxxxxxxxxxxxxxxxxxxxxxxxxxxxxxxxxxxxxxxxxxxxxxxxxxxxxxxxxxxxxxxxxxxxxxxxxxxxxxxxxxxxxxxxxxxxxxxxxxxxxxxxxxxxxxxxxxxxxxxxxxxxxxxxxxxxxxxxxxxxxxxxxxxxxxxxxxxxxxxxxxxxxxxxxxxxxxxxxxxxxxxxxxxxxxxxxxxxxxxxxxxxxxxxxxxxxxxxxxxxxxxxxxxxxxxxxxxxxxxxxxxxxxxxxxxxxxxxxxxxxxxxxxxxxxxxxxxxxxxxxxxxxxxxxxxxxxxxxxxxxxxxxxxxxxxxxxxxxxxxxxxxxxxxxxxxxxxxxxxxxxxxxxxxxxxxxxxxxxxxxxxxxxxxxxxxxxxxxxxxxxxxxxxxxxxxxxxxxxxxxxxxxxxxxxxxxxxxxxxxxxxxxxxxxxxxxxxxxxxxxxxxxxxxxxxxxxxxxxxxxxxxxxxxxxxxxxxxxxxxxxxxxxxxxxxxxxxxxxxxxxxxxxxxxxxxxxxxxxxxxxxxxxxxxxxxxxxxxxxxxxxxxxxxxxxxxxxxxxxxxxxxxxxxxxxxxxxxxxxxxxxxxxxxxxxxxxxxxxxxxxxxxxxxxxxxxxxxxxxxxxxxxxxxxxxxxxxxxxxxxxxxxxxxxxxxxxxxxxxxxxxxxxxxxxxxxxxxxxxxxxxxxxxxxxxxxxxxxxxxxxxxxxxxxxxxxxxxxxxxxxxxxxxxxxxxxxxxxxxxxxxxxxxxxxxxxxxxxxxxxxxxxxxxxxxxxxxxxxxxxxxxxxxxxxxxxxxxxxxxxxxxxxxxxxxxxxxxxxxxxxxxxxxxxxxxxxxxxxxxxxxxxxxxxxxxxxxxxxxxxxxxxxxxxxxxxxxxxxxxxxxxxxxxxxxxxxxxxxxxxxxxxxxxxxxxxxxxxxxxxxxxxxxxxxxxxxxxxxxxxxxxxxxxxxxxxxxxxxxxxxxxxxxxxxxxxxxxxxxxxxxxxxxxxxxxxxxxxxxxxxxxxxxxxxxxxxxxxxxxxxxxxxxxxxxxxxxxxxxxxxxxxxxxxxxxxxxxxxxxxxxxxxxxxxxxxxxxxxxxxxxxxxxxxxxxxxxxxxxxxxxxxxxxxxxxxxxxxxxxxxxxxxxxxxxxxxxxxxxxxxxxxxxxxxxxxxxxxxxxxxxxxxxxxxxxxxxxxxxxxxxxxxxxxxxxxxxxxxxxxxxxxxxxxxxxxxxxxxxxxxxxxxxxxxxxxxxxxxxxxxxxxxxxxxxxxxxxxxxxxxxxxxxxxxxxxxxxxxxxxxxxxxxxxxxxxxxxxxxxxxxxxxxxxxxxxxxxxxxxxxxxxxxxxxxxxxxxxxxxxxxxxxxxxxxxxxxxxxxxxxxxxxxxxxxxxxxxxxxxxxxxxxxxxxxxxxxxxxxxxxxxxxxxxxxxxxxxxxxxxxxxxxxxxxxxxxxxxxxxxxxxxxxxxxxxxxxxxxxxxxxxxxxxxxxxxxxxxxxxxxxxxxxxxxxxxxxxxxxxxxxxxxxxxxxxxxxxxxxxxxxxxxxxxxxxxxxxxxxxxxxxxxxxxxxxxxxxxxxxxxxxxxxxxxxxxxxxxxxxxxxxxxxxxxxxxxxxxxxxxxxxxxxxxxxxxxxxxxxxxxxxxxxxxxxxxxxxxxxxxxxxxxxxxxxxxxxxxxxxxxxxxxxxxxxxxxxxxxxxxxxxxxxxxxxxxxxxxxxxxxxxxxxxxxxxxxxxxxxxxxxxxxxxxxxxxxxxxxxxxxxxxxxxxxxxxxxxxxxxxxxxxxxxxxxxxxxxxxxxxxxxxxxxxxxxxxxxxxxxxxxxxxxxxxxxxxxxxxxxxxxxxxxxxxxxxxxxxxxxxxxxxxxxxxxxxxxxxxxxxxxxxxxxxxxxxxxxxxxxxxxxxxxxxxxxxxxxxxxxxxxxxxxxxxxxxxxxxxxxxxxxxxxxxxxxxxxxxxxxxxxxxxxxxxxxxxxxxxxxxxxxxxxxxxxxxxxxxxxxxxxxxxxxxxxxxxxxxxxxxxxxxxxxxxxxxxxxxxxxxxxxxxxxxxxxxxxxxxxxxxxxxxxxxxxxxxxxxxxxxxxxxxxxxxxxxxxxxxxxxxxxxxxxxxxxxxxxxxxxxxxxxxxxxxxxxxxxxxxxxxxxxxxxxxxxxxxxxxxxxxxxxxxxxxxxxxxxxxxxxxxxxxxxxxxxxxxxxxxxxxxxxxxxxxxxxxxxxxxxxxxxxxxxxxxxxxxxxxxxxxxxxxxxxxxxxxxxxxxxxxxxxxxxxxxxxxxxxxxxxxxxxxxxxxxxxxxxxxxxxxxxxxxxxxxxxxxxxxxxxxxxxxxxxxxxxxxxxxxxxxxxxxxxxxxxxxxxxxxxxxxxxxxxxxxxxxxxxxxxxxxxxxxxxxxxxxxxxxxxxxxxxxxxxxxxxxxxxxxxxxxxxxxxxxxxxxxxxxxxxxxxxxxxxxxxxxxxxxxxxxxxxxxxxxxxxxxxxxxxxxxxxxxxxxxxxxxxxxxxxxxxxxxxxxxxxxxxxxxxxxxxxxxxxxxxxxxxxxxxxxxxxxxxxxxxxxxxxxxxxxxxxxxxxxxxxxxxxxxxxxxxxxxxxxxxxxxxxxxxxxxxxxxxxxxxxxxxxxxxxxxxxxxxxxxxxxxxxxxxxxxxxxxxxxxxxxxxxxxxxxxxxxxxxxxxxxxxxxxxxxxxxxxxxxxxxxxxxxxxxxxxxxxxxxxxxxxxxxxxxxxxxxxxxxxxxxxxxxxxxxxxxxxxxxxxxxxxxxxxxxxxxxxxxxxxxxxxxxxxxxxxxxxxxxxxxxxxxxxxxxxxxxxxxxxxxxxxxxxxxxxxxxxxxxxxxxxxxxxxxxxxxxxxxxxxxxxxxxxxxxxxxxxxxxxxxxxxxxxxxxxxxxxxxxxxxxxxxxxxxxxxxxxxxxxxxxxxxxxxxxxxxxxxxxxxxxxxxxxxxxxxxxxxxxxxxxxxxxxxxxxxxxxxxxxxxxxxxxxxxxxxxxxxxxxxxxxxxxxxxxxxxxxxxxxxxxxxxxxxxxxxxxxxxxxxxxxxxxxxxxxxxxxxxxxxxxxxxxxxxxxxxxxxxxxxxxxxxxxxxxxxxxxxxxxxxxxxxxxxxxxxxxxxxxxxxxxxxxxxxxxxxxxxxxxxxxxxxxxxxxxxxxxxxxxxxxxxxxxxxxxxxxxxxxxxxxxxxxxxxxxxxxxxxxxxxxxxxxxxxxxxxxxxxxxxxxxxxxxxxxxxxxxxxxxxxxxxxxxxxxxxxxxxxxxxxxxxxxxxxxxxxxxxxxxxxxxxxxxxxxxxxxxxxxxxxxxxxxxxxxxxxxxxxxxxxxxxxxxxxxxxxxxxxxxxxxxxxxxxxxxxxxxxxxxxxxxxxxxxxxxxxxxxxxxxxxxxxxxxxxxxxxxxxxxxxxxxxxxxxxxxxxxxxxxxxxxxxxxxxxxxxxxxxxxxxxxxxxxxxxxxxxxxxxxxxxxxxxxxxxxxxxxxxxxxxxxxxxxxxxxxxxxxxxxxxxxxxxxxxxxxxxxxxxxxxxxxxxxxxxxxxxxxxxxxxxxxxxxxxxxxxxxxxxxxxxxxxxxxxxxxxxxxxxxxxxxxxxxxxxxxxxxxxxxxxxxxxxxxxxxxxxxxxxxxxxxxxxxxxxxxxxxxxxxxxxxxxxxxxxxxxxxxxxxxxxxxxxxxxxxxxxxxxxxxxxxxxxxxxxxxxxxxxxxxxxxxxxxxxxxxxxxxxxxxxxxxxxxxxxxxxxxxxxxxxxxxxxxxxxxxxxxxxxxxxxxxxxxxxxxxxxxxxxxxxxxxxxxxxxxxxxxxxxxxxxxxxxxxxxxxxxxxxxxxxxxxxxxxxxxxxxxxxxxxxxxxxxxxxxxxxxxxxxxxxxxxxxxxxxxxxxxxxxxxxxxxxxxxxxxxxxxxxxxxxxxxxxxxxxxxxxxxxxxxxxxxxxxxxxxxxxxxxxxxxxxxxxxxxxxxxxxxxxxxxxxxxxxxxxxxxxxxxxxxxxxxxxxxxxxxxxxxxxxxxxxxxxxxxxxxxxxxxxxxxxxxxxxxxxxxxxxxxxxxxxxxxxxxxxxxxxxxxxxxxxxxxxxxxxxxxxxxxxxxxxxxxxxxxxxxxxxxxxxxxxxxxxxxxxxxxxxxxxxxxxxxxxxxxxxxxxxxxxxxxxxxxxxxxxxxxxxxxxxxxxxxxxxxxxxxxxxxxxxxxxxxxxxxxxxxxxxxxxxxxxxxxxxxxxxxxxxxxxxxxxxxxxxxxxxxxxxxxxxxxxxxxxxxxxxxxxxxxxxxxxxxxxxxxxxxxxxxxxxxxxxxxxxxxxxxxxxxxxxxxxxxxxxxxxxxxxxxxxxxxxxxxxxxxxxxxxxxxxxxxxxxxxxxxxxxxxxxxxxxxxxxxxxxxxxxxxxxxxxxxxxxxxxxxxxxxxxxxxxxxxxxxxxxxxxxxxxxxxxxxxxxxxxxxxxxxxxxxxxxxxxxxxxxxxxxxxxxxxxxxxxxxxxxxxxxxxxxxxxxxxxxxxxxxxxxxxxxxxxxxxxxxxxxxxxxxxxxxxxxxxxxxxxxxxxxxxxxxxxxxxxxxxxxxxxxxxxxxxxxxxxxxxxxxxxxxxxxxxxxxxxxxxxxxxxxxxxxxxxxxxxxxxxxxxxxxxxxxxxxxxxxxxxxxxxxxxxxxxxxxxxxxxxxxxxxxxxxxxxxxxxxxxxxxxxxxxxxxxxxxxxxxxxxxxxxxxxxxxxxxxxxxxxxxxxxxxxxxxxxxxxxxxxxxxxxxxxxxxxxxxxxxxxxxxxxxxxxxxxxxxxxxxxxxxxxxxxxxxxxxxxxxxxxxxxxxxxxxxxxxxxxxxxxxxxxxxxxxxxxxxxxxxxxxxxxxxxxxxxxxxxxxxxxxxxxxxxxxxxxxxxxxxxxxxxxxxxxxxxxxxxxxxxxxxxxxxxxxxxxxxxxxxxxxxxxxxxxxxxxxxxxxxxxxxxxxxxxxxxxxxxxxxxxxxxxxxxxxxxxxxxxxxxxxxxxxxxxxxxxxxxxxxxxxxxxxxxxxxxxxxxxxxxxxxxxxxxxxxxxxxxxxxxxxxxxxxxxxxxxxxxxxxxxxxxxxxxxxxxxxxxxxxxxxxxxxxxxxxxxxxxxxxxxxxxxxxxxxxxxxxxxxxxxxxxxxxxxxxxxxxxxxxxxxxxxxxxxxxxxxxxxxxxxxxxxxxxxxxxxxxxxxxxxxxxxxxxxxxxxxxxxxxxxxxxxxxxxxxxxxxxxxxxxxxxxxxxxxxxxxxxxxxxxxxxxxxxxxxxxxxxxxxxxxxxxxxxxxxxxxxxxxxxxxxxxxxxxxxxxxxxxxxxxxxxxxxxxxxxxxxxxxxxxxxxxxxxxxxxxxxxxxxxxxxxxxxxxxxxxxxxxxxxxxxxxxxxxxxxxxxxxxxxxxxxxxxxxxxxxxxxxxxxxxxxxxxxxxxxxxxxxxxxxxxxxxxxxxxxxxxxxxxxxxxxxxxxxxxxxxxxxxxxxxxxxxxxxxxxxxxxxxxxxxxxxxxxxxxxxxxxxxxxxxxxxxxxxxxxxxxxxxxxxxxxxxxxxxxxxxxxxxxxxxxxxxxxxxxxxxxxxxxxxxxxxxxxxxxxxxxxxxxxxxxxxxxxxxxxxxxxxxxxxxxxxxxxxxxxxxxxxxxxxxxxxxxxxxxxxxxxxxxxxxxxxxxxxxxxxxxxxxxxxxxxxxxxxxxxxxxxxxxxxxxxxxxxxxxxxxxxxxxxxxxxxxxxxxxxxxxxxxxxxxxxxxxxxxxxxxxxxxxxxxxxxxxxxxxxxxxxxxxxxxxxxxxxxxxxxxxxxxxxxxxxxxxxxxxxxxxxxxxxxxxxxxxxxxxxxxxxxxxxxxxxxxxxxxxxxxxxxxxxxxxxxxxxxxxxxxxxxxxxxxxxxxxxxxxxxxxxxxxxxxxxxxxxxxxxxxxxxxxxxxxxxxxxxxxxxxxxxxxxxxxxxxxxxxxxxxxxxxxxxxxxxxxxxxxxxxxxxxxxxxxxxxxxxxxxxxxxxxxxxxxxxxxxxxxxxxxxxxxxxxxxxxxxxxxxxxxxxxxxxxxxxxxxxxxxxxxxxxxxxxxxxxxxxxxxxxxxxxxxxxxxxxxxxxxxxxxxxxxxxxxxxxxxxxxxxxxxxxxxxxxxxxxxxxxxxxxxxxxxxxxxxxxxxxxxxxxxxxxxxxxxxxxxxxxxxxxxxxxxxxxxxxxxxxxxxxxxxxxxxxxxxxxxxxxxxxxxxxxxxxxxxxxxxxxxxxxxxxxxxxxxxxxxxxxxxxxxxxxxxxxxxxxxxxxxxxxxxxxxxxxxxxxxxxxxxxxxxxxxxxxxxxxxxxxxxxxxxxxxxxxxxxxxxxxxxxxxxxxxxxxxxxxxxxxxxxxxxxxxxxxxxxxxxxxxxxxxxxxxxxxxxxxxxxxxxxxxxxxxxxxxxxxxxxxxxxxxxxxxxxxxxxxxxxxxxxxxxxxxxxxxxxxxxxxxxxxxxxxxxxxxxxxxxxxxxxxxxxxxxxxxxxxxxxxxxxxxxxxxxxxxxxxxxxxxxxxxxxxxxxxxxxxxxxxxxxxxxxxxxxxxxxxxxxxxxxxxxxxxxxxxxxxxxxxxxxxxxxxxxxxxxxxxxxxxxxxxxxxxxxxxxxxxxxxxxxxxxxxxxxxxxxxxxxxxxxxxxxxxxxxxxxxxxxxxxxxxxxxxxxxxxxxxxxxxxxxxxxxxxxxxxxxxxxxxxxxxxxxxxxxxxxxxxxxxxxxxxxxxxxxxxxxxxxxxxxxxxxxxxxxxxxxxxxxxxxxxxxxxxxxxxxxxxxxxxxxxxxxxxxxxxxxxxxxxxxxxxxxxxxxxxxxxxxxxxxxxxxxxxxxxxxxxxxxxxxxxxxxxxxxxxxxxxxxxxxxxxxxxxxxxxxxxxxxxxxxxxxxxxxxxxxxxxxxxxxxxxxxxxxxxxxxxxxxxxxxxxxxxxxxxxxxxxxxxxxxxxxxxxxxxxxxxxxxxxxxxxxxxxxxxxxxxxxxxxxxxxxxxxxxxxxxxxxxxxxxxxxxxxxxxxxxxxxxxxxxxxxxxxxxxxxxxxxxxxxxxxxxxxxxxxxxxxxxxxxxxxxxxxxxxxxxxxxxxxxxxxxxxxxxxxxxxxxxxxxxxxxxxxxxxxxxxxxxxxxxxxxxxxxxxxxxxxxxxxxxxxxxxxxxxxxxxxxxxxxxxxxxxxxxxxxxxxxxxxxxxxxxxxxxxxxxxxxxxxxxxxxxxxxxxxxxxxxxxxxxxxxxxxxxxxxxxxxxxxxxxxxxxxxxxxxxxxxxxxxxxxxxxxxxxxxxxxxxxxxxxxxxxxxxxxxxxxxxxxxxxxxxxxxxxxxxxxxxxxxxxxxxxxxxxxxxxxxxxxxxxxxxxxxxxxxxxxxxxxxxxxxxxxxxxxxxxxxxxxxxxxxxxxxxxxxxxxxxxxxxxxxxxxxxxxxxxxxxxxxxxxxxxxxxxxxxxxxxxxxxxxxxxxxxxxxxxxxxxxxxxxxxxxxxxxxxxxxxxxxxxxxxxxxxxxxxxxxxxxxxxxxxxxxxxxxxxxxxxxxxxxxxxxxxxxxxxxxxxxxxxxxxxxxxxxxxxxxxxxxxxxxxxxxxxxxxxxxxxxxxxxxxxxxxxxxxxxxxxxxxxxxxxxxxxxxxxxxxxxxxxxxxxxxxxxxxxxxxxxxxxxxxxxxxxxxxxxxxxxxxxxxxxxxxxxxxxxxxxxxxxxxxxxxxxxxxxxxxxxxxxxxxxxxxxxxxxxxxxxxxxxxxxxxxxxxxxxxxxxxxxxxxxxxxxxxxxxxxxxxxxxxxxxxxxxxxxxxxxxxxxxxxxxxxxxxxxxxxxxxxxxxxxxxxxxxxxxxxxxxxxxxxxxxxxxxxxxxxxxxxxxxxxxxxxxxxxxxxxxxxxxxxxxxxxxxxxxxxxxxxxxxxxxxxxxxxxxxxxxxxxxxxxxxxxxxxxxxxxxxxxxxxxxxxxxxxxxxxxxxxxxxxxxxxxxxxxxxxxxxxxxxxxxxxxxxxxxxxxxxxxxxxxxxxxxxxxxxxxxxxxxxxxxxxxxxxxxxxxxxxxxxxxxxxxxxxxxxxxxxxxxxxxxxxxxxxxxxxxxxxxxxxxxxxxxxxxxxxxxxxxxxxxxxxxxxxxxxxxxxxxxxxxxxxxxxxxxxxxxxxxxxxxxxxxxxxxxxxxxxxxxxxxxxxxxxxxxxxxxxxxxxxxxxxxxxxxxxxxxxxxxxxxxxxxxxxxxxxxxxxxxxxxxxxxxxxxxxxxxxxxxxxxxxxxxxxxxxxxxxxxxxxxxxxxxxxxxxxxxxxxxxxxxxxxxxxxxxxxxxxxxxxxxxxxxxxxxxxxxxxxxxxxxxxxxxxxxxxxxxxxxxxxxxxxxxxxxxxxxxxxxxxxxxxxxxxxxxxxxxxxxxxxxxxxxxxxxxxxxxxxxxxxxxxxxxxxxxxxxxxxxxxxxxxxxxxxxxxxxxxxxxxxxxxxxxxxxxxxxxxxxxxxxxxxxxxxxxxxxxxxxxxxxxxxxxxxxxxxxxxxxxxxxxxxxxxxxxxxxxxxxxxxxxxxxxxxxxxxxxxxxxxxxxxxxxxxxxxxxxxxxxxxxxxxxxxxxxxxxxxxxxxxxxxxxxxxxxxxxxxxxxxxxxxxxxxxxxxxxxxxxxxxxxxxxxxxxxxxxxxxxxxxxxxxxxxxxxxxxxxxxxxxxxxxxxxxxxxxxxxxxxxxxxxxxxxxxxxxxxxxxxxxxxxxxxxxxxxxxxxxxxxxxxxxxxxxxxxxxxxxxxxxxxxxxxxxxxxxxxxxxxxxxxxxxxxxxxxxxxxxxxxxxxxxxxxxxxxxxxxxxxxxxxxxxxxxxxxxxxxxxxxxxxxxxxxxxxxxxxxxxxxxxxxxxxxxxxxxxxxxxxxxxxxxxxxxxxxxxxxxxxxxxxxxxxxxxxxxxxxxxxxxxxxxxxxxxxxxxxxxxxxxxxxxxxxxxxxxxxxxxxxxxxxxxxxxxxxxxxxxxxxxxxxxxxxxxxxxxxxxxxxxxxxxxxxxxxxxxxxxxxxxxxxxxxxxxxxxxxxxxxxxxxxxxxxxxxxxxxxxxxxxxxxxxxxxxxxxxxxxxxxxxxxxxxxxxxxxxxxxxxxxxxxxxxxxxxxxxxxxxxxxxxxxxxxxxxxxxxxxxxxxxxxxxxxxxxxxxxxxxxxxxxxxxxxxxxxxxxxxxxxxxxxxxxxxxxxxxxxxxxxxxxxxxxxxxxxxxxxxxxxxxxxxxxxxxxxxxxxxxxxxxxxxxxxxxxxxxxxxxxxxxxxxxxxxxxxxxxxxxxxxxxxxxxxxxxxxxxxxxxxxxxxxxxxxxxxxxxxxxxxxxxxxxxxxxxxxxxxxxxxxxxxxxxxxxxxxxxxxxxxxxxxxxxxxxxxxxxxxxxxxxxxxxxxxxxxxxxxxxxxxxxxxxxxxxxxxxxxxxxxxxxxxxxxxxxxxxxxxxxxxxxxxxxxxxxxxxxxxxxxxxxxxxxxxxxxxxxxxxxxxxxxxxxxxxxxxxxxxxxxxxxxxxxxxxxxxxxxxxxxxxxxxxxxxxxxxxxxxxxxxxxxxxxxxxxxxxxxxxxxxxxxxxxxxxxxxxxxxxxxxxxxxxxxxxxxxxxxxxxxxxxxxxxxxxxxxxxxxxxxxxxxxxxxxxxxxxxxxxxxxxxxxxxxxxxxxxxxxxxxxxxxxxxxxxxxxxxxxxxxxxxxxxxxxxxxxxxxxxxxxxxxxxxxxxxxxxxxxxxxxxxxxxxxxxxxxxxxxxxxxxxxxxxxxxxxxxxxxxxxxxxxxxxxxxxxxxxxxxxxxxxxxxxxxxxxxxxxxxxxxxxxxxxxxxxxxxxxxxxxxxxxxxxxxxxxxxxxxxxxxxxxxxxxxxxxxxxxxxxxxxxxxxxxxxxxxxxxxxxxxxxxxxxxxxxxxxxxxxxxxxxxxxxxxxxxxxxxxxxxxxxxxxxxxxxxxxxxxxxxxxxxxxxxxxxxxxxxxxxxxxxxxxxxxxxxxxxxxxxxxxxxxxxxxxxxxxxxxxxxxxxxxxxxxxxxxxxxxxxxxxxxxxxxxxxxxxxxxxxxxxxxxxxxxxxxxxxxxxxxxxxxxxxxxxxxxxxxxxxxxxxxxxxxxxxxxxxxxxxxxxxxxxxxxxxxxxxxxxxxxxxxxxxxxxxxxxxxxxxxxxxxxxxxxxxxxxxxxxxxxxxxxxxxxxxxxxxxxxxxxxxxxxxxxxxxxxxxxxxxxxxxxxxxxxxxxxxxxxxxxxxxxxxxxxxxxxxxxxxxxxxxxxxxxxxxxxxxxxxxxxxxxxxxxxxxxxxxxxxxxxxxxxxxxxxxxxxxxxxxxxxxxxxxxxxxxxxxxxxxxxxxxxxxxxxxxxxxxxxxxxxxxxxxxxxxxxxxxxxxxxxxxxxxxxxxxxxxxxxxxxxxxxxxxxxxxxxxxxxxxxxxxxxxxxxxxxxxxxxxxxxxxxxxxxxxxxxxxxxxxxxxxxxxxxxxxxxxxxxxxxxxxxxxxxxxxxxxxxxxxxxxxxxxxxxxxxxxxxxxxxxxxxxxxxxxxxxxxxxxxxxxxxxxxxxxxxxxxxxxxxxxxxxxxxxxxxxxxxxxxxxxxxxxxxxxxxxxxxxxxxxxxxxxxxxxxxxxxxxxxxxxxxxxxxxxxxxxxxxxxxxxxxxxxxxxxxxxxxxxxxxxxxxxxxxxxxxxxxxxxxxxxxxxxxxxxxxxxxxxxxxxxxxxxxxxxxxxxxxxxxxxxxxxxxxxxxxxxxxxxxxxxxxxxxxxxxxxxxxxxxxxxxxxxxxxxxxxxxxxxxxxxxxxxxxxxxxxxxxxxxxxxxxxxxxxxxxxxxxxxxxxxxxxxxxxxxxxxxxxxxxxxxxxxxxxxxxxxxxxxxxxxxxxxxxxxxxxxxxxxxxxxxxxxxxxxxxxxxxxxxxxxxxxxxxxxxxxxxxxxxxxxxxxxxxxxxxxxxxxxxxxxxxxxxxxxxxxxxxxxxxxxxxxxxxxxxxxxxxxxxxxxxxxxxxxxxxxxxxxxxxxxxxxxxxxxxxxxxxxxxxxxxxxxxxxxxxxxxxxxxxxxxxxxxxxxxxxxxxxxxxxxxxxxxxxxxxxxxxxxxxxxxxxxxxxxxxxxxxxxxxxxxxxxxxxxxxxxxxxxxxxxxxxxxxxxxxxxxxxxxxxxxxxxxxxxxxxxxxxxxxxxxxxxxxxxxxxxxxxxxxxxxxxxxxxxxxxxxxxxxxxxxxxxxxxxxxxxxxxxxxxxxxxxxxxxxxxxxxxxxxxxxxxxxxxxxxxxxxxxxxxxxxxxxxxxxxxxxxxxxxxxxxxxxxxxxxxxxxxxxxxxxxxxxxxxxxxxxxxxxxxxxxxxxxxxxxxxxxxxxxxxxxxxxxxxxxxxxxxxxxxxxxxxxxxxxxxxxxxxxxxxxxxxxxxxxxxxxxxxxxxxxxxxxxxxxxxxxxxxxxxxxxxxxxxxxxxxxxxxxxxxxxxxxxxxxxxxxxxxxxxxxxxxxxxxxxxxxxxxxxxxxxxxxxxxxxxxxxxxxxxxxxxxxxxxxxxxxxxxxxxxxxxxxxxxxxxxxxxxxxxxxxxxxxxxxxxxxxxxxxxxxxxxxxxxxxxxxxxxxxxxxxxxxxxxxxxxxxxxxxxxxxxxxxxxxxxxxxxxxxxxxxxxxxxxxxxxxxxxxxxxxxxxxxxxxxxxxxxxxxxxxxxxxxxxxxxxxxxxxxxxxxxxxxxxxxxxxxxxxxxxxxxxxxxxxxxxxxxxxxxxxxxxxxxxxxxxxxxxxxxxxxxxxxxxxxxxxxxxxxxxxxxxxxxxxxxxxxxxxxxxxxxxxxxxxxxxxxxxxxxxxxxxxxxxxxxxxxxxxxxxxxxxxxxxxxxxxxxxxxxxxxxxxxxxxxxxxxxxxxxxxxxxxxxxxxxxxxxxxxxxxxxxxxxxxxxxxxxxxxxxxxxxxxxxxxxxxxxxxxxxxxxxxxxxxxxxxxxxxxxxxxxxxxxxxxxxxxxxxxxxxxxxxxxxxxxxxxxxxxxxxxxxxxxxxxxxxxxxxxxxxxxxxxxxxxxxxxxxxxxxxxxxxxxxxxxxxxxxxxxxxxxxxxxxxxxxxxxxxxxxxxxxxxxxxxxxxxxxxxxxxxxxxxxxxxxxxxxxxxxxxxxxxxxxxxxxxxxxxxxxxxxxxxxxxxxxxxxxxxxxxxxxxxxxxxxxxxxxxxxxxxxxxxxxxxxxxxxxxxxxxxxxxxxxxxxxxxxxxxxxxxxxxxxxxxxxxxxxxxxxxxxxxxxxxxxxxxxxxxxxxxxxxxxxxxxxxxxxxxxxxxxxxxxxxxxxxxxxxxxxxxxxxxxxxxxxxxxxxxxxxxxxxxxxxxxxxxxxxxxxxxxxxxxxxxxxxxxxxxxxxxxxxxxxxxxxxxxxxxxxxxxxxxxxxxxxxxxxxxxxxxxxxxxxxxxxxxxxxxxxxxxxxxxxxxxxxxxxxxxxxxxxxxxxxxxxxxxxxxxxxxxxxxxxxxxxxxxxxxxxxxxxxxxxxxxxxxxxxxxxxxxxxxxxxxxxxxxxxxxxxxxxxxxxxxxxxxxxxxxxxxxxxxxxxxxxxxxxxxxxxxxxxxxxxxxxxxxxxxxxxxxxxxxxxxxxxxxxxxxxxxxxxxxxxxxxxxxxxxxxxxxxxxxxxxxxxxxxxxxxxxxxxxxxxxxxxxxxxxxxxxxxxxxxxxxxxxxxxxxxxxxxxxxxxxxxxxxxxxxxxxxxxxxxxxxxxxxxxxxxxxxxxxxxxxxxxxxxxxxxxxxxxxxxxxxxxxxxxxxxxxxxxxxxxxxxxxxxxxxxxxxxxxxxxxxxxxxxxxxxxxxxxxxxxxxxxxxxxxxxxxxxxxxxxxxxxxxxxxxxxxxxxxxxxxxxxxxxxxxxxxxxxxxxxxxxxxxxxxxxxxxxxxxxxxxxxxxxxxxxxxxxxxxxxxxxxxxxxxxxxxxxxxxxxxxxxxxxxxxxxxxxxxxxxxxxxxxxxxxxxxxxxxxxxxxxxxxxxxxxxxxxxxxxxxxxxxxxxxxxxxxxxxxxxxxxxxxxxxxxxxxxxxxxxxxxxxxxxxxxxxxxxxxxxxxxxxxxxxxxxxxxxxx","msg":"Invalid role specified"}
{"level":30,"time":1774382618591,"pid":1603593,"hostname":"TempleOfZyminx","id":"975e1770-609c-4a25-864a-0e0c52da4e0a","command":"FIRE","msg":"Submitting game action"}
{"level":30,"time":1774382618591,"pid":1603593,"hostname":"TempleOfZyminx","gameId":"975e1770-609c-4a25-864a-0e0c52da4e0a","type":"FIRE","msg":"Processing combat command"}
{"level":30,"time":1774382618592,"pid":1603593,"hostname":"TempleOfZyminx","commandType":"FIRE","msg":"Validating combat action"}
{"level":30,"time":1774382618592,"pid":1603593,"hostname":"TempleOfZyminx","plan":{"actionType":"FIRE","actor":"onion","attackerIds":["missile_1"],"target":{"kind":"defender","id":"pigs-1"},"attackStrength":6,"defense":3,"weaponIds":["missile_1"]},"msg":"Executing combat action"}
{"level":30,"time":1774382618594,"pid":1603593,"hostname":"TempleOfZyminx","id":"975e1770-609c-4a25-864a-0e0c52da4e0a","command":"FIRE","msg":"Submitting game action"}
{"level":30,"time":1774382618594,"pid":1603593,"hostname":"TempleOfZyminx","gameId":"975e1770-609c-4a25-864a-0e0c52da4e0a","type":"FIRE","msg":"Processing combat command"}
{"level":30,"time":1774382618594,"pid":1603593,"hostname":"TempleOfZyminx","commandType":"FIRE","msg":"Validating combat action"}
{"level":30,"time":1774382618594,"pid":1603593,"hostname":"TempleOfZyminx","gameId":"975e1770-609c-4a25-864a-0e0c52da4e0a","error":"Attacker 'missile_1' is already destroyed or exhausted","msg":"Invalid combat command"}
{"level":30,"time":1774382618694,"pid":1603639,"hostname":"TempleOfZyminx","scenarioId":"swamp-siege-01","role":"onion","msg":"Creating new game match"}
{"level":50,"time":1774382618695,"pid":1603639,"hostname":"TempleOfZyminx","err":{"type":"Error","message":"fail","stack":"Error: fail\n    at Object.createMatch (/home/zymurge/Dev/onion/dist/api/games.management.test.js:95:46)\n    at Object.<anonymous> (/home/zymurge/Dev/onion/dist/api/games.js:258:22)"},"msg":"Error creating game match"}
{"level":30,"time":1774382618752,"pid":1603455,"hostname":"TempleOfZyminx","scenarioId":"swamp-siege-01","role":"onion","msg":"Creating new game match"}
{"level":30,"time":1774382618752,"pid":1603455,"hostname":"TempleOfZyminx","gameId":"c8e294c7-84b1-4161-8e2a-5e37621a1cc2","role":"onion","msg":"Game match created"}
{"level":30,"time":1774382618753,"pid":1603455,"hostname":"TempleOfZyminx","id":"c8e294c7-84b1-4161-8e2a-5e37621a1cc2","msg":"User joining game"}
{"level":30,"time":1774382618753,"pid":1603455,"hostname":"TempleOfZyminx","gameId":"c8e294c7-84b1-4161-8e2a-5e37621a1cc2","role":"defender","msg":"User joined game"}
{"level":30,"time":1774382618754,"pid":1603455,"hostname":"TempleOfZyminx","id":"c8e294c7-84b1-4161-8e2a-5e37621a1cc2","msg":"Fetching game state"}
{"level":30,"time":1774382618755,"pid":1603455,"hostname":"TempleOfZyminx","id":"c8e294c7-84b1-4161-8e2a-5e37621a1cc2","msg":"Fetching game state"}
{"level":30,"time":1774382618755,"pid":1603455,"hostname":"TempleOfZyminx","id":"c8e294c7-84b1-4161-8e2a-5e37621a1cc2","msg":"Fetching game state"}
{"level":30,"time":1774382618756,"pid":1603455,"hostname":"TempleOfZyminx","from":{"q":0,"r":10},"to":{"q":0,"r":0},"msg":"findPath: no valid path found"}
{"level":30,"time":1774382618756,"pid":1603455,"hostname":"TempleOfZyminx","from":{"q":0,"r":10},"to":{"q":0,"r":1},"msg":"findPath: no valid path found"}
{"level":30,"time":1774382618756,"pid":1603455,"hostname":"TempleOfZyminx","from":{"q":0,"r":10},"to":{"q":0,"r":2},"msg":"findPath: no valid path found"}
{"level":30,"time":1774382618756,"pid":1603455,"hostname":"TempleOfZyminx","from":{"q":0,"r":10},"to":{"q":0,"r":3},"msg":"findPath: no valid path found"}
{"level":30,"time":1774382618756,"pid":1603455,"hostname":"TempleOfZyminx","from":{"q":0,"r":10},"to":{"q":0,"r":4},"msg":"findPath: no valid path found"}
{"level":30,"time":1774382618756,"pid":1603455,"hostname":"TempleOfZyminx","from":{"q":0,"r":10},"to":{"q":0,"r":5},"msg":"findPath: no valid path found"}
{"level":30,"time":1774382618756,"pid":1603455,"hostname":"TempleOfZyminx","from":{"q":0,"r":10},"to":{"q":0,"r":6},"msg":"findPath: no valid path found"}
{"level":30,"time":1774382618756,"pid":1603455,"hostname":"TempleOfZyminx","from":{"q":0,"r":10},"to":{"q":0,"r":14},"msg":"findPath: no valid path found"}
{"level":30,"time":1774382618756,"pid":1603455,"hostname":"TempleOfZyminx","from":{"q":0,"r":10},"to":{"q":0,"r":15},"msg":"findPath: no valid path found"}
{"level":30,"time":1774382618756,"pid":1603455,"hostname":"TempleOfZyminx","from":{"q":0,"r":10},"to":{"q":0,"r":16},"msg":"findPath: no valid path found"}
{"level":30,"time":1774382618756,"pid":1603455,"hostname":"TempleOfZyminx","from":{"q":0,"r":10},"to":{"q":0,"r":17},"msg":"findPath: no valid path found"}
{"level":30,"time":1774382618756,"pid":1603455,"hostname":"TempleOfZyminx","from":{"q":0,"r":10},"to":{"q":0,"r":18},"msg":"findPath: no valid path found"}
{"level":30,"time":1774382618756,"pid":1603455,"hostname":"TempleOfZyminx","from":{"q":0,"r":10},"to":{"q":0,"r":19},"msg":"findPath: no valid path found"}
{"level":30,"time":1774382618756,"pid":1603455,"hostname":"TempleOfZyminx","from":{"q":0,"r":10},"to":{"q":0,"r":20},"msg":"findPath: no valid path found"}
{"level":30,"time":1774382618756,"pid":1603455,"hostname":"TempleOfZyminx","from":{"q":0,"r":10},"to":{"q":0,"r":21},"msg":"findPath: no valid path found"}
{"level":30,"time":1774382618756,"pid":1603455,"hostname":"TempleOfZyminx","from":{"q":0,"r":10},"to":{"q":1,"r":0},"msg":"findPath: no valid path found"}
{"level":30,"time":1774382618756,"pid":1603455,"hostname":"TempleOfZyminx","from":{"q":0,"r":10},"to":{"q":1,"r":1},"msg":"findPath: no valid path found"}
{"level":30,"time":1774382618756,"pid":1603455,"hostname":"TempleOfZyminx","from":{"q":0,"r":10},"to":{"q":1,"r":2},"msg":"findPath: no valid path found"}
{"level":30,"time":1774382618757,"pid":1603455,"hostname":"TempleOfZyminx","from":{"q":0,"r":10},"to":{"q":1,"r":3},"msg":"findPath: no valid path found"}
{"level":30,"time":1774382618757,"pid":1603455,"hostname":"TempleOfZyminx","from":{"q":0,"r":10},"to":{"q":1,"r":4},"msg":"findPath: no valid path found"}
{"level":30,"time":1774382618757,"pid":1603455,"hostname":"TempleOfZyminx","from":{"q":0,"r":10},"to":{"q":1,"r":5},"msg":"findPath: no valid path found"}
{"level":30,"time":1774382618757,"pid":1603455,"hostname":"TempleOfZyminx","from":{"q":0,"r":10},"to":{"q":1,"r":6},"msg":"findPath: no valid path found"}
{"level":30,"time":1774382618757,"pid":1603455,"hostname":"TempleOfZyminx","from":{"q":0,"r":10},"to":{"q":1,"r":13},"msg":"findPath: no valid path found"}
{"level":30,"time":1774382618757,"pid":1603455,"hostname":"TempleOfZyminx","from":{"q":0,"r":10},"to":{"q":1,"r":14},"msg":"findPath: no valid path found"}
{"level":30,"time":1774382618757,"pid":1603455,"hostname":"TempleOfZyminx","from":{"q":0,"r":10},"to":{"q":1,"r":15},"msg":"findPath: no valid path found"}
{"level":30,"time":1774382618757,"pid":1603455,"hostname":"TempleOfZyminx","from":{"q":0,"r":10},"to":{"q":1,"r":16},"msg":"findPath: no valid path found"}
{"level":30,"time":1774382618757,"pid":1603455,"hostname":"TempleOfZyminx","from":{"q":0,"r":10},"to":{"q":1,"r":17},"msg":"findPath: no valid path found"}
{"level":30,"time":1774382618757,"pid":1603455,"hostname":"TempleOfZyminx","from":{"q":0,"r":10},"to":{"q":1,"r":18},"msg":"findPath: no valid path found"}
{"level":30,"time":1774382618757,"pid":1603455,"hostname":"TempleOfZyminx","from":{"q":0,"r":10},"to":{"q":1,"r":19},"msg":"findPath: no valid path found"}
{"level":30,"time":1774382618757,"pid":1603455,"hostname":"TempleOfZyminx","from":{"q":0,"r":10},"to":{"q":1,"r":20},"msg":"findPath: no valid path found"}
{"level":30,"time":1774382618757,"pid":1603455,"hostname":"TempleOfZyminx","from":{"q":0,"r":10},"to":{"q":1,"r":21},"msg":"findPath: no valid path found"}
{"level":30,"time":1774382618757,"pid":1603455,"hostname":"TempleOfZyminx","from":{"q":0,"r":10},"to":{"q":2,"r":0},"msg":"findPath: no valid path found"}
{"level":30,"time":1774382618757,"pid":1603455,"hostname":"TempleOfZyminx","from":{"q":0,"r":10},"to":{"q":2,"r":1},"msg":"findPath: no valid path found"}
{"level":30,"time":1774382618757,"pid":1603455,"hostname":"TempleOfZyminx","from":{"q":0,"r":10},"to":{"q":2,"r":2},"msg":"findPath: no valid path found"}
{"level":30,"time":1774382618757,"pid":1603455,"hostname":"TempleOfZyminx","from":{"q":0,"r":10},"to":{"q":2,"r":3},"msg":"findPath: no valid path found"}
{"level":30,"time":1774382618757,"pid":1603455,"hostname":"TempleOfZyminx","from":{"q":0,"r":10},"to":{"q":2,"r":4},"msg":"findPath: no valid path found"}
{"level":30,"time":1774382618757,"pid":1603455,"hostname":"TempleOfZyminx","from":{"q":0,"r":10},"to":{"q":2,"r":5},"msg":"findPath: no valid path found"}
{"level":30,"time":1774382618757,"pid":1603455,"hostname":"TempleOfZyminx","from":{"q":0,"r":10},"to":{"q":2,"r":6},"msg":"findPath: no valid path found"}
{"level":30,"time":1774382618758,"pid":1603455,"hostname":"TempleOfZyminx","from":{"q":0,"r":10},"to":{"q":2,"r":12},"msg":"findPath: no valid path found"}
{"level":30,"time":1774382618758,"pid":1603455,"hostname":"TempleOfZyminx","from":{"q":0,"r":10},"to":{"q":2,"r":13},"msg":"findPath: no valid path found"}
{"level":30,"time":1774382618758,"pid":1603455,"hostname":"TempleOfZyminx","from":{"q":0,"r":10},"to":{"q":2,"r":14},"msg":"findPath: no valid path found"}
{"level":30,"time":1774382618758,"pid":1603455,"hostname":"TempleOfZyminx","from":{"q":0,"r":10},"to":{"q":2,"r":15},"msg":"findPath: no valid path found"}
{"level":30,"time":1774382618758,"pid":1603455,"hostname":"TempleOfZyminx","from":{"q":0,"r":10},"to":{"q":2,"r":16},"msg":"findPath: no valid path found"}
{"level":30,"time":1774382618758,"pid":1603455,"hostname":"TempleOfZyminx","from":{"q":0,"r":10},"to":{"q":2,"r":17},"msg":"findPath: no valid path found"}
{"level":30,"time":1774382618758,"pid":1603455,"hostname":"TempleOfZyminx","from":{"q":0,"r":10},"to":{"q":2,"r":18},"msg":"findPath: no valid path found"}
{"level":30,"time":1774382618758,"pid":1603455,"hostname":"TempleOfZyminx","from":{"q":0,"r":10},"to":{"q":2,"r":19},"msg":"findPath: no valid path found"}
{"level":30,"time":1774382618758,"pid":1603455,"hostname":"TempleOfZyminx","from":{"q":0,"r":10},"to":{"q":2,"r":20},"msg":"findPath: no valid path found"}
{"level":30,"time":1774382618758,"pid":1603455,"hostname":"TempleOfZyminx","from":{"q":0,"r":10},"to":{"q":2,"r":21},"msg":"findPath: no valid path found"}
{"level":30,"time":1774382618758,"pid":1603455,"hostname":"TempleOfZyminx","from":{"q":0,"r":10},"to":{"q":3,"r":0},"msg":"findPath: no valid path found"}
{"level":30,"time":1774382618758,"pid":1603455,"hostname":"TempleOfZyminx","from":{"q":0,"r":10},"to":{"q":3,"r":1},"msg":"findPath: no valid path found"}
{"level":30,"time":1774382618758,"pid":1603455,"hostname":"TempleOfZyminx","from":{"q":0,"r":10},"to":{"q":3,"r":2},"msg":"findPath: no valid path found"}
{"level":30,"time":1774382618758,"pid":1603455,"hostname":"TempleOfZyminx","from":{"q":0,"r":10},"to":{"q":3,"r":3},"msg":"findPath: no valid path found"}
{"level":30,"time":1774382618758,"pid":1603455,"hostname":"TempleOfZyminx","from":{"q":0,"r":10},"to":{"q":3,"r":4},"msg":"findPath: no valid path found"}
{"level":30,"time":1774382618758,"pid":1603455,"hostname":"TempleOfZyminx","from":{"q":0,"r":10},"to":{"q":3,"r":5},"msg":"findPath: no valid path found"}
{"level":30,"time":1774382618758,"pid":1603455,"hostname":"TempleOfZyminx","from":{"q":0,"r":10},"to":{"q":3,"r":6},"msg":"findPath: no valid path found"}
{"level":30,"time":1774382618758,"pid":1603455,"hostname":"TempleOfZyminx","from":{"q":0,"r":10},"to":{"q":3,"r":8},"msg":"findPath: no valid path found"}
{"level":30,"time":1774382618758,"pid":1603455,"hostname":"TempleOfZyminx","from":{"q":0,"r":10},"to":{"q":3,"r":11},"msg":"findPath: no valid path found"}
{"level":30,"time":1774382618758,"pid":1603455,"hostname":"TempleOfZyminx","from":{"q":0,"r":10},"to":{"q":3,"r":12},"msg":"findPath: no valid path found"}
{"level":30,"time":1774382618758,"pid":1603455,"hostname":"TempleOfZyminx","from":{"q":0,"r":10},"to":{"q":3,"r":13},"msg":"findPath: no valid path found"}
{"level":30,"time":1774382618758,"pid":1603455,"hostname":"TempleOfZyminx","from":{"q":0,"r":10},"to":{"q":3,"r":14},"msg":"findPath: no valid path found"}
{"level":30,"time":1774382618758,"pid":1603455,"hostname":"TempleOfZyminx","from":{"q":0,"r":10},"to":{"q":3,"r":15},"msg":"findPath: no valid path found"}
{"level":30,"time":1774382618759,"pid":1603455,"hostname":"TempleOfZyminx","from":{"q":0,"r":10},"to":{"q":3,"r":16},"msg":"findPath: no valid path found"}
{"level":30,"time":1774382618759,"pid":1603455,"hostname":"TempleOfZyminx","from":{"q":0,"r":10},"to":{"q":3,"r":17},"msg":"findPath: no valid path found"}
{"level":30,"time":1774382618759,"pid":1603455,"hostname":"TempleOfZyminx","from":{"q":0,"r":10},"to":{"q":3,"r":18},"msg":"findPath: no valid path found"}
{"level":30,"time":1774382618759,"pid":1603455,"hostname":"TempleOfZyminx","from":{"q":0,"r":10},"to":{"q":3,"r":19},"msg":"findPath: no valid path found"}
{"level":30,"time":1774382618759,"pid":1603455,"hostname":"TempleOfZyminx","from":{"q":0,"r":10},"to":{"q":3,"r":20},"msg":"findPath: no valid path found"}
{"level":30,"time":1774382618759,"pid":1603455,"hostname":"TempleOfZyminx","from":{"q":0,"r":10},"to":{"q":3,"r":21},"msg":"findPath: no valid path found"}
{"level":30,"time":1774382618759,"pid":1603455,"hostname":"TempleOfZyminx","from":{"q":0,"r":10},"to":{"q":4,"r":0},"msg":"findPath: no valid path found"}
{"level":30,"time":1774382618759,"pid":1603455,"hostname":"TempleOfZyminx","from":{"q":0,"r":10},"to":{"q":4,"r":1},"msg":"findPath: no valid path found"}
{"level":30,"time":1774382618759,"pid":1603455,"hostname":"TempleOfZyminx","from":{"q":0,"r":10},"to":{"q":4,"r":2},"msg":"findPath: no valid path found"}
{"level":30,"time":1774382618759,"pid":1603455,"hostname":"TempleOfZyminx","from":{"q":0,"r":10},"to":{"q":4,"r":3},"msg":"findPath: no valid path found"}
{"level":30,"time":1774382618759,"pid":1603455,"hostname":"TempleOfZyminx","from":{"q":0,"r":10},"to":{"q":4,"r":4},"msg":"findPath: no valid path found"}
{"level":30,"time":1774382618759,"pid":1603455,"hostname":"TempleOfZyminx","from":{"q":0,"r":10},"to":{"q":4,"r":5},"msg":"findPath: no valid path found"}
{"level":30,"time":1774382618759,"pid":1603455,"hostname":"TempleOfZyminx","from":{"q":0,"r":10},"to":{"q":4,"r":6},"msg":"findPath: no valid path found"}
{"level":30,"time":1774382618759,"pid":1603455,"hostname":"TempleOfZyminx","from":{"q":0,"r":10},"to":{"q":4,"r":8},"msg":"findPath: no valid path found"}
{"level":30,"time":1774382618759,"pid":1603455,"hostname":"TempleOfZyminx","from":{"q":0,"r":10},"to":{"q":4,"r":9},"msg":"findPath: no valid path found"}
{"level":30,"time":1774382618759,"pid":1603455,"hostname":"TempleOfZyminx","from":{"q":0,"r":10},"to":{"q":4,"r":10},"msg":"findPath: no valid path found"}
{"level":30,"time":1774382618759,"pid":1603455,"hostname":"TempleOfZyminx","from":{"q":0,"r":10},"to":{"q":4,"r":11},"msg":"findPath: no valid path found"}
{"level":30,"time":1774382618759,"pid":1603455,"hostname":"TempleOfZyminx","from":{"q":0,"r":10},"to":{"q":4,"r":12},"msg":"findPath: no valid path found"}
{"level":30,"time":1774382618759,"pid":1603455,"hostname":"TempleOfZyminx","from":{"q":0,"r":10},"to":{"q":4,"r":13},"msg":"findPath: no valid path found"}
{"level":30,"time":1774382618759,"pid":1603455,"hostname":"TempleOfZyminx","from":{"q":0,"r":10},"to":{"q":4,"r":14},"msg":"findPath: no valid path found"}
{"level":30,"time":1774382618759,"pid":1603455,"hostname":"TempleOfZyminx","from":{"q":0,"r":10},"to":{"q":4,"r":15},"msg":"findPath: no valid path found"}
{"level":30,"time":1774382618759,"pid":1603455,"hostname":"TempleOfZyminx","from":{"q":0,"r":10},"to":{"q":4,"r":16},"msg":"findPath: no valid path found"}
{"level":30,"time":1774382618759,"pid":1603455,"hostname":"TempleOfZyminx","from":{"q":0,"r":10},"to":{"q":4,"r":17},"msg":"findPath: no valid path found"}
{"level":30,"time":1774382618759,"pid":1603455,"hostname":"TempleOfZyminx","from":{"q":0,"r":10},"to":{"q":4,"r":18},"msg":"findPath: no valid path found"}
{"level":30,"time":1774382618759,"pid":1603455,"hostname":"TempleOfZyminx","from":{"q":0,"r":10},"to":{"q":4,"r":19},"msg":"findPath: no valid path found"}
{"level":30,"time":1774382618759,"pid":1603455,"hostname":"TempleOfZyminx","from":{"q":0,"r":10},"to":{"q":4,"r":20},"msg":"findPath: no valid path found"}
{"level":30,"time":1774382618760,"pid":1603455,"hostname":"TempleOfZyminx","from":{"q":0,"r":10},"to":{"q":4,"r":21},"msg":"findPath: no valid path found"}
{"level":30,"time":1774382618760,"pid":1603455,"hostname":"TempleOfZyminx","from":{"q":0,"r":10},"to":{"q":5,"r":0},"msg":"findPath: no valid path found"}
{"level":30,"time":1774382618760,"pid":1603455,"hostname":"TempleOfZyminx","from":{"q":0,"r":10},"to":{"q":5,"r":1},"msg":"findPath: no valid path found"}
{"level":30,"time":1774382618760,"pid":1603455,"hostname":"TempleOfZyminx","from":{"q":0,"r":10},"to":{"q":5,"r":2},"msg":"findPath: no valid path found"}
{"level":30,"time":1774382618760,"pid":1603455,"hostname":"TempleOfZyminx","from":{"q":0,"r":10},"to":{"q":5,"r":3},"msg":"findPath: no valid path found"}
{"level":30,"time":1774382618760,"pid":1603455,"hostname":"TempleOfZyminx","from":{"q":0,"r":10},"to":{"q":5,"r":4},"msg":"findPath: no valid path found"}
{"level":30,"time":1774382618760,"pid":1603455,"hostname":"TempleOfZyminx","from":{"q":0,"r":10},"to":{"q":5,"r":5},"msg":"findPath: no valid path found"}
{"level":30,"time":1774382618760,"pid":1603455,"hostname":"TempleOfZyminx","from":{"q":0,"r":10},"to":{"q":5,"r":8},"msg":"findPath: no valid path found"}
{"level":30,"time":1774382618760,"pid":1603455,"hostname":"TempleOfZyminx","from":{"q":0,"r":10},"to":{"q":5,"r":9},"msg":"findPath: no valid path found"}
{"level":30,"time":1774382618760,"pid":1603455,"hostname":"TempleOfZyminx","from":{"q":0,"r":10},"to":{"q":5,"r":10},"msg":"findPath: no valid path found"}
{"level":30,"time":1774382618760,"pid":1603455,"hostname":"TempleOfZyminx","from":{"q":0,"r":10},"to":{"q":5,"r":11},"msg":"findPath: no valid path found"}
{"level":30,"time":1774382618760,"pid":1603455,"hostname":"TempleOfZyminx","from":{"q":0,"r":10},"to":{"q":5,"r":12},"msg":"findPath: no valid path found"}
{"level":30,"time":1774382618760,"pid":1603455,"hostname":"TempleOfZyminx","from":{"q":0,"r":10},"to":{"q":5,"r":13},"msg":"findPath: no valid path found"}
{"level":30,"time":1774382618760,"pid":1603455,"hostname":"TempleOfZyminx","from":{"q":0,"r":10},"to":{"q":5,"r":14},"msg":"findPath: no valid path found"}
{"level":30,"time":1774382618760,"pid":1603455,"hostname":"TempleOfZyminx","from":{"q":0,"r":10},"to":{"q":5,"r":15},"msg":"findPath: no valid path found"}
{"level":30,"time":1774382618760,"pid":1603455,"hostname":"TempleOfZyminx","from":{"q":0,"r":10},"to":{"q":5,"r":16},"msg":"findPath: no valid path found"}
{"level":30,"time":1774382618761,"pid":1603455,"hostname":"TempleOfZyminx","from":{"q":0,"r":10},"to":{"q":5,"r":17},"msg":"findPath: no valid path found"}
{"level":30,"time":1774382618761,"pid":1603455,"hostname":"TempleOfZyminx","from":{"q":0,"r":10},"to":{"q":5,"r":18},"msg":"findPath: no valid path found"}
{"level":30,"time":1774382618761,"pid":1603455,"hostname":"TempleOfZyminx","from":{"q":0,"r":10},"to":{"q":5,"r":19},"msg":"findPath: no valid path found"}
{"level":30,"time":1774382618761,"pid":1603455,"hostname":"TempleOfZyminx","from":{"q":0,"r":10},"to":{"q":5,"r":20},"msg":"findPath: no valid path found"}
{"level":30,"time":1774382618761,"pid":1603455,"hostname":"TempleOfZyminx","from":{"q":0,"r":10},"to":{"q":5,"r":21},"msg":"findPath: no valid path found"}
{"level":30,"time":1774382618761,"pid":1603455,"hostname":"TempleOfZyminx","from":{"q":0,"r":10},"to":{"q":6,"r":0},"msg":"findPath: no valid path found"}
{"level":30,"time":1774382618761,"pid":1603455,"hostname":"TempleOfZyminx","from":{"q":0,"r":10},"to":{"q":6,"r":1},"msg":"findPath: no valid path found"}
{"level":30,"time":1774382618761,"pid":1603455,"hostname":"TempleOfZyminx","from":{"q":0,"r":10},"to":{"q":6,"r":2},"msg":"findPath: no valid path found"}
{"level":30,"time":1774382618761,"pid":1603455,"hostname":"TempleOfZyminx","from":{"q":0,"r":10},"to":{"q":6,"r":3},"msg":"findPath: no valid path found"}
{"level":30,"time":1774382618761,"pid":1603455,"hostname":"TempleOfZyminx","from":{"q":0,"r":10},"to":{"q":6,"r":5},"msg":"findPath: no valid path found"}
{"level":30,"time":1774382618761,"pid":1603455,"hostname":"TempleOfZyminx","from":{"q":0,"r":10},"to":{"q":6,"r":7},"msg":"findPath: no valid path found"}
{"level":30,"time":1774382618761,"pid":1603455,"hostname":"TempleOfZyminx","from":{"q":0,"r":10},"to":{"q":6,"r":8},"msg":"findPath: no valid path found"}
{"level":30,"time":1774382618761,"pid":1603455,"hostname":"TempleOfZyminx","from":{"q":0,"r":10},"to":{"q":6,"r":9},"msg":"findPath: no valid path found"}
{"level":30,"time":1774382618762,"pid":1603455,"hostname":"TempleOfZyminx","from":{"q":0,"r":10},"to":{"q":6,"r":10},"msg":"findPath: no valid path found"}
{"level":30,"time":1774382618762,"pid":1603455,"hostname":"TempleOfZyminx","from":{"q":0,"r":10},"to":{"q":6,"r":11},"msg":"findPath: no valid path found"}
{"level":30,"time":1774382618762,"pid":1603455,"hostname":"TempleOfZyminx","from":{"q":0,"r":10},"to":{"q":6,"r":12},"msg":"findPath: no valid path found"}
{"level":30,"time":1774382618762,"pid":1603455,"hostname":"TempleOfZyminx","from":{"q":0,"r":10},"to":{"q":6,"r":13},"msg":"findPath: no valid path found"}
{"level":30,"time":1774382618762,"pid":1603455,"hostname":"TempleOfZyminx","from":{"q":0,"r":10},"to":{"q":6,"r":14},"msg":"findPath: no valid path found"}
{"level":30,"time":1774382618762,"pid":1603455,"hostname":"TempleOfZyminx","from":{"q":0,"r":10},"to":{"q":6,"r":15},"msg":"findPath: no valid path found"}
{"level":30,"time":1774382618762,"pid":1603455,"hostname":"TempleOfZyminx","from":{"q":0,"r":10},"to":{"q":6,"r":16},"msg":"findPath: no valid path found"}
{"level":30,"time":1774382618762,"pid":1603455,"hostname":"TempleOfZyminx","from":{"q":0,"r":10},"to":{"q":6,"r":17},"msg":"findPath: no valid path found"}
{"level":30,"time":1774382618762,"pid":1603455,"hostname":"TempleOfZyminx","from":{"q":0,"r":10},"to":{"q":6,"r":18},"msg":"findPath: no valid path found"}
{"level":30,"time":1774382618762,"pid":1603455,"hostname":"TempleOfZyminx","from":{"q":0,"r":10},"to":{"q":6,"r":19},"msg":"findPath: no valid path found"}
{"level":30,"time":1774382618762,"pid":1603455,"hostname":"TempleOfZyminx","from":{"q":0,"r":10},"to":{"q":6,"r":20},"msg":"findPath: no valid path found"}
{"level":30,"time":1774382618762,"pid":1603455,"hostname":"TempleOfZyminx","from":{"q":0,"r":10},"to":{"q":6,"r":21},"msg":"findPath: no valid path found"}
{"level":30,"time":1774382618762,"pid":1603455,"hostname":"TempleOfZyminx","from":{"q":0,"r":10},"to":{"q":7,"r":0},"msg":"findPath: no valid path found"}
{"level":30,"time":1774382618762,"pid":1603455,"hostname":"TempleOfZyminx","from":{"q":0,"r":10},"to":{"q":7,"r":1},"msg":"findPath: no valid path found"}
{"level":30,"time":1774382618762,"pid":1603455,"hostname":"TempleOfZyminx","from":{"q":0,"r":10},"to":{"q":7,"r":2},"msg":"findPath: no valid path found"}
{"level":30,"time":1774382618762,"pid":1603455,"hostname":"TempleOfZyminx","from":{"q":0,"r":10},"to":{"q":7,"r":4},"msg":"findPath: no valid path found"}
{"level":30,"time":1774382618762,"pid":1603455,"hostname":"TempleOfZyminx","from":{"q":0,"r":10},"to":{"q":7,"r":5},"msg":"findPath: no valid path found"}
{"level":30,"time":1774382618762,"pid":1603455,"hostname":"TempleOfZyminx","from":{"q":0,"r":10},"to":{"q":7,"r":6},"msg":"findPath: no valid path found"}
{"level":30,"time":1774382618762,"pid":1603455,"hostname":"TempleOfZyminx","from":{"q":0,"r":10},"to":{"q":7,"r":7},"msg":"findPath: no valid path found"}
{"level":30,"time":1774382618762,"pid":1603455,"hostname":"TempleOfZyminx","from":{"q":0,"r":10},"to":{"q":7,"r":8},"msg":"findPath: no valid path found"}
{"level":30,"time":1774382618762,"pid":1603455,"hostname":"TempleOfZyminx","from":{"q":0,"r":10},"to":{"q":7,"r":9},"msg":"findPath: no valid path found"}
{"level":30,"time":1774382618762,"pid":1603455,"hostname":"TempleOfZyminx","from":{"q":0,"r":10},"to":{"q":7,"r":10},"msg":"findPath: no valid path found"}
{"level":30,"time":1774382618762,"pid":1603455,"hostname":"TempleOfZyminx","from":{"q":0,"r":10},"to":{"q":7,"r":11},"msg":"findPath: no valid path found"}
{"level":30,"time":1774382618762,"pid":1603455,"hostname":"TempleOfZyminx","from":{"q":0,"r":10},"to":{"q":7,"r":12},"msg":"findPath: no valid path found"}
{"level":30,"time":1774382618762,"pid":1603455,"hostname":"TempleOfZyminx","from":{"q":0,"r":10},"to":{"q":7,"r":13},"msg":"findPath: no valid path found"}
{"level":30,"time":1774382618762,"pid":1603455,"hostname":"TempleOfZyminx","from":{"q":0,"r":10},"to":{"q":7,"r":14},"msg":"findPath: no valid path found"}
{"level":30,"time":1774382618763,"pid":1603455,"hostname":"TempleOfZyminx","from":{"q":0,"r":10},"to":{"q":7,"r":15},"msg":"findPath: no valid path found"}
{"level":30,"time":1774382618763,"pid":1603455,"hostname":"TempleOfZyminx","from":{"q":0,"r":10},"to":{"q":7,"r":16},"msg":"findPath: no valid path found"}
{"level":30,"time":1774382618763,"pid":1603455,"hostname":"TempleOfZyminx","from":{"q":0,"r":10},"to":{"q":7,"r":17},"msg":"findPath: no valid path found"}
{"level":30,"time":1774382618763,"pid":1603455,"hostname":"TempleOfZyminx","from":{"q":0,"r":10},"to":{"q":7,"r":18},"msg":"findPath: no valid path found"}
{"level":30,"time":1774382618763,"pid":1603455,"hostname":"TempleOfZyminx","from":{"q":0,"r":10},"to":{"q":7,"r":19},"msg":"findPath: no valid path found"}
{"level":30,"time":1774382618763,"pid":1603455,"hostname":"TempleOfZyminx","from":{"q":0,"r":10},"to":{"q":7,"r":20},"msg":"findPath: no valid path found"}
{"level":30,"time":1774382618763,"pid":1603455,"hostname":"TempleOfZyminx","from":{"q":0,"r":10},"to":{"q":7,"r":21},"msg":"findPath: no valid path found"}
{"level":30,"time":1774382618763,"pid":1603455,"hostname":"TempleOfZyminx","from":{"q":0,"r":10},"to":{"q":8,"r":0},"msg":"findPath: no valid path found"}
{"level":30,"time":1774382618763,"pid":1603455,"hostname":"TempleOfZyminx","from":{"q":0,"r":10},"to":{"q":8,"r":1},"msg":"findPath: no valid path found"}
{"level":30,"time":1774382618763,"pid":1603455,"hostname":"TempleOfZyminx","from":{"q":0,"r":10},"to":{"q":8,"r":2},"msg":"findPath: no valid path found"}
{"level":30,"time":1774382618763,"pid":1603455,"hostname":"TempleOfZyminx","from":{"q":0,"r":10},"to":{"q":8,"r":3},"msg":"findPath: no valid path found"}
{"level":30,"time":1774382618763,"pid":1603455,"hostname":"TempleOfZyminx","from":{"q":0,"r":10},"to":{"q":8,"r":4},"msg":"findPath: no valid path found"}
{"level":30,"time":1774382618763,"pid":1603455,"hostname":"TempleOfZyminx","from":{"q":0,"r":10},"to":{"q":8,"r":5},"msg":"findPath: no valid path found"}
{"level":30,"time":1774382618763,"pid":1603455,"hostname":"TempleOfZyminx","from":{"q":0,"r":10},"to":{"q":8,"r":6},"msg":"findPath: no valid path found"}
{"level":30,"time":1774382618763,"pid":1603455,"hostname":"TempleOfZyminx","from":{"q":0,"r":10},"to":{"q":8,"r":7},"msg":"findPath: no valid path found"}
{"level":30,"time":1774382618763,"pid":1603455,"hostname":"TempleOfZyminx","from":{"q":0,"r":10},"to":{"q":8,"r":8},"msg":"findPath: no valid path found"}
{"level":30,"time":1774382618763,"pid":1603455,"hostname":"TempleOfZyminx","from":{"q":0,"r":10},"to":{"q":8,"r":9},"msg":"findPath: no valid path found"}
{"level":30,"time":1774382618763,"pid":1603455,"hostname":"TempleOfZyminx","from":{"q":0,"r":10},"to":{"q":8,"r":10},"msg":"findPath: no valid path found"}
{"level":30,"time":1774382618763,"pid":1603455,"hostname":"TempleOfZyminx","from":{"q":0,"r":10},"to":{"q":8,"r":11},"msg":"findPath: no valid path found"}
{"level":30,"time":1774382618763,"pid":1603455,"hostname":"TempleOfZyminx","from":{"q":0,"r":10},"to":{"q":8,"r":12},"msg":"findPath: no valid path found"}
{"level":30,"time":1774382618763,"pid":1603455,"hostname":"TempleOfZyminx","from":{"q":0,"r":10},"to":{"q":8,"r":13},"msg":"findPath: no valid path found"}
{"level":30,"time":1774382618763,"pid":1603455,"hostname":"TempleOfZyminx","from":{"q":0,"r":10},"to":{"q":8,"r":14},"msg":"findPath: no valid path found"}
{"level":30,"time":1774382618763,"pid":1603455,"hostname":"TempleOfZyminx","from":{"q":0,"r":10},"to":{"q":8,"r":15},"msg":"findPath: no valid path found"}
{"level":30,"time":1774382618763,"pid":1603455,"hostname":"TempleOfZyminx","from":{"q":0,"r":10},"to":{"q":8,"r":16},"msg":"findPath: no valid path found"}
{"level":30,"time":1774382618763,"pid":1603455,"hostname":"TempleOfZyminx","from":{"q":0,"r":10},"to":{"q":8,"r":17},"msg":"findPath: no valid path found"}
{"level":30,"time":1774382618763,"pid":1603455,"hostname":"TempleOfZyminx","from":{"q":0,"r":10},"to":{"q":8,"r":18},"msg":"findPath: no valid path found"}
{"level":30,"time":1774382618764,"pid":1603455,"hostname":"TempleOfZyminx","from":{"q":0,"r":10},"to":{"q":8,"r":19},"msg":"findPath: no valid path found"}
{"level":30,"time":1774382618764,"pid":1603455,"hostname":"TempleOfZyminx","from":{"q":0,"r":10},"to":{"q":8,"r":20},"msg":"findPath: no valid path found"}
{"level":30,"time":1774382618764,"pid":1603455,"hostname":"TempleOfZyminx","from":{"q":0,"r":10},"to":{"q":8,"r":21},"msg":"findPath: no valid path found"}
{"level":30,"time":1774382618764,"pid":1603455,"hostname":"TempleOfZyminx","from":{"q":0,"r":10},"to":{"q":9,"r":0},"msg":"findPath: no valid path found"}
{"level":30,"time":1774382618764,"pid":1603455,"hostname":"TempleOfZyminx","from":{"q":0,"r":10},"to":{"q":9,"r":1},"msg":"findPath: no valid path found"}
{"level":30,"time":1774382618764,"pid":1603455,"hostname":"TempleOfZyminx","from":{"q":0,"r":10},"to":{"q":9,"r":2},"msg":"findPath: no valid path found"}
{"level":30,"time":1774382618764,"pid":1603455,"hostname":"TempleOfZyminx","from":{"q":0,"r":10},"to":{"q":9,"r":3},"msg":"findPath: no valid path found"}
{"level":30,"time":1774382618764,"pid":1603455,"hostname":"TempleOfZyminx","from":{"q":0,"r":10},"to":{"q":9,"r":4},"msg":"findPath: no valid path found"}
{"level":30,"time":1774382618764,"pid":1603455,"hostname":"TempleOfZyminx","from":{"q":0,"r":10},"to":{"q":9,"r":5},"msg":"findPath: no valid path found"}
{"level":30,"time":1774382618764,"pid":1603455,"hostname":"TempleOfZyminx","from":{"q":0,"r":10},"to":{"q":9,"r":6},"msg":"findPath: no valid path found"}
{"level":30,"time":1774382618764,"pid":1603455,"hostname":"TempleOfZyminx","from":{"q":0,"r":10},"to":{"q":9,"r":7},"msg":"findPath: no valid path found"}
{"level":30,"time":1774382618764,"pid":1603455,"hostname":"TempleOfZyminx","from":{"q":0,"r":10},"to":{"q":9,"r":8},"msg":"findPath: no valid path found"}
{"level":30,"time":1774382618764,"pid":1603455,"hostname":"TempleOfZyminx","from":{"q":0,"r":10},"to":{"q":9,"r":9},"msg":"findPath: no valid path found"}
{"level":30,"time":1774382618764,"pid":1603455,"hostname":"TempleOfZyminx","from":{"q":0,"r":10},"to":{"q":9,"r":10},"msg":"findPath: no valid path found"}
{"level":30,"time":1774382618764,"pid":1603455,"hostname":"TempleOfZyminx","from":{"q":0,"r":10},"to":{"q":9,"r":11},"msg":"findPath: no valid path found"}
{"level":30,"time":1774382618764,"pid":1603455,"hostname":"TempleOfZyminx","from":{"q":0,"r":10},"to":{"q":9,"r":12},"msg":"findPath: no valid path found"}
{"level":30,"time":1774382618764,"pid":1603455,"hostname":"TempleOfZyminx","from":{"q":0,"r":10},"to":{"q":9,"r":13},"msg":"findPath: no valid path found"}
{"level":30,"time":1774382618764,"pid":1603455,"hostname":"TempleOfZyminx","from":{"q":0,"r":10},"to":{"q":9,"r":14},"msg":"findPath: no valid path found"}
{"level":30,"time":1774382618764,"pid":1603455,"hostname":"TempleOfZyminx","from":{"q":0,"r":10},"to":{"q":9,"r":15},"msg":"findPath: no valid path found"}
{"level":30,"time":1774382618764,"pid":1603455,"hostname":"TempleOfZyminx","from":{"q":0,"r":10},"to":{"q":9,"r":16},"msg":"findPath: no valid path found"}
{"level":30,"time":1774382618764,"pid":1603455,"hostname":"TempleOfZyminx","from":{"q":0,"r":10},"to":{"q":9,"r":17},"msg":"findPath: no valid path found"}
{"level":30,"time":1774382618764,"pid":1603455,"hostname":"TempleOfZyminx","from":{"q":0,"r":10},"to":{"q":9,"r":18},"msg":"findPath: no valid path found"}
{"level":30,"time":1774382618764,"pid":1603455,"hostname":"TempleOfZyminx","from":{"q":0,"r":10},"to":{"q":9,"r":19},"msg":"findPath: no valid path found"}
{"level":30,"time":1774382618764,"pid":1603455,"hostname":"TempleOfZyminx","from":{"q":0,"r":10},"to":{"q":9,"r":20},"msg":"findPath: no valid path found"}
{"level":30,"time":1774382618764,"pid":1603455,"hostname":"TempleOfZyminx","from":{"q":0,"r":10},"to":{"q":9,"r":21},"msg":"findPath: no valid path found"}
{"level":30,"time":1774382618764,"pid":1603455,"hostname":"TempleOfZyminx","from":{"q":0,"r":10},"to":{"q":10,"r":0},"msg":"findPath: no valid path found"}
{"level":30,"time":1774382618764,"pid":1603455,"hostname":"TempleOfZyminx","from":{"q":0,"r":10},"to":{"q":10,"r":1},"msg":"findPath: no valid path found"}
{"level":30,"time":1774382618765,"pid":1603455,"hostname":"TempleOfZyminx","from":{"q":0,"r":10},"to":{"q":10,"r":2},"msg":"findPath: no valid path found"}
{"level":30,"time":1774382618765,"pid":1603455,"hostname":"TempleOfZyminx","from":{"q":0,"r":10},"to":{"q":10,"r":3},"msg":"findPath: no valid path found"}
{"level":30,"time":1774382618765,"pid":1603455,"hostname":"TempleOfZyminx","from":{"q":0,"r":10},"to":{"q":10,"r":4},"msg":"findPath: no valid path found"}
{"level":30,"time":1774382618765,"pid":1603455,"hostname":"TempleOfZyminx","from":{"q":0,"r":10},"to":{"q":10,"r":5},"msg":"findPath: no valid path found"}
{"level":30,"time":1774382618765,"pid":1603455,"hostname":"TempleOfZyminx","from":{"q":0,"r":10},"to":{"q":10,"r":6},"msg":"findPath: no valid path found"}
{"level":30,"time":1774382618765,"pid":1603455,"hostname":"TempleOfZyminx","from":{"q":0,"r":10},"to":{"q":10,"r":7},"msg":"findPath: no valid path found"}
{"level":30,"time":1774382618765,"pid":1603455,"hostname":"TempleOfZyminx","from":{"q":0,"r":10},"to":{"q":10,"r":8},"msg":"findPath: no valid path found"}
{"level":30,"time":1774382618765,"pid":1603455,"hostname":"TempleOfZyminx","from":{"q":0,"r":10},"to":{"q":10,"r":9},"msg":"findPath: no valid path found"}
{"level":30,"time":1774382618765,"pid":1603455,"hostname":"TempleOfZyminx","from":{"q":0,"r":10},"to":{"q":10,"r":10},"msg":"findPath: no valid path found"}
{"level":30,"time":1774382618765,"pid":1603455,"hostname":"TempleOfZyminx","from":{"q":0,"r":10},"to":{"q":10,"r":11},"msg":"findPath: no valid path found"}
{"level":30,"time":1774382618765,"pid":1603455,"hostname":"TempleOfZyminx","from":{"q":0,"r":10},"to":{"q":10,"r":12},"msg":"findPath: no valid path found"}
{"level":30,"time":1774382618765,"pid":1603455,"hostname":"TempleOfZyminx","from":{"q":0,"r":10},"to":{"q":10,"r":13},"msg":"findPath: no valid path found"}
{"level":30,"time":1774382618765,"pid":1603455,"hostname":"TempleOfZyminx","from":{"q":0,"r":10},"to":{"q":10,"r":14},"msg":"findPath: no valid path found"}
{"level":30,"time":1774382618765,"pid":1603455,"hostname":"TempleOfZyminx","from":{"q":0,"r":10},"to":{"q":10,"r":15},"msg":"findPath: no valid path found"}
{"level":30,"time":1774382618765,"pid":1603455,"hostname":"TempleOfZyminx","from":{"q":0,"r":10},"to":{"q":10,"r":16},"msg":"findPath: no valid path found"}
{"level":30,"time":1774382618765,"pid":1603455,"hostname":"TempleOfZyminx","from":{"q":0,"r":10},"to":{"q":10,"r":17},"msg":"findPath: no valid path found"}
{"level":30,"time":1774382618765,"pid":1603455,"hostname":"TempleOfZyminx","from":{"q":0,"r":10},"to":{"q":10,"r":18},"msg":"findPath: no valid path found"}
{"level":30,"time":1774382618765,"pid":1603455,"hostname":"TempleOfZyminx","from":{"q":0,"r":10},"to":{"q":10,"r":19},"msg":"findPath: no valid path found"}
{"level":30,"time":1774382618765,"pid":1603455,"hostname":"TempleOfZyminx","from":{"q":0,"r":10},"to":{"q":10,"r":20},"msg":"findPath: no valid path found"}
{"level":30,"time":1774382618765,"pid":1603455,"hostname":"TempleOfZyminx","from":{"q":0,"r":10},"to":{"q":10,"r":21},"msg":"findPath: no valid path found"}
{"level":30,"time":1774382618765,"pid":1603455,"hostname":"TempleOfZyminx","from":{"q":0,"r":10},"to":{"q":11,"r":0},"msg":"findPath: no valid path found"}
{"level":30,"time":1774382618765,"pid":1603455,"hostname":"TempleOfZyminx","from":{"q":0,"r":10},"to":{"q":11,"r":1},"msg":"findPath: no valid path found"}
{"level":30,"time":1774382618765,"pid":1603455,"hostname":"TempleOfZyminx","from":{"q":0,"r":10},"to":{"q":11,"r":2},"msg":"findPath: no valid path found"}
{"level":30,"time":1774382618765,"pid":1603455,"hostname":"TempleOfZyminx","from":{"q":0,"r":10},"to":{"q":11,"r":3},"msg":"findPath: no valid path found"}
{"level":30,"time":1774382618765,"pid":1603455,"hostname":"TempleOfZyminx","from":{"q":0,"r":10},"to":{"q":11,"r":4},"msg":"findPath: no valid path found"}
{"level":30,"time":1774382618765,"pid":1603455,"hostname":"TempleOfZyminx","from":{"q":0,"r":10},"to":{"q":11,"r":5},"msg":"findPath: no valid path found"}
{"level":30,"time":1774382618766,"pid":1603455,"hostname":"TempleOfZyminx","from":{"q":0,"r":10},"to":{"q":11,"r":6},"msg":"findPath: no valid path found"}
{"level":30,"time":1774382618766,"pid":1603455,"hostname":"TempleOfZyminx","from":{"q":0,"r":10},"to":{"q":11,"r":7},"msg":"findPath: no valid path found"}
{"level":30,"time":1774382618766,"pid":1603455,"hostname":"TempleOfZyminx","from":{"q":0,"r":10},"to":{"q":11,"r":8},"msg":"findPath: no valid path found"}
{"level":30,"time":1774382618766,"pid":1603455,"hostname":"TempleOfZyminx","from":{"q":0,"r":10},"to":{"q":11,"r":9},"msg":"findPath: no valid path found"}
{"level":30,"time":1774382618766,"pid":1603455,"hostname":"TempleOfZyminx","from":{"q":0,"r":10},"to":{"q":11,"r":10},"msg":"findPath: no valid path found"}
{"level":30,"time":1774382618766,"pid":1603455,"hostname":"TempleOfZyminx","from":{"q":0,"r":10},"to":{"q":11,"r":11},"msg":"findPath: no valid path found"}
{"level":30,"time":1774382618766,"pid":1603455,"hostname":"TempleOfZyminx","from":{"q":0,"r":10},"to":{"q":11,"r":12},"msg":"findPath: no valid path found"}
{"level":30,"time":1774382618766,"pid":1603455,"hostname":"TempleOfZyminx","from":{"q":0,"r":10},"to":{"q":11,"r":13},"msg":"findPath: no valid path found"}
{"level":30,"time":1774382618766,"pid":1603455,"hostname":"TempleOfZyminx","from":{"q":0,"r":10},"to":{"q":11,"r":14},"msg":"findPath: no valid path found"}
{"level":30,"time":1774382618766,"pid":1603455,"hostname":"TempleOfZyminx","from":{"q":0,"r":10},"to":{"q":11,"r":15},"msg":"findPath: no valid path found"}
{"level":30,"time":1774382618766,"pid":1603455,"hostname":"TempleOfZyminx","from":{"q":0,"r":10},"to":{"q":11,"r":16},"msg":"findPath: no valid path found"}
{"level":30,"time":1774382618766,"pid":1603455,"hostname":"TempleOfZyminx","from":{"q":0,"r":10},"to":{"q":11,"r":17},"msg":"findPath: no valid path found"}
{"level":30,"time":1774382618766,"pid":1603455,"hostname":"TempleOfZyminx","from":{"q":0,"r":10},"to":{"q":11,"r":18},"msg":"findPath: no valid path found"}
{"level":30,"time":1774382618766,"pid":1603455,"hostname":"TempleOfZyminx","from":{"q":0,"r":10},"to":{"q":11,"r":19},"msg":"findPath: no valid path found"}
{"level":30,"time":1774382618766,"pid":1603455,"hostname":"TempleOfZyminx","from":{"q":0,"r":10},"to":{"q":11,"r":20},"msg":"findPath: no valid path found"}
{"level":30,"time":1774382618766,"pid":1603455,"hostname":"TempleOfZyminx","from":{"q":0,"r":10},"to":{"q":11,"r":21},"msg":"findPath: no valid path found"}
{"level":30,"time":1774382618766,"pid":1603455,"hostname":"TempleOfZyminx","from":{"q":0,"r":10},"to":{"q":12,"r":0},"msg":"findPath: no valid path found"}
{"level":30,"time":1774382618766,"pid":1603455,"hostname":"TempleOfZyminx","from":{"q":0,"r":10},"to":{"q":12,"r":1},"msg":"findPath: no valid path found"}
{"level":30,"time":1774382618766,"pid":1603455,"hostname":"TempleOfZyminx","from":{"q":0,"r":10},"to":{"q":12,"r":2},"msg":"findPath: no valid path found"}
{"level":30,"time":1774382618766,"pid":1603455,"hostname":"TempleOfZyminx","from":{"q":0,"r":10},"to":{"q":12,"r":3},"msg":"findPath: no valid path found"}
{"level":30,"time":1774382618766,"pid":1603455,"hostname":"TempleOfZyminx","from":{"q":0,"r":10},"to":{"q":12,"r":4},"msg":"findPath: no valid path found"}
{"level":30,"time":1774382618766,"pid":1603455,"hostname":"TempleOfZyminx","from":{"q":0,"r":10},"to":{"q":12,"r":5},"msg":"findPath: no valid path found"}
{"level":30,"time":1774382618766,"pid":1603455,"hostname":"TempleOfZyminx","from":{"q":0,"r":10},"to":{"q":12,"r":6},"msg":"findPath: no valid path found"}
{"level":30,"time":1774382618766,"pid":1603455,"hostname":"TempleOfZyminx","from":{"q":0,"r":10},"to":{"q":12,"r":7},"msg":"findPath: no valid path found"}
{"level":30,"time":1774382618766,"pid":1603455,"hostname":"TempleOfZyminx","from":{"q":0,"r":10},"to":{"q":12,"r":8},"msg":"findPath: no valid path found"}
{"level":30,"time":1774382618766,"pid":1603455,"hostname":"TempleOfZyminx","from":{"q":0,"r":10},"to":{"q":12,"r":9},"msg":"findPath: no valid path found"}
{"level":30,"time":1774382618767,"pid":1603455,"hostname":"TempleOfZyminx","from":{"q":0,"r":10},"to":{"q":12,"r":10},"msg":"findPath: no valid path found"}
{"level":30,"time":1774382618767,"pid":1603455,"hostname":"TempleOfZyminx","from":{"q":0,"r":10},"to":{"q":12,"r":11},"msg":"findPath: no valid path found"}
{"level":30,"time":1774382618767,"pid":1603455,"hostname":"TempleOfZyminx","from":{"q":0,"r":10},"to":{"q":12,"r":12},"msg":"findPath: no valid path found"}
{"level":30,"time":1774382618767,"pid":1603455,"hostname":"TempleOfZyminx","from":{"q":0,"r":10},"to":{"q":12,"r":13},"msg":"findPath: no valid path found"}
{"level":30,"time":1774382618767,"pid":1603455,"hostname":"TempleOfZyminx","from":{"q":0,"r":10},"to":{"q":12,"r":14},"msg":"findPath: no valid path found"}
{"level":30,"time":1774382618767,"pid":1603455,"hostname":"TempleOfZyminx","from":{"q":0,"r":10},"to":{"q":12,"r":15},"msg":"findPath: no valid path found"}
{"level":30,"time":1774382618767,"pid":1603455,"hostname":"TempleOfZyminx","from":{"q":0,"r":10},"to":{"q":12,"r":16},"msg":"findPath: no valid path found"}
{"level":30,"time":1774382618767,"pid":1603455,"hostname":"TempleOfZyminx","from":{"q":0,"r":10},"to":{"q":12,"r":17},"msg":"findPath: no valid path found"}
{"level":30,"time":1774382618767,"pid":1603455,"hostname":"TempleOfZyminx","from":{"q":0,"r":10},"to":{"q":12,"r":18},"msg":"findPath: no valid path found"}
{"level":30,"time":1774382618767,"pid":1603455,"hostname":"TempleOfZyminx","from":{"q":0,"r":10},"to":{"q":12,"r":19},"msg":"findPath: no valid path found"}
{"level":30,"time":1774382618767,"pid":1603455,"hostname":"TempleOfZyminx","from":{"q":0,"r":10},"to":{"q":12,"r":20},"msg":"findPath: no valid path found"}
{"level":30,"time":1774382618767,"pid":1603455,"hostname":"TempleOfZyminx","from":{"q":0,"r":10},"to":{"q":12,"r":21},"msg":"findPath: no valid path found"}
{"level":30,"time":1774382618767,"pid":1603455,"hostname":"TempleOfZyminx","from":{"q":0,"r":10},"to":{"q":13,"r":0},"msg":"findPath: no valid path found"}
{"level":30,"time":1774382618767,"pid":1603455,"hostname":"TempleOfZyminx","from":{"q":0,"r":10},"to":{"q":13,"r":1},"msg":"findPath: no valid path found"}
{"level":30,"time":1774382618767,"pid":1603455,"hostname":"TempleOfZyminx","from":{"q":0,"r":10},"to":{"q":13,"r":2},"msg":"findPath: no valid path found"}
{"level":30,"time":1774382618767,"pid":1603455,"hostname":"TempleOfZyminx","from":{"q":0,"r":10},"to":{"q":13,"r":3},"msg":"findPath: no valid path found"}
{"level":30,"time":1774382618767,"pid":1603455,"hostname":"TempleOfZyminx","from":{"q":0,"r":10},"to":{"q":13,"r":4},"msg":"findPath: no valid path found"}
{"level":30,"time":1774382618767,"pid":1603455,"hostname":"TempleOfZyminx","from":{"q":0,"r":10},"to":{"q":13,"r":5},"msg":"findPath: no valid path found"}
{"level":30,"time":1774382618767,"pid":1603455,"hostname":"TempleOfZyminx","from":{"q":0,"r":10},"to":{"q":13,"r":6},"msg":"findPath: no valid path found"}
{"level":30,"time":1774382618767,"pid":1603455,"hostname":"TempleOfZyminx","from":{"q":0,"r":10},"to":{"q":13,"r":7},"msg":"findPath: no valid path found"}
{"level":30,"time":1774382618767,"pid":1603455,"hostname":"TempleOfZyminx","from":{"q":0,"r":10},"to":{"q":13,"r":8},"msg":"findPath: no valid path found"}
{"level":30,"time":1774382618767,"pid":1603455,"hostname":"TempleOfZyminx","from":{"q":0,"r":10},"to":{"q":13,"r":9},"msg":"findPath: no valid path found"}
{"level":30,"time":1774382618767,"pid":1603455,"hostname":"TempleOfZyminx","from":{"q":0,"r":10},"to":{"q":13,"r":10},"msg":"findPath: no valid path found"}
{"level":30,"time":1774382618767,"pid":1603455,"hostname":"TempleOfZyminx","from":{"q":0,"r":10},"to":{"q":13,"r":11},"msg":"findPath: no valid path found"}
{"level":30,"time":1774382618767,"pid":1603455,"hostname":"TempleOfZyminx","from":{"q":0,"r":10},"to":{"q":13,"r":12},"msg":"findPath: no valid path found"}
{"level":30,"time":1774382618767,"pid":1603455,"hostname":"TempleOfZyminx","from":{"q":0,"r":10},"to":{"q":13,"r":13},"msg":"findPath: no valid path found"}
{"level":30,"time":1774382618767,"pid":1603455,"hostname":"TempleOfZyminx","from":{"q":0,"r":10},"to":{"q":13,"r":14},"msg":"findPath: no valid path found"}
{"level":30,"time":1774382618768,"pid":1603455,"hostname":"TempleOfZyminx","from":{"q":0,"r":10},"to":{"q":13,"r":15},"msg":"findPath: no valid path found"}
{"level":30,"time":1774382618768,"pid":1603455,"hostname":"TempleOfZyminx","from":{"q":0,"r":10},"to":{"q":13,"r":16},"msg":"findPath: no valid path found"}
{"level":30,"time":1774382618768,"pid":1603455,"hostname":"TempleOfZyminx","from":{"q":0,"r":10},"to":{"q":13,"r":17},"msg":"findPath: no valid path found"}
{"level":30,"time":1774382618768,"pid":1603455,"hostname":"TempleOfZyminx","from":{"q":0,"r":10},"to":{"q":13,"r":18},"msg":"findPath: no valid path found"}
{"level":30,"time":1774382618768,"pid":1603455,"hostname":"TempleOfZyminx","from":{"q":0,"r":10},"to":{"q":13,"r":19},"msg":"findPath: no valid path found"}
{"level":30,"time":1774382618768,"pid":1603455,"hostname":"TempleOfZyminx","from":{"q":0,"r":10},"to":{"q":13,"r":20},"msg":"findPath: no valid path found"}
{"level":30,"time":1774382618768,"pid":1603455,"hostname":"TempleOfZyminx","from":{"q":0,"r":10},"to":{"q":13,"r":21},"msg":"findPath: no valid path found"}
{"level":30,"time":1774382618768,"pid":1603455,"hostname":"TempleOfZyminx","from":{"q":0,"r":10},"to":{"q":14,"r":0},"msg":"findPath: no valid path found"}
{"level":30,"time":1774382618768,"pid":1603455,"hostname":"TempleOfZyminx","from":{"q":0,"r":10},"to":{"q":14,"r":1},"msg":"findPath: no valid path found"}
{"level":30,"time":1774382618768,"pid":1603455,"hostname":"TempleOfZyminx","from":{"q":0,"r":10},"to":{"q":14,"r":2},"msg":"findPath: no valid path found"}
{"level":30,"time":1774382618768,"pid":1603455,"hostname":"TempleOfZyminx","from":{"q":0,"r":10},"to":{"q":14,"r":3},"msg":"findPath: no valid path found"}
{"level":30,"time":1774382618768,"pid":1603455,"hostname":"TempleOfZyminx","from":{"q":0,"r":10},"to":{"q":14,"r":4},"msg":"findPath: no valid path found"}
{"level":30,"time":1774382618768,"pid":1603455,"hostname":"TempleOfZyminx","from":{"q":0,"r":10},"to":{"q":14,"r":5},"msg":"findPath: no valid path found"}
{"level":30,"time":1774382618768,"pid":1603455,"hostname":"TempleOfZyminx","from":{"q":0,"r":10},"to":{"q":14,"r":6},"msg":"findPath: no valid path found"}
{"level":30,"time":1774382618768,"pid":1603455,"hostname":"TempleOfZyminx","from":{"q":0,"r":10},"to":{"q":14,"r":7},"msg":"findPath: no valid path found"}
{"level":30,"time":1774382618768,"pid":1603455,"hostname":"TempleOfZyminx","from":{"q":0,"r":10},"to":{"q":14,"r":8},"msg":"findPath: no valid path found"}
{"level":30,"time":1774382618768,"pid":1603455,"hostname":"TempleOfZyminx","from":{"q":0,"r":10},"to":{"q":14,"r":9},"msg":"findPath: no valid path found"}
{"level":30,"time":1774382618768,"pid":1603455,"hostname":"TempleOfZyminx","from":{"q":0,"r":10},"to":{"q":14,"r":10},"msg":"findPath: no valid path found"}
{"level":30,"time":1774382618768,"pid":1603455,"hostname":"TempleOfZyminx","from":{"q":0,"r":10},"to":{"q":14,"r":11},"msg":"findPath: no valid path found"}
{"level":30,"time":1774382618768,"pid":1603455,"hostname":"TempleOfZyminx","from":{"q":0,"r":10},"to":{"q":14,"r":12},"msg":"findPath: no valid path found"}
{"level":30,"time":1774382618768,"pid":1603455,"hostname":"TempleOfZyminx","from":{"q":0,"r":10},"to":{"q":14,"r":13},"msg":"findPath: no valid path found"}
{"level":30,"time":1774382618768,"pid":1603455,"hostname":"TempleOfZyminx","from":{"q":0,"r":10},"to":{"q":14,"r":14},"msg":"findPath: no valid path found"}
{"level":30,"time":1774382618768,"pid":1603455,"hostname":"TempleOfZyminx","from":{"q":0,"r":10},"to":{"q":14,"r":15},"msg":"findPath: no valid path found"}
{"level":30,"time":1774382618768,"pid":1603455,"hostname":"TempleOfZyminx","from":{"q":0,"r":10},"to":{"q":14,"r":16},"msg":"findPath: no valid path found"}
{"level":30,"time":1774382618768,"pid":1603455,"hostname":"TempleOfZyminx","from":{"q":0,"r":10},"to":{"q":14,"r":17},"msg":"findPath: no valid path found"}
{"level":30,"time":1774382618768,"pid":1603455,"hostname":"TempleOfZyminx","from":{"q":0,"r":10},"to":{"q":14,"r":18},"msg":"findPath: no valid path found"}
{"level":30,"time":1774382618769,"pid":1603455,"hostname":"TempleOfZyminx","from":{"q":0,"r":10},"to":{"q":14,"r":19},"msg":"findPath: no valid path found"}
{"level":30,"time":1774382618769,"pid":1603455,"hostname":"TempleOfZyminx","from":{"q":0,"r":10},"to":{"q":14,"r":20},"msg":"findPath: no valid path found"}
{"level":30,"time":1774382618769,"pid":1603455,"hostname":"TempleOfZyminx","from":{"q":0,"r":10},"to":{"q":14,"r":21},"msg":"findPath: no valid path found"}
{"level":30,"time":1774382618769,"pid":1603455,"hostname":"TempleOfZyminx","id":"c8e294c7-84b1-4161-8e2a-5e37621a1cc2","command":"MOVE","msg":"Submitting game action"}
{"level":30,"time":1774382618769,"pid":1603455,"hostname":"TempleOfZyminx","gameId":"c8e294c7-84b1-4161-8e2a-5e37621a1cc2","unitId":"onion-1","msg":"Processing MOVE command"}
{"level":30,"time":1774382618771,"pid":1603455,"hostname":"TempleOfZyminx","id":"c8e294c7-84b1-4161-8e2a-5e37621a1cc2","msg":"Fetching game state"}
{"level":30,"time":1774382618771,"pid":1603455,"hostname":"TempleOfZyminx","id":"c8e294c7-84b1-4161-8e2a-5e37621a1cc2","msg":"Fetching game state"}
{"level":30,"time":1774382618772,"pid":1603455,"hostname":"TempleOfZyminx","id":"c8e294c7-84b1-4161-8e2a-5e37621a1cc2","command":"END_PHASE","msg":"Submitting game action"}
{"level":30,"time":1774382618772,"pid":1603455,"hostname":"TempleOfZyminx","gameId":"c8e294c7-84b1-4161-8e2a-5e37621a1cc2","phase":"ONION_MOVE","msg":"Advancing phase"}
{"level":30,"time":1774382618772,"pid":1603455,"hostname":"TempleOfZyminx","phase":"ONION_MOVE","turnNumber":1,"msg":"Advancing phase in engine"}
{"level":30,"time":1774382618773,"pid":1603455,"hostname":"TempleOfZyminx","id":"c8e294c7-84b1-4161-8e2a-5e37621a1cc2","msg":"Fetching game state"}
{"level":30,"time":1774382618773,"pid":1603455,"hostname":"TempleOfZyminx","id":"c8e294c7-84b1-4161-8e2a-5e37621a1cc2","msg":"Fetching game state"}
{"level":30,"time":1774382618774,"pid":1603455,"hostname":"TempleOfZyminx","id":"c8e294c7-84b1-4161-8e2a-5e37621a1cc2","command":"FIRE","msg":"Submitting game action"}
{"level":30,"time":1774382618774,"pid":1603455,"hostname":"TempleOfZyminx","gameId":"c8e294c7-84b1-4161-8e2a-5e37621a1cc2","type":"FIRE","msg":"Processing combat command"}
{"level":30,"time":1774382618774,"pid":1603455,"hostname":"TempleOfZyminx","commandType":"FIRE","msg":"Validating combat action"}
{"level":30,"time":1774382618774,"pid":1603455,"hostname":"TempleOfZyminx","plan":{"actionType":"FIRE","actor":"onion","attackerIds":["missile_1"],"target":{"kind":"defender","id":"pigs-1"},"attackStrength":6,"defense":3,"weaponIds":["missile_1"]},"msg":"Executing combat action"}
{"level":30,"time":1774382618775,"pid":1603455,"hostname":"TempleOfZyminx","id":"c8e294c7-84b1-4161-8e2a-5e37621a1cc2","command":"FIRE","msg":"Submitting game action"}
{"level":30,"time":1774382618776,"pid":1603455,"hostname":"TempleOfZyminx","gameId":"c8e294c7-84b1-4161-8e2a-5e37621a1cc2","type":"FIRE","msg":"Processing combat command"}
{"level":30,"time":1774382618776,"pid":1603455,"hostname":"TempleOfZyminx","commandType":"FIRE","msg":"Validating combat action"}
{"level":30,"time":1774382618776,"pid":1603455,"hostname":"TempleOfZyminx","gameId":"c8e294c7-84b1-4161-8e2a-5e37621a1cc2","error":"Target is already destroyed","msg":"Invalid combat command"}
{"level":30,"time":1774382618776,"pid":1603455,"hostname":"TempleOfZyminx","id":"c8e294c7-84b1-4161-8e2a-5e37621a1cc2","msg":"Fetching game state"}
{"level":30,"time":1774382618777,"pid":1603455,"hostname":"TempleOfZyminx","id":"c8e294c7-84b1-4161-8e2a-5e37621a1cc2","command":"END_PHASE","msg":"Submitting game action"}
{"level":30,"time":1774382618777,"pid":1603455,"hostname":"TempleOfZyminx","gameId":"c8e294c7-84b1-4161-8e2a-5e37621a1cc2","phase":"ONION_COMBAT","msg":"Advancing phase"}
{"level":30,"time":1774382618777,"pid":1603455,"hostname":"TempleOfZyminx","phase":"ONION_COMBAT","turnNumber":1,"msg":"Advancing phase in engine"}
{"level":30,"time":1774382618777,"pid":1603455,"hostname":"TempleOfZyminx","id":"c8e294c7-84b1-4161-8e2a-5e37621a1cc2","msg":"Fetching game state"}
{"level":30,"time":1774382618778,"pid":1603455,"hostname":"TempleOfZyminx","id":"c8e294c7-84b1-4161-8e2a-5e37621a1cc2","msg":"Fetching game state"}
{"level":30,"time":1774382618779,"pid":1603455,"hostname":"TempleOfZyminx","from":{"q":5,"r":6},"to":{"q":0,"r":0},"msg":"findPath: no valid path found"}
{"level":30,"time":1774382618779,"pid":1603455,"hostname":"TempleOfZyminx","from":{"q":5,"r":6},"to":{"q":0,"r":1},"msg":"findPath: no valid path found"}
{"level":30,"time":1774382618779,"pid":1603455,"hostname":"TempleOfZyminx","from":{"q":5,"r":6},"to":{"q":0,"r":2},"msg":"findPath: no valid path found"}
{"level":30,"time":1774382618779,"pid":1603455,"hostname":"TempleOfZyminx","from":{"q":5,"r":6},"to":{"q":0,"r":3},"msg":"findPath: no valid path found"}
{"level":30,"time":1774382618779,"pid":1603455,"hostname":"TempleOfZyminx","from":{"q":5,"r":6},"to":{"q":0,"r":4},"msg":"findPath: no valid path found"}
{"level":30,"time":1774382618780,"pid":1603455,"hostname":"TempleOfZyminx","from":{"q":5,"r":6},"to":{"q":0,"r":5},"msg":"findPath: no valid path found"}
{"level":30,"time":1774382618780,"pid":1603455,"hostname":"TempleOfZyminx","from":{"q":5,"r":6},"to":{"q":0,"r":6},"msg":"findPath: no valid path found"}
{"level":30,"time":1774382618780,"pid":1603455,"hostname":"TempleOfZyminx","from":{"q":5,"r":6},"to":{"q":0,"r":7},"msg":"findPath: no valid path found"}
{"level":30,"time":1774382618780,"pid":1603455,"hostname":"TempleOfZyminx","from":{"q":5,"r":6},"to":{"q":0,"r":8},"msg":"findPath: no valid path found"}
{"level":30,"time":1774382618780,"pid":1603455,"hostname":"TempleOfZyminx","from":{"q":5,"r":6},"to":{"q":0,"r":9},"msg":"findPath: no valid path found"}
{"level":30,"time":1774382618780,"pid":1603455,"hostname":"TempleOfZyminx","from":{"q":5,"r":6},"to":{"q":0,"r":10},"msg":"findPath: no valid path found"}
{"level":30,"time":1774382618780,"pid":1603455,"hostname":"TempleOfZyminx","from":{"q":5,"r":6},"to":{"q":0,"r":11},"msg":"findPath: no valid path found"}
{"level":30,"time":1774382618780,"pid":1603455,"hostname":"TempleOfZyminx","from":{"q":5,"r":6},"to":{"q":0,"r":12},"msg":"findPath: no valid path found"}
{"level":30,"time":1774382618780,"pid":1603455,"hostname":"TempleOfZyminx","from":{"q":5,"r":6},"to":{"q":0,"r":13},"msg":"findPath: no valid path found"}
{"level":30,"time":1774382618781,"pid":1603455,"hostname":"TempleOfZyminx","from":{"q":5,"r":6},"to":{"q":0,"r":14},"msg":"findPath: no valid path found"}
{"level":30,"time":1774382618781,"pid":1603455,"hostname":"TempleOfZyminx","from":{"q":5,"r":6},"to":{"q":0,"r":15},"msg":"findPath: no valid path found"}
{"level":30,"time":1774382618781,"pid":1603455,"hostname":"TempleOfZyminx","from":{"q":5,"r":6},"to":{"q":0,"r":16},"msg":"findPath: no valid path found"}
{"level":30,"time":1774382618781,"pid":1603455,"hostname":"TempleOfZyminx","from":{"q":5,"r":6},"to":{"q":0,"r":17},"msg":"findPath: no valid path found"}
{"level":30,"time":1774382618781,"pid":1603455,"hostname":"TempleOfZyminx","from":{"q":5,"r":6},"to":{"q":0,"r":18},"msg":"findPath: no valid path found"}
{"level":30,"time":1774382618781,"pid":1603455,"hostname":"TempleOfZyminx","from":{"q":5,"r":6},"to":{"q":0,"r":19},"msg":"findPath: no valid path found"}
{"level":30,"time":1774382618781,"pid":1603455,"hostname":"TempleOfZyminx","from":{"q":5,"r":6},"to":{"q":0,"r":20},"msg":"findPath: no valid path found"}
{"level":30,"time":1774382618781,"pid":1603455,"hostname":"TempleOfZyminx","from":{"q":5,"r":6},"to":{"q":0,"r":21},"msg":"findPath: no valid path found"}
{"level":30,"time":1774382618782,"pid":1603455,"hostname":"TempleOfZyminx","from":{"q":5,"r":6},"to":{"q":1,"r":0},"msg":"findPath: no valid path found"}
{"level":30,"time":1774382618782,"pid":1603455,"hostname":"TempleOfZyminx","from":{"q":5,"r":6},"to":{"q":1,"r":1},"msg":"findPath: no valid path found"}
{"level":30,"time":1774382618782,"pid":1603455,"hostname":"TempleOfZyminx","from":{"q":5,"r":6},"to":{"q":1,"r":2},"msg":"findPath: no valid path found"}
{"level":30,"time":1774382618782,"pid":1603455,"hostname":"TempleOfZyminx","from":{"q":5,"r":6},"to":{"q":1,"r":3},"msg":"findPath: no valid path found"}
{"level":30,"time":1774382618782,"pid":1603455,"hostname":"TempleOfZyminx","from":{"q":5,"r":6},"to":{"q":1,"r":4},"msg":"findPath: no valid path found"}
{"level":30,"time":1774382618782,"pid":1603455,"hostname":"TempleOfZyminx","from":{"q":5,"r":6},"to":{"q":1,"r":5},"msg":"findPath: no valid path found"}
{"level":30,"time":1774382618783,"pid":1603455,"hostname":"TempleOfZyminx","from":{"q":5,"r":6},"to":{"q":1,"r":10},"msg":"findPath: no valid path found"}
{"level":30,"time":1774382618783,"pid":1603455,"hostname":"TempleOfZyminx","from":{"q":5,"r":6},"to":{"q":1,"r":11},"msg":"findPath: no valid path found"}
{"level":30,"time":1774382618783,"pid":1603455,"hostname":"TempleOfZyminx","from":{"q":5,"r":6},"to":{"q":1,"r":12},"msg":"findPath: no valid path found"}
{"level":30,"time":1774382618783,"pid":1603455,"hostname":"TempleOfZyminx","from":{"q":5,"r":6},"to":{"q":1,"r":13},"msg":"findPath: no valid path found"}
{"level":30,"time":1774382618783,"pid":1603455,"hostname":"TempleOfZyminx","from":{"q":5,"r":6},"to":{"q":1,"r":14},"msg":"findPath: no valid path found"}
{"level":30,"time":1774382618783,"pid":1603455,"hostname":"TempleOfZyminx","from":{"q":5,"r":6},"to":{"q":1,"r":15},"msg":"findPath: no valid path found"}
{"level":30,"time":1774382618783,"pid":1603455,"hostname":"TempleOfZyminx","from":{"q":5,"r":6},"to":{"q":1,"r":16},"msg":"findPath: no valid path found"}
{"level":30,"time":1774382618784,"pid":1603455,"hostname":"TempleOfZyminx","from":{"q":5,"r":6},"to":{"q":1,"r":17},"msg":"findPath: no valid path found"}
{"level":30,"time":1774382618784,"pid":1603455,"hostname":"TempleOfZyminx","from":{"q":5,"r":6},"to":{"q":1,"r":18},"msg":"findPath: no valid path found"}
{"level":30,"time":1774382618784,"pid":1603455,"hostname":"TempleOfZyminx","from":{"q":5,"r":6},"to":{"q":1,"r":19},"msg":"findPath: no valid path found"}
{"level":30,"time":1774382618784,"pid":1603455,"hostname":"TempleOfZyminx","from":{"q":5,"r":6},"to":{"q":1,"r":20},"msg":"findPath: no valid path found"}
{"level":30,"time":1774382618784,"pid":1603455,"hostname":"TempleOfZyminx","from":{"q":5,"r":6},"to":{"q":1,"r":21},"msg":"findPath: no valid path found"}
{"level":30,"time":1774382618784,"pid":1603455,"hostname":"TempleOfZyminx","from":{"q":5,"r":6},"to":{"q":2,"r":0},"msg":"findPath: no valid path found"}
{"level":30,"time":1774382618784,"pid":1603455,"hostname":"TempleOfZyminx","from":{"q":5,"r":6},"to":{"q":2,"r":1},"msg":"findPath: no valid path found"}
{"level":30,"time":1774382618784,"pid":1603455,"hostname":"TempleOfZyminx","from":{"q":5,"r":6},"to":{"q":2,"r":2},"msg":"findPath: no valid path found"}
{"level":30,"time":1774382618785,"pid":1603455,"hostname":"TempleOfZyminx","from":{"q":5,"r":6},"to":{"q":2,"r":3},"msg":"findPath: no valid path found"}
{"level":30,"time":1774382618785,"pid":1603455,"hostname":"TempleOfZyminx","from":{"q":5,"r":6},"to":{"q":2,"r":4},"msg":"findPath: no valid path found"}
{"level":30,"time":1774382618785,"pid":1603593,"hostname":"TempleOfZyminx","scenarioId":"swamp-siege-01","role":"onion","msg":"Creating new game match"}
{"level":30,"time":1774382618786,"pid":1603593,"hostname":"TempleOfZyminx","gameId":"dea58722-f14c-411d-be30-a1a8fff789f9","role":"onion","msg":"Game match created"}
{"level":30,"time":1774382618787,"pid":1603593,"hostname":"TempleOfZyminx","id":"dea58722-f14c-411d-be30-a1a8fff789f9","msg":"User joining game"}
{"level":30,"time":1774382618787,"pid":1603593,"hostname":"TempleOfZyminx","gameId":"dea58722-f14c-411d-be30-a1a8fff789f9","role":"defender","msg":"User joined game"}
{"level":30,"time":1774382618787,"pid":1603455,"hostname":"TempleOfZyminx","from":{"q":5,"r":6},"to":{"q":2,"r":10},"msg":"findPath: no valid path found"}
{"level":30,"time":1774382618787,"pid":1603455,"hostname":"TempleOfZyminx","from":{"q":5,"r":6},"to":{"q":2,"r":11},"msg":"findPath: no valid path found"}
{"level":30,"time":1774382618787,"pid":1603455,"hostname":"TempleOfZyminx","from":{"q":5,"r":6},"to":{"q":2,"r":12},"msg":"findPath: no valid path found"}
{"level":30,"time":1774382618787,"pid":1603455,"hostname":"TempleOfZyminx","from":{"q":5,"r":6},"to":{"q":2,"r":13},"msg":"findPath: no valid path found"}
{"level":30,"time":1774382618787,"pid":1603455,"hostname":"TempleOfZyminx","from":{"q":5,"r":6},"to":{"q":2,"r":14},"msg":"findPath: no valid path found"}
{"level":30,"time":1774382618787,"pid":1603455,"hostname":"TempleOfZyminx","from":{"q":5,"r":6},"to":{"q":2,"r":15},"msg":"findPath: no valid path found"}
{"level":30,"time":1774382618788,"pid":1603455,"hostname":"TempleOfZyminx","from":{"q":5,"r":6},"to":{"q":2,"r":16},"msg":"findPath: no valid path found"}
{"level":30,"time":1774382618788,"pid":1603455,"hostname":"TempleOfZyminx","from":{"q":5,"r":6},"to":{"q":2,"r":17},"msg":"findPath: no valid path found"}
{"level":30,"time":1774382618788,"pid":1603455,"hostname":"TempleOfZyminx","from":{"q":5,"r":6},"to":{"q":2,"r":18},"msg":"findPath: no valid path found"}
{"level":30,"time":1774382618788,"pid":1603455,"hostname":"TempleOfZyminx","from":{"q":5,"r":6},"to":{"q":2,"r":19},"msg":"findPath: no valid path found"}
{"level":30,"time":1774382618788,"pid":1603455,"hostname":"TempleOfZyminx","from":{"q":5,"r":6},"to":{"q":2,"r":20},"msg":"findPath: no valid path found"}
{"level":30,"time":1774382618788,"pid":1603455,"hostname":"TempleOfZyminx","from":{"q":5,"r":6},"to":{"q":2,"r":21},"msg":"findPath: no valid path found"}
{"level":30,"time":1774382618788,"pid":1603455,"hostname":"TempleOfZyminx","from":{"q":5,"r":6},"to":{"q":3,"r":0},"msg":"findPath: no valid path found"}
{"level":30,"time":1774382618788,"pid":1603593,"hostname":"TempleOfZyminx","id":"dea58722-f14c-411d-be30-a1a8fff789f9","msg":"Fetching game state"}
{"level":30,"time":1774382618789,"pid":1603593,"hostname":"TempleOfZyminx","id":"dea58722-f14c-411d-be30-a1a8fff789f9","msg":"Fetching game state"}
{"level":30,"time":1774382618788,"pid":1603455,"hostname":"TempleOfZyminx","from":{"q":5,"r":6},"to":{"q":3,"r":1},"msg":"findPath: no valid path found"}
{"level":30,"time":1774382618789,"pid":1603455,"hostname":"TempleOfZyminx","from":{"q":5,"r":6},"to":{"q":3,"r":2},"msg":"findPath: no valid path found"}
{"level":30,"time":1774382618789,"pid":1603455,"hostname":"TempleOfZyminx","from":{"q":5,"r":6},"to":{"q":3,"r":3},"msg":"findPath: no valid path found"}
{"level":30,"time":1774382618789,"pid":1603455,"hostname":"TempleOfZyminx","from":{"q":5,"r":6},"to":{"q":3,"r":8},"msg":"findPath: no valid path found"}
{"level":30,"time":1774382618789,"pid":1603455,"hostname":"TempleOfZyminx","from":{"q":5,"r":6},"to":{"q":3,"r":11},"msg":"findPath: no valid path found"}
{"level":30,"time":1774382618789,"pid":1603455,"hostname":"TempleOfZyminx","from":{"q":5,"r":6},"to":{"q":3,"r":12},"msg":"findPath: no valid path found"}
{"level":30,"time":1774382618790,"pid":1603455,"hostname":"TempleOfZyminx","from":{"q":5,"r":6},"to":{"q":3,"r":13},"msg":"findPath: no valid path found"}
{"level":30,"time":1774382618790,"pid":1603455,"hostname":"TempleOfZyminx","from":{"q":5,"r":6},"to":{"q":3,"r":14},"msg":"findPath: no valid path found"}
{"level":30,"time":1774382618790,"pid":1603455,"hostname":"TempleOfZyminx","from":{"q":5,"r":6},"to":{"q":3,"r":15},"msg":"findPath: no valid path found"}
{"level":30,"time":1774382618790,"pid":1603455,"hostname":"TempleOfZyminx","from":{"q":5,"r":6},"to":{"q":3,"r":16},"msg":"findPath: no valid path found"}
{"level":30,"time":1774382618790,"pid":1603455,"hostname":"TempleOfZyminx","from":{"q":5,"r":6},"to":{"q":3,"r":17},"msg":"findPath: no valid path found"}
{"level":30,"time":1774382618790,"pid":1603455,"hostname":"TempleOfZyminx","from":{"q":5,"r":6},"to":{"q":3,"r":18},"msg":"findPath: no valid path found"}
{"level":30,"time":1774382618790,"pid":1603455,"hostname":"TempleOfZyminx","from":{"q":5,"r":6},"to":{"q":3,"r":19},"msg":"findPath: no valid path found"}
{"level":30,"time":1774382618791,"pid":1603455,"hostname":"TempleOfZyminx","from":{"q":5,"r":6},"to":{"q":3,"r":20},"msg":"findPath: no valid path found"}
{"level":30,"time":1774382618791,"pid":1603455,"hostname":"TempleOfZyminx","from":{"q":5,"r":6},"to":{"q":3,"r":21},"msg":"findPath: no valid path found"}
{"level":30,"time":1774382618791,"pid":1603455,"hostname":"TempleOfZyminx","from":{"q":5,"r":6},"to":{"q":4,"r":0},"msg":"findPath: no valid path found"}
{"level":30,"time":1774382618791,"pid":1603455,"hostname":"TempleOfZyminx","from":{"q":5,"r":6},"to":{"q":4,"r":1},"msg":"findPath: no valid path found"}
{"level":30,"time":1774382618791,"pid":1603455,"hostname":"TempleOfZyminx","from":{"q":5,"r":6},"to":{"q":4,"r":2},"msg":"findPath: no valid path found"}
{"level":30,"time":1774382618789,"pid":1603593,"hostname":"TempleOfZyminx","from":{"q":0,"r":10},"to":{"q":0,"r":0},"msg":"findPath: no valid path found"}
{"level":30,"time":1774382618789,"pid":1603593,"hostname":"TempleOfZyminx","from":{"q":0,"r":10},"to":{"q":0,"r":1},"msg":"findPath: no valid path found"}
{"level":30,"time":1774382618789,"pid":1603593,"hostname":"TempleOfZyminx","from":{"q":0,"r":10},"to":{"q":0,"r":2},"msg":"findPath: no valid path found"}
{"level":30,"time":1774382618789,"pid":1603593,"hostname":"TempleOfZyminx","from":{"q":0,"r":10},"to":{"q":0,"r":3},"msg":"findPath: no valid path found"}
{"level":30,"time":1774382618789,"pid":1603593,"hostname":"TempleOfZyminx","from":{"q":0,"r":10},"to":{"q":0,"r":4},"msg":"findPath: no valid path found"}
{"level":30,"time":1774382618789,"pid":1603593,"hostname":"TempleOfZyminx","from":{"q":0,"r":10},"to":{"q":0,"r":5},"msg":"findPath: no valid path found"}
{"level":30,"time":1774382618789,"pid":1603593,"hostname":"TempleOfZyminx","from":{"q":0,"r":10},"to":{"q":0,"r":6},"msg":"findPath: no valid path found"}
{"level":30,"time":1774382618790,"pid":1603593,"hostname":"TempleOfZyminx","from":{"q":0,"r":10},"to":{"q":0,"r":14},"msg":"findPath: no valid path found"}
{"level":30,"time":1774382618790,"pid":1603593,"hostname":"TempleOfZyminx","from":{"q":0,"r":10},"to":{"q":0,"r":15},"msg":"findPath: no valid path found"}
{"level":30,"time":1774382618790,"pid":1603593,"hostname":"TempleOfZyminx","from":{"q":0,"r":10},"to":{"q":0,"r":16},"msg":"findPath: no valid path found"}
{"level":30,"time":1774382618790,"pid":1603593,"hostname":"TempleOfZyminx","from":{"q":0,"r":10},"to":{"q":0,"r":17},"msg":"findPath: no valid path found"}
{"level":30,"time":1774382618790,"pid":1603593,"hostname":"TempleOfZyminx","from":{"q":0,"r":10},"to":{"q":0,"r":18},"msg":"findPath: no valid path found"}
{"level":30,"time":1774382618790,"pid":1603593,"hostname":"TempleOfZyminx","from":{"q":0,"r":10},"to":{"q":0,"r":19},"msg":"findPath: no valid path found"}
{"level":30,"time":1774382618790,"pid":1603593,"hostname":"TempleOfZyminx","from":{"q":0,"r":10},"to":{"q":0,"r":20},"msg":"findPath: no valid path found"}
{"level":30,"time":1774382618790,"pid":1603593,"hostname":"TempleOfZyminx","from":{"q":0,"r":10},"to":{"q":0,"r":21},"msg":"findPath: no valid path found"}
{"level":30,"time":1774382618790,"pid":1603593,"hostname":"TempleOfZyminx","from":{"q":0,"r":10},"to":{"q":1,"r":0},"msg":"findPath: no valid path found"}
{"level":30,"time":1774382618790,"pid":1603593,"hostname":"TempleOfZyminx","from":{"q":0,"r":10},"to":{"q":1,"r":1},"msg":"findPath: no valid path found"}
{"level":30,"time":1774382618790,"pid":1603593,"hostname":"TempleOfZyminx","from":{"q":0,"r":10},"to":{"q":1,"r":2},"msg":"findPath: no valid path found"}
{"level":30,"time":1774382618790,"pid":1603593,"hostname":"TempleOfZyminx","from":{"q":0,"r":10},"to":{"q":1,"r":3},"msg":"findPath: no valid path found"}
{"level":30,"time":1774382618790,"pid":1603593,"hostname":"TempleOfZyminx","from":{"q":0,"r":10},"to":{"q":1,"r":4},"msg":"findPath: no valid path found"}
{"level":30,"time":1774382618790,"pid":1603593,"hostname":"TempleOfZyminx","from":{"q":0,"r":10},"to":{"q":1,"r":5},"msg":"findPath: no valid path found"}
{"level":30,"time":1774382618790,"pid":1603593,"hostname":"TempleOfZyminx","from":{"q":0,"r":10},"to":{"q":1,"r":6},"msg":"findPath: no valid path found"}
{"level":30,"time":1774382618791,"pid":1603593,"hostname":"TempleOfZyminx","from":{"q":0,"r":10},"to":{"q":1,"r":13},"msg":"findPath: no valid path found"}
{"level":30,"time":1774382618791,"pid":1603593,"hostname":"TempleOfZyminx","from":{"q":0,"r":10},"to":{"q":1,"r":14},"msg":"findPath: no valid path found"}
{"level":30,"time":1774382618791,"pid":1603593,"hostname":"TempleOfZyminx","from":{"q":0,"r":10},"to":{"q":1,"r":15},"msg":"findPath: no valid path found"}
{"level":30,"time":1774382618791,"pid":1603593,"hostname":"TempleOfZyminx","from":{"q":0,"r":10},"to":{"q":1,"r":16},"msg":"findPath: no valid path found"}
{"level":30,"time":1774382618791,"pid":1603593,"hostname":"TempleOfZyminx","from":{"q":0,"r":10},"to":{"q":1,"r":17},"msg":"findPath: no valid path found"}
{"level":30,"time":1774382618791,"pid":1603593,"hostname":"TempleOfZyminx","from":{"q":0,"r":10},"to":{"q":1,"r":18},"msg":"findPath: no valid path found"}
{"level":30,"time":1774382618791,"pid":1603593,"hostname":"TempleOfZyminx","from":{"q":0,"r":10},"to":{"q":1,"r":19},"msg":"findPath: no valid path found"}
{"level":30,"time":1774382618791,"pid":1603593,"hostname":"TempleOfZyminx","from":{"q":0,"r":10},"to":{"q":1,"r":20},"msg":"findPath: no valid path found"}
{"level":30,"time":1774382618791,"pid":1603593,"hostname":"TempleOfZyminx","from":{"q":0,"r":10},"to":{"q":1,"r":21},"msg":"findPath: no valid path found"}
{"level":30,"time":1774382618791,"pid":1603593,"hostname":"TempleOfZyminx","from":{"q":0,"r":10},"to":{"q":2,"r":0},"msg":"findPath: no valid path found"}
{"level":30,"time":1774382618791,"pid":1603593,"hostname":"TempleOfZyminx","from":{"q":0,"r":10},"to":{"q":2,"r":1},"msg":"findPath: no valid path found"}
{"level":30,"time":1774382618791,"pid":1603593,"hostname":"TempleOfZyminx","from":{"q":0,"r":10},"to":{"q":2,"r":2},"msg":"findPath: no valid path found"}
{"level":30,"time":1774382618791,"pid":1603593,"hostname":"TempleOfZyminx","from":{"q":0,"r":10},"to":{"q":2,"r":3},"msg":"findPath: no valid path found"}
{"level":30,"time":1774382618791,"pid":1603593,"hostname":"TempleOfZyminx","from":{"q":0,"r":10},"to":{"q":2,"r":4},"msg":"findPath: no valid path found"}
{"level":30,"time":1774382618791,"pid":1603593,"hostname":"TempleOfZyminx","from":{"q":0,"r":10},"to":{"q":2,"r":5},"msg":"findPath: no valid path found"}
{"level":30,"time":1774382618791,"pid":1603593,"hostname":"TempleOfZyminx","from":{"q":0,"r":10},"to":{"q":2,"r":6},"msg":"findPath: no valid path found"}
{"level":30,"time":1774382618791,"pid":1603593,"hostname":"TempleOfZyminx","from":{"q":0,"r":10},"to":{"q":2,"r":12},"msg":"findPath: no valid path found"}
{"level":30,"time":1774382618791,"pid":1603455,"hostname":"TempleOfZyminx","from":{"q":5,"r":6},"to":{"q":4,"r":8},"msg":"findPath: no valid path found"}
{"level":30,"time":1774382618792,"pid":1603455,"hostname":"TempleOfZyminx","from":{"q":5,"r":6},"to":{"q":4,"r":11},"msg":"findPath: no valid path found"}
{"level":30,"time":1774382618792,"pid":1603455,"hostname":"TempleOfZyminx","from":{"q":5,"r":6},"to":{"q":4,"r":12},"msg":"findPath: no valid path found"}
{"level":30,"time":1774382618791,"pid":1603593,"hostname":"TempleOfZyminx","from":{"q":0,"r":10},"to":{"q":2,"r":13},"msg":"findPath: no valid path found"}
{"level":30,"time":1774382618792,"pid":1603593,"hostname":"TempleOfZyminx","from":{"q":0,"r":10},"to":{"q":2,"r":14},"msg":"findPath: no valid path found"}
{"level":30,"time":1774382618792,"pid":1603593,"hostname":"TempleOfZyminx","from":{"q":0,"r":10},"to":{"q":2,"r":15},"msg":"findPath: no valid path found"}
{"level":30,"time":1774382618792,"pid":1603593,"hostname":"TempleOfZyminx","from":{"q":0,"r":10},"to":{"q":2,"r":16},"msg":"findPath: no valid path found"}
{"level":30,"time":1774382618792,"pid":1603593,"hostname":"TempleOfZyminx","from":{"q":0,"r":10},"to":{"q":2,"r":17},"msg":"findPath: no valid path found"}
{"level":30,"time":1774382618792,"pid":1603593,"hostname":"TempleOfZyminx","from":{"q":0,"r":10},"to":{"q":2,"r":18},"msg":"findPath: no valid path found"}
{"level":30,"time":1774382618792,"pid":1603593,"hostname":"TempleOfZyminx","from":{"q":0,"r":10},"to":{"q":2,"r":19},"msg":"findPath: no valid path found"}
{"level":30,"time":1774382618792,"pid":1603593,"hostname":"TempleOfZyminx","from":{"q":0,"r":10},"to":{"q":2,"r":20},"msg":"findPath: no valid path found"}
{"level":30,"time":1774382618792,"pid":1603593,"hostname":"TempleOfZyminx","from":{"q":0,"r":10},"to":{"q":2,"r":21},"msg":"findPath: no valid path found"}
{"level":30,"time":1774382618792,"pid":1603455,"hostname":"TempleOfZyminx","from":{"q":5,"r":6},"to":{"q":4,"r":13},"msg":"findPath: no valid path found"}
{"level":30,"time":1774382618792,"pid":1603455,"hostname":"TempleOfZyminx","from":{"q":5,"r":6},"to":{"q":4,"r":14},"msg":"findPath: no valid path found"}
{"level":30,"time":1774382618792,"pid":1603455,"hostname":"TempleOfZyminx","from":{"q":5,"r":6},"to":{"q":4,"r":15},"msg":"findPath: no valid path found"}
{"level":30,"time":1774382618792,"pid":1603593,"hostname":"TempleOfZyminx","from":{"q":0,"r":10},"to":{"q":3,"r":0},"msg":"findPath: no valid path found"}
{"level":30,"time":1774382618792,"pid":1603593,"hostname":"TempleOfZyminx","from":{"q":0,"r":10},"to":{"q":3,"r":1},"msg":"findPath: no valid path found"}
{"level":30,"time":1774382618792,"pid":1603593,"hostname":"TempleOfZyminx","from":{"q":0,"r":10},"to":{"q":3,"r":2},"msg":"findPath: no valid path found"}
{"level":30,"time":1774382618792,"pid":1603593,"hostname":"TempleOfZyminx","from":{"q":0,"r":10},"to":{"q":3,"r":3},"msg":"findPath: no valid path found"}
{"level":30,"time":1774382618792,"pid":1603593,"hostname":"TempleOfZyminx","from":{"q":0,"r":10},"to":{"q":3,"r":4},"msg":"findPath: no valid path found"}
{"level":30,"time":1774382618792,"pid":1603593,"hostname":"TempleOfZyminx","from":{"q":0,"r":10},"to":{"q":3,"r":5},"msg":"findPath: no valid path found"}
{"level":30,"time":1774382618792,"pid":1603593,"hostname":"TempleOfZyminx","from":{"q":0,"r":10},"to":{"q":3,"r":6},"msg":"findPath: no valid path found"}
{"level":30,"time":1774382618792,"pid":1603593,"hostname":"TempleOfZyminx","from":{"q":0,"r":10},"to":{"q":3,"r":8},"msg":"findPath: no valid path found"}
{"level":30,"time":1774382618792,"pid":1603455,"hostname":"TempleOfZyminx","from":{"q":5,"r":6},"to":{"q":4,"r":16},"msg":"findPath: no valid path found"}
{"level":30,"time":1774382618792,"pid":1603455,"hostname":"TempleOfZyminx","from":{"q":5,"r":6},"to":{"q":4,"r":17},"msg":"findPath: no valid path found"}
{"level":30,"time":1774382618792,"pid":1603593,"hostname":"TempleOfZyminx","from":{"q":0,"r":10},"to":{"q":3,"r":11},"msg":"findPath: no valid path found"}
{"level":30,"time":1774382618792,"pid":1603593,"hostname":"TempleOfZyminx","from":{"q":0,"r":10},"to":{"q":3,"r":12},"msg":"findPath: no valid path found"}
{"level":30,"time":1774382618792,"pid":1603593,"hostname":"TempleOfZyminx","from":{"q":0,"r":10},"to":{"q":3,"r":13},"msg":"findPath: no valid path found"}
{"level":30,"time":1774382618793,"pid":1603593,"hostname":"TempleOfZyminx","from":{"q":0,"r":10},"to":{"q":3,"r":14},"msg":"findPath: no valid path found"}
{"level":30,"time":1774382618793,"pid":1603455,"hostname":"TempleOfZyminx","from":{"q":5,"r":6},"to":{"q":4,"r":18},"msg":"findPath: no valid path found"}
{"level":30,"time":1774382618793,"pid":1603593,"hostname":"TempleOfZyminx","from":{"q":0,"r":10},"to":{"q":3,"r":15},"msg":"findPath: no valid path found"}
{"level":30,"time":1774382618793,"pid":1603593,"hostname":"TempleOfZyminx","from":{"q":0,"r":10},"to":{"q":3,"r":16},"msg":"findPath: no valid path found"}
{"level":30,"time":1774382618793,"pid":1603593,"hostname":"TempleOfZyminx","from":{"q":0,"r":10},"to":{"q":3,"r":17},"msg":"findPath: no valid path found"}
{"level":30,"time":1774382618793,"pid":1603455,"hostname":"TempleOfZyminx","from":{"q":5,"r":6},"to":{"q":4,"r":19},"msg":"findPath: no valid path found"}
{"level":30,"time":1774382618793,"pid":1603455,"hostname":"TempleOfZyminx","from":{"q":5,"r":6},"to":{"q":4,"r":20},"msg":"findPath: no valid path found"}
{"level":30,"time":1774382618793,"pid":1603455,"hostname":"TempleOfZyminx","from":{"q":5,"r":6},"to":{"q":4,"r":21},"msg":"findPath: no valid path found"}
{"level":30,"time":1774382618793,"pid":1603593,"hostname":"TempleOfZyminx","from":{"q":0,"r":10},"to":{"q":3,"r":18},"msg":"findPath: no valid path found"}
{"level":30,"time":1774382618793,"pid":1603593,"hostname":"TempleOfZyminx","from":{"q":0,"r":10},"to":{"q":3,"r":19},"msg":"findPath: no valid path found"}
{"level":30,"time":1774382618793,"pid":1603593,"hostname":"TempleOfZyminx","from":{"q":0,"r":10},"to":{"q":3,"r":20},"msg":"findPath: no valid path found"}
{"level":30,"time":1774382618793,"pid":1603593,"hostname":"TempleOfZyminx","from":{"q":0,"r":10},"to":{"q":3,"r":21},"msg":"findPath: no valid path found"}
{"level":30,"time":1774382618793,"pid":1603593,"hostname":"TempleOfZyminx","from":{"q":0,"r":10},"to":{"q":4,"r":0},"msg":"findPath: no valid path found"}
{"level":30,"time":1774382618793,"pid":1603593,"hostname":"TempleOfZyminx","from":{"q":0,"r":10},"to":{"q":4,"r":1},"msg":"findPath: no valid path found"}
{"level":30,"time":1774382618793,"pid":1603593,"hostname":"TempleOfZyminx","from":{"q":0,"r":10},"to":{"q":4,"r":2},"msg":"findPath: no valid path found"}
{"level":30,"time":1774382618793,"pid":1603593,"hostname":"TempleOfZyminx","from":{"q":0,"r":10},"to":{"q":4,"r":3},"msg":"findPath: no valid path found"}
{"level":30,"time":1774382618793,"pid":1603455,"hostname":"TempleOfZyminx","from":{"q":5,"r":6},"to":{"q":5,"r":0},"msg":"findPath: no valid path found"}
{"level":30,"time":1774382618793,"pid":1603455,"hostname":"TempleOfZyminx","from":{"q":5,"r":6},"to":{"q":5,"r":1},"msg":"findPath: no valid path found"}
{"level":30,"time":1774382618793,"pid":1603455,"hostname":"TempleOfZyminx","from":{"q":5,"r":6},"to":{"q":5,"r":2},"msg":"findPath: no valid path found"}
{"level":30,"time":1774382618793,"pid":1603593,"hostname":"TempleOfZyminx","from":{"q":0,"r":10},"to":{"q":4,"r":4},"msg":"findPath: no valid path found"}
{"level":30,"time":1774382618793,"pid":1603593,"hostname":"TempleOfZyminx","from":{"q":0,"r":10},"to":{"q":4,"r":5},"msg":"findPath: no valid path found"}
{"level":30,"time":1774382618793,"pid":1603593,"hostname":"TempleOfZyminx","from":{"q":0,"r":10},"to":{"q":4,"r":6},"msg":"findPath: no valid path found"}
{"level":30,"time":1774382618793,"pid":1603593,"hostname":"TempleOfZyminx","from":{"q":0,"r":10},"to":{"q":4,"r":8},"msg":"findPath: no valid path found"}
{"level":30,"time":1774382618793,"pid":1603593,"hostname":"TempleOfZyminx","from":{"q":0,"r":10},"to":{"q":4,"r":9},"msg":"findPath: no valid path found"}
{"level":30,"time":1774382618793,"pid":1603593,"hostname":"TempleOfZyminx","from":{"q":0,"r":10},"to":{"q":4,"r":10},"msg":"findPath: no valid path found"}
{"level":30,"time":1774382618793,"pid":1603593,"hostname":"TempleOfZyminx","from":{"q":0,"r":10},"to":{"q":4,"r":11},"msg":"findPath: no valid path found"}
{"level":30,"time":1774382618793,"pid":1603593,"hostname":"TempleOfZyminx","from":{"q":0,"r":10},"to":{"q":4,"r":12},"msg":"findPath: no valid path found"}
{"level":30,"time":1774382618794,"pid":1603593,"hostname":"TempleOfZyminx","from":{"q":0,"r":10},"to":{"q":4,"r":13},"msg":"findPath: no valid path found"}
{"level":30,"time":1774382618794,"pid":1603593,"hostname":"TempleOfZyminx","from":{"q":0,"r":10},"to":{"q":4,"r":14},"msg":"findPath: no valid path found"}
{"level":30,"time":1774382618794,"pid":1603593,"hostname":"TempleOfZyminx","from":{"q":0,"r":10},"to":{"q":4,"r":15},"msg":"findPath: no valid path found"}
{"level":30,"time":1774382618794,"pid":1603593,"hostname":"TempleOfZyminx","from":{"q":0,"r":10},"to":{"q":4,"r":16},"msg":"findPath: no valid path found"}
{"level":30,"time":1774382618794,"pid":1603593,"hostname":"TempleOfZyminx","from":{"q":0,"r":10},"to":{"q":4,"r":17},"msg":"findPath: no valid path found"}
{"level":30,"time":1774382618794,"pid":1603593,"hostname":"TempleOfZyminx","from":{"q":0,"r":10},"to":{"q":4,"r":18},"msg":"findPath: no valid path found"}
{"level":30,"time":1774382618794,"pid":1603593,"hostname":"TempleOfZyminx","from":{"q":0,"r":10},"to":{"q":4,"r":19},"msg":"findPath: no valid path found"}
{"level":30,"time":1774382618794,"pid":1603593,"hostname":"TempleOfZyminx","from":{"q":0,"r":10},"to":{"q":4,"r":20},"msg":"findPath: no valid path found"}
{"level":30,"time":1774382618794,"pid":1603593,"hostname":"TempleOfZyminx","from":{"q":0,"r":10},"to":{"q":4,"r":21},"msg":"findPath: no valid path found"}
{"level":30,"time":1774382618794,"pid":1603455,"hostname":"TempleOfZyminx","from":{"q":5,"r":6},"to":{"q":5,"r":11},"msg":"findPath: no valid path found"}
{"level":30,"time":1774382618794,"pid":1603455,"hostname":"TempleOfZyminx","from":{"q":5,"r":6},"to":{"q":5,"r":12},"msg":"findPath: no valid path found"}
{"level":30,"time":1774382618794,"pid":1603455,"hostname":"TempleOfZyminx","from":{"q":5,"r":6},"to":{"q":5,"r":13},"msg":"findPath: no valid path found"}
{"level":30,"time":1774382618794,"pid":1603593,"hostname":"TempleOfZyminx","from":{"q":0,"r":10},"to":{"q":5,"r":0},"msg":"findPath: no valid path found"}
{"level":30,"time":1774382618794,"pid":1603593,"hostname":"TempleOfZyminx","from":{"q":0,"r":10},"to":{"q":5,"r":1},"msg":"findPath: no valid path found"}
{"level":30,"time":1774382618794,"pid":1603593,"hostname":"TempleOfZyminx","from":{"q":0,"r":10},"to":{"q":5,"r":2},"msg":"findPath: no valid path found"}
{"level":30,"time":1774382618794,"pid":1603593,"hostname":"TempleOfZyminx","from":{"q":0,"r":10},"to":{"q":5,"r":3},"msg":"findPath: no valid path found"}
{"level":30,"time":1774382618794,"pid":1603593,"hostname":"TempleOfZyminx","from":{"q":0,"r":10},"to":{"q":5,"r":4},"msg":"findPath: no valid path found"}
{"level":30,"time":1774382618794,"pid":1603593,"hostname":"TempleOfZyminx","from":{"q":0,"r":10},"to":{"q":5,"r":5},"msg":"findPath: no valid path found"}
{"level":30,"time":1774382618794,"pid":1603593,"hostname":"TempleOfZyminx","from":{"q":0,"r":10},"to":{"q":5,"r":8},"msg":"findPath: no valid path found"}
{"level":30,"time":1774382618794,"pid":1603593,"hostname":"TempleOfZyminx","from":{"q":0,"r":10},"to":{"q":5,"r":9},"msg":"findPath: no valid path found"}
{"level":30,"time":1774382618794,"pid":1603593,"hostname":"TempleOfZyminx","from":{"q":0,"r":10},"to":{"q":5,"r":10},"msg":"findPath: no valid path found"}
{"level":30,"time":1774382618794,"pid":1603593,"hostname":"TempleOfZyminx","from":{"q":0,"r":10},"to":{"q":5,"r":11},"msg":"findPath: no valid path found"}
{"level":30,"time":1774382618794,"pid":1603593,"hostname":"TempleOfZyminx","from":{"q":0,"r":10},"to":{"q":5,"r":12},"msg":"findPath: no valid path found"}
{"level":30,"time":1774382618794,"pid":1603455,"hostname":"TempleOfZyminx","from":{"q":5,"r":6},"to":{"q":5,"r":14},"msg":"findPath: no valid path found"}
{"level":30,"time":1774382618794,"pid":1603455,"hostname":"TempleOfZyminx","from":{"q":5,"r":6},"to":{"q":5,"r":15},"msg":"findPath: no valid path found"}
{"level":30,"time":1774382618794,"pid":1603455,"hostname":"TempleOfZyminx","from":{"q":5,"r":6},"to":{"q":5,"r":16},"msg":"findPath: no valid path found"}
{"level":30,"time":1774382618795,"pid":1603455,"hostname":"TempleOfZyminx","from":{"q":5,"r":6},"to":{"q":5,"r":17},"msg":"findPath: no valid path found"}
{"level":30,"time":1774382618794,"pid":1603593,"hostname":"TempleOfZyminx","from":{"q":0,"r":10},"to":{"q":5,"r":13},"msg":"findPath: no valid path found"}
{"level":30,"time":1774382618795,"pid":1603593,"hostname":"TempleOfZyminx","from":{"q":0,"r":10},"to":{"q":5,"r":14},"msg":"findPath: no valid path found"}
{"level":30,"time":1774382618795,"pid":1603593,"hostname":"TempleOfZyminx","from":{"q":0,"r":10},"to":{"q":5,"r":15},"msg":"findPath: no valid path found"}
{"level":30,"time":1774382618795,"pid":1603593,"hostname":"TempleOfZyminx","from":{"q":0,"r":10},"to":{"q":5,"r":16},"msg":"findPath: no valid path found"}
{"level":30,"time":1774382618795,"pid":1603593,"hostname":"TempleOfZyminx","from":{"q":0,"r":10},"to":{"q":5,"r":17},"msg":"findPath: no valid path found"}
{"level":30,"time":1774382618795,"pid":1603593,"hostname":"TempleOfZyminx","from":{"q":0,"r":10},"to":{"q":5,"r":18},"msg":"findPath: no valid path found"}
{"level":30,"time":1774382618795,"pid":1603593,"hostname":"TempleOfZyminx","from":{"q":0,"r":10},"to":{"q":5,"r":19},"msg":"findPath: no valid path found"}
{"level":30,"time":1774382618795,"pid":1603593,"hostname":"TempleOfZyminx","from":{"q":0,"r":10},"to":{"q":5,"r":20},"msg":"findPath: no valid path found"}
{"level":30,"time":1774382618795,"pid":1603593,"hostname":"TempleOfZyminx","from":{"q":0,"r":10},"to":{"q":5,"r":21},"msg":"findPath: no valid path found"}
{"level":30,"time":1774382618795,"pid":1603593,"hostname":"TempleOfZyminx","from":{"q":0,"r":10},"to":{"q":6,"r":0},"msg":"findPath: no valid path found"}
{"level":30,"time":1774382618795,"pid":1603593,"hostname":"TempleOfZyminx","from":{"q":0,"r":10},"to":{"q":6,"r":1},"msg":"findPath: no valid path found"}
{"level":30,"time":1774382618795,"pid":1603593,"hostname":"TempleOfZyminx","from":{"q":0,"r":10},"to":{"q":6,"r":2},"msg":"findPath: no valid path found"}
{"level":30,"time":1774382618795,"pid":1603593,"hostname":"TempleOfZyminx","from":{"q":0,"r":10},"to":{"q":6,"r":3},"msg":"findPath: no valid path found"}
{"level":30,"time":1774382618795,"pid":1603593,"hostname":"TempleOfZyminx","from":{"q":0,"r":10},"to":{"q":6,"r":5},"msg":"findPath: no valid path found"}
{"level":30,"time":1774382618795,"pid":1603593,"hostname":"TempleOfZyminx","from":{"q":0,"r":10},"to":{"q":6,"r":7},"msg":"findPath: no valid path found"}
{"level":30,"time":1774382618795,"pid":1603593,"hostname":"TempleOfZyminx","from":{"q":0,"r":10},"to":{"q":6,"r":8},"msg":"findPath: no valid path found"}
{"level":30,"time":1774382618795,"pid":1603593,"hostname":"TempleOfZyminx","from":{"q":0,"r":10},"to":{"q":6,"r":9},"msg":"findPath: no valid path found"}
{"level":30,"time":1774382618795,"pid":1603593,"hostname":"TempleOfZyminx","from":{"q":0,"r":10},"to":{"q":6,"r":10},"msg":"findPath: no valid path found"}
{"level":30,"time":1774382618795,"pid":1603455,"hostname":"TempleOfZyminx","from":{"q":5,"r":6},"to":{"q":5,"r":18},"msg":"findPath: no valid path found"}
{"level":30,"time":1774382618795,"pid":1603455,"hostname":"TempleOfZyminx","from":{"q":5,"r":6},"to":{"q":5,"r":19},"msg":"findPath: no valid path found"}
{"level":30,"time":1774382618795,"pid":1603455,"hostname":"TempleOfZyminx","from":{"q":5,"r":6},"to":{"q":5,"r":20},"msg":"findPath: no valid path found"}
{"level":30,"time":1774382618795,"pid":1603455,"hostname":"TempleOfZyminx","from":{"q":5,"r":6},"to":{"q":5,"r":21},"msg":"findPath: no valid path found"}
{"level":30,"time":1774382618795,"pid":1603455,"hostname":"TempleOfZyminx","from":{"q":5,"r":6},"to":{"q":6,"r":0},"msg":"findPath: no valid path found"}
{"level":30,"time":1774382618795,"pid":1603455,"hostname":"TempleOfZyminx","from":{"q":5,"r":6},"to":{"q":6,"r":1},"msg":"findPath: no valid path found"}
{"level":30,"time":1774382618795,"pid":1603593,"hostname":"TempleOfZyminx","from":{"q":0,"r":10},"to":{"q":6,"r":11},"msg":"findPath: no valid path found"}
{"level":30,"time":1774382618795,"pid":1603593,"hostname":"TempleOfZyminx","from":{"q":0,"r":10},"to":{"q":6,"r":12},"msg":"findPath: no valid path found"}
{"level":30,"time":1774382618795,"pid":1603593,"hostname":"TempleOfZyminx","from":{"q":0,"r":10},"to":{"q":6,"r":13},"msg":"findPath: no valid path found"}
{"level":30,"time":1774382618795,"pid":1603593,"hostname":"TempleOfZyminx","from":{"q":0,"r":10},"to":{"q":6,"r":14},"msg":"findPath: no valid path found"}
{"level":30,"time":1774382618796,"pid":1603593,"hostname":"TempleOfZyminx","from":{"q":0,"r":10},"to":{"q":6,"r":15},"msg":"findPath: no valid path found"}
{"level":30,"time":1774382618796,"pid":1603593,"hostname":"TempleOfZyminx","from":{"q":0,"r":10},"to":{"q":6,"r":16},"msg":"findPath: no valid path found"}
{"level":30,"time":1774382618796,"pid":1603593,"hostname":"TempleOfZyminx","from":{"q":0,"r":10},"to":{"q":6,"r":17},"msg":"findPath: no valid path found"}
{"level":30,"time":1774382618796,"pid":1603593,"hostname":"TempleOfZyminx","from":{"q":0,"r":10},"to":{"q":6,"r":18},"msg":"findPath: no valid path found"}
{"level":30,"time":1774382618796,"pid":1603593,"hostname":"TempleOfZyminx","from":{"q":0,"r":10},"to":{"q":6,"r":19},"msg":"findPath: no valid path found"}
{"level":30,"time":1774382618796,"pid":1603593,"hostname":"TempleOfZyminx","from":{"q":0,"r":10},"to":{"q":6,"r":20},"msg":"findPath: no valid path found"}
{"level":30,"time":1774382618796,"pid":1603593,"hostname":"TempleOfZyminx","from":{"q":0,"r":10},"to":{"q":6,"r":21},"msg":"findPath: no valid path found"}
{"level":30,"time":1774382618796,"pid":1603593,"hostname":"TempleOfZyminx","from":{"q":0,"r":10},"to":{"q":7,"r":0},"msg":"findPath: no valid path found"}
{"level":30,"time":1774382618796,"pid":1603593,"hostname":"TempleOfZyminx","from":{"q":0,"r":10},"to":{"q":7,"r":1},"msg":"findPath: no valid path found"}
{"level":30,"time":1774382618796,"pid":1603593,"hostname":"TempleOfZyminx","from":{"q":0,"r":10},"to":{"q":7,"r":2},"msg":"findPath: no valid path found"}
{"level":30,"time":1774382618796,"pid":1603593,"hostname":"TempleOfZyminx","from":{"q":0,"r":10},"to":{"q":7,"r":4},"msg":"findPath: no valid path found"}
{"level":30,"time":1774382618796,"pid":1603593,"hostname":"TempleOfZyminx","from":{"q":0,"r":10},"to":{"q":7,"r":5},"msg":"findPath: no valid path found"}
{"level":30,"time":1774382618796,"pid":1603593,"hostname":"TempleOfZyminx","from":{"q":0,"r":10},"to":{"q":7,"r":6},"msg":"findPath: no valid path found"}
{"level":30,"time":1774382618796,"pid":1603593,"hostname":"TempleOfZyminx","from":{"q":0,"r":10},"to":{"q":7,"r":7},"msg":"findPath: no valid path found"}
{"level":30,"time":1774382618796,"pid":1603593,"hostname":"TempleOfZyminx","from":{"q":0,"r":10},"to":{"q":7,"r":8},"msg":"findPath: no valid path found"}
{"level":30,"time":1774382618796,"pid":1603593,"hostname":"TempleOfZyminx","from":{"q":0,"r":10},"to":{"q":7,"r":9},"msg":"findPath: no valid path found"}
{"level":30,"time":1774382618796,"pid":1603593,"hostname":"TempleOfZyminx","from":{"q":0,"r":10},"to":{"q":7,"r":10},"msg":"findPath: no valid path found"}
{"level":30,"time":1774382618796,"pid":1603593,"hostname":"TempleOfZyminx","from":{"q":0,"r":10},"to":{"q":7,"r":11},"msg":"findPath: no valid path found"}
{"level":30,"time":1774382618796,"pid":1603593,"hostname":"TempleOfZyminx","from":{"q":0,"r":10},"to":{"q":7,"r":12},"msg":"findPath: no valid path found"}
{"level":30,"time":1774382618796,"pid":1603593,"hostname":"TempleOfZyminx","from":{"q":0,"r":10},"to":{"q":7,"r":13},"msg":"findPath: no valid path found"}
{"level":30,"time":1774382618796,"pid":1603593,"hostname":"TempleOfZyminx","from":{"q":0,"r":10},"to":{"q":7,"r":14},"msg":"findPath: no valid path found"}
{"level":30,"time":1774382618797,"pid":1603593,"hostname":"TempleOfZyminx","from":{"q":0,"r":10},"to":{"q":7,"r":15},"msg":"findPath: no valid path found"}
{"level":30,"time":1774382618797,"pid":1603593,"hostname":"TempleOfZyminx","from":{"q":0,"r":10},"to":{"q":7,"r":16},"msg":"findPath: no valid path found"}
{"level":30,"time":1774382618797,"pid":1603593,"hostname":"TempleOfZyminx","from":{"q":0,"r":10},"to":{"q":7,"r":17},"msg":"findPath: no valid path found"}
{"level":30,"time":1774382618796,"pid":1603455,"hostname":"TempleOfZyminx","from":{"q":5,"r":6},"to":{"q":6,"r":10},"msg":"findPath: no valid path found"}
{"level":30,"time":1774382618796,"pid":1603455,"hostname":"TempleOfZyminx","from":{"q":5,"r":6},"to":{"q":6,"r":11},"msg":"findPath: no valid path found"}
{"level":30,"time":1774382618796,"pid":1603455,"hostname":"TempleOfZyminx","from":{"q":5,"r":6},"to":{"q":6,"r":12},"msg":"findPath: no valid path found"}
{"level":30,"time":1774382618796,"pid":1603455,"hostname":"TempleOfZyminx","from":{"q":5,"r":6},"to":{"q":6,"r":13},"msg":"findPath: no valid path found"}
{"level":30,"time":1774382618796,"pid":1603455,"hostname":"TempleOfZyminx","from":{"q":5,"r":6},"to":{"q":6,"r":14},"msg":"findPath: no valid path found"}
{"level":30,"time":1774382618797,"pid":1603455,"hostname":"TempleOfZyminx","from":{"q":5,"r":6},"to":{"q":6,"r":15},"msg":"findPath: no valid path found"}
{"level":30,"time":1774382618797,"pid":1603455,"hostname":"TempleOfZyminx","from":{"q":5,"r":6},"to":{"q":6,"r":16},"msg":"findPath: no valid path found"}
{"level":30,"time":1774382618797,"pid":1603455,"hostname":"TempleOfZyminx","from":{"q":5,"r":6},"to":{"q":6,"r":17},"msg":"findPath: no valid path found"}
{"level":30,"time":1774382618797,"pid":1603593,"hostname":"TempleOfZyminx","from":{"q":0,"r":10},"to":{"q":7,"r":18},"msg":"findPath: no valid path found"}
{"level":30,"time":1774382618797,"pid":1603593,"hostname":"TempleOfZyminx","from":{"q":0,"r":10},"to":{"q":7,"r":19},"msg":"findPath: no valid path found"}
{"level":30,"time":1774382618797,"pid":1603593,"hostname":"TempleOfZyminx","from":{"q":0,"r":10},"to":{"q":7,"r":20},"msg":"findPath: no valid path found"}
{"level":30,"time":1774382618797,"pid":1603593,"hostname":"TempleOfZyminx","from":{"q":0,"r":10},"to":{"q":7,"r":21},"msg":"findPath: no valid path found"}
{"level":30,"time":1774382618797,"pid":1603593,"hostname":"TempleOfZyminx","from":{"q":0,"r":10},"to":{"q":8,"r":0},"msg":"findPath: no valid path found"}
{"level":30,"time":1774382618797,"pid":1603593,"hostname":"TempleOfZyminx","from":{"q":0,"r":10},"to":{"q":8,"r":1},"msg":"findPath: no valid path found"}
{"level":30,"time":1774382618797,"pid":1603593,"hostname":"TempleOfZyminx","from":{"q":0,"r":10},"to":{"q":8,"r":2},"msg":"findPath: no valid path found"}
{"level":30,"time":1774382618797,"pid":1603593,"hostname":"TempleOfZyminx","from":{"q":0,"r":10},"to":{"q":8,"r":3},"msg":"findPath: no valid path found"}
{"level":30,"time":1774382618797,"pid":1603593,"hostname":"TempleOfZyminx","from":{"q":0,"r":10},"to":{"q":8,"r":4},"msg":"findPath: no valid path found"}
{"level":30,"time":1774382618797,"pid":1603593,"hostname":"TempleOfZyminx","from":{"q":0,"r":10},"to":{"q":8,"r":5},"msg":"findPath: no valid path found"}
{"level":30,"time":1774382618797,"pid":1603593,"hostname":"TempleOfZyminx","from":{"q":0,"r":10},"to":{"q":8,"r":6},"msg":"findPath: no valid path found"}
{"level":30,"time":1774382618797,"pid":1603593,"hostname":"TempleOfZyminx","from":{"q":0,"r":10},"to":{"q":8,"r":7},"msg":"findPath: no valid path found"}
{"level":30,"time":1774382618797,"pid":1603593,"hostname":"TempleOfZyminx","from":{"q":0,"r":10},"to":{"q":8,"r":8},"msg":"findPath: no valid path found"}
{"level":30,"time":1774382618797,"pid":1603593,"hostname":"TempleOfZyminx","from":{"q":0,"r":10},"to":{"q":8,"r":9},"msg":"findPath: no valid path found"}
{"level":30,"time":1774382618797,"pid":1603455,"hostname":"TempleOfZyminx","from":{"q":5,"r":6},"to":{"q":6,"r":18},"msg":"findPath: no valid path found"}
{"level":30,"time":1774382618797,"pid":1603455,"hostname":"TempleOfZyminx","from":{"q":5,"r":6},"to":{"q":6,"r":19},"msg":"findPath: no valid path found"}
{"level":30,"time":1774382618797,"pid":1603455,"hostname":"TempleOfZyminx","from":{"q":5,"r":6},"to":{"q":6,"r":20},"msg":"findPath: no valid path found"}
{"level":30,"time":1774382618797,"pid":1603455,"hostname":"TempleOfZyminx","from":{"q":5,"r":6},"to":{"q":6,"r":21},"msg":"findPath: no valid path found"}
{"level":30,"time":1774382618797,"pid":1603455,"hostname":"TempleOfZyminx","from":{"q":5,"r":6},"to":{"q":7,"r":0},"msg":"findPath: no valid path found"}
{"level":30,"time":1774382618797,"pid":1603593,"hostname":"TempleOfZyminx","from":{"q":0,"r":10},"to":{"q":8,"r":10},"msg":"findPath: no valid path found"}
{"level":30,"time":1774382618797,"pid":1603593,"hostname":"TempleOfZyminx","from":{"q":0,"r":10},"to":{"q":8,"r":11},"msg":"findPath: no valid path found"}
{"level":30,"time":1774382618797,"pid":1603593,"hostname":"TempleOfZyminx","from":{"q":0,"r":10},"to":{"q":8,"r":12},"msg":"findPath: no valid path found"}
{"level":30,"time":1774382618797,"pid":1603593,"hostname":"TempleOfZyminx","from":{"q":0,"r":10},"to":{"q":8,"r":13},"msg":"findPath: no valid path found"}
{"level":30,"time":1774382618797,"pid":1603593,"hostname":"TempleOfZyminx","from":{"q":0,"r":10},"to":{"q":8,"r":14},"msg":"findPath: no valid path found"}
{"level":30,"time":1774382618798,"pid":1603593,"hostname":"TempleOfZyminx","from":{"q":0,"r":10},"to":{"q":8,"r":15},"msg":"findPath: no valid path found"}
{"level":30,"time":1774382618798,"pid":1603593,"hostname":"TempleOfZyminx","from":{"q":0,"r":10},"to":{"q":8,"r":16},"msg":"findPath: no valid path found"}
{"level":30,"time":1774382618798,"pid":1603593,"hostname":"TempleOfZyminx","from":{"q":0,"r":10},"to":{"q":8,"r":17},"msg":"findPath: no valid path found"}
{"level":30,"time":1774382618798,"pid":1603593,"hostname":"TempleOfZyminx","from":{"q":0,"r":10},"to":{"q":8,"r":18},"msg":"findPath: no valid path found"}
{"level":30,"time":1774382618798,"pid":1603455,"hostname":"TempleOfZyminx","from":{"q":5,"r":6},"to":{"q":7,"r":1},"msg":"findPath: no valid path found"}
{"level":30,"time":1774382618798,"pid":1603593,"hostname":"TempleOfZyminx","from":{"q":0,"r":10},"to":{"q":8,"r":19},"msg":"findPath: no valid path found"}
{"level":30,"time":1774382618798,"pid":1603593,"hostname":"TempleOfZyminx","from":{"q":0,"r":10},"to":{"q":8,"r":20},"msg":"findPath: no valid path found"}
{"level":30,"time":1774382618798,"pid":1603593,"hostname":"TempleOfZyminx","from":{"q":0,"r":10},"to":{"q":8,"r":21},"msg":"findPath: no valid path found"}
{"level":30,"time":1774382618798,"pid":1603593,"hostname":"TempleOfZyminx","from":{"q":0,"r":10},"to":{"q":9,"r":0},"msg":"findPath: no valid path found"}
{"level":30,"time":1774382618798,"pid":1603593,"hostname":"TempleOfZyminx","from":{"q":0,"r":10},"to":{"q":9,"r":1},"msg":"findPath: no valid path found"}
{"level":30,"time":1774382618798,"pid":1603593,"hostname":"TempleOfZyminx","from":{"q":0,"r":10},"to":{"q":9,"r":2},"msg":"findPath: no valid path found"}
{"level":30,"time":1774382618798,"pid":1603593,"hostname":"TempleOfZyminx","from":{"q":0,"r":10},"to":{"q":9,"r":3},"msg":"findPath: no valid path found"}
{"level":30,"time":1774382618798,"pid":1603593,"hostname":"TempleOfZyminx","from":{"q":0,"r":10},"to":{"q":9,"r":4},"msg":"findPath: no valid path found"}
{"level":30,"time":1774382618798,"pid":1603593,"hostname":"TempleOfZyminx","from":{"q":0,"r":10},"to":{"q":9,"r":5},"msg":"findPath: no valid path found"}
{"level":30,"time":1774382618798,"pid":1603593,"hostname":"TempleOfZyminx","from":{"q":0,"r":10},"to":{"q":9,"r":6},"msg":"findPath: no valid path found"}
{"level":30,"time":1774382618798,"pid":1603593,"hostname":"TempleOfZyminx","from":{"q":0,"r":10},"to":{"q":9,"r":7},"msg":"findPath: no valid path found"}
{"level":30,"time":1774382618798,"pid":1603455,"hostname":"TempleOfZyminx","from":{"q":5,"r":6},"to":{"q":7,"r":9},"msg":"findPath: no valid path found"}
{"level":30,"time":1774382618798,"pid":1603455,"hostname":"TempleOfZyminx","from":{"q":5,"r":6},"to":{"q":7,"r":10},"msg":"findPath: no valid path found"}
{"level":30,"time":1774382618798,"pid":1603593,"hostname":"TempleOfZyminx","from":{"q":0,"r":10},"to":{"q":9,"r":8},"msg":"findPath: no valid path found"}
{"level":30,"time":1774382618798,"pid":1603593,"hostname":"TempleOfZyminx","from":{"q":0,"r":10},"to":{"q":9,"r":9},"msg":"findPath: no valid path found"}
{"level":30,"time":1774382618798,"pid":1603593,"hostname":"TempleOfZyminx","from":{"q":0,"r":10},"to":{"q":9,"r":10},"msg":"findPath: no valid path found"}
{"level":30,"time":1774382618798,"pid":1603593,"hostname":"TempleOfZyminx","from":{"q":0,"r":10},"to":{"q":9,"r":11},"msg":"findPath: no valid path found"}
{"level":30,"time":1774382618798,"pid":1603593,"hostname":"TempleOfZyminx","from":{"q":0,"r":10},"to":{"q":9,"r":12},"msg":"findPath: no valid path found"}
{"level":30,"time":1774382618799,"pid":1603593,"hostname":"TempleOfZyminx","from":{"q":0,"r":10},"to":{"q":9,"r":13},"msg":"findPath: no valid path found"}
{"level":30,"time":1774382618799,"pid":1603593,"hostname":"TempleOfZyminx","from":{"q":0,"r":10},"to":{"q":9,"r":14},"msg":"findPath: no valid path found"}
{"level":30,"time":1774382618799,"pid":1603593,"hostname":"TempleOfZyminx","from":{"q":0,"r":10},"to":{"q":9,"r":15},"msg":"findPath: no valid path found"}
{"level":30,"time":1774382618799,"pid":1603593,"hostname":"TempleOfZyminx","from":{"q":0,"r":10},"to":{"q":9,"r":16},"msg":"findPath: no valid path found"}
{"level":30,"time":1774382618798,"pid":1603455,"hostname":"TempleOfZyminx","from":{"q":5,"r":6},"to":{"q":7,"r":11},"msg":"findPath: no valid path found"}
{"level":30,"time":1774382618798,"pid":1603455,"hostname":"TempleOfZyminx","from":{"q":5,"r":6},"to":{"q":7,"r":12},"msg":"findPath: no valid path found"}
{"level":30,"time":1774382618799,"pid":1603455,"hostname":"TempleOfZyminx","from":{"q":5,"r":6},"to":{"q":7,"r":13},"msg":"findPath: no valid path found"}
{"level":30,"time":1774382618799,"pid":1603455,"hostname":"TempleOfZyminx","from":{"q":5,"r":6},"to":{"q":7,"r":14},"msg":"findPath: no valid path found"}
{"level":30,"time":1774382618799,"pid":1603455,"hostname":"TempleOfZyminx","from":{"q":5,"r":6},"to":{"q":7,"r":15},"msg":"findPath: no valid path found"}
{"level":30,"time":1774382618799,"pid":1603455,"hostname":"TempleOfZyminx","from":{"q":5,"r":6},"to":{"q":7,"r":16},"msg":"findPath: no valid path found"}
{"level":30,"time":1774382618799,"pid":1603455,"hostname":"TempleOfZyminx","from":{"q":5,"r":6},"to":{"q":7,"r":17},"msg":"findPath: no valid path found"}
{"level":30,"time":1774382618799,"pid":1603455,"hostname":"TempleOfZyminx","from":{"q":5,"r":6},"to":{"q":7,"r":18},"msg":"findPath: no valid path found"}
{"level":30,"time":1774382618799,"pid":1603455,"hostname":"TempleOfZyminx","from":{"q":5,"r":6},"to":{"q":7,"r":19},"msg":"findPath: no valid path found"}
{"level":30,"time":1774382618799,"pid":1603455,"hostname":"TempleOfZyminx","from":{"q":5,"r":6},"to":{"q":7,"r":20},"msg":"findPath: no valid path found"}
{"level":30,"time":1774382618800,"pid":1603455,"hostname":"TempleOfZyminx","from":{"q":5,"r":6},"to":{"q":7,"r":21},"msg":"findPath: no valid path found"}
{"level":30,"time":1774382618800,"pid":1603455,"hostname":"TempleOfZyminx","from":{"q":5,"r":6},"to":{"q":8,"r":0},"msg":"findPath: no valid path found"}
{"level":30,"time":1774382618800,"pid":1603455,"hostname":"TempleOfZyminx","from":{"q":5,"r":6},"to":{"q":8,"r":1},"msg":"findPath: no valid path found"}
{"level":30,"time":1774382618800,"pid":1603593,"hostname":"TempleOfZyminx","from":{"q":0,"r":10},"to":{"q":9,"r":17},"msg":"findPath: no valid path found"}
{"level":30,"time":1774382618800,"pid":1603593,"hostname":"TempleOfZyminx","from":{"q":0,"r":10},"to":{"q":9,"r":18},"msg":"findPath: no valid path found"}
{"level":30,"time":1774382618800,"pid":1603593,"hostname":"TempleOfZyminx","from":{"q":0,"r":10},"to":{"q":9,"r":19},"msg":"findPath: no valid path found"}
{"level":30,"time":1774382618800,"pid":1603593,"hostname":"TempleOfZyminx","from":{"q":0,"r":10},"to":{"q":9,"r":20},"msg":"findPath: no valid path found"}
{"level":30,"time":1774382618800,"pid":1603593,"hostname":"TempleOfZyminx","from":{"q":0,"r":10},"to":{"q":9,"r":21},"msg":"findPath: no valid path found"}
{"level":30,"time":1774382618800,"pid":1603593,"hostname":"TempleOfZyminx","from":{"q":0,"r":10},"to":{"q":10,"r":0},"msg":"findPath: no valid path found"}
{"level":30,"time":1774382618800,"pid":1603593,"hostname":"TempleOfZyminx","from":{"q":0,"r":10},"to":{"q":10,"r":1},"msg":"findPath: no valid path found"}
{"level":30,"time":1774382618800,"pid":1603455,"hostname":"TempleOfZyminx","from":{"q":5,"r":6},"to":{"q":8,"r":8},"msg":"findPath: no valid path found"}
{"level":30,"time":1774382618800,"pid":1603455,"hostname":"TempleOfZyminx","from":{"q":5,"r":6},"to":{"q":8,"r":9},"msg":"findPath: no valid path found"}
{"level":30,"time":1774382618801,"pid":1603455,"hostname":"TempleOfZyminx","from":{"q":5,"r":6},"to":{"q":8,"r":10},"msg":"findPath: no valid path found"}
{"level":30,"time":1774382618801,"pid":1603593,"hostname":"TempleOfZyminx","from":{"q":0,"r":10},"to":{"q":10,"r":2},"msg":"findPath: no valid path found"}
{"level":30,"time":1774382618801,"pid":1603593,"hostname":"TempleOfZyminx","from":{"q":0,"r":10},"to":{"q":10,"r":3},"msg":"findPath: no valid path found"}
{"level":30,"time":1774382618801,"pid":1603593,"hostname":"TempleOfZyminx","from":{"q":0,"r":10},"to":{"q":10,"r":4},"msg":"findPath: no valid path found"}
{"level":30,"time":1774382618801,"pid":1603593,"hostname":"TempleOfZyminx","from":{"q":0,"r":10},"to":{"q":10,"r":5},"msg":"findPath: no valid path found"}
{"level":30,"time":1774382618801,"pid":1603593,"hostname":"TempleOfZyminx","from":{"q":0,"r":10},"to":{"q":10,"r":6},"msg":"findPath: no valid path found"}
{"level":30,"time":1774382618801,"pid":1603593,"hostname":"TempleOfZyminx","from":{"q":0,"r":10},"to":{"q":10,"r":7},"msg":"findPath: no valid path found"}
{"level":30,"time":1774382618801,"pid":1603593,"hostname":"TempleOfZyminx","from":{"q":0,"r":10},"to":{"q":10,"r":8},"msg":"findPath: no valid path found"}
{"level":30,"time":1774382618801,"pid":1603593,"hostname":"TempleOfZyminx","from":{"q":0,"r":10},"to":{"q":10,"r":9},"msg":"findPath: no valid path found"}
{"level":30,"time":1774382618801,"pid":1603593,"hostname":"TempleOfZyminx","from":{"q":0,"r":10},"to":{"q":10,"r":10},"msg":"findPath: no valid path found"}
{"level":30,"time":1774382618801,"pid":1603593,"hostname":"TempleOfZyminx","from":{"q":0,"r":10},"to":{"q":10,"r":11},"msg":"findPath: no valid path found"}
{"level":30,"time":1774382618801,"pid":1603593,"hostname":"TempleOfZyminx","from":{"q":0,"r":10},"to":{"q":10,"r":12},"msg":"findPath: no valid path found"}
{"level":30,"time":1774382618801,"pid":1603593,"hostname":"TempleOfZyminx","from":{"q":0,"r":10},"to":{"q":10,"r":13},"msg":"findPath: no valid path found"}
{"level":30,"time":1774382618801,"pid":1603593,"hostname":"TempleOfZyminx","from":{"q":0,"r":10},"to":{"q":10,"r":14},"msg":"findPath: no valid path found"}
{"level":30,"time":1774382618801,"pid":1603593,"hostname":"TempleOfZyminx","from":{"q":0,"r":10},"to":{"q":10,"r":15},"msg":"findPath: no valid path found"}
{"level":30,"time":1774382618801,"pid":1603593,"hostname":"TempleOfZyminx","from":{"q":0,"r":10},"to":{"q":10,"r":16},"msg":"findPath: no valid path found"}
{"level":30,"time":1774382618801,"pid":1603593,"hostname":"TempleOfZyminx","from":{"q":0,"r":10},"to":{"q":10,"r":17},"msg":"findPath: no valid path found"}
{"level":30,"time":1774382618801,"pid":1603593,"hostname":"TempleOfZyminx","from":{"q":0,"r":10},"to":{"q":10,"r":18},"msg":"findPath: no valid path found"}
{"level":30,"time":1774382618801,"pid":1603593,"hostname":"TempleOfZyminx","from":{"q":0,"r":10},"to":{"q":10,"r":19},"msg":"findPath: no valid path found"}
{"level":30,"time":1774382618801,"pid":1603593,"hostname":"TempleOfZyminx","from":{"q":0,"r":10},"to":{"q":10,"r":20},"msg":"findPath: no valid path found"}
{"level":30,"time":1774382618801,"pid":1603593,"hostname":"TempleOfZyminx","from":{"q":0,"r":10},"to":{"q":10,"r":21},"msg":"findPath: no valid path found"}
{"level":30,"time":1774382618802,"pid":1603593,"hostname":"TempleOfZyminx","from":{"q":0,"r":10},"to":{"q":11,"r":0},"msg":"findPath: no valid path found"}
{"level":30,"time":1774382618802,"pid":1603593,"hostname":"TempleOfZyminx","from":{"q":0,"r":10},"to":{"q":11,"r":1},"msg":"findPath: no valid path found"}
{"level":30,"time":1774382618802,"pid":1603593,"hostname":"TempleOfZyminx","from":{"q":0,"r":10},"to":{"q":11,"r":2},"msg":"findPath: no valid path found"}
{"level":30,"time":1774382618802,"pid":1603593,"hostname":"TempleOfZyminx","from":{"q":0,"r":10},"to":{"q":11,"r":3},"msg":"findPath: no valid path found"}
{"level":30,"time":1774382618802,"pid":1603593,"hostname":"TempleOfZyminx","from":{"q":0,"r":10},"to":{"q":11,"r":4},"msg":"findPath: no valid path found"}
{"level":30,"time":1774382618802,"pid":1603593,"hostname":"TempleOfZyminx","from":{"q":0,"r":10},"to":{"q":11,"r":5},"msg":"findPath: no valid path found"}
{"level":30,"time":1774382618802,"pid":1603593,"hostname":"TempleOfZyminx","from":{"q":0,"r":10},"to":{"q":11,"r":6},"msg":"findPath: no valid path found"}
{"level":30,"time":1774382618802,"pid":1603593,"hostname":"TempleOfZyminx","from":{"q":0,"r":10},"to":{"q":11,"r":7},"msg":"findPath: no valid path found"}
{"level":30,"time":1774382618802,"pid":1603593,"hostname":"TempleOfZyminx","from":{"q":0,"r":10},"to":{"q":11,"r":8},"msg":"findPath: no valid path found"}
{"level":30,"time":1774382618802,"pid":1603593,"hostname":"TempleOfZyminx","from":{"q":0,"r":10},"to":{"q":11,"r":9},"msg":"findPath: no valid path found"}
{"level":30,"time":1774382618802,"pid":1603593,"hostname":"TempleOfZyminx","from":{"q":0,"r":10},"to":{"q":11,"r":10},"msg":"findPath: no valid path found"}
{"level":30,"time":1774382618802,"pid":1603593,"hostname":"TempleOfZyminx","from":{"q":0,"r":10},"to":{"q":11,"r":11},"msg":"findPath: no valid path found"}
{"level":30,"time":1774382618802,"pid":1603593,"hostname":"TempleOfZyminx","from":{"q":0,"r":10},"to":{"q":11,"r":12},"msg":"findPath: no valid path found"}
{"level":30,"time":1774382618802,"pid":1603593,"hostname":"TempleOfZyminx","from":{"q":0,"r":10},"to":{"q":11,"r":13},"msg":"findPath: no valid path found"}
{"level":30,"time":1774382618802,"pid":1603593,"hostname":"TempleOfZyminx","from":{"q":0,"r":10},"to":{"q":11,"r":14},"msg":"findPath: no valid path found"}
{"level":30,"time":1774382618802,"pid":1603593,"hostname":"TempleOfZyminx","from":{"q":0,"r":10},"to":{"q":11,"r":15},"msg":"findPath: no valid path found"}
{"level":30,"time":1774382618802,"pid":1603593,"hostname":"TempleOfZyminx","from":{"q":0,"r":10},"to":{"q":11,"r":16},"msg":"findPath: no valid path found"}
{"level":30,"time":1774382618802,"pid":1603593,"hostname":"TempleOfZyminx","from":{"q":0,"r":10},"to":{"q":11,"r":17},"msg":"findPath: no valid path found"}
{"level":30,"time":1774382618802,"pid":1603593,"hostname":"TempleOfZyminx","from":{"q":0,"r":10},"to":{"q":11,"r":18},"msg":"findPath: no valid path found"}
{"level":30,"time":1774382618802,"pid":1603593,"hostname":"TempleOfZyminx","from":{"q":0,"r":10},"to":{"q":11,"r":19},"msg":"findPath: no valid path found"}
{"level":30,"time":1774382618803,"pid":1603593,"hostname":"TempleOfZyminx","from":{"q":0,"r":10},"to":{"q":11,"r":20},"msg":"findPath: no valid path found"}
{"level":30,"time":1774382618803,"pid":1603593,"hostname":"TempleOfZyminx","from":{"q":0,"r":10},"to":{"q":11,"r":21},"msg":"findPath: no valid path found"}
{"level":30,"time":1774382618803,"pid":1603593,"hostname":"TempleOfZyminx","from":{"q":0,"r":10},"to":{"q":12,"r":0},"msg":"findPath: no valid path found"}
{"level":30,"time":1774382618803,"pid":1603593,"hostname":"TempleOfZyminx","from":{"q":0,"r":10},"to":{"q":12,"r":1},"msg":"findPath: no valid path found"}
{"level":30,"time":1774382618803,"pid":1603593,"hostname":"TempleOfZyminx","from":{"q":0,"r":10},"to":{"q":12,"r":2},"msg":"findPath: no valid path found"}
{"level":30,"time":1774382618803,"pid":1603593,"hostname":"TempleOfZyminx","from":{"q":0,"r":10},"to":{"q":12,"r":3},"msg":"findPath: no valid path found"}
{"level":30,"time":1774382618803,"pid":1603593,"hostname":"TempleOfZyminx","from":{"q":0,"r":10},"to":{"q":12,"r":4},"msg":"findPath: no valid path found"}
{"level":30,"time":1774382618803,"pid":1603593,"hostname":"TempleOfZyminx","from":{"q":0,"r":10},"to":{"q":12,"r":5},"msg":"findPath: no valid path found"}
{"level":30,"time":1774382618803,"pid":1603593,"hostname":"TempleOfZyminx","from":{"q":0,"r":10},"to":{"q":12,"r":6},"msg":"findPath: no valid path found"}
{"level":30,"time":1774382618803,"pid":1603593,"hostname":"TempleOfZyminx","from":{"q":0,"r":10},"to":{"q":12,"r":7},"msg":"findPath: no valid path found"}
{"level":30,"time":1774382618803,"pid":1603593,"hostname":"TempleOfZyminx","from":{"q":0,"r":10},"to":{"q":12,"r":8},"msg":"findPath: no valid path found"}
{"level":30,"time":1774382618803,"pid":1603593,"hostname":"TempleOfZyminx","from":{"q":0,"r":10},"to":{"q":12,"r":9},"msg":"findPath: no valid path found"}
{"level":30,"time":1774382618803,"pid":1603593,"hostname":"TempleOfZyminx","from":{"q":0,"r":10},"to":{"q":12,"r":10},"msg":"findPath: no valid path found"}
{"level":30,"time":1774382618803,"pid":1603593,"hostname":"TempleOfZyminx","from":{"q":0,"r":10},"to":{"q":12,"r":11},"msg":"findPath: no valid path found"}
{"level":30,"time":1774382618803,"pid":1603593,"hostname":"TempleOfZyminx","from":{"q":0,"r":10},"to":{"q":12,"r":12},"msg":"findPath: no valid path found"}
{"level":30,"time":1774382618803,"pid":1603593,"hostname":"TempleOfZyminx","from":{"q":0,"r":10},"to":{"q":12,"r":13},"msg":"findPath: no valid path found"}
{"level":30,"time":1774382618803,"pid":1603593,"hostname":"TempleOfZyminx","from":{"q":0,"r":10},"to":{"q":12,"r":14},"msg":"findPath: no valid path found"}
{"level":30,"time":1774382618803,"pid":1603593,"hostname":"TempleOfZyminx","from":{"q":0,"r":10},"to":{"q":12,"r":15},"msg":"findPath: no valid path found"}
{"level":30,"time":1774382618803,"pid":1603593,"hostname":"TempleOfZyminx","from":{"q":0,"r":10},"to":{"q":12,"r":16},"msg":"findPath: no valid path found"}
{"level":30,"time":1774382618803,"pid":1603593,"hostname":"TempleOfZyminx","from":{"q":0,"r":10},"to":{"q":12,"r":17},"msg":"findPath: no valid path found"}
{"level":30,"time":1774382618803,"pid":1603593,"hostname":"TempleOfZyminx","from":{"q":0,"r":10},"to":{"q":12,"r":18},"msg":"findPath: no valid path found"}
{"level":30,"time":1774382618804,"pid":1603593,"hostname":"TempleOfZyminx","from":{"q":0,"r":10},"to":{"q":12,"r":19},"msg":"findPath: no valid path found"}
{"level":30,"time":1774382618804,"pid":1603593,"hostname":"TempleOfZyminx","from":{"q":0,"r":10},"to":{"q":12,"r":20},"msg":"findPath: no valid path found"}
{"level":30,"time":1774382618804,"pid":1603593,"hostname":"TempleOfZyminx","from":{"q":0,"r":10},"to":{"q":12,"r":21},"msg":"findPath: no valid path found"}
{"level":30,"time":1774382618804,"pid":1603593,"hostname":"TempleOfZyminx","from":{"q":0,"r":10},"to":{"q":13,"r":0},"msg":"findPath: no valid path found"}
{"level":30,"time":1774382618804,"pid":1603593,"hostname":"TempleOfZyminx","from":{"q":0,"r":10},"to":{"q":13,"r":1},"msg":"findPath: no valid path found"}
{"level":30,"time":1774382618804,"pid":1603593,"hostname":"TempleOfZyminx","from":{"q":0,"r":10},"to":{"q":13,"r":2},"msg":"findPath: no valid path found"}
{"level":30,"time":1774382618804,"pid":1603593,"hostname":"TempleOfZyminx","from":{"q":0,"r":10},"to":{"q":13,"r":3},"msg":"findPath: no valid path found"}
{"level":30,"time":1774382618804,"pid":1603593,"hostname":"TempleOfZyminx","from":{"q":0,"r":10},"to":{"q":13,"r":4},"msg":"findPath: no valid path found"}
{"level":30,"time":1774382618805,"pid":1603593,"hostname":"TempleOfZyminx","from":{"q":0,"r":10},"to":{"q":13,"r":5},"msg":"findPath: no valid path found"}
{"level":30,"time":1774382618805,"pid":1603593,"hostname":"TempleOfZyminx","from":{"q":0,"r":10},"to":{"q":13,"r":6},"msg":"findPath: no valid path found"}
{"level":30,"time":1774382618805,"pid":1603593,"hostname":"TempleOfZyminx","from":{"q":0,"r":10},"to":{"q":13,"r":7},"msg":"findPath: no valid path found"}
{"level":30,"time":1774382618805,"pid":1603593,"hostname":"TempleOfZyminx","from":{"q":0,"r":10},"to":{"q":13,"r":8},"msg":"findPath: no valid path found"}
{"level":30,"time":1774382618805,"pid":1603593,"hostname":"TempleOfZyminx","from":{"q":0,"r":10},"to":{"q":13,"r":9},"msg":"findPath: no valid path found"}
{"level":30,"time":1774382618805,"pid":1603593,"hostname":"TempleOfZyminx","from":{"q":0,"r":10},"to":{"q":13,"r":10},"msg":"findPath: no valid path found"}
{"level":30,"time":1774382618805,"pid":1603593,"hostname":"TempleOfZyminx","from":{"q":0,"r":10},"to":{"q":13,"r":11},"msg":"findPath: no valid path found"}
{"level":30,"time":1774382618805,"pid":1603593,"hostname":"TempleOfZyminx","from":{"q":0,"r":10},"to":{"q":13,"r":12},"msg":"findPath: no valid path found"}
{"level":30,"time":1774382618805,"pid":1603593,"hostname":"TempleOfZyminx","from":{"q":0,"r":10},"to":{"q":13,"r":13},"msg":"findPath: no valid path found"}
{"level":30,"time":1774382618805,"pid":1603593,"hostname":"TempleOfZyminx","from":{"q":0,"r":10},"to":{"q":13,"r":14},"msg":"findPath: no valid path found"}
{"level":30,"time":1774382618805,"pid":1603593,"hostname":"TempleOfZyminx","from":{"q":0,"r":10},"to":{"q":13,"r":15},"msg":"findPath: no valid path found"}
{"level":30,"time":1774382618805,"pid":1603593,"hostname":"TempleOfZyminx","from":{"q":0,"r":10},"to":{"q":13,"r":16},"msg":"findPath: no valid path found"}
{"level":30,"time":1774382618805,"pid":1603593,"hostname":"TempleOfZyminx","from":{"q":0,"r":10},"to":{"q":13,"r":17},"msg":"findPath: no valid path found"}
{"level":30,"time":1774382618805,"pid":1603593,"hostname":"TempleOfZyminx","from":{"q":0,"r":10},"to":{"q":13,"r":18},"msg":"findPath: no valid path found"}
{"level":30,"time":1774382618805,"pid":1603593,"hostname":"TempleOfZyminx","from":{"q":0,"r":10},"to":{"q":13,"r":19},"msg":"findPath: no valid path found"}
{"level":30,"time":1774382618805,"pid":1603593,"hostname":"TempleOfZyminx","from":{"q":0,"r":10},"to":{"q":13,"r":20},"msg":"findPath: no valid path found"}
{"level":30,"time":1774382618805,"pid":1603593,"hostname":"TempleOfZyminx","from":{"q":0,"r":10},"to":{"q":13,"r":21},"msg":"findPath: no valid path found"}
{"level":30,"time":1774382618805,"pid":1603593,"hostname":"TempleOfZyminx","from":{"q":0,"r":10},"to":{"q":14,"r":0},"msg":"findPath: no valid path found"}
{"level":30,"time":1774382618805,"pid":1603593,"hostname":"TempleOfZyminx","from":{"q":0,"r":10},"to":{"q":14,"r":1},"msg":"findPath: no valid path found"}
{"level":30,"time":1774382618806,"pid":1603593,"hostname":"TempleOfZyminx","from":{"q":0,"r":10},"to":{"q":14,"r":2},"msg":"findPath: no valid path found"}
{"level":30,"time":1774382618806,"pid":1603593,"hostname":"TempleOfZyminx","from":{"q":0,"r":10},"to":{"q":14,"r":3},"msg":"findPath: no valid path found"}
{"level":30,"time":1774382618806,"pid":1603593,"hostname":"TempleOfZyminx","from":{"q":0,"r":10},"to":{"q":14,"r":4},"msg":"findPath: no valid path found"}
{"level":30,"time":1774382618806,"pid":1603593,"hostname":"TempleOfZyminx","from":{"q":0,"r":10},"to":{"q":14,"r":5},"msg":"findPath: no valid path found"}
{"level":30,"time":1774382618806,"pid":1603593,"hostname":"TempleOfZyminx","from":{"q":0,"r":10},"to":{"q":14,"r":6},"msg":"findPath: no valid path found"}
{"level":30,"time":1774382618806,"pid":1603593,"hostname":"TempleOfZyminx","from":{"q":0,"r":10},"to":{"q":14,"r":7},"msg":"findPath: no valid path found"}
{"level":30,"time":1774382618806,"pid":1603593,"hostname":"TempleOfZyminx","from":{"q":0,"r":10},"to":{"q":14,"r":8},"msg":"findPath: no valid path found"}
{"level":30,"time":1774382618806,"pid":1603593,"hostname":"TempleOfZyminx","from":{"q":0,"r":10},"to":{"q":14,"r":9},"msg":"findPath: no valid path found"}
{"level":30,"time":1774382618807,"pid":1603593,"hostname":"TempleOfZyminx","from":{"q":0,"r":10},"to":{"q":14,"r":10},"msg":"findPath: no valid path found"}
{"level":30,"time":1774382618807,"pid":1603593,"hostname":"TempleOfZyminx","from":{"q":0,"r":10},"to":{"q":14,"r":11},"msg":"findPath: no valid path found"}
{"level":30,"time":1774382618807,"pid":1603593,"hostname":"TempleOfZyminx","from":{"q":0,"r":10},"to":{"q":14,"r":12},"msg":"findPath: no valid path found"}
{"level":30,"time":1774382618807,"pid":1603593,"hostname":"TempleOfZyminx","from":{"q":0,"r":10},"to":{"q":14,"r":13},"msg":"findPath: no valid path found"}
{"level":30,"time":1774382618807,"pid":1603593,"hostname":"TempleOfZyminx","from":{"q":0,"r":10},"to":{"q":14,"r":14},"msg":"findPath: no valid path found"}
{"level":30,"time":1774382618807,"pid":1603593,"hostname":"TempleOfZyminx","from":{"q":0,"r":10},"to":{"q":14,"r":15},"msg":"findPath: no valid path found"}
{"level":30,"time":1774382618807,"pid":1603593,"hostname":"TempleOfZyminx","from":{"q":0,"r":10},"to":{"q":14,"r":16},"msg":"findPath: no valid path found"}
{"level":30,"time":1774382618807,"pid":1603593,"hostname":"TempleOfZyminx","from":{"q":0,"r":10},"to":{"q":14,"r":17},"msg":"findPath: no valid path found"}
{"level":30,"time":1774382618807,"pid":1603593,"hostname":"TempleOfZyminx","from":{"q":0,"r":10},"to":{"q":14,"r":18},"msg":"findPath: no valid path found"}
{"level":30,"time":1774382618807,"pid":1603593,"hostname":"TempleOfZyminx","from":{"q":0,"r":10},"to":{"q":14,"r":19},"msg":"findPath: no valid path found"}
{"level":30,"time":1774382618807,"pid":1603593,"hostname":"TempleOfZyminx","from":{"q":0,"r":10},"to":{"q":14,"r":20},"msg":"findPath: no valid path found"}
{"level":30,"time":1774382618807,"pid":1603593,"hostname":"TempleOfZyminx","from":{"q":0,"r":10},"to":{"q":14,"r":21},"msg":"findPath: no valid path found"}
{"level":30,"time":1774382618808,"pid":1603593,"hostname":"TempleOfZyminx","id":"dea58722-f14c-411d-be30-a1a8fff789f9","command":"MOVE","msg":"Submitting game action"}
{"level":30,"time":1774382618808,"pid":1603593,"hostname":"TempleOfZyminx","gameId":"dea58722-f14c-411d-be30-a1a8fff789f9","unitId":"onion-1","msg":"Processing MOVE command"}
{"level":30,"time":1774382618801,"pid":1603455,"hostname":"TempleOfZyminx","from":{"q":5,"r":6},"to":{"q":8,"r":11},"msg":"findPath: no valid path found"}
{"level":30,"time":1774382618801,"pid":1603455,"hostname":"TempleOfZyminx","from":{"q":5,"r":6},"to":{"q":8,"r":12},"msg":"findPath: no valid path found"}
{"level":30,"time":1774382618801,"pid":1603455,"hostname":"TempleOfZyminx","from":{"q":5,"r":6},"to":{"q":8,"r":13},"msg":"findPath: no valid path found"}
{"level":30,"time":1774382618801,"pid":1603455,"hostname":"TempleOfZyminx","from":{"q":5,"r":6},"to":{"q":8,"r":14},"msg":"findPath: no valid path found"}
{"level":30,"time":1774382618801,"pid":1603455,"hostname":"TempleOfZyminx","from":{"q":5,"r":6},"to":{"q":8,"r":15},"msg":"findPath: no valid path found"}
{"level":30,"time":1774382618801,"pid":1603455,"hostname":"TempleOfZyminx","from":{"q":5,"r":6},"to":{"q":8,"r":16},"msg":"findPath: no valid path found"}
{"level":30,"time":1774382618801,"pid":1603455,"hostname":"TempleOfZyminx","from":{"q":5,"r":6},"to":{"q":8,"r":17},"msg":"findPath: no valid path found"}
{"level":30,"time":1774382618802,"pid":1603455,"hostname":"TempleOfZyminx","from":{"q":5,"r":6},"to":{"q":8,"r":18},"msg":"findPath: no valid path found"}
{"level":30,"time":1774382618802,"pid":1603455,"hostname":"TempleOfZyminx","from":{"q":5,"r":6},"to":{"q":8,"r":19},"msg":"findPath: no valid path found"}
{"level":30,"time":1774382618802,"pid":1603455,"hostname":"TempleOfZyminx","from":{"q":5,"r":6},"to":{"q":8,"r":20},"msg":"findPath: no valid path found"}
{"level":30,"time":1774382618802,"pid":1603455,"hostname":"TempleOfZyminx","from":{"q":5,"r":6},"to":{"q":8,"r":21},"msg":"findPath: no valid path found"}
{"level":30,"time":1774382618802,"pid":1603455,"hostname":"TempleOfZyminx","from":{"q":5,"r":6},"to":{"q":9,"r":0},"msg":"findPath: no valid path found"}
{"level":30,"time":1774382618802,"pid":1603455,"hostname":"TempleOfZyminx","from":{"q":5,"r":6},"to":{"q":9,"r":1},"msg":"findPath: no valid path found"}
{"level":30,"time":1774382618803,"pid":1603455,"hostname":"TempleOfZyminx","from":{"q":5,"r":6},"to":{"q":9,"r":7},"msg":"findPath: no valid path found"}
{"level":30,"time":1774382618803,"pid":1603455,"hostname":"TempleOfZyminx","from":{"q":5,"r":6},"to":{"q":9,"r":8},"msg":"findPath: no valid path found"}
{"level":30,"time":1774382618803,"pid":1603455,"hostname":"TempleOfZyminx","from":{"q":5,"r":6},"to":{"q":9,"r":9},"msg":"findPath: no valid path found"}
{"level":30,"time":1774382618803,"pid":1603455,"hostname":"TempleOfZyminx","from":{"q":5,"r":6},"to":{"q":9,"r":10},"msg":"findPath: no valid path found"}
{"level":30,"time":1774382618803,"pid":1603455,"hostname":"TempleOfZyminx","from":{"q":5,"r":6},"to":{"q":9,"r":11},"msg":"findPath: no valid path found"}
{"level":30,"time":1774382618804,"pid":1603455,"hostname":"TempleOfZyminx","from":{"q":5,"r":6},"to":{"q":9,"r":12},"msg":"findPath: no valid path found"}
{"level":30,"time":1774382618804,"pid":1603455,"hostname":"TempleOfZyminx","from":{"q":5,"r":6},"to":{"q":9,"r":13},"msg":"findPath: no valid path found"}
{"level":30,"time":1774382618804,"pid":1603455,"hostname":"TempleOfZyminx","from":{"q":5,"r":6},"to":{"q":9,"r":14},"msg":"findPath: no valid path found"}
{"level":30,"time":1774382618804,"pid":1603455,"hostname":"TempleOfZyminx","from":{"q":5,"r":6},"to":{"q":9,"r":15},"msg":"findPath: no valid path found"}
{"level":30,"time":1774382618804,"pid":1603455,"hostname":"TempleOfZyminx","from":{"q":5,"r":6},"to":{"q":9,"r":16},"msg":"findPath: no valid path found"}
{"level":30,"time":1774382618804,"pid":1603455,"hostname":"TempleOfZyminx","from":{"q":5,"r":6},"to":{"q":9,"r":17},"msg":"findPath: no valid path found"}
{"level":30,"time":1774382618804,"pid":1603455,"hostname":"TempleOfZyminx","from":{"q":5,"r":6},"to":{"q":9,"r":18},"msg":"findPath: no valid path found"}
{"level":30,"time":1774382618804,"pid":1603455,"hostname":"TempleOfZyminx","from":{"q":5,"r":6},"to":{"q":9,"r":19},"msg":"findPath: no valid path found"}
{"level":30,"time":1774382618804,"pid":1603455,"hostname":"TempleOfZyminx","from":{"q":5,"r":6},"to":{"q":9,"r":20},"msg":"findPath: no valid path found"}
{"level":30,"time":1774382618805,"pid":1603455,"hostname":"TempleOfZyminx","from":{"q":5,"r":6},"to":{"q":9,"r":21},"msg":"findPath: no valid path found"}
{"level":30,"time":1774382618805,"pid":1603455,"hostname":"TempleOfZyminx","from":{"q":5,"r":6},"to":{"q":10,"r":0},"msg":"findPath: no valid path found"}
{"level":30,"time":1774382618806,"pid":1603455,"hostname":"TempleOfZyminx","from":{"q":5,"r":6},"to":{"q":10,"r":1},"msg":"findPath: no valid path found"}
{"level":30,"time":1774382618806,"pid":1603455,"hostname":"TempleOfZyminx","from":{"q":5,"r":6},"to":{"q":10,"r":2},"msg":"findPath: no valid path found"}
{"level":30,"time":1774382618806,"pid":1603455,"hostname":"TempleOfZyminx","from":{"q":5,"r":6},"to":{"q":10,"r":3},"msg":"findPath: no valid path found"}
{"level":30,"time":1774382618806,"pid":1603455,"hostname":"TempleOfZyminx","from":{"q":5,"r":6},"to":{"q":10,"r":4},"msg":"findPath: no valid path found"}
{"level":30,"time":1774382618806,"pid":1603455,"hostname":"TempleOfZyminx","from":{"q":5,"r":6},"to":{"q":10,"r":5},"msg":"findPath: no valid path found"}
{"level":30,"time":1774382618806,"pid":1603455,"hostname":"TempleOfZyminx","from":{"q":5,"r":6},"to":{"q":10,"r":6},"msg":"findPath: no valid path found"}
{"level":30,"time":1774382618806,"pid":1603455,"hostname":"TempleOfZyminx","from":{"q":5,"r":6},"to":{"q":10,"r":7},"msg":"findPath: no valid path found"}
{"level":30,"time":1774382618806,"pid":1603455,"hostname":"TempleOfZyminx","from":{"q":5,"r":6},"to":{"q":10,"r":8},"msg":"findPath: no valid path found"}
{"level":30,"time":1774382618807,"pid":1603455,"hostname":"TempleOfZyminx","from":{"q":5,"r":6},"to":{"q":10,"r":9},"msg":"findPath: no valid path found"}
{"level":30,"time":1774382618807,"pid":1603455,"hostname":"TempleOfZyminx","from":{"q":5,"r":6},"to":{"q":10,"r":10},"msg":"findPath: no valid path found"}
{"level":30,"time":1774382618807,"pid":1603455,"hostname":"TempleOfZyminx","from":{"q":5,"r":6},"to":{"q":10,"r":11},"msg":"findPath: no valid path found"}
{"level":30,"time":1774382618807,"pid":1603455,"hostname":"TempleOfZyminx","from":{"q":5,"r":6},"to":{"q":10,"r":12},"msg":"findPath: no valid path found"}
{"level":30,"time":1774382618807,"pid":1603455,"hostname":"TempleOfZyminx","from":{"q":5,"r":6},"to":{"q":10,"r":13},"msg":"findPath: no valid path found"}
{"level":30,"time":1774382618807,"pid":1603455,"hostname":"TempleOfZyminx","from":{"q":5,"r":6},"to":{"q":10,"r":14},"msg":"findPath: no valid path found"}
{"level":30,"time":1774382618807,"pid":1603455,"hostname":"TempleOfZyminx","from":{"q":5,"r":6},"to":{"q":10,"r":15},"msg":"findPath: no valid path found"}
{"level":30,"time":1774382618807,"pid":1603455,"hostname":"TempleOfZyminx","from":{"q":5,"r":6},"to":{"q":10,"r":16},"msg":"findPath: no valid path found"}
{"level":30,"time":1774382618808,"pid":1603455,"hostname":"TempleOfZyminx","from":{"q":5,"r":6},"to":{"q":10,"r":17},"msg":"findPath: no valid path found"}
{"level":30,"time":1774382618808,"pid":1603455,"hostname":"TempleOfZyminx","from":{"q":5,"r":6},"to":{"q":10,"r":18},"msg":"findPath: no valid path found"}
{"level":30,"time":1774382618808,"pid":1603455,"hostname":"TempleOfZyminx","from":{"q":5,"r":6},"to":{"q":10,"r":19},"msg":"findPath: no valid path found"}
{"level":30,"time":1774382618808,"pid":1603455,"hostname":"TempleOfZyminx","from":{"q":5,"r":6},"to":{"q":10,"r":20},"msg":"findPath: no valid path found"}
{"level":30,"time":1774382618808,"pid":1603455,"hostname":"TempleOfZyminx","from":{"q":5,"r":6},"to":{"q":10,"r":21},"msg":"findPath: no valid path found"}
{"level":30,"time":1774382618808,"pid":1603455,"hostname":"TempleOfZyminx","from":{"q":5,"r":6},"to":{"q":11,"r":0},"msg":"findPath: no valid path found"}
{"level":30,"time":1774382618808,"pid":1603455,"hostname":"TempleOfZyminx","from":{"q":5,"r":6},"to":{"q":11,"r":1},"msg":"findPath: no valid path found"}
{"level":30,"time":1774382618808,"pid":1603455,"hostname":"TempleOfZyminx","from":{"q":5,"r":6},"to":{"q":11,"r":2},"msg":"findPath: no valid path found"}
{"level":30,"time":1774382618809,"pid":1603455,"hostname":"TempleOfZyminx","from":{"q":5,"r":6},"to":{"q":11,"r":3},"msg":"findPath: no valid path found"}
{"level":30,"time":1774382618809,"pid":1603455,"hostname":"TempleOfZyminx","from":{"q":5,"r":6},"to":{"q":11,"r":4},"msg":"findPath: no valid path found"}
{"level":30,"time":1774382618809,"pid":1603455,"hostname":"TempleOfZyminx","from":{"q":5,"r":6},"to":{"q":11,"r":5},"msg":"findPath: no valid path found"}
{"level":30,"time":1774382618809,"pid":1603455,"hostname":"TempleOfZyminx","from":{"q":5,"r":6},"to":{"q":11,"r":6},"msg":"findPath: no valid path found"}
{"level":30,"time":1774382618809,"pid":1603455,"hostname":"TempleOfZyminx","from":{"q":5,"r":6},"to":{"q":11,"r":7},"msg":"findPath: no valid path found"}
{"level":30,"time":1774382618809,"pid":1603455,"hostname":"TempleOfZyminx","from":{"q":5,"r":6},"to":{"q":11,"r":8},"msg":"findPath: no valid path found"}
{"level":30,"time":1774382618809,"pid":1603455,"hostname":"TempleOfZyminx","from":{"q":5,"r":6},"to":{"q":11,"r":9},"msg":"findPath: no valid path found"}
{"level":30,"time":1774382618809,"pid":1603455,"hostname":"TempleOfZyminx","from":{"q":5,"r":6},"to":{"q":11,"r":10},"msg":"findPath: no valid path found"}
{"level":30,"time":1774382618810,"pid":1603455,"hostname":"TempleOfZyminx","from":{"q":5,"r":6},"to":{"q":11,"r":11},"msg":"findPath: no valid path found"}
{"level":30,"time":1774382618810,"pid":1603455,"hostname":"TempleOfZyminx","from":{"q":5,"r":6},"to":{"q":11,"r":12},"msg":"findPath: no valid path found"}
{"level":30,"time":1774382618810,"pid":1603455,"hostname":"TempleOfZyminx","from":{"q":5,"r":6},"to":{"q":11,"r":13},"msg":"findPath: no valid path found"}
{"level":30,"time":1774382618810,"pid":1603455,"hostname":"TempleOfZyminx","from":{"q":5,"r":6},"to":{"q":11,"r":14},"msg":"findPath: no valid path found"}
{"level":30,"time":1774382618810,"pid":1603455,"hostname":"TempleOfZyminx","from":{"q":5,"r":6},"to":{"q":11,"r":15},"msg":"findPath: no valid path found"}
{"level":30,"time":1774382618810,"pid":1603455,"hostname":"TempleOfZyminx","from":{"q":5,"r":6},"to":{"q":11,"r":16},"msg":"findPath: no valid path found"}
{"level":30,"time":1774382618810,"pid":1603455,"hostname":"TempleOfZyminx","from":{"q":5,"r":6},"to":{"q":11,"r":17},"msg":"findPath: no valid path found"}
{"level":30,"time":1774382618810,"pid":1603455,"hostname":"TempleOfZyminx","from":{"q":5,"r":6},"to":{"q":11,"r":18},"msg":"findPath: no valid path found"}
{"level":30,"time":1774382618811,"pid":1603455,"hostname":"TempleOfZyminx","from":{"q":5,"r":6},"to":{"q":11,"r":19},"msg":"findPath: no valid path found"}
{"level":30,"time":1774382618811,"pid":1603455,"hostname":"TempleOfZyminx","from":{"q":5,"r":6},"to":{"q":11,"r":20},"msg":"findPath: no valid path found"}
{"level":30,"time":1774382618811,"pid":1603455,"hostname":"TempleOfZyminx","from":{"q":5,"r":6},"to":{"q":11,"r":21},"msg":"findPath: no valid path found"}
{"level":30,"time":1774382618811,"pid":1603455,"hostname":"TempleOfZyminx","from":{"q":5,"r":6},"to":{"q":12,"r":0},"msg":"findPath: no valid path found"}
{"level":30,"time":1774382618811,"pid":1603455,"hostname":"TempleOfZyminx","from":{"q":5,"r":6},"to":{"q":12,"r":1},"msg":"findPath: no valid path found"}
{"level":30,"time":1774382618811,"pid":1603455,"hostname":"TempleOfZyminx","from":{"q":5,"r":6},"to":{"q":12,"r":2},"msg":"findPath: no valid path found"}
{"level":30,"time":1774382618811,"pid":1603455,"hostname":"TempleOfZyminx","from":{"q":5,"r":6},"to":{"q":12,"r":3},"msg":"findPath: no valid path found"}
{"level":30,"time":1774382618810,"pid":1603593,"hostname":"TempleOfZyminx","id":"dea58722-f14c-411d-be30-a1a8fff789f9","msg":"Fetching game state"}
{"level":30,"time":1774382618810,"pid":1603593,"hostname":"TempleOfZyminx","id":"dea58722-f14c-411d-be30-a1a8fff789f9","msg":"Fetching game state"}
{"level":30,"time":1774382618812,"pid":1603593,"hostname":"TempleOfZyminx","id":"dea58722-f14c-411d-be30-a1a8fff789f9","command":"END_PHASE","msg":"Submitting game action"}
{"level":30,"time":1774382618812,"pid":1603593,"hostname":"TempleOfZyminx","gameId":"dea58722-f14c-411d-be30-a1a8fff789f9","phase":"ONION_MOVE","msg":"Advancing phase"}
{"level":30,"time":1774382618812,"pid":1603593,"hostname":"TempleOfZyminx","phase":"ONION_MOVE","turnNumber":1,"msg":"Advancing phase in engine"}
{"level":30,"time":1774382618813,"pid":1603593,"hostname":"TempleOfZyminx","id":"dea58722-f14c-411d-be30-a1a8fff789f9","msg":"Fetching game state"}
{"level":30,"time":1774382618811,"pid":1603455,"hostname":"TempleOfZyminx","from":{"q":5,"r":6},"to":{"q":12,"r":4},"msg":"findPath: no valid path found"}
{"level":30,"time":1774382618812,"pid":1603455,"hostname":"TempleOfZyminx","from":{"q":5,"r":6},"to":{"q":12,"r":5},"msg":"findPath: no valid path found"}
{"level":30,"time":1774382618812,"pid":1603455,"hostname":"TempleOfZyminx","from":{"q":5,"r":6},"to":{"q":12,"r":6},"msg":"findPath: no valid path found"}
{"level":30,"time":1774382618812,"pid":1603455,"hostname":"TempleOfZyminx","from":{"q":5,"r":6},"to":{"q":12,"r":7},"msg":"findPath: no valid path found"}
{"level":30,"time":1774382618812,"pid":1603455,"hostname":"TempleOfZyminx","from":{"q":5,"r":6},"to":{"q":12,"r":8},"msg":"findPath: no valid path found"}
{"level":30,"time":1774382618812,"pid":1603455,"hostname":"TempleOfZyminx","from":{"q":5,"r":6},"to":{"q":12,"r":9},"msg":"findPath: no valid path found"}
{"level":30,"time":1774382618812,"pid":1603455,"hostname":"TempleOfZyminx","from":{"q":5,"r":6},"to":{"q":12,"r":10},"msg":"findPath: no valid path found"}
{"level":30,"time":1774382618812,"pid":1603455,"hostname":"TempleOfZyminx","from":{"q":5,"r":6},"to":{"q":12,"r":11},"msg":"findPath: no valid path found"}
{"level":30,"time":1774382618812,"pid":1603455,"hostname":"TempleOfZyminx","from":{"q":5,"r":6},"to":{"q":12,"r":12},"msg":"findPath: no valid path found"}
{"level":30,"time":1774382618813,"pid":1603455,"hostname":"TempleOfZyminx","from":{"q":5,"r":6},"to":{"q":12,"r":13},"msg":"findPath: no valid path found"}
{"level":30,"time":1774382618813,"pid":1603455,"hostname":"TempleOfZyminx","from":{"q":5,"r":6},"to":{"q":12,"r":14},"msg":"findPath: no valid path found"}
{"level":30,"time":1774382618813,"pid":1603455,"hostname":"TempleOfZyminx","from":{"q":5,"r":6},"to":{"q":12,"r":15},"msg":"findPath: no valid path found"}
{"level":30,"time":1774382618813,"pid":1603455,"hostname":"TempleOfZyminx","from":{"q":5,"r":6},"to":{"q":12,"r":16},"msg":"findPath: no valid path found"}
{"level":30,"time":1774382618813,"pid":1603455,"hostname":"TempleOfZyminx","from":{"q":5,"r":6},"to":{"q":12,"r":17},"msg":"findPath: no valid path found"}
{"level":30,"time":1774382618813,"pid":1603455,"hostname":"TempleOfZyminx","from":{"q":5,"r":6},"to":{"q":12,"r":18},"msg":"findPath: no valid path found"}
{"level":30,"time":1774382618813,"pid":1603455,"hostname":"TempleOfZyminx","from":{"q":5,"r":6},"to":{"q":12,"r":19},"msg":"findPath: no valid path found"}
{"level":30,"time":1774382618813,"pid":1603455,"hostname":"TempleOfZyminx","from":{"q":5,"r":6},"to":{"q":12,"r":20},"msg":"findPath: no valid path found"}
{"level":30,"time":1774382618814,"pid":1603455,"hostname":"TempleOfZyminx","from":{"q":5,"r":6},"to":{"q":12,"r":21},"msg":"findPath: no valid path found"}
{"level":30,"time":1774382618814,"pid":1603455,"hostname":"TempleOfZyminx","from":{"q":5,"r":6},"to":{"q":13,"r":0},"msg":"findPath: no valid path found"}
{"level":30,"time":1774382618814,"pid":1603455,"hostname":"TempleOfZyminx","from":{"q":5,"r":6},"to":{"q":13,"r":1},"msg":"findPath: no valid path found"}
{"level":30,"time":1774382618814,"pid":1603455,"hostname":"TempleOfZyminx","from":{"q":5,"r":6},"to":{"q":13,"r":2},"msg":"findPath: no valid path found"}
{"level":30,"time":1774382618807,"pid":1603639,"hostname":"TempleOfZyminx","scenarioId":"swamp-siege-01","role":"onion","msg":"Creating new game match"}
{"level":30,"time":1774382618808,"pid":1603639,"hostname":"TempleOfZyminx","gameId":"835d1932-6f1d-4e6c-be35-3f17d29e4508","role":"onion","msg":"Game match created"}
{"level":30,"time":1774382618808,"pid":1603639,"hostname":"TempleOfZyminx","id":"835d1932-6f1d-4e6c-be35-3f17d29e4508","msg":"User joining game"}
{"level":30,"time":1774382618809,"pid":1603639,"hostname":"TempleOfZyminx","gameId":"835d1932-6f1d-4e6c-be35-3f17d29e4508","role":"defender","msg":"User joined game"}
{"level":30,"time":1774382618814,"pid":1603455,"hostname":"TempleOfZyminx","from":{"q":5,"r":6},"to":{"q":13,"r":3},"msg":"findPath: no valid path found"}
{"level":30,"time":1774382618814,"pid":1603455,"hostname":"TempleOfZyminx","from":{"q":5,"r":6},"to":{"q":13,"r":4},"msg":"findPath: no valid path found"}
{"level":30,"time":1774382618814,"pid":1603455,"hostname":"TempleOfZyminx","from":{"q":5,"r":6},"to":{"q":13,"r":5},"msg":"findPath: no valid path found"}
{"level":30,"time":1774382618814,"pid":1603455,"hostname":"TempleOfZyminx","from":{"q":5,"r":6},"to":{"q":13,"r":6},"msg":"findPath: no valid path found"}
{"level":30,"time":1774382618815,"pid":1603455,"hostname":"TempleOfZyminx","from":{"q":5,"r":6},"to":{"q":13,"r":7},"msg":"findPath: no valid path found"}
{"level":30,"time":1774382618815,"pid":1603455,"hostname":"TempleOfZyminx","from":{"q":5,"r":6},"to":{"q":13,"r":8},"msg":"findPath: no valid path found"}
{"level":30,"time":1774382618815,"pid":1603455,"hostname":"TempleOfZyminx","from":{"q":5,"r":6},"to":{"q":13,"r":9},"msg":"findPath: no valid path found"}
{"level":30,"time":1774382618815,"pid":1603455,"hostname":"TempleOfZyminx","from":{"q":5,"r":6},"to":{"q":13,"r":10},"msg":"findPath: no valid path found"}
{"level":30,"time":1774382618815,"pid":1603455,"hostname":"TempleOfZyminx","from":{"q":5,"r":6},"to":{"q":13,"r":11},"msg":"findPath: no valid path found"}
{"level":30,"time":1774382618814,"pid":1603593,"hostname":"TempleOfZyminx","id":"dea58722-f14c-411d-be30-a1a8fff789f9","msg":"Fetching game state"}
{"level":30,"time":1774382618815,"pid":1603593,"hostname":"TempleOfZyminx","id":"dea58722-f14c-411d-be30-a1a8fff789f9","command":"FIRE","msg":"Submitting game action"}
{"level":30,"time":1774382618815,"pid":1603593,"hostname":"TempleOfZyminx","gameId":"dea58722-f14c-411d-be30-a1a8fff789f9","type":"FIRE","msg":"Processing combat command"}
{"level":30,"time":1774382618815,"pid":1603455,"hostname":"TempleOfZyminx","from":{"q":5,"r":6},"to":{"q":13,"r":12},"msg":"findPath: no valid path found"}
{"level":30,"time":1774382618815,"pid":1603455,"hostname":"TempleOfZyminx","from":{"q":5,"r":6},"to":{"q":13,"r":13},"msg":"findPath: no valid path found"}
{"level":30,"time":1774382618815,"pid":1603455,"hostname":"TempleOfZyminx","from":{"q":5,"r":6},"to":{"q":13,"r":14},"msg":"findPath: no valid path found"}
{"level":30,"time":1774382618816,"pid":1603455,"hostname":"TempleOfZyminx","from":{"q":5,"r":6},"to":{"q":13,"r":15},"msg":"findPath: no valid path found"}
{"level":30,"time":1774382618816,"pid":1603593,"hostname":"TempleOfZyminx","commandType":"FIRE","msg":"Validating combat action"}
{"level":30,"time":1774382618816,"pid":1603593,"hostname":"TempleOfZyminx","plan":{"actionType":"FIRE","actor":"onion","attackerIds":["missile_1"],"target":{"kind":"defender","id":"pigs-1"},"attackStrength":6,"defense":3,"weaponIds":["missile_1"]},"msg":"Executing combat action"}
{"level":30,"time":1774382618816,"pid":1603455,"hostname":"TempleOfZyminx","from":{"q":5,"r":6},"to":{"q":13,"r":16},"msg":"findPath: no valid path found"}
{"level":30,"time":1774382618816,"pid":1603455,"hostname":"TempleOfZyminx","from":{"q":5,"r":6},"to":{"q":13,"r":17},"msg":"findPath: no valid path found"}
{"level":30,"time":1774382618816,"pid":1603455,"hostname":"TempleOfZyminx","from":{"q":5,"r":6},"to":{"q":13,"r":18},"msg":"findPath: no valid path found"}
{"level":30,"time":1774382618816,"pid":1603455,"hostname":"TempleOfZyminx","from":{"q":5,"r":6},"to":{"q":13,"r":19},"msg":"findPath: no valid path found"}
{"level":30,"time":1774382618816,"pid":1603455,"hostname":"TempleOfZyminx","from":{"q":5,"r":6},"to":{"q":13,"r":20},"msg":"findPath: no valid path found"}
{"level":30,"time":1774382618816,"pid":1603455,"hostname":"TempleOfZyminx","from":{"q":5,"r":6},"to":{"q":13,"r":21},"msg":"findPath: no valid path found"}
{"level":30,"time":1774382618816,"pid":1603455,"hostname":"TempleOfZyminx","from":{"q":5,"r":6},"to":{"q":14,"r":0},"msg":"findPath: no valid path found"}
{"level":30,"time":1774382618817,"pid":1603455,"hostname":"TempleOfZyminx","from":{"q":5,"r":6},"to":{"q":14,"r":1},"msg":"findPath: no valid path found"}
{"level":30,"time":1774382618817,"pid":1603455,"hostname":"TempleOfZyminx","from":{"q":5,"r":6},"to":{"q":14,"r":2},"msg":"findPath: no valid path found"}
{"level":30,"time":1774382618817,"pid":1603455,"hostname":"TempleOfZyminx","from":{"q":5,"r":6},"to":{"q":14,"r":3},"msg":"findPath: no valid path found"}
{"level":30,"time":1774382618817,"pid":1603593,"hostname":"TempleOfZyminx","id":"dea58722-f14c-411d-be30-a1a8fff789f9","command":"FIRE","msg":"Submitting game action"}
{"level":30,"time":1774382618817,"pid":1603593,"hostname":"TempleOfZyminx","gameId":"dea58722-f14c-411d-be30-a1a8fff789f9","type":"FIRE","msg":"Processing combat command"}
{"level":30,"time":1774382618817,"pid":1603455,"hostname":"TempleOfZyminx","from":{"q":5,"r":6},"to":{"q":14,"r":4},"msg":"findPath: no valid path found"}
{"level":30,"time":1774382618817,"pid":1603455,"hostname":"TempleOfZyminx","from":{"q":5,"r":6},"to":{"q":14,"r":5},"msg":"findPath: no valid path found"}
{"level":30,"time":1774382618817,"pid":1603455,"hostname":"TempleOfZyminx","from":{"q":5,"r":6},"to":{"q":14,"r":6},"msg":"findPath: no valid path found"}
{"level":30,"time":1774382618817,"pid":1603593,"hostname":"TempleOfZyminx","commandType":"FIRE","msg":"Validating combat action"}
{"level":30,"time":1774382618817,"pid":1603593,"hostname":"TempleOfZyminx","gameId":"dea58722-f14c-411d-be30-a1a8fff789f9","error":"Attacker 'missile_1' is already destroyed or exhausted","msg":"Invalid combat command"}
{"level":30,"time":1774382618817,"pid":1603455,"hostname":"TempleOfZyminx","from":{"q":5,"r":6},"to":{"q":14,"r":7},"msg":"findPath: no valid path found"}
{"level":30,"time":1774382618817,"pid":1603455,"hostname":"TempleOfZyminx","from":{"q":5,"r":6},"to":{"q":14,"r":8},"msg":"findPath: no valid path found"}
{"level":30,"time":1774382618818,"pid":1603455,"hostname":"TempleOfZyminx","from":{"q":5,"r":6},"to":{"q":14,"r":9},"msg":"findPath: no valid path found"}
{"level":30,"time":1774382618818,"pid":1603593,"hostname":"TempleOfZyminx","id":"dea58722-f14c-411d-be30-a1a8fff789f9","msg":"Fetching game state"}
{"level":30,"time":1774382618818,"pid":1603455,"hostname":"TempleOfZyminx","from":{"q":5,"r":6},"to":{"q":14,"r":10},"msg":"findPath: no valid path found"}
{"level":30,"time":1774382618818,"pid":1603455,"hostname":"TempleOfZyminx","from":{"q":5,"r":6},"to":{"q":14,"r":11},"msg":"findPath: no valid path found"}
{"level":30,"time":1774382618818,"pid":1603455,"hostname":"TempleOfZyminx","from":{"q":5,"r":6},"to":{"q":14,"r":12},"msg":"findPath: no valid path found"}
{"level":30,"time":1774382618818,"pid":1603455,"hostname":"TempleOfZyminx","from":{"q":5,"r":6},"to":{"q":14,"r":13},"msg":"findPath: no valid path found"}
{"level":30,"time":1774382618818,"pid":1603455,"hostname":"TempleOfZyminx","from":{"q":5,"r":6},"to":{"q":14,"r":14},"msg":"findPath: no valid path found"}
{"level":30,"time":1774382618818,"pid":1603455,"hostname":"TempleOfZyminx","from":{"q":5,"r":6},"to":{"q":14,"r":15},"msg":"findPath: no valid path found"}
{"level":30,"time":1774382618818,"pid":1603455,"hostname":"TempleOfZyminx","from":{"q":5,"r":6},"to":{"q":14,"r":16},"msg":"findPath: no valid path found"}
{"level":30,"time":1774382618819,"pid":1603455,"hostname":"TempleOfZyminx","from":{"q":5,"r":6},"to":{"q":14,"r":17},"msg":"findPath: no valid path found"}
{"level":30,"time":1774382618819,"pid":1603455,"hostname":"TempleOfZyminx","from":{"q":5,"r":6},"to":{"q":14,"r":18},"msg":"findPath: no valid path found"}
{"level":30,"time":1774382618819,"pid":1603455,"hostname":"TempleOfZyminx","from":{"q":5,"r":6},"to":{"q":14,"r":19},"msg":"findPath: no valid path found"}
{"level":30,"time":1774382618819,"pid":1603455,"hostname":"TempleOfZyminx","from":{"q":5,"r":6},"to":{"q":14,"r":20},"msg":"findPath: no valid path found"}
{"level":30,"time":1774382618819,"pid":1603593,"hostname":"TempleOfZyminx","id":"dea58722-f14c-411d-be30-a1a8fff789f9","command":"END_PHASE","msg":"Submitting game action"}
{"level":30,"time":1774382618819,"pid":1603455,"hostname":"TempleOfZyminx","from":{"q":5,"r":6},"to":{"q":14,"r":21},"msg":"findPath: no valid path found"}
{"level":30,"time":1774382618819,"pid":1603593,"hostname":"TempleOfZyminx","gameId":"dea58722-f14c-411d-be30-a1a8fff789f9","phase":"ONION_COMBAT","msg":"Advancing phase"}
{"level":30,"time":1774382618819,"pid":1603593,"hostname":"TempleOfZyminx","phase":"ONION_COMBAT","turnNumber":1,"msg":"Advancing phase in engine"}
{"level":30,"time":1774382618820,"pid":1603455,"hostname":"TempleOfZyminx","id":"c8e294c7-84b1-4161-8e2a-5e37621a1cc2","command":"MOVE","msg":"Submitting game action"}
{"level":30,"time":1774382618820,"pid":1603455,"hostname":"TempleOfZyminx","gameId":"c8e294c7-84b1-4161-8e2a-5e37621a1cc2","unitId":"wolf-1","msg":"Processing MOVE command"}
{"level":30,"time":1774382618820,"pid":1603593,"hostname":"TempleOfZyminx","id":"dea58722-f14c-411d-be30-a1a8fff789f9","msg":"Fetching game state"}
{"level":30,"time":1774382618821,"pid":1603593,"hostname":"TempleOfZyminx","id":"dea58722-f14c-411d-be30-a1a8fff789f9","msg":"Fetching game state"}
{"level":30,"time":1774382618821,"pid":1603455,"hostname":"TempleOfZyminx","id":"c8e294c7-84b1-4161-8e2a-5e37621a1cc2","msg":"Fetching game state"}
{"level":30,"time":1774382618822,"pid":1603593,"hostname":"TempleOfZyminx","from":{"q":5,"r":6},"to":{"q":0,"r":0},"msg":"findPath: no valid path found"}
{"level":30,"time":1774382618822,"pid":1603455,"hostname":"TempleOfZyminx","id":"c8e294c7-84b1-4161-8e2a-5e37621a1cc2","msg":"Fetching game state"}
{"level":30,"time":1774382618822,"pid":1603593,"hostname":"TempleOfZyminx","from":{"q":5,"r":6},"to":{"q":0,"r":1},"msg":"findPath: no valid path found"}
{"level":30,"time":1774382618822,"pid":1603593,"hostname":"TempleOfZyminx","from":{"q":5,"r":6},"to":{"q":0,"r":2},"msg":"findPath: no valid path found"}
{"level":30,"time":1774382618822,"pid":1603593,"hostname":"TempleOfZyminx","from":{"q":5,"r":6},"to":{"q":0,"r":3},"msg":"findPath: no valid path found"}
{"level":30,"time":1774382618822,"pid":1603593,"hostname":"TempleOfZyminx","from":{"q":5,"r":6},"to":{"q":0,"r":4},"msg":"findPath: no valid path found"}
{"level":30,"time":1774382618823,"pid":1603593,"hostname":"TempleOfZyminx","from":{"q":5,"r":6},"to":{"q":0,"r":5},"msg":"findPath: no valid path found"}
{"level":30,"time":1774382618823,"pid":1603593,"hostname":"TempleOfZyminx","from":{"q":5,"r":6},"to":{"q":0,"r":6},"msg":"findPath: no valid path found"}
{"level":30,"time":1774382618823,"pid":1603593,"hostname":"TempleOfZyminx","from":{"q":5,"r":6},"to":{"q":0,"r":7},"msg":"findPath: no valid path found"}
{"level":30,"time":1774382618823,"pid":1603593,"hostname":"TempleOfZyminx","from":{"q":5,"r":6},"to":{"q":0,"r":8},"msg":"findPath: no valid path found"}
{"level":30,"time":1774382618823,"pid":1603593,"hostname":"TempleOfZyminx","from":{"q":5,"r":6},"to":{"q":0,"r":9},"msg":"findPath: no valid path found"}
{"level":30,"time":1774382618823,"pid":1603593,"hostname":"TempleOfZyminx","from":{"q":5,"r":6},"to":{"q":0,"r":10},"msg":"findPath: no valid path found"}
{"level":30,"time":1774382618823,"pid":1603455,"hostname":"TempleOfZyminx","id":"c8e294c7-84b1-4161-8e2a-5e37621a1cc2","command":"END_PHASE","msg":"Submitting game action"}
{"level":30,"time":1774382618823,"pid":1603455,"hostname":"TempleOfZyminx","gameId":"c8e294c7-84b1-4161-8e2a-5e37621a1cc2","phase":"DEFENDER_MOVE","msg":"Advancing phase"}
{"level":30,"time":1774382618823,"pid":1603455,"hostname":"TempleOfZyminx","phase":"DEFENDER_MOVE","turnNumber":1,"msg":"Advancing phase in engine"}
{"level":30,"time":1774382618823,"pid":1603593,"hostname":"TempleOfZyminx","from":{"q":5,"r":6},"to":{"q":0,"r":11},"msg":"findPath: no valid path found"}
{"level":30,"time":1774382618823,"pid":1603593,"hostname":"TempleOfZyminx","from":{"q":5,"r":6},"to":{"q":0,"r":12},"msg":"findPath: no valid path found"}
{"level":30,"time":1774382618824,"pid":1603455,"hostname":"TempleOfZyminx","id":"c8e294c7-84b1-4161-8e2a-5e37621a1cc2","msg":"Fetching game state"}
{"level":30,"time":1774382618824,"pid":1603593,"hostname":"TempleOfZyminx","from":{"q":5,"r":6},"to":{"q":0,"r":13},"msg":"findPath: no valid path found"}
{"level":30,"time":1774382618824,"pid":1603593,"hostname":"TempleOfZyminx","from":{"q":5,"r":6},"to":{"q":0,"r":14},"msg":"findPath: no valid path found"}
{"level":30,"time":1774382618824,"pid":1603593,"hostname":"TempleOfZyminx","from":{"q":5,"r":6},"to":{"q":0,"r":15},"msg":"findPath: no valid path found"}
{"level":30,"time":1774382618824,"pid":1603593,"hostname":"TempleOfZyminx","from":{"q":5,"r":6},"to":{"q":0,"r":16},"msg":"findPath: no valid path found"}
{"level":30,"time":1774382618824,"pid":1603593,"hostname":"TempleOfZyminx","from":{"q":5,"r":6},"to":{"q":0,"r":17},"msg":"findPath: no valid path found"}
{"level":30,"time":1774382618824,"pid":1603593,"hostname":"TempleOfZyminx","from":{"q":5,"r":6},"to":{"q":0,"r":18},"msg":"findPath: no valid path found"}
{"level":30,"time":1774382618824,"pid":1603593,"hostname":"TempleOfZyminx","from":{"q":5,"r":6},"to":{"q":0,"r":19},"msg":"findPath: no valid path found"}
{"level":30,"time":1774382618825,"pid":1603593,"hostname":"TempleOfZyminx","from":{"q":5,"r":6},"to":{"q":0,"r":20},"msg":"findPath: no valid path found"}
{"level":30,"time":1774382618825,"pid":1603593,"hostname":"TempleOfZyminx","from":{"q":5,"r":6},"to":{"q":0,"r":21},"msg":"findPath: no valid path found"}
{"level":30,"time":1774382618825,"pid":1603593,"hostname":"TempleOfZyminx","from":{"q":5,"r":6},"to":{"q":1,"r":0},"msg":"findPath: no valid path found"}
{"level":30,"time":1774382618825,"pid":1603593,"hostname":"TempleOfZyminx","from":{"q":5,"r":6},"to":{"q":1,"r":1},"msg":"findPath: no valid path found"}
{"level":30,"time":1774382618824,"pid":1603455,"hostname":"TempleOfZyminx","id":"c8e294c7-84b1-4161-8e2a-5e37621a1cc2","msg":"Fetching game state"}
{"level":30,"time":1774382618825,"pid":1603455,"hostname":"TempleOfZyminx","id":"c8e294c7-84b1-4161-8e2a-5e37621a1cc2","command":"FIRE","msg":"Submitting game action"}
{"level":30,"time":1774382618825,"pid":1603593,"hostname":"TempleOfZyminx","from":{"q":5,"r":6},"to":{"q":1,"r":2},"msg":"findPath: no valid path found"}
{"level":30,"time":1774382618825,"pid":1603455,"hostname":"TempleOfZyminx","gameId":"c8e294c7-84b1-4161-8e2a-5e37621a1cc2","type":"FIRE","msg":"Processing combat command"}
{"level":30,"time":1774382618825,"pid":1603593,"hostname":"TempleOfZyminx","from":{"q":5,"r":6},"to":{"q":1,"r":3},"msg":"findPath: no valid path found"}
{"level":30,"time":1774382618825,"pid":1603455,"hostname":"TempleOfZyminx","commandType":"FIRE","msg":"Validating combat action"}
{"level":30,"time":1774382618825,"pid":1603593,"hostname":"TempleOfZyminx","from":{"q":5,"r":6},"to":{"q":1,"r":4},"msg":"findPath: no valid path found"}
{"level":30,"time":1774382618825,"pid":1603455,"hostname":"TempleOfZyminx","plan":{"actionType":"FIRE","actor":"defender","attackerIds":["witch-1"],"target":{"kind":"treads","id":"onion-1"},"attackStrength":3,"defense":0},"msg":"Executing combat action"}
{"level":30,"time":1774382618826,"pid":1603593,"hostname":"TempleOfZyminx","from":{"q":5,"r":6},"to":{"q":1,"r":5},"msg":"findPath: no valid path found"}
{"level":30,"time":1774382618826,"pid":1603593,"hostname":"TempleOfZyminx","from":{"q":5,"r":6},"to":{"q":1,"r":10},"msg":"findPath: no valid path found"}
{"level":30,"time":1774382618826,"pid":1603593,"hostname":"TempleOfZyminx","from":{"q":5,"r":6},"to":{"q":1,"r":11},"msg":"findPath: no valid path found"}
{"level":30,"time":1774382618826,"pid":1603593,"hostname":"TempleOfZyminx","from":{"q":5,"r":6},"to":{"q":1,"r":12},"msg":"findPath: no valid path found"}
{"level":30,"time":1774382618826,"pid":1603593,"hostname":"TempleOfZyminx","from":{"q":5,"r":6},"to":{"q":1,"r":13},"msg":"findPath: no valid path found"}
{"level":30,"time":1774382618827,"pid":1603593,"hostname":"TempleOfZyminx","from":{"q":5,"r":6},"to":{"q":1,"r":14},"msg":"findPath: no valid path found"}
{"level":30,"time":1774382618827,"pid":1603593,"hostname":"TempleOfZyminx","from":{"q":5,"r":6},"to":{"q":1,"r":15},"msg":"findPath: no valid path found"}
{"level":30,"time":1774382618827,"pid":1603593,"hostname":"TempleOfZyminx","from":{"q":5,"r":6},"to":{"q":1,"r":16},"msg":"findPath: no valid path found"}
{"level":30,"time":1774382618827,"pid":1603593,"hostname":"TempleOfZyminx","from":{"q":5,"r":6},"to":{"q":1,"r":17},"msg":"findPath: no valid path found"}
{"level":30,"time":1774382618827,"pid":1603593,"hostname":"TempleOfZyminx","from":{"q":5,"r":6},"to":{"q":1,"r":18},"msg":"findPath: no valid path found"}
{"level":30,"time":1774382618827,"pid":1603593,"hostname":"TempleOfZyminx","from":{"q":5,"r":6},"to":{"q":1,"r":19},"msg":"findPath: no valid path found"}
{"level":30,"time":1774382618827,"pid":1603593,"hostname":"TempleOfZyminx","from":{"q":5,"r":6},"to":{"q":1,"r":20},"msg":"findPath: no valid path found"}
{"level":30,"time":1774382618828,"pid":1603593,"hostname":"TempleOfZyminx","from":{"q":5,"r":6},"to":{"q":1,"r":21},"msg":"findPath: no valid path found"}
{"level":30,"time":1774382618828,"pid":1603593,"hostname":"TempleOfZyminx","from":{"q":5,"r":6},"to":{"q":2,"r":0},"msg":"findPath: no valid path found"}
{"level":30,"time":1774382618828,"pid":1603593,"hostname":"TempleOfZyminx","from":{"q":5,"r":6},"to":{"q":2,"r":1},"msg":"findPath: no valid path found"}
{"level":30,"time":1774382618828,"pid":1603593,"hostname":"TempleOfZyminx","from":{"q":5,"r":6},"to":{"q":2,"r":2},"msg":"findPath: no valid path found"}
{"level":30,"time":1774382618828,"pid":1603593,"hostname":"TempleOfZyminx","from":{"q":5,"r":6},"to":{"q":2,"r":3},"msg":"findPath: no valid path found"}
{"level":30,"time":1774382618828,"pid":1603593,"hostname":"TempleOfZyminx","from":{"q":5,"r":6},"to":{"q":2,"r":4},"msg":"findPath: no valid path found"}
{"level":30,"time":1774382618829,"pid":1603593,"hostname":"TempleOfZyminx","from":{"q":5,"r":6},"to":{"q":2,"r":10},"msg":"findPath: no valid path found"}
{"level":30,"time":1774382618829,"pid":1603593,"hostname":"TempleOfZyminx","from":{"q":5,"r":6},"to":{"q":2,"r":11},"msg":"findPath: no valid path found"}
{"level":30,"time":1774382618829,"pid":1603593,"hostname":"TempleOfZyminx","from":{"q":5,"r":6},"to":{"q":2,"r":12},"msg":"findPath: no valid path found"}
{"level":30,"time":1774382618829,"pid":1603593,"hostname":"TempleOfZyminx","from":{"q":5,"r":6},"to":{"q":2,"r":13},"msg":"findPath: no valid path found"}
{"level":30,"time":1774382618829,"pid":1603593,"hostname":"TempleOfZyminx","from":{"q":5,"r":6},"to":{"q":2,"r":14},"msg":"findPath: no valid path found"}
{"level":30,"time":1774382618829,"pid":1603593,"hostname":"TempleOfZyminx","from":{"q":5,"r":6},"to":{"q":2,"r":15},"msg":"findPath: no valid path found"}
{"level":30,"time":1774382618830,"pid":1603593,"hostname":"TempleOfZyminx","from":{"q":5,"r":6},"to":{"q":2,"r":16},"msg":"findPath: no valid path found"}
{"level":30,"time":1774382618830,"pid":1603593,"hostname":"TempleOfZyminx","from":{"q":5,"r":6},"to":{"q":2,"r":17},"msg":"findPath: no valid path found"}
{"level":30,"time":1774382618830,"pid":1603593,"hostname":"TempleOfZyminx","from":{"q":5,"r":6},"to":{"q":2,"r":18},"msg":"findPath: no valid path found"}
{"level":30,"time":1774382618830,"pid":1603593,"hostname":"TempleOfZyminx","from":{"q":5,"r":6},"to":{"q":2,"r":19},"msg":"findPath: no valid path found"}
{"level":30,"time":1774382618830,"pid":1603593,"hostname":"TempleOfZyminx","from":{"q":5,"r":6},"to":{"q":2,"r":20},"msg":"findPath: no valid path found"}
{"level":30,"time":1774382618830,"pid":1603593,"hostname":"TempleOfZyminx","from":{"q":5,"r":6},"to":{"q":2,"r":21},"msg":"findPath: no valid path found"}
{"level":30,"time":1774382618830,"pid":1603593,"hostname":"TempleOfZyminx","from":{"q":5,"r":6},"to":{"q":3,"r":0},"msg":"findPath: no valid path found"}
{"level":30,"time":1774382618830,"pid":1603593,"hostname":"TempleOfZyminx","from":{"q":5,"r":6},"to":{"q":3,"r":1},"msg":"findPath: no valid path found"}
{"level":30,"time":1774382618830,"pid":1603593,"hostname":"TempleOfZyminx","from":{"q":5,"r":6},"to":{"q":3,"r":2},"msg":"findPath: no valid path found"}
{"level":30,"time":1774382618831,"pid":1603593,"hostname":"TempleOfZyminx","from":{"q":5,"r":6},"to":{"q":3,"r":3},"msg":"findPath: no valid path found"}
{"level":30,"time":1774382618831,"pid":1603593,"hostname":"TempleOfZyminx","from":{"q":5,"r":6},"to":{"q":3,"r":8},"msg":"findPath: no valid path found"}
{"level":30,"time":1774382618831,"pid":1603593,"hostname":"TempleOfZyminx","from":{"q":5,"r":6},"to":{"q":3,"r":11},"msg":"findPath: no valid path found"}
{"level":30,"time":1774382618831,"pid":1603593,"hostname":"TempleOfZyminx","from":{"q":5,"r":6},"to":{"q":3,"r":12},"msg":"findPath: no valid path found"}
{"level":30,"time":1774382618832,"pid":1603593,"hostname":"TempleOfZyminx","from":{"q":5,"r":6},"to":{"q":3,"r":13},"msg":"findPath: no valid path found"}
{"level":30,"time":1774382618832,"pid":1603593,"hostname":"TempleOfZyminx","from":{"q":5,"r":6},"to":{"q":3,"r":14},"msg":"findPath: no valid path found"}
{"level":30,"time":1774382618832,"pid":1603593,"hostname":"TempleOfZyminx","from":{"q":5,"r":6},"to":{"q":3,"r":15},"msg":"findPath: no valid path found"}
{"level":30,"time":1774382618832,"pid":1603593,"hostname":"TempleOfZyminx","from":{"q":5,"r":6},"to":{"q":3,"r":16},"msg":"findPath: no valid path found"}
{"level":30,"time":1774382618832,"pid":1603593,"hostname":"TempleOfZyminx","from":{"q":5,"r":6},"to":{"q":3,"r":17},"msg":"findPath: no valid path found"}
{"level":30,"time":1774382618832,"pid":1603593,"hostname":"TempleOfZyminx","from":{"q":5,"r":6},"to":{"q":3,"r":18},"msg":"findPath: no valid path found"}
{"level":30,"time":1774382618832,"pid":1603593,"hostname":"TempleOfZyminx","from":{"q":5,"r":6},"to":{"q":3,"r":19},"msg":"findPath: no valid path found"}
{"level":30,"time":1774382618828,"pid":1603455,"hostname":"TempleOfZyminx","id":"c8e294c7-84b1-4161-8e2a-5e37621a1cc2","command":"FIRE","msg":"Submitting game action"}
{"level":30,"time":1774382618828,"pid":1603455,"hostname":"TempleOfZyminx","gameId":"c8e294c7-84b1-4161-8e2a-5e37621a1cc2","type":"FIRE","msg":"Processing combat command"}
{"level":30,"time":1774382618828,"pid":1603455,"hostname":"TempleOfZyminx","commandType":"FIRE","msg":"Validating combat action"}
{"level":30,"time":1774382618828,"pid":1603455,"hostname":"TempleOfZyminx","plan":{"actionType":"FIRE","actor":"defender","attackerIds":["wolf-1"],"target":{"kind":"weapon","id":"main"},"attackStrength":2,"defense":4},"msg":"Executing combat action"}
{"level":30,"time":1774382618829,"pid":1603455,"hostname":"TempleOfZyminx","id":"c8e294c7-84b1-4161-8e2a-5e37621a1cc2","msg":"Fetching game state"}
{"level":30,"time":1774382618831,"pid":1603455,"hostname":"TempleOfZyminx","id":"c8e294c7-84b1-4161-8e2a-5e37621a1cc2","command":"END_PHASE","msg":"Submitting game action"}
{"level":30,"time":1774382618831,"pid":1603455,"hostname":"TempleOfZyminx","gameId":"c8e294c7-84b1-4161-8e2a-5e37621a1cc2","phase":"DEFENDER_COMBAT","msg":"Advancing phase"}
{"level":30,"time":1774382618831,"pid":1603455,"hostname":"TempleOfZyminx","phase":"DEFENDER_COMBAT","turnNumber":1,"msg":"Advancing phase in engine"}
{"level":30,"time":1774382618831,"pid":1603455,"hostname":"TempleOfZyminx","id":"c8e294c7-84b1-4161-8e2a-5e37621a1cc2","msg":"Fetching game state"}
{"level":30,"time":1774382618832,"pid":1603455,"hostname":"TempleOfZyminx","id":"c8e294c7-84b1-4161-8e2a-5e37621a1cc2","msg":"Fetching game state"}
{"level":30,"time":1774382618832,"pid":1603455,"hostname":"TempleOfZyminx","from":{"q":4,"r":6},"to":{"q":0,"r":0},"msg":"findPath: no valid path found"}
{"level":30,"time":1774382618832,"pid":1603455,"hostname":"TempleOfZyminx","from":{"q":4,"r":6},"to":{"q":0,"r":1},"msg":"findPath: no valid path found"}
{"level":30,"time":1774382618832,"pid":1603455,"hostname":"TempleOfZyminx","from":{"q":4,"r":6},"to":{"q":0,"r":2},"msg":"findPath: no valid path found"}
{"level":30,"time":1774382618833,"pid":1603455,"hostname":"TempleOfZyminx","from":{"q":4,"r":6},"to":{"q":0,"r":3},"msg":"findPath: no valid path found"}
{"level":30,"time":1774382618833,"pid":1603455,"hostname":"TempleOfZyminx","from":{"q":4,"r":6},"to":{"q":0,"r":4},"msg":"findPath: no valid path found"}
{"level":30,"time":1774382618833,"pid":1603455,"hostname":"TempleOfZyminx","from":{"q":4,"r":6},"to":{"q":0,"r":5},"msg":"findPath: no valid path found"}
{"level":30,"time":1774382618833,"pid":1603593,"hostname":"TempleOfZyminx","from":{"q":5,"r":6},"to":{"q":3,"r":20},"msg":"findPath: no valid path found"}
{"level":30,"time":1774382618833,"pid":1603455,"hostname":"TempleOfZyminx","from":{"q":4,"r":6},"to":{"q":0,"r":11},"msg":"findPath: no valid path found"}
{"level":30,"time":1774382618833,"pid":1603593,"hostname":"TempleOfZyminx","from":{"q":5,"r":6},"to":{"q":3,"r":21},"msg":"findPath: no valid path found"}
{"level":30,"time":1774382618834,"pid":1603455,"hostname":"TempleOfZyminx","from":{"q":4,"r":6},"to":{"q":0,"r":12},"msg":"findPath: no valid path found"}
{"level":30,"time":1774382618834,"pid":1603593,"hostname":"TempleOfZyminx","from":{"q":5,"r":6},"to":{"q":4,"r":0},"msg":"findPath: no valid path found"}
{"level":30,"time":1774382618834,"pid":1603455,"hostname":"TempleOfZyminx","from":{"q":4,"r":6},"to":{"q":0,"r":13},"msg":"findPath: no valid path found"}
{"level":30,"time":1774382618834,"pid":1603593,"hostname":"TempleOfZyminx","from":{"q":5,"r":6},"to":{"q":4,"r":1},"msg":"findPath: no valid path found"}
{"level":30,"time":1774382618834,"pid":1603593,"hostname":"TempleOfZyminx","from":{"q":5,"r":6},"to":{"q":4,"r":2},"msg":"findPath: no valid path found"}
{"level":30,"time":1774382618834,"pid":1603455,"hostname":"TempleOfZyminx","from":{"q":4,"r":6},"to":{"q":0,"r":14},"msg":"findPath: no valid path found"}
{"level":30,"time":1774382618834,"pid":1603455,"hostname":"TempleOfZyminx","from":{"q":4,"r":6},"to":{"q":0,"r":15},"msg":"findPath: no valid path found"}
{"level":30,"time":1774382618834,"pid":1603593,"hostname":"TempleOfZyminx","from":{"q":5,"r":6},"to":{"q":4,"r":8},"msg":"findPath: no valid path found"}
{"level":30,"time":1774382618834,"pid":1603455,"hostname":"TempleOfZyminx","from":{"q":4,"r":6},"to":{"q":0,"r":16},"msg":"findPath: no valid path found"}
{"level":30,"time":1774382618834,"pid":1603455,"hostname":"TempleOfZyminx","from":{"q":4,"r":6},"to":{"q":0,"r":17},"msg":"findPath: no valid path found"}
{"level":30,"time":1774382618834,"pid":1603593,"hostname":"TempleOfZyminx","from":{"q":5,"r":6},"to":{"q":4,"r":11},"msg":"findPath: no valid path found"}
{"level":30,"time":1774382618834,"pid":1603455,"hostname":"TempleOfZyminx","from":{"q":4,"r":6},"to":{"q":0,"r":18},"msg":"findPath: no valid path found"}
{"level":30,"time":1774382618834,"pid":1603593,"hostname":"TempleOfZyminx","from":{"q":5,"r":6},"to":{"q":4,"r":12},"msg":"findPath: no valid path found"}
{"level":30,"time":1774382618834,"pid":1603455,"hostname":"TempleOfZyminx","from":{"q":4,"r":6},"to":{"q":0,"r":19},"msg":"findPath: no valid path found"}
{"level":30,"time":1774382618834,"pid":1603593,"hostname":"TempleOfZyminx","from":{"q":5,"r":6},"to":{"q":4,"r":13},"msg":"findPath: no valid path found"}
{"level":30,"time":1774382618835,"pid":1603455,"hostname":"TempleOfZyminx","from":{"q":4,"r":6},"to":{"q":0,"r":20},"msg":"findPath: no valid path found"}
{"level":30,"time":1774382618835,"pid":1603593,"hostname":"TempleOfZyminx","from":{"q":5,"r":6},"to":{"q":4,"r":14},"msg":"findPath: no valid path found"}
{"level":30,"time":1774382618835,"pid":1603455,"hostname":"TempleOfZyminx","from":{"q":4,"r":6},"to":{"q":0,"r":21},"msg":"findPath: no valid path found"}
{"level":30,"time":1774382618835,"pid":1603593,"hostname":"TempleOfZyminx","from":{"q":5,"r":6},"to":{"q":4,"r":15},"msg":"findPath: no valid path found"}
{"level":30,"time":1774382618835,"pid":1603593,"hostname":"TempleOfZyminx","from":{"q":5,"r":6},"to":{"q":4,"r":16},"msg":"findPath: no valid path found"}
{"level":30,"time":1774382618835,"pid":1603455,"hostname":"TempleOfZyminx","from":{"q":4,"r":6},"to":{"q":1,"r":0},"msg":"findPath: no valid path found"}
{"level":30,"time":1774382618835,"pid":1603593,"hostname":"TempleOfZyminx","from":{"q":5,"r":6},"to":{"q":4,"r":17},"msg":"findPath: no valid path found"}
{"level":30,"time":1774382618835,"pid":1603455,"hostname":"TempleOfZyminx","from":{"q":4,"r":6},"to":{"q":1,"r":1},"msg":"findPath: no valid path found"}
{"level":30,"time":1774382618835,"pid":1603593,"hostname":"TempleOfZyminx","from":{"q":5,"r":6},"to":{"q":4,"r":18},"msg":"findPath: no valid path found"}
{"level":30,"time":1774382618835,"pid":1603455,"hostname":"TempleOfZyminx","from":{"q":4,"r":6},"to":{"q":1,"r":2},"msg":"findPath: no valid path found"}
{"level":30,"time":1774382618835,"pid":1603593,"hostname":"TempleOfZyminx","from":{"q":5,"r":6},"to":{"q":4,"r":19},"msg":"findPath: no valid path found"}
{"level":30,"time":1774382618835,"pid":1603455,"hostname":"TempleOfZyminx","from":{"q":4,"r":6},"to":{"q":1,"r":3},"msg":"findPath: no valid path found"}
{"level":30,"time":1774382618835,"pid":1603593,"hostname":"TempleOfZyminx","from":{"q":5,"r":6},"to":{"q":4,"r":20},"msg":"findPath: no valid path found"}
{"level":30,"time":1774382618835,"pid":1603455,"hostname":"TempleOfZyminx","from":{"q":4,"r":6},"to":{"q":1,"r":4},"msg":"findPath: no valid path found"}
{"level":30,"time":1774382618835,"pid":1603593,"hostname":"TempleOfZyminx","from":{"q":5,"r":6},"to":{"q":4,"r":21},"msg":"findPath: no valid path found"}
{"level":30,"time":1774382618835,"pid":1603593,"hostname":"TempleOfZyminx","from":{"q":5,"r":6},"to":{"q":5,"r":0},"msg":"findPath: no valid path found"}
{"level":30,"time":1774382618835,"pid":1603593,"hostname":"TempleOfZyminx","from":{"q":5,"r":6},"to":{"q":5,"r":1},"msg":"findPath: no valid path found"}
{"level":30,"time":1774382618835,"pid":1603593,"hostname":"TempleOfZyminx","from":{"q":5,"r":6},"to":{"q":5,"r":2},"msg":"findPath: no valid path found"}
{"level":30,"time":1774382618836,"pid":1603455,"hostname":"TempleOfZyminx","from":{"q":4,"r":6},"to":{"q":1,"r":11},"msg":"findPath: no valid path found"}
{"level":30,"time":1774382618836,"pid":1603593,"hostname":"TempleOfZyminx","from":{"q":5,"r":6},"to":{"q":5,"r":11},"msg":"findPath: no valid path found"}
{"level":30,"time":1774382618836,"pid":1603593,"hostname":"TempleOfZyminx","from":{"q":5,"r":6},"to":{"q":5,"r":12},"msg":"findPath: no valid path found"}
{"level":30,"time":1774382618836,"pid":1603593,"hostname":"TempleOfZyminx","from":{"q":5,"r":6},"to":{"q":5,"r":13},"msg":"findPath: no valid path found"}
{"level":30,"time":1774382618836,"pid":1603593,"hostname":"TempleOfZyminx","from":{"q":5,"r":6},"to":{"q":5,"r":14},"msg":"findPath: no valid path found"}
{"level":30,"time":1774382618836,"pid":1603593,"hostname":"TempleOfZyminx","from":{"q":5,"r":6},"to":{"q":5,"r":15},"msg":"findPath: no valid path found"}
{"level":30,"time":1774382618836,"pid":1603593,"hostname":"TempleOfZyminx","from":{"q":5,"r":6},"to":{"q":5,"r":16},"msg":"findPath: no valid path found"}
{"level":30,"time":1774382618836,"pid":1603593,"hostname":"TempleOfZyminx","from":{"q":5,"r":6},"to":{"q":5,"r":17},"msg":"findPath: no valid path found"}
{"level":30,"time":1774382618836,"pid":1603593,"hostname":"TempleOfZyminx","from":{"q":5,"r":6},"to":{"q":5,"r":18},"msg":"findPath: no valid path found"}
{"level":30,"time":1774382618836,"pid":1603455,"hostname":"TempleOfZyminx","from":{"q":4,"r":6},"to":{"q":1,"r":12},"msg":"findPath: no valid path found"}
{"level":30,"time":1774382618836,"pid":1603593,"hostname":"TempleOfZyminx","from":{"q":5,"r":6},"to":{"q":5,"r":19},"msg":"findPath: no valid path found"}
{"level":30,"time":1774382618837,"pid":1603593,"hostname":"TempleOfZyminx","from":{"q":5,"r":6},"to":{"q":5,"r":20},"msg":"findPath: no valid path found"}
{"level":30,"time":1774382618837,"pid":1603593,"hostname":"TempleOfZyminx","from":{"q":5,"r":6},"to":{"q":5,"r":21},"msg":"findPath: no valid path found"}
{"level":30,"time":1774382618837,"pid":1603593,"hostname":"TempleOfZyminx","from":{"q":5,"r":6},"to":{"q":6,"r":0},"msg":"findPath: no valid path found"}
{"level":30,"time":1774382618837,"pid":1603455,"hostname":"TempleOfZyminx","from":{"q":4,"r":6},"to":{"q":1,"r":13},"msg":"findPath: no valid path found"}
{"level":30,"time":1774382618837,"pid":1603593,"hostname":"TempleOfZyminx","from":{"q":5,"r":6},"to":{"q":6,"r":1},"msg":"findPath: no valid path found"}
{"level":30,"time":1774382618837,"pid":1603455,"hostname":"TempleOfZyminx","from":{"q":4,"r":6},"to":{"q":1,"r":14},"msg":"findPath: no valid path found"}
{"level":30,"time":1774382618837,"pid":1603455,"hostname":"TempleOfZyminx","from":{"q":4,"r":6},"to":{"q":1,"r":15},"msg":"findPath: no valid path found"}
{"level":30,"time":1774382618837,"pid":1603455,"hostname":"TempleOfZyminx","from":{"q":4,"r":6},"to":{"q":1,"r":16},"msg":"findPath: no valid path found"}
{"level":30,"time":1774382618837,"pid":1603593,"hostname":"TempleOfZyminx","from":{"q":5,"r":6},"to":{"q":6,"r":10},"msg":"findPath: no valid path found"}
{"level":30,"time":1774382618837,"pid":1603593,"hostname":"TempleOfZyminx","from":{"q":5,"r":6},"to":{"q":6,"r":11},"msg":"findPath: no valid path found"}
{"level":30,"time":1774382618837,"pid":1603455,"hostname":"TempleOfZyminx","from":{"q":4,"r":6},"to":{"q":1,"r":17},"msg":"findPath: no valid path found"}
{"level":30,"time":1774382618837,"pid":1603593,"hostname":"TempleOfZyminx","from":{"q":5,"r":6},"to":{"q":6,"r":12},"msg":"findPath: no valid path found"}
{"level":30,"time":1774382618837,"pid":1603455,"hostname":"TempleOfZyminx","from":{"q":4,"r":6},"to":{"q":1,"r":18},"msg":"findPath: no valid path found"}
{"level":30,"time":1774382618837,"pid":1603593,"hostname":"TempleOfZyminx","from":{"q":5,"r":6},"to":{"q":6,"r":13},"msg":"findPath: no valid path found"}
{"level":30,"time":1774382618837,"pid":1603593,"hostname":"TempleOfZyminx","from":{"q":5,"r":6},"to":{"q":6,"r":14},"msg":"findPath: no valid path found"}
{"level":30,"time":1774382618837,"pid":1603455,"hostname":"TempleOfZyminx","from":{"q":4,"r":6},"to":{"q":1,"r":19},"msg":"findPath: no valid path found"}
{"level":30,"time":1774382618838,"pid":1603593,"hostname":"TempleOfZyminx","from":{"q":5,"r":6},"to":{"q":6,"r":15},"msg":"findPath: no valid path found"}
{"level":30,"time":1774382618838,"pid":1603455,"hostname":"TempleOfZyminx","from":{"q":4,"r":6},"to":{"q":1,"r":20},"msg":"findPath: no valid path found"}
{"level":30,"time":1774382618838,"pid":1603593,"hostname":"TempleOfZyminx","from":{"q":5,"r":6},"to":{"q":6,"r":16},"msg":"findPath: no valid path found"}
{"level":30,"time":1774382618838,"pid":1603455,"hostname":"TempleOfZyminx","from":{"q":4,"r":6},"to":{"q":1,"r":21},"msg":"findPath: no valid path found"}
{"level":30,"time":1774382618838,"pid":1603593,"hostname":"TempleOfZyminx","from":{"q":5,"r":6},"to":{"q":6,"r":17},"msg":"findPath: no valid path found"}
{"level":30,"time":1774382618838,"pid":1603455,"hostname":"TempleOfZyminx","from":{"q":4,"r":6},"to":{"q":2,"r":0},"msg":"findPath: no valid path found"}
{"level":30,"time":1774382618838,"pid":1603593,"hostname":"TempleOfZyminx","from":{"q":5,"r":6},"to":{"q":6,"r":18},"msg":"findPath: no valid path found"}
{"level":30,"time":1774382618838,"pid":1603593,"hostname":"TempleOfZyminx","from":{"q":5,"r":6},"to":{"q":6,"r":19},"msg":"findPath: no valid path found"}
{"level":30,"time":1774382618838,"pid":1603455,"hostname":"TempleOfZyminx","from":{"q":4,"r":6},"to":{"q":2,"r":1},"msg":"findPath: no valid path found"}
{"level":30,"time":1774382618838,"pid":1603593,"hostname":"TempleOfZyminx","from":{"q":5,"r":6},"to":{"q":6,"r":20},"msg":"findPath: no valid path found"}
{"level":30,"time":1774382618838,"pid":1603455,"hostname":"TempleOfZyminx","from":{"q":4,"r":6},"to":{"q":2,"r":2},"msg":"findPath: no valid path found"}
{"level":30,"time":1774382618838,"pid":1603593,"hostname":"TempleOfZyminx","from":{"q":5,"r":6},"to":{"q":6,"r":21},"msg":"findPath: no valid path found"}
{"level":30,"time":1774382618838,"pid":1603455,"hostname":"TempleOfZyminx","from":{"q":4,"r":6},"to":{"q":2,"r":3},"msg":"findPath: no valid path found"}
{"level":30,"time":1774382618838,"pid":1603593,"hostname":"TempleOfZyminx","from":{"q":5,"r":6},"to":{"q":7,"r":0},"msg":"findPath: no valid path found"}
{"level":30,"time":1774382618838,"pid":1603593,"hostname":"TempleOfZyminx","from":{"q":5,"r":6},"to":{"q":7,"r":1},"msg":"findPath: no valid path found"}
{"level":30,"time":1774382618839,"pid":1603455,"hostname":"TempleOfZyminx","from":{"q":4,"r":6},"to":{"q":2,"r":11},"msg":"findPath: no valid path found"}
{"level":30,"time":1774382618839,"pid":1603593,"hostname":"TempleOfZyminx","from":{"q":5,"r":6},"to":{"q":7,"r":9},"msg":"findPath: no valid path found"}
{"level":30,"time":1774382618839,"pid":1603455,"hostname":"TempleOfZyminx","from":{"q":4,"r":6},"to":{"q":2,"r":12},"msg":"findPath: no valid path found"}
{"level":30,"time":1774382618839,"pid":1603593,"hostname":"TempleOfZyminx","from":{"q":5,"r":6},"to":{"q":7,"r":10},"msg":"findPath: no valid path found"}
{"level":30,"time":1774382618839,"pid":1603593,"hostname":"TempleOfZyminx","from":{"q":5,"r":6},"to":{"q":7,"r":11},"msg":"findPath: no valid path found"}
{"level":30,"time":1774382618839,"pid":1603455,"hostname":"TempleOfZyminx","from":{"q":4,"r":6},"to":{"q":2,"r":13},"msg":"findPath: no valid path found"}
{"level":30,"time":1774382618839,"pid":1603593,"hostname":"TempleOfZyminx","from":{"q":5,"r":6},"to":{"q":7,"r":12},"msg":"findPath: no valid path found"}
{"level":30,"time":1774382618839,"pid":1603455,"hostname":"TempleOfZyminx","from":{"q":4,"r":6},"to":{"q":2,"r":14},"msg":"findPath: no valid path found"}
{"level":30,"time":1774382618839,"pid":1603593,"hostname":"TempleOfZyminx","from":{"q":5,"r":6},"to":{"q":7,"r":13},"msg":"findPath: no valid path found"}
{"level":30,"time":1774382618839,"pid":1603593,"hostname":"TempleOfZyminx","from":{"q":5,"r":6},"to":{"q":7,"r":14},"msg":"findPath: no valid path found"}
{"level":30,"time":1774382618839,"pid":1603593,"hostname":"TempleOfZyminx","from":{"q":5,"r":6},"to":{"q":7,"r":15},"msg":"findPath: no valid path found"}
{"level":30,"time":1774382618839,"pid":1603455,"hostname":"TempleOfZyminx","from":{"q":4,"r":6},"to":{"q":2,"r":15},"msg":"findPath: no valid path found"}
{"level":30,"time":1774382618839,"pid":1603593,"hostname":"TempleOfZyminx","from":{"q":5,"r":6},"to":{"q":7,"r":16},"msg":"findPath: no valid path found"}
{"level":30,"time":1774382618839,"pid":1603455,"hostname":"TempleOfZyminx","from":{"q":4,"r":6},"to":{"q":2,"r":16},"msg":"findPath: no valid path found"}
{"level":30,"time":1774382618840,"pid":1603593,"hostname":"TempleOfZyminx","from":{"q":5,"r":6},"to":{"q":7,"r":17},"msg":"findPath: no valid path found"}
{"level":30,"time":1774382618840,"pid":1603455,"hostname":"TempleOfZyminx","from":{"q":4,"r":6},"to":{"q":2,"r":17},"msg":"findPath: no valid path found"}
{"level":30,"time":1774382618840,"pid":1603593,"hostname":"TempleOfZyminx","from":{"q":5,"r":6},"to":{"q":7,"r":18},"msg":"findPath: no valid path found"}
{"level":30,"time":1774382618840,"pid":1603455,"hostname":"TempleOfZyminx","from":{"q":4,"r":6},"to":{"q":2,"r":18},"msg":"findPath: no valid path found"}
{"level":30,"time":1774382618840,"pid":1603593,"hostname":"TempleOfZyminx","from":{"q":5,"r":6},"to":{"q":7,"r":19},"msg":"findPath: no valid path found"}
{"level":30,"time":1774382618840,"pid":1603455,"hostname":"TempleOfZyminx","from":{"q":4,"r":6},"to":{"q":2,"r":19},"msg":"findPath: no valid path found"}
{"level":30,"time":1774382618840,"pid":1603455,"hostname":"TempleOfZyminx","from":{"q":4,"r":6},"to":{"q":2,"r":20},"msg":"findPath: no valid path found"}
{"level":30,"time":1774382618840,"pid":1603593,"hostname":"TempleOfZyminx","from":{"q":5,"r":6},"to":{"q":7,"r":20},"msg":"findPath: no valid path found"}
{"level":30,"time":1774382618840,"pid":1603593,"hostname":"TempleOfZyminx","from":{"q":5,"r":6},"to":{"q":7,"r":21},"msg":"findPath: no valid path found"}
{"level":30,"time":1774382618840,"pid":1603593,"hostname":"TempleOfZyminx","from":{"q":5,"r":6},"to":{"q":8,"r":0},"msg":"findPath: no valid path found"}
{"level":30,"time":1774382618840,"pid":1603593,"hostname":"TempleOfZyminx","from":{"q":5,"r":6},"to":{"q":8,"r":1},"msg":"findPath: no valid path found"}
{"level":30,"time":1774382618840,"pid":1603455,"hostname":"TempleOfZyminx","from":{"q":4,"r":6},"to":{"q":2,"r":21},"msg":"findPath: no valid path found"}
{"level":30,"time":1774382618840,"pid":1603455,"hostname":"TempleOfZyminx","from":{"q":4,"r":6},"to":{"q":3,"r":0},"msg":"findPath: no valid path found"}
{"level":30,"time":1774382618840,"pid":1603455,"hostname":"TempleOfZyminx","from":{"q":4,"r":6},"to":{"q":3,"r":1},"msg":"findPath: no valid path found"}
{"level":30,"time":1774382618840,"pid":1603455,"hostname":"TempleOfZyminx","from":{"q":4,"r":6},"to":{"q":3,"r":2},"msg":"findPath: no valid path found"}
{"level":30,"time":1774382618841,"pid":1603593,"hostname":"TempleOfZyminx","from":{"q":5,"r":6},"to":{"q":8,"r":8},"msg":"findPath: no valid path found"}
{"level":30,"time":1774382618841,"pid":1603455,"hostname":"TempleOfZyminx","from":{"q":4,"r":6},"to":{"q":3,"r":8},"msg":"findPath: no valid path found"}
{"level":30,"time":1774382618841,"pid":1603593,"hostname":"TempleOfZyminx","from":{"q":5,"r":6},"to":{"q":8,"r":9},"msg":"findPath: no valid path found"}
{"level":30,"time":1774382618841,"pid":1603455,"hostname":"TempleOfZyminx","from":{"q":4,"r":6},"to":{"q":3,"r":10},"msg":"findPath: no valid path found"}
{"level":30,"time":1774382618841,"pid":1603593,"hostname":"TempleOfZyminx","from":{"q":5,"r":6},"to":{"q":8,"r":10},"msg":"findPath: no valid path found"}
{"level":30,"time":1774382618841,"pid":1603455,"hostname":"TempleOfZyminx","from":{"q":4,"r":6},"to":{"q":3,"r":11},"msg":"findPath: no valid path found"}
{"level":30,"time":1774382618841,"pid":1603455,"hostname":"TempleOfZyminx","from":{"q":4,"r":6},"to":{"q":3,"r":12},"msg":"findPath: no valid path found"}
{"level":30,"time":1774382618841,"pid":1603593,"hostname":"TempleOfZyminx","from":{"q":5,"r":6},"to":{"q":8,"r":11},"msg":"findPath: no valid path found"}
{"level":30,"time":1774382618841,"pid":1603455,"hostname":"TempleOfZyminx","from":{"q":4,"r":6},"to":{"q":3,"r":13},"msg":"findPath: no valid path found"}
{"level":30,"time":1774382618841,"pid":1603593,"hostname":"TempleOfZyminx","from":{"q":5,"r":6},"to":{"q":8,"r":12},"msg":"findPath: no valid path found"}
{"level":30,"time":1774382618841,"pid":1603455,"hostname":"TempleOfZyminx","from":{"q":4,"r":6},"to":{"q":3,"r":14},"msg":"findPath: no valid path found"}
{"level":30,"time":1774382618841,"pid":1603455,"hostname":"TempleOfZyminx","from":{"q":4,"r":6},"to":{"q":3,"r":15},"msg":"findPath: no valid path found"}
{"level":30,"time":1774382618841,"pid":1603593,"hostname":"TempleOfZyminx","from":{"q":5,"r":6},"to":{"q":8,"r":13},"msg":"findPath: no valid path found"}
{"level":30,"time":1774382618841,"pid":1603455,"hostname":"TempleOfZyminx","from":{"q":4,"r":6},"to":{"q":3,"r":16},"msg":"findPath: no valid path found"}
{"level":30,"time":1774382618841,"pid":1603593,"hostname":"TempleOfZyminx","from":{"q":5,"r":6},"to":{"q":8,"r":14},"msg":"findPath: no valid path found"}
{"level":30,"time":1774382618841,"pid":1603455,"hostname":"TempleOfZyminx","from":{"q":4,"r":6},"to":{"q":3,"r":17},"msg":"findPath: no valid path found"}
{"level":30,"time":1774382618841,"pid":1603455,"hostname":"TempleOfZyminx","from":{"q":4,"r":6},"to":{"q":3,"r":18},"msg":"findPath: no valid path found"}
{"level":30,"time":1774382618841,"pid":1603593,"hostname":"TempleOfZyminx","from":{"q":5,"r":6},"to":{"q":8,"r":15},"msg":"findPath: no valid path found"}
{"level":30,"time":1774382618841,"pid":1603455,"hostname":"TempleOfZyminx","from":{"q":4,"r":6},"to":{"q":3,"r":19},"msg":"findPath: no valid path found"}
{"level":30,"time":1774382618841,"pid":1603593,"hostname":"TempleOfZyminx","from":{"q":5,"r":6},"to":{"q":8,"r":16},"msg":"findPath: no valid path found"}
{"level":30,"time":1774382618841,"pid":1603455,"hostname":"TempleOfZyminx","from":{"q":4,"r":6},"to":{"q":3,"r":20},"msg":"findPath: no valid path found"}
{"level":30,"time":1774382618841,"pid":1603455,"hostname":"TempleOfZyminx","from":{"q":4,"r":6},"to":{"q":3,"r":21},"msg":"findPath: no valid path found"}
{"level":30,"time":1774382618841,"pid":1603593,"hostname":"TempleOfZyminx","from":{"q":5,"r":6},"to":{"q":8,"r":17},"msg":"findPath: no valid path found"}
{"level":30,"time":1774382618842,"pid":1603455,"hostname":"TempleOfZyminx","from":{"q":4,"r":6},"to":{"q":4,"r":0},"msg":"findPath: no valid path found"}
{"level":30,"time":1774382618842,"pid":1603593,"hostname":"TempleOfZyminx","from":{"q":5,"r":6},"to":{"q":8,"r":18},"msg":"findPath: no valid path found"}
{"level":30,"time":1774382618842,"pid":1603455,"hostname":"TempleOfZyminx","from":{"q":4,"r":6},"to":{"q":4,"r":1},"msg":"findPath: no valid path found"}
{"level":30,"time":1774382618842,"pid":1603593,"hostname":"TempleOfZyminx","from":{"q":5,"r":6},"to":{"q":8,"r":19},"msg":"findPath: no valid path found"}
{"level":30,"time":1774382618842,"pid":1603593,"hostname":"TempleOfZyminx","from":{"q":5,"r":6},"to":{"q":8,"r":20},"msg":"findPath: no valid path found"}
{"level":30,"time":1774382618842,"pid":1603455,"hostname":"TempleOfZyminx","from":{"q":4,"r":6},"to":{"q":4,"r":8},"msg":"findPath: no valid path found"}
{"level":30,"time":1774382618842,"pid":1603593,"hostname":"TempleOfZyminx","from":{"q":5,"r":6},"to":{"q":8,"r":21},"msg":"findPath: no valid path found"}
{"level":30,"time":1774382618842,"pid":1603455,"hostname":"TempleOfZyminx","from":{"q":4,"r":6},"to":{"q":4,"r":10},"msg":"findPath: no valid path found"}
{"level":30,"time":1774382618842,"pid":1603593,"hostname":"TempleOfZyminx","from":{"q":5,"r":6},"to":{"q":9,"r":0},"msg":"findPath: no valid path found"}
{"level":30,"time":1774382618842,"pid":1603455,"hostname":"TempleOfZyminx","from":{"q":4,"r":6},"to":{"q":4,"r":11},"msg":"findPath: no valid path found"}
{"level":30,"time":1774382618842,"pid":1603455,"hostname":"TempleOfZyminx","from":{"q":4,"r":6},"to":{"q":4,"r":12},"msg":"findPath: no valid path found"}
{"level":30,"time":1774382618842,"pid":1603593,"hostname":"TempleOfZyminx","from":{"q":5,"r":6},"to":{"q":9,"r":1},"msg":"findPath: no valid path found"}
{"level":30,"time":1774382618842,"pid":1603455,"hostname":"TempleOfZyminx","from":{"q":4,"r":6},"to":{"q":4,"r":13},"msg":"findPath: no valid path found"}
{"level":30,"time":1774382618842,"pid":1603455,"hostname":"TempleOfZyminx","from":{"q":4,"r":6},"to":{"q":4,"r":14},"msg":"findPath: no valid path found"}
{"level":30,"time":1774382618842,"pid":1603455,"hostname":"TempleOfZyminx","from":{"q":4,"r":6},"to":{"q":4,"r":15},"msg":"findPath: no valid path found"}
{"level":30,"time":1774382618842,"pid":1603455,"hostname":"TempleOfZyminx","from":{"q":4,"r":6},"to":{"q":4,"r":16},"msg":"findPath: no valid path found"}
{"level":30,"time":1774382618842,"pid":1603455,"hostname":"TempleOfZyminx","from":{"q":4,"r":6},"to":{"q":4,"r":17},"msg":"findPath: no valid path found"}
{"level":30,"time":1774382618842,"pid":1603455,"hostname":"TempleOfZyminx","from":{"q":4,"r":6},"to":{"q":4,"r":18},"msg":"findPath: no valid path found"}
{"level":30,"time":1774382618843,"pid":1603593,"hostname":"TempleOfZyminx","from":{"q":5,"r":6},"to":{"q":9,"r":7},"msg":"findPath: no valid path found"}
{"level":30,"time":1774382618843,"pid":1603455,"hostname":"TempleOfZyminx","from":{"q":4,"r":6},"to":{"q":4,"r":19},"msg":"findPath: no valid path found"}
{"level":30,"time":1774382618843,"pid":1603593,"hostname":"TempleOfZyminx","from":{"q":5,"r":6},"to":{"q":9,"r":8},"msg":"findPath: no valid path found"}
{"level":30,"time":1774382618843,"pid":1603593,"hostname":"TempleOfZyminx","from":{"q":5,"r":6},"to":{"q":9,"r":9},"msg":"findPath: no valid path found"}
{"level":30,"time":1774382618843,"pid":1603593,"hostname":"TempleOfZyminx","from":{"q":5,"r":6},"to":{"q":9,"r":10},"msg":"findPath: no valid path found"}
{"level":30,"time":1774382618843,"pid":1603455,"hostname":"TempleOfZyminx","from":{"q":4,"r":6},"to":{"q":4,"r":20},"msg":"findPath: no valid path found"}
{"level":30,"time":1774382618843,"pid":1603593,"hostname":"TempleOfZyminx","from":{"q":5,"r":6},"to":{"q":9,"r":11},"msg":"findPath: no valid path found"}
{"level":30,"time":1774382618843,"pid":1603455,"hostname":"TempleOfZyminx","from":{"q":4,"r":6},"to":{"q":4,"r":21},"msg":"findPath: no valid path found"}
{"level":30,"time":1774382618843,"pid":1603455,"hostname":"TempleOfZyminx","from":{"q":4,"r":6},"to":{"q":5,"r":0},"msg":"findPath: no valid path found"}
{"level":30,"time":1774382618843,"pid":1603593,"hostname":"TempleOfZyminx","from":{"q":5,"r":6},"to":{"q":9,"r":12},"msg":"findPath: no valid path found"}
{"level":30,"time":1774382618844,"pid":1603455,"hostname":"TempleOfZyminx","from":{"q":4,"r":6},"to":{"q":5,"r":1},"msg":"findPath: no valid path found"}
{"level":30,"time":1774382618844,"pid":1603455,"hostname":"TempleOfZyminx","from":{"q":4,"r":6},"to":{"q":5,"r":2},"msg":"findPath: no valid path found"}
{"level":30,"time":1774382618844,"pid":1603593,"hostname":"TempleOfZyminx","from":{"q":5,"r":6},"to":{"q":9,"r":13},"msg":"findPath: no valid path found"}
{"level":30,"time":1774382618844,"pid":1603593,"hostname":"TempleOfZyminx","from":{"q":5,"r":6},"to":{"q":9,"r":14},"msg":"findPath: no valid path found"}
{"level":30,"time":1774382618844,"pid":1603455,"hostname":"TempleOfZyminx","from":{"q":4,"r":6},"to":{"q":5,"r":10},"msg":"findPath: no valid path found"}
{"level":30,"time":1774382618844,"pid":1603455,"hostname":"TempleOfZyminx","from":{"q":4,"r":6},"to":{"q":5,"r":11},"msg":"findPath: no valid path found"}
{"level":30,"time":1774382618844,"pid":1603593,"hostname":"TempleOfZyminx","from":{"q":5,"r":6},"to":{"q":9,"r":15},"msg":"findPath: no valid path found"}
{"level":30,"time":1774382618844,"pid":1603455,"hostname":"TempleOfZyminx","from":{"q":4,"r":6},"to":{"q":5,"r":12},"msg":"findPath: no valid path found"}
{"level":30,"time":1774382618844,"pid":1603455,"hostname":"TempleOfZyminx","from":{"q":4,"r":6},"to":{"q":5,"r":13},"msg":"findPath: no valid path found"}
{"level":30,"time":1774382618844,"pid":1603593,"hostname":"TempleOfZyminx","from":{"q":5,"r":6},"to":{"q":9,"r":16},"msg":"findPath: no valid path found"}
{"level":30,"time":1774382618844,"pid":1603455,"hostname":"TempleOfZyminx","from":{"q":4,"r":6},"to":{"q":5,"r":14},"msg":"findPath: no valid path found"}
{"level":30,"time":1774382618844,"pid":1603455,"hostname":"TempleOfZyminx","from":{"q":4,"r":6},"to":{"q":5,"r":15},"msg":"findPath: no valid path found"}
{"level":30,"time":1774382618844,"pid":1603593,"hostname":"TempleOfZyminx","from":{"q":5,"r":6},"to":{"q":9,"r":17},"msg":"findPath: no valid path found"}
{"level":30,"time":1774382618844,"pid":1603455,"hostname":"TempleOfZyminx","from":{"q":4,"r":6},"to":{"q":5,"r":16},"msg":"findPath: no valid path found"}
{"level":30,"time":1774382618844,"pid":1603455,"hostname":"TempleOfZyminx","from":{"q":4,"r":6},"to":{"q":5,"r":17},"msg":"findPath: no valid path found"}
{"level":30,"time":1774382618844,"pid":1603593,"hostname":"TempleOfZyminx","from":{"q":5,"r":6},"to":{"q":9,"r":18},"msg":"findPath: no valid path found"}
{"level":30,"time":1774382618844,"pid":1603455,"hostname":"TempleOfZyminx","from":{"q":4,"r":6},"to":{"q":5,"r":18},"msg":"findPath: no valid path found"}
{"level":30,"time":1774382618844,"pid":1603455,"hostname":"TempleOfZyminx","from":{"q":4,"r":6},"to":{"q":5,"r":19},"msg":"findPath: no valid path found"}
{"level":30,"time":1774382618844,"pid":1603593,"hostname":"TempleOfZyminx","from":{"q":5,"r":6},"to":{"q":9,"r":19},"msg":"findPath: no valid path found"}
{"level":30,"time":1774382618844,"pid":1603455,"hostname":"TempleOfZyminx","from":{"q":4,"r":6},"to":{"q":5,"r":20},"msg":"findPath: no valid path found"}
{"level":30,"time":1774382618845,"pid":1603455,"hostname":"TempleOfZyminx","from":{"q":4,"r":6},"to":{"q":5,"r":21},"msg":"findPath: no valid path found"}
{"level":30,"time":1774382618845,"pid":1603593,"hostname":"TempleOfZyminx","from":{"q":5,"r":6},"to":{"q":9,"r":20},"msg":"findPath: no valid path found"}
{"level":30,"time":1774382618845,"pid":1603455,"hostname":"TempleOfZyminx","from":{"q":4,"r":6},"to":{"q":6,"r":0},"msg":"findPath: no valid path found"}
{"level":30,"time":1774382618845,"pid":1603455,"hostname":"TempleOfZyminx","from":{"q":4,"r":6},"to":{"q":6,"r":1},"msg":"findPath: no valid path found"}
{"level":30,"time":1774382618845,"pid":1603593,"hostname":"TempleOfZyminx","from":{"q":5,"r":6},"to":{"q":9,"r":21},"msg":"findPath: no valid path found"}
{"level":30,"time":1774382618845,"pid":1603593,"hostname":"TempleOfZyminx","from":{"q":5,"r":6},"to":{"q":10,"r":0},"msg":"findPath: no valid path found"}
{"level":30,"time":1774382618845,"pid":1603455,"hostname":"TempleOfZyminx","from":{"q":4,"r":6},"to":{"q":6,"r":9},"msg":"findPath: no valid path found"}
{"level":30,"time":1774382618845,"pid":1603593,"hostname":"TempleOfZyminx","from":{"q":5,"r":6},"to":{"q":10,"r":1},"msg":"findPath: no valid path found"}
{"level":30,"time":1774382618845,"pid":1603455,"hostname":"TempleOfZyminx","from":{"q":4,"r":6},"to":{"q":6,"r":10},"msg":"findPath: no valid path found"}
{"level":30,"time":1774382618845,"pid":1603455,"hostname":"TempleOfZyminx","from":{"q":4,"r":6},"to":{"q":6,"r":11},"msg":"findPath: no valid path found"}
{"level":30,"time":1774382618845,"pid":1603593,"hostname":"TempleOfZyminx","from":{"q":5,"r":6},"to":{"q":10,"r":2},"msg":"findPath: no valid path found"}
{"level":30,"time":1774382618845,"pid":1603455,"hostname":"TempleOfZyminx","from":{"q":4,"r":6},"to":{"q":6,"r":12},"msg":"findPath: no valid path found"}
{"level":30,"time":1774382618845,"pid":1603455,"hostname":"TempleOfZyminx","from":{"q":4,"r":6},"to":{"q":6,"r":13},"msg":"findPath: no valid path found"}
{"level":30,"time":1774382618845,"pid":1603455,"hostname":"TempleOfZyminx","from":{"q":4,"r":6},"to":{"q":6,"r":14},"msg":"findPath: no valid path found"}
{"level":30,"time":1774382618845,"pid":1603593,"hostname":"TempleOfZyminx","from":{"q":5,"r":6},"to":{"q":10,"r":3},"msg":"findPath: no valid path found"}
{"level":30,"time":1774382618845,"pid":1603455,"hostname":"TempleOfZyminx","from":{"q":4,"r":6},"to":{"q":6,"r":15},"msg":"findPath: no valid path found"}
{"level":30,"time":1774382618845,"pid":1603455,"hostname":"TempleOfZyminx","from":{"q":4,"r":6},"to":{"q":6,"r":16},"msg":"findPath: no valid path found"}
{"level":30,"time":1774382618845,"pid":1603593,"hostname":"TempleOfZyminx","from":{"q":5,"r":6},"to":{"q":10,"r":4},"msg":"findPath: no valid path found"}
{"level":30,"time":1774382618845,"pid":1603455,"hostname":"TempleOfZyminx","from":{"q":4,"r":6},"to":{"q":6,"r":17},"msg":"findPath: no valid path found"}
{"level":30,"time":1774382618845,"pid":1603455,"hostname":"TempleOfZyminx","from":{"q":4,"r":6},"to":{"q":6,"r":18},"msg":"findPath: no valid path found"}
{"level":30,"time":1774382618845,"pid":1603593,"hostname":"TempleOfZyminx","from":{"q":5,"r":6},"to":{"q":10,"r":5},"msg":"findPath: no valid path found"}
{"level":30,"time":1774382618846,"pid":1603455,"hostname":"TempleOfZyminx","from":{"q":4,"r":6},"to":{"q":6,"r":19},"msg":"findPath: no valid path found"}
{"level":30,"time":1774382618846,"pid":1603455,"hostname":"TempleOfZyminx","from":{"q":4,"r":6},"to":{"q":6,"r":20},"msg":"findPath: no valid path found"}
{"level":30,"time":1774382618846,"pid":1603593,"hostname":"TempleOfZyminx","from":{"q":5,"r":6},"to":{"q":10,"r":6},"msg":"findPath: no valid path found"}
{"level":30,"time":1774382618846,"pid":1603455,"hostname":"TempleOfZyminx","from":{"q":4,"r":6},"to":{"q":6,"r":21},"msg":"findPath: no valid path found"}
{"level":30,"time":1774382618846,"pid":1603455,"hostname":"TempleOfZyminx","from":{"q":4,"r":6},"to":{"q":7,"r":0},"msg":"findPath: no valid path found"}
{"level":30,"time":1774382618846,"pid":1603593,"hostname":"TempleOfZyminx","from":{"q":5,"r":6},"to":{"q":10,"r":7},"msg":"findPath: no valid path found"}
{"level":30,"time":1774382618846,"pid":1603455,"hostname":"TempleOfZyminx","from":{"q":4,"r":6},"to":{"q":7,"r":1},"msg":"findPath: no valid path found"}
{"level":30,"time":1774382618846,"pid":1603593,"hostname":"TempleOfZyminx","from":{"q":5,"r":6},"to":{"q":10,"r":8},"msg":"findPath: no valid path found"}
{"level":30,"time":1774382618846,"pid":1603593,"hostname":"TempleOfZyminx","from":{"q":5,"r":6},"to":{"q":10,"r":9},"msg":"findPath: no valid path found"}
{"level":30,"time":1774382618846,"pid":1603455,"hostname":"TempleOfZyminx","from":{"q":4,"r":6},"to":{"q":7,"r":8},"msg":"findPath: no valid path found"}
{"level":30,"time":1774382618846,"pid":1603593,"hostname":"TempleOfZyminx","from":{"q":5,"r":6},"to":{"q":10,"r":10},"msg":"findPath: no valid path found"}
{"level":30,"time":1774382618846,"pid":1603455,"hostname":"TempleOfZyminx","from":{"q":4,"r":6},"to":{"q":7,"r":9},"msg":"findPath: no valid path found"}
{"level":30,"time":1774382618846,"pid":1603455,"hostname":"TempleOfZyminx","from":{"q":4,"r":6},"to":{"q":7,"r":10},"msg":"findPath: no valid path found"}
{"level":30,"time":1774382618846,"pid":1603593,"hostname":"TempleOfZyminx","from":{"q":5,"r":6},"to":{"q":10,"r":11},"msg":"findPath: no valid path found"}
{"level":30,"time":1774382618846,"pid":1603455,"hostname":"TempleOfZyminx","from":{"q":4,"r":6},"to":{"q":7,"r":11},"msg":"findPath: no valid path found"}
{"level":30,"time":1774382618846,"pid":1603593,"hostname":"TempleOfZyminx","from":{"q":5,"r":6},"to":{"q":10,"r":12},"msg":"findPath: no valid path found"}
{"level":30,"time":1774382618846,"pid":1603455,"hostname":"TempleOfZyminx","from":{"q":4,"r":6},"to":{"q":7,"r":12},"msg":"findPath: no valid path found"}
{"level":30,"time":1774382618846,"pid":1603455,"hostname":"TempleOfZyminx","from":{"q":4,"r":6},"to":{"q":7,"r":13},"msg":"findPath: no valid path found"}
{"level":30,"time":1774382618846,"pid":1603593,"hostname":"TempleOfZyminx","from":{"q":5,"r":6},"to":{"q":10,"r":13},"msg":"findPath: no valid path found"}
{"level":30,"time":1774382618846,"pid":1603455,"hostname":"TempleOfZyminx","from":{"q":4,"r":6},"to":{"q":7,"r":14},"msg":"findPath: no valid path found"}
{"level":30,"time":1774382618847,"pid":1603593,"hostname":"TempleOfZyminx","from":{"q":5,"r":6},"to":{"q":10,"r":14},"msg":"findPath: no valid path found"}
{"level":30,"time":1774382618847,"pid":1603593,"hostname":"TempleOfZyminx","from":{"q":5,"r":6},"to":{"q":10,"r":15},"msg":"findPath: no valid path found"}
{"level":30,"time":1774382618847,"pid":1603593,"hostname":"TempleOfZyminx","from":{"q":5,"r":6},"to":{"q":10,"r":16},"msg":"findPath: no valid path found"}
{"level":30,"time":1774382618847,"pid":1603593,"hostname":"TempleOfZyminx","from":{"q":5,"r":6},"to":{"q":10,"r":17},"msg":"findPath: no valid path found"}
{"level":30,"time":1774382618847,"pid":1603593,"hostname":"TempleOfZyminx","from":{"q":5,"r":6},"to":{"q":10,"r":18},"msg":"findPath: no valid path found"}
{"level":30,"time":1774382618847,"pid":1603593,"hostname":"TempleOfZyminx","from":{"q":5,"r":6},"to":{"q":10,"r":19},"msg":"findPath: no valid path found"}
{"level":30,"time":1774382618847,"pid":1603593,"hostname":"TempleOfZyminx","from":{"q":5,"r":6},"to":{"q":10,"r":20},"msg":"findPath: no valid path found"}
{"level":30,"time":1774382618847,"pid":1603593,"hostname":"TempleOfZyminx","from":{"q":5,"r":6},"to":{"q":10,"r":21},"msg":"findPath: no valid path found"}
{"level":30,"time":1774382618848,"pid":1603593,"hostname":"TempleOfZyminx","from":{"q":5,"r":6},"to":{"q":11,"r":0},"msg":"findPath: no valid path found"}
{"level":30,"time":1774382618848,"pid":1603593,"hostname":"TempleOfZyminx","from":{"q":5,"r":6},"to":{"q":11,"r":1},"msg":"findPath: no valid path found"}
{"level":30,"time":1774382618848,"pid":1603593,"hostname":"TempleOfZyminx","from":{"q":5,"r":6},"to":{"q":11,"r":2},"msg":"findPath: no valid path found"}
{"level":30,"time":1774382618847,"pid":1603455,"hostname":"TempleOfZyminx","from":{"q":4,"r":6},"to":{"q":7,"r":15},"msg":"findPath: no valid path found"}
{"level":30,"time":1774382618847,"pid":1603455,"hostname":"TempleOfZyminx","from":{"q":4,"r":6},"to":{"q":7,"r":16},"msg":"findPath: no valid path found"}
{"level":30,"time":1774382618847,"pid":1603455,"hostname":"TempleOfZyminx","from":{"q":4,"r":6},"to":{"q":7,"r":17},"msg":"findPath: no valid path found"}
{"level":30,"time":1774382618847,"pid":1603455,"hostname":"TempleOfZyminx","from":{"q":4,"r":6},"to":{"q":7,"r":18},"msg":"findPath: no valid path found"}
{"level":30,"time":1774382618847,"pid":1603455,"hostname":"TempleOfZyminx","from":{"q":4,"r":6},"to":{"q":7,"r":19},"msg":"findPath: no valid path found"}
{"level":30,"time":1774382618847,"pid":1603455,"hostname":"TempleOfZyminx","from":{"q":4,"r":6},"to":{"q":7,"r":20},"msg":"findPath: no valid path found"}
{"level":30,"time":1774382618847,"pid":1603455,"hostname":"TempleOfZyminx","from":{"q":4,"r":6},"to":{"q":7,"r":21},"msg":"findPath: no valid path found"}
{"level":30,"time":1774382618847,"pid":1603455,"hostname":"TempleOfZyminx","from":{"q":4,"r":6},"to":{"q":8,"r":0},"msg":"findPath: no valid path found"}
{"level":30,"time":1774382618847,"pid":1603455,"hostname":"TempleOfZyminx","from":{"q":4,"r":6},"to":{"q":8,"r":1},"msg":"findPath: no valid path found"}
{"level":30,"time":1774382618848,"pid":1603455,"hostname":"TempleOfZyminx","from":{"q":4,"r":6},"to":{"q":8,"r":7},"msg":"findPath: no valid path found"}
{"level":30,"time":1774382618848,"pid":1603455,"hostname":"TempleOfZyminx","from":{"q":4,"r":6},"to":{"q":8,"r":8},"msg":"findPath: no valid path found"}
{"level":30,"time":1774382618848,"pid":1603455,"hostname":"TempleOfZyminx","from":{"q":4,"r":6},"to":{"q":8,"r":9},"msg":"findPath: no valid path found"}
{"level":30,"time":1774382618848,"pid":1603455,"hostname":"TempleOfZyminx","from":{"q":4,"r":6},"to":{"q":8,"r":10},"msg":"findPath: no valid path found"}
{"level":30,"time":1774382618848,"pid":1603455,"hostname":"TempleOfZyminx","from":{"q":4,"r":6},"to":{"q":8,"r":11},"msg":"findPath: no valid path found"}
{"level":30,"time":1774382618848,"pid":1603593,"hostname":"TempleOfZyminx","from":{"q":5,"r":6},"to":{"q":11,"r":3},"msg":"findPath: no valid path found"}
{"level":30,"time":1774382618848,"pid":1603593,"hostname":"TempleOfZyminx","from":{"q":5,"r":6},"to":{"q":11,"r":4},"msg":"findPath: no valid path found"}
{"level":30,"time":1774382618848,"pid":1603593,"hostname":"TempleOfZyminx","from":{"q":5,"r":6},"to":{"q":11,"r":5},"msg":"findPath: no valid path found"}
{"level":30,"time":1774382618848,"pid":1603593,"hostname":"TempleOfZyminx","from":{"q":5,"r":6},"to":{"q":11,"r":6},"msg":"findPath: no valid path found"}
{"level":30,"time":1774382618849,"pid":1603593,"hostname":"TempleOfZyminx","from":{"q":5,"r":6},"to":{"q":11,"r":7},"msg":"findPath: no valid path found"}
{"level":30,"time":1774382618849,"pid":1603593,"hostname":"TempleOfZyminx","from":{"q":5,"r":6},"to":{"q":11,"r":8},"msg":"findPath: no valid path found"}
{"level":30,"time":1774382618849,"pid":1603593,"hostname":"TempleOfZyminx","from":{"q":5,"r":6},"to":{"q":11,"r":9},"msg":"findPath: no valid path found"}
{"level":30,"time":1774382618849,"pid":1603593,"hostname":"TempleOfZyminx","from":{"q":5,"r":6},"to":{"q":11,"r":10},"msg":"findPath: no valid path found"}
{"level":30,"time":1774382618849,"pid":1603593,"hostname":"TempleOfZyminx","from":{"q":5,"r":6},"to":{"q":11,"r":11},"msg":"findPath: no valid path found"}
{"level":30,"time":1774382618850,"pid":1603593,"hostname":"TempleOfZyminx","from":{"q":5,"r":6},"to":{"q":11,"r":12},"msg":"findPath: no valid path found"}
{"level":30,"time":1774382618850,"pid":1603593,"hostname":"TempleOfZyminx","from":{"q":5,"r":6},"to":{"q":11,"r":13},"msg":"findPath: no valid path found"}
{"level":30,"time":1774382618850,"pid":1603593,"hostname":"TempleOfZyminx","from":{"q":5,"r":6},"to":{"q":11,"r":14},"msg":"findPath: no valid path found"}
{"level":30,"time":1774382618850,"pid":1603593,"hostname":"TempleOfZyminx","from":{"q":5,"r":6},"to":{"q":11,"r":15},"msg":"findPath: no valid path found"}
{"level":30,"time":1774382618850,"pid":1603593,"hostname":"TempleOfZyminx","from":{"q":5,"r":6},"to":{"q":11,"r":16},"msg":"findPath: no valid path found"}
{"level":30,"time":1774382618850,"pid":1603593,"hostname":"TempleOfZyminx","from":{"q":5,"r":6},"to":{"q":11,"r":17},"msg":"findPath: no valid path found"}
{"level":30,"time":1774382618850,"pid":1603593,"hostname":"TempleOfZyminx","from":{"q":5,"r":6},"to":{"q":11,"r":18},"msg":"findPath: no valid path found"}
{"level":30,"time":1774382618851,"pid":1603593,"hostname":"TempleOfZyminx","from":{"q":5,"r":6},"to":{"q":11,"r":19},"msg":"findPath: no valid path found"}
{"level":30,"time":1774382618851,"pid":1603593,"hostname":"TempleOfZyminx","from":{"q":5,"r":6},"to":{"q":11,"r":20},"msg":"findPath: no valid path found"}
{"level":30,"time":1774382618851,"pid":1603593,"hostname":"TempleOfZyminx","from":{"q":5,"r":6},"to":{"q":11,"r":21},"msg":"findPath: no valid path found"}
{"level":30,"time":1774382618851,"pid":1603593,"hostname":"TempleOfZyminx","from":{"q":5,"r":6},"to":{"q":12,"r":0},"msg":"findPath: no valid path found"}
{"level":30,"time":1774382618851,"pid":1603593,"hostname":"TempleOfZyminx","from":{"q":5,"r":6},"to":{"q":12,"r":1},"msg":"findPath: no valid path found"}
{"level":30,"time":1774382618851,"pid":1603593,"hostname":"TempleOfZyminx","from":{"q":5,"r":6},"to":{"q":12,"r":2},"msg":"findPath: no valid path found"}
{"level":30,"time":1774382618851,"pid":1603593,"hostname":"TempleOfZyminx","from":{"q":5,"r":6},"to":{"q":12,"r":3},"msg":"findPath: no valid path found"}
{"level":30,"time":1774382618851,"pid":1603593,"hostname":"TempleOfZyminx","from":{"q":5,"r":6},"to":{"q":12,"r":4},"msg":"findPath: no valid path found"}
{"level":30,"time":1774382618852,"pid":1603593,"hostname":"TempleOfZyminx","from":{"q":5,"r":6},"to":{"q":12,"r":5},"msg":"findPath: no valid path found"}
{"level":30,"time":1774382618852,"pid":1603593,"hostname":"TempleOfZyminx","from":{"q":5,"r":6},"to":{"q":12,"r":6},"msg":"findPath: no valid path found"}
{"level":30,"time":1774382618852,"pid":1603593,"hostname":"TempleOfZyminx","from":{"q":5,"r":6},"to":{"q":12,"r":7},"msg":"findPath: no valid path found"}
{"level":30,"time":1774382618852,"pid":1603593,"hostname":"TempleOfZyminx","from":{"q":5,"r":6},"to":{"q":12,"r":8},"msg":"findPath: no valid path found"}
{"level":30,"time":1774382618852,"pid":1603593,"hostname":"TempleOfZyminx","from":{"q":5,"r":6},"to":{"q":12,"r":9},"msg":"findPath: no valid path found"}
{"level":30,"time":1774382618852,"pid":1603593,"hostname":"TempleOfZyminx","from":{"q":5,"r":6},"to":{"q":12,"r":10},"msg":"findPath: no valid path found"}
{"level":30,"time":1774382618852,"pid":1603593,"hostname":"TempleOfZyminx","from":{"q":5,"r":6},"to":{"q":12,"r":11},"msg":"findPath: no valid path found"}
{"level":30,"time":1774382618852,"pid":1603593,"hostname":"TempleOfZyminx","from":{"q":5,"r":6},"to":{"q":12,"r":12},"msg":"findPath: no valid path found"}
{"level":30,"time":1774382618852,"pid":1603593,"hostname":"TempleOfZyminx","from":{"q":5,"r":6},"to":{"q":12,"r":13},"msg":"findPath: no valid path found"}
{"level":30,"time":1774382618853,"pid":1603593,"hostname":"TempleOfZyminx","from":{"q":5,"r":6},"to":{"q":12,"r":14},"msg":"findPath: no valid path found"}
{"level":30,"time":1774382618853,"pid":1603593,"hostname":"TempleOfZyminx","from":{"q":5,"r":6},"to":{"q":12,"r":15},"msg":"findPath: no valid path found"}
{"level":30,"time":1774382618853,"pid":1603593,"hostname":"TempleOfZyminx","from":{"q":5,"r":6},"to":{"q":12,"r":16},"msg":"findPath: no valid path found"}
{"level":30,"time":1774382618853,"pid":1603593,"hostname":"TempleOfZyminx","from":{"q":5,"r":6},"to":{"q":12,"r":17},"msg":"findPath: no valid path found"}
{"level":30,"time":1774382618853,"pid":1603593,"hostname":"TempleOfZyminx","from":{"q":5,"r":6},"to":{"q":12,"r":18},"msg":"findPath: no valid path found"}
{"level":30,"time":1774382618853,"pid":1603593,"hostname":"TempleOfZyminx","from":{"q":5,"r":6},"to":{"q":12,"r":19},"msg":"findPath: no valid path found"}
{"level":30,"time":1774382618853,"pid":1603593,"hostname":"TempleOfZyminx","from":{"q":5,"r":6},"to":{"q":12,"r":20},"msg":"findPath: no valid path found"}
{"level":30,"time":1774382618853,"pid":1603593,"hostname":"TempleOfZyminx","from":{"q":5,"r":6},"to":{"q":12,"r":21},"msg":"findPath: no valid path found"}
{"level":30,"time":1774382618853,"pid":1603593,"hostname":"TempleOfZyminx","from":{"q":5,"r":6},"to":{"q":13,"r":0},"msg":"findPath: no valid path found"}
{"level":30,"time":1774382618854,"pid":1603593,"hostname":"TempleOfZyminx","from":{"q":5,"r":6},"to":{"q":13,"r":1},"msg":"findPath: no valid path found"}
{"level":30,"time":1774382618854,"pid":1603593,"hostname":"TempleOfZyminx","from":{"q":5,"r":6},"to":{"q":13,"r":2},"msg":"findPath: no valid path found"}
{"level":30,"time":1774382618854,"pid":1603593,"hostname":"TempleOfZyminx","from":{"q":5,"r":6},"to":{"q":13,"r":3},"msg":"findPath: no valid path found"}
{"level":30,"time":1774382618854,"pid":1603593,"hostname":"TempleOfZyminx","from":{"q":5,"r":6},"to":{"q":13,"r":4},"msg":"findPath: no valid path found"}
{"level":30,"time":1774382618854,"pid":1603593,"hostname":"TempleOfZyminx","from":{"q":5,"r":6},"to":{"q":13,"r":5},"msg":"findPath: no valid path found"}
{"level":30,"time":1774382618854,"pid":1603593,"hostname":"TempleOfZyminx","from":{"q":5,"r":6},"to":{"q":13,"r":6},"msg":"findPath: no valid path found"}
{"level":30,"time":1774382618854,"pid":1603593,"hostname":"TempleOfZyminx","from":{"q":5,"r":6},"to":{"q":13,"r":7},"msg":"findPath: no valid path found"}
{"level":30,"time":1774382618854,"pid":1603593,"hostname":"TempleOfZyminx","from":{"q":5,"r":6},"to":{"q":13,"r":8},"msg":"findPath: no valid path found"}
{"level":30,"time":1774382618855,"pid":1603593,"hostname":"TempleOfZyminx","from":{"q":5,"r":6},"to":{"q":13,"r":9},"msg":"findPath: no valid path found"}
{"level":30,"time":1774382618855,"pid":1603593,"hostname":"TempleOfZyminx","from":{"q":5,"r":6},"to":{"q":13,"r":10},"msg":"findPath: no valid path found"}
{"level":30,"time":1774382618855,"pid":1603593,"hostname":"TempleOfZyminx","from":{"q":5,"r":6},"to":{"q":13,"r":11},"msg":"findPath: no valid path found"}
{"level":30,"time":1774382618855,"pid":1603593,"hostname":"TempleOfZyminx","from":{"q":5,"r":6},"to":{"q":13,"r":12},"msg":"findPath: no valid path found"}
{"level":30,"time":1774382618855,"pid":1603593,"hostname":"TempleOfZyminx","from":{"q":5,"r":6},"to":{"q":13,"r":13},"msg":"findPath: no valid path found"}
{"level":30,"time":1774382618855,"pid":1603593,"hostname":"TempleOfZyminx","from":{"q":5,"r":6},"to":{"q":13,"r":14},"msg":"findPath: no valid path found"}
{"level":30,"time":1774382618855,"pid":1603593,"hostname":"TempleOfZyminx","from":{"q":5,"r":6},"to":{"q":13,"r":15},"msg":"findPath: no valid path found"}
{"level":30,"time":1774382618856,"pid":1603593,"hostname":"TempleOfZyminx","from":{"q":5,"r":6},"to":{"q":13,"r":16},"msg":"findPath: no valid path found"}
{"level":30,"time":1774382618856,"pid":1603593,"hostname":"TempleOfZyminx","from":{"q":5,"r":6},"to":{"q":13,"r":17},"msg":"findPath: no valid path found"}
{"level":30,"time":1774382618856,"pid":1603593,"hostname":"TempleOfZyminx","from":{"q":5,"r":6},"to":{"q":13,"r":18},"msg":"findPath: no valid path found"}
{"level":30,"time":1774382618856,"pid":1603593,"hostname":"TempleOfZyminx","from":{"q":5,"r":6},"to":{"q":13,"r":19},"msg":"findPath: no valid path found"}
{"level":30,"time":1774382618856,"pid":1603593,"hostname":"TempleOfZyminx","from":{"q":5,"r":6},"to":{"q":13,"r":20},"msg":"findPath: no valid path found"}
{"level":30,"time":1774382618856,"pid":1603593,"hostname":"TempleOfZyminx","from":{"q":5,"r":6},"to":{"q":13,"r":21},"msg":"findPath: no valid path found"}
{"level":30,"time":1774382618856,"pid":1603593,"hostname":"TempleOfZyminx","from":{"q":5,"r":6},"to":{"q":14,"r":0},"msg":"findPath: no valid path found"}
{"level":30,"time":1774382618856,"pid":1603593,"hostname":"TempleOfZyminx","from":{"q":5,"r":6},"to":{"q":14,"r":1},"msg":"findPath: no valid path found"}
{"level":30,"time":1774382618857,"pid":1603593,"hostname":"TempleOfZyminx","from":{"q":5,"r":6},"to":{"q":14,"r":2},"msg":"findPath: no valid path found"}
{"level":30,"time":1774382618857,"pid":1603593,"hostname":"TempleOfZyminx","from":{"q":5,"r":6},"to":{"q":14,"r":3},"msg":"findPath: no valid path found"}
{"level":30,"time":1774382618857,"pid":1603593,"hostname":"TempleOfZyminx","from":{"q":5,"r":6},"to":{"q":14,"r":4},"msg":"findPath: no valid path found"}
{"level":30,"time":1774382618857,"pid":1603593,"hostname":"TempleOfZyminx","from":{"q":5,"r":6},"to":{"q":14,"r":5},"msg":"findPath: no valid path found"}
{"level":30,"time":1774382618857,"pid":1603593,"hostname":"TempleOfZyminx","from":{"q":5,"r":6},"to":{"q":14,"r":6},"msg":"findPath: no valid path found"}
{"level":30,"time":1774382618857,"pid":1603593,"hostname":"TempleOfZyminx","from":{"q":5,"r":6},"to":{"q":14,"r":7},"msg":"findPath: no valid path found"}
{"level":30,"time":1774382618857,"pid":1603593,"hostname":"TempleOfZyminx","from":{"q":5,"r":6},"to":{"q":14,"r":8},"msg":"findPath: no valid path found"}
{"level":30,"time":1774382618858,"pid":1603593,"hostname":"TempleOfZyminx","from":{"q":5,"r":6},"to":{"q":14,"r":9},"msg":"findPath: no valid path found"}
{"level":30,"time":1774382618858,"pid":1603593,"hostname":"TempleOfZyminx","from":{"q":5,"r":6},"to":{"q":14,"r":10},"msg":"findPath: no valid path found"}
{"level":30,"time":1774382618858,"pid":1603593,"hostname":"TempleOfZyminx","from":{"q":5,"r":6},"to":{"q":14,"r":11},"msg":"findPath: no valid path found"}
{"level":30,"time":1774382618858,"pid":1603593,"hostname":"TempleOfZyminx","from":{"q":5,"r":6},"to":{"q":14,"r":12},"msg":"findPath: no valid path found"}
{"level":30,"time":1774382618858,"pid":1603593,"hostname":"TempleOfZyminx","from":{"q":5,"r":6},"to":{"q":14,"r":13},"msg":"findPath: no valid path found"}
{"level":30,"time":1774382618858,"pid":1603593,"hostname":"TempleOfZyminx","from":{"q":5,"r":6},"to":{"q":14,"r":14},"msg":"findPath: no valid path found"}
{"level":30,"time":1774382618858,"pid":1603593,"hostname":"TempleOfZyminx","from":{"q":5,"r":6},"to":{"q":14,"r":15},"msg":"findPath: no valid path found"}
{"level":30,"time":1774382618859,"pid":1603593,"hostname":"TempleOfZyminx","from":{"q":5,"r":6},"to":{"q":14,"r":16},"msg":"findPath: no valid path found"}
{"level":30,"time":1774382618859,"pid":1603593,"hostname":"TempleOfZyminx","from":{"q":5,"r":6},"to":{"q":14,"r":17},"msg":"findPath: no valid path found"}
{"level":30,"time":1774382618859,"pid":1603593,"hostname":"TempleOfZyminx","from":{"q":5,"r":6},"to":{"q":14,"r":18},"msg":"findPath: no valid path found"}
{"level":30,"time":1774382618859,"pid":1603593,"hostname":"TempleOfZyminx","from":{"q":5,"r":6},"to":{"q":14,"r":19},"msg":"findPath: no valid path found"}
{"level":30,"time":1774382618859,"pid":1603593,"hostname":"TempleOfZyminx","from":{"q":5,"r":6},"to":{"q":14,"r":20},"msg":"findPath: no valid path found"}
{"level":30,"time":1774382618859,"pid":1603593,"hostname":"TempleOfZyminx","from":{"q":5,"r":6},"to":{"q":14,"r":21},"msg":"findPath: no valid path found"}
{"level":30,"time":1774382618860,"pid":1603593,"hostname":"TempleOfZyminx","id":"dea58722-f14c-411d-be30-a1a8fff789f9","command":"MOVE","msg":"Submitting game action"}
{"level":30,"time":1774382618860,"pid":1603593,"hostname":"TempleOfZyminx","gameId":"dea58722-f14c-411d-be30-a1a8fff789f9","unitId":"wolf-1","msg":"Processing MOVE command"}
{"level":30,"time":1774382618862,"pid":1603593,"hostname":"TempleOfZyminx","id":"dea58722-f14c-411d-be30-a1a8fff789f9","msg":"Fetching game state"}
{"level":30,"time":1774382618848,"pid":1603455,"hostname":"TempleOfZyminx","from":{"q":4,"r":6},"to":{"q":8,"r":12},"msg":"findPath: no valid path found"}
{"level":30,"time":1774382618848,"pid":1603455,"hostname":"TempleOfZyminx","from":{"q":4,"r":6},"to":{"q":8,"r":13},"msg":"findPath: no valid path found"}
{"level":30,"time":1774382618848,"pid":1603455,"hostname":"TempleOfZyminx","from":{"q":4,"r":6},"to":{"q":8,"r":14},"msg":"findPath: no valid path found"}
{"level":30,"time":1774382618848,"pid":1603455,"hostname":"TempleOfZyminx","from":{"q":4,"r":6},"to":{"q":8,"r":15},"msg":"findPath: no valid path found"}
{"level":30,"time":1774382618848,"pid":1603455,"hostname":"TempleOfZyminx","from":{"q":4,"r":6},"to":{"q":8,"r":16},"msg":"findPath: no valid path found"}
{"level":30,"time":1774382618848,"pid":1603455,"hostname":"TempleOfZyminx","from":{"q":4,"r":6},"to":{"q":8,"r":17},"msg":"findPath: no valid path found"}
{"level":30,"time":1774382618848,"pid":1603455,"hostname":"TempleOfZyminx","from":{"q":4,"r":6},"to":{"q":8,"r":18},"msg":"findPath: no valid path found"}
{"level":30,"time":1774382618849,"pid":1603455,"hostname":"TempleOfZyminx","from":{"q":4,"r":6},"to":{"q":8,"r":19},"msg":"findPath: no valid path found"}
{"level":30,"time":1774382618849,"pid":1603455,"hostname":"TempleOfZyminx","from":{"q":4,"r":6},"to":{"q":8,"r":20},"msg":"findPath: no valid path found"}
{"level":30,"time":1774382618849,"pid":1603455,"hostname":"TempleOfZyminx","from":{"q":4,"r":6},"to":{"q":8,"r":21},"msg":"findPath: no valid path found"}
{"level":30,"time":1774382618849,"pid":1603455,"hostname":"TempleOfZyminx","from":{"q":4,"r":6},"to":{"q":9,"r":0},"msg":"findPath: no valid path found"}
{"level":30,"time":1774382618849,"pid":1603455,"hostname":"TempleOfZyminx","from":{"q":4,"r":6},"to":{"q":9,"r":1},"msg":"findPath: no valid path found"}
{"level":30,"time":1774382618849,"pid":1603455,"hostname":"TempleOfZyminx","from":{"q":4,"r":6},"to":{"q":9,"r":2},"msg":"findPath: no valid path found"}
{"level":30,"time":1774382618849,"pid":1603455,"hostname":"TempleOfZyminx","from":{"q":4,"r":6},"to":{"q":9,"r":3},"msg":"findPath: no valid path found"}
{"level":30,"time":1774382618849,"pid":1603455,"hostname":"TempleOfZyminx","from":{"q":4,"r":6},"to":{"q":9,"r":4},"msg":"findPath: no valid path found"}
{"level":30,"time":1774382618849,"pid":1603455,"hostname":"TempleOfZyminx","from":{"q":4,"r":6},"to":{"q":9,"r":5},"msg":"findPath: no valid path found"}
{"level":30,"time":1774382618849,"pid":1603455,"hostname":"TempleOfZyminx","from":{"q":4,"r":6},"to":{"q":9,"r":6},"msg":"findPath: no valid path found"}
{"level":30,"time":1774382618849,"pid":1603455,"hostname":"TempleOfZyminx","from":{"q":4,"r":6},"to":{"q":9,"r":7},"msg":"findPath: no valid path found"}
{"level":30,"time":1774382618849,"pid":1603455,"hostname":"TempleOfZyminx","from":{"q":4,"r":6},"to":{"q":9,"r":8},"msg":"findPath: no valid path found"}
{"level":30,"time":1774382618850,"pid":1603455,"hostname":"TempleOfZyminx","from":{"q":4,"r":6},"to":{"q":9,"r":9},"msg":"findPath: no valid path found"}
{"level":30,"time":1774382618850,"pid":1603455,"hostname":"TempleOfZyminx","from":{"q":4,"r":6},"to":{"q":9,"r":10},"msg":"findPath: no valid path found"}
{"level":30,"time":1774382618850,"pid":1603455,"hostname":"TempleOfZyminx","from":{"q":4,"r":6},"to":{"q":9,"r":11},"msg":"findPath: no valid path found"}
{"level":30,"time":1774382618850,"pid":1603455,"hostname":"TempleOfZyminx","from":{"q":4,"r":6},"to":{"q":9,"r":12},"msg":"findPath: no valid path found"}
{"level":30,"time":1774382618850,"pid":1603455,"hostname":"TempleOfZyminx","from":{"q":4,"r":6},"to":{"q":9,"r":13},"msg":"findPath: no valid path found"}
{"level":30,"time":1774382618850,"pid":1603455,"hostname":"TempleOfZyminx","from":{"q":4,"r":6},"to":{"q":9,"r":14},"msg":"findPath: no valid path found"}
{"level":30,"time":1774382618850,"pid":1603455,"hostname":"TempleOfZyminx","from":{"q":4,"r":6},"to":{"q":9,"r":15},"msg":"findPath: no valid path found"}
{"level":30,"time":1774382618851,"pid":1603455,"hostname":"TempleOfZyminx","from":{"q":4,"r":6},"to":{"q":9,"r":16},"msg":"findPath: no valid path found"}
{"level":30,"time":1774382618851,"pid":1603455,"hostname":"TempleOfZyminx","from":{"q":4,"r":6},"to":{"q":9,"r":17},"msg":"findPath: no valid path found"}
{"level":30,"time":1774382618851,"pid":1603455,"hostname":"TempleOfZyminx","from":{"q":4,"r":6},"to":{"q":9,"r":18},"msg":"findPath: no valid path found"}
{"level":30,"time":1774382618851,"pid":1603455,"hostname":"TempleOfZyminx","from":{"q":4,"r":6},"to":{"q":9,"r":19},"msg":"findPath: no valid path found"}
{"level":30,"time":1774382618851,"pid":1603455,"hostname":"TempleOfZyminx","from":{"q":4,"r":6},"to":{"q":9,"r":20},"msg":"findPath: no valid path found"}
{"level":30,"time":1774382618851,"pid":1603455,"hostname":"TempleOfZyminx","from":{"q":4,"r":6},"to":{"q":9,"r":21},"msg":"findPath: no valid path found"}
{"level":30,"time":1774382618851,"pid":1603455,"hostname":"TempleOfZyminx","from":{"q":4,"r":6},"to":{"q":10,"r":0},"msg":"findPath: no valid path found"}
{"level":30,"time":1774382618851,"pid":1603455,"hostname":"TempleOfZyminx","from":{"q":4,"r":6},"to":{"q":10,"r":1},"msg":"findPath: no valid path found"}
{"level":30,"time":1774382618851,"pid":1603455,"hostname":"TempleOfZyminx","from":{"q":4,"r":6},"to":{"q":10,"r":2},"msg":"findPath: no valid path found"}
{"level":30,"time":1774382618851,"pid":1603455,"hostname":"TempleOfZyminx","from":{"q":4,"r":6},"to":{"q":10,"r":3},"msg":"findPath: no valid path found"}
{"level":30,"time":1774382618851,"pid":1603455,"hostname":"TempleOfZyminx","from":{"q":4,"r":6},"to":{"q":10,"r":4},"msg":"findPath: no valid path found"}
{"level":30,"time":1774382618851,"pid":1603455,"hostname":"TempleOfZyminx","from":{"q":4,"r":6},"to":{"q":10,"r":5},"msg":"findPath: no valid path found"}
{"level":30,"time":1774382618851,"pid":1603455,"hostname":"TempleOfZyminx","from":{"q":4,"r":6},"to":{"q":10,"r":6},"msg":"findPath: no valid path found"}
{"level":30,"time":1774382618851,"pid":1603455,"hostname":"TempleOfZyminx","from":{"q":4,"r":6},"to":{"q":10,"r":7},"msg":"findPath: no valid path found"}
{"level":30,"time":1774382618851,"pid":1603455,"hostname":"TempleOfZyminx","from":{"q":4,"r":6},"to":{"q":10,"r":8},"msg":"findPath: no valid path found"}
{"level":30,"time":1774382618851,"pid":1603455,"hostname":"TempleOfZyminx","from":{"q":4,"r":6},"to":{"q":10,"r":9},"msg":"findPath: no valid path found"}
{"level":30,"time":1774382618851,"pid":1603455,"hostname":"TempleOfZyminx","from":{"q":4,"r":6},"to":{"q":10,"r":10},"msg":"findPath: no valid path found"}
{"level":30,"time":1774382618852,"pid":1603455,"hostname":"TempleOfZyminx","from":{"q":4,"r":6},"to":{"q":10,"r":11},"msg":"findPath: no valid path found"}
{"level":30,"time":1774382618852,"pid":1603455,"hostname":"TempleOfZyminx","from":{"q":4,"r":6},"to":{"q":10,"r":12},"msg":"findPath: no valid path found"}
{"level":30,"time":1774382618852,"pid":1603455,"hostname":"TempleOfZyminx","from":{"q":4,"r":6},"to":{"q":10,"r":13},"msg":"findPath: no valid path found"}
{"level":30,"time":1774382618852,"pid":1603455,"hostname":"TempleOfZyminx","from":{"q":4,"r":6},"to":{"q":10,"r":14},"msg":"findPath: no valid path found"}
{"level":30,"time":1774382618852,"pid":1603455,"hostname":"TempleOfZyminx","from":{"q":4,"r":6},"to":{"q":10,"r":15},"msg":"findPath: no valid path found"}
{"level":30,"time":1774382618852,"pid":1603455,"hostname":"TempleOfZyminx","from":{"q":4,"r":6},"to":{"q":10,"r":16},"msg":"findPath: no valid path found"}
{"level":30,"time":1774382618852,"pid":1603455,"hostname":"TempleOfZyminx","from":{"q":4,"r":6},"to":{"q":10,"r":17},"msg":"findPath: no valid path found"}
{"level":30,"time":1774382618852,"pid":1603455,"hostname":"TempleOfZyminx","from":{"q":4,"r":6},"to":{"q":10,"r":18},"msg":"findPath: no valid path found"}
{"level":30,"time":1774382618852,"pid":1603455,"hostname":"TempleOfZyminx","from":{"q":4,"r":6},"to":{"q":10,"r":19},"msg":"findPath: no valid path found"}
{"level":30,"time":1774382618852,"pid":1603455,"hostname":"TempleOfZyminx","from":{"q":4,"r":6},"to":{"q":10,"r":20},"msg":"findPath: no valid path found"}
{"level":30,"time":1774382618852,"pid":1603455,"hostname":"TempleOfZyminx","from":{"q":4,"r":6},"to":{"q":10,"r":21},"msg":"findPath: no valid path found"}
{"level":30,"time":1774382618852,"pid":1603455,"hostname":"TempleOfZyminx","from":{"q":4,"r":6},"to":{"q":11,"r":0},"msg":"findPath: no valid path found"}
{"level":30,"time":1774382618852,"pid":1603455,"hostname":"TempleOfZyminx","from":{"q":4,"r":6},"to":{"q":11,"r":1},"msg":"findPath: no valid path found"}
{"level":30,"time":1774382618852,"pid":1603455,"hostname":"TempleOfZyminx","from":{"q":4,"r":6},"to":{"q":11,"r":2},"msg":"findPath: no valid path found"}
{"level":30,"time":1774382618852,"pid":1603455,"hostname":"TempleOfZyminx","from":{"q":4,"r":6},"to":{"q":11,"r":3},"msg":"findPath: no valid path found"}
{"level":30,"time":1774382618852,"pid":1603455,"hostname":"TempleOfZyminx","from":{"q":4,"r":6},"to":{"q":11,"r":4},"msg":"findPath: no valid path found"}
{"level":30,"time":1774382618852,"pid":1603455,"hostname":"TempleOfZyminx","from":{"q":4,"r":6},"to":{"q":11,"r":5},"msg":"findPath: no valid path found"}
{"level":30,"time":1774382618853,"pid":1603455,"hostname":"TempleOfZyminx","from":{"q":4,"r":6},"to":{"q":11,"r":6},"msg":"findPath: no valid path found"}
{"level":30,"time":1774382618853,"pid":1603455,"hostname":"TempleOfZyminx","from":{"q":4,"r":6},"to":{"q":11,"r":7},"msg":"findPath: no valid path found"}
{"level":30,"time":1774382618853,"pid":1603455,"hostname":"TempleOfZyminx","from":{"q":4,"r":6},"to":{"q":11,"r":8},"msg":"findPath: no valid path found"}
{"level":30,"time":1774382618853,"pid":1603455,"hostname":"TempleOfZyminx","from":{"q":4,"r":6},"to":{"q":11,"r":9},"msg":"findPath: no valid path found"}
{"level":30,"time":1774382618853,"pid":1603455,"hostname":"TempleOfZyminx","from":{"q":4,"r":6},"to":{"q":11,"r":10},"msg":"findPath: no valid path found"}
{"level":30,"time":1774382618853,"pid":1603455,"hostname":"TempleOfZyminx","from":{"q":4,"r":6},"to":{"q":11,"r":11},"msg":"findPath: no valid path found"}
{"level":30,"time":1774382618853,"pid":1603455,"hostname":"TempleOfZyminx","from":{"q":4,"r":6},"to":{"q":11,"r":12},"msg":"findPath: no valid path found"}
{"level":30,"time":1774382618853,"pid":1603455,"hostname":"TempleOfZyminx","from":{"q":4,"r":6},"to":{"q":11,"r":13},"msg":"findPath: no valid path found"}
{"level":30,"time":1774382618853,"pid":1603455,"hostname":"TempleOfZyminx","from":{"q":4,"r":6},"to":{"q":11,"r":14},"msg":"findPath: no valid path found"}
{"level":30,"time":1774382618853,"pid":1603455,"hostname":"TempleOfZyminx","from":{"q":4,"r":6},"to":{"q":11,"r":15},"msg":"findPath: no valid path found"}
{"level":30,"time":1774382618853,"pid":1603455,"hostname":"TempleOfZyminx","from":{"q":4,"r":6},"to":{"q":11,"r":16},"msg":"findPath: no valid path found"}
{"level":30,"time":1774382618853,"pid":1603455,"hostname":"TempleOfZyminx","from":{"q":4,"r":6},"to":{"q":11,"r":17},"msg":"findPath: no valid path found"}
{"level":30,"time":1774382618853,"pid":1603455,"hostname":"TempleOfZyminx","from":{"q":4,"r":6},"to":{"q":11,"r":18},"msg":"findPath: no valid path found"}
{"level":30,"time":1774382618853,"pid":1603455,"hostname":"TempleOfZyminx","from":{"q":4,"r":6},"to":{"q":11,"r":19},"msg":"findPath: no valid path found"}
{"level":30,"time":1774382618853,"pid":1603455,"hostname":"TempleOfZyminx","from":{"q":4,"r":6},"to":{"q":11,"r":20},"msg":"findPath: no valid path found"}
{"level":30,"time":1774382618853,"pid":1603455,"hostname":"TempleOfZyminx","from":{"q":4,"r":6},"to":{"q":11,"r":21},"msg":"findPath: no valid path found"}
{"level":30,"time":1774382618854,"pid":1603455,"hostname":"TempleOfZyminx","from":{"q":4,"r":6},"to":{"q":12,"r":0},"msg":"findPath: no valid path found"}
{"level":30,"time":1774382618854,"pid":1603455,"hostname":"TempleOfZyminx","from":{"q":4,"r":6},"to":{"q":12,"r":1},"msg":"findPath: no valid path found"}
{"level":30,"time":1774382618854,"pid":1603455,"hostname":"TempleOfZyminx","from":{"q":4,"r":6},"to":{"q":12,"r":2},"msg":"findPath: no valid path found"}
{"level":30,"time":1774382618854,"pid":1603455,"hostname":"TempleOfZyminx","from":{"q":4,"r":6},"to":{"q":12,"r":3},"msg":"findPath: no valid path found"}
{"level":30,"time":1774382618854,"pid":1603455,"hostname":"TempleOfZyminx","from":{"q":4,"r":6},"to":{"q":12,"r":4},"msg":"findPath: no valid path found"}
{"level":30,"time":1774382618854,"pid":1603455,"hostname":"TempleOfZyminx","from":{"q":4,"r":6},"to":{"q":12,"r":5},"msg":"findPath: no valid path found"}
{"level":30,"time":1774382618854,"pid":1603455,"hostname":"TempleOfZyminx","from":{"q":4,"r":6},"to":{"q":12,"r":6},"msg":"findPath: no valid path found"}
{"level":30,"time":1774382618854,"pid":1603455,"hostname":"TempleOfZyminx","from":{"q":4,"r":6},"to":{"q":12,"r":7},"msg":"findPath: no valid path found"}
{"level":30,"time":1774382618854,"pid":1603455,"hostname":"TempleOfZyminx","from":{"q":4,"r":6},"to":{"q":12,"r":8},"msg":"findPath: no valid path found"}
{"level":30,"time":1774382618854,"pid":1603455,"hostname":"TempleOfZyminx","from":{"q":4,"r":6},"to":{"q":12,"r":9},"msg":"findPath: no valid path found"}
{"level":30,"time":1774382618854,"pid":1603455,"hostname":"TempleOfZyminx","from":{"q":4,"r":6},"to":{"q":12,"r":10},"msg":"findPath: no valid path found"}
{"level":30,"time":1774382618854,"pid":1603455,"hostname":"TempleOfZyminx","from":{"q":4,"r":6},"to":{"q":12,"r":11},"msg":"findPath: no valid path found"}
{"level":30,"time":1774382618854,"pid":1603455,"hostname":"TempleOfZyminx","from":{"q":4,"r":6},"to":{"q":12,"r":12},"msg":"findPath: no valid path found"}
{"level":30,"time":1774382618854,"pid":1603455,"hostname":"TempleOfZyminx","from":{"q":4,"r":6},"to":{"q":12,"r":13},"msg":"findPath: no valid path found"}
{"level":30,"time":1774382618855,"pid":1603455,"hostname":"TempleOfZyminx","from":{"q":4,"r":6},"to":{"q":12,"r":14},"msg":"findPath: no valid path found"}
{"level":30,"time":1774382618855,"pid":1603455,"hostname":"TempleOfZyminx","from":{"q":4,"r":6},"to":{"q":12,"r":15},"msg":"findPath: no valid path found"}
{"level":30,"time":1774382618855,"pid":1603455,"hostname":"TempleOfZyminx","from":{"q":4,"r":6},"to":{"q":12,"r":16},"msg":"findPath: no valid path found"}
{"level":30,"time":1774382618855,"pid":1603455,"hostname":"TempleOfZyminx","from":{"q":4,"r":6},"to":{"q":12,"r":17},"msg":"findPath: no valid path found"}
{"level":30,"time":1774382618855,"pid":1603455,"hostname":"TempleOfZyminx","from":{"q":4,"r":6},"to":{"q":12,"r":18},"msg":"findPath: no valid path found"}
{"level":30,"time":1774382618855,"pid":1603455,"hostname":"TempleOfZyminx","from":{"q":4,"r":6},"to":{"q":12,"r":19},"msg":"findPath: no valid path found"}
{"level":30,"time":1774382618855,"pid":1603455,"hostname":"TempleOfZyminx","from":{"q":4,"r":6},"to":{"q":12,"r":20},"msg":"findPath: no valid path found"}
{"level":30,"time":1774382618855,"pid":1603455,"hostname":"TempleOfZyminx","from":{"q":4,"r":6},"to":{"q":12,"r":21},"msg":"findPath: no valid path found"}
{"level":30,"time":1774382618855,"pid":1603455,"hostname":"TempleOfZyminx","from":{"q":4,"r":6},"to":{"q":13,"r":0},"msg":"findPath: no valid path found"}
{"level":30,"time":1774382618855,"pid":1603455,"hostname":"TempleOfZyminx","from":{"q":4,"r":6},"to":{"q":13,"r":1},"msg":"findPath: no valid path found"}
{"level":30,"time":1774382618855,"pid":1603455,"hostname":"TempleOfZyminx","from":{"q":4,"r":6},"to":{"q":13,"r":2},"msg":"findPath: no valid path found"}
{"level":30,"time":1774382618855,"pid":1603455,"hostname":"TempleOfZyminx","from":{"q":4,"r":6},"to":{"q":13,"r":3},"msg":"findPath: no valid path found"}
{"level":30,"time":1774382618855,"pid":1603455,"hostname":"TempleOfZyminx","from":{"q":4,"r":6},"to":{"q":13,"r":4},"msg":"findPath: no valid path found"}
{"level":30,"time":1774382618855,"pid":1603455,"hostname":"TempleOfZyminx","from":{"q":4,"r":6},"to":{"q":13,"r":5},"msg":"findPath: no valid path found"}
{"level":30,"time":1774382618855,"pid":1603455,"hostname":"TempleOfZyminx","from":{"q":4,"r":6},"to":{"q":13,"r":6},"msg":"findPath: no valid path found"}
{"level":30,"time":1774382618856,"pid":1603455,"hostname":"TempleOfZyminx","from":{"q":4,"r":6},"to":{"q":13,"r":7},"msg":"findPath: no valid path found"}
{"level":30,"time":1774382618856,"pid":1603455,"hostname":"TempleOfZyminx","from":{"q":4,"r":6},"to":{"q":13,"r":8},"msg":"findPath: no valid path found"}
{"level":30,"time":1774382618856,"pid":1603455,"hostname":"TempleOfZyminx","from":{"q":4,"r":6},"to":{"q":13,"r":9},"msg":"findPath: no valid path found"}
{"level":30,"time":1774382618856,"pid":1603455,"hostname":"TempleOfZyminx","from":{"q":4,"r":6},"to":{"q":13,"r":10},"msg":"findPath: no valid path found"}
{"level":30,"time":1774382618857,"pid":1603455,"hostname":"TempleOfZyminx","from":{"q":4,"r":6},"to":{"q":13,"r":11},"msg":"findPath: no valid path found"}
{"level":30,"time":1774382618857,"pid":1603455,"hostname":"TempleOfZyminx","from":{"q":4,"r":6},"to":{"q":13,"r":12},"msg":"findPath: no valid path found"}
{"level":30,"time":1774382618857,"pid":1603455,"hostname":"TempleOfZyminx","from":{"q":4,"r":6},"to":{"q":13,"r":13},"msg":"findPath: no valid path found"}
{"level":30,"time":1774382618857,"pid":1603455,"hostname":"TempleOfZyminx","from":{"q":4,"r":6},"to":{"q":13,"r":14},"msg":"findPath: no valid path found"}
{"level":30,"time":1774382618857,"pid":1603455,"hostname":"TempleOfZyminx","from":{"q":4,"r":6},"to":{"q":13,"r":15},"msg":"findPath: no valid path found"}
{"level":30,"time":1774382618857,"pid":1603455,"hostname":"TempleOfZyminx","from":{"q":4,"r":6},"to":{"q":13,"r":16},"msg":"findPath: no valid path found"}
{"level":30,"time":1774382618857,"pid":1603455,"hostname":"TempleOfZyminx","from":{"q":4,"r":6},"to":{"q":13,"r":17},"msg":"findPath: no valid path found"}
{"level":30,"time":1774382618857,"pid":1603455,"hostname":"TempleOfZyminx","from":{"q":4,"r":6},"to":{"q":13,"r":18},"msg":"findPath: no valid path found"}
{"level":30,"time":1774382618857,"pid":1603455,"hostname":"TempleOfZyminx","from":{"q":4,"r":6},"to":{"q":13,"r":19},"msg":"findPath: no valid path found"}
{"level":30,"time":1774382618857,"pid":1603455,"hostname":"TempleOfZyminx","from":{"q":4,"r":6},"to":{"q":13,"r":20},"msg":"findPath: no valid path found"}
{"level":30,"time":1774382618857,"pid":1603455,"hostname":"TempleOfZyminx","from":{"q":4,"r":6},"to":{"q":13,"r":21},"msg":"findPath: no valid path found"}
{"level":30,"time":1774382618857,"pid":1603455,"hostname":"TempleOfZyminx","from":{"q":4,"r":6},"to":{"q":14,"r":0},"msg":"findPath: no valid path found"}
{"level":30,"time":1774382618858,"pid":1603455,"hostname":"TempleOfZyminx","from":{"q":4,"r":6},"to":{"q":14,"r":1},"msg":"findPath: no valid path found"}
{"level":30,"time":1774382618858,"pid":1603455,"hostname":"TempleOfZyminx","from":{"q":4,"r":6},"to":{"q":14,"r":2},"msg":"findPath: no valid path found"}
{"level":30,"time":1774382618858,"pid":1603455,"hostname":"TempleOfZyminx","from":{"q":4,"r":6},"to":{"q":14,"r":3},"msg":"findPath: no valid path found"}
{"level":30,"time":1774382618858,"pid":1603455,"hostname":"TempleOfZyminx","from":{"q":4,"r":6},"to":{"q":14,"r":4},"msg":"findPath: no valid path found"}
{"level":30,"time":1774382618858,"pid":1603455,"hostname":"TempleOfZyminx","from":{"q":4,"r":6},"to":{"q":14,"r":5},"msg":"findPath: no valid path found"}
{"level":30,"time":1774382618858,"pid":1603455,"hostname":"TempleOfZyminx","from":{"q":4,"r":6},"to":{"q":14,"r":6},"msg":"findPath: no valid path found"}
{"level":30,"time":1774382618858,"pid":1603455,"hostname":"TempleOfZyminx","from":{"q":4,"r":6},"to":{"q":14,"r":7},"msg":"findPath: no valid path found"}
{"level":30,"time":1774382618858,"pid":1603455,"hostname":"TempleOfZyminx","from":{"q":4,"r":6},"to":{"q":14,"r":8},"msg":"findPath: no valid path found"}
{"level":30,"time":1774382618858,"pid":1603455,"hostname":"TempleOfZyminx","from":{"q":4,"r":6},"to":{"q":14,"r":9},"msg":"findPath: no valid path found"}
{"level":30,"time":1774382618859,"pid":1603455,"hostname":"TempleOfZyminx","from":{"q":4,"r":6},"to":{"q":14,"r":10},"msg":"findPath: no valid path found"}
{"level":30,"time":1774382618859,"pid":1603455,"hostname":"TempleOfZyminx","from":{"q":4,"r":6},"to":{"q":14,"r":11},"msg":"findPath: no valid path found"}
{"level":30,"time":1774382618859,"pid":1603455,"hostname":"TempleOfZyminx","from":{"q":4,"r":6},"to":{"q":14,"r":12},"msg":"findPath: no valid path found"}
{"level":30,"time":1774382618859,"pid":1603455,"hostname":"TempleOfZyminx","from":{"q":4,"r":6},"to":{"q":14,"r":13},"msg":"findPath: no valid path found"}
{"level":30,"time":1774382618859,"pid":1603455,"hostname":"TempleOfZyminx","from":{"q":4,"r":6},"to":{"q":14,"r":14},"msg":"findPath: no valid path found"}
{"level":30,"time":1774382618859,"pid":1603455,"hostname":"TempleOfZyminx","from":{"q":4,"r":6},"to":{"q":14,"r":15},"msg":"findPath: no valid path found"}
{"level":30,"time":1774382618859,"pid":1603455,"hostname":"TempleOfZyminx","from":{"q":4,"r":6},"to":{"q":14,"r":16},"msg":"findPath: no valid path found"}
{"level":30,"time":1774382618859,"pid":1603455,"hostname":"TempleOfZyminx","from":{"q":4,"r":6},"to":{"q":14,"r":17},"msg":"findPath: no valid path found"}
{"level":30,"time":1774382618859,"pid":1603455,"hostname":"TempleOfZyminx","from":{"q":4,"r":6},"to":{"q":14,"r":18},"msg":"findPath: no valid path found"}
{"level":30,"time":1774382618859,"pid":1603455,"hostname":"TempleOfZyminx","from":{"q":4,"r":6},"to":{"q":14,"r":19},"msg":"findPath: no valid path found"}
{"level":30,"time":1774382618859,"pid":1603455,"hostname":"TempleOfZyminx","from":{"q":4,"r":6},"to":{"q":14,"r":20},"msg":"findPath: no valid path found"}
{"level":30,"time":1774382618859,"pid":1603455,"hostname":"TempleOfZyminx","from":{"q":4,"r":6},"to":{"q":14,"r":21},"msg":"findPath: no valid path found"}
{"level":30,"time":1774382618860,"pid":1603455,"hostname":"TempleOfZyminx","id":"c8e294c7-84b1-4161-8e2a-5e37621a1cc2","command":"MOVE","msg":"Submitting game action"}
{"level":30,"time":1774382618860,"pid":1603455,"hostname":"TempleOfZyminx","gameId":"c8e294c7-84b1-4161-8e2a-5e37621a1cc2","unitId":"wolf-1","msg":"Processing MOVE command"}
{"level":30,"time":1774382618861,"pid":1603455,"hostname":"TempleOfZyminx","id":"c8e294c7-84b1-4161-8e2a-5e37621a1cc2","msg":"Fetching game state"}
{"level":30,"time":1774382618861,"pid":1603455,"hostname":"TempleOfZyminx","id":"c8e294c7-84b1-4161-8e2a-5e37621a1cc2","command":"END_PHASE","msg":"Submitting game action"}
{"level":30,"time":1774382618861,"pid":1603455,"hostname":"TempleOfZyminx","gameId":"c8e294c7-84b1-4161-8e2a-5e37621a1cc2","phase":"GEV_SECOND_MOVE","msg":"Advancing phase"}
{"level":30,"time":1774382618861,"pid":1603455,"hostname":"TempleOfZyminx","phase":"GEV_SECOND_MOVE","turnNumber":1,"msg":"Advancing phase in engine"}
{"level":30,"time":1774382618861,"pid":1603455,"hostname":"TempleOfZyminx","id":"c8e294c7-84b1-4161-8e2a-5e37621a1cc2","msg":"Fetching game state"}
{"level":30,"time":1774382618862,"pid":1603455,"hostname":"TempleOfZyminx","id":"c8e294c7-84b1-4161-8e2a-5e37621a1cc2","msg":"Fetching game state"}
{"level":30,"time":1774382618862,"pid":1603455,"hostname":"TempleOfZyminx","id":"c8e294c7-84b1-4161-8e2a-5e37621a1cc2","msg":"Fetching game state"}
{"level":30,"time":1774382618863,"pid":1603455,"hostname":"TempleOfZyminx","id":"c8e294c7-84b1-4161-8e2a-5e37621a1cc2","msg":"Fetching game state"}
{"level":30,"time":1774382618849,"pid":1603639,"hostname":"TempleOfZyminx","scenarioId":"swamp-siege-01","role":"onion","msg":"Creating new game match"}
{"level":30,"time":1774382618849,"pid":1603639,"hostname":"TempleOfZyminx","gameId":"62353dee-d8d0-4f70-9d2b-3835e3478341","role":"onion","msg":"Game match created"}
{"level":30,"time":1774382618850,"pid":1603639,"hostname":"TempleOfZyminx","id":"62353dee-d8d0-4f70-9d2b-3835e3478341","msg":"User joining game"}
{"level":40,"time":1774382618850,"pid":1603639,"hostname":"TempleOfZyminx","userId":"c9c1c7a6-472a-4e4e-b728-0d62c201ffbd","gameId":"62353dee-d8d0-4f70-9d2b-3835e3478341","msg":"User tried to join own game"}
{"level":30,"time":1774382618885,"pid":1603639,"hostname":"TempleOfZyminx","id":"00000000-0000-4000-8000-000000000000","msg":"User joining game"}
{"level":40,"time":1774382618885,"pid":1603639,"hostname":"TempleOfZyminx","id":"00000000-0000-4000-8000-000000000000","msg":"Game not found for join"}
{"level":30,"time":1774382618924,"pid":1603639,"hostname":"TempleOfZyminx","scenarioId":"swamp-siege-01","role":"onion","msg":"Creating new game match"}
{"level":30,"time":1774382618925,"pid":1603639,"hostname":"TempleOfZyminx","gameId":"19e9a930-1f3b-493e-8b84-12faa30dd704","role":"onion","msg":"Game match created"}
{"level":30,"time":1774382618925,"pid":1603639,"hostname":"TempleOfZyminx","id":"19e9a930-1f3b-493e-8b84-12faa30dd704","msg":"User joining game"}
{"level":30,"time":1774382619021,"pid":1603593,"hostname":"TempleOfZyminx","scenarioId":"swamp-siege-01","role":"onion","msg":"Creating new game match"}
{"level":30,"time":1774382619023,"pid":1603593,"hostname":"TempleOfZyminx","gameId":"e49c208f-7f34-41ea-8713-ed1b5fcfa383","role":"onion","msg":"Game match created"}
{"level":30,"time":1774382619023,"pid":1603593,"hostname":"TempleOfZyminx","id":"e49c208f-7f34-41ea-8713-ed1b5fcfa383","msg":"User joining game"}
{"level":30,"time":1774382619023,"pid":1603455,"hostname":"TempleOfZyminx","scenarioId":"swamp-siege-01","role":"onion","msg":"Creating new game match"}
{"level":30,"time":1774382619024,"pid":1603593,"hostname":"TempleOfZyminx","gameId":"e49c208f-7f34-41ea-8713-ed1b5fcfa383","role":"defender","msg":"User joined game"}
{"level":30,"time":1774382619024,"pid":1603455,"hostname":"TempleOfZyminx","gameId":"a93fcf5b-e901-4464-8fe2-c07b8bc58aa4","role":"onion","msg":"Game match created"}
{"level":30,"time":1774382619025,"pid":1603455,"hostname":"TempleOfZyminx","id":"a93fcf5b-e901-4464-8fe2-c07b8bc58aa4","msg":"User joining game"}
{"level":30,"time":1774382619025,"pid":1603455,"hostname":"TempleOfZyminx","gameId":"a93fcf5b-e901-4464-8fe2-c07b8bc58aa4","role":"defender","msg":"User joined game"}
{"level":30,"time":1774382619025,"pid":1603593,"hostname":"TempleOfZyminx","id":"e49c208f-7f34-41ea-8713-ed1b5fcfa383","msg":"Fetching game state"}
{"level":30,"time":1774382619026,"pid":1603455,"hostname":"TempleOfZyminx","id":"a93fcf5b-e901-4464-8fe2-c07b8bc58aa4","msg":"Fetching game state"}
{"level":30,"time":1774382619026,"pid":1603593,"hostname":"TempleOfZyminx","id":"e49c208f-7f34-41ea-8713-ed1b5fcfa383","msg":"Fetching game state"}
{"level":30,"time":1774382619027,"pid":1603455,"hostname":"TempleOfZyminx","id":"a93fcf5b-e901-4464-8fe2-c07b8bc58aa4","msg":"Fetching game state"}
{"level":30,"time":1774382619027,"pid":1603455,"hostname":"TempleOfZyminx","id":"a93fcf5b-e901-4464-8fe2-c07b8bc58aa4","msg":"Fetching game state"}
{"level":30,"time":1774382619027,"pid":1603593,"hostname":"TempleOfZyminx","from":{"q":0,"r":10},"to":{"q":0,"r":0},"msg":"findPath: no valid path found"}
{"level":30,"time":1774382619027,"pid":1603593,"hostname":"TempleOfZyminx","from":{"q":0,"r":10},"to":{"q":0,"r":1},"msg":"findPath: no valid path found"}
{"level":30,"time":1774382619027,"pid":1603593,"hostname":"TempleOfZyminx","from":{"q":0,"r":10},"to":{"q":0,"r":2},"msg":"findPath: no valid path found"}
{"level":30,"time":1774382619027,"pid":1603593,"hostname":"TempleOfZyminx","from":{"q":0,"r":10},"to":{"q":0,"r":3},"msg":"findPath: no valid path found"}
{"level":30,"time":1774382619027,"pid":1603593,"hostname":"TempleOfZyminx","from":{"q":0,"r":10},"to":{"q":0,"r":4},"msg":"findPath: no valid path found"}
{"level":30,"time":1774382619027,"pid":1603593,"hostname":"TempleOfZyminx","from":{"q":0,"r":10},"to":{"q":0,"r":5},"msg":"findPath: no valid path found"}
{"level":30,"time":1774382619027,"pid":1603593,"hostname":"TempleOfZyminx","from":{"q":0,"r":10},"to":{"q":0,"r":6},"msg":"findPath: no valid path found"}
{"level":30,"time":1774382619028,"pid":1603593,"hostname":"TempleOfZyminx","from":{"q":0,"r":10},"to":{"q":0,"r":14},"msg":"findPath: no valid path found"}
{"level":30,"time":1774382619028,"pid":1603593,"hostname":"TempleOfZyminx","from":{"q":0,"r":10},"to":{"q":0,"r":15},"msg":"findPath: no valid path found"}
{"level":30,"time":1774382619028,"pid":1603593,"hostname":"TempleOfZyminx","from":{"q":0,"r":10},"to":{"q":0,"r":16},"msg":"findPath: no valid path found"}
{"level":30,"time":1774382619028,"pid":1603593,"hostname":"TempleOfZyminx","from":{"q":0,"r":10},"to":{"q":0,"r":17},"msg":"findPath: no valid path found"}
{"level":30,"time":1774382619028,"pid":1603593,"hostname":"TempleOfZyminx","from":{"q":0,"r":10},"to":{"q":0,"r":18},"msg":"findPath: no valid path found"}
{"level":30,"time":1774382619028,"pid":1603593,"hostname":"TempleOfZyminx","from":{"q":0,"r":10},"to":{"q":0,"r":19},"msg":"findPath: no valid path found"}
{"level":30,"time":1774382619028,"pid":1603455,"hostname":"TempleOfZyminx","from":{"q":0,"r":10},"to":{"q":0,"r":0},"msg":"findPath: no valid path found"}
{"level":30,"time":1774382619028,"pid":1603455,"hostname":"TempleOfZyminx","from":{"q":0,"r":10},"to":{"q":0,"r":1},"msg":"findPath: no valid path found"}
{"level":30,"time":1774382619028,"pid":1603455,"hostname":"TempleOfZyminx","from":{"q":0,"r":10},"to":{"q":0,"r":2},"msg":"findPath: no valid path found"}
{"level":30,"time":1774382619028,"pid":1603455,"hostname":"TempleOfZyminx","from":{"q":0,"r":10},"to":{"q":0,"r":3},"msg":"findPath: no valid path found"}
{"level":30,"time":1774382619028,"pid":1603455,"hostname":"TempleOfZyminx","from":{"q":0,"r":10},"to":{"q":0,"r":4},"msg":"findPath: no valid path found"}
{"level":30,"time":1774382619028,"pid":1603455,"hostname":"TempleOfZyminx","from":{"q":0,"r":10},"to":{"q":0,"r":5},"msg":"findPath: no valid path found"}
{"level":30,"time":1774382619028,"pid":1603455,"hostname":"TempleOfZyminx","from":{"q":0,"r":10},"to":{"q":0,"r":6},"msg":"findPath: no valid path found"}
{"level":30,"time":1774382619028,"pid":1603593,"hostname":"TempleOfZyminx","from":{"q":0,"r":10},"to":{"q":0,"r":20},"msg":"findPath: no valid path found"}
{"level":30,"time":1774382619028,"pid":1603593,"hostname":"TempleOfZyminx","from":{"q":0,"r":10},"to":{"q":0,"r":21},"msg":"findPath: no valid path found"}
{"level":30,"time":1774382619028,"pid":1603593,"hostname":"TempleOfZyminx","from":{"q":0,"r":10},"to":{"q":1,"r":0},"msg":"findPath: no valid path found"}
{"level":30,"time":1774382619028,"pid":1603593,"hostname":"TempleOfZyminx","from":{"q":0,"r":10},"to":{"q":1,"r":1},"msg":"findPath: no valid path found"}
{"level":30,"time":1774382619028,"pid":1603593,"hostname":"TempleOfZyminx","from":{"q":0,"r":10},"to":{"q":1,"r":2},"msg":"findPath: no valid path found"}
{"level":30,"time":1774382619028,"pid":1603593,"hostname":"TempleOfZyminx","from":{"q":0,"r":10},"to":{"q":1,"r":3},"msg":"findPath: no valid path found"}
{"level":30,"time":1774382619028,"pid":1603593,"hostname":"TempleOfZyminx","from":{"q":0,"r":10},"to":{"q":1,"r":4},"msg":"findPath: no valid path found"}
{"level":30,"time":1774382619028,"pid":1603593,"hostname":"TempleOfZyminx","from":{"q":0,"r":10},"to":{"q":1,"r":5},"msg":"findPath: no valid path found"}
{"level":30,"time":1774382619028,"pid":1603455,"hostname":"TempleOfZyminx","from":{"q":0,"r":10},"to":{"q":0,"r":14},"msg":"findPath: no valid path found"}
{"level":30,"time":1774382619028,"pid":1603455,"hostname":"TempleOfZyminx","from":{"q":0,"r":10},"to":{"q":0,"r":15},"msg":"findPath: no valid path found"}
{"level":30,"time":1774382619028,"pid":1603455,"hostname":"TempleOfZyminx","from":{"q":0,"r":10},"to":{"q":0,"r":16},"msg":"findPath: no valid path found"}
{"level":30,"time":1774382619028,"pid":1603455,"hostname":"TempleOfZyminx","from":{"q":0,"r":10},"to":{"q":0,"r":17},"msg":"findPath: no valid path found"}
{"level":30,"time":1774382619028,"pid":1603455,"hostname":"TempleOfZyminx","from":{"q":0,"r":10},"to":{"q":0,"r":18},"msg":"findPath: no valid path found"}
{"level":30,"time":1774382619028,"pid":1603455,"hostname":"TempleOfZyminx","from":{"q":0,"r":10},"to":{"q":0,"r":19},"msg":"findPath: no valid path found"}
{"level":30,"time":1774382619028,"pid":1603455,"hostname":"TempleOfZyminx","from":{"q":0,"r":10},"to":{"q":0,"r":20},"msg":"findPath: no valid path found"}
{"level":30,"time":1774382619028,"pid":1603455,"hostname":"TempleOfZyminx","from":{"q":0,"r":10},"to":{"q":0,"r":21},"msg":"findPath: no valid path found"}
{"level":30,"time":1774382619028,"pid":1603455,"hostname":"TempleOfZyminx","from":{"q":0,"r":10},"to":{"q":1,"r":0},"msg":"findPath: no valid path found"}
{"level":30,"time":1774382619028,"pid":1603455,"hostname":"TempleOfZyminx","from":{"q":0,"r":10},"to":{"q":1,"r":1},"msg":"findPath: no valid path found"}
{"level":30,"time":1774382619028,"pid":1603455,"hostname":"TempleOfZyminx","from":{"q":0,"r":10},"to":{"q":1,"r":2},"msg":"findPath: no valid path found"}
{"level":30,"time":1774382619028,"pid":1603455,"hostname":"TempleOfZyminx","from":{"q":0,"r":10},"to":{"q":1,"r":3},"msg":"findPath: no valid path found"}
{"level":30,"time":1774382619028,"pid":1603455,"hostname":"TempleOfZyminx","from":{"q":0,"r":10},"to":{"q":1,"r":4},"msg":"findPath: no valid path found"}
{"level":30,"time":1774382619028,"pid":1603593,"hostname":"TempleOfZyminx","from":{"q":0,"r":10},"to":{"q":1,"r":6},"msg":"findPath: no valid path found"}
{"level":30,"time":1774382619028,"pid":1603593,"hostname":"TempleOfZyminx","from":{"q":0,"r":10},"to":{"q":1,"r":13},"msg":"findPath: no valid path found"}
{"level":30,"time":1774382619028,"pid":1603593,"hostname":"TempleOfZyminx","from":{"q":0,"r":10},"to":{"q":1,"r":14},"msg":"findPath: no valid path found"}
{"level":30,"time":1774382619028,"pid":1603593,"hostname":"TempleOfZyminx","from":{"q":0,"r":10},"to":{"q":1,"r":15},"msg":"findPath: no valid path found"}
{"level":30,"time":1774382619028,"pid":1603593,"hostname":"TempleOfZyminx","from":{"q":0,"r":10},"to":{"q":1,"r":16},"msg":"findPath: no valid path found"}
{"level":30,"time":1774382619029,"pid":1603593,"hostname":"TempleOfZyminx","from":{"q":0,"r":10},"to":{"q":1,"r":17},"msg":"findPath: no valid path found"}
{"level":30,"time":1774382619029,"pid":1603593,"hostname":"TempleOfZyminx","from":{"q":0,"r":10},"to":{"q":1,"r":18},"msg":"findPath: no valid path found"}
{"level":30,"time":1774382619029,"pid":1603455,"hostname":"TempleOfZyminx","from":{"q":0,"r":10},"to":{"q":1,"r":5},"msg":"findPath: no valid path found"}
{"level":30,"time":1774382619029,"pid":1603455,"hostname":"TempleOfZyminx","from":{"q":0,"r":10},"to":{"q":1,"r":6},"msg":"findPath: no valid path found"}
{"level":30,"time":1774382619029,"pid":1603455,"hostname":"TempleOfZyminx","from":{"q":0,"r":10},"to":{"q":1,"r":13},"msg":"findPath: no valid path found"}
{"level":30,"time":1774382619029,"pid":1603455,"hostname":"TempleOfZyminx","from":{"q":0,"r":10},"to":{"q":1,"r":14},"msg":"findPath: no valid path found"}
{"level":30,"time":1774382619029,"pid":1603455,"hostname":"TempleOfZyminx","from":{"q":0,"r":10},"to":{"q":1,"r":15},"msg":"findPath: no valid path found"}
{"level":30,"time":1774382619029,"pid":1603593,"hostname":"TempleOfZyminx","from":{"q":0,"r":10},"to":{"q":1,"r":19},"msg":"findPath: no valid path found"}
{"level":30,"time":1774382619029,"pid":1603593,"hostname":"TempleOfZyminx","from":{"q":0,"r":10},"to":{"q":1,"r":20},"msg":"findPath: no valid path found"}
{"level":30,"time":1774382619029,"pid":1603593,"hostname":"TempleOfZyminx","from":{"q":0,"r":10},"to":{"q":1,"r":21},"msg":"findPath: no valid path found"}
{"level":30,"time":1774382619029,"pid":1603593,"hostname":"TempleOfZyminx","from":{"q":0,"r":10},"to":{"q":2,"r":0},"msg":"findPath: no valid path found"}
{"level":30,"time":1774382619029,"pid":1603593,"hostname":"TempleOfZyminx","from":{"q":0,"r":10},"to":{"q":2,"r":1},"msg":"findPath: no valid path found"}
{"level":30,"time":1774382619029,"pid":1603593,"hostname":"TempleOfZyminx","from":{"q":0,"r":10},"to":{"q":2,"r":2},"msg":"findPath: no valid path found"}
{"level":30,"time":1774382619029,"pid":1603593,"hostname":"TempleOfZyminx","from":{"q":0,"r":10},"to":{"q":2,"r":3},"msg":"findPath: no valid path found"}
{"level":30,"time":1774382619029,"pid":1603455,"hostname":"TempleOfZyminx","from":{"q":0,"r":10},"to":{"q":1,"r":16},"msg":"findPath: no valid path found"}
{"level":30,"time":1774382619029,"pid":1603455,"hostname":"TempleOfZyminx","from":{"q":0,"r":10},"to":{"q":1,"r":17},"msg":"findPath: no valid path found"}
{"level":30,"time":1774382619029,"pid":1603455,"hostname":"TempleOfZyminx","from":{"q":0,"r":10},"to":{"q":1,"r":18},"msg":"findPath: no valid path found"}
{"level":30,"time":1774382619029,"pid":1603455,"hostname":"TempleOfZyminx","from":{"q":0,"r":10},"to":{"q":1,"r":19},"msg":"findPath: no valid path found"}
{"level":30,"time":1774382619029,"pid":1603455,"hostname":"TempleOfZyminx","from":{"q":0,"r":10},"to":{"q":1,"r":20},"msg":"findPath: no valid path found"}
{"level":30,"time":1774382619029,"pid":1603455,"hostname":"TempleOfZyminx","from":{"q":0,"r":10},"to":{"q":1,"r":21},"msg":"findPath: no valid path found"}
{"level":30,"time":1774382619029,"pid":1603455,"hostname":"TempleOfZyminx","from":{"q":0,"r":10},"to":{"q":2,"r":0},"msg":"findPath: no valid path found"}
{"level":30,"time":1774382619029,"pid":1603455,"hostname":"TempleOfZyminx","from":{"q":0,"r":10},"to":{"q":2,"r":1},"msg":"findPath: no valid path found"}
{"level":30,"time":1774382619029,"pid":1603455,"hostname":"TempleOfZyminx","from":{"q":0,"r":10},"to":{"q":2,"r":2},"msg":"findPath: no valid path found"}
{"level":30,"time":1774382619029,"pid":1603455,"hostname":"TempleOfZyminx","from":{"q":0,"r":10},"to":{"q":2,"r":3},"msg":"findPath: no valid path found"}
{"level":30,"time":1774382619029,"pid":1603455,"hostname":"TempleOfZyminx","from":{"q":0,"r":10},"to":{"q":2,"r":4},"msg":"findPath: no valid path found"}
{"level":30,"time":1774382619029,"pid":1603593,"hostname":"TempleOfZyminx","from":{"q":0,"r":10},"to":{"q":2,"r":4},"msg":"findPath: no valid path found"}
{"level":30,"time":1774382619029,"pid":1603593,"hostname":"TempleOfZyminx","from":{"q":0,"r":10},"to":{"q":2,"r":5},"msg":"findPath: no valid path found"}
{"level":30,"time":1774382619029,"pid":1603593,"hostname":"TempleOfZyminx","from":{"q":0,"r":10},"to":{"q":2,"r":6},"msg":"findPath: no valid path found"}
{"level":30,"time":1774382619029,"pid":1603593,"hostname":"TempleOfZyminx","from":{"q":0,"r":10},"to":{"q":2,"r":12},"msg":"findPath: no valid path found"}
{"level":30,"time":1774382619029,"pid":1603593,"hostname":"TempleOfZyminx","from":{"q":0,"r":10},"to":{"q":2,"r":13},"msg":"findPath: no valid path found"}
{"level":30,"time":1774382619029,"pid":1603593,"hostname":"TempleOfZyminx","from":{"q":0,"r":10},"to":{"q":2,"r":14},"msg":"findPath: no valid path found"}
{"level":30,"time":1774382619029,"pid":1603593,"hostname":"TempleOfZyminx","from":{"q":0,"r":10},"to":{"q":2,"r":15},"msg":"findPath: no valid path found"}
{"level":30,"time":1774382619029,"pid":1603455,"hostname":"TempleOfZyminx","from":{"q":0,"r":10},"to":{"q":2,"r":5},"msg":"findPath: no valid path found"}
{"level":30,"time":1774382619029,"pid":1603455,"hostname":"TempleOfZyminx","from":{"q":0,"r":10},"to":{"q":2,"r":6},"msg":"findPath: no valid path found"}
{"level":30,"time":1774382619029,"pid":1603455,"hostname":"TempleOfZyminx","from":{"q":0,"r":10},"to":{"q":2,"r":12},"msg":"findPath: no valid path found"}
{"level":30,"time":1774382619029,"pid":1603455,"hostname":"TempleOfZyminx","from":{"q":0,"r":10},"to":{"q":2,"r":13},"msg":"findPath: no valid path found"}
{"level":30,"time":1774382619030,"pid":1603455,"hostname":"TempleOfZyminx","from":{"q":0,"r":10},"to":{"q":2,"r":14},"msg":"findPath: no valid path found"}
{"level":30,"time":1774382619029,"pid":1603593,"hostname":"TempleOfZyminx","from":{"q":0,"r":10},"to":{"q":2,"r":16},"msg":"findPath: no valid path found"}
{"level":30,"time":1774382619029,"pid":1603593,"hostname":"TempleOfZyminx","from":{"q":0,"r":10},"to":{"q":2,"r":17},"msg":"findPath: no valid path found"}
{"level":30,"time":1774382619029,"pid":1603593,"hostname":"TempleOfZyminx","from":{"q":0,"r":10},"to":{"q":2,"r":18},"msg":"findPath: no valid path found"}
{"level":30,"time":1774382619030,"pid":1603593,"hostname":"TempleOfZyminx","from":{"q":0,"r":10},"to":{"q":2,"r":19},"msg":"findPath: no valid path found"}
{"level":30,"time":1774382619030,"pid":1603593,"hostname":"TempleOfZyminx","from":{"q":0,"r":10},"to":{"q":2,"r":20},"msg":"findPath: no valid path found"}
{"level":30,"time":1774382619030,"pid":1603593,"hostname":"TempleOfZyminx","from":{"q":0,"r":10},"to":{"q":2,"r":21},"msg":"findPath: no valid path found"}
{"level":30,"time":1774382619030,"pid":1603593,"hostname":"TempleOfZyminx","from":{"q":0,"r":10},"to":{"q":3,"r":0},"msg":"findPath: no valid path found"}
{"level":30,"time":1774382619030,"pid":1603455,"hostname":"TempleOfZyminx","from":{"q":0,"r":10},"to":{"q":2,"r":15},"msg":"findPath: no valid path found"}
{"level":30,"time":1774382619030,"pid":1603455,"hostname":"TempleOfZyminx","from":{"q":0,"r":10},"to":{"q":2,"r":16},"msg":"findPath: no valid path found"}
{"level":30,"time":1774382619030,"pid":1603455,"hostname":"TempleOfZyminx","from":{"q":0,"r":10},"to":{"q":2,"r":17},"msg":"findPath: no valid path found"}
{"level":30,"time":1774382619030,"pid":1603455,"hostname":"TempleOfZyminx","from":{"q":0,"r":10},"to":{"q":2,"r":18},"msg":"findPath: no valid path found"}
{"level":30,"time":1774382619030,"pid":1603455,"hostname":"TempleOfZyminx","from":{"q":0,"r":10},"to":{"q":2,"r":19},"msg":"findPath: no valid path found"}
{"level":30,"time":1774382619030,"pid":1603455,"hostname":"TempleOfZyminx","from":{"q":0,"r":10},"to":{"q":2,"r":20},"msg":"findPath: no valid path found"}
{"level":30,"time":1774382619030,"pid":1603455,"hostname":"TempleOfZyminx","from":{"q":0,"r":10},"to":{"q":2,"r":21},"msg":"findPath: no valid path found"}
{"level":30,"time":1774382619030,"pid":1603455,"hostname":"TempleOfZyminx","from":{"q":0,"r":10},"to":{"q":3,"r":0},"msg":"findPath: no valid path found"}
{"level":30,"time":1774382619030,"pid":1603455,"hostname":"TempleOfZyminx","from":{"q":0,"r":10},"to":{"q":3,"r":1},"msg":"findPath: no valid path found"}
{"level":30,"time":1774382619030,"pid":1603455,"hostname":"TempleOfZyminx","from":{"q":0,"r":10},"to":{"q":3,"r":2},"msg":"findPath: no valid path found"}
{"level":30,"time":1774382619030,"pid":1603455,"hostname":"TempleOfZyminx","from":{"q":0,"r":10},"to":{"q":3,"r":3},"msg":"findPath: no valid path found"}
{"level":30,"time":1774382619030,"pid":1603593,"hostname":"TempleOfZyminx","from":{"q":0,"r":10},"to":{"q":3,"r":1},"msg":"findPath: no valid path found"}
{"level":30,"time":1774382619030,"pid":1603593,"hostname":"TempleOfZyminx","from":{"q":0,"r":10},"to":{"q":3,"r":2},"msg":"findPath: no valid path found"}
{"level":30,"time":1774382619030,"pid":1603593,"hostname":"TempleOfZyminx","from":{"q":0,"r":10},"to":{"q":3,"r":3},"msg":"findPath: no valid path found"}
{"level":30,"time":1774382619030,"pid":1603593,"hostname":"TempleOfZyminx","from":{"q":0,"r":10},"to":{"q":3,"r":4},"msg":"findPath: no valid path found"}
{"level":30,"time":1774382619030,"pid":1603593,"hostname":"TempleOfZyminx","from":{"q":0,"r":10},"to":{"q":3,"r":5},"msg":"findPath: no valid path found"}
{"level":30,"time":1774382619030,"pid":1603593,"hostname":"TempleOfZyminx","from":{"q":0,"r":10},"to":{"q":3,"r":6},"msg":"findPath: no valid path found"}
{"level":30,"time":1774382619030,"pid":1603593,"hostname":"TempleOfZyminx","from":{"q":0,"r":10},"to":{"q":3,"r":8},"msg":"findPath: no valid path found"}
{"level":30,"time":1774382619030,"pid":1603455,"hostname":"TempleOfZyminx","from":{"q":0,"r":10},"to":{"q":3,"r":4},"msg":"findPath: no valid path found"}
{"level":30,"time":1774382619030,"pid":1603455,"hostname":"TempleOfZyminx","from":{"q":0,"r":10},"to":{"q":3,"r":5},"msg":"findPath: no valid path found"}
{"level":30,"time":1774382619030,"pid":1603455,"hostname":"TempleOfZyminx","from":{"q":0,"r":10},"to":{"q":3,"r":6},"msg":"findPath: no valid path found"}
{"level":30,"time":1774382619030,"pid":1603455,"hostname":"TempleOfZyminx","from":{"q":0,"r":10},"to":{"q":3,"r":8},"msg":"findPath: no valid path found"}
{"level":30,"time":1774382619030,"pid":1603455,"hostname":"TempleOfZyminx","from":{"q":0,"r":10},"to":{"q":3,"r":11},"msg":"findPath: no valid path found"}
{"level":30,"time":1774382619030,"pid":1603593,"hostname":"TempleOfZyminx","from":{"q":0,"r":10},"to":{"q":3,"r":11},"msg":"findPath: no valid path found"}
{"level":30,"time":1774382619030,"pid":1603593,"hostname":"TempleOfZyminx","from":{"q":0,"r":10},"to":{"q":3,"r":12},"msg":"findPath: no valid path found"}
{"level":30,"time":1774382619030,"pid":1603593,"hostname":"TempleOfZyminx","from":{"q":0,"r":10},"to":{"q":3,"r":13},"msg":"findPath: no valid path found"}
{"level":30,"time":1774382619030,"pid":1603593,"hostname":"TempleOfZyminx","from":{"q":0,"r":10},"to":{"q":3,"r":14},"msg":"findPath: no valid path found"}
{"level":30,"time":1774382619030,"pid":1603593,"hostname":"TempleOfZyminx","from":{"q":0,"r":10},"to":{"q":3,"r":15},"msg":"findPath: no valid path found"}
{"level":30,"time":1774382619030,"pid":1603593,"hostname":"TempleOfZyminx","from":{"q":0,"r":10},"to":{"q":3,"r":16},"msg":"findPath: no valid path found"}
{"level":30,"time":1774382619030,"pid":1603455,"hostname":"TempleOfZyminx","from":{"q":0,"r":10},"to":{"q":3,"r":12},"msg":"findPath: no valid path found"}
{"level":30,"time":1774382619030,"pid":1603455,"hostname":"TempleOfZyminx","from":{"q":0,"r":10},"to":{"q":3,"r":13},"msg":"findPath: no valid path found"}
{"level":30,"time":1774382619030,"pid":1603455,"hostname":"TempleOfZyminx","from":{"q":0,"r":10},"to":{"q":3,"r":14},"msg":"findPath: no valid path found"}
{"level":30,"time":1774382619030,"pid":1603455,"hostname":"TempleOfZyminx","from":{"q":0,"r":10},"to":{"q":3,"r":15},"msg":"findPath: no valid path found"}
{"level":30,"time":1774382619031,"pid":1603455,"hostname":"TempleOfZyminx","from":{"q":0,"r":10},"to":{"q":3,"r":16},"msg":"findPath: no valid path found"}
{"level":30,"time":1774382619030,"pid":1603593,"hostname":"TempleOfZyminx","from":{"q":0,"r":10},"to":{"q":3,"r":17},"msg":"findPath: no valid path found"}
{"level":30,"time":1774382619031,"pid":1603455,"hostname":"TempleOfZyminx","from":{"q":0,"r":10},"to":{"q":3,"r":17},"msg":"findPath: no valid path found"}
{"level":30,"time":1774382619031,"pid":1603455,"hostname":"TempleOfZyminx","from":{"q":0,"r":10},"to":{"q":3,"r":18},"msg":"findPath: no valid path found"}
{"level":30,"time":1774382619031,"pid":1603593,"hostname":"TempleOfZyminx","from":{"q":0,"r":10},"to":{"q":3,"r":18},"msg":"findPath: no valid path found"}
{"level":30,"time":1774382619031,"pid":1603593,"hostname":"TempleOfZyminx","from":{"q":0,"r":10},"to":{"q":3,"r":19},"msg":"findPath: no valid path found"}
{"level":30,"time":1774382619032,"pid":1603593,"hostname":"TempleOfZyminx","from":{"q":0,"r":10},"to":{"q":3,"r":20},"msg":"findPath: no valid path found"}
{"level":30,"time":1774382619032,"pid":1603593,"hostname":"TempleOfZyminx","from":{"q":0,"r":10},"to":{"q":3,"r":21},"msg":"findPath: no valid path found"}
{"level":30,"time":1774382619032,"pid":1603593,"hostname":"TempleOfZyminx","from":{"q":0,"r":10},"to":{"q":4,"r":0},"msg":"findPath: no valid path found"}
{"level":30,"time":1774382619032,"pid":1603593,"hostname":"TempleOfZyminx","from":{"q":0,"r":10},"to":{"q":4,"r":1},"msg":"findPath: no valid path found"}
{"level":30,"time":1774382619032,"pid":1603593,"hostname":"TempleOfZyminx","from":{"q":0,"r":10},"to":{"q":4,"r":2},"msg":"findPath: no valid path found"}
{"level":30,"time":1774382619032,"pid":1603593,"hostname":"TempleOfZyminx","from":{"q":0,"r":10},"to":{"q":4,"r":3},"msg":"findPath: no valid path found"}
{"level":30,"time":1774382619032,"pid":1603593,"hostname":"TempleOfZyminx","from":{"q":0,"r":10},"to":{"q":4,"r":4},"msg":"findPath: no valid path found"}
{"level":30,"time":1774382619032,"pid":1603593,"hostname":"TempleOfZyminx","from":{"q":0,"r":10},"to":{"q":4,"r":5},"msg":"findPath: no valid path found"}
{"level":30,"time":1774382619031,"pid":1603455,"hostname":"TempleOfZyminx","from":{"q":0,"r":10},"to":{"q":3,"r":19},"msg":"findPath: no valid path found"}
{"level":30,"time":1774382619031,"pid":1603455,"hostname":"TempleOfZyminx","from":{"q":0,"r":10},"to":{"q":3,"r":20},"msg":"findPath: no valid path found"}
{"level":30,"time":1774382619031,"pid":1603455,"hostname":"TempleOfZyminx","from":{"q":0,"r":10},"to":{"q":3,"r":21},"msg":"findPath: no valid path found"}
{"level":30,"time":1774382619031,"pid":1603455,"hostname":"TempleOfZyminx","from":{"q":0,"r":10},"to":{"q":4,"r":0},"msg":"findPath: no valid path found"}
{"level":30,"time":1774382619031,"pid":1603455,"hostname":"TempleOfZyminx","from":{"q":0,"r":10},"to":{"q":4,"r":1},"msg":"findPath: no valid path found"}
{"level":30,"time":1774382619031,"pid":1603455,"hostname":"TempleOfZyminx","from":{"q":0,"r":10},"to":{"q":4,"r":2},"msg":"findPath: no valid path found"}
{"level":30,"time":1774382619031,"pid":1603455,"hostname":"TempleOfZyminx","from":{"q":0,"r":10},"to":{"q":4,"r":3},"msg":"findPath: no valid path found"}
{"level":30,"time":1774382619031,"pid":1603455,"hostname":"TempleOfZyminx","from":{"q":0,"r":10},"to":{"q":4,"r":4},"msg":"findPath: no valid path found"}
{"level":30,"time":1774382619031,"pid":1603455,"hostname":"TempleOfZyminx","from":{"q":0,"r":10},"to":{"q":4,"r":5},"msg":"findPath: no valid path found"}
{"level":30,"time":1774382619031,"pid":1603455,"hostname":"TempleOfZyminx","from":{"q":0,"r":10},"to":{"q":4,"r":6},"msg":"findPath: no valid path found"}
{"level":30,"time":1774382619031,"pid":1603455,"hostname":"TempleOfZyminx","from":{"q":0,"r":10},"to":{"q":4,"r":8},"msg":"findPath: no valid path found"}
{"level":30,"time":1774382619031,"pid":1603455,"hostname":"TempleOfZyminx","from":{"q":0,"r":10},"to":{"q":4,"r":9},"msg":"findPath: no valid path found"}
{"level":30,"time":1774382619031,"pid":1603455,"hostname":"TempleOfZyminx","from":{"q":0,"r":10},"to":{"q":4,"r":10},"msg":"findPath: no valid path found"}
{"level":30,"time":1774382619031,"pid":1603455,"hostname":"TempleOfZyminx","from":{"q":0,"r":10},"to":{"q":4,"r":11},"msg":"findPath: no valid path found"}
{"level":30,"time":1774382619031,"pid":1603455,"hostname":"TempleOfZyminx","from":{"q":0,"r":10},"to":{"q":4,"r":12},"msg":"findPath: no valid path found"}
{"level":30,"time":1774382619031,"pid":1603455,"hostname":"TempleOfZyminx","from":{"q":0,"r":10},"to":{"q":4,"r":13},"msg":"findPath: no valid path found"}
{"level":30,"time":1774382619031,"pid":1603455,"hostname":"TempleOfZyminx","from":{"q":0,"r":10},"to":{"q":4,"r":14},"msg":"findPath: no valid path found"}
{"level":30,"time":1774382619031,"pid":1603455,"hostname":"TempleOfZyminx","from":{"q":0,"r":10},"to":{"q":4,"r":15},"msg":"findPath: no valid path found"}
{"level":30,"time":1774382619031,"pid":1603455,"hostname":"TempleOfZyminx","from":{"q":0,"r":10},"to":{"q":4,"r":16},"msg":"findPath: no valid path found"}
{"level":30,"time":1774382619031,"pid":1603455,"hostname":"TempleOfZyminx","from":{"q":0,"r":10},"to":{"q":4,"r":17},"msg":"findPath: no valid path found"}
{"level":30,"time":1774382619031,"pid":1603455,"hostname":"TempleOfZyminx","from":{"q":0,"r":10},"to":{"q":4,"r":18},"msg":"findPath: no valid path found"}
{"level":30,"time":1774382619031,"pid":1603455,"hostname":"TempleOfZyminx","from":{"q":0,"r":10},"to":{"q":4,"r":19},"msg":"findPath: no valid path found"}
{"level":30,"time":1774382619032,"pid":1603455,"hostname":"TempleOfZyminx","from":{"q":0,"r":10},"to":{"q":4,"r":20},"msg":"findPath: no valid path found"}
{"level":30,"time":1774382619032,"pid":1603455,"hostname":"TempleOfZyminx","from":{"q":0,"r":10},"to":{"q":4,"r":21},"msg":"findPath: no valid path found"}
{"level":30,"time":1774382619032,"pid":1603455,"hostname":"TempleOfZyminx","from":{"q":0,"r":10},"to":{"q":5,"r":0},"msg":"findPath: no valid path found"}
{"level":30,"time":1774382619032,"pid":1603455,"hostname":"TempleOfZyminx","from":{"q":0,"r":10},"to":{"q":5,"r":1},"msg":"findPath: no valid path found"}
{"level":30,"time":1774382619032,"pid":1603455,"hostname":"TempleOfZyminx","from":{"q":0,"r":10},"to":{"q":5,"r":2},"msg":"findPath: no valid path found"}
{"level":30,"time":1774382619032,"pid":1603455,"hostname":"TempleOfZyminx","from":{"q":0,"r":10},"to":{"q":5,"r":3},"msg":"findPath: no valid path found"}
{"level":30,"time":1774382619032,"pid":1603455,"hostname":"TempleOfZyminx","from":{"q":0,"r":10},"to":{"q":5,"r":4},"msg":"findPath: no valid path found"}
{"level":30,"time":1774382619032,"pid":1603455,"hostname":"TempleOfZyminx","from":{"q":0,"r":10},"to":{"q":5,"r":5},"msg":"findPath: no valid path found"}
{"level":30,"time":1774382619032,"pid":1603455,"hostname":"TempleOfZyminx","from":{"q":0,"r":10},"to":{"q":5,"r":8},"msg":"findPath: no valid path found"}
{"level":30,"time":1774382619032,"pid":1603455,"hostname":"TempleOfZyminx","from":{"q":0,"r":10},"to":{"q":5,"r":9},"msg":"findPath: no valid path found"}
{"level":30,"time":1774382619032,"pid":1603455,"hostname":"TempleOfZyminx","from":{"q":0,"r":10},"to":{"q":5,"r":10},"msg":"findPath: no valid path found"}
{"level":30,"time":1774382619032,"pid":1603593,"hostname":"TempleOfZyminx","from":{"q":0,"r":10},"to":{"q":4,"r":6},"msg":"findPath: no valid path found"}
{"level":30,"time":1774382619032,"pid":1603593,"hostname":"TempleOfZyminx","from":{"q":0,"r":10},"to":{"q":4,"r":8},"msg":"findPath: no valid path found"}
{"level":30,"time":1774382619032,"pid":1603593,"hostname":"TempleOfZyminx","from":{"q":0,"r":10},"to":{"q":4,"r":9},"msg":"findPath: no valid path found"}
{"level":30,"time":1774382619032,"pid":1603593,"hostname":"TempleOfZyminx","from":{"q":0,"r":10},"to":{"q":4,"r":10},"msg":"findPath: no valid path found"}
{"level":30,"time":1774382619032,"pid":1603593,"hostname":"TempleOfZyminx","from":{"q":0,"r":10},"to":{"q":4,"r":11},"msg":"findPath: no valid path found"}
{"level":30,"time":1774382619032,"pid":1603593,"hostname":"TempleOfZyminx","from":{"q":0,"r":10},"to":{"q":4,"r":12},"msg":"findPath: no valid path found"}
{"level":30,"time":1774382619032,"pid":1603593,"hostname":"TempleOfZyminx","from":{"q":0,"r":10},"to":{"q":4,"r":13},"msg":"findPath: no valid path found"}
{"level":30,"time":1774382619032,"pid":1603593,"hostname":"TempleOfZyminx","from":{"q":0,"r":10},"to":{"q":4,"r":14},"msg":"findPath: no valid path found"}
{"level":30,"time":1774382619032,"pid":1603593,"hostname":"TempleOfZyminx","from":{"q":0,"r":10},"to":{"q":4,"r":15},"msg":"findPath: no valid path found"}
{"level":30,"time":1774382619032,"pid":1603593,"hostname":"TempleOfZyminx","from":{"q":0,"r":10},"to":{"q":4,"r":16},"msg":"findPath: no valid path found"}
{"level":30,"time":1774382619032,"pid":1603455,"hostname":"TempleOfZyminx","from":{"q":0,"r":10},"to":{"q":5,"r":11},"msg":"findPath: no valid path found"}
{"level":30,"time":1774382619032,"pid":1603455,"hostname":"TempleOfZyminx","from":{"q":0,"r":10},"to":{"q":5,"r":12},"msg":"findPath: no valid path found"}
{"level":30,"time":1774382619032,"pid":1603455,"hostname":"TempleOfZyminx","from":{"q":0,"r":10},"to":{"q":5,"r":13},"msg":"findPath: no valid path found"}
{"level":30,"time":1774382619032,"pid":1603455,"hostname":"TempleOfZyminx","from":{"q":0,"r":10},"to":{"q":5,"r":14},"msg":"findPath: no valid path found"}
{"level":30,"time":1774382619032,"pid":1603455,"hostname":"TempleOfZyminx","from":{"q":0,"r":10},"to":{"q":5,"r":15},"msg":"findPath: no valid path found"}
{"level":30,"time":1774382619032,"pid":1603455,"hostname":"TempleOfZyminx","from":{"q":0,"r":10},"to":{"q":5,"r":16},"msg":"findPath: no valid path found"}
{"level":30,"time":1774382619032,"pid":1603455,"hostname":"TempleOfZyminx","from":{"q":0,"r":10},"to":{"q":5,"r":17},"msg":"findPath: no valid path found"}
{"level":30,"time":1774382619032,"pid":1603455,"hostname":"TempleOfZyminx","from":{"q":0,"r":10},"to":{"q":5,"r":18},"msg":"findPath: no valid path found"}
{"level":30,"time":1774382619032,"pid":1603455,"hostname":"TempleOfZyminx","from":{"q":0,"r":10},"to":{"q":5,"r":19},"msg":"findPath: no valid path found"}
{"level":30,"time":1774382619032,"pid":1603455,"hostname":"TempleOfZyminx","from":{"q":0,"r":10},"to":{"q":5,"r":20},"msg":"findPath: no valid path found"}
{"level":30,"time":1774382619032,"pid":1603455,"hostname":"TempleOfZyminx","from":{"q":0,"r":10},"to":{"q":5,"r":21},"msg":"findPath: no valid path found"}
{"level":30,"time":1774382619032,"pid":1603593,"hostname":"TempleOfZyminx","from":{"q":0,"r":10},"to":{"q":4,"r":17},"msg":"findPath: no valid path found"}
{"level":30,"time":1774382619032,"pid":1603455,"hostname":"TempleOfZyminx","from":{"q":0,"r":10},"to":{"q":6,"r":0},"msg":"findPath: no valid path found"}
{"level":30,"time":1774382619033,"pid":1603455,"hostname":"TempleOfZyminx","from":{"q":0,"r":10},"to":{"q":6,"r":1},"msg":"findPath: no valid path found"}
{"level":30,"time":1774382619033,"pid":1603455,"hostname":"TempleOfZyminx","from":{"q":0,"r":10},"to":{"q":6,"r":2},"msg":"findPath: no valid path found"}
{"level":30,"time":1774382619033,"pid":1603455,"hostname":"TempleOfZyminx","from":{"q":0,"r":10},"to":{"q":6,"r":3},"msg":"findPath: no valid path found"}
{"level":30,"time":1774382619033,"pid":1603455,"hostname":"TempleOfZyminx","from":{"q":0,"r":10},"to":{"q":6,"r":5},"msg":"findPath: no valid path found"}
{"level":30,"time":1774382619033,"pid":1603455,"hostname":"TempleOfZyminx","from":{"q":0,"r":10},"to":{"q":6,"r":7},"msg":"findPath: no valid path found"}
{"level":30,"time":1774382619033,"pid":1603455,"hostname":"TempleOfZyminx","from":{"q":0,"r":10},"to":{"q":6,"r":8},"msg":"findPath: no valid path found"}
{"level":30,"time":1774382619033,"pid":1603455,"hostname":"TempleOfZyminx","from":{"q":0,"r":10},"to":{"q":6,"r":9},"msg":"findPath: no valid path found"}
{"level":30,"time":1774382619033,"pid":1603455,"hostname":"TempleOfZyminx","from":{"q":0,"r":10},"to":{"q":6,"r":10},"msg":"findPath: no valid path found"}
{"level":30,"time":1774382619033,"pid":1603455,"hostname":"TempleOfZyminx","from":{"q":0,"r":10},"to":{"q":6,"r":11},"msg":"findPath: no valid path found"}
{"level":30,"time":1774382619033,"pid":1603455,"hostname":"TempleOfZyminx","from":{"q":0,"r":10},"to":{"q":6,"r":12},"msg":"findPath: no valid path found"}
{"level":30,"time":1774382619033,"pid":1603455,"hostname":"TempleOfZyminx","from":{"q":0,"r":10},"to":{"q":6,"r":13},"msg":"findPath: no valid path found"}
{"level":30,"time":1774382619033,"pid":1603593,"hostname":"TempleOfZyminx","from":{"q":0,"r":10},"to":{"q":4,"r":18},"msg":"findPath: no valid path found"}
{"level":30,"time":1774382619033,"pid":1603593,"hostname":"TempleOfZyminx","from":{"q":0,"r":10},"to":{"q":4,"r":19},"msg":"findPath: no valid path found"}
{"level":30,"time":1774382619033,"pid":1603593,"hostname":"TempleOfZyminx","from":{"q":0,"r":10},"to":{"q":4,"r":20},"msg":"findPath: no valid path found"}
{"level":30,"time":1774382619033,"pid":1603455,"hostname":"TempleOfZyminx","from":{"q":0,"r":10},"to":{"q":6,"r":14},"msg":"findPath: no valid path found"}
{"level":30,"time":1774382619033,"pid":1603455,"hostname":"TempleOfZyminx","from":{"q":0,"r":10},"to":{"q":6,"r":15},"msg":"findPath: no valid path found"}
{"level":30,"time":1774382619033,"pid":1603455,"hostname":"TempleOfZyminx","from":{"q":0,"r":10},"to":{"q":6,"r":16},"msg":"findPath: no valid path found"}
{"level":30,"time":1774382619033,"pid":1603593,"hostname":"TempleOfZyminx","from":{"q":0,"r":10},"to":{"q":4,"r":21},"msg":"findPath: no valid path found"}
{"level":30,"time":1774382619033,"pid":1603593,"hostname":"TempleOfZyminx","from":{"q":0,"r":10},"to":{"q":5,"r":0},"msg":"findPath: no valid path found"}
{"level":30,"time":1774382619033,"pid":1603593,"hostname":"TempleOfZyminx","from":{"q":0,"r":10},"to":{"q":5,"r":1},"msg":"findPath: no valid path found"}
{"level":30,"time":1774382619033,"pid":1603593,"hostname":"TempleOfZyminx","from":{"q":0,"r":10},"to":{"q":5,"r":2},"msg":"findPath: no valid path found"}
{"level":30,"time":1774382619033,"pid":1603593,"hostname":"TempleOfZyminx","from":{"q":0,"r":10},"to":{"q":5,"r":3},"msg":"findPath: no valid path found"}
{"level":30,"time":1774382619033,"pid":1603593,"hostname":"TempleOfZyminx","from":{"q":0,"r":10},"to":{"q":5,"r":4},"msg":"findPath: no valid path found"}
{"level":30,"time":1774382619033,"pid":1603593,"hostname":"TempleOfZyminx","from":{"q":0,"r":10},"to":{"q":5,"r":5},"msg":"findPath: no valid path found"}
{"level":30,"time":1774382619033,"pid":1603593,"hostname":"TempleOfZyminx","from":{"q":0,"r":10},"to":{"q":5,"r":8},"msg":"findPath: no valid path found"}
{"level":30,"time":1774382619033,"pid":1603593,"hostname":"TempleOfZyminx","from":{"q":0,"r":10},"to":{"q":5,"r":9},"msg":"findPath: no valid path found"}
{"level":30,"time":1774382619033,"pid":1603593,"hostname":"TempleOfZyminx","from":{"q":0,"r":10},"to":{"q":5,"r":10},"msg":"findPath: no valid path found"}
{"level":30,"time":1774382619034,"pid":1603593,"hostname":"TempleOfZyminx","from":{"q":0,"r":10},"to":{"q":5,"r":11},"msg":"findPath: no valid path found"}
{"level":30,"time":1774382619034,"pid":1603593,"hostname":"TempleOfZyminx","from":{"q":0,"r":10},"to":{"q":5,"r":12},"msg":"findPath: no valid path found"}
{"level":30,"time":1774382619034,"pid":1603593,"hostname":"TempleOfZyminx","from":{"q":0,"r":10},"to":{"q":5,"r":13},"msg":"findPath: no valid path found"}
{"level":30,"time":1774382619034,"pid":1603593,"hostname":"TempleOfZyminx","from":{"q":0,"r":10},"to":{"q":5,"r":14},"msg":"findPath: no valid path found"}
{"level":30,"time":1774382619034,"pid":1603593,"hostname":"TempleOfZyminx","from":{"q":0,"r":10},"to":{"q":5,"r":15},"msg":"findPath: no valid path found"}
{"level":30,"time":1774382619034,"pid":1603593,"hostname":"TempleOfZyminx","from":{"q":0,"r":10},"to":{"q":5,"r":16},"msg":"findPath: no valid path found"}
{"level":30,"time":1774382619034,"pid":1603593,"hostname":"TempleOfZyminx","from":{"q":0,"r":10},"to":{"q":5,"r":17},"msg":"findPath: no valid path found"}
{"level":30,"time":1774382619034,"pid":1603593,"hostname":"TempleOfZyminx","from":{"q":0,"r":10},"to":{"q":5,"r":18},"msg":"findPath: no valid path found"}
{"level":30,"time":1774382619034,"pid":1603593,"hostname":"TempleOfZyminx","from":{"q":0,"r":10},"to":{"q":5,"r":19},"msg":"findPath: no valid path found"}
{"level":30,"time":1774382619034,"pid":1603593,"hostname":"TempleOfZyminx","from":{"q":0,"r":10},"to":{"q":5,"r":20},"msg":"findPath: no valid path found"}
{"level":30,"time":1774382619034,"pid":1603593,"hostname":"TempleOfZyminx","from":{"q":0,"r":10},"to":{"q":5,"r":21},"msg":"findPath: no valid path found"}
{"level":30,"time":1774382619034,"pid":1603593,"hostname":"TempleOfZyminx","from":{"q":0,"r":10},"to":{"q":6,"r":0},"msg":"findPath: no valid path found"}
{"level":30,"time":1774382619034,"pid":1603593,"hostname":"TempleOfZyminx","from":{"q":0,"r":10},"to":{"q":6,"r":1},"msg":"findPath: no valid path found"}
{"level":30,"time":1774382619034,"pid":1603593,"hostname":"TempleOfZyminx","from":{"q":0,"r":10},"to":{"q":6,"r":2},"msg":"findPath: no valid path found"}
{"level":30,"time":1774382619034,"pid":1603593,"hostname":"TempleOfZyminx","from":{"q":0,"r":10},"to":{"q":6,"r":3},"msg":"findPath: no valid path found"}
{"level":30,"time":1774382619034,"pid":1603593,"hostname":"TempleOfZyminx","from":{"q":0,"r":10},"to":{"q":6,"r":5},"msg":"findPath: no valid path found"}
{"level":30,"time":1774382619034,"pid":1603593,"hostname":"TempleOfZyminx","from":{"q":0,"r":10},"to":{"q":6,"r":7},"msg":"findPath: no valid path found"}
{"level":30,"time":1774382619034,"pid":1603593,"hostname":"TempleOfZyminx","from":{"q":0,"r":10},"to":{"q":6,"r":8},"msg":"findPath: no valid path found"}
{"level":30,"time":1774382619034,"pid":1603593,"hostname":"TempleOfZyminx","from":{"q":0,"r":10},"to":{"q":6,"r":9},"msg":"findPath: no valid path found"}
{"level":30,"time":1774382619034,"pid":1603593,"hostname":"TempleOfZyminx","from":{"q":0,"r":10},"to":{"q":6,"r":10},"msg":"findPath: no valid path found"}
{"level":30,"time":1774382619034,"pid":1603593,"hostname":"TempleOfZyminx","from":{"q":0,"r":10},"to":{"q":6,"r":11},"msg":"findPath: no valid path found"}
{"level":30,"time":1774382619034,"pid":1603593,"hostname":"TempleOfZyminx","from":{"q":0,"r":10},"to":{"q":6,"r":12},"msg":"findPath: no valid path found"}
{"level":30,"time":1774382619035,"pid":1603593,"hostname":"TempleOfZyminx","from":{"q":0,"r":10},"to":{"q":6,"r":13},"msg":"findPath: no valid path found"}
{"level":30,"time":1774382619035,"pid":1603593,"hostname":"TempleOfZyminx","from":{"q":0,"r":10},"to":{"q":6,"r":14},"msg":"findPath: no valid path found"}
{"level":30,"time":1774382619035,"pid":1603593,"hostname":"TempleOfZyminx","from":{"q":0,"r":10},"to":{"q":6,"r":15},"msg":"findPath: no valid path found"}
{"level":30,"time":1774382619035,"pid":1603593,"hostname":"TempleOfZyminx","from":{"q":0,"r":10},"to":{"q":6,"r":16},"msg":"findPath: no valid path found"}
{"level":30,"time":1774382619036,"pid":1603593,"hostname":"TempleOfZyminx","from":{"q":0,"r":10},"to":{"q":6,"r":17},"msg":"findPath: no valid path found"}
{"level":30,"time":1774382619036,"pid":1603593,"hostname":"TempleOfZyminx","from":{"q":0,"r":10},"to":{"q":6,"r":18},"msg":"findPath: no valid path found"}
{"level":30,"time":1774382619036,"pid":1603593,"hostname":"TempleOfZyminx","from":{"q":0,"r":10},"to":{"q":6,"r":19},"msg":"findPath: no valid path found"}
{"level":30,"time":1774382619036,"pid":1603593,"hostname":"TempleOfZyminx","from":{"q":0,"r":10},"to":{"q":6,"r":20},"msg":"findPath: no valid path found"}
{"level":30,"time":1774382619036,"pid":1603593,"hostname":"TempleOfZyminx","from":{"q":0,"r":10},"to":{"q":6,"r":21},"msg":"findPath: no valid path found"}
{"level":30,"time":1774382619036,"pid":1603593,"hostname":"TempleOfZyminx","from":{"q":0,"r":10},"to":{"q":7,"r":0},"msg":"findPath: no valid path found"}
{"level":30,"time":1774382619036,"pid":1603593,"hostname":"TempleOfZyminx","from":{"q":0,"r":10},"to":{"q":7,"r":1},"msg":"findPath: no valid path found"}
{"level":30,"time":1774382619036,"pid":1603593,"hostname":"TempleOfZyminx","from":{"q":0,"r":10},"to":{"q":7,"r":2},"msg":"findPath: no valid path found"}
{"level":30,"time":1774382619036,"pid":1603593,"hostname":"TempleOfZyminx","from":{"q":0,"r":10},"to":{"q":7,"r":4},"msg":"findPath: no valid path found"}
{"level":30,"time":1774382619036,"pid":1603593,"hostname":"TempleOfZyminx","from":{"q":0,"r":10},"to":{"q":7,"r":5},"msg":"findPath: no valid path found"}
{"level":30,"time":1774382619036,"pid":1603593,"hostname":"TempleOfZyminx","from":{"q":0,"r":10},"to":{"q":7,"r":6},"msg":"findPath: no valid path found"}
{"level":30,"time":1774382619036,"pid":1603593,"hostname":"TempleOfZyminx","from":{"q":0,"r":10},"to":{"q":7,"r":7},"msg":"findPath: no valid path found"}
{"level":30,"time":1774382619036,"pid":1603593,"hostname":"TempleOfZyminx","from":{"q":0,"r":10},"to":{"q":7,"r":8},"msg":"findPath: no valid path found"}
{"level":30,"time":1774382619036,"pid":1603593,"hostname":"TempleOfZyminx","from":{"q":0,"r":10},"to":{"q":7,"r":9},"msg":"findPath: no valid path found"}
{"level":30,"time":1774382619036,"pid":1603593,"hostname":"TempleOfZyminx","from":{"q":0,"r":10},"to":{"q":7,"r":10},"msg":"findPath: no valid path found"}
{"level":30,"time":1774382619036,"pid":1603593,"hostname":"TempleOfZyminx","from":{"q":0,"r":10},"to":{"q":7,"r":11},"msg":"findPath: no valid path found"}
{"level":30,"time":1774382619036,"pid":1603593,"hostname":"TempleOfZyminx","from":{"q":0,"r":10},"to":{"q":7,"r":12},"msg":"findPath: no valid path found"}
{"level":30,"time":1774382619036,"pid":1603593,"hostname":"TempleOfZyminx","from":{"q":0,"r":10},"to":{"q":7,"r":13},"msg":"findPath: no valid path found"}
{"level":30,"time":1774382619036,"pid":1603593,"hostname":"TempleOfZyminx","from":{"q":0,"r":10},"to":{"q":7,"r":14},"msg":"findPath: no valid path found"}
{"level":30,"time":1774382619036,"pid":1603593,"hostname":"TempleOfZyminx","from":{"q":0,"r":10},"to":{"q":7,"r":15},"msg":"findPath: no valid path found"}
{"level":30,"time":1774382619037,"pid":1603593,"hostname":"TempleOfZyminx","from":{"q":0,"r":10},"to":{"q":7,"r":16},"msg":"findPath: no valid path found"}
{"level":30,"time":1774382619037,"pid":1603593,"hostname":"TempleOfZyminx","from":{"q":0,"r":10},"to":{"q":7,"r":17},"msg":"findPath: no valid path found"}
{"level":30,"time":1774382619037,"pid":1603593,"hostname":"TempleOfZyminx","from":{"q":0,"r":10},"to":{"q":7,"r":18},"msg":"findPath: no valid path found"}
{"level":30,"time":1774382619037,"pid":1603593,"hostname":"TempleOfZyminx","from":{"q":0,"r":10},"to":{"q":7,"r":19},"msg":"findPath: no valid path found"}
{"level":30,"time":1774382619037,"pid":1603593,"hostname":"TempleOfZyminx","from":{"q":0,"r":10},"to":{"q":7,"r":20},"msg":"findPath: no valid path found"}
{"level":30,"time":1774382619037,"pid":1603593,"hostname":"TempleOfZyminx","from":{"q":0,"r":10},"to":{"q":7,"r":21},"msg":"findPath: no valid path found"}
{"level":30,"time":1774382619037,"pid":1603593,"hostname":"TempleOfZyminx","from":{"q":0,"r":10},"to":{"q":8,"r":0},"msg":"findPath: no valid path found"}
{"level":30,"time":1774382619037,"pid":1603593,"hostname":"TempleOfZyminx","from":{"q":0,"r":10},"to":{"q":8,"r":1},"msg":"findPath: no valid path found"}
{"level":30,"time":1774382619037,"pid":1603593,"hostname":"TempleOfZyminx","from":{"q":0,"r":10},"to":{"q":8,"r":2},"msg":"findPath: no valid path found"}
{"level":30,"time":1774382619037,"pid":1603593,"hostname":"TempleOfZyminx","from":{"q":0,"r":10},"to":{"q":8,"r":3},"msg":"findPath: no valid path found"}
{"level":30,"time":1774382619037,"pid":1603593,"hostname":"TempleOfZyminx","from":{"q":0,"r":10},"to":{"q":8,"r":4},"msg":"findPath: no valid path found"}
{"level":30,"time":1774382619037,"pid":1603593,"hostname":"TempleOfZyminx","from":{"q":0,"r":10},"to":{"q":8,"r":5},"msg":"findPath: no valid path found"}
{"level":30,"time":1774382619037,"pid":1603593,"hostname":"TempleOfZyminx","from":{"q":0,"r":10},"to":{"q":8,"r":6},"msg":"findPath: no valid path found"}
{"level":30,"time":1774382619037,"pid":1603593,"hostname":"TempleOfZyminx","from":{"q":0,"r":10},"to":{"q":8,"r":7},"msg":"findPath: no valid path found"}
{"level":30,"time":1774382619038,"pid":1603593,"hostname":"TempleOfZyminx","from":{"q":0,"r":10},"to":{"q":8,"r":8},"msg":"findPath: no valid path found"}
{"level":30,"time":1774382619038,"pid":1603593,"hostname":"TempleOfZyminx","from":{"q":0,"r":10},"to":{"q":8,"r":9},"msg":"findPath: no valid path found"}
{"level":30,"time":1774382619038,"pid":1603593,"hostname":"TempleOfZyminx","from":{"q":0,"r":10},"to":{"q":8,"r":10},"msg":"findPath: no valid path found"}
{"level":30,"time":1774382619038,"pid":1603593,"hostname":"TempleOfZyminx","from":{"q":0,"r":10},"to":{"q":8,"r":11},"msg":"findPath: no valid path found"}
{"level":30,"time":1774382619038,"pid":1603593,"hostname":"TempleOfZyminx","from":{"q":0,"r":10},"to":{"q":8,"r":12},"msg":"findPath: no valid path found"}
{"level":30,"time":1774382619038,"pid":1603593,"hostname":"TempleOfZyminx","from":{"q":0,"r":10},"to":{"q":8,"r":13},"msg":"findPath: no valid path found"}
{"level":30,"time":1774382619038,"pid":1603593,"hostname":"TempleOfZyminx","from":{"q":0,"r":10},"to":{"q":8,"r":14},"msg":"findPath: no valid path found"}
{"level":30,"time":1774382619038,"pid":1603593,"hostname":"TempleOfZyminx","from":{"q":0,"r":10},"to":{"q":8,"r":15},"msg":"findPath: no valid path found"}
{"level":30,"time":1774382619038,"pid":1603593,"hostname":"TempleOfZyminx","from":{"q":0,"r":10},"to":{"q":8,"r":16},"msg":"findPath: no valid path found"}
{"level":30,"time":1774382619038,"pid":1603593,"hostname":"TempleOfZyminx","from":{"q":0,"r":10},"to":{"q":8,"r":17},"msg":"findPath: no valid path found"}
{"level":30,"time":1774382619038,"pid":1603593,"hostname":"TempleOfZyminx","from":{"q":0,"r":10},"to":{"q":8,"r":18},"msg":"findPath: no valid path found"}
{"level":30,"time":1774382619039,"pid":1603593,"hostname":"TempleOfZyminx","from":{"q":0,"r":10},"to":{"q":8,"r":19},"msg":"findPath: no valid path found"}
{"level":30,"time":1774382619039,"pid":1603593,"hostname":"TempleOfZyminx","from":{"q":0,"r":10},"to":{"q":8,"r":20},"msg":"findPath: no valid path found"}
{"level":30,"time":1774382619039,"pid":1603593,"hostname":"TempleOfZyminx","from":{"q":0,"r":10},"to":{"q":8,"r":21},"msg":"findPath: no valid path found"}
{"level":30,"time":1774382619039,"pid":1603593,"hostname":"TempleOfZyminx","from":{"q":0,"r":10},"to":{"q":9,"r":0},"msg":"findPath: no valid path found"}
{"level":30,"time":1774382619039,"pid":1603593,"hostname":"TempleOfZyminx","from":{"q":0,"r":10},"to":{"q":9,"r":1},"msg":"findPath: no valid path found"}
{"level":30,"time":1774382619039,"pid":1603593,"hostname":"TempleOfZyminx","from":{"q":0,"r":10},"to":{"q":9,"r":2},"msg":"findPath: no valid path found"}
{"level":30,"time":1774382619039,"pid":1603593,"hostname":"TempleOfZyminx","from":{"q":0,"r":10},"to":{"q":9,"r":3},"msg":"findPath: no valid path found"}
{"level":30,"time":1774382619039,"pid":1603593,"hostname":"TempleOfZyminx","from":{"q":0,"r":10},"to":{"q":9,"r":4},"msg":"findPath: no valid path found"}
{"level":30,"time":1774382619039,"pid":1603593,"hostname":"TempleOfZyminx","from":{"q":0,"r":10},"to":{"q":9,"r":5},"msg":"findPath: no valid path found"}
{"level":30,"time":1774382619039,"pid":1603593,"hostname":"TempleOfZyminx","from":{"q":0,"r":10},"to":{"q":9,"r":6},"msg":"findPath: no valid path found"}
{"level":30,"time":1774382619039,"pid":1603593,"hostname":"TempleOfZyminx","from":{"q":0,"r":10},"to":{"q":9,"r":7},"msg":"findPath: no valid path found"}
{"level":30,"time":1774382619039,"pid":1603593,"hostname":"TempleOfZyminx","from":{"q":0,"r":10},"to":{"q":9,"r":8},"msg":"findPath: no valid path found"}
{"level":30,"time":1774382619039,"pid":1603593,"hostname":"TempleOfZyminx","from":{"q":0,"r":10},"to":{"q":9,"r":9},"msg":"findPath: no valid path found"}
{"level":30,"time":1774382619039,"pid":1603593,"hostname":"TempleOfZyminx","from":{"q":0,"r":10},"to":{"q":9,"r":10},"msg":"findPath: no valid path found"}
{"level":30,"time":1774382619039,"pid":1603593,"hostname":"TempleOfZyminx","from":{"q":0,"r":10},"to":{"q":9,"r":11},"msg":"findPath: no valid path found"}
{"level":30,"time":1774382619039,"pid":1603593,"hostname":"TempleOfZyminx","from":{"q":0,"r":10},"to":{"q":9,"r":12},"msg":"findPath: no valid path found"}
{"level":30,"time":1774382619039,"pid":1603593,"hostname":"TempleOfZyminx","from":{"q":0,"r":10},"to":{"q":9,"r":13},"msg":"findPath: no valid path found"}
{"level":30,"time":1774382619039,"pid":1603593,"hostname":"TempleOfZyminx","from":{"q":0,"r":10},"to":{"q":9,"r":14},"msg":"findPath: no valid path found"}
{"level":30,"time":1774382619039,"pid":1603593,"hostname":"TempleOfZyminx","from":{"q":0,"r":10},"to":{"q":9,"r":15},"msg":"findPath: no valid path found"}
{"level":30,"time":1774382619039,"pid":1603593,"hostname":"TempleOfZyminx","from":{"q":0,"r":10},"to":{"q":9,"r":16},"msg":"findPath: no valid path found"}
{"level":30,"time":1774382619039,"pid":1603593,"hostname":"TempleOfZyminx","from":{"q":0,"r":10},"to":{"q":9,"r":17},"msg":"findPath: no valid path found"}
{"level":30,"time":1774382619039,"pid":1603593,"hostname":"TempleOfZyminx","from":{"q":0,"r":10},"to":{"q":9,"r":18},"msg":"findPath: no valid path found"}
{"level":30,"time":1774382619040,"pid":1603593,"hostname":"TempleOfZyminx","from":{"q":0,"r":10},"to":{"q":9,"r":19},"msg":"findPath: no valid path found"}
{"level":30,"time":1774382619040,"pid":1603593,"hostname":"TempleOfZyminx","from":{"q":0,"r":10},"to":{"q":9,"r":20},"msg":"findPath: no valid path found"}
{"level":30,"time":1774382619040,"pid":1603593,"hostname":"TempleOfZyminx","from":{"q":0,"r":10},"to":{"q":9,"r":21},"msg":"findPath: no valid path found"}
{"level":30,"time":1774382619040,"pid":1603593,"hostname":"TempleOfZyminx","from":{"q":0,"r":10},"to":{"q":10,"r":0},"msg":"findPath: no valid path found"}
{"level":30,"time":1774382619040,"pid":1603593,"hostname":"TempleOfZyminx","from":{"q":0,"r":10},"to":{"q":10,"r":1},"msg":"findPath: no valid path found"}
{"level":30,"time":1774382619040,"pid":1603593,"hostname":"TempleOfZyminx","from":{"q":0,"r":10},"to":{"q":10,"r":2},"msg":"findPath: no valid path found"}
{"level":30,"time":1774382619040,"pid":1603593,"hostname":"TempleOfZyminx","from":{"q":0,"r":10},"to":{"q":10,"r":3},"msg":"findPath: no valid path found"}
{"level":30,"time":1774382619040,"pid":1603593,"hostname":"TempleOfZyminx","from":{"q":0,"r":10},"to":{"q":10,"r":4},"msg":"findPath: no valid path found"}
{"level":30,"time":1774382619040,"pid":1603593,"hostname":"TempleOfZyminx","from":{"q":0,"r":10},"to":{"q":10,"r":5},"msg":"findPath: no valid path found"}
{"level":30,"time":1774382619040,"pid":1603593,"hostname":"TempleOfZyminx","from":{"q":0,"r":10},"to":{"q":10,"r":6},"msg":"findPath: no valid path found"}
{"level":30,"time":1774382619040,"pid":1603593,"hostname":"TempleOfZyminx","from":{"q":0,"r":10},"to":{"q":10,"r":7},"msg":"findPath: no valid path found"}
{"level":30,"time":1774382619040,"pid":1603593,"hostname":"TempleOfZyminx","from":{"q":0,"r":10},"to":{"q":10,"r":8},"msg":"findPath: no valid path found"}
{"level":30,"time":1774382619040,"pid":1603593,"hostname":"TempleOfZyminx","from":{"q":0,"r":10},"to":{"q":10,"r":9},"msg":"findPath: no valid path found"}
{"level":30,"time":1774382619040,"pid":1603593,"hostname":"TempleOfZyminx","from":{"q":0,"r":10},"to":{"q":10,"r":10},"msg":"findPath: no valid path found"}
{"level":30,"time":1774382619040,"pid":1603593,"hostname":"TempleOfZyminx","from":{"q":0,"r":10},"to":{"q":10,"r":11},"msg":"findPath: no valid path found"}
{"level":30,"time":1774382619040,"pid":1603593,"hostname":"TempleOfZyminx","from":{"q":0,"r":10},"to":{"q":10,"r":12},"msg":"findPath: no valid path found"}
{"level":30,"time":1774382619040,"pid":1603593,"hostname":"TempleOfZyminx","from":{"q":0,"r":10},"to":{"q":10,"r":13},"msg":"findPath: no valid path found"}
{"level":30,"time":1774382619040,"pid":1603593,"hostname":"TempleOfZyminx","from":{"q":0,"r":10},"to":{"q":10,"r":14},"msg":"findPath: no valid path found"}
{"level":30,"time":1774382619040,"pid":1603593,"hostname":"TempleOfZyminx","from":{"q":0,"r":10},"to":{"q":10,"r":15},"msg":"findPath: no valid path found"}
{"level":30,"time":1774382619040,"pid":1603593,"hostname":"TempleOfZyminx","from":{"q":0,"r":10},"to":{"q":10,"r":16},"msg":"findPath: no valid path found"}
{"level":30,"time":1774382619040,"pid":1603593,"hostname":"TempleOfZyminx","from":{"q":0,"r":10},"to":{"q":10,"r":17},"msg":"findPath: no valid path found"}
{"level":30,"time":1774382619041,"pid":1603593,"hostname":"TempleOfZyminx","from":{"q":0,"r":10},"to":{"q":10,"r":18},"msg":"findPath: no valid path found"}
{"level":30,"time":1774382619041,"pid":1603593,"hostname":"TempleOfZyminx","from":{"q":0,"r":10},"to":{"q":10,"r":19},"msg":"findPath: no valid path found"}
{"level":30,"time":1774382619041,"pid":1603593,"hostname":"TempleOfZyminx","from":{"q":0,"r":10},"to":{"q":10,"r":20},"msg":"findPath: no valid path found"}
{"level":30,"time":1774382619033,"pid":1603455,"hostname":"TempleOfZyminx","from":{"q":0,"r":10},"to":{"q":6,"r":17},"msg":"findPath: no valid path found"}
{"level":30,"time":1774382619033,"pid":1603455,"hostname":"TempleOfZyminx","from":{"q":0,"r":10},"to":{"q":6,"r":18},"msg":"findPath: no valid path found"}
{"level":30,"time":1774382619033,"pid":1603455,"hostname":"TempleOfZyminx","from":{"q":0,"r":10},"to":{"q":6,"r":19},"msg":"findPath: no valid path found"}
{"level":30,"time":1774382619033,"pid":1603455,"hostname":"TempleOfZyminx","from":{"q":0,"r":10},"to":{"q":6,"r":20},"msg":"findPath: no valid path found"}
{"level":30,"time":1774382619033,"pid":1603455,"hostname":"TempleOfZyminx","from":{"q":0,"r":10},"to":{"q":6,"r":21},"msg":"findPath: no valid path found"}
{"level":30,"time":1774382619033,"pid":1603455,"hostname":"TempleOfZyminx","from":{"q":0,"r":10},"to":{"q":7,"r":0},"msg":"findPath: no valid path found"}
{"level":30,"time":1774382619033,"pid":1603455,"hostname":"TempleOfZyminx","from":{"q":0,"r":10},"to":{"q":7,"r":1},"msg":"findPath: no valid path found"}
{"level":30,"time":1774382619033,"pid":1603455,"hostname":"TempleOfZyminx","from":{"q":0,"r":10},"to":{"q":7,"r":2},"msg":"findPath: no valid path found"}
{"level":30,"time":1774382619033,"pid":1603455,"hostname":"TempleOfZyminx","from":{"q":0,"r":10},"to":{"q":7,"r":4},"msg":"findPath: no valid path found"}
{"level":30,"time":1774382619033,"pid":1603455,"hostname":"TempleOfZyminx","from":{"q":0,"r":10},"to":{"q":7,"r":5},"msg":"findPath: no valid path found"}
{"level":30,"time":1774382619033,"pid":1603455,"hostname":"TempleOfZyminx","from":{"q":0,"r":10},"to":{"q":7,"r":6},"msg":"findPath: no valid path found"}
{"level":30,"time":1774382619034,"pid":1603455,"hostname":"TempleOfZyminx","from":{"q":0,"r":10},"to":{"q":7,"r":7},"msg":"findPath: no valid path found"}
{"level":30,"time":1774382619034,"pid":1603455,"hostname":"TempleOfZyminx","from":{"q":0,"r":10},"to":{"q":7,"r":8},"msg":"findPath: no valid path found"}
{"level":30,"time":1774382619034,"pid":1603455,"hostname":"TempleOfZyminx","from":{"q":0,"r":10},"to":{"q":7,"r":9},"msg":"findPath: no valid path found"}
{"level":30,"time":1774382619034,"pid":1603455,"hostname":"TempleOfZyminx","from":{"q":0,"r":10},"to":{"q":7,"r":10},"msg":"findPath: no valid path found"}
{"level":30,"time":1774382619034,"pid":1603455,"hostname":"TempleOfZyminx","from":{"q":0,"r":10},"to":{"q":7,"r":11},"msg":"findPath: no valid path found"}
{"level":30,"time":1774382619034,"pid":1603455,"hostname":"TempleOfZyminx","from":{"q":0,"r":10},"to":{"q":7,"r":12},"msg":"findPath: no valid path found"}
{"level":30,"time":1774382619034,"pid":1603455,"hostname":"TempleOfZyminx","from":{"q":0,"r":10},"to":{"q":7,"r":13},"msg":"findPath: no valid path found"}
{"level":30,"time":1774382619034,"pid":1603455,"hostname":"TempleOfZyminx","from":{"q":0,"r":10},"to":{"q":7,"r":14},"msg":"findPath: no valid path found"}
{"level":30,"time":1774382619034,"pid":1603455,"hostname":"TempleOfZyminx","from":{"q":0,"r":10},"to":{"q":7,"r":15},"msg":"findPath: no valid path found"}
{"level":30,"time":1774382619034,"pid":1603455,"hostname":"TempleOfZyminx","from":{"q":0,"r":10},"to":{"q":7,"r":16},"msg":"findPath: no valid path found"}
{"level":30,"time":1774382619034,"pid":1603455,"hostname":"TempleOfZyminx","from":{"q":0,"r":10},"to":{"q":7,"r":17},"msg":"findPath: no valid path found"}
{"level":30,"time":1774382619034,"pid":1603455,"hostname":"TempleOfZyminx","from":{"q":0,"r":10},"to":{"q":7,"r":18},"msg":"findPath: no valid path found"}
{"level":30,"time":1774382619034,"pid":1603455,"hostname":"TempleOfZyminx","from":{"q":0,"r":10},"to":{"q":7,"r":19},"msg":"findPath: no valid path found"}
{"level":30,"time":1774382619034,"pid":1603455,"hostname":"TempleOfZyminx","from":{"q":0,"r":10},"to":{"q":7,"r":20},"msg":"findPath: no valid path found"}
{"level":30,"time":1774382619034,"pid":1603455,"hostname":"TempleOfZyminx","from":{"q":0,"r":10},"to":{"q":7,"r":21},"msg":"findPath: no valid path found"}
{"level":30,"time":1774382619034,"pid":1603455,"hostname":"TempleOfZyminx","from":{"q":0,"r":10},"to":{"q":8,"r":0},"msg":"findPath: no valid path found"}
{"level":30,"time":1774382619034,"pid":1603455,"hostname":"TempleOfZyminx","from":{"q":0,"r":10},"to":{"q":8,"r":1},"msg":"findPath: no valid path found"}
{"level":30,"time":1774382619034,"pid":1603455,"hostname":"TempleOfZyminx","from":{"q":0,"r":10},"to":{"q":8,"r":2},"msg":"findPath: no valid path found"}
{"level":30,"time":1774382619034,"pid":1603455,"hostname":"TempleOfZyminx","from":{"q":0,"r":10},"to":{"q":8,"r":3},"msg":"findPath: no valid path found"}
{"level":30,"time":1774382619034,"pid":1603455,"hostname":"TempleOfZyminx","from":{"q":0,"r":10},"to":{"q":8,"r":4},"msg":"findPath: no valid path found"}
{"level":30,"time":1774382619034,"pid":1603455,"hostname":"TempleOfZyminx","from":{"q":0,"r":10},"to":{"q":8,"r":5},"msg":"findPath: no valid path found"}
{"level":30,"time":1774382619034,"pid":1603455,"hostname":"TempleOfZyminx","from":{"q":0,"r":10},"to":{"q":8,"r":6},"msg":"findPath: no valid path found"}
{"level":30,"time":1774382619034,"pid":1603455,"hostname":"TempleOfZyminx","from":{"q":0,"r":10},"to":{"q":8,"r":7},"msg":"findPath: no valid path found"}
{"level":30,"time":1774382619035,"pid":1603455,"hostname":"TempleOfZyminx","from":{"q":0,"r":10},"to":{"q":8,"r":8},"msg":"findPath: no valid path found"}
{"level":30,"time":1774382619035,"pid":1603455,"hostname":"TempleOfZyminx","from":{"q":0,"r":10},"to":{"q":8,"r":9},"msg":"findPath: no valid path found"}
{"level":30,"time":1774382619035,"pid":1603455,"hostname":"TempleOfZyminx","from":{"q":0,"r":10},"to":{"q":8,"r":10},"msg":"findPath: no valid path found"}
{"level":30,"time":1774382619035,"pid":1603455,"hostname":"TempleOfZyminx","from":{"q":0,"r":10},"to":{"q":8,"r":11},"msg":"findPath: no valid path found"}
{"level":30,"time":1774382619035,"pid":1603455,"hostname":"TempleOfZyminx","from":{"q":0,"r":10},"to":{"q":8,"r":12},"msg":"findPath: no valid path found"}
{"level":30,"time":1774382619035,"pid":1603455,"hostname":"TempleOfZyminx","from":{"q":0,"r":10},"to":{"q":8,"r":13},"msg":"findPath: no valid path found"}
{"level":30,"time":1774382619035,"pid":1603455,"hostname":"TempleOfZyminx","from":{"q":0,"r":10},"to":{"q":8,"r":14},"msg":"findPath: no valid path found"}
{"level":30,"time":1774382619035,"pid":1603455,"hostname":"TempleOfZyminx","from":{"q":0,"r":10},"to":{"q":8,"r":15},"msg":"findPath: no valid path found"}
{"level":30,"time":1774382619035,"pid":1603455,"hostname":"TempleOfZyminx","from":{"q":0,"r":10},"to":{"q":8,"r":16},"msg":"findPath: no valid path found"}
{"level":30,"time":1774382619035,"pid":1603455,"hostname":"TempleOfZyminx","from":{"q":0,"r":10},"to":{"q":8,"r":17},"msg":"findPath: no valid path found"}
{"level":30,"time":1774382619035,"pid":1603455,"hostname":"TempleOfZyminx","from":{"q":0,"r":10},"to":{"q":8,"r":18},"msg":"findPath: no valid path found"}
{"level":30,"time":1774382619035,"pid":1603455,"hostname":"TempleOfZyminx","from":{"q":0,"r":10},"to":{"q":8,"r":19},"msg":"findPath: no valid path found"}
{"level":30,"time":1774382619035,"pid":1603455,"hostname":"TempleOfZyminx","from":{"q":0,"r":10},"to":{"q":8,"r":20},"msg":"findPath: no valid path found"}
{"level":30,"time":1774382619035,"pid":1603455,"hostname":"TempleOfZyminx","from":{"q":0,"r":10},"to":{"q":8,"r":21},"msg":"findPath: no valid path found"}
{"level":30,"time":1774382619036,"pid":1603455,"hostname":"TempleOfZyminx","from":{"q":0,"r":10},"to":{"q":9,"r":0},"msg":"findPath: no valid path found"}
{"level":30,"time":1774382619036,"pid":1603455,"hostname":"TempleOfZyminx","from":{"q":0,"r":10},"to":{"q":9,"r":1},"msg":"findPath: no valid path found"}
{"level":30,"time":1774382619036,"pid":1603455,"hostname":"TempleOfZyminx","from":{"q":0,"r":10},"to":{"q":9,"r":2},"msg":"findPath: no valid path found"}
{"level":30,"time":1774382619036,"pid":1603455,"hostname":"TempleOfZyminx","from":{"q":0,"r":10},"to":{"q":9,"r":3},"msg":"findPath: no valid path found"}
{"level":30,"time":1774382619036,"pid":1603455,"hostname":"TempleOfZyminx","from":{"q":0,"r":10},"to":{"q":9,"r":4},"msg":"findPath: no valid path found"}
{"level":30,"time":1774382619036,"pid":1603455,"hostname":"TempleOfZyminx","from":{"q":0,"r":10},"to":{"q":9,"r":5},"msg":"findPath: no valid path found"}
{"level":30,"time":1774382619036,"pid":1603455,"hostname":"TempleOfZyminx","from":{"q":0,"r":10},"to":{"q":9,"r":6},"msg":"findPath: no valid path found"}
{"level":30,"time":1774382619036,"pid":1603455,"hostname":"TempleOfZyminx","from":{"q":0,"r":10},"to":{"q":9,"r":7},"msg":"findPath: no valid path found"}
{"level":30,"time":1774382619036,"pid":1603455,"hostname":"TempleOfZyminx","from":{"q":0,"r":10},"to":{"q":9,"r":8},"msg":"findPath: no valid path found"}
{"level":30,"time":1774382619036,"pid":1603455,"hostname":"TempleOfZyminx","from":{"q":0,"r":10},"to":{"q":9,"r":9},"msg":"findPath: no valid path found"}
{"level":30,"time":1774382619036,"pid":1603455,"hostname":"TempleOfZyminx","from":{"q":0,"r":10},"to":{"q":9,"r":10},"msg":"findPath: no valid path found"}
{"level":30,"time":1774382619036,"pid":1603455,"hostname":"TempleOfZyminx","from":{"q":0,"r":10},"to":{"q":9,"r":11},"msg":"findPath: no valid path found"}
{"level":30,"time":1774382619036,"pid":1603455,"hostname":"TempleOfZyminx","from":{"q":0,"r":10},"to":{"q":9,"r":12},"msg":"findPath: no valid path found"}
{"level":30,"time":1774382619036,"pid":1603455,"hostname":"TempleOfZyminx","from":{"q":0,"r":10},"to":{"q":9,"r":13},"msg":"findPath: no valid path found"}
{"level":30,"time":1774382619036,"pid":1603455,"hostname":"TempleOfZyminx","from":{"q":0,"r":10},"to":{"q":9,"r":14},"msg":"findPath: no valid path found"}
{"level":30,"time":1774382619036,"pid":1603455,"hostname":"TempleOfZyminx","from":{"q":0,"r":10},"to":{"q":9,"r":15},"msg":"findPath: no valid path found"}
{"level":30,"time":1774382619036,"pid":1603455,"hostname":"TempleOfZyminx","from":{"q":0,"r":10},"to":{"q":9,"r":16},"msg":"findPath: no valid path found"}
{"level":30,"time":1774382619036,"pid":1603455,"hostname":"TempleOfZyminx","from":{"q":0,"r":10},"to":{"q":9,"r":17},"msg":"findPath: no valid path found"}
{"level":30,"time":1774382619036,"pid":1603455,"hostname":"TempleOfZyminx","from":{"q":0,"r":10},"to":{"q":9,"r":18},"msg":"findPath: no valid path found"}
{"level":30,"time":1774382619036,"pid":1603455,"hostname":"TempleOfZyminx","from":{"q":0,"r":10},"to":{"q":9,"r":19},"msg":"findPath: no valid path found"}
{"level":30,"time":1774382619036,"pid":1603455,"hostname":"TempleOfZyminx","from":{"q":0,"r":10},"to":{"q":9,"r":20},"msg":"findPath: no valid path found"}
{"level":30,"time":1774382619036,"pid":1603455,"hostname":"TempleOfZyminx","from":{"q":0,"r":10},"to":{"q":9,"r":21},"msg":"findPath: no valid path found"}
{"level":30,"time":1774382619036,"pid":1603455,"hostname":"TempleOfZyminx","from":{"q":0,"r":10},"to":{"q":10,"r":0},"msg":"findPath: no valid path found"}
{"level":30,"time":1774382619036,"pid":1603455,"hostname":"TempleOfZyminx","from":{"q":0,"r":10},"to":{"q":10,"r":1},"msg":"findPath: no valid path found"}
{"level":30,"time":1774382619036,"pid":1603455,"hostname":"TempleOfZyminx","from":{"q":0,"r":10},"to":{"q":10,"r":2},"msg":"findPath: no valid path found"}
{"level":30,"time":1774382619036,"pid":1603455,"hostname":"TempleOfZyminx","from":{"q":0,"r":10},"to":{"q":10,"r":3},"msg":"findPath: no valid path found"}
{"level":30,"time":1774382619037,"pid":1603455,"hostname":"TempleOfZyminx","from":{"q":0,"r":10},"to":{"q":10,"r":4},"msg":"findPath: no valid path found"}
{"level":30,"time":1774382619037,"pid":1603455,"hostname":"TempleOfZyminx","from":{"q":0,"r":10},"to":{"q":10,"r":5},"msg":"findPath: no valid path found"}
{"level":30,"time":1774382619037,"pid":1603455,"hostname":"TempleOfZyminx","from":{"q":0,"r":10},"to":{"q":10,"r":6},"msg":"findPath: no valid path found"}
{"level":30,"time":1774382619037,"pid":1603455,"hostname":"TempleOfZyminx","from":{"q":0,"r":10},"to":{"q":10,"r":7},"msg":"findPath: no valid path found"}
{"level":30,"time":1774382619037,"pid":1603455,"hostname":"TempleOfZyminx","from":{"q":0,"r":10},"to":{"q":10,"r":8},"msg":"findPath: no valid path found"}
{"level":30,"time":1774382619037,"pid":1603455,"hostname":"TempleOfZyminx","from":{"q":0,"r":10},"to":{"q":10,"r":9},"msg":"findPath: no valid path found"}
{"level":30,"time":1774382619037,"pid":1603455,"hostname":"TempleOfZyminx","from":{"q":0,"r":10},"to":{"q":10,"r":10},"msg":"findPath: no valid path found"}
{"level":30,"time":1774382619037,"pid":1603455,"hostname":"TempleOfZyminx","from":{"q":0,"r":10},"to":{"q":10,"r":11},"msg":"findPath: no valid path found"}
{"level":30,"time":1774382619037,"pid":1603455,"hostname":"TempleOfZyminx","from":{"q":0,"r":10},"to":{"q":10,"r":12},"msg":"findPath: no valid path found"}
{"level":30,"time":1774382619037,"pid":1603455,"hostname":"TempleOfZyminx","from":{"q":0,"r":10},"to":{"q":10,"r":13},"msg":"findPath: no valid path found"}
{"level":30,"time":1774382619037,"pid":1603455,"hostname":"TempleOfZyminx","from":{"q":0,"r":10},"to":{"q":10,"r":14},"msg":"findPath: no valid path found"}
{"level":30,"time":1774382619037,"pid":1603455,"hostname":"TempleOfZyminx","from":{"q":0,"r":10},"to":{"q":10,"r":15},"msg":"findPath: no valid path found"}
{"level":30,"time":1774382619037,"pid":1603455,"hostname":"TempleOfZyminx","from":{"q":0,"r":10},"to":{"q":10,"r":16},"msg":"findPath: no valid path found"}
{"level":30,"time":1774382619037,"pid":1603455,"hostname":"TempleOfZyminx","from":{"q":0,"r":10},"to":{"q":10,"r":17},"msg":"findPath: no valid path found"}
{"level":30,"time":1774382619037,"pid":1603455,"hostname":"TempleOfZyminx","from":{"q":0,"r":10},"to":{"q":10,"r":18},"msg":"findPath: no valid path found"}
{"level":30,"time":1774382619037,"pid":1603455,"hostname":"TempleOfZyminx","from":{"q":0,"r":10},"to":{"q":10,"r":19},"msg":"findPath: no valid path found"}
{"level":30,"time":1774382619037,"pid":1603455,"hostname":"TempleOfZyminx","from":{"q":0,"r":10},"to":{"q":10,"r":20},"msg":"findPath: no valid path found"}
{"level":30,"time":1774382619037,"pid":1603455,"hostname":"TempleOfZyminx","from":{"q":0,"r":10},"to":{"q":10,"r":21},"msg":"findPath: no valid path found"}
{"level":30,"time":1774382619037,"pid":1603455,"hostname":"TempleOfZyminx","from":{"q":0,"r":10},"to":{"q":11,"r":0},"msg":"findPath: no valid path found"}
{"level":30,"time":1774382619037,"pid":1603455,"hostname":"TempleOfZyminx","from":{"q":0,"r":10},"to":{"q":11,"r":1},"msg":"findPath: no valid path found"}
{"level":30,"time":1774382619037,"pid":1603455,"hostname":"TempleOfZyminx","from":{"q":0,"r":10},"to":{"q":11,"r":2},"msg":"findPath: no valid path found"}
{"level":30,"time":1774382619037,"pid":1603455,"hostname":"TempleOfZyminx","from":{"q":0,"r":10},"to":{"q":11,"r":3},"msg":"findPath: no valid path found"}
{"level":30,"time":1774382619037,"pid":1603455,"hostname":"TempleOfZyminx","from":{"q":0,"r":10},"to":{"q":11,"r":4},"msg":"findPath: no valid path found"}
{"level":30,"time":1774382619037,"pid":1603455,"hostname":"TempleOfZyminx","from":{"q":0,"r":10},"to":{"q":11,"r":5},"msg":"findPath: no valid path found"}
{"level":30,"time":1774382619037,"pid":1603455,"hostname":"TempleOfZyminx","from":{"q":0,"r":10},"to":{"q":11,"r":6},"msg":"findPath: no valid path found"}
{"level":30,"time":1774382619037,"pid":1603455,"hostname":"TempleOfZyminx","from":{"q":0,"r":10},"to":{"q":11,"r":7},"msg":"findPath: no valid path found"}
{"level":30,"time":1774382619038,"pid":1603455,"hostname":"TempleOfZyminx","from":{"q":0,"r":10},"to":{"q":11,"r":8},"msg":"findPath: no valid path found"}
{"level":30,"time":1774382619038,"pid":1603455,"hostname":"TempleOfZyminx","from":{"q":0,"r":10},"to":{"q":11,"r":9},"msg":"findPath: no valid path found"}
{"level":30,"time":1774382619038,"pid":1603455,"hostname":"TempleOfZyminx","from":{"q":0,"r":10},"to":{"q":11,"r":10},"msg":"findPath: no valid path found"}
{"level":30,"time":1774382619038,"pid":1603455,"hostname":"TempleOfZyminx","from":{"q":0,"r":10},"to":{"q":11,"r":11},"msg":"findPath: no valid path found"}
{"level":30,"time":1774382619038,"pid":1603455,"hostname":"TempleOfZyminx","from":{"q":0,"r":10},"to":{"q":11,"r":12},"msg":"findPath: no valid path found"}
{"level":30,"time":1774382619038,"pid":1603455,"hostname":"TempleOfZyminx","from":{"q":0,"r":10},"to":{"q":11,"r":13},"msg":"findPath: no valid path found"}
{"level":30,"time":1774382619038,"pid":1603455,"hostname":"TempleOfZyminx","from":{"q":0,"r":10},"to":{"q":11,"r":14},"msg":"findPath: no valid path found"}
{"level":30,"time":1774382619038,"pid":1603455,"hostname":"TempleOfZyminx","from":{"q":0,"r":10},"to":{"q":11,"r":15},"msg":"findPath: no valid path found"}
{"level":30,"time":1774382619038,"pid":1603455,"hostname":"TempleOfZyminx","from":{"q":0,"r":10},"to":{"q":11,"r":16},"msg":"findPath: no valid path found"}
{"level":30,"time":1774382619038,"pid":1603455,"hostname":"TempleOfZyminx","from":{"q":0,"r":10},"to":{"q":11,"r":17},"msg":"findPath: no valid path found"}
{"level":30,"time":1774382619038,"pid":1603455,"hostname":"TempleOfZyminx","from":{"q":0,"r":10},"to":{"q":11,"r":18},"msg":"findPath: no valid path found"}
{"level":30,"time":1774382619038,"pid":1603455,"hostname":"TempleOfZyminx","from":{"q":0,"r":10},"to":{"q":11,"r":19},"msg":"findPath: no valid path found"}
{"level":30,"time":1774382619038,"pid":1603455,"hostname":"TempleOfZyminx","from":{"q":0,"r":10},"to":{"q":11,"r":20},"msg":"findPath: no valid path found"}
{"level":30,"time":1774382619038,"pid":1603455,"hostname":"TempleOfZyminx","from":{"q":0,"r":10},"to":{"q":11,"r":21},"msg":"findPath: no valid path found"}
{"level":30,"time":1774382619038,"pid":1603455,"hostname":"TempleOfZyminx","from":{"q":0,"r":10},"to":{"q":12,"r":0},"msg":"findPath: no valid path found"}
{"level":30,"time":1774382619038,"pid":1603455,"hostname":"TempleOfZyminx","from":{"q":0,"r":10},"to":{"q":12,"r":1},"msg":"findPath: no valid path found"}
{"level":30,"time":1774382619038,"pid":1603455,"hostname":"TempleOfZyminx","from":{"q":0,"r":10},"to":{"q":12,"r":2},"msg":"findPath: no valid path found"}
{"level":30,"time":1774382619038,"pid":1603455,"hostname":"TempleOfZyminx","from":{"q":0,"r":10},"to":{"q":12,"r":3},"msg":"findPath: no valid path found"}
{"level":30,"time":1774382619038,"pid":1603455,"hostname":"TempleOfZyminx","from":{"q":0,"r":10},"to":{"q":12,"r":4},"msg":"findPath: no valid path found"}
{"level":30,"time":1774382619038,"pid":1603455,"hostname":"TempleOfZyminx","from":{"q":0,"r":10},"to":{"q":12,"r":5},"msg":"findPath: no valid path found"}
{"level":30,"time":1774382619038,"pid":1603455,"hostname":"TempleOfZyminx","from":{"q":0,"r":10},"to":{"q":12,"r":6},"msg":"findPath: no valid path found"}
{"level":30,"time":1774382619038,"pid":1603455,"hostname":"TempleOfZyminx","from":{"q":0,"r":10},"to":{"q":12,"r":7},"msg":"findPath: no valid path found"}
{"level":30,"time":1774382619038,"pid":1603455,"hostname":"TempleOfZyminx","from":{"q":0,"r":10},"to":{"q":12,"r":8},"msg":"findPath: no valid path found"}
{"level":30,"time":1774382619038,"pid":1603455,"hostname":"TempleOfZyminx","from":{"q":0,"r":10},"to":{"q":12,"r":9},"msg":"findPath: no valid path found"}
{"level":30,"time":1774382619038,"pid":1603455,"hostname":"TempleOfZyminx","from":{"q":0,"r":10},"to":{"q":12,"r":10},"msg":"findPath: no valid path found"}
{"level":30,"time":1774382619039,"pid":1603455,"hostname":"TempleOfZyminx","from":{"q":0,"r":10},"to":{"q":12,"r":11},"msg":"findPath: no valid path found"}
{"level":30,"time":1774382619039,"pid":1603455,"hostname":"TempleOfZyminx","from":{"q":0,"r":10},"to":{"q":12,"r":12},"msg":"findPath: no valid path found"}
{"level":30,"time":1774382619039,"pid":1603455,"hostname":"TempleOfZyminx","from":{"q":0,"r":10},"to":{"q":12,"r":13},"msg":"findPath: no valid path found"}
{"level":30,"time":1774382619039,"pid":1603455,"hostname":"TempleOfZyminx","from":{"q":0,"r":10},"to":{"q":12,"r":14},"msg":"findPath: no valid path found"}
{"level":30,"time":1774382619039,"pid":1603455,"hostname":"TempleOfZyminx","from":{"q":0,"r":10},"to":{"q":12,"r":15},"msg":"findPath: no valid path found"}
{"level":30,"time":1774382619039,"pid":1603455,"hostname":"TempleOfZyminx","from":{"q":0,"r":10},"to":{"q":12,"r":16},"msg":"findPath: no valid path found"}
{"level":30,"time":1774382619039,"pid":1603455,"hostname":"TempleOfZyminx","from":{"q":0,"r":10},"to":{"q":12,"r":17},"msg":"findPath: no valid path found"}
{"level":30,"time":1774382619039,"pid":1603455,"hostname":"TempleOfZyminx","from":{"q":0,"r":10},"to":{"q":12,"r":18},"msg":"findPath: no valid path found"}
{"level":30,"time":1774382619039,"pid":1603455,"hostname":"TempleOfZyminx","from":{"q":0,"r":10},"to":{"q":12,"r":19},"msg":"findPath: no valid path found"}
{"level":30,"time":1774382619039,"pid":1603455,"hostname":"TempleOfZyminx","from":{"q":0,"r":10},"to":{"q":12,"r":20},"msg":"findPath: no valid path found"}
{"level":30,"time":1774382619039,"pid":1603455,"hostname":"TempleOfZyminx","from":{"q":0,"r":10},"to":{"q":12,"r":21},"msg":"findPath: no valid path found"}
{"level":30,"time":1774382619039,"pid":1603455,"hostname":"TempleOfZyminx","from":{"q":0,"r":10},"to":{"q":13,"r":0},"msg":"findPath: no valid path found"}
{"level":30,"time":1774382619039,"pid":1603455,"hostname":"TempleOfZyminx","from":{"q":0,"r":10},"to":{"q":13,"r":1},"msg":"findPath: no valid path found"}
{"level":30,"time":1774382619039,"pid":1603455,"hostname":"TempleOfZyminx","from":{"q":0,"r":10},"to":{"q":13,"r":2},"msg":"findPath: no valid path found"}
{"level":30,"time":1774382619039,"pid":1603455,"hostname":"TempleOfZyminx","from":{"q":0,"r":10},"to":{"q":13,"r":3},"msg":"findPath: no valid path found"}
{"level":30,"time":1774382619039,"pid":1603455,"hostname":"TempleOfZyminx","from":{"q":0,"r":10},"to":{"q":13,"r":4},"msg":"findPath: no valid path found"}
{"level":30,"time":1774382619039,"pid":1603455,"hostname":"TempleOfZyminx","from":{"q":0,"r":10},"to":{"q":13,"r":5},"msg":"findPath: no valid path found"}
{"level":30,"time":1774382619039,"pid":1603455,"hostname":"TempleOfZyminx","from":{"q":0,"r":10},"to":{"q":13,"r":6},"msg":"findPath: no valid path found"}
{"level":30,"time":1774382619039,"pid":1603455,"hostname":"TempleOfZyminx","from":{"q":0,"r":10},"to":{"q":13,"r":7},"msg":"findPath: no valid path found"}
{"level":30,"time":1774382619039,"pid":1603455,"hostname":"TempleOfZyminx","from":{"q":0,"r":10},"to":{"q":13,"r":8},"msg":"findPath: no valid path found"}
{"level":30,"time":1774382619039,"pid":1603455,"hostname":"TempleOfZyminx","from":{"q":0,"r":10},"to":{"q":13,"r":9},"msg":"findPath: no valid path found"}
{"level":30,"time":1774382619039,"pid":1603455,"hostname":"TempleOfZyminx","from":{"q":0,"r":10},"to":{"q":13,"r":10},"msg":"findPath: no valid path found"}
{"level":30,"time":1774382619039,"pid":1603455,"hostname":"TempleOfZyminx","from":{"q":0,"r":10},"to":{"q":13,"r":11},"msg":"findPath: no valid path found"}
{"level":30,"time":1774382619040,"pid":1603455,"hostname":"TempleOfZyminx","from":{"q":0,"r":10},"to":{"q":13,"r":12},"msg":"findPath: no valid path found"}
{"level":30,"time":1774382619040,"pid":1603455,"hostname":"TempleOfZyminx","from":{"q":0,"r":10},"to":{"q":13,"r":13},"msg":"findPath: no valid path found"}
{"level":30,"time":1774382619040,"pid":1603455,"hostname":"TempleOfZyminx","from":{"q":0,"r":10},"to":{"q":13,"r":14},"msg":"findPath: no valid path found"}
{"level":30,"time":1774382619040,"pid":1603455,"hostname":"TempleOfZyminx","from":{"q":0,"r":10},"to":{"q":13,"r":15},"msg":"findPath: no valid path found"}
{"level":30,"time":1774382619040,"pid":1603455,"hostname":"TempleOfZyminx","from":{"q":0,"r":10},"to":{"q":13,"r":16},"msg":"findPath: no valid path found"}
{"level":30,"time":1774382619040,"pid":1603455,"hostname":"TempleOfZyminx","from":{"q":0,"r":10},"to":{"q":13,"r":17},"msg":"findPath: no valid path found"}
{"level":30,"time":1774382619040,"pid":1603455,"hostname":"TempleOfZyminx","from":{"q":0,"r":10},"to":{"q":13,"r":18},"msg":"findPath: no valid path found"}
{"level":30,"time":1774382619040,"pid":1603455,"hostname":"TempleOfZyminx","from":{"q":0,"r":10},"to":{"q":13,"r":19},"msg":"findPath: no valid path found"}
{"level":30,"time":1774382619040,"pid":1603455,"hostname":"TempleOfZyminx","from":{"q":0,"r":10},"to":{"q":13,"r":20},"msg":"findPath: no valid path found"}
{"level":30,"time":1774382619040,"pid":1603455,"hostname":"TempleOfZyminx","from":{"q":0,"r":10},"to":{"q":13,"r":21},"msg":"findPath: no valid path found"}
{"level":30,"time":1774382619040,"pid":1603455,"hostname":"TempleOfZyminx","from":{"q":0,"r":10},"to":{"q":14,"r":0},"msg":"findPath: no valid path found"}
{"level":30,"time":1774382619040,"pid":1603455,"hostname":"TempleOfZyminx","from":{"q":0,"r":10},"to":{"q":14,"r":1},"msg":"findPath: no valid path found"}
{"level":30,"time":1774382619040,"pid":1603455,"hostname":"TempleOfZyminx","from":{"q":0,"r":10},"to":{"q":14,"r":2},"msg":"findPath: no valid path found"}
{"level":30,"time":1774382619040,"pid":1603455,"hostname":"TempleOfZyminx","from":{"q":0,"r":10},"to":{"q":14,"r":3},"msg":"findPath: no valid path found"}
{"level":30,"time":1774382619040,"pid":1603455,"hostname":"TempleOfZyminx","from":{"q":0,"r":10},"to":{"q":14,"r":4},"msg":"findPath: no valid path found"}
{"level":30,"time":1774382619034,"pid":1603639,"hostname":"TempleOfZyminx","scenarioId":"swamp-siege-01","role":"onion","msg":"Creating new game match"}
{"level":30,"time":1774382619035,"pid":1603639,"hostname":"TempleOfZyminx","gameId":"345cd8d1-5dce-442d-8d03-9231e06cdb6d","role":"onion","msg":"Game match created"}
{"level":30,"time":1774382619036,"pid":1603639,"hostname":"TempleOfZyminx","id":"345cd8d1-5dce-442d-8d03-9231e06cdb6d","msg":"User joining game"}
{"level":30,"time":1774382619041,"pid":1603593,"hostname":"TempleOfZyminx","from":{"q":0,"r":10},"to":{"q":10,"r":21},"msg":"findPath: no valid path found"}
{"level":30,"time":1774382619041,"pid":1603593,"hostname":"TempleOfZyminx","from":{"q":0,"r":10},"to":{"q":11,"r":0},"msg":"findPath: no valid path found"}
{"level":30,"time":1774382619041,"pid":1603593,"hostname":"TempleOfZyminx","from":{"q":0,"r":10},"to":{"q":11,"r":1},"msg":"findPath: no valid path found"}
{"level":30,"time":1774382619041,"pid":1603593,"hostname":"TempleOfZyminx","from":{"q":0,"r":10},"to":{"q":11,"r":2},"msg":"findPath: no valid path found"}
{"level":30,"time":1774382619041,"pid":1603593,"hostname":"TempleOfZyminx","from":{"q":0,"r":10},"to":{"q":11,"r":3},"msg":"findPath: no valid path found"}
{"level":30,"time":1774382619041,"pid":1603593,"hostname":"TempleOfZyminx","from":{"q":0,"r":10},"to":{"q":11,"r":4},"msg":"findPath: no valid path found"}
{"level":30,"time":1774382619041,"pid":1603593,"hostname":"TempleOfZyminx","from":{"q":0,"r":10},"to":{"q":11,"r":5},"msg":"findPath: no valid path found"}
{"level":30,"time":1774382619041,"pid":1603593,"hostname":"TempleOfZyminx","from":{"q":0,"r":10},"to":{"q":11,"r":6},"msg":"findPath: no valid path found"}
{"level":30,"time":1774382619041,"pid":1603593,"hostname":"TempleOfZyminx","from":{"q":0,"r":10},"to":{"q":11,"r":7},"msg":"findPath: no valid path found"}
{"level":30,"time":1774382619041,"pid":1603593,"hostname":"TempleOfZyminx","from":{"q":0,"r":10},"to":{"q":11,"r":8},"msg":"findPath: no valid path found"}
{"level":30,"time":1774382619041,"pid":1603593,"hostname":"TempleOfZyminx","from":{"q":0,"r":10},"to":{"q":11,"r":9},"msg":"findPath: no valid path found"}
{"level":30,"time":1774382619042,"pid":1603593,"hostname":"TempleOfZyminx","from":{"q":0,"r":10},"to":{"q":11,"r":10},"msg":"findPath: no valid path found"}
{"level":30,"time":1774382619042,"pid":1603593,"hostname":"TempleOfZyminx","from":{"q":0,"r":10},"to":{"q":11,"r":11},"msg":"findPath: no valid path found"}
{"level":30,"time":1774382619042,"pid":1603593,"hostname":"TempleOfZyminx","from":{"q":0,"r":10},"to":{"q":11,"r":12},"msg":"findPath: no valid path found"}
{"level":30,"time":1774382619042,"pid":1603593,"hostname":"TempleOfZyminx","from":{"q":0,"r":10},"to":{"q":11,"r":13},"msg":"findPath: no valid path found"}
{"level":30,"time":1774382619042,"pid":1603593,"hostname":"TempleOfZyminx","from":{"q":0,"r":10},"to":{"q":11,"r":14},"msg":"findPath: no valid path found"}
{"level":30,"time":1774382619042,"pid":1603593,"hostname":"TempleOfZyminx","from":{"q":0,"r":10},"to":{"q":11,"r":15},"msg":"findPath: no valid path found"}
{"level":30,"time":1774382619042,"pid":1603593,"hostname":"TempleOfZyminx","from":{"q":0,"r":10},"to":{"q":11,"r":16},"msg":"findPath: no valid path found"}
{"level":30,"time":1774382619042,"pid":1603593,"hostname":"TempleOfZyminx","from":{"q":0,"r":10},"to":{"q":11,"r":17},"msg":"findPath: no valid path found"}
{"level":30,"time":1774382619042,"pid":1603593,"hostname":"TempleOfZyminx","from":{"q":0,"r":10},"to":{"q":11,"r":18},"msg":"findPath: no valid path found"}
{"level":30,"time":1774382619042,"pid":1603593,"hostname":"TempleOfZyminx","from":{"q":0,"r":10},"to":{"q":11,"r":19},"msg":"findPath: no valid path found"}
{"level":30,"time":1774382619042,"pid":1603593,"hostname":"TempleOfZyminx","from":{"q":0,"r":10},"to":{"q":11,"r":20},"msg":"findPath: no valid path found"}
{"level":30,"time":1774382619042,"pid":1603593,"hostname":"TempleOfZyminx","from":{"q":0,"r":10},"to":{"q":11,"r":21},"msg":"findPath: no valid path found"}
{"level":30,"time":1774382619042,"pid":1603593,"hostname":"TempleOfZyminx","from":{"q":0,"r":10},"to":{"q":12,"r":0},"msg":"findPath: no valid path found"}
{"level":30,"time":1774382619042,"pid":1603593,"hostname":"TempleOfZyminx","from":{"q":0,"r":10},"to":{"q":12,"r":1},"msg":"findPath: no valid path found"}
{"level":30,"time":1774382619042,"pid":1603593,"hostname":"TempleOfZyminx","from":{"q":0,"r":10},"to":{"q":12,"r":2},"msg":"findPath: no valid path found"}
{"level":30,"time":1774382619042,"pid":1603593,"hostname":"TempleOfZyminx","from":{"q":0,"r":10},"to":{"q":12,"r":3},"msg":"findPath: no valid path found"}
{"level":30,"time":1774382619042,"pid":1603593,"hostname":"TempleOfZyminx","from":{"q":0,"r":10},"to":{"q":12,"r":4},"msg":"findPath: no valid path found"}
{"level":30,"time":1774382619042,"pid":1603593,"hostname":"TempleOfZyminx","from":{"q":0,"r":10},"to":{"q":12,"r":5},"msg":"findPath: no valid path found"}
{"level":30,"time":1774382619042,"pid":1603593,"hostname":"TempleOfZyminx","from":{"q":0,"r":10},"to":{"q":12,"r":6},"msg":"findPath: no valid path found"}
{"level":30,"time":1774382619042,"pid":1603593,"hostname":"TempleOfZyminx","from":{"q":0,"r":10},"to":{"q":12,"r":7},"msg":"findPath: no valid path found"}
{"level":30,"time":1774382619043,"pid":1603593,"hostname":"TempleOfZyminx","from":{"q":0,"r":10},"to":{"q":12,"r":8},"msg":"findPath: no valid path found"}
{"level":30,"time":1774382619043,"pid":1603593,"hostname":"TempleOfZyminx","from":{"q":0,"r":10},"to":{"q":12,"r":9},"msg":"findPath: no valid path found"}
{"level":30,"time":1774382619043,"pid":1603593,"hostname":"TempleOfZyminx","from":{"q":0,"r":10},"to":{"q":12,"r":10},"msg":"findPath: no valid path found"}
{"level":30,"time":1774382619043,"pid":1603593,"hostname":"TempleOfZyminx","from":{"q":0,"r":10},"to":{"q":12,"r":11},"msg":"findPath: no valid path found"}
{"level":30,"time":1774382619043,"pid":1603593,"hostname":"TempleOfZyminx","from":{"q":0,"r":10},"to":{"q":12,"r":12},"msg":"findPath: no valid path found"}
{"level":30,"time":1774382619043,"pid":1603593,"hostname":"TempleOfZyminx","from":{"q":0,"r":10},"to":{"q":12,"r":13},"msg":"findPath: no valid path found"}
{"level":30,"time":1774382619043,"pid":1603593,"hostname":"TempleOfZyminx","from":{"q":0,"r":10},"to":{"q":12,"r":14},"msg":"findPath: no valid path found"}
{"level":30,"time":1774382619043,"pid":1603593,"hostname":"TempleOfZyminx","from":{"q":0,"r":10},"to":{"q":12,"r":15},"msg":"findPath: no valid path found"}
{"level":30,"time":1774382619043,"pid":1603593,"hostname":"TempleOfZyminx","from":{"q":0,"r":10},"to":{"q":12,"r":16},"msg":"findPath: no valid path found"}
{"level":30,"time":1774382619043,"pid":1603593,"hostname":"TempleOfZyminx","from":{"q":0,"r":10},"to":{"q":12,"r":17},"msg":"findPath: no valid path found"}
{"level":30,"time":1774382619043,"pid":1603593,"hostname":"TempleOfZyminx","from":{"q":0,"r":10},"to":{"q":12,"r":18},"msg":"findPath: no valid path found"}
{"level":30,"time":1774382619043,"pid":1603593,"hostname":"TempleOfZyminx","from":{"q":0,"r":10},"to":{"q":12,"r":19},"msg":"findPath: no valid path found"}
{"level":30,"time":1774382619043,"pid":1603593,"hostname":"TempleOfZyminx","from":{"q":0,"r":10},"to":{"q":12,"r":20},"msg":"findPath: no valid path found"}
{"level":30,"time":1774382619043,"pid":1603593,"hostname":"TempleOfZyminx","from":{"q":0,"r":10},"to":{"q":12,"r":21},"msg":"findPath: no valid path found"}
{"level":30,"time":1774382619043,"pid":1603593,"hostname":"TempleOfZyminx","from":{"q":0,"r":10},"to":{"q":13,"r":0},"msg":"findPath: no valid path found"}
{"level":30,"time":1774382619043,"pid":1603593,"hostname":"TempleOfZyminx","from":{"q":0,"r":10},"to":{"q":13,"r":1},"msg":"findPath: no valid path found"}
{"level":30,"time":1774382619043,"pid":1603593,"hostname":"TempleOfZyminx","from":{"q":0,"r":10},"to":{"q":13,"r":2},"msg":"findPath: no valid path found"}
{"level":30,"time":1774382619043,"pid":1603593,"hostname":"TempleOfZyminx","from":{"q":0,"r":10},"to":{"q":13,"r":3},"msg":"findPath: no valid path found"}
{"level":30,"time":1774382619043,"pid":1603593,"hostname":"TempleOfZyminx","from":{"q":0,"r":10},"to":{"q":13,"r":4},"msg":"findPath: no valid path found"}
{"level":30,"time":1774382619043,"pid":1603593,"hostname":"TempleOfZyminx","from":{"q":0,"r":10},"to":{"q":13,"r":5},"msg":"findPath: no valid path found"}
{"level":30,"time":1774382619043,"pid":1603593,"hostname":"TempleOfZyminx","from":{"q":0,"r":10},"to":{"q":13,"r":6},"msg":"findPath: no valid path found"}
{"level":30,"time":1774382619043,"pid":1603593,"hostname":"TempleOfZyminx","from":{"q":0,"r":10},"to":{"q":13,"r":7},"msg":"findPath: no valid path found"}
{"level":30,"time":1774382619044,"pid":1603593,"hostname":"TempleOfZyminx","from":{"q":0,"r":10},"to":{"q":13,"r":8},"msg":"findPath: no valid path found"}
{"level":30,"time":1774382619044,"pid":1603593,"hostname":"TempleOfZyminx","from":{"q":0,"r":10},"to":{"q":13,"r":9},"msg":"findPath: no valid path found"}
{"level":30,"time":1774382619044,"pid":1603593,"hostname":"TempleOfZyminx","from":{"q":0,"r":10},"to":{"q":13,"r":10},"msg":"findPath: no valid path found"}
{"level":30,"time":1774382619044,"pid":1603593,"hostname":"TempleOfZyminx","from":{"q":0,"r":10},"to":{"q":13,"r":11},"msg":"findPath: no valid path found"}
{"level":30,"time":1774382619044,"pid":1603593,"hostname":"TempleOfZyminx","from":{"q":0,"r":10},"to":{"q":13,"r":12},"msg":"findPath: no valid path found"}
{"level":30,"time":1774382619044,"pid":1603593,"hostname":"TempleOfZyminx","from":{"q":0,"r":10},"to":{"q":13,"r":13},"msg":"findPath: no valid path found"}
{"level":30,"time":1774382619044,"pid":1603593,"hostname":"TempleOfZyminx","from":{"q":0,"r":10},"to":{"q":13,"r":14},"msg":"findPath: no valid path found"}
{"level":30,"time":1774382619044,"pid":1603593,"hostname":"TempleOfZyminx","from":{"q":0,"r":10},"to":{"q":13,"r":15},"msg":"findPath: no valid path found"}
{"level":30,"time":1774382619044,"pid":1603593,"hostname":"TempleOfZyminx","from":{"q":0,"r":10},"to":{"q":13,"r":16},"msg":"findPath: no valid path found"}
{"level":30,"time":1774382619044,"pid":1603593,"hostname":"TempleOfZyminx","from":{"q":0,"r":10},"to":{"q":13,"r":17},"msg":"findPath: no valid path found"}
{"level":30,"time":1774382619045,"pid":1603593,"hostname":"TempleOfZyminx","from":{"q":0,"r":10},"to":{"q":13,"r":18},"msg":"findPath: no valid path found"}
{"level":30,"time":1774382619045,"pid":1603593,"hostname":"TempleOfZyminx","from":{"q":0,"r":10},"to":{"q":13,"r":19},"msg":"findPath: no valid path found"}
{"level":30,"time":1774382619045,"pid":1603593,"hostname":"TempleOfZyminx","from":{"q":0,"r":10},"to":{"q":13,"r":20},"msg":"findPath: no valid path found"}
{"level":30,"time":1774382619045,"pid":1603593,"hostname":"TempleOfZyminx","from":{"q":0,"r":10},"to":{"q":13,"r":21},"msg":"findPath: no valid path found"}
{"level":30,"time":1774382619045,"pid":1603593,"hostname":"TempleOfZyminx","from":{"q":0,"r":10},"to":{"q":14,"r":0},"msg":"findPath: no valid path found"}
{"level":30,"time":1774382619045,"pid":1603593,"hostname":"TempleOfZyminx","from":{"q":0,"r":10},"to":{"q":14,"r":1},"msg":"findPath: no valid path found"}
{"level":30,"time":1774382619045,"pid":1603593,"hostname":"TempleOfZyminx","from":{"q":0,"r":10},"to":{"q":14,"r":2},"msg":"findPath: no valid path found"}
{"level":30,"time":1774382619045,"pid":1603593,"hostname":"TempleOfZyminx","from":{"q":0,"r":10},"to":{"q":14,"r":3},"msg":"findPath: no valid path found"}
{"level":30,"time":1774382619045,"pid":1603593,"hostname":"TempleOfZyminx","from":{"q":0,"r":10},"to":{"q":14,"r":4},"msg":"findPath: no valid path found"}
{"level":30,"time":1774382619045,"pid":1603593,"hostname":"TempleOfZyminx","from":{"q":0,"r":10},"to":{"q":14,"r":5},"msg":"findPath: no valid path found"}
{"level":30,"time":1774382619045,"pid":1603593,"hostname":"TempleOfZyminx","from":{"q":0,"r":10},"to":{"q":14,"r":6},"msg":"findPath: no valid path found"}
{"level":30,"time":1774382619045,"pid":1603593,"hostname":"TempleOfZyminx","from":{"q":0,"r":10},"to":{"q":14,"r":7},"msg":"findPath: no valid path found"}
{"level":30,"time":1774382619045,"pid":1603593,"hostname":"TempleOfZyminx","from":{"q":0,"r":10},"to":{"q":14,"r":8},"msg":"findPath: no valid path found"}
{"level":30,"time":1774382619045,"pid":1603593,"hostname":"TempleOfZyminx","from":{"q":0,"r":10},"to":{"q":14,"r":9},"msg":"findPath: no valid path found"}
{"level":30,"time":1774382619045,"pid":1603593,"hostname":"TempleOfZyminx","from":{"q":0,"r":10},"to":{"q":14,"r":10},"msg":"findPath: no valid path found"}
{"level":30,"time":1774382619045,"pid":1603593,"hostname":"TempleOfZyminx","from":{"q":0,"r":10},"to":{"q":14,"r":11},"msg":"findPath: no valid path found"}
{"level":30,"time":1774382619045,"pid":1603593,"hostname":"TempleOfZyminx","from":{"q":0,"r":10},"to":{"q":14,"r":12},"msg":"findPath: no valid path found"}
{"level":30,"time":1774382619045,"pid":1603593,"hostname":"TempleOfZyminx","from":{"q":0,"r":10},"to":{"q":14,"r":13},"msg":"findPath: no valid path found"}
{"level":30,"time":1774382619045,"pid":1603593,"hostname":"TempleOfZyminx","from":{"q":0,"r":10},"to":{"q":14,"r":14},"msg":"findPath: no valid path found"}
{"level":30,"time":1774382619045,"pid":1603593,"hostname":"TempleOfZyminx","from":{"q":0,"r":10},"to":{"q":14,"r":15},"msg":"findPath: no valid path found"}
{"level":30,"time":1774382619045,"pid":1603593,"hostname":"TempleOfZyminx","from":{"q":0,"r":10},"to":{"q":14,"r":16},"msg":"findPath: no valid path found"}
{"level":30,"time":1774382619046,"pid":1603593,"hostname":"TempleOfZyminx","from":{"q":0,"r":10},"to":{"q":14,"r":17},"msg":"findPath: no valid path found"}
{"level":30,"time":1774382619046,"pid":1603593,"hostname":"TempleOfZyminx","from":{"q":0,"r":10},"to":{"q":14,"r":18},"msg":"findPath: no valid path found"}
{"level":30,"time":1774382619046,"pid":1603593,"hostname":"TempleOfZyminx","from":{"q":0,"r":10},"to":{"q":14,"r":19},"msg":"findPath: no valid path found"}
{"level":30,"time":1774382619046,"pid":1603593,"hostname":"TempleOfZyminx","from":{"q":0,"r":10},"to":{"q":14,"r":20},"msg":"findPath: no valid path found"}
{"level":30,"time":1774382619046,"pid":1603593,"hostname":"TempleOfZyminx","from":{"q":0,"r":10},"to":{"q":14,"r":21},"msg":"findPath: no valid path found"}
{"level":30,"time":1774382619046,"pid":1603593,"hostname":"TempleOfZyminx","id":"e49c208f-7f34-41ea-8713-ed1b5fcfa383","command":"MOVE","msg":"Submitting game action"}
{"level":30,"time":1774382619046,"pid":1603593,"hostname":"TempleOfZyminx","gameId":"e49c208f-7f34-41ea-8713-ed1b5fcfa383","unitId":"onion-1","msg":"Processing MOVE command"}
{"level":30,"time":1774382619041,"pid":1603455,"hostname":"TempleOfZyminx","from":{"q":0,"r":10},"to":{"q":14,"r":5},"msg":"findPath: no valid path found"}
{"level":30,"time":1774382619041,"pid":1603455,"hostname":"TempleOfZyminx","from":{"q":0,"r":10},"to":{"q":14,"r":6},"msg":"findPath: no valid path found"}
{"level":30,"time":1774382619041,"pid":1603455,"hostname":"TempleOfZyminx","from":{"q":0,"r":10},"to":{"q":14,"r":7},"msg":"findPath: no valid path found"}
{"level":30,"time":1774382619041,"pid":1603455,"hostname":"TempleOfZyminx","from":{"q":0,"r":10},"to":{"q":14,"r":8},"msg":"findPath: no valid path found"}
{"level":30,"time":1774382619041,"pid":1603455,"hostname":"TempleOfZyminx","from":{"q":0,"r":10},"to":{"q":14,"r":9},"msg":"findPath: no valid path found"}
{"level":30,"time":1774382619041,"pid":1603455,"hostname":"TempleOfZyminx","from":{"q":0,"r":10},"to":{"q":14,"r":10},"msg":"findPath: no valid path found"}
{"level":30,"time":1774382619042,"pid":1603455,"hostname":"TempleOfZyminx","from":{"q":0,"r":10},"to":{"q":14,"r":11},"msg":"findPath: no valid path found"}
{"level":30,"time":1774382619042,"pid":1603455,"hostname":"TempleOfZyminx","from":{"q":0,"r":10},"to":{"q":14,"r":12},"msg":"findPath: no valid path found"}
{"level":30,"time":1774382619042,"pid":1603455,"hostname":"TempleOfZyminx","from":{"q":0,"r":10},"to":{"q":14,"r":13},"msg":"findPath: no valid path found"}
{"level":30,"time":1774382619042,"pid":1603455,"hostname":"TempleOfZyminx","from":{"q":0,"r":10},"to":{"q":14,"r":14},"msg":"findPath: no valid path found"}
{"level":30,"time":1774382619042,"pid":1603455,"hostname":"TempleOfZyminx","from":{"q":0,"r":10},"to":{"q":14,"r":15},"msg":"findPath: no valid path found"}
{"level":30,"time":1774382619042,"pid":1603455,"hostname":"TempleOfZyminx","from":{"q":0,"r":10},"to":{"q":14,"r":16},"msg":"findPath: no valid path found"}
{"level":30,"time":1774382619042,"pid":1603455,"hostname":"TempleOfZyminx","from":{"q":0,"r":10},"to":{"q":14,"r":17},"msg":"findPath: no valid path found"}
{"level":30,"time":1774382619042,"pid":1603455,"hostname":"TempleOfZyminx","from":{"q":0,"r":10},"to":{"q":14,"r":18},"msg":"findPath: no valid path found"}
{"level":30,"time":1774382619042,"pid":1603455,"hostname":"TempleOfZyminx","from":{"q":0,"r":10},"to":{"q":14,"r":19},"msg":"findPath: no valid path found"}
{"level":30,"time":1774382619042,"pid":1603455,"hostname":"TempleOfZyminx","from":{"q":0,"r":10},"to":{"q":14,"r":20},"msg":"findPath: no valid path found"}
{"level":30,"time":1774382619042,"pid":1603455,"hostname":"TempleOfZyminx","from":{"q":0,"r":10},"to":{"q":14,"r":21},"msg":"findPath: no valid path found"}
{"level":30,"time":1774382619042,"pid":1603455,"hostname":"TempleOfZyminx","id":"a93fcf5b-e901-4464-8fe2-c07b8bc58aa4","command":"MOVE","msg":"Submitting game action"}
{"level":30,"time":1774382619043,"pid":1603455,"hostname":"TempleOfZyminx","gameId":"a93fcf5b-e901-4464-8fe2-c07b8bc58aa4","unitId":"onion-1","msg":"Processing MOVE command"}
{"level":30,"time":1774382619044,"pid":1603455,"hostname":"TempleOfZyminx","id":"a93fcf5b-e901-4464-8fe2-c07b8bc58aa4","msg":"Fetching game state"}
{"level":30,"time":1774382619046,"pid":1603455,"hostname":"TempleOfZyminx","id":"a93fcf5b-e901-4464-8fe2-c07b8bc58aa4","msg":"Fetching game state"}
{"level":30,"time":1774382619049,"pid":1603455,"hostname":"TempleOfZyminx","id":"a93fcf5b-e901-4464-8fe2-c07b8bc58aa4","command":"END_PHASE","msg":"Submitting game action"}
{"level":30,"time":1774382619049,"pid":1603455,"hostname":"TempleOfZyminx","gameId":"a93fcf5b-e901-4464-8fe2-c07b8bc58aa4","phase":"ONION_MOVE","msg":"Advancing phase"}
{"level":30,"time":1774382619049,"pid":1603455,"hostname":"TempleOfZyminx","phase":"ONION_MOVE","turnNumber":1,"msg":"Advancing phase in engine"}
{"level":30,"time":1774382619050,"pid":1603455,"hostname":"TempleOfZyminx","id":"a93fcf5b-e901-4464-8fe2-c07b8bc58aa4","msg":"Fetching game state"}
{"level":30,"time":1774382619042,"pid":1603639,"hostname":"TempleOfZyminx","gameId":"345cd8d1-5dce-442d-8d03-9231e06cdb6d","role":"defender","msg":"User joined game"}
{"level":30,"time":1774382619042,"pid":1603639,"hostname":"TempleOfZyminx","id":"345cd8d1-5dce-442d-8d03-9231e06cdb6d","msg":"User joining game"}
{"level":40,"time":1774382619042,"pid":1603639,"hostname":"TempleOfZyminx","gameId":"345cd8d1-5dce-442d-8d03-9231e06cdb6d","msg":"Game is already full"}
{"level":30,"time":1774382619049,"pid":1603593,"hostname":"TempleOfZyminx","id":"e49c208f-7f34-41ea-8713-ed1b5fcfa383","msg":"Fetching game state"}
{"level":30,"time":1774382619049,"pid":1603593,"hostname":"TempleOfZyminx","id":"e49c208f-7f34-41ea-8713-ed1b5fcfa383","msg":"Fetching game state"}
{"level":30,"time":1774382619050,"pid":1603593,"hostname":"TempleOfZyminx","id":"e49c208f-7f34-41ea-8713-ed1b5fcfa383","command":"END_PHASE","msg":"Submitting game action"}
{"level":30,"time":1774382619050,"pid":1603593,"hostname":"TempleOfZyminx","gameId":"e49c208f-7f34-41ea-8713-ed1b5fcfa383","phase":"ONION_MOVE","msg":"Advancing phase"}
{"level":30,"time":1774382619050,"pid":1603593,"hostname":"TempleOfZyminx","phase":"ONION_MOVE","turnNumber":1,"msg":"Advancing phase in engine"}
{"level":30,"time":1774382619052,"pid":1603593,"hostname":"TempleOfZyminx","id":"e49c208f-7f34-41ea-8713-ed1b5fcfa383","msg":"Fetching game state"}
{"level":30,"time":1774382619052,"pid":1603455,"hostname":"TempleOfZyminx","id":"a93fcf5b-e901-4464-8fe2-c07b8bc58aa4","msg":"Fetching game state"}
{"level":30,"time":1774382619053,"pid":1603455,"hostname":"TempleOfZyminx","id":"a93fcf5b-e901-4464-8fe2-c07b8bc58aa4","command":"FIRE","msg":"Submitting game action"}
{"level":30,"time":1774382619053,"pid":1603455,"hostname":"TempleOfZyminx","gameId":"a93fcf5b-e901-4464-8fe2-c07b8bc58aa4","type":"FIRE","msg":"Processing combat command"}
{"level":30,"time":1774382619053,"pid":1603455,"hostname":"TempleOfZyminx","commandType":"FIRE","msg":"Validating combat action"}
{"level":30,"time":1774382619053,"pid":1603455,"hostname":"TempleOfZyminx","plan":{"actionType":"FIRE","actor":"onion","attackerIds":["missile_1"],"target":{"kind":"defender","id":"pigs-1"},"attackStrength":6,"defense":3,"weaponIds":["missile_1"]},"msg":"Executing combat action"}
{"level":30,"time":1774382619053,"pid":1603593,"hostname":"TempleOfZyminx","id":"e49c208f-7f34-41ea-8713-ed1b5fcfa383","msg":"Fetching game state"}
{"level":30,"time":1774382619054,"pid":1603593,"hostname":"TempleOfZyminx","id":"e49c208f-7f34-41ea-8713-ed1b5fcfa383","command":"FIRE","msg":"Submitting game action"}
{"level":30,"time":1774382619055,"pid":1603593,"hostname":"TempleOfZyminx","gameId":"e49c208f-7f34-41ea-8713-ed1b5fcfa383","type":"FIRE","msg":"Processing combat command"}
{"level":30,"time":1774382619055,"pid":1603593,"hostname":"TempleOfZyminx","commandType":"FIRE","msg":"Validating combat action"}
{"level":30,"time":1774382619055,"pid":1603593,"hostname":"TempleOfZyminx","plan":{"actionType":"FIRE","actor":"onion","attackerIds":["missile_1"],"target":{"kind":"defender","id":"pigs-1"},"attackStrength":6,"defense":3,"weaponIds":["missile_1"]},"msg":"Executing combat action"}
{"level":30,"time":1774382619056,"pid":1603593,"hostname":"TempleOfZyminx","id":"e49c208f-7f34-41ea-8713-ed1b5fcfa383","command":"FIRE","msg":"Submitting game action"}
{"level":30,"time":1774382619056,"pid":1603593,"hostname":"TempleOfZyminx","gameId":"e49c208f-7f34-41ea-8713-ed1b5fcfa383","type":"FIRE","msg":"Processing combat command"}
{"level":30,"time":1774382619057,"pid":1603593,"hostname":"TempleOfZyminx","commandType":"FIRE","msg":"Validating combat action"}
{"level":30,"time":1774382619057,"pid":1603593,"hostname":"TempleOfZyminx","gameId":"e49c208f-7f34-41ea-8713-ed1b5fcfa383","error":"Attacker 'missile_1' is already destroyed or exhausted","msg":"Invalid combat command"}
{"level":30,"time":1774382619060,"pid":1603455,"hostname":"TempleOfZyminx","id":"a93fcf5b-e901-4464-8fe2-c07b8bc58aa4","command":"FIRE","msg":"Submitting game action"}
{"level":30,"time":1774382619060,"pid":1603455,"hostname":"TempleOfZyminx","gameId":"a93fcf5b-e901-4464-8fe2-c07b8bc58aa4","type":"FIRE","msg":"Processing combat command"}
{"level":30,"time":1774382619060,"pid":1603455,"hostname":"TempleOfZyminx","commandType":"FIRE","msg":"Validating combat action"}
{"level":30,"time":1774382619060,"pid":1603455,"hostname":"TempleOfZyminx","gameId":"a93fcf5b-e901-4464-8fe2-c07b8bc58aa4","error":"Target is already destroyed","msg":"Invalid combat command"}
{"level":30,"time":1774382619061,"pid":1603455,"hostname":"TempleOfZyminx","id":"a93fcf5b-e901-4464-8fe2-c07b8bc58aa4","msg":"Fetching game state"}
{"level":30,"time":1774382619061,"pid":1603593,"hostname":"TempleOfZyminx","id":"e49c208f-7f34-41ea-8713-ed1b5fcfa383","msg":"Fetching game state"}
{"level":30,"time":1774382619062,"pid":1603455,"hostname":"TempleOfZyminx","id":"a93fcf5b-e901-4464-8fe2-c07b8bc58aa4","command":"END_PHASE","msg":"Submitting game action"}
{"level":30,"time":1774382619062,"pid":1603455,"hostname":"TempleOfZyminx","gameId":"a93fcf5b-e901-4464-8fe2-c07b8bc58aa4","phase":"ONION_COMBAT","msg":"Advancing phase"}
{"level":30,"time":1774382619062,"pid":1603455,"hostname":"TempleOfZyminx","phase":"ONION_COMBAT","turnNumber":1,"msg":"Advancing phase in engine"}
{"level":30,"time":1774382619062,"pid":1603455,"hostname":"TempleOfZyminx","id":"a93fcf5b-e901-4464-8fe2-c07b8bc58aa4","msg":"Fetching game state"}
{"level":30,"time":1774382619063,"pid":1603455,"hostname":"TempleOfZyminx","id":"a93fcf5b-e901-4464-8fe2-c07b8bc58aa4","msg":"Fetching game state"}
{"level":30,"time":1774382619063,"pid":1603593,"hostname":"TempleOfZyminx","id":"e49c208f-7f34-41ea-8713-ed1b5fcfa383","command":"END_PHASE","msg":"Submitting game action"}
{"level":30,"time":1774382619063,"pid":1603593,"hostname":"TempleOfZyminx","gameId":"e49c208f-7f34-41ea-8713-ed1b5fcfa383","phase":"ONION_COMBAT","msg":"Advancing phase"}
{"level":30,"time":1774382619063,"pid":1603593,"hostname":"TempleOfZyminx","phase":"ONION_COMBAT","turnNumber":1,"msg":"Advancing phase in engine"}
{"level":30,"time":1774382619063,"pid":1603455,"hostname":"TempleOfZyminx","from":{"q":5,"r":6},"to":{"q":0,"r":0},"msg":"findPath: no valid path found"}
{"level":30,"time":1774382619064,"pid":1603455,"hostname":"TempleOfZyminx","from":{"q":5,"r":6},"to":{"q":0,"r":1},"msg":"findPath: no valid path found"}
{"level":30,"time":1774382619064,"pid":1603455,"hostname":"TempleOfZyminx","from":{"q":5,"r":6},"to":{"q":0,"r":2},"msg":"findPath: no valid path found"}
{"level":30,"time":1774382619064,"pid":1603455,"hostname":"TempleOfZyminx","from":{"q":5,"r":6},"to":{"q":0,"r":3},"msg":"findPath: no valid path found"}
{"level":30,"time":1774382619064,"pid":1603455,"hostname":"TempleOfZyminx","from":{"q":5,"r":6},"to":{"q":0,"r":4},"msg":"findPath: no valid path found"}
{"level":30,"time":1774382619064,"pid":1603455,"hostname":"TempleOfZyminx","from":{"q":5,"r":6},"to":{"q":0,"r":5},"msg":"findPath: no valid path found"}
{"level":30,"time":1774382619064,"pid":1603455,"hostname":"TempleOfZyminx","from":{"q":5,"r":6},"to":{"q":0,"r":6},"msg":"findPath: no valid path found"}
{"level":30,"time":1774382619064,"pid":1603455,"hostname":"TempleOfZyminx","from":{"q":5,"r":6},"to":{"q":0,"r":7},"msg":"findPath: no valid path found"}
{"level":30,"time":1774382619064,"pid":1603455,"hostname":"TempleOfZyminx","from":{"q":5,"r":6},"to":{"q":0,"r":8},"msg":"findPath: no valid path found"}
{"level":30,"time":1774382619064,"pid":1603455,"hostname":"TempleOfZyminx","from":{"q":5,"r":6},"to":{"q":0,"r":9},"msg":"findPath: no valid path found"}
{"level":30,"time":1774382619064,"pid":1603455,"hostname":"TempleOfZyminx","from":{"q":5,"r":6},"to":{"q":0,"r":10},"msg":"findPath: no valid path found"}
{"level":30,"time":1774382619064,"pid":1603455,"hostname":"TempleOfZyminx","from":{"q":5,"r":6},"to":{"q":0,"r":11},"msg":"findPath: no valid path found"}
{"level":30,"time":1774382619064,"pid":1603455,"hostname":"TempleOfZyminx","from":{"q":5,"r":6},"to":{"q":0,"r":12},"msg":"findPath: no valid path found"}
{"level":30,"time":1774382619064,"pid":1603455,"hostname":"TempleOfZyminx","from":{"q":5,"r":6},"to":{"q":0,"r":13},"msg":"findPath: no valid path found"}
{"level":30,"time":1774382619064,"pid":1603455,"hostname":"TempleOfZyminx","from":{"q":5,"r":6},"to":{"q":0,"r":14},"msg":"findPath: no valid path found"}
{"level":30,"time":1774382619064,"pid":1603455,"hostname":"TempleOfZyminx","from":{"q":5,"r":6},"to":{"q":0,"r":15},"msg":"findPath: no valid path found"}
{"level":30,"time":1774382619064,"pid":1603593,"hostname":"TempleOfZyminx","id":"e49c208f-7f34-41ea-8713-ed1b5fcfa383","msg":"Fetching game state"}
{"level":30,"time":1774382619064,"pid":1603455,"hostname":"TempleOfZyminx","from":{"q":5,"r":6},"to":{"q":0,"r":16},"msg":"findPath: no valid path found"}
{"level":30,"time":1774382619064,"pid":1603455,"hostname":"TempleOfZyminx","from":{"q":5,"r":6},"to":{"q":0,"r":17},"msg":"findPath: no valid path found"}
{"level":30,"time":1774382619065,"pid":1603455,"hostname":"TempleOfZyminx","from":{"q":5,"r":6},"to":{"q":0,"r":18},"msg":"findPath: no valid path found"}
{"level":30,"time":1774382619065,"pid":1603455,"hostname":"TempleOfZyminx","from":{"q":5,"r":6},"to":{"q":0,"r":19},"msg":"findPath: no valid path found"}
{"level":30,"time":1774382619065,"pid":1603455,"hostname":"TempleOfZyminx","from":{"q":5,"r":6},"to":{"q":0,"r":20},"msg":"findPath: no valid path found"}
{"level":30,"time":1774382619065,"pid":1603455,"hostname":"TempleOfZyminx","from":{"q":5,"r":6},"to":{"q":0,"r":21},"msg":"findPath: no valid path found"}
{"level":30,"time":1774382619065,"pid":1603455,"hostname":"TempleOfZyminx","from":{"q":5,"r":6},"to":{"q":1,"r":0},"msg":"findPath: no valid path found"}
{"level":30,"time":1774382619065,"pid":1603455,"hostname":"TempleOfZyminx","from":{"q":5,"r":6},"to":{"q":1,"r":1},"msg":"findPath: no valid path found"}
{"level":30,"time":1774382619065,"pid":1603455,"hostname":"TempleOfZyminx","from":{"q":5,"r":6},"to":{"q":1,"r":2},"msg":"findPath: no valid path found"}
{"level":30,"time":1774382619065,"pid":1603455,"hostname":"TempleOfZyminx","from":{"q":5,"r":6},"to":{"q":1,"r":3},"msg":"findPath: no valid path found"}
{"level":30,"time":1774382619065,"pid":1603455,"hostname":"TempleOfZyminx","from":{"q":5,"r":6},"to":{"q":1,"r":4},"msg":"findPath: no valid path found"}
{"level":30,"time":1774382619065,"pid":1603455,"hostname":"TempleOfZyminx","from":{"q":5,"r":6},"to":{"q":1,"r":5},"msg":"findPath: no valid path found"}
{"level":30,"time":1774382619064,"pid":1603593,"hostname":"TempleOfZyminx","id":"e49c208f-7f34-41ea-8713-ed1b5fcfa383","msg":"Fetching game state"}
{"level":30,"time":1774382619065,"pid":1603455,"hostname":"TempleOfZyminx","from":{"q":5,"r":6},"to":{"q":1,"r":10},"msg":"findPath: no valid path found"}
{"level":30,"time":1774382619065,"pid":1603455,"hostname":"TempleOfZyminx","from":{"q":5,"r":6},"to":{"q":1,"r":11},"msg":"findPath: no valid path found"}
{"level":30,"time":1774382619066,"pid":1603455,"hostname":"TempleOfZyminx","from":{"q":5,"r":6},"to":{"q":1,"r":12},"msg":"findPath: no valid path found"}
{"level":30,"time":1774382619066,"pid":1603455,"hostname":"TempleOfZyminx","from":{"q":5,"r":6},"to":{"q":1,"r":13},"msg":"findPath: no valid path found"}
{"level":30,"time":1774382619066,"pid":1603455,"hostname":"TempleOfZyminx","from":{"q":5,"r":6},"to":{"q":1,"r":14},"msg":"findPath: no valid path found"}
{"level":30,"time":1774382619066,"pid":1603455,"hostname":"TempleOfZyminx","from":{"q":5,"r":6},"to":{"q":1,"r":15},"msg":"findPath: no valid path found"}
{"level":30,"time":1774382619066,"pid":1603455,"hostname":"TempleOfZyminx","from":{"q":5,"r":6},"to":{"q":1,"r":16},"msg":"findPath: no valid path found"}
{"level":30,"time":1774382619066,"pid":1603455,"hostname":"TempleOfZyminx","from":{"q":5,"r":6},"to":{"q":1,"r":17},"msg":"findPath: no valid path found"}
{"level":30,"time":1774382619066,"pid":1603455,"hostname":"TempleOfZyminx","from":{"q":5,"r":6},"to":{"q":1,"r":18},"msg":"findPath: no valid path found"}
{"level":30,"time":1774382619066,"pid":1603455,"hostname":"TempleOfZyminx","from":{"q":5,"r":6},"to":{"q":1,"r":19},"msg":"findPath: no valid path found"}
{"level":30,"time":1774382619066,"pid":1603455,"hostname":"TempleOfZyminx","from":{"q":5,"r":6},"to":{"q":1,"r":20},"msg":"findPath: no valid path found"}
{"level":30,"time":1774382619066,"pid":1603455,"hostname":"TempleOfZyminx","from":{"q":5,"r":6},"to":{"q":1,"r":21},"msg":"findPath: no valid path found"}
{"level":30,"time":1774382619066,"pid":1603455,"hostname":"TempleOfZyminx","from":{"q":5,"r":6},"to":{"q":2,"r":0},"msg":"findPath: no valid path found"}
{"level":30,"time":1774382619066,"pid":1603455,"hostname":"TempleOfZyminx","from":{"q":5,"r":6},"to":{"q":2,"r":1},"msg":"findPath: no valid path found"}
{"level":30,"time":1774382619066,"pid":1603593,"hostname":"TempleOfZyminx","from":{"q":5,"r":6},"to":{"q":0,"r":0},"msg":"findPath: no valid path found"}
{"level":30,"time":1774382619066,"pid":1603593,"hostname":"TempleOfZyminx","from":{"q":5,"r":6},"to":{"q":0,"r":1},"msg":"findPath: no valid path found"}
{"level":30,"time":1774382619066,"pid":1603593,"hostname":"TempleOfZyminx","from":{"q":5,"r":6},"to":{"q":0,"r":2},"msg":"findPath: no valid path found"}
{"level":30,"time":1774382619066,"pid":1603593,"hostname":"TempleOfZyminx","from":{"q":5,"r":6},"to":{"q":0,"r":3},"msg":"findPath: no valid path found"}
{"level":30,"time":1774382619066,"pid":1603593,"hostname":"TempleOfZyminx","from":{"q":5,"r":6},"to":{"q":0,"r":4},"msg":"findPath: no valid path found"}
{"level":30,"time":1774382619066,"pid":1603593,"hostname":"TempleOfZyminx","from":{"q":5,"r":6},"to":{"q":0,"r":5},"msg":"findPath: no valid path found"}
{"level":30,"time":1774382619067,"pid":1603593,"hostname":"TempleOfZyminx","from":{"q":5,"r":6},"to":{"q":0,"r":6},"msg":"findPath: no valid path found"}
{"level":30,"time":1774382619067,"pid":1603593,"hostname":"TempleOfZyminx","from":{"q":5,"r":6},"to":{"q":0,"r":7},"msg":"findPath: no valid path found"}
{"level":30,"time":1774382619067,"pid":1603593,"hostname":"TempleOfZyminx","from":{"q":5,"r":6},"to":{"q":0,"r":8},"msg":"findPath: no valid path found"}
{"level":30,"time":1774382619066,"pid":1603455,"hostname":"TempleOfZyminx","from":{"q":5,"r":6},"to":{"q":2,"r":2},"msg":"findPath: no valid path found"}
{"level":30,"time":1774382619066,"pid":1603455,"hostname":"TempleOfZyminx","from":{"q":5,"r":6},"to":{"q":2,"r":3},"msg":"findPath: no valid path found"}
{"level":30,"time":1774382619067,"pid":1603455,"hostname":"TempleOfZyminx","from":{"q":5,"r":6},"to":{"q":2,"r":4},"msg":"findPath: no valid path found"}
{"level":30,"time":1774382619067,"pid":1603455,"hostname":"TempleOfZyminx","from":{"q":5,"r":6},"to":{"q":2,"r":10},"msg":"findPath: no valid path found"}
{"level":30,"time":1774382619067,"pid":1603455,"hostname":"TempleOfZyminx","from":{"q":5,"r":6},"to":{"q":2,"r":11},"msg":"findPath: no valid path found"}
{"level":30,"time":1774382619067,"pid":1603455,"hostname":"TempleOfZyminx","from":{"q":5,"r":6},"to":{"q":2,"r":12},"msg":"findPath: no valid path found"}
{"level":30,"time":1774382619067,"pid":1603455,"hostname":"TempleOfZyminx","from":{"q":5,"r":6},"to":{"q":2,"r":13},"msg":"findPath: no valid path found"}
{"level":30,"time":1774382619067,"pid":1603455,"hostname":"TempleOfZyminx","from":{"q":5,"r":6},"to":{"q":2,"r":14},"msg":"findPath: no valid path found"}
{"level":30,"time":1774382619067,"pid":1603455,"hostname":"TempleOfZyminx","from":{"q":5,"r":6},"to":{"q":2,"r":15},"msg":"findPath: no valid path found"}
{"level":30,"time":1774382619067,"pid":1603455,"hostname":"TempleOfZyminx","from":{"q":5,"r":6},"to":{"q":2,"r":16},"msg":"findPath: no valid path found"}
{"level":30,"time":1774382619067,"pid":1603455,"hostname":"TempleOfZyminx","from":{"q":5,"r":6},"to":{"q":2,"r":17},"msg":"findPath: no valid path found"}
{"level":30,"time":1774382619067,"pid":1603455,"hostname":"TempleOfZyminx","from":{"q":5,"r":6},"to":{"q":2,"r":18},"msg":"findPath: no valid path found"}
{"level":30,"time":1774382619067,"pid":1603455,"hostname":"TempleOfZyminx","from":{"q":5,"r":6},"to":{"q":2,"r":19},"msg":"findPath: no valid path found"}
{"level":30,"time":1774382619067,"pid":1603593,"hostname":"TempleOfZyminx","from":{"q":5,"r":6},"to":{"q":0,"r":9},"msg":"findPath: no valid path found"}
{"level":30,"time":1774382619067,"pid":1603593,"hostname":"TempleOfZyminx","from":{"q":5,"r":6},"to":{"q":0,"r":10},"msg":"findPath: no valid path found"}
{"level":30,"time":1774382619067,"pid":1603593,"hostname":"TempleOfZyminx","from":{"q":5,"r":6},"to":{"q":0,"r":11},"msg":"findPath: no valid path found"}
{"level":30,"time":1774382619067,"pid":1603593,"hostname":"TempleOfZyminx","from":{"q":5,"r":6},"to":{"q":0,"r":12},"msg":"findPath: no valid path found"}
{"level":30,"time":1774382619067,"pid":1603593,"hostname":"TempleOfZyminx","from":{"q":5,"r":6},"to":{"q":0,"r":13},"msg":"findPath: no valid path found"}
{"level":30,"time":1774382619067,"pid":1603593,"hostname":"TempleOfZyminx","from":{"q":5,"r":6},"to":{"q":0,"r":14},"msg":"findPath: no valid path found"}
{"level":30,"time":1774382619068,"pid":1603593,"hostname":"TempleOfZyminx","from":{"q":5,"r":6},"to":{"q":0,"r":15},"msg":"findPath: no valid path found"}
{"level":30,"time":1774382619068,"pid":1603455,"hostname":"TempleOfZyminx","from":{"q":5,"r":6},"to":{"q":2,"r":20},"msg":"findPath: no valid path found"}
{"level":30,"time":1774382619068,"pid":1603455,"hostname":"TempleOfZyminx","from":{"q":5,"r":6},"to":{"q":2,"r":21},"msg":"findPath: no valid path found"}
{"level":30,"time":1774382619068,"pid":1603455,"hostname":"TempleOfZyminx","from":{"q":5,"r":6},"to":{"q":3,"r":0},"msg":"findPath: no valid path found"}
{"level":30,"time":1774382619068,"pid":1603455,"hostname":"TempleOfZyminx","from":{"q":5,"r":6},"to":{"q":3,"r":1},"msg":"findPath: no valid path found"}
{"level":30,"time":1774382619068,"pid":1603455,"hostname":"TempleOfZyminx","from":{"q":5,"r":6},"to":{"q":3,"r":2},"msg":"findPath: no valid path found"}
{"level":30,"time":1774382619068,"pid":1603593,"hostname":"TempleOfZyminx","from":{"q":5,"r":6},"to":{"q":0,"r":16},"msg":"findPath: no valid path found"}
{"level":30,"time":1774382619068,"pid":1603593,"hostname":"TempleOfZyminx","from":{"q":5,"r":6},"to":{"q":0,"r":17},"msg":"findPath: no valid path found"}
{"level":30,"time":1774382619068,"pid":1603593,"hostname":"TempleOfZyminx","from":{"q":5,"r":6},"to":{"q":0,"r":18},"msg":"findPath: no valid path found"}
{"level":30,"time":1774382619068,"pid":1603593,"hostname":"TempleOfZyminx","from":{"q":5,"r":6},"to":{"q":0,"r":19},"msg":"findPath: no valid path found"}
{"level":30,"time":1774382619068,"pid":1603593,"hostname":"TempleOfZyminx","from":{"q":5,"r":6},"to":{"q":0,"r":20},"msg":"findPath: no valid path found"}
{"level":30,"time":1774382619068,"pid":1603455,"hostname":"TempleOfZyminx","from":{"q":5,"r":6},"to":{"q":3,"r":3},"msg":"findPath: no valid path found"}
{"level":30,"time":1774382619068,"pid":1603455,"hostname":"TempleOfZyminx","from":{"q":5,"r":6},"to":{"q":3,"r":8},"msg":"findPath: no valid path found"}
{"level":30,"time":1774382619068,"pid":1603593,"hostname":"TempleOfZyminx","from":{"q":5,"r":6},"to":{"q":0,"r":21},"msg":"findPath: no valid path found"}
{"level":30,"time":1774382619068,"pid":1603593,"hostname":"TempleOfZyminx","from":{"q":5,"r":6},"to":{"q":1,"r":0},"msg":"findPath: no valid path found"}
{"level":30,"time":1774382619069,"pid":1603593,"hostname":"TempleOfZyminx","from":{"q":5,"r":6},"to":{"q":1,"r":1},"msg":"findPath: no valid path found"}
{"level":30,"time":1774382619069,"pid":1603593,"hostname":"TempleOfZyminx","from":{"q":5,"r":6},"to":{"q":1,"r":2},"msg":"findPath: no valid path found"}
{"level":30,"time":1774382619069,"pid":1603593,"hostname":"TempleOfZyminx","from":{"q":5,"r":6},"to":{"q":1,"r":3},"msg":"findPath: no valid path found"}
{"level":30,"time":1774382619069,"pid":1603455,"hostname":"TempleOfZyminx","from":{"q":5,"r":6},"to":{"q":3,"r":11},"msg":"findPath: no valid path found"}
{"level":30,"time":1774382619069,"pid":1603455,"hostname":"TempleOfZyminx","from":{"q":5,"r":6},"to":{"q":3,"r":12},"msg":"findPath: no valid path found"}
{"level":30,"time":1774382619069,"pid":1603455,"hostname":"TempleOfZyminx","from":{"q":5,"r":6},"to":{"q":3,"r":13},"msg":"findPath: no valid path found"}
{"level":30,"time":1774382619069,"pid":1603455,"hostname":"TempleOfZyminx","from":{"q":5,"r":6},"to":{"q":3,"r":14},"msg":"findPath: no valid path found"}
{"level":30,"time":1774382619069,"pid":1603593,"hostname":"TempleOfZyminx","from":{"q":5,"r":6},"to":{"q":1,"r":4},"msg":"findPath: no valid path found"}
{"level":30,"time":1774382619069,"pid":1603593,"hostname":"TempleOfZyminx","from":{"q":5,"r":6},"to":{"q":1,"r":5},"msg":"findPath: no valid path found"}
{"level":30,"time":1774382619069,"pid":1603455,"hostname":"TempleOfZyminx","from":{"q":5,"r":6},"to":{"q":3,"r":15},"msg":"findPath: no valid path found"}
{"level":30,"time":1774382619069,"pid":1603455,"hostname":"TempleOfZyminx","from":{"q":5,"r":6},"to":{"q":3,"r":16},"msg":"findPath: no valid path found"}
{"level":30,"time":1774382619069,"pid":1603455,"hostname":"TempleOfZyminx","from":{"q":5,"r":6},"to":{"q":3,"r":17},"msg":"findPath: no valid path found"}
{"level":30,"time":1774382619069,"pid":1603455,"hostname":"TempleOfZyminx","from":{"q":5,"r":6},"to":{"q":3,"r":18},"msg":"findPath: no valid path found"}
{"level":30,"time":1774382619069,"pid":1603455,"hostname":"TempleOfZyminx","from":{"q":5,"r":6},"to":{"q":3,"r":19},"msg":"findPath: no valid path found"}
{"level":30,"time":1774382619069,"pid":1603455,"hostname":"TempleOfZyminx","from":{"q":5,"r":6},"to":{"q":3,"r":20},"msg":"findPath: no valid path found"}
{"level":30,"time":1774382619069,"pid":1603455,"hostname":"TempleOfZyminx","from":{"q":5,"r":6},"to":{"q":3,"r":21},"msg":"findPath: no valid path found"}
{"level":30,"time":1774382619070,"pid":1603455,"hostname":"TempleOfZyminx","from":{"q":5,"r":6},"to":{"q":4,"r":0},"msg":"findPath: no valid path found"}
{"level":30,"time":1774382619070,"pid":1603593,"hostname":"TempleOfZyminx","from":{"q":5,"r":6},"to":{"q":1,"r":10},"msg":"findPath: no valid path found"}
{"level":30,"time":1774382619070,"pid":1603455,"hostname":"TempleOfZyminx","from":{"q":5,"r":6},"to":{"q":4,"r":1},"msg":"findPath: no valid path found"}
{"level":30,"time":1774382619070,"pid":1603455,"hostname":"TempleOfZyminx","from":{"q":5,"r":6},"to":{"q":4,"r":2},"msg":"findPath: no valid path found"}
{"level":30,"time":1774382619070,"pid":1603593,"hostname":"TempleOfZyminx","from":{"q":5,"r":6},"to":{"q":1,"r":11},"msg":"findPath: no valid path found"}
{"level":30,"time":1774382619070,"pid":1603593,"hostname":"TempleOfZyminx","from":{"q":5,"r":6},"to":{"q":1,"r":12},"msg":"findPath: no valid path found"}
{"level":30,"time":1774382619070,"pid":1603455,"hostname":"TempleOfZyminx","from":{"q":5,"r":6},"to":{"q":4,"r":8},"msg":"findPath: no valid path found"}
{"level":30,"time":1774382619070,"pid":1603593,"hostname":"TempleOfZyminx","from":{"q":5,"r":6},"to":{"q":1,"r":13},"msg":"findPath: no valid path found"}
{"level":30,"time":1774382619070,"pid":1603455,"hostname":"TempleOfZyminx","from":{"q":5,"r":6},"to":{"q":4,"r":11},"msg":"findPath: no valid path found"}
{"level":30,"time":1774382619070,"pid":1603593,"hostname":"TempleOfZyminx","from":{"q":5,"r":6},"to":{"q":1,"r":14},"msg":"findPath: no valid path found"}
{"level":30,"time":1774382619070,"pid":1603455,"hostname":"TempleOfZyminx","from":{"q":5,"r":6},"to":{"q":4,"r":12},"msg":"findPath: no valid path found"}
{"level":30,"time":1774382619070,"pid":1603455,"hostname":"TempleOfZyminx","from":{"q":5,"r":6},"to":{"q":4,"r":13},"msg":"findPath: no valid path found"}
{"level":30,"time":1774382619070,"pid":1603593,"hostname":"TempleOfZyminx","from":{"q":5,"r":6},"to":{"q":1,"r":15},"msg":"findPath: no valid path found"}
{"level":30,"time":1774382619070,"pid":1603455,"hostname":"TempleOfZyminx","from":{"q":5,"r":6},"to":{"q":4,"r":14},"msg":"findPath: no valid path found"}
{"level":30,"time":1774382619070,"pid":1603455,"hostname":"TempleOfZyminx","from":{"q":5,"r":6},"to":{"q":4,"r":15},"msg":"findPath: no valid path found"}
{"level":30,"time":1774382619070,"pid":1603455,"hostname":"TempleOfZyminx","from":{"q":5,"r":6},"to":{"q":4,"r":16},"msg":"findPath: no valid path found"}
{"level":30,"time":1774382619070,"pid":1603593,"hostname":"TempleOfZyminx","from":{"q":5,"r":6},"to":{"q":1,"r":16},"msg":"findPath: no valid path found"}
{"level":30,"time":1774382619070,"pid":1603455,"hostname":"TempleOfZyminx","from":{"q":5,"r":6},"to":{"q":4,"r":17},"msg":"findPath: no valid path found"}
{"level":30,"time":1774382619070,"pid":1603593,"hostname":"TempleOfZyminx","from":{"q":5,"r":6},"to":{"q":1,"r":17},"msg":"findPath: no valid path found"}
{"level":30,"time":1774382619070,"pid":1603455,"hostname":"TempleOfZyminx","from":{"q":5,"r":6},"to":{"q":4,"r":18},"msg":"findPath: no valid path found"}
{"level":30,"time":1774382619071,"pid":1603455,"hostname":"TempleOfZyminx","from":{"q":5,"r":6},"to":{"q":4,"r":19},"msg":"findPath: no valid path found"}
{"level":30,"time":1774382619071,"pid":1603593,"hostname":"TempleOfZyminx","from":{"q":5,"r":6},"to":{"q":1,"r":18},"msg":"findPath: no valid path found"}
{"level":30,"time":1774382619071,"pid":1603455,"hostname":"TempleOfZyminx","from":{"q":5,"r":6},"to":{"q":4,"r":20},"msg":"findPath: no valid path found"}
{"level":30,"time":1774382619071,"pid":1603455,"hostname":"TempleOfZyminx","from":{"q":5,"r":6},"to":{"q":4,"r":21},"msg":"findPath: no valid path found"}
{"level":30,"time":1774382619071,"pid":1603593,"hostname":"TempleOfZyminx","from":{"q":5,"r":6},"to":{"q":1,"r":19},"msg":"findPath: no valid path found"}
{"level":30,"time":1774382619071,"pid":1603455,"hostname":"TempleOfZyminx","from":{"q":5,"r":6},"to":{"q":5,"r":0},"msg":"findPath: no valid path found"}
{"level":30,"time":1774382619071,"pid":1603455,"hostname":"TempleOfZyminx","from":{"q":5,"r":6},"to":{"q":5,"r":1},"msg":"findPath: no valid path found"}
{"level":30,"time":1774382619071,"pid":1603593,"hostname":"TempleOfZyminx","from":{"q":5,"r":6},"to":{"q":1,"r":20},"msg":"findPath: no valid path found"}
{"level":30,"time":1774382619071,"pid":1603455,"hostname":"TempleOfZyminx","from":{"q":5,"r":6},"to":{"q":5,"r":2},"msg":"findPath: no valid path found"}
{"level":30,"time":1774382619071,"pid":1603593,"hostname":"TempleOfZyminx","from":{"q":5,"r":6},"to":{"q":1,"r":21},"msg":"findPath: no valid path found"}
{"level":30,"time":1774382619071,"pid":1603455,"hostname":"TempleOfZyminx","from":{"q":5,"r":6},"to":{"q":5,"r":11},"msg":"findPath: no valid path found"}
{"level":30,"time":1774382619071,"pid":1603593,"hostname":"TempleOfZyminx","from":{"q":5,"r":6},"to":{"q":2,"r":0},"msg":"findPath: no valid path found"}
{"level":30,"time":1774382619071,"pid":1603455,"hostname":"TempleOfZyminx","from":{"q":5,"r":6},"to":{"q":5,"r":12},"msg":"findPath: no valid path found"}
{"level":30,"time":1774382619071,"pid":1603455,"hostname":"TempleOfZyminx","from":{"q":5,"r":6},"to":{"q":5,"r":13},"msg":"findPath: no valid path found"}
{"level":30,"time":1774382619071,"pid":1603455,"hostname":"TempleOfZyminx","from":{"q":5,"r":6},"to":{"q":5,"r":14},"msg":"findPath: no valid path found"}
{"level":30,"time":1774382619071,"pid":1603455,"hostname":"TempleOfZyminx","from":{"q":5,"r":6},"to":{"q":5,"r":15},"msg":"findPath: no valid path found"}
{"level":30,"time":1774382619071,"pid":1603455,"hostname":"TempleOfZyminx","from":{"q":5,"r":6},"to":{"q":5,"r":16},"msg":"findPath: no valid path found"}
{"level":30,"time":1774382619071,"pid":1603455,"hostname":"TempleOfZyminx","from":{"q":5,"r":6},"to":{"q":5,"r":17},"msg":"findPath: no valid path found"}
{"level":30,"time":1774382619071,"pid":1603455,"hostname":"TempleOfZyminx","from":{"q":5,"r":6},"to":{"q":5,"r":18},"msg":"findPath: no valid path found"}
{"level":30,"time":1774382619072,"pid":1603455,"hostname":"TempleOfZyminx","from":{"q":5,"r":6},"to":{"q":5,"r":19},"msg":"findPath: no valid path found"}
{"level":30,"time":1774382619072,"pid":1603455,"hostname":"TempleOfZyminx","from":{"q":5,"r":6},"to":{"q":5,"r":20},"msg":"findPath: no valid path found"}
{"level":30,"time":1774382619072,"pid":1603593,"hostname":"TempleOfZyminx","from":{"q":5,"r":6},"to":{"q":2,"r":1},"msg":"findPath: no valid path found"}
{"level":30,"time":1774382619072,"pid":1603455,"hostname":"TempleOfZyminx","from":{"q":5,"r":6},"to":{"q":5,"r":21},"msg":"findPath: no valid path found"}
{"level":30,"time":1774382619072,"pid":1603455,"hostname":"TempleOfZyminx","from":{"q":5,"r":6},"to":{"q":6,"r":0},"msg":"findPath: no valid path found"}
{"level":30,"time":1774382619072,"pid":1603593,"hostname":"TempleOfZyminx","from":{"q":5,"r":6},"to":{"q":2,"r":2},"msg":"findPath: no valid path found"}
{"level":30,"time":1774382619072,"pid":1603593,"hostname":"TempleOfZyminx","from":{"q":5,"r":6},"to":{"q":2,"r":3},"msg":"findPath: no valid path found"}
{"level":30,"time":1774382619072,"pid":1603593,"hostname":"TempleOfZyminx","from":{"q":5,"r":6},"to":{"q":2,"r":4},"msg":"findPath: no valid path found"}
{"level":30,"time":1774382619073,"pid":1603593,"hostname":"TempleOfZyminx","from":{"q":5,"r":6},"to":{"q":2,"r":10},"msg":"findPath: no valid path found"}
{"level":30,"time":1774382619073,"pid":1603593,"hostname":"TempleOfZyminx","from":{"q":5,"r":6},"to":{"q":2,"r":11},"msg":"findPath: no valid path found"}
{"level":30,"time":1774382619073,"pid":1603455,"hostname":"TempleOfZyminx","from":{"q":5,"r":6},"to":{"q":6,"r":1},"msg":"findPath: no valid path found"}
{"level":30,"time":1774382619073,"pid":1603593,"hostname":"TempleOfZyminx","from":{"q":5,"r":6},"to":{"q":2,"r":12},"msg":"findPath: no valid path found"}
{"level":30,"time":1774382619073,"pid":1603593,"hostname":"TempleOfZyminx","from":{"q":5,"r":6},"to":{"q":2,"r":13},"msg":"findPath: no valid path found"}
{"level":30,"time":1774382619073,"pid":1603593,"hostname":"TempleOfZyminx","from":{"q":5,"r":6},"to":{"q":2,"r":14},"msg":"findPath: no valid path found"}
{"level":30,"time":1774382619073,"pid":1603455,"hostname":"TempleOfZyminx","from":{"q":5,"r":6},"to":{"q":6,"r":10},"msg":"findPath: no valid path found"}
{"level":30,"time":1774382619073,"pid":1603593,"hostname":"TempleOfZyminx","from":{"q":5,"r":6},"to":{"q":2,"r":15},"msg":"findPath: no valid path found"}
{"level":30,"time":1774382619073,"pid":1603455,"hostname":"TempleOfZyminx","from":{"q":5,"r":6},"to":{"q":6,"r":11},"msg":"findPath: no valid path found"}
{"level":30,"time":1774382619073,"pid":1603593,"hostname":"TempleOfZyminx","from":{"q":5,"r":6},"to":{"q":2,"r":16},"msg":"findPath: no valid path found"}
{"level":30,"time":1774382619073,"pid":1603455,"hostname":"TempleOfZyminx","from":{"q":5,"r":6},"to":{"q":6,"r":12},"msg":"findPath: no valid path found"}
{"level":30,"time":1774382619073,"pid":1603455,"hostname":"TempleOfZyminx","from":{"q":5,"r":6},"to":{"q":6,"r":13},"msg":"findPath: no valid path found"}
{"level":30,"time":1774382619074,"pid":1603455,"hostname":"TempleOfZyminx","from":{"q":5,"r":6},"to":{"q":6,"r":14},"msg":"findPath: no valid path found"}
{"level":30,"time":1774382619074,"pid":1603455,"hostname":"TempleOfZyminx","from":{"q":5,"r":6},"to":{"q":6,"r":15},"msg":"findPath: no valid path found"}
{"level":30,"time":1774382619074,"pid":1603455,"hostname":"TempleOfZyminx","from":{"q":5,"r":6},"to":{"q":6,"r":16},"msg":"findPath: no valid path found"}
{"level":30,"time":1774382619074,"pid":1603455,"hostname":"TempleOfZyminx","from":{"q":5,"r":6},"to":{"q":6,"r":17},"msg":"findPath: no valid path found"}
{"level":30,"time":1774382619074,"pid":1603455,"hostname":"TempleOfZyminx","from":{"q":5,"r":6},"to":{"q":6,"r":18},"msg":"findPath: no valid path found"}
{"level":30,"time":1774382619074,"pid":1603455,"hostname":"TempleOfZyminx","from":{"q":5,"r":6},"to":{"q":6,"r":19},"msg":"findPath: no valid path found"}
{"level":30,"time":1774382619074,"pid":1603593,"hostname":"TempleOfZyminx","from":{"q":5,"r":6},"to":{"q":2,"r":17},"msg":"findPath: no valid path found"}
{"level":30,"time":1774382619074,"pid":1603455,"hostname":"TempleOfZyminx","from":{"q":5,"r":6},"to":{"q":6,"r":20},"msg":"findPath: no valid path found"}
{"level":30,"time":1774382619074,"pid":1603593,"hostname":"TempleOfZyminx","from":{"q":5,"r":6},"to":{"q":2,"r":18},"msg":"findPath: no valid path found"}
{"level":30,"time":1774382619074,"pid":1603455,"hostname":"TempleOfZyminx","from":{"q":5,"r":6},"to":{"q":6,"r":21},"msg":"findPath: no valid path found"}
{"level":30,"time":1774382619074,"pid":1603455,"hostname":"TempleOfZyminx","from":{"q":5,"r":6},"to":{"q":7,"r":0},"msg":"findPath: no valid path found"}
{"level":30,"time":1774382619074,"pid":1603593,"hostname":"TempleOfZyminx","from":{"q":5,"r":6},"to":{"q":2,"r":19},"msg":"findPath: no valid path found"}
{"level":30,"time":1774382619075,"pid":1603455,"hostname":"TempleOfZyminx","from":{"q":5,"r":6},"to":{"q":7,"r":1},"msg":"findPath: no valid path found"}
{"level":30,"time":1774382619075,"pid":1603593,"hostname":"TempleOfZyminx","from":{"q":5,"r":6},"to":{"q":2,"r":20},"msg":"findPath: no valid path found"}
{"level":30,"time":1774382619075,"pid":1603593,"hostname":"TempleOfZyminx","from":{"q":5,"r":6},"to":{"q":2,"r":21},"msg":"findPath: no valid path found"}
{"level":30,"time":1774382619075,"pid":1603593,"hostname":"TempleOfZyminx","from":{"q":5,"r":6},"to":{"q":3,"r":0},"msg":"findPath: no valid path found"}
{"level":30,"time":1774382619075,"pid":1603593,"hostname":"TempleOfZyminx","from":{"q":5,"r":6},"to":{"q":3,"r":1},"msg":"findPath: no valid path found"}
{"level":30,"time":1774382619075,"pid":1603455,"hostname":"TempleOfZyminx","from":{"q":5,"r":6},"to":{"q":7,"r":9},"msg":"findPath: no valid path found"}
{"level":30,"time":1774382619075,"pid":1603455,"hostname":"TempleOfZyminx","from":{"q":5,"r":6},"to":{"q":7,"r":10},"msg":"findPath: no valid path found"}
{"level":30,"time":1774382619075,"pid":1603593,"hostname":"TempleOfZyminx","from":{"q":5,"r":6},"to":{"q":3,"r":2},"msg":"findPath: no valid path found"}
{"level":30,"time":1774382619075,"pid":1603455,"hostname":"TempleOfZyminx","from":{"q":5,"r":6},"to":{"q":7,"r":11},"msg":"findPath: no valid path found"}
{"level":30,"time":1774382619075,"pid":1603593,"hostname":"TempleOfZyminx","from":{"q":5,"r":6},"to":{"q":3,"r":3},"msg":"findPath: no valid path found"}
{"level":30,"time":1774382619075,"pid":1603455,"hostname":"TempleOfZyminx","from":{"q":5,"r":6},"to":{"q":7,"r":12},"msg":"findPath: no valid path found"}
{"level":30,"time":1774382619075,"pid":1603455,"hostname":"TempleOfZyminx","from":{"q":5,"r":6},"to":{"q":7,"r":13},"msg":"findPath: no valid path found"}
{"level":30,"time":1774382619075,"pid":1603455,"hostname":"TempleOfZyminx","from":{"q":5,"r":6},"to":{"q":7,"r":14},"msg":"findPath: no valid path found"}
{"level":30,"time":1774382619075,"pid":1603593,"hostname":"TempleOfZyminx","from":{"q":5,"r":6},"to":{"q":3,"r":8},"msg":"findPath: no valid path found"}
{"level":30,"time":1774382619075,"pid":1603455,"hostname":"TempleOfZyminx","from":{"q":5,"r":6},"to":{"q":7,"r":15},"msg":"findPath: no valid path found"}
{"level":30,"time":1774382619075,"pid":1603455,"hostname":"TempleOfZyminx","from":{"q":5,"r":6},"to":{"q":7,"r":16},"msg":"findPath: no valid path found"}
{"level":30,"time":1774382619075,"pid":1603455,"hostname":"TempleOfZyminx","from":{"q":5,"r":6},"to":{"q":7,"r":17},"msg":"findPath: no valid path found"}
{"level":30,"time":1774382619075,"pid":1603455,"hostname":"TempleOfZyminx","from":{"q":5,"r":6},"to":{"q":7,"r":18},"msg":"findPath: no valid path found"}
{"level":30,"time":1774382619076,"pid":1603593,"hostname":"TempleOfZyminx","from":{"q":5,"r":6},"to":{"q":3,"r":11},"msg":"findPath: no valid path found"}
{"level":30,"time":1774382619076,"pid":1603455,"hostname":"TempleOfZyminx","from":{"q":5,"r":6},"to":{"q":7,"r":19},"msg":"findPath: no valid path found"}
{"level":30,"time":1774382619076,"pid":1603593,"hostname":"TempleOfZyminx","from":{"q":5,"r":6},"to":{"q":3,"r":12},"msg":"findPath: no valid path found"}
{"level":30,"time":1774382619076,"pid":1603455,"hostname":"TempleOfZyminx","from":{"q":5,"r":6},"to":{"q":7,"r":20},"msg":"findPath: no valid path found"}
{"level":30,"time":1774382619076,"pid":1603593,"hostname":"TempleOfZyminx","from":{"q":5,"r":6},"to":{"q":3,"r":13},"msg":"findPath: no valid path found"}
{"level":30,"time":1774382619076,"pid":1603455,"hostname":"TempleOfZyminx","from":{"q":5,"r":6},"to":{"q":7,"r":21},"msg":"findPath: no valid path found"}
{"level":30,"time":1774382619076,"pid":1603455,"hostname":"TempleOfZyminx","from":{"q":5,"r":6},"to":{"q":8,"r":0},"msg":"findPath: no valid path found"}
{"level":30,"time":1774382619076,"pid":1603593,"hostname":"TempleOfZyminx","from":{"q":5,"r":6},"to":{"q":3,"r":14},"msg":"findPath: no valid path found"}
{"level":30,"time":1774382619076,"pid":1603455,"hostname":"TempleOfZyminx","from":{"q":5,"r":6},"to":{"q":8,"r":1},"msg":"findPath: no valid path found"}
{"level":30,"time":1774382619076,"pid":1603593,"hostname":"TempleOfZyminx","from":{"q":5,"r":6},"to":{"q":3,"r":15},"msg":"findPath: no valid path found"}
{"level":30,"time":1774382619076,"pid":1603593,"hostname":"TempleOfZyminx","from":{"q":5,"r":6},"to":{"q":3,"r":16},"msg":"findPath: no valid path found"}
{"level":30,"time":1774382619076,"pid":1603593,"hostname":"TempleOfZyminx","from":{"q":5,"r":6},"to":{"q":3,"r":17},"msg":"findPath: no valid path found"}
{"level":30,"time":1774382619076,"pid":1603593,"hostname":"TempleOfZyminx","from":{"q":5,"r":6},"to":{"q":3,"r":18},"msg":"findPath: no valid path found"}
{"level":30,"time":1774382619076,"pid":1603455,"hostname":"TempleOfZyminx","from":{"q":5,"r":6},"to":{"q":8,"r":8},"msg":"findPath: no valid path found"}
{"level":30,"time":1774382619076,"pid":1603593,"hostname":"TempleOfZyminx","from":{"q":5,"r":6},"to":{"q":3,"r":19},"msg":"findPath: no valid path found"}
{"level":30,"time":1774382619076,"pid":1603455,"hostname":"TempleOfZyminx","from":{"q":5,"r":6},"to":{"q":8,"r":9},"msg":"findPath: no valid path found"}
{"level":30,"time":1774382619076,"pid":1603593,"hostname":"TempleOfZyminx","from":{"q":5,"r":6},"to":{"q":3,"r":20},"msg":"findPath: no valid path found"}
{"level":30,"time":1774382619076,"pid":1603455,"hostname":"TempleOfZyminx","from":{"q":5,"r":6},"to":{"q":8,"r":10},"msg":"findPath: no valid path found"}
{"level":30,"time":1774382619076,"pid":1603455,"hostname":"TempleOfZyminx","from":{"q":5,"r":6},"to":{"q":8,"r":11},"msg":"findPath: no valid path found"}
{"level":30,"time":1774382619076,"pid":1603593,"hostname":"TempleOfZyminx","from":{"q":5,"r":6},"to":{"q":3,"r":21},"msg":"findPath: no valid path found"}
{"level":30,"time":1774382619076,"pid":1603455,"hostname":"TempleOfZyminx","from":{"q":5,"r":6},"to":{"q":8,"r":12},"msg":"findPath: no valid path found"}
{"level":30,"time":1774382619077,"pid":1603593,"hostname":"TempleOfZyminx","from":{"q":5,"r":6},"to":{"q":4,"r":0},"msg":"findPath: no valid path found"}
{"level":30,"time":1774382619077,"pid":1603455,"hostname":"TempleOfZyminx","from":{"q":5,"r":6},"to":{"q":8,"r":13},"msg":"findPath: no valid path found"}
{"level":30,"time":1774382619077,"pid":1603593,"hostname":"TempleOfZyminx","from":{"q":5,"r":6},"to":{"q":4,"r":1},"msg":"findPath: no valid path found"}
{"level":30,"time":1774382619077,"pid":1603455,"hostname":"TempleOfZyminx","from":{"q":5,"r":6},"to":{"q":8,"r":14},"msg":"findPath: no valid path found"}
{"level":30,"time":1774382619077,"pid":1603455,"hostname":"TempleOfZyminx","from":{"q":5,"r":6},"to":{"q":8,"r":15},"msg":"findPath: no valid path found"}
{"level":30,"time":1774382619077,"pid":1603593,"hostname":"TempleOfZyminx","from":{"q":5,"r":6},"to":{"q":4,"r":2},"msg":"findPath: no valid path found"}
{"level":30,"time":1774382619077,"pid":1603455,"hostname":"TempleOfZyminx","from":{"q":5,"r":6},"to":{"q":8,"r":16},"msg":"findPath: no valid path found"}
{"level":30,"time":1774382619077,"pid":1603455,"hostname":"TempleOfZyminx","from":{"q":5,"r":6},"to":{"q":8,"r":17},"msg":"findPath: no valid path found"}
{"level":30,"time":1774382619077,"pid":1603455,"hostname":"TempleOfZyminx","from":{"q":5,"r":6},"to":{"q":8,"r":18},"msg":"findPath: no valid path found"}
{"level":30,"time":1774382619077,"pid":1603593,"hostname":"TempleOfZyminx","from":{"q":5,"r":6},"to":{"q":4,"r":8},"msg":"findPath: no valid path found"}
{"level":30,"time":1774382619077,"pid":1603455,"hostname":"TempleOfZyminx","from":{"q":5,"r":6},"to":{"q":8,"r":19},"msg":"findPath: no valid path found"}
{"level":30,"time":1774382619077,"pid":1603455,"hostname":"TempleOfZyminx","from":{"q":5,"r":6},"to":{"q":8,"r":20},"msg":"findPath: no valid path found"}
{"level":30,"time":1774382619077,"pid":1603455,"hostname":"TempleOfZyminx","from":{"q":5,"r":6},"to":{"q":8,"r":21},"msg":"findPath: no valid path found"}
{"level":30,"time":1774382619077,"pid":1603593,"hostname":"TempleOfZyminx","from":{"q":5,"r":6},"to":{"q":4,"r":11},"msg":"findPath: no valid path found"}
{"level":30,"time":1774382619077,"pid":1603455,"hostname":"TempleOfZyminx","from":{"q":5,"r":6},"to":{"q":9,"r":0},"msg":"findPath: no valid path found"}
{"level":30,"time":1774382619077,"pid":1603593,"hostname":"TempleOfZyminx","from":{"q":5,"r":6},"to":{"q":4,"r":12},"msg":"findPath: no valid path found"}
{"level":30,"time":1774382619077,"pid":1603455,"hostname":"TempleOfZyminx","from":{"q":5,"r":6},"to":{"q":9,"r":1},"msg":"findPath: no valid path found"}
{"level":30,"time":1774382619077,"pid":1603593,"hostname":"TempleOfZyminx","from":{"q":5,"r":6},"to":{"q":4,"r":13},"msg":"findPath: no valid path found"}
{"level":30,"time":1774382619077,"pid":1603593,"hostname":"TempleOfZyminx","from":{"q":5,"r":6},"to":{"q":4,"r":14},"msg":"findPath: no valid path found"}
{"level":30,"time":1774382619078,"pid":1603593,"hostname":"TempleOfZyminx","from":{"q":5,"r":6},"to":{"q":4,"r":15},"msg":"findPath: no valid path found"}
{"level":30,"time":1774382619078,"pid":1603593,"hostname":"TempleOfZyminx","from":{"q":5,"r":6},"to":{"q":4,"r":16},"msg":"findPath: no valid path found"}
{"level":30,"time":1774382619078,"pid":1603455,"hostname":"TempleOfZyminx","from":{"q":5,"r":6},"to":{"q":9,"r":7},"msg":"findPath: no valid path found"}
{"level":30,"time":1774382619078,"pid":1603455,"hostname":"TempleOfZyminx","from":{"q":5,"r":6},"to":{"q":9,"r":8},"msg":"findPath: no valid path found"}
{"level":30,"time":1774382619078,"pid":1603593,"hostname":"TempleOfZyminx","from":{"q":5,"r":6},"to":{"q":4,"r":17},"msg":"findPath: no valid path found"}
{"level":30,"time":1774382619078,"pid":1603455,"hostname":"TempleOfZyminx","from":{"q":5,"r":6},"to":{"q":9,"r":9},"msg":"findPath: no valid path found"}
{"level":30,"time":1774382619078,"pid":1603593,"hostname":"TempleOfZyminx","from":{"q":5,"r":6},"to":{"q":4,"r":18},"msg":"findPath: no valid path found"}
{"level":30,"time":1774382619078,"pid":1603455,"hostname":"TempleOfZyminx","from":{"q":5,"r":6},"to":{"q":9,"r":10},"msg":"findPath: no valid path found"}
{"level":30,"time":1774382619078,"pid":1603593,"hostname":"TempleOfZyminx","from":{"q":5,"r":6},"to":{"q":4,"r":19},"msg":"findPath: no valid path found"}
{"level":30,"time":1774382619078,"pid":1603455,"hostname":"TempleOfZyminx","from":{"q":5,"r":6},"to":{"q":9,"r":11},"msg":"findPath: no valid path found"}
{"level":30,"time":1774382619078,"pid":1603593,"hostname":"TempleOfZyminx","from":{"q":5,"r":6},"to":{"q":4,"r":20},"msg":"findPath: no valid path found"}
{"level":30,"time":1774382619078,"pid":1603455,"hostname":"TempleOfZyminx","from":{"q":5,"r":6},"to":{"q":9,"r":12},"msg":"findPath: no valid path found"}
{"level":30,"time":1774382619078,"pid":1603593,"hostname":"TempleOfZyminx","from":{"q":5,"r":6},"to":{"q":4,"r":21},"msg":"findPath: no valid path found"}
{"level":30,"time":1774382619078,"pid":1603455,"hostname":"TempleOfZyminx","from":{"q":5,"r":6},"to":{"q":9,"r":13},"msg":"findPath: no valid path found"}
{"level":30,"time":1774382619078,"pid":1603593,"hostname":"TempleOfZyminx","from":{"q":5,"r":6},"to":{"q":5,"r":0},"msg":"findPath: no valid path found"}
{"level":30,"time":1774382619078,"pid":1603455,"hostname":"TempleOfZyminx","from":{"q":5,"r":6},"to":{"q":9,"r":14},"msg":"findPath: no valid path found"}
{"level":30,"time":1774382619078,"pid":1603593,"hostname":"TempleOfZyminx","from":{"q":5,"r":6},"to":{"q":5,"r":1},"msg":"findPath: no valid path found"}
{"level":30,"time":1774382619078,"pid":1603455,"hostname":"TempleOfZyminx","from":{"q":5,"r":6},"to":{"q":9,"r":15},"msg":"findPath: no valid path found"}
{"level":30,"time":1774382619078,"pid":1603593,"hostname":"TempleOfZyminx","from":{"q":5,"r":6},"to":{"q":5,"r":2},"msg":"findPath: no valid path found"}
{"level":30,"time":1774382619078,"pid":1603455,"hostname":"TempleOfZyminx","from":{"q":5,"r":6},"to":{"q":9,"r":16},"msg":"findPath: no valid path found"}
{"level":30,"time":1774382619078,"pid":1603455,"hostname":"TempleOfZyminx","from":{"q":5,"r":6},"to":{"q":9,"r":17},"msg":"findPath: no valid path found"}
{"level":30,"time":1774382619079,"pid":1603455,"hostname":"TempleOfZyminx","from":{"q":5,"r":6},"to":{"q":9,"r":18},"msg":"findPath: no valid path found"}
{"level":30,"time":1774382619079,"pid":1603455,"hostname":"TempleOfZyminx","from":{"q":5,"r":6},"to":{"q":9,"r":19},"msg":"findPath: no valid path found"}
{"level":30,"time":1774382619079,"pid":1603455,"hostname":"TempleOfZyminx","from":{"q":5,"r":6},"to":{"q":9,"r":20},"msg":"findPath: no valid path found"}
{"level":30,"time":1774382619079,"pid":1603455,"hostname":"TempleOfZyminx","from":{"q":5,"r":6},"to":{"q":9,"r":21},"msg":"findPath: no valid path found"}
{"level":30,"time":1774382619079,"pid":1603593,"hostname":"TempleOfZyminx","from":{"q":5,"r":6},"to":{"q":5,"r":11},"msg":"findPath: no valid path found"}
{"level":30,"time":1774382619079,"pid":1603455,"hostname":"TempleOfZyminx","from":{"q":5,"r":6},"to":{"q":10,"r":0},"msg":"findPath: no valid path found"}
{"level":30,"time":1774382619079,"pid":1603593,"hostname":"TempleOfZyminx","from":{"q":5,"r":6},"to":{"q":5,"r":12},"msg":"findPath: no valid path found"}
{"level":30,"time":1774382619079,"pid":1603455,"hostname":"TempleOfZyminx","from":{"q":5,"r":6},"to":{"q":10,"r":1},"msg":"findPath: no valid path found"}
{"level":30,"time":1774382619079,"pid":1603455,"hostname":"TempleOfZyminx","from":{"q":5,"r":6},"to":{"q":10,"r":2},"msg":"findPath: no valid path found"}
{"level":30,"time":1774382619079,"pid":1603455,"hostname":"TempleOfZyminx","from":{"q":5,"r":6},"to":{"q":10,"r":3},"msg":"findPath: no valid path found"}
{"level":30,"time":1774382619079,"pid":1603455,"hostname":"TempleOfZyminx","from":{"q":5,"r":6},"to":{"q":10,"r":4},"msg":"findPath: no valid path found"}
{"level":30,"time":1774382619079,"pid":1603455,"hostname":"TempleOfZyminx","from":{"q":5,"r":6},"to":{"q":10,"r":5},"msg":"findPath: no valid path found"}
{"level":30,"time":1774382619079,"pid":1603455,"hostname":"TempleOfZyminx","from":{"q":5,"r":6},"to":{"q":10,"r":6},"msg":"findPath: no valid path found"}
{"level":30,"time":1774382619079,"pid":1603593,"hostname":"TempleOfZyminx","from":{"q":5,"r":6},"to":{"q":5,"r":13},"msg":"findPath: no valid path found"}
{"level":30,"time":1774382619079,"pid":1603593,"hostname":"TempleOfZyminx","from":{"q":5,"r":6},"to":{"q":5,"r":14},"msg":"findPath: no valid path found"}
{"level":30,"time":1774382619079,"pid":1603593,"hostname":"TempleOfZyminx","from":{"q":5,"r":6},"to":{"q":5,"r":15},"msg":"findPath: no valid path found"}
{"level":30,"time":1774382619079,"pid":1603593,"hostname":"TempleOfZyminx","from":{"q":5,"r":6},"to":{"q":5,"r":16},"msg":"findPath: no valid path found"}
{"level":30,"time":1774382619080,"pid":1603593,"hostname":"TempleOfZyminx","from":{"q":5,"r":6},"to":{"q":5,"r":17},"msg":"findPath: no valid path found"}
{"level":30,"time":1774382619080,"pid":1603455,"hostname":"TempleOfZyminx","from":{"q":5,"r":6},"to":{"q":10,"r":7},"msg":"findPath: no valid path found"}
{"level":30,"time":1774382619080,"pid":1603455,"hostname":"TempleOfZyminx","from":{"q":5,"r":6},"to":{"q":10,"r":8},"msg":"findPath: no valid path found"}
{"level":30,"time":1774382619080,"pid":1603593,"hostname":"TempleOfZyminx","from":{"q":5,"r":6},"to":{"q":5,"r":18},"msg":"findPath: no valid path found"}
{"level":30,"time":1774382619080,"pid":1603455,"hostname":"TempleOfZyminx","from":{"q":5,"r":6},"to":{"q":10,"r":9},"msg":"findPath: no valid path found"}
{"level":30,"time":1774382619080,"pid":1603455,"hostname":"TempleOfZyminx","from":{"q":5,"r":6},"to":{"q":10,"r":10},"msg":"findPath: no valid path found"}
{"level":30,"time":1774382619080,"pid":1603593,"hostname":"TempleOfZyminx","from":{"q":5,"r":6},"to":{"q":5,"r":19},"msg":"findPath: no valid path found"}
{"level":30,"time":1774382619080,"pid":1603455,"hostname":"TempleOfZyminx","from":{"q":5,"r":6},"to":{"q":10,"r":11},"msg":"findPath: no valid path found"}
{"level":30,"time":1774382619080,"pid":1603455,"hostname":"TempleOfZyminx","from":{"q":5,"r":6},"to":{"q":10,"r":12},"msg":"findPath: no valid path found"}
{"level":30,"time":1774382619080,"pid":1603593,"hostname":"TempleOfZyminx","from":{"q":5,"r":6},"to":{"q":5,"r":20},"msg":"findPath: no valid path found"}
{"level":30,"time":1774382619080,"pid":1603455,"hostname":"TempleOfZyminx","from":{"q":5,"r":6},"to":{"q":10,"r":13},"msg":"findPath: no valid path found"}
{"level":30,"time":1774382619080,"pid":1603455,"hostname":"TempleOfZyminx","from":{"q":5,"r":6},"to":{"q":10,"r":14},"msg":"findPath: no valid path found"}
{"level":30,"time":1774382619080,"pid":1603593,"hostname":"TempleOfZyminx","from":{"q":5,"r":6},"to":{"q":5,"r":21},"msg":"findPath: no valid path found"}
{"level":30,"time":1774382619080,"pid":1603455,"hostname":"TempleOfZyminx","from":{"q":5,"r":6},"to":{"q":10,"r":15},"msg":"findPath: no valid path found"}
{"level":30,"time":1774382619080,"pid":1603455,"hostname":"TempleOfZyminx","from":{"q":5,"r":6},"to":{"q":10,"r":16},"msg":"findPath: no valid path found"}
{"level":30,"time":1774382619080,"pid":1603593,"hostname":"TempleOfZyminx","from":{"q":5,"r":6},"to":{"q":6,"r":0},"msg":"findPath: no valid path found"}
{"level":30,"time":1774382619080,"pid":1603455,"hostname":"TempleOfZyminx","from":{"q":5,"r":6},"to":{"q":10,"r":17},"msg":"findPath: no valid path found"}
{"level":30,"time":1774382619080,"pid":1603455,"hostname":"TempleOfZyminx","from":{"q":5,"r":6},"to":{"q":10,"r":18},"msg":"findPath: no valid path found"}
{"level":30,"time":1774382619080,"pid":1603593,"hostname":"TempleOfZyminx","from":{"q":5,"r":6},"to":{"q":6,"r":1},"msg":"findPath: no valid path found"}
{"level":30,"time":1774382619080,"pid":1603455,"hostname":"TempleOfZyminx","from":{"q":5,"r":6},"to":{"q":10,"r":19},"msg":"findPath: no valid path found"}
{"level":30,"time":1774382619080,"pid":1603455,"hostname":"TempleOfZyminx","from":{"q":5,"r":6},"to":{"q":10,"r":20},"msg":"findPath: no valid path found"}
{"level":30,"time":1774382619080,"pid":1603455,"hostname":"TempleOfZyminx","from":{"q":5,"r":6},"to":{"q":10,"r":21},"msg":"findPath: no valid path found"}
{"level":30,"time":1774382619080,"pid":1603455,"hostname":"TempleOfZyminx","from":{"q":5,"r":6},"to":{"q":11,"r":0},"msg":"findPath: no valid path found"}
{"level":30,"time":1774382619081,"pid":1603455,"hostname":"TempleOfZyminx","from":{"q":5,"r":6},"to":{"q":11,"r":1},"msg":"findPath: no valid path found"}
{"level":30,"time":1774382619081,"pid":1603593,"hostname":"TempleOfZyminx","from":{"q":5,"r":6},"to":{"q":6,"r":10},"msg":"findPath: no valid path found"}
{"level":30,"time":1774382619081,"pid":1603455,"hostname":"TempleOfZyminx","from":{"q":5,"r":6},"to":{"q":11,"r":2},"msg":"findPath: no valid path found"}
{"level":30,"time":1774382619081,"pid":1603455,"hostname":"TempleOfZyminx","from":{"q":5,"r":6},"to":{"q":11,"r":3},"msg":"findPath: no valid path found"}
{"level":30,"time":1774382619081,"pid":1603593,"hostname":"TempleOfZyminx","from":{"q":5,"r":6},"to":{"q":6,"r":11},"msg":"findPath: no valid path found"}
{"level":30,"time":1774382619081,"pid":1603455,"hostname":"TempleOfZyminx","from":{"q":5,"r":6},"to":{"q":11,"r":4},"msg":"findPath: no valid path found"}
{"level":30,"time":1774382619081,"pid":1603455,"hostname":"TempleOfZyminx","from":{"q":5,"r":6},"to":{"q":11,"r":5},"msg":"findPath: no valid path found"}
{"level":30,"time":1774382619081,"pid":1603593,"hostname":"TempleOfZyminx","from":{"q":5,"r":6},"to":{"q":6,"r":12},"msg":"findPath: no valid path found"}
{"level":30,"time":1774382619081,"pid":1603455,"hostname":"TempleOfZyminx","from":{"q":5,"r":6},"to":{"q":11,"r":6},"msg":"findPath: no valid path found"}
{"level":30,"time":1774382619081,"pid":1603455,"hostname":"TempleOfZyminx","from":{"q":5,"r":6},"to":{"q":11,"r":7},"msg":"findPath: no valid path found"}
{"level":30,"time":1774382619081,"pid":1603455,"hostname":"TempleOfZyminx","from":{"q":5,"r":6},"to":{"q":11,"r":8},"msg":"findPath: no valid path found"}
{"level":30,"time":1774382619081,"pid":1603593,"hostname":"TempleOfZyminx","from":{"q":5,"r":6},"to":{"q":6,"r":13},"msg":"findPath: no valid path found"}
{"level":30,"time":1774382619081,"pid":1603455,"hostname":"TempleOfZyminx","from":{"q":5,"r":6},"to":{"q":11,"r":9},"msg":"findPath: no valid path found"}
{"level":30,"time":1774382619081,"pid":1603593,"hostname":"TempleOfZyminx","from":{"q":5,"r":6},"to":{"q":6,"r":14},"msg":"findPath: no valid path found"}
{"level":30,"time":1774382619081,"pid":1603455,"hostname":"TempleOfZyminx","from":{"q":5,"r":6},"to":{"q":11,"r":10},"msg":"findPath: no valid path found"}
{"level":30,"time":1774382619081,"pid":1603455,"hostname":"TempleOfZyminx","from":{"q":5,"r":6},"to":{"q":11,"r":11},"msg":"findPath: no valid path found"}
{"level":30,"time":1774382619081,"pid":1603593,"hostname":"TempleOfZyminx","from":{"q":5,"r":6},"to":{"q":6,"r":15},"msg":"findPath: no valid path found"}
{"level":30,"time":1774382619081,"pid":1603455,"hostname":"TempleOfZyminx","from":{"q":5,"r":6},"to":{"q":11,"r":12},"msg":"findPath: no valid path found"}
{"level":30,"time":1774382619081,"pid":1603455,"hostname":"TempleOfZyminx","from":{"q":5,"r":6},"to":{"q":11,"r":13},"msg":"findPath: no valid path found"}
{"level":30,"time":1774382619081,"pid":1603593,"hostname":"TempleOfZyminx","from":{"q":5,"r":6},"to":{"q":6,"r":16},"msg":"findPath: no valid path found"}
{"level":30,"time":1774382619081,"pid":1603455,"hostname":"TempleOfZyminx","from":{"q":5,"r":6},"to":{"q":11,"r":14},"msg":"findPath: no valid path found"}
{"level":30,"time":1774382619081,"pid":1603455,"hostname":"TempleOfZyminx","from":{"q":5,"r":6},"to":{"q":11,"r":15},"msg":"findPath: no valid path found"}
{"level":30,"time":1774382619081,"pid":1603593,"hostname":"TempleOfZyminx","from":{"q":5,"r":6},"to":{"q":6,"r":17},"msg":"findPath: no valid path found"}
{"level":30,"time":1774382619081,"pid":1603455,"hostname":"TempleOfZyminx","from":{"q":5,"r":6},"to":{"q":11,"r":16},"msg":"findPath: no valid path found"}
{"level":30,"time":1774382619082,"pid":1603455,"hostname":"TempleOfZyminx","from":{"q":5,"r":6},"to":{"q":11,"r":17},"msg":"findPath: no valid path found"}
{"level":30,"time":1774382619082,"pid":1603593,"hostname":"TempleOfZyminx","from":{"q":5,"r":6},"to":{"q":6,"r":18},"msg":"findPath: no valid path found"}
{"level":30,"time":1774382619082,"pid":1603455,"hostname":"TempleOfZyminx","from":{"q":5,"r":6},"to":{"q":11,"r":18},"msg":"findPath: no valid path found"}
{"level":30,"time":1774382619082,"pid":1603455,"hostname":"TempleOfZyminx","from":{"q":5,"r":6},"to":{"q":11,"r":19},"msg":"findPath: no valid path found"}
{"level":30,"time":1774382619082,"pid":1603593,"hostname":"TempleOfZyminx","from":{"q":5,"r":6},"to":{"q":6,"r":19},"msg":"findPath: no valid path found"}
{"level":30,"time":1774382619082,"pid":1603455,"hostname":"TempleOfZyminx","from":{"q":5,"r":6},"to":{"q":11,"r":20},"msg":"findPath: no valid path found"}
{"level":30,"time":1774382619082,"pid":1603455,"hostname":"TempleOfZyminx","from":{"q":5,"r":6},"to":{"q":11,"r":21},"msg":"findPath: no valid path found"}
{"level":30,"time":1774382619082,"pid":1603593,"hostname":"TempleOfZyminx","from":{"q":5,"r":6},"to":{"q":6,"r":20},"msg":"findPath: no valid path found"}
{"level":30,"time":1774382619082,"pid":1603455,"hostname":"TempleOfZyminx","from":{"q":5,"r":6},"to":{"q":12,"r":0},"msg":"findPath: no valid path found"}
{"level":30,"time":1774382619082,"pid":1603455,"hostname":"TempleOfZyminx","from":{"q":5,"r":6},"to":{"q":12,"r":1},"msg":"findPath: no valid path found"}
{"level":30,"time":1774382619082,"pid":1603593,"hostname":"TempleOfZyminx","from":{"q":5,"r":6},"to":{"q":6,"r":21},"msg":"findPath: no valid path found"}
{"level":30,"time":1774382619082,"pid":1603455,"hostname":"TempleOfZyminx","from":{"q":5,"r":6},"to":{"q":12,"r":2},"msg":"findPath: no valid path found"}
{"level":30,"time":1774382619082,"pid":1603455,"hostname":"TempleOfZyminx","from":{"q":5,"r":6},"to":{"q":12,"r":3},"msg":"findPath: no valid path found"}
{"level":30,"time":1774382619082,"pid":1603593,"hostname":"TempleOfZyminx","from":{"q":5,"r":6},"to":{"q":7,"r":0},"msg":"findPath: no valid path found"}
{"level":30,"time":1774382619082,"pid":1603455,"hostname":"TempleOfZyminx","from":{"q":5,"r":6},"to":{"q":12,"r":4},"msg":"findPath: no valid path found"}
{"level":30,"time":1774382619082,"pid":1603455,"hostname":"TempleOfZyminx","from":{"q":5,"r":6},"to":{"q":12,"r":5},"msg":"findPath: no valid path found"}
{"level":30,"time":1774382619082,"pid":1603455,"hostname":"TempleOfZyminx","from":{"q":5,"r":6},"to":{"q":12,"r":6},"msg":"findPath: no valid path found"}
{"level":30,"time":1774382619082,"pid":1603593,"hostname":"TempleOfZyminx","from":{"q":5,"r":6},"to":{"q":7,"r":1},"msg":"findPath: no valid path found"}
{"level":30,"time":1774382619082,"pid":1603455,"hostname":"TempleOfZyminx","from":{"q":5,"r":6},"to":{"q":12,"r":7},"msg":"findPath: no valid path found"}
{"level":30,"time":1774382619082,"pid":1603455,"hostname":"TempleOfZyminx","from":{"q":5,"r":6},"to":{"q":12,"r":8},"msg":"findPath: no valid path found"}
{"level":30,"time":1774382619082,"pid":1603455,"hostname":"TempleOfZyminx","from":{"q":5,"r":6},"to":{"q":12,"r":9},"msg":"findPath: no valid path found"}
{"level":30,"time":1774382619082,"pid":1603455,"hostname":"TempleOfZyminx","from":{"q":5,"r":6},"to":{"q":12,"r":10},"msg":"findPath: no valid path found"}
{"level":30,"time":1774382619083,"pid":1603455,"hostname":"TempleOfZyminx","from":{"q":5,"r":6},"to":{"q":12,"r":11},"msg":"findPath: no valid path found"}
{"level":30,"time":1774382619083,"pid":1603455,"hostname":"TempleOfZyminx","from":{"q":5,"r":6},"to":{"q":12,"r":12},"msg":"findPath: no valid path found"}
{"level":30,"time":1774382619083,"pid":1603455,"hostname":"TempleOfZyminx","from":{"q":5,"r":6},"to":{"q":12,"r":13},"msg":"findPath: no valid path found"}
{"level":30,"time":1774382619083,"pid":1603593,"hostname":"TempleOfZyminx","from":{"q":5,"r":6},"to":{"q":7,"r":9},"msg":"findPath: no valid path found"}
{"level":30,"time":1774382619083,"pid":1603455,"hostname":"TempleOfZyminx","from":{"q":5,"r":6},"to":{"q":12,"r":14},"msg":"findPath: no valid path found"}
{"level":30,"time":1774382619083,"pid":1603455,"hostname":"TempleOfZyminx","from":{"q":5,"r":6},"to":{"q":12,"r":15},"msg":"findPath: no valid path found"}
{"level":30,"time":1774382619083,"pid":1603593,"hostname":"TempleOfZyminx","from":{"q":5,"r":6},"to":{"q":7,"r":10},"msg":"findPath: no valid path found"}
{"level":30,"time":1774382619083,"pid":1603455,"hostname":"TempleOfZyminx","from":{"q":5,"r":6},"to":{"q":12,"r":16},"msg":"findPath: no valid path found"}
{"level":30,"time":1774382619083,"pid":1603455,"hostname":"TempleOfZyminx","from":{"q":5,"r":6},"to":{"q":12,"r":17},"msg":"findPath: no valid path found"}
{"level":30,"time":1774382619083,"pid":1603593,"hostname":"TempleOfZyminx","from":{"q":5,"r":6},"to":{"q":7,"r":11},"msg":"findPath: no valid path found"}
{"level":30,"time":1774382619083,"pid":1603455,"hostname":"TempleOfZyminx","from":{"q":5,"r":6},"to":{"q":12,"r":18},"msg":"findPath: no valid path found"}
{"level":30,"time":1774382619083,"pid":1603455,"hostname":"TempleOfZyminx","from":{"q":5,"r":6},"to":{"q":12,"r":19},"msg":"findPath: no valid path found"}
{"level":30,"time":1774382619083,"pid":1603593,"hostname":"TempleOfZyminx","from":{"q":5,"r":6},"to":{"q":7,"r":12},"msg":"findPath: no valid path found"}
{"level":30,"time":1774382619083,"pid":1603455,"hostname":"TempleOfZyminx","from":{"q":5,"r":6},"to":{"q":12,"r":20},"msg":"findPath: no valid path found"}
{"level":30,"time":1774382619083,"pid":1603455,"hostname":"TempleOfZyminx","from":{"q":5,"r":6},"to":{"q":12,"r":21},"msg":"findPath: no valid path found"}
{"level":30,"time":1774382619083,"pid":1603593,"hostname":"TempleOfZyminx","from":{"q":5,"r":6},"to":{"q":7,"r":13},"msg":"findPath: no valid path found"}
{"level":30,"time":1774382619083,"pid":1603455,"hostname":"TempleOfZyminx","from":{"q":5,"r":6},"to":{"q":13,"r":0},"msg":"findPath: no valid path found"}
{"level":30,"time":1774382619083,"pid":1603455,"hostname":"TempleOfZyminx","from":{"q":5,"r":6},"to":{"q":13,"r":1},"msg":"findPath: no valid path found"}
{"level":30,"time":1774382619083,"pid":1603593,"hostname":"TempleOfZyminx","from":{"q":5,"r":6},"to":{"q":7,"r":14},"msg":"findPath: no valid path found"}
{"level":30,"time":1774382619083,"pid":1603455,"hostname":"TempleOfZyminx","from":{"q":5,"r":6},"to":{"q":13,"r":2},"msg":"findPath: no valid path found"}
{"level":30,"time":1774382619083,"pid":1603455,"hostname":"TempleOfZyminx","from":{"q":5,"r":6},"to":{"q":13,"r":3},"msg":"findPath: no valid path found"}
{"level":30,"time":1774382619083,"pid":1603593,"hostname":"TempleOfZyminx","from":{"q":5,"r":6},"to":{"q":7,"r":15},"msg":"findPath: no valid path found"}
{"level":30,"time":1774382619083,"pid":1603455,"hostname":"TempleOfZyminx","from":{"q":5,"r":6},"to":{"q":13,"r":4},"msg":"findPath: no valid path found"}
{"level":30,"time":1774382619084,"pid":1603455,"hostname":"TempleOfZyminx","from":{"q":5,"r":6},"to":{"q":13,"r":5},"msg":"findPath: no valid path found"}
{"level":30,"time":1774382619084,"pid":1603593,"hostname":"TempleOfZyminx","from":{"q":5,"r":6},"to":{"q":7,"r":16},"msg":"findPath: no valid path found"}
{"level":30,"time":1774382619084,"pid":1603593,"hostname":"TempleOfZyminx","from":{"q":5,"r":6},"to":{"q":7,"r":17},"msg":"findPath: no valid path found"}
{"level":30,"time":1774382619084,"pid":1603593,"hostname":"TempleOfZyminx","from":{"q":5,"r":6},"to":{"q":7,"r":18},"msg":"findPath: no valid path found"}
{"level":30,"time":1774382619084,"pid":1603593,"hostname":"TempleOfZyminx","from":{"q":5,"r":6},"to":{"q":7,"r":19},"msg":"findPath: no valid path found"}
{"level":30,"time":1774382619084,"pid":1603593,"hostname":"TempleOfZyminx","from":{"q":5,"r":6},"to":{"q":7,"r":20},"msg":"findPath: no valid path found"}
{"level":30,"time":1774382619084,"pid":1603455,"hostname":"TempleOfZyminx","from":{"q":5,"r":6},"to":{"q":13,"r":6},"msg":"findPath: no valid path found"}
{"level":30,"time":1774382619084,"pid":1603593,"hostname":"TempleOfZyminx","from":{"q":5,"r":6},"to":{"q":7,"r":21},"msg":"findPath: no valid path found"}
{"level":30,"time":1774382619084,"pid":1603593,"hostname":"TempleOfZyminx","from":{"q":5,"r":6},"to":{"q":8,"r":0},"msg":"findPath: no valid path found"}
{"level":30,"time":1774382619084,"pid":1603455,"hostname":"TempleOfZyminx","from":{"q":5,"r":6},"to":{"q":13,"r":7},"msg":"findPath: no valid path found"}
{"level":30,"time":1774382619084,"pid":1603593,"hostname":"TempleOfZyminx","from":{"q":5,"r":6},"to":{"q":8,"r":1},"msg":"findPath: no valid path found"}
{"level":30,"time":1774382619084,"pid":1603455,"hostname":"TempleOfZyminx","from":{"q":5,"r":6},"to":{"q":13,"r":8},"msg":"findPath: no valid path found"}
{"level":30,"time":1774382619085,"pid":1603455,"hostname":"TempleOfZyminx","from":{"q":5,"r":6},"to":{"q":13,"r":9},"msg":"findPath: no valid path found"}
{"level":30,"time":1774382619085,"pid":1603455,"hostname":"TempleOfZyminx","from":{"q":5,"r":6},"to":{"q":13,"r":10},"msg":"findPath: no valid path found"}
{"level":30,"time":1774382619085,"pid":1603593,"hostname":"TempleOfZyminx","from":{"q":5,"r":6},"to":{"q":8,"r":8},"msg":"findPath: no valid path found"}
{"level":30,"time":1774382619085,"pid":1603455,"hostname":"TempleOfZyminx","from":{"q":5,"r":6},"to":{"q":13,"r":11},"msg":"findPath: no valid path found"}
{"level":30,"time":1774382619085,"pid":1603593,"hostname":"TempleOfZyminx","from":{"q":5,"r":6},"to":{"q":8,"r":9},"msg":"findPath: no valid path found"}
{"level":30,"time":1774382619085,"pid":1603455,"hostname":"TempleOfZyminx","from":{"q":5,"r":6},"to":{"q":13,"r":12},"msg":"findPath: no valid path found"}
{"level":30,"time":1774382619085,"pid":1603593,"hostname":"TempleOfZyminx","from":{"q":5,"r":6},"to":{"q":8,"r":10},"msg":"findPath: no valid path found"}
{"level":30,"time":1774382619085,"pid":1603593,"hostname":"TempleOfZyminx","from":{"q":5,"r":6},"to":{"q":8,"r":11},"msg":"findPath: no valid path found"}
{"level":30,"time":1774382619085,"pid":1603455,"hostname":"TempleOfZyminx","from":{"q":5,"r":6},"to":{"q":13,"r":13},"msg":"findPath: no valid path found"}
{"level":30,"time":1774382619085,"pid":1603593,"hostname":"TempleOfZyminx","from":{"q":5,"r":6},"to":{"q":8,"r":12},"msg":"findPath: no valid path found"}
{"level":30,"time":1774382619085,"pid":1603455,"hostname":"TempleOfZyminx","from":{"q":5,"r":6},"to":{"q":13,"r":14},"msg":"findPath: no valid path found"}
{"level":30,"time":1774382619085,"pid":1603593,"hostname":"TempleOfZyminx","from":{"q":5,"r":6},"to":{"q":8,"r":13},"msg":"findPath: no valid path found"}
{"level":30,"time":1774382619085,"pid":1603455,"hostname":"TempleOfZyminx","from":{"q":5,"r":6},"to":{"q":13,"r":15},"msg":"findPath: no valid path found"}
{"level":30,"time":1774382619085,"pid":1603593,"hostname":"TempleOfZyminx","from":{"q":5,"r":6},"to":{"q":8,"r":14},"msg":"findPath: no valid path found"}
{"level":30,"time":1774382619085,"pid":1603455,"hostname":"TempleOfZyminx","from":{"q":5,"r":6},"to":{"q":13,"r":16},"msg":"findPath: no valid path found"}
{"level":30,"time":1774382619086,"pid":1603593,"hostname":"TempleOfZyminx","from":{"q":5,"r":6},"to":{"q":8,"r":15},"msg":"findPath: no valid path found"}
{"level":30,"time":1774382619086,"pid":1603455,"hostname":"TempleOfZyminx","from":{"q":5,"r":6},"to":{"q":13,"r":17},"msg":"findPath: no valid path found"}
{"level":30,"time":1774382619086,"pid":1603593,"hostname":"TempleOfZyminx","from":{"q":5,"r":6},"to":{"q":8,"r":16},"msg":"findPath: no valid path found"}
{"level":30,"time":1774382619086,"pid":1603455,"hostname":"TempleOfZyminx","from":{"q":5,"r":6},"to":{"q":13,"r":18},"msg":"findPath: no valid path found"}
{"level":30,"time":1774382619086,"pid":1603455,"hostname":"TempleOfZyminx","from":{"q":5,"r":6},"to":{"q":13,"r":19},"msg":"findPath: no valid path found"}
{"level":30,"time":1774382619086,"pid":1603593,"hostname":"TempleOfZyminx","from":{"q":5,"r":6},"to":{"q":8,"r":17},"msg":"findPath: no valid path found"}
{"level":30,"time":1774382619086,"pid":1603455,"hostname":"TempleOfZyminx","from":{"q":5,"r":6},"to":{"q":13,"r":20},"msg":"findPath: no valid path found"}
{"level":30,"time":1774382619086,"pid":1603593,"hostname":"TempleOfZyminx","from":{"q":5,"r":6},"to":{"q":8,"r":18},"msg":"findPath: no valid path found"}
{"level":30,"time":1774382619086,"pid":1603593,"hostname":"TempleOfZyminx","from":{"q":5,"r":6},"to":{"q":8,"r":19},"msg":"findPath: no valid path found"}
{"level":30,"time":1774382619086,"pid":1603593,"hostname":"TempleOfZyminx","from":{"q":5,"r":6},"to":{"q":8,"r":20},"msg":"findPath: no valid path found"}
{"level":30,"time":1774382619086,"pid":1603455,"hostname":"TempleOfZyminx","from":{"q":5,"r":6},"to":{"q":13,"r":21},"msg":"findPath: no valid path found"}
{"level":30,"time":1774382619086,"pid":1603455,"hostname":"TempleOfZyminx","from":{"q":5,"r":6},"to":{"q":14,"r":0},"msg":"findPath: no valid path found"}
{"level":30,"time":1774382619086,"pid":1603593,"hostname":"TempleOfZyminx","from":{"q":5,"r":6},"to":{"q":8,"r":21},"msg":"findPath: no valid path found"}
{"level":30,"time":1774382619086,"pid":1603455,"hostname":"TempleOfZyminx","from":{"q":5,"r":6},"to":{"q":14,"r":1},"msg":"findPath: no valid path found"}
{"level":30,"time":1774382619086,"pid":1603593,"hostname":"TempleOfZyminx","from":{"q":5,"r":6},"to":{"q":9,"r":0},"msg":"findPath: no valid path found"}
{"level":30,"time":1774382619087,"pid":1603455,"hostname":"TempleOfZyminx","from":{"q":5,"r":6},"to":{"q":14,"r":2},"msg":"findPath: no valid path found"}
{"level":30,"time":1774382619087,"pid":1603593,"hostname":"TempleOfZyminx","from":{"q":5,"r":6},"to":{"q":9,"r":1},"msg":"findPath: no valid path found"}
{"level":30,"time":1774382619087,"pid":1603455,"hostname":"TempleOfZyminx","from":{"q":5,"r":6},"to":{"q":14,"r":3},"msg":"findPath: no valid path found"}
{"level":30,"time":1774382619087,"pid":1603455,"hostname":"TempleOfZyminx","from":{"q":5,"r":6},"to":{"q":14,"r":4},"msg":"findPath: no valid path found"}
{"level":30,"time":1774382619087,"pid":1603455,"hostname":"TempleOfZyminx","from":{"q":5,"r":6},"to":{"q":14,"r":5},"msg":"findPath: no valid path found"}
{"level":30,"time":1774382619087,"pid":1603455,"hostname":"TempleOfZyminx","from":{"q":5,"r":6},"to":{"q":14,"r":6},"msg":"findPath: no valid path found"}
{"level":30,"time":1774382619087,"pid":1603593,"hostname":"TempleOfZyminx","from":{"q":5,"r":6},"to":{"q":9,"r":7},"msg":"findPath: no valid path found"}
{"level":30,"time":1774382619087,"pid":1603455,"hostname":"TempleOfZyminx","from":{"q":5,"r":6},"to":{"q":14,"r":7},"msg":"findPath: no valid path found"}
{"level":30,"time":1774382619087,"pid":1603593,"hostname":"TempleOfZyminx","from":{"q":5,"r":6},"to":{"q":9,"r":8},"msg":"findPath: no valid path found"}
{"level":30,"time":1774382619087,"pid":1603455,"hostname":"TempleOfZyminx","from":{"q":5,"r":6},"to":{"q":14,"r":8},"msg":"findPath: no valid path found"}
{"level":30,"time":1774382619087,"pid":1603593,"hostname":"TempleOfZyminx","from":{"q":5,"r":6},"to":{"q":9,"r":9},"msg":"findPath: no valid path found"}
{"level":30,"time":1774382619087,"pid":1603455,"hostname":"TempleOfZyminx","from":{"q":5,"r":6},"to":{"q":14,"r":9},"msg":"findPath: no valid path found"}
{"level":30,"time":1774382619087,"pid":1603593,"hostname":"TempleOfZyminx","from":{"q":5,"r":6},"to":{"q":9,"r":10},"msg":"findPath: no valid path found"}
{"level":30,"time":1774382619088,"pid":1603593,"hostname":"TempleOfZyminx","from":{"q":5,"r":6},"to":{"q":9,"r":11},"msg":"findPath: no valid path found"}
{"level":30,"time":1774382619088,"pid":1603455,"hostname":"TempleOfZyminx","from":{"q":5,"r":6},"to":{"q":14,"r":10},"msg":"findPath: no valid path found"}
{"level":30,"time":1774382619088,"pid":1603593,"hostname":"TempleOfZyminx","from":{"q":5,"r":6},"to":{"q":9,"r":12},"msg":"findPath: no valid path found"}
{"level":30,"time":1774382619088,"pid":1603455,"hostname":"TempleOfZyminx","from":{"q":5,"r":6},"to":{"q":14,"r":11},"msg":"findPath: no valid path found"}
{"level":30,"time":1774382619088,"pid":1603593,"hostname":"TempleOfZyminx","from":{"q":5,"r":6},"to":{"q":9,"r":13},"msg":"findPath: no valid path found"}
{"level":30,"time":1774382619088,"pid":1603593,"hostname":"TempleOfZyminx","from":{"q":5,"r":6},"to":{"q":9,"r":14},"msg":"findPath: no valid path found"}
{"level":30,"time":1774382619088,"pid":1603455,"hostname":"TempleOfZyminx","from":{"q":5,"r":6},"to":{"q":14,"r":12},"msg":"findPath: no valid path found"}
{"level":30,"time":1774382619088,"pid":1603593,"hostname":"TempleOfZyminx","from":{"q":5,"r":6},"to":{"q":9,"r":15},"msg":"findPath: no valid path found"}
{"level":30,"time":1774382619088,"pid":1603593,"hostname":"TempleOfZyminx","from":{"q":5,"r":6},"to":{"q":9,"r":16},"msg":"findPath: no valid path found"}
{"level":30,"time":1774382619088,"pid":1603455,"hostname":"TempleOfZyminx","from":{"q":5,"r":6},"to":{"q":14,"r":13},"msg":"findPath: no valid path found"}
{"level":30,"time":1774382619088,"pid":1603593,"hostname":"TempleOfZyminx","from":{"q":5,"r":6},"to":{"q":9,"r":17},"msg":"findPath: no valid path found"}
{"level":30,"time":1774382619088,"pid":1603593,"hostname":"TempleOfZyminx","from":{"q":5,"r":6},"to":{"q":9,"r":18},"msg":"findPath: no valid path found"}
{"level":30,"time":1774382619088,"pid":1603455,"hostname":"TempleOfZyminx","from":{"q":5,"r":6},"to":{"q":14,"r":14},"msg":"findPath: no valid path found"}
{"level":30,"time":1774382619088,"pid":1603593,"hostname":"TempleOfZyminx","from":{"q":5,"r":6},"to":{"q":9,"r":19},"msg":"findPath: no valid path found"}
{"level":30,"time":1774382619088,"pid":1603593,"hostname":"TempleOfZyminx","from":{"q":5,"r":6},"to":{"q":9,"r":20},"msg":"findPath: no valid path found"}
{"level":30,"time":1774382619088,"pid":1603455,"hostname":"TempleOfZyminx","from":{"q":5,"r":6},"to":{"q":14,"r":15},"msg":"findPath: no valid path found"}
{"level":30,"time":1774382619088,"pid":1603593,"hostname":"TempleOfZyminx","from":{"q":5,"r":6},"to":{"q":9,"r":21},"msg":"findPath: no valid path found"}
{"level":30,"time":1774382619088,"pid":1603593,"hostname":"TempleOfZyminx","from":{"q":5,"r":6},"to":{"q":10,"r":0},"msg":"findPath: no valid path found"}
{"level":30,"time":1774382619088,"pid":1603455,"hostname":"TempleOfZyminx","from":{"q":5,"r":6},"to":{"q":14,"r":16},"msg":"findPath: no valid path found"}
{"level":30,"time":1774382619088,"pid":1603593,"hostname":"TempleOfZyminx","from":{"q":5,"r":6},"to":{"q":10,"r":1},"msg":"findPath: no valid path found"}
{"level":30,"time":1774382619088,"pid":1603455,"hostname":"TempleOfZyminx","from":{"q":5,"r":6},"to":{"q":14,"r":17},"msg":"findPath: no valid path found"}
{"level":30,"time":1774382619088,"pid":1603593,"hostname":"TempleOfZyminx","from":{"q":5,"r":6},"to":{"q":10,"r":2},"msg":"findPath: no valid path found"}
{"level":30,"time":1774382619089,"pid":1603593,"hostname":"TempleOfZyminx","from":{"q":5,"r":6},"to":{"q":10,"r":3},"msg":"findPath: no valid path found"}
{"level":30,"time":1774382619089,"pid":1603455,"hostname":"TempleOfZyminx","from":{"q":5,"r":6},"to":{"q":14,"r":18},"msg":"findPath: no valid path found"}
{"level":30,"time":1774382619089,"pid":1603593,"hostname":"TempleOfZyminx","from":{"q":5,"r":6},"to":{"q":10,"r":4},"msg":"findPath: no valid path found"}
{"level":30,"time":1774382619089,"pid":1603455,"hostname":"TempleOfZyminx","from":{"q":5,"r":6},"to":{"q":14,"r":19},"msg":"findPath: no valid path found"}
{"level":30,"time":1774382619089,"pid":1603593,"hostname":"TempleOfZyminx","from":{"q":5,"r":6},"to":{"q":10,"r":5},"msg":"findPath: no valid path found"}
{"level":30,"time":1774382619089,"pid":1603593,"hostname":"TempleOfZyminx","from":{"q":5,"r":6},"to":{"q":10,"r":6},"msg":"findPath: no valid path found"}
{"level":30,"time":1774382619089,"pid":1603455,"hostname":"TempleOfZyminx","from":{"q":5,"r":6},"to":{"q":14,"r":20},"msg":"findPath: no valid path found"}
{"level":30,"time":1774382619089,"pid":1603593,"hostname":"TempleOfZyminx","from":{"q":5,"r":6},"to":{"q":10,"r":7},"msg":"findPath: no valid path found"}
{"level":30,"time":1774382619089,"pid":1603593,"hostname":"TempleOfZyminx","from":{"q":5,"r":6},"to":{"q":10,"r":8},"msg":"findPath: no valid path found"}
{"level":30,"time":1774382619089,"pid":1603455,"hostname":"TempleOfZyminx","from":{"q":5,"r":6},"to":{"q":14,"r":21},"msg":"findPath: no valid path found"}
{"level":30,"time":1774382619089,"pid":1603593,"hostname":"TempleOfZyminx","from":{"q":5,"r":6},"to":{"q":10,"r":9},"msg":"findPath: no valid path found"}
{"level":30,"time":1774382619089,"pid":1603593,"hostname":"TempleOfZyminx","from":{"q":5,"r":6},"to":{"q":10,"r":10},"msg":"findPath: no valid path found"}
{"level":30,"time":1774382619089,"pid":1603455,"hostname":"TempleOfZyminx","id":"a93fcf5b-e901-4464-8fe2-c07b8bc58aa4","command":"MOVE","msg":"Submitting game action"}
{"level":30,"time":1774382619089,"pid":1603593,"hostname":"TempleOfZyminx","from":{"q":5,"r":6},"to":{"q":10,"r":11},"msg":"findPath: no valid path found"}
{"level":30,"time":1774382619090,"pid":1603593,"hostname":"TempleOfZyminx","from":{"q":5,"r":6},"to":{"q":10,"r":12},"msg":"findPath: no valid path found"}
{"level":30,"time":1774382619090,"pid":1603593,"hostname":"TempleOfZyminx","from":{"q":5,"r":6},"to":{"q":10,"r":13},"msg":"findPath: no valid path found"}
{"level":30,"time":1774382619090,"pid":1603455,"hostname":"TempleOfZyminx","gameId":"a93fcf5b-e901-4464-8fe2-c07b8bc58aa4","unitId":"wolf-1","msg":"Processing MOVE command"}
{"level":30,"time":1774382619090,"pid":1603593,"hostname":"TempleOfZyminx","from":{"q":5,"r":6},"to":{"q":10,"r":14},"msg":"findPath: no valid path found"}
{"level":30,"time":1774382619090,"pid":1603593,"hostname":"TempleOfZyminx","from":{"q":5,"r":6},"to":{"q":10,"r":15},"msg":"findPath: no valid path found"}
{"level":30,"time":1774382619090,"pid":1603593,"hostname":"TempleOfZyminx","from":{"q":5,"r":6},"to":{"q":10,"r":16},"msg":"findPath: no valid path found"}
{"level":30,"time":1774382619090,"pid":1603593,"hostname":"TempleOfZyminx","from":{"q":5,"r":6},"to":{"q":10,"r":17},"msg":"findPath: no valid path found"}
{"level":30,"time":1774382619090,"pid":1603593,"hostname":"TempleOfZyminx","from":{"q":5,"r":6},"to":{"q":10,"r":18},"msg":"findPath: no valid path found"}
{"level":30,"time":1774382619090,"pid":1603593,"hostname":"TempleOfZyminx","from":{"q":5,"r":6},"to":{"q":10,"r":19},"msg":"findPath: no valid path found"}
{"level":30,"time":1774382619090,"pid":1603593,"hostname":"TempleOfZyminx","from":{"q":5,"r":6},"to":{"q":10,"r":20},"msg":"findPath: no valid path found"}
{"level":30,"time":1774382619090,"pid":1603593,"hostname":"TempleOfZyminx","from":{"q":5,"r":6},"to":{"q":10,"r":21},"msg":"findPath: no valid path found"}
{"level":30,"time":1774382619090,"pid":1603593,"hostname":"TempleOfZyminx","from":{"q":5,"r":6},"to":{"q":11,"r":0},"msg":"findPath: no valid path found"}
{"level":30,"time":1774382619090,"pid":1603593,"hostname":"TempleOfZyminx","from":{"q":5,"r":6},"to":{"q":11,"r":1},"msg":"findPath: no valid path found"}
{"level":30,"time":1774382619090,"pid":1603593,"hostname":"TempleOfZyminx","from":{"q":5,"r":6},"to":{"q":11,"r":2},"msg":"findPath: no valid path found"}
{"level":30,"time":1774382619090,"pid":1603593,"hostname":"TempleOfZyminx","from":{"q":5,"r":6},"to":{"q":11,"r":3},"msg":"findPath: no valid path found"}
{"level":30,"time":1774382619091,"pid":1603593,"hostname":"TempleOfZyminx","from":{"q":5,"r":6},"to":{"q":11,"r":4},"msg":"findPath: no valid path found"}
{"level":30,"time":1774382619091,"pid":1603593,"hostname":"TempleOfZyminx","from":{"q":5,"r":6},"to":{"q":11,"r":5},"msg":"findPath: no valid path found"}
{"level":30,"time":1774382619091,"pid":1603593,"hostname":"TempleOfZyminx","from":{"q":5,"r":6},"to":{"q":11,"r":6},"msg":"findPath: no valid path found"}
{"level":30,"time":1774382619091,"pid":1603593,"hostname":"TempleOfZyminx","from":{"q":5,"r":6},"to":{"q":11,"r":7},"msg":"findPath: no valid path found"}
{"level":30,"time":1774382619091,"pid":1603593,"hostname":"TempleOfZyminx","from":{"q":5,"r":6},"to":{"q":11,"r":8},"msg":"findPath: no valid path found"}
{"level":30,"time":1774382619091,"pid":1603593,"hostname":"TempleOfZyminx","from":{"q":5,"r":6},"to":{"q":11,"r":9},"msg":"findPath: no valid path found"}
{"level":30,"time":1774382619091,"pid":1603455,"hostname":"TempleOfZyminx","id":"a93fcf5b-e901-4464-8fe2-c07b8bc58aa4","msg":"Fetching game state"}
{"level":30,"time":1774382619091,"pid":1603593,"hostname":"TempleOfZyminx","from":{"q":5,"r":6},"to":{"q":11,"r":10},"msg":"findPath: no valid path found"}
{"level":30,"time":1774382619091,"pid":1603593,"hostname":"TempleOfZyminx","from":{"q":5,"r":6},"to":{"q":11,"r":11},"msg":"findPath: no valid path found"}
{"level":30,"time":1774382619091,"pid":1603593,"hostname":"TempleOfZyminx","from":{"q":5,"r":6},"to":{"q":11,"r":12},"msg":"findPath: no valid path found"}
{"level":30,"time":1774382619091,"pid":1603593,"hostname":"TempleOfZyminx","from":{"q":5,"r":6},"to":{"q":11,"r":13},"msg":"findPath: no valid path found"}
{"level":30,"time":1774382619091,"pid":1603593,"hostname":"TempleOfZyminx","from":{"q":5,"r":6},"to":{"q":11,"r":14},"msg":"findPath: no valid path found"}
{"level":30,"time":1774382619091,"pid":1603593,"hostname":"TempleOfZyminx","from":{"q":5,"r":6},"to":{"q":11,"r":15},"msg":"findPath: no valid path found"}
{"level":30,"time":1774382619092,"pid":1603593,"hostname":"TempleOfZyminx","from":{"q":5,"r":6},"to":{"q":11,"r":16},"msg":"findPath: no valid path found"}
{"level":30,"time":1774382619092,"pid":1603455,"hostname":"TempleOfZyminx","id":"a93fcf5b-e901-4464-8fe2-c07b8bc58aa4","msg":"Fetching game state"}
{"level":30,"time":1774382619092,"pid":1603593,"hostname":"TempleOfZyminx","from":{"q":5,"r":6},"to":{"q":11,"r":17},"msg":"findPath: no valid path found"}
{"level":30,"time":1774382619092,"pid":1603593,"hostname":"TempleOfZyminx","from":{"q":5,"r":6},"to":{"q":11,"r":18},"msg":"findPath: no valid path found"}
{"level":30,"time":1774382619092,"pid":1603593,"hostname":"TempleOfZyminx","from":{"q":5,"r":6},"to":{"q":11,"r":19},"msg":"findPath: no valid path found"}
{"level":30,"time":1774382619092,"pid":1603593,"hostname":"TempleOfZyminx","from":{"q":5,"r":6},"to":{"q":11,"r":20},"msg":"findPath: no valid path found"}
{"level":30,"time":1774382619092,"pid":1603593,"hostname":"TempleOfZyminx","from":{"q":5,"r":6},"to":{"q":11,"r":21},"msg":"findPath: no valid path found"}
{"level":30,"time":1774382619092,"pid":1603593,"hostname":"TempleOfZyminx","from":{"q":5,"r":6},"to":{"q":12,"r":0},"msg":"findPath: no valid path found"}
{"level":30,"time":1774382619092,"pid":1603593,"hostname":"TempleOfZyminx","from":{"q":5,"r":6},"to":{"q":12,"r":1},"msg":"findPath: no valid path found"}
{"level":30,"time":1774382619092,"pid":1603593,"hostname":"TempleOfZyminx","from":{"q":5,"r":6},"to":{"q":12,"r":2},"msg":"findPath: no valid path found"}
{"level":30,"time":1774382619092,"pid":1603593,"hostname":"TempleOfZyminx","from":{"q":5,"r":6},"to":{"q":12,"r":3},"msg":"findPath: no valid path found"}
{"level":30,"time":1774382619092,"pid":1603593,"hostname":"TempleOfZyminx","from":{"q":5,"r":6},"to":{"q":12,"r":4},"msg":"findPath: no valid path found"}
{"level":30,"time":1774382619092,"pid":1603455,"hostname":"TempleOfZyminx","id":"a93fcf5b-e901-4464-8fe2-c07b8bc58aa4","command":"END_PHASE","msg":"Submitting game action"}
{"level":30,"time":1774382619093,"pid":1603593,"hostname":"TempleOfZyminx","from":{"q":5,"r":6},"to":{"q":12,"r":5},"msg":"findPath: no valid path found"}
{"level":30,"time":1774382619093,"pid":1603593,"hostname":"TempleOfZyminx","from":{"q":5,"r":6},"to":{"q":12,"r":6},"msg":"findPath: no valid path found"}
{"level":30,"time":1774382619093,"pid":1603593,"hostname":"TempleOfZyminx","from":{"q":5,"r":6},"to":{"q":12,"r":7},"msg":"findPath: no valid path found"}
{"level":30,"time":1774382619093,"pid":1603593,"hostname":"TempleOfZyminx","from":{"q":5,"r":6},"to":{"q":12,"r":8},"msg":"findPath: no valid path found"}
{"level":30,"time":1774382619093,"pid":1603593,"hostname":"TempleOfZyminx","from":{"q":5,"r":6},"to":{"q":12,"r":9},"msg":"findPath: no valid path found"}
{"level":30,"time":1774382619093,"pid":1603593,"hostname":"TempleOfZyminx","from":{"q":5,"r":6},"to":{"q":12,"r":10},"msg":"findPath: no valid path found"}
{"level":30,"time":1774382619093,"pid":1603593,"hostname":"TempleOfZyminx","from":{"q":5,"r":6},"to":{"q":12,"r":11},"msg":"findPath: no valid path found"}
{"level":30,"time":1774382619093,"pid":1603593,"hostname":"TempleOfZyminx","from":{"q":5,"r":6},"to":{"q":12,"r":12},"msg":"findPath: no valid path found"}
{"level":30,"time":1774382619093,"pid":1603593,"hostname":"TempleOfZyminx","from":{"q":5,"r":6},"to":{"q":12,"r":13},"msg":"findPath: no valid path found"}
{"level":30,"time":1774382619093,"pid":1603593,"hostname":"TempleOfZyminx","from":{"q":5,"r":6},"to":{"q":12,"r":14},"msg":"findPath: no valid path found"}
{"level":30,"time":1774382619093,"pid":1603593,"hostname":"TempleOfZyminx","from":{"q":5,"r":6},"to":{"q":12,"r":15},"msg":"findPath: no valid path found"}
{"level":30,"time":1774382619093,"pid":1603593,"hostname":"TempleOfZyminx","from":{"q":5,"r":6},"to":{"q":12,"r":16},"msg":"findPath: no valid path found"}
{"level":30,"time":1774382619093,"pid":1603593,"hostname":"TempleOfZyminx","from":{"q":5,"r":6},"to":{"q":12,"r":17},"msg":"findPath: no valid path found"}
{"level":30,"time":1774382619093,"pid":1603593,"hostname":"TempleOfZyminx","from":{"q":5,"r":6},"to":{"q":12,"r":18},"msg":"findPath: no valid path found"}
{"level":30,"time":1774382619093,"pid":1603593,"hostname":"TempleOfZyminx","from":{"q":5,"r":6},"to":{"q":12,"r":19},"msg":"findPath: no valid path found"}
{"level":30,"time":1774382619094,"pid":1603593,"hostname":"TempleOfZyminx","from":{"q":5,"r":6},"to":{"q":12,"r":20},"msg":"findPath: no valid path found"}
{"level":30,"time":1774382619094,"pid":1603593,"hostname":"TempleOfZyminx","from":{"q":5,"r":6},"to":{"q":12,"r":21},"msg":"findPath: no valid path found"}
{"level":30,"time":1774382619094,"pid":1603593,"hostname":"TempleOfZyminx","from":{"q":5,"r":6},"to":{"q":13,"r":0},"msg":"findPath: no valid path found"}
{"level":30,"time":1774382619094,"pid":1603593,"hostname":"TempleOfZyminx","from":{"q":5,"r":6},"to":{"q":13,"r":1},"msg":"findPath: no valid path found"}
{"level":30,"time":1774382619094,"pid":1603593,"hostname":"TempleOfZyminx","from":{"q":5,"r":6},"to":{"q":13,"r":2},"msg":"findPath: no valid path found"}
{"level":30,"time":1774382619094,"pid":1603593,"hostname":"TempleOfZyminx","from":{"q":5,"r":6},"to":{"q":13,"r":3},"msg":"findPath: no valid path found"}
{"level":30,"time":1774382619094,"pid":1603593,"hostname":"TempleOfZyminx","from":{"q":5,"r":6},"to":{"q":13,"r":4},"msg":"findPath: no valid path found"}
{"level":30,"time":1774382619094,"pid":1603593,"hostname":"TempleOfZyminx","from":{"q":5,"r":6},"to":{"q":13,"r":5},"msg":"findPath: no valid path found"}
{"level":30,"time":1774382619094,"pid":1603593,"hostname":"TempleOfZyminx","from":{"q":5,"r":6},"to":{"q":13,"r":6},"msg":"findPath: no valid path found"}
{"level":30,"time":1774382619094,"pid":1603593,"hostname":"TempleOfZyminx","from":{"q":5,"r":6},"to":{"q":13,"r":7},"msg":"findPath: no valid path found"}
{"level":30,"time":1774382619094,"pid":1603593,"hostname":"TempleOfZyminx","from":{"q":5,"r":6},"to":{"q":13,"r":8},"msg":"findPath: no valid path found"}
{"level":30,"time":1774382619094,"pid":1603593,"hostname":"TempleOfZyminx","from":{"q":5,"r":6},"to":{"q":13,"r":9},"msg":"findPath: no valid path found"}
{"level":30,"time":1774382619094,"pid":1603593,"hostname":"TempleOfZyminx","from":{"q":5,"r":6},"to":{"q":13,"r":10},"msg":"findPath: no valid path found"}
{"level":30,"time":1774382619094,"pid":1603593,"hostname":"TempleOfZyminx","from":{"q":5,"r":6},"to":{"q":13,"r":11},"msg":"findPath: no valid path found"}
{"level":30,"time":1774382619094,"pid":1603593,"hostname":"TempleOfZyminx","from":{"q":5,"r":6},"to":{"q":13,"r":12},"msg":"findPath: no valid path found"}
{"level":30,"time":1774382619095,"pid":1603593,"hostname":"TempleOfZyminx","from":{"q":5,"r":6},"to":{"q":13,"r":13},"msg":"findPath: no valid path found"}
{"level":30,"time":1774382619095,"pid":1603593,"hostname":"TempleOfZyminx","from":{"q":5,"r":6},"to":{"q":13,"r":14},"msg":"findPath: no valid path found"}
{"level":30,"time":1774382619095,"pid":1603593,"hostname":"TempleOfZyminx","from":{"q":5,"r":6},"to":{"q":13,"r":15},"msg":"findPath: no valid path found"}
{"level":30,"time":1774382619095,"pid":1603593,"hostname":"TempleOfZyminx","from":{"q":5,"r":6},"to":{"q":13,"r":16},"msg":"findPath: no valid path found"}
{"level":30,"time":1774382619095,"pid":1603593,"hostname":"TempleOfZyminx","from":{"q":5,"r":6},"to":{"q":13,"r":17},"msg":"findPath: no valid path found"}
{"level":30,"time":1774382619095,"pid":1603593,"hostname":"TempleOfZyminx","from":{"q":5,"r":6},"to":{"q":13,"r":18},"msg":"findPath: no valid path found"}
{"level":30,"time":1774382619095,"pid":1603593,"hostname":"TempleOfZyminx","from":{"q":5,"r":6},"to":{"q":13,"r":19},"msg":"findPath: no valid path found"}
{"level":30,"time":1774382619095,"pid":1603593,"hostname":"TempleOfZyminx","from":{"q":5,"r":6},"to":{"q":13,"r":20},"msg":"findPath: no valid path found"}
{"level":30,"time":1774382619095,"pid":1603593,"hostname":"TempleOfZyminx","from":{"q":5,"r":6},"to":{"q":13,"r":21},"msg":"findPath: no valid path found"}
{"level":30,"time":1774382619095,"pid":1603593,"hostname":"TempleOfZyminx","from":{"q":5,"r":6},"to":{"q":14,"r":0},"msg":"findPath: no valid path found"}
{"level":30,"time":1774382619095,"pid":1603593,"hostname":"TempleOfZyminx","from":{"q":5,"r":6},"to":{"q":14,"r":1},"msg":"findPath: no valid path found"}
{"level":30,"time":1774382619095,"pid":1603593,"hostname":"TempleOfZyminx","from":{"q":5,"r":6},"to":{"q":14,"r":2},"msg":"findPath: no valid path found"}
{"level":30,"time":1774382619095,"pid":1603593,"hostname":"TempleOfZyminx","from":{"q":5,"r":6},"to":{"q":14,"r":3},"msg":"findPath: no valid path found"}
{"level":30,"time":1774382619095,"pid":1603593,"hostname":"TempleOfZyminx","from":{"q":5,"r":6},"to":{"q":14,"r":4},"msg":"findPath: no valid path found"}
{"level":30,"time":1774382619095,"pid":1603593,"hostname":"TempleOfZyminx","from":{"q":5,"r":6},"to":{"q":14,"r":5},"msg":"findPath: no valid path found"}
{"level":30,"time":1774382619096,"pid":1603593,"hostname":"TempleOfZyminx","from":{"q":5,"r":6},"to":{"q":14,"r":6},"msg":"findPath: no valid path found"}
{"level":30,"time":1774382619096,"pid":1603593,"hostname":"TempleOfZyminx","from":{"q":5,"r":6},"to":{"q":14,"r":7},"msg":"findPath: no valid path found"}
{"level":30,"time":1774382619096,"pid":1603593,"hostname":"TempleOfZyminx","from":{"q":5,"r":6},"to":{"q":14,"r":8},"msg":"findPath: no valid path found"}
{"level":30,"time":1774382619096,"pid":1603593,"hostname":"TempleOfZyminx","from":{"q":5,"r":6},"to":{"q":14,"r":9},"msg":"findPath: no valid path found"}
{"level":30,"time":1774382619096,"pid":1603593,"hostname":"TempleOfZyminx","from":{"q":5,"r":6},"to":{"q":14,"r":10},"msg":"findPath: no valid path found"}
{"level":30,"time":1774382619096,"pid":1603593,"hostname":"TempleOfZyminx","from":{"q":5,"r":6},"to":{"q":14,"r":11},"msg":"findPath: no valid path found"}
{"level":30,"time":1774382619096,"pid":1603593,"hostname":"TempleOfZyminx","from":{"q":5,"r":6},"to":{"q":14,"r":12},"msg":"findPath: no valid path found"}
{"level":30,"time":1774382619096,"pid":1603593,"hostname":"TempleOfZyminx","from":{"q":5,"r":6},"to":{"q":14,"r":13},"msg":"findPath: no valid path found"}
{"level":30,"time":1774382619096,"pid":1603593,"hostname":"TempleOfZyminx","from":{"q":5,"r":6},"to":{"q":14,"r":14},"msg":"findPath: no valid path found"}
{"level":30,"time":1774382619096,"pid":1603593,"hostname":"TempleOfZyminx","from":{"q":5,"r":6},"to":{"q":14,"r":15},"msg":"findPath: no valid path found"}
{"level":30,"time":1774382619096,"pid":1603593,"hostname":"TempleOfZyminx","from":{"q":5,"r":6},"to":{"q":14,"r":16},"msg":"findPath: no valid path found"}
{"level":30,"time":1774382619096,"pid":1603593,"hostname":"TempleOfZyminx","from":{"q":5,"r":6},"to":{"q":14,"r":17},"msg":"findPath: no valid path found"}
{"level":30,"time":1774382619096,"pid":1603593,"hostname":"TempleOfZyminx","from":{"q":5,"r":6},"to":{"q":14,"r":18},"msg":"findPath: no valid path found"}
{"level":30,"time":1774382619096,"pid":1603593,"hostname":"TempleOfZyminx","from":{"q":5,"r":6},"to":{"q":14,"r":19},"msg":"findPath: no valid path found"}
{"level":30,"time":1774382619096,"pid":1603593,"hostname":"TempleOfZyminx","from":{"q":5,"r":6},"to":{"q":14,"r":20},"msg":"findPath: no valid path found"}
{"level":30,"time":1774382619097,"pid":1603593,"hostname":"TempleOfZyminx","from":{"q":5,"r":6},"to":{"q":14,"r":21},"msg":"findPath: no valid path found"}
{"level":30,"time":1774382619097,"pid":1603593,"hostname":"TempleOfZyminx","id":"e49c208f-7f34-41ea-8713-ed1b5fcfa383","command":"MOVE","msg":"Submitting game action"}
{"level":30,"time":1774382619097,"pid":1603593,"hostname":"TempleOfZyminx","gameId":"e49c208f-7f34-41ea-8713-ed1b5fcfa383","unitId":"wolf-1","msg":"Processing MOVE command"}
{"level":30,"time":1774382619098,"pid":1603593,"hostname":"TempleOfZyminx","id":"e49c208f-7f34-41ea-8713-ed1b5fcfa383","msg":"Fetching game state"}
{"level":30,"time":1774382619098,"pid":1603593,"hostname":"TempleOfZyminx","id":"e49c208f-7f34-41ea-8713-ed1b5fcfa383","msg":"Fetching game state"}
{"level":30,"time":1774382619099,"pid":1603593,"hostname":"TempleOfZyminx","id":"e49c208f-7f34-41ea-8713-ed1b5fcfa383","command":"END_PHASE","msg":"Submitting game action"}
{"level":30,"time":1774382619099,"pid":1603593,"hostname":"TempleOfZyminx","gameId":"e49c208f-7f34-41ea-8713-ed1b5fcfa383","phase":"DEFENDER_MOVE","msg":"Advancing phase"}
{"level":30,"time":1774382619099,"pid":1603593,"hostname":"TempleOfZyminx","phase":"DEFENDER_MOVE","turnNumber":1,"msg":"Advancing phase in engine"}
{"level":30,"time":1774382619099,"pid":1603593,"hostname":"TempleOfZyminx","id":"e49c208f-7f34-41ea-8713-ed1b5fcfa383","msg":"Fetching game state"}
{"level":30,"time":1774382619100,"pid":1603593,"hostname":"TempleOfZyminx","id":"e49c208f-7f34-41ea-8713-ed1b5fcfa383","msg":"Fetching game state"}
{"level":30,"time":1774382619101,"pid":1603593,"hostname":"TempleOfZyminx","id":"e49c208f-7f34-41ea-8713-ed1b5fcfa383","command":"FIRE","msg":"Submitting game action"}
{"level":30,"time":1774382619101,"pid":1603593,"hostname":"TempleOfZyminx","gameId":"e49c208f-7f34-41ea-8713-ed1b5fcfa383","type":"FIRE","msg":"Processing combat command"}
{"level":30,"time":1774382619101,"pid":1603593,"hostname":"TempleOfZyminx","commandType":"FIRE","msg":"Validating combat action"}
{"level":30,"time":1774382619101,"pid":1603593,"hostname":"TempleOfZyminx","plan":{"actionType":"FIRE","actor":"defender","attackerIds":["pigs-1"],"target":{"kind":"treads","id":"onion-1"},"attackStrength":1,"defense":0},"msg":"Executing combat action"}
{"level":30,"time":1774382619102,"pid":1603593,"hostname":"TempleOfZyminx","id":"e49c208f-7f34-41ea-8713-ed1b5fcfa383","command":"FIRE","msg":"Submitting game action"}
{"level":30,"time":1774382619102,"pid":1603593,"hostname":"TempleOfZyminx","gameId":"e49c208f-7f34-41ea-8713-ed1b5fcfa383","type":"FIRE","msg":"Processing combat command"}
{"level":30,"time":1774382619102,"pid":1603593,"hostname":"TempleOfZyminx","commandType":"FIRE","msg":"Validating combat action"}
{"level":30,"time":1774382619102,"pid":1603593,"hostname":"TempleOfZyminx","plan":{"actionType":"FIRE","actor":"defender","attackerIds":["witch-1","wolf-1"],"target":{"kind":"weapon","id":"main"},"attackStrength":5,"defense":4},"msg":"Executing combat action"}
{"level":30,"time":1774382619093,"pid":1603455,"hostname":"TempleOfZyminx","gameId":"a93fcf5b-e901-4464-8fe2-c07b8bc58aa4","phase":"DEFENDER_MOVE","msg":"Advancing phase"}
{"level":30,"time":1774382619093,"pid":1603455,"hostname":"TempleOfZyminx","phase":"DEFENDER_MOVE","turnNumber":1,"msg":"Advancing phase in engine"}
{"level":30,"time":1774382619093,"pid":1603455,"hostname":"TempleOfZyminx","id":"a93fcf5b-e901-4464-8fe2-c07b8bc58aa4","msg":"Fetching game state"}
{"level":30,"time":1774382619094,"pid":1603455,"hostname":"TempleOfZyminx","id":"a93fcf5b-e901-4464-8fe2-c07b8bc58aa4","msg":"Fetching game state"}
{"level":30,"time":1774382619094,"pid":1603455,"hostname":"TempleOfZyminx","id":"a93fcf5b-e901-4464-8fe2-c07b8bc58aa4","command":"FIRE","msg":"Submitting game action"}
{"level":30,"time":1774382619095,"pid":1603455,"hostname":"TempleOfZyminx","gameId":"a93fcf5b-e901-4464-8fe2-c07b8bc58aa4","type":"FIRE","msg":"Processing combat command"}
{"level":30,"time":1774382619095,"pid":1603455,"hostname":"TempleOfZyminx","commandType":"FIRE","msg":"Validating combat action"}
{"level":30,"time":1774382619095,"pid":1603455,"hostname":"TempleOfZyminx","plan":{"actionType":"FIRE","actor":"defender","attackerIds":["witch-1"],"target":{"kind":"treads","id":"onion-1"},"attackStrength":3,"defense":0},"msg":"Executing combat action"}
{"level":30,"time":1774382619096,"pid":1603455,"hostname":"TempleOfZyminx","id":"a93fcf5b-e901-4464-8fe2-c07b8bc58aa4","command":"FIRE","msg":"Submitting game action"}
{"level":30,"time":1774382619096,"pid":1603455,"hostname":"TempleOfZyminx","gameId":"a93fcf5b-e901-4464-8fe2-c07b8bc58aa4","type":"FIRE","msg":"Processing combat command"}
{"level":30,"time":1774382619096,"pid":1603455,"hostname":"TempleOfZyminx","commandType":"FIRE","msg":"Validating combat action"}
{"level":30,"time":1774382619096,"pid":1603455,"hostname":"TempleOfZyminx","plan":{"actionType":"FIRE","actor":"defender","attackerIds":["wolf-1"],"target":{"kind":"weapon","id":"main"},"attackStrength":2,"defense":4},"msg":"Executing combat action"}
{"level":30,"time":1774382619097,"pid":1603455,"hostname":"TempleOfZyminx","id":"a93fcf5b-e901-4464-8fe2-c07b8bc58aa4","msg":"Fetching game state"}
{"level":30,"time":1774382619098,"pid":1603455,"hostname":"TempleOfZyminx","id":"a93fcf5b-e901-4464-8fe2-c07b8bc58aa4","command":"END_PHASE","msg":"Submitting game action"}
{"level":30,"time":1774382619098,"pid":1603455,"hostname":"TempleOfZyminx","gameId":"a93fcf5b-e901-4464-8fe2-c07b8bc58aa4","phase":"DEFENDER_COMBAT","msg":"Advancing phase"}
{"level":30,"time":1774382619098,"pid":1603455,"hostname":"TempleOfZyminx","phase":"DEFENDER_COMBAT","turnNumber":1,"msg":"Advancing phase in engine"}
{"level":30,"time":1774382619099,"pid":1603455,"hostname":"TempleOfZyminx","id":"a93fcf5b-e901-4464-8fe2-c07b8bc58aa4","msg":"Fetching game state"}
{"level":30,"time":1774382619099,"pid":1603455,"hostname":"TempleOfZyminx","id":"a93fcf5b-e901-4464-8fe2-c07b8bc58aa4","msg":"Fetching game state"}
{"level":30,"time":1774382619100,"pid":1603455,"hostname":"TempleOfZyminx","from":{"q":4,"r":6},"to":{"q":0,"r":0},"msg":"findPath: no valid path found"}
{"level":30,"time":1774382619100,"pid":1603455,"hostname":"TempleOfZyminx","from":{"q":4,"r":6},"to":{"q":0,"r":1},"msg":"findPath: no valid path found"}
{"level":30,"time":1774382619100,"pid":1603455,"hostname":"TempleOfZyminx","from":{"q":4,"r":6},"to":{"q":0,"r":2},"msg":"findPath: no valid path found"}
{"level":30,"time":1774382619100,"pid":1603455,"hostname":"TempleOfZyminx","from":{"q":4,"r":6},"to":{"q":0,"r":3},"msg":"findPath: no valid path found"}
{"level":30,"time":1774382619100,"pid":1603455,"hostname":"TempleOfZyminx","from":{"q":4,"r":6},"to":{"q":0,"r":4},"msg":"findPath: no valid path found"}
{"level":30,"time":1774382619101,"pid":1603455,"hostname":"TempleOfZyminx","from":{"q":4,"r":6},"to":{"q":0,"r":5},"msg":"findPath: no valid path found"}
{"level":30,"time":1774382619101,"pid":1603455,"hostname":"TempleOfZyminx","from":{"q":4,"r":6},"to":{"q":0,"r":11},"msg":"findPath: no valid path found"}
{"level":30,"time":1774382619101,"pid":1603455,"hostname":"TempleOfZyminx","from":{"q":4,"r":6},"to":{"q":0,"r":12},"msg":"findPath: no valid path found"}
{"level":30,"time":1774382619101,"pid":1603455,"hostname":"TempleOfZyminx","from":{"q":4,"r":6},"to":{"q":0,"r":13},"msg":"findPath: no valid path found"}
{"level":30,"time":1774382619102,"pid":1603455,"hostname":"TempleOfZyminx","from":{"q":4,"r":6},"to":{"q":0,"r":14},"msg":"findPath: no valid path found"}
{"level":30,"time":1774382619102,"pid":1603455,"hostname":"TempleOfZyminx","from":{"q":4,"r":6},"to":{"q":0,"r":15},"msg":"findPath: no valid path found"}
{"level":30,"time":1774382619102,"pid":1603455,"hostname":"TempleOfZyminx","from":{"q":4,"r":6},"to":{"q":0,"r":16},"msg":"findPath: no valid path found"}
{"level":30,"time":1774382619102,"pid":1603455,"hostname":"TempleOfZyminx","from":{"q":4,"r":6},"to":{"q":0,"r":17},"msg":"findPath: no valid path found"}
{"level":30,"time":1774382619102,"pid":1603455,"hostname":"TempleOfZyminx","from":{"q":4,"r":6},"to":{"q":0,"r":18},"msg":"findPath: no valid path found"}
{"level":30,"time":1774382619102,"pid":1603455,"hostname":"TempleOfZyminx","from":{"q":4,"r":6},"to":{"q":0,"r":19},"msg":"findPath: no valid path found"}
{"level":30,"time":1774382619102,"pid":1603455,"hostname":"TempleOfZyminx","from":{"q":4,"r":6},"to":{"q":0,"r":20},"msg":"findPath: no valid path found"}
{"level":30,"time":1774382619102,"pid":1603455,"hostname":"TempleOfZyminx","from":{"q":4,"r":6},"to":{"q":0,"r":21},"msg":"findPath: no valid path found"}
{"level":30,"time":1774382619103,"pid":1603455,"hostname":"TempleOfZyminx","from":{"q":4,"r":6},"to":{"q":1,"r":0},"msg":"findPath: no valid path found"}
{"level":30,"time":1774382619103,"pid":1603455,"hostname":"TempleOfZyminx","from":{"q":4,"r":6},"to":{"q":1,"r":1},"msg":"findPath: no valid path found"}
{"level":30,"time":1774382619103,"pid":1603455,"hostname":"TempleOfZyminx","from":{"q":4,"r":6},"to":{"q":1,"r":2},"msg":"findPath: no valid path found"}
{"level":30,"time":1774382619103,"pid":1603455,"hostname":"TempleOfZyminx","from":{"q":4,"r":6},"to":{"q":1,"r":3},"msg":"findPath: no valid path found"}
{"level":30,"time":1774382619103,"pid":1603455,"hostname":"TempleOfZyminx","from":{"q":4,"r":6},"to":{"q":1,"r":4},"msg":"findPath: no valid path found"}
{"level":30,"time":1774382619104,"pid":1603455,"hostname":"TempleOfZyminx","from":{"q":4,"r":6},"to":{"q":1,"r":11},"msg":"findPath: no valid path found"}
{"level":30,"time":1774382619104,"pid":1603455,"hostname":"TempleOfZyminx","from":{"q":4,"r":6},"to":{"q":1,"r":12},"msg":"findPath: no valid path found"}
{"level":30,"time":1774382619104,"pid":1603455,"hostname":"TempleOfZyminx","from":{"q":4,"r":6},"to":{"q":1,"r":13},"msg":"findPath: no valid path found"}
{"level":30,"time":1774382619104,"pid":1603455,"hostname":"TempleOfZyminx","from":{"q":4,"r":6},"to":{"q":1,"r":14},"msg":"findPath: no valid path found"}
{"level":30,"time":1774382619104,"pid":1603455,"hostname":"TempleOfZyminx","from":{"q":4,"r":6},"to":{"q":1,"r":15},"msg":"findPath: no valid path found"}
{"level":30,"time":1774382619104,"pid":1603455,"hostname":"TempleOfZyminx","from":{"q":4,"r":6},"to":{"q":1,"r":16},"msg":"findPath: no valid path found"}
{"level":30,"time":1774382619104,"pid":1603455,"hostname":"TempleOfZyminx","from":{"q":4,"r":6},"to":{"q":1,"r":17},"msg":"findPath: no valid path found"}
{"level":30,"time":1774382619104,"pid":1603455,"hostname":"TempleOfZyminx","from":{"q":4,"r":6},"to":{"q":1,"r":18},"msg":"findPath: no valid path found"}
{"level":30,"time":1774382619105,"pid":1603455,"hostname":"TempleOfZyminx","from":{"q":4,"r":6},"to":{"q":1,"r":19},"msg":"findPath: no valid path found"}
{"level":30,"time":1774382619105,"pid":1603455,"hostname":"TempleOfZyminx","from":{"q":4,"r":6},"to":{"q":1,"r":20},"msg":"findPath: no valid path found"}
{"level":30,"time":1774382619105,"pid":1603455,"hostname":"TempleOfZyminx","from":{"q":4,"r":6},"to":{"q":1,"r":21},"msg":"findPath: no valid path found"}
{"level":30,"time":1774382619105,"pid":1603455,"hostname":"TempleOfZyminx","from":{"q":4,"r":6},"to":{"q":2,"r":0},"msg":"findPath: no valid path found"}
{"level":30,"time":1774382619105,"pid":1603455,"hostname":"TempleOfZyminx","from":{"q":4,"r":6},"to":{"q":2,"r":1},"msg":"findPath: no valid path found"}
{"level":30,"time":1774382619105,"pid":1603455,"hostname":"TempleOfZyminx","from":{"q":4,"r":6},"to":{"q":2,"r":2},"msg":"findPath: no valid path found"}
{"level":30,"time":1774382619105,"pid":1603455,"hostname":"TempleOfZyminx","from":{"q":4,"r":6},"to":{"q":2,"r":3},"msg":"findPath: no valid path found"}
{"level":30,"time":1774382619106,"pid":1603455,"hostname":"TempleOfZyminx","from":{"q":4,"r":6},"to":{"q":2,"r":11},"msg":"findPath: no valid path found"}
{"level":30,"time":1774382619106,"pid":1603455,"hostname":"TempleOfZyminx","from":{"q":4,"r":6},"to":{"q":2,"r":12},"msg":"findPath: no valid path found"}
{"level":30,"time":1774382619106,"pid":1603455,"hostname":"TempleOfZyminx","from":{"q":4,"r":6},"to":{"q":2,"r":13},"msg":"findPath: no valid path found"}
{"level":30,"time":1774382619106,"pid":1603455,"hostname":"TempleOfZyminx","from":{"q":4,"r":6},"to":{"q":2,"r":14},"msg":"findPath: no valid path found"}
{"level":30,"time":1774382619106,"pid":1603455,"hostname":"TempleOfZyminx","from":{"q":4,"r":6},"to":{"q":2,"r":15},"msg":"findPath: no valid path found"}
{"level":30,"time":1774382619106,"pid":1603455,"hostname":"TempleOfZyminx","from":{"q":4,"r":6},"to":{"q":2,"r":16},"msg":"findPath: no valid path found"}
{"level":30,"time":1774382619106,"pid":1603455,"hostname":"TempleOfZyminx","from":{"q":4,"r":6},"to":{"q":2,"r":17},"msg":"findPath: no valid path found"}
{"level":30,"time":1774382619107,"pid":1603455,"hostname":"TempleOfZyminx","from":{"q":4,"r":6},"to":{"q":2,"r":18},"msg":"findPath: no valid path found"}
{"level":30,"time":1774382619107,"pid":1603455,"hostname":"TempleOfZyminx","from":{"q":4,"r":6},"to":{"q":2,"r":19},"msg":"findPath: no valid path found"}
{"level":30,"time":1774382619107,"pid":1603455,"hostname":"TempleOfZyminx","from":{"q":4,"r":6},"to":{"q":2,"r":20},"msg":"findPath: no valid path found"}
{"level":30,"time":1774382619107,"pid":1603455,"hostname":"TempleOfZyminx","from":{"q":4,"r":6},"to":{"q":2,"r":21},"msg":"findPath: no valid path found"}
{"level":30,"time":1774382619107,"pid":1603455,"hostname":"TempleOfZyminx","from":{"q":4,"r":6},"to":{"q":3,"r":0},"msg":"findPath: no valid path found"}
{"level":30,"time":1774382619107,"pid":1603455,"hostname":"TempleOfZyminx","from":{"q":4,"r":6},"to":{"q":3,"r":1},"msg":"findPath: no valid path found"}
{"level":30,"time":1774382619107,"pid":1603455,"hostname":"TempleOfZyminx","from":{"q":4,"r":6},"to":{"q":3,"r":2},"msg":"findPath: no valid path found"}
{"level":30,"time":1774382619107,"pid":1603455,"hostname":"TempleOfZyminx","from":{"q":4,"r":6},"to":{"q":3,"r":8},"msg":"findPath: no valid path found"}
{"level":30,"time":1774382619108,"pid":1603455,"hostname":"TempleOfZyminx","from":{"q":4,"r":6},"to":{"q":3,"r":10},"msg":"findPath: no valid path found"}
{"level":30,"time":1774382619108,"pid":1603455,"hostname":"TempleOfZyminx","from":{"q":4,"r":6},"to":{"q":3,"r":11},"msg":"findPath: no valid path found"}
{"level":30,"time":1774382619108,"pid":1603455,"hostname":"TempleOfZyminx","from":{"q":4,"r":6},"to":{"q":3,"r":12},"msg":"findPath: no valid path found"}
{"level":30,"time":1774382619108,"pid":1603455,"hostname":"TempleOfZyminx","from":{"q":4,"r":6},"to":{"q":3,"r":13},"msg":"findPath: no valid path found"}
{"level":30,"time":1774382619108,"pid":1603455,"hostname":"TempleOfZyminx","from":{"q":4,"r":6},"to":{"q":3,"r":14},"msg":"findPath: no valid path found"}
{"level":30,"time":1774382619108,"pid":1603455,"hostname":"TempleOfZyminx","from":{"q":4,"r":6},"to":{"q":3,"r":15},"msg":"findPath: no valid path found"}
{"level":30,"time":1774382619108,"pid":1603455,"hostname":"TempleOfZyminx","from":{"q":4,"r":6},"to":{"q":3,"r":16},"msg":"findPath: no valid path found"}
{"level":30,"time":1774382619108,"pid":1603455,"hostname":"TempleOfZyminx","from":{"q":4,"r":6},"to":{"q":3,"r":17},"msg":"findPath: no valid path found"}
{"level":30,"time":1774382619109,"pid":1603455,"hostname":"TempleOfZyminx","from":{"q":4,"r":6},"to":{"q":3,"r":18},"msg":"findPath: no valid path found"}
{"level":30,"time":1774382619109,"pid":1603455,"hostname":"TempleOfZyminx","from":{"q":4,"r":6},"to":{"q":3,"r":19},"msg":"findPath: no valid path found"}
{"level":30,"time":1774382619109,"pid":1603455,"hostname":"TempleOfZyminx","from":{"q":4,"r":6},"to":{"q":3,"r":20},"msg":"findPath: no valid path found"}
{"level":30,"time":1774382619109,"pid":1603455,"hostname":"TempleOfZyminx","from":{"q":4,"r":6},"to":{"q":3,"r":21},"msg":"findPath: no valid path found"}
{"level":30,"time":1774382619109,"pid":1603455,"hostname":"TempleOfZyminx","from":{"q":4,"r":6},"to":{"q":4,"r":0},"msg":"findPath: no valid path found"}
{"level":30,"time":1774382619109,"pid":1603455,"hostname":"TempleOfZyminx","from":{"q":4,"r":6},"to":{"q":4,"r":1},"msg":"findPath: no valid path found"}
{"level":30,"time":1774382619109,"pid":1603455,"hostname":"TempleOfZyminx","from":{"q":4,"r":6},"to":{"q":4,"r":8},"msg":"findPath: no valid path found"}
{"level":30,"time":1774382619110,"pid":1603455,"hostname":"TempleOfZyminx","from":{"q":4,"r":6},"to":{"q":4,"r":10},"msg":"findPath: no valid path found"}
{"level":30,"time":1774382619110,"pid":1603455,"hostname":"TempleOfZyminx","from":{"q":4,"r":6},"to":{"q":4,"r":11},"msg":"findPath: no valid path found"}
{"level":30,"time":1774382619110,"pid":1603455,"hostname":"TempleOfZyminx","from":{"q":4,"r":6},"to":{"q":4,"r":12},"msg":"findPath: no valid path found"}
{"level":30,"time":1774382619110,"pid":1603455,"hostname":"TempleOfZyminx","from":{"q":4,"r":6},"to":{"q":4,"r":13},"msg":"findPath: no valid path found"}
{"level":30,"time":1774382619110,"pid":1603455,"hostname":"TempleOfZyminx","from":{"q":4,"r":6},"to":{"q":4,"r":14},"msg":"findPath: no valid path found"}
{"level":30,"time":1774382619110,"pid":1603455,"hostname":"TempleOfZyminx","from":{"q":4,"r":6},"to":{"q":4,"r":15},"msg":"findPath: no valid path found"}
{"level":30,"time":1774382619110,"pid":1603455,"hostname":"TempleOfZyminx","from":{"q":4,"r":6},"to":{"q":4,"r":16},"msg":"findPath: no valid path found"}
{"level":30,"time":1774382619111,"pid":1603455,"hostname":"TempleOfZyminx","from":{"q":4,"r":6},"to":{"q":4,"r":17},"msg":"findPath: no valid path found"}
{"level":30,"time":1774382619111,"pid":1603455,"hostname":"TempleOfZyminx","from":{"q":4,"r":6},"to":{"q":4,"r":18},"msg":"findPath: no valid path found"}
{"level":30,"time":1774382619111,"pid":1603455,"hostname":"TempleOfZyminx","from":{"q":4,"r":6},"to":{"q":4,"r":19},"msg":"findPath: no valid path found"}
{"level":30,"time":1774382619111,"pid":1603455,"hostname":"TempleOfZyminx","from":{"q":4,"r":6},"to":{"q":4,"r":20},"msg":"findPath: no valid path found"}
{"level":30,"time":1774382619111,"pid":1603455,"hostname":"TempleOfZyminx","from":{"q":4,"r":6},"to":{"q":4,"r":21},"msg":"findPath: no valid path found"}
{"level":30,"time":1774382619111,"pid":1603455,"hostname":"TempleOfZyminx","from":{"q":4,"r":6},"to":{"q":5,"r":0},"msg":"findPath: no valid path found"}
{"level":30,"time":1774382619112,"pid":1603455,"hostname":"TempleOfZyminx","from":{"q":4,"r":6},"to":{"q":5,"r":1},"msg":"findPath: no valid path found"}
{"level":30,"time":1774382619112,"pid":1603455,"hostname":"TempleOfZyminx","from":{"q":4,"r":6},"to":{"q":5,"r":2},"msg":"findPath: no valid path found"}
{"level":30,"time":1774382619112,"pid":1603455,"hostname":"TempleOfZyminx","from":{"q":4,"r":6},"to":{"q":5,"r":10},"msg":"findPath: no valid path found"}
{"level":30,"time":1774382619112,"pid":1603455,"hostname":"TempleOfZyminx","from":{"q":4,"r":6},"to":{"q":5,"r":11},"msg":"findPath: no valid path found"}
{"level":30,"time":1774382619112,"pid":1603455,"hostname":"TempleOfZyminx","from":{"q":4,"r":6},"to":{"q":5,"r":12},"msg":"findPath: no valid path found"}
{"level":30,"time":1774382619112,"pid":1603455,"hostname":"TempleOfZyminx","from":{"q":4,"r":6},"to":{"q":5,"r":13},"msg":"findPath: no valid path found"}
{"level":30,"time":1774382619113,"pid":1603455,"hostname":"TempleOfZyminx","from":{"q":4,"r":6},"to":{"q":5,"r":14},"msg":"findPath: no valid path found"}
{"level":30,"time":1774382619113,"pid":1603455,"hostname":"TempleOfZyminx","from":{"q":4,"r":6},"to":{"q":5,"r":15},"msg":"findPath: no valid path found"}
{"level":30,"time":1774382619113,"pid":1603455,"hostname":"TempleOfZyminx","from":{"q":4,"r":6},"to":{"q":5,"r":16},"msg":"findPath: no valid path found"}
{"level":30,"time":1774382619113,"pid":1603455,"hostname":"TempleOfZyminx","from":{"q":4,"r":6},"to":{"q":5,"r":17},"msg":"findPath: no valid path found"}
{"level":30,"time":1774382619113,"pid":1603455,"hostname":"TempleOfZyminx","from":{"q":4,"r":6},"to":{"q":5,"r":18},"msg":"findPath: no valid path found"}
{"level":30,"time":1774382619113,"pid":1603455,"hostname":"TempleOfZyminx","from":{"q":4,"r":6},"to":{"q":5,"r":19},"msg":"findPath: no valid path found"}
{"level":30,"time":1774382619113,"pid":1603455,"hostname":"TempleOfZyminx","from":{"q":4,"r":6},"to":{"q":5,"r":20},"msg":"findPath: no valid path found"}
{"level":30,"time":1774382619113,"pid":1603455,"hostname":"TempleOfZyminx","from":{"q":4,"r":6},"to":{"q":5,"r":21},"msg":"findPath: no valid path found"}
{"level":30,"time":1774382619114,"pid":1603455,"hostname":"TempleOfZyminx","from":{"q":4,"r":6},"to":{"q":6,"r":0},"msg":"findPath: no valid path found"}
{"level":30,"time":1774382619114,"pid":1603455,"hostname":"TempleOfZyminx","from":{"q":4,"r":6},"to":{"q":6,"r":1},"msg":"findPath: no valid path found"}
{"level":30,"time":1774382619114,"pid":1603455,"hostname":"TempleOfZyminx","from":{"q":4,"r":6},"to":{"q":6,"r":9},"msg":"findPath: no valid path found"}
{"level":30,"time":1774382619114,"pid":1603455,"hostname":"TempleOfZyminx","from":{"q":4,"r":6},"to":{"q":6,"r":10},"msg":"findPath: no valid path found"}
{"level":30,"time":1774382619114,"pid":1603455,"hostname":"TempleOfZyminx","from":{"q":4,"r":6},"to":{"q":6,"r":11},"msg":"findPath: no valid path found"}
{"level":30,"time":1774382619115,"pid":1603455,"hostname":"TempleOfZyminx","from":{"q":4,"r":6},"to":{"q":6,"r":12},"msg":"findPath: no valid path found"}
{"level":30,"time":1774382619115,"pid":1603455,"hostname":"TempleOfZyminx","from":{"q":4,"r":6},"to":{"q":6,"r":13},"msg":"findPath: no valid path found"}
{"level":30,"time":1774382619115,"pid":1603455,"hostname":"TempleOfZyminx","from":{"q":4,"r":6},"to":{"q":6,"r":14},"msg":"findPath: no valid path found"}
{"level":30,"time":1774382619115,"pid":1603455,"hostname":"TempleOfZyminx","from":{"q":4,"r":6},"to":{"q":6,"r":15},"msg":"findPath: no valid path found"}
{"level":30,"time":1774382619115,"pid":1603455,"hostname":"TempleOfZyminx","from":{"q":4,"r":6},"to":{"q":6,"r":16},"msg":"findPath: no valid path found"}
{"level":30,"time":1774382619115,"pid":1603455,"hostname":"TempleOfZyminx","from":{"q":4,"r":6},"to":{"q":6,"r":17},"msg":"findPath: no valid path found"}
{"level":30,"time":1774382619115,"pid":1603455,"hostname":"TempleOfZyminx","from":{"q":4,"r":6},"to":{"q":6,"r":18},"msg":"findPath: no valid path found"}
{"level":30,"time":1774382619115,"pid":1603455,"hostname":"TempleOfZyminx","from":{"q":4,"r":6},"to":{"q":6,"r":19},"msg":"findPath: no valid path found"}
{"level":30,"time":1774382619116,"pid":1603455,"hostname":"TempleOfZyminx","from":{"q":4,"r":6},"to":{"q":6,"r":20},"msg":"findPath: no valid path found"}
{"level":30,"time":1774382619116,"pid":1603455,"hostname":"TempleOfZyminx","from":{"q":4,"r":6},"to":{"q":6,"r":21},"msg":"findPath: no valid path found"}
{"level":30,"time":1774382619116,"pid":1603455,"hostname":"TempleOfZyminx","from":{"q":4,"r":6},"to":{"q":7,"r":0},"msg":"findPath: no valid path found"}
{"level":30,"time":1774382619116,"pid":1603455,"hostname":"TempleOfZyminx","from":{"q":4,"r":6},"to":{"q":7,"r":1},"msg":"findPath: no valid path found"}
{"level":30,"time":1774382619117,"pid":1603455,"hostname":"TempleOfZyminx","from":{"q":4,"r":6},"to":{"q":7,"r":8},"msg":"findPath: no valid path found"}
{"level":30,"time":1774382619117,"pid":1603455,"hostname":"TempleOfZyminx","from":{"q":4,"r":6},"to":{"q":7,"r":9},"msg":"findPath: no valid path found"}
{"level":30,"time":1774382619117,"pid":1603455,"hostname":"TempleOfZyminx","from":{"q":4,"r":6},"to":{"q":7,"r":10},"msg":"findPath: no valid path found"}
{"level":30,"time":1774382619117,"pid":1603455,"hostname":"TempleOfZyminx","from":{"q":4,"r":6},"to":{"q":7,"r":11},"msg":"findPath: no valid path found"}
{"level":30,"time":1774382619117,"pid":1603455,"hostname":"TempleOfZyminx","from":{"q":4,"r":6},"to":{"q":7,"r":12},"msg":"findPath: no valid path found"}
{"level":30,"time":1774382619117,"pid":1603455,"hostname":"TempleOfZyminx","from":{"q":4,"r":6},"to":{"q":7,"r":13},"msg":"findPath: no valid path found"}
{"level":30,"time":1774382619117,"pid":1603455,"hostname":"TempleOfZyminx","from":{"q":4,"r":6},"to":{"q":7,"r":14},"msg":"findPath: no valid path found"}
{"level":30,"time":1774382619117,"pid":1603455,"hostname":"TempleOfZyminx","from":{"q":4,"r":6},"to":{"q":7,"r":15},"msg":"findPath: no valid path found"}
{"level":30,"time":1774382619118,"pid":1603455,"hostname":"TempleOfZyminx","from":{"q":4,"r":6},"to":{"q":7,"r":16},"msg":"findPath: no valid path found"}
{"level":30,"time":1774382619118,"pid":1603455,"hostname":"TempleOfZyminx","from":{"q":4,"r":6},"to":{"q":7,"r":17},"msg":"findPath: no valid path found"}
{"level":30,"time":1774382619118,"pid":1603455,"hostname":"TempleOfZyminx","from":{"q":4,"r":6},"to":{"q":7,"r":18},"msg":"findPath: no valid path found"}
{"level":30,"time":1774382619118,"pid":1603455,"hostname":"TempleOfZyminx","from":{"q":4,"r":6},"to":{"q":7,"r":19},"msg":"findPath: no valid path found"}
{"level":30,"time":1774382619118,"pid":1603455,"hostname":"TempleOfZyminx","from":{"q":4,"r":6},"to":{"q":7,"r":20},"msg":"findPath: no valid path found"}
{"level":30,"time":1774382619118,"pid":1603455,"hostname":"TempleOfZyminx","from":{"q":4,"r":6},"to":{"q":7,"r":21},"msg":"findPath: no valid path found"}
{"level":30,"time":1774382619118,"pid":1603455,"hostname":"TempleOfZyminx","from":{"q":4,"r":6},"to":{"q":8,"r":0},"msg":"findPath: no valid path found"}
{"level":30,"time":1774382619118,"pid":1603455,"hostname":"TempleOfZyminx","from":{"q":4,"r":6},"to":{"q":8,"r":1},"msg":"findPath: no valid path found"}
{"level":30,"time":1774382619119,"pid":1603455,"hostname":"TempleOfZyminx","from":{"q":4,"r":6},"to":{"q":8,"r":7},"msg":"findPath: no valid path found"}
{"level":30,"time":1774382619119,"pid":1603455,"hostname":"TempleOfZyminx","from":{"q":4,"r":6},"to":{"q":8,"r":8},"msg":"findPath: no valid path found"}
{"level":30,"time":1774382619119,"pid":1603455,"hostname":"TempleOfZyminx","from":{"q":4,"r":6},"to":{"q":8,"r":9},"msg":"findPath: no valid path found"}
{"level":30,"time":1774382619119,"pid":1603455,"hostname":"TempleOfZyminx","from":{"q":4,"r":6},"to":{"q":8,"r":10},"msg":"findPath: no valid path found"}
{"level":30,"time":1774382619120,"pid":1603455,"hostname":"TempleOfZyminx","from":{"q":4,"r":6},"to":{"q":8,"r":11},"msg":"findPath: no valid path found"}
{"level":30,"time":1774382619120,"pid":1603455,"hostname":"TempleOfZyminx","from":{"q":4,"r":6},"to":{"q":8,"r":12},"msg":"findPath: no valid path found"}
{"level":30,"time":1774382619120,"pid":1603455,"hostname":"TempleOfZyminx","from":{"q":4,"r":6},"to":{"q":8,"r":13},"msg":"findPath: no valid path found"}
{"level":30,"time":1774382619120,"pid":1603455,"hostname":"TempleOfZyminx","from":{"q":4,"r":6},"to":{"q":8,"r":14},"msg":"findPath: no valid path found"}
{"level":30,"time":1774382619120,"pid":1603455,"hostname":"TempleOfZyminx","from":{"q":4,"r":6},"to":{"q":8,"r":15},"msg":"findPath: no valid path found"}
{"level":30,"time":1774382619120,"pid":1603455,"hostname":"TempleOfZyminx","from":{"q":4,"r":6},"to":{"q":8,"r":16},"msg":"findPath: no valid path found"}
{"level":30,"time":1774382619120,"pid":1603455,"hostname":"TempleOfZyminx","from":{"q":4,"r":6},"to":{"q":8,"r":17},"msg":"findPath: no valid path found"}
{"level":30,"time":1774382619121,"pid":1603455,"hostname":"TempleOfZyminx","from":{"q":4,"r":6},"to":{"q":8,"r":18},"msg":"findPath: no valid path found"}
{"level":30,"time":1774382619121,"pid":1603455,"hostname":"TempleOfZyminx","from":{"q":4,"r":6},"to":{"q":8,"r":19},"msg":"findPath: no valid path found"}
{"level":30,"time":1774382619121,"pid":1603455,"hostname":"TempleOfZyminx","from":{"q":4,"r":6},"to":{"q":8,"r":20},"msg":"findPath: no valid path found"}
{"level":30,"time":1774382619121,"pid":1603455,"hostname":"TempleOfZyminx","from":{"q":4,"r":6},"to":{"q":8,"r":21},"msg":"findPath: no valid path found"}
{"level":30,"time":1774382619121,"pid":1603455,"hostname":"TempleOfZyminx","from":{"q":4,"r":6},"to":{"q":9,"r":0},"msg":"findPath: no valid path found"}
{"level":30,"time":1774382619121,"pid":1603455,"hostname":"TempleOfZyminx","from":{"q":4,"r":6},"to":{"q":9,"r":1},"msg":"findPath: no valid path found"}
{"level":30,"time":1774382619121,"pid":1603455,"hostname":"TempleOfZyminx","from":{"q":4,"r":6},"to":{"q":9,"r":2},"msg":"findPath: no valid path found"}
{"level":30,"time":1774382619121,"pid":1603455,"hostname":"TempleOfZyminx","from":{"q":4,"r":6},"to":{"q":9,"r":3},"msg":"findPath: no valid path found"}
{"level":30,"time":1774382619122,"pid":1603455,"hostname":"TempleOfZyminx","from":{"q":4,"r":6},"to":{"q":9,"r":4},"msg":"findPath: no valid path found"}
{"level":30,"time":1774382619122,"pid":1603455,"hostname":"TempleOfZyminx","from":{"q":4,"r":6},"to":{"q":9,"r":5},"msg":"findPath: no valid path found"}
{"level":30,"time":1774382619122,"pid":1603455,"hostname":"TempleOfZyminx","from":{"q":4,"r":6},"to":{"q":9,"r":6},"msg":"findPath: no valid path found"}
{"level":30,"time":1774382619122,"pid":1603455,"hostname":"TempleOfZyminx","from":{"q":4,"r":6},"to":{"q":9,"r":7},"msg":"findPath: no valid path found"}
{"level":30,"time":1774382619122,"pid":1603455,"hostname":"TempleOfZyminx","from":{"q":4,"r":6},"to":{"q":9,"r":8},"msg":"findPath: no valid path found"}
{"level":30,"time":1774382619122,"pid":1603455,"hostname":"TempleOfZyminx","from":{"q":4,"r":6},"to":{"q":9,"r":9},"msg":"findPath: no valid path found"}
{"level":30,"time":1774382619122,"pid":1603455,"hostname":"TempleOfZyminx","from":{"q":4,"r":6},"to":{"q":9,"r":10},"msg":"findPath: no valid path found"}
{"level":30,"time":1774382619123,"pid":1603455,"hostname":"TempleOfZyminx","from":{"q":4,"r":6},"to":{"q":9,"r":11},"msg":"findPath: no valid path found"}
{"level":30,"time":1774382619123,"pid":1603455,"hostname":"TempleOfZyminx","from":{"q":4,"r":6},"to":{"q":9,"r":12},"msg":"findPath: no valid path found"}
{"level":30,"time":1774382619123,"pid":1603455,"hostname":"TempleOfZyminx","from":{"q":4,"r":6},"to":{"q":9,"r":13},"msg":"findPath: no valid path found"}
{"level":30,"time":1774382619123,"pid":1603455,"hostname":"TempleOfZyminx","from":{"q":4,"r":6},"to":{"q":9,"r":14},"msg":"findPath: no valid path found"}
{"level":30,"time":1774382619123,"pid":1603455,"hostname":"TempleOfZyminx","from":{"q":4,"r":6},"to":{"q":9,"r":15},"msg":"findPath: no valid path found"}
{"level":30,"time":1774382619123,"pid":1603455,"hostname":"TempleOfZyminx","from":{"q":4,"r":6},"to":{"q":9,"r":16},"msg":"findPath: no valid path found"}
{"level":30,"time":1774382619123,"pid":1603455,"hostname":"TempleOfZyminx","from":{"q":4,"r":6},"to":{"q":9,"r":17},"msg":"findPath: no valid path found"}
{"level":30,"time":1774382619123,"pid":1603455,"hostname":"TempleOfZyminx","from":{"q":4,"r":6},"to":{"q":9,"r":18},"msg":"findPath: no valid path found"}
{"level":30,"time":1774382619124,"pid":1603455,"hostname":"TempleOfZyminx","from":{"q":4,"r":6},"to":{"q":9,"r":19},"msg":"findPath: no valid path found"}
{"level":30,"time":1774382619124,"pid":1603455,"hostname":"TempleOfZyminx","from":{"q":4,"r":6},"to":{"q":9,"r":20},"msg":"findPath: no valid path found"}
{"level":30,"time":1774382619124,"pid":1603455,"hostname":"TempleOfZyminx","from":{"q":4,"r":6},"to":{"q":9,"r":21},"msg":"findPath: no valid path found"}
{"level":30,"time":1774382619124,"pid":1603455,"hostname":"TempleOfZyminx","from":{"q":4,"r":6},"to":{"q":10,"r":0},"msg":"findPath: no valid path found"}
{"level":30,"time":1774382619124,"pid":1603455,"hostname":"TempleOfZyminx","from":{"q":4,"r":6},"to":{"q":10,"r":1},"msg":"findPath: no valid path found"}
{"level":30,"time":1774382619124,"pid":1603455,"hostname":"TempleOfZyminx","from":{"q":4,"r":6},"to":{"q":10,"r":2},"msg":"findPath: no valid path found"}
{"level":30,"time":1774382619124,"pid":1603455,"hostname":"TempleOfZyminx","from":{"q":4,"r":6},"to":{"q":10,"r":3},"msg":"findPath: no valid path found"}
{"level":30,"time":1774382619124,"pid":1603455,"hostname":"TempleOfZyminx","from":{"q":4,"r":6},"to":{"q":10,"r":4},"msg":"findPath: no valid path found"}
{"level":30,"time":1774382619125,"pid":1603455,"hostname":"TempleOfZyminx","from":{"q":4,"r":6},"to":{"q":10,"r":5},"msg":"findPath: no valid path found"}
{"level":30,"time":1774382619125,"pid":1603455,"hostname":"TempleOfZyminx","from":{"q":4,"r":6},"to":{"q":10,"r":6},"msg":"findPath: no valid path found"}
{"level":30,"time":1774382619125,"pid":1603455,"hostname":"TempleOfZyminx","from":{"q":4,"r":6},"to":{"q":10,"r":7},"msg":"findPath: no valid path found"}
{"level":30,"time":1774382619125,"pid":1603455,"hostname":"TempleOfZyminx","from":{"q":4,"r":6},"to":{"q":10,"r":8},"msg":"findPath: no valid path found"}
{"level":30,"time":1774382619125,"pid":1603455,"hostname":"TempleOfZyminx","from":{"q":4,"r":6},"to":{"q":10,"r":9},"msg":"findPath: no valid path found"}
{"level":30,"time":1774382619125,"pid":1603455,"hostname":"TempleOfZyminx","from":{"q":4,"r":6},"to":{"q":10,"r":10},"msg":"findPath: no valid path found"}
{"level":30,"time":1774382619125,"pid":1603455,"hostname":"TempleOfZyminx","from":{"q":4,"r":6},"to":{"q":10,"r":11},"msg":"findPath: no valid path found"}
{"level":30,"time":1774382619126,"pid":1603455,"hostname":"TempleOfZyminx","from":{"q":4,"r":6},"to":{"q":10,"r":12},"msg":"findPath: no valid path found"}
{"level":30,"time":1774382619126,"pid":1603455,"hostname":"TempleOfZyminx","from":{"q":4,"r":6},"to":{"q":10,"r":13},"msg":"findPath: no valid path found"}
{"level":30,"time":1774382619126,"pid":1603455,"hostname":"TempleOfZyminx","from":{"q":4,"r":6},"to":{"q":10,"r":14},"msg":"findPath: no valid path found"}
{"level":30,"time":1774382619126,"pid":1603455,"hostname":"TempleOfZyminx","from":{"q":4,"r":6},"to":{"q":10,"r":15},"msg":"findPath: no valid path found"}
{"level":30,"time":1774382619126,"pid":1603455,"hostname":"TempleOfZyminx","from":{"q":4,"r":6},"to":{"q":10,"r":16},"msg":"findPath: no valid path found"}
{"level":30,"time":1774382619126,"pid":1603455,"hostname":"TempleOfZyminx","from":{"q":4,"r":6},"to":{"q":10,"r":17},"msg":"findPath: no valid path found"}
{"level":30,"time":1774382619126,"pid":1603455,"hostname":"TempleOfZyminx","from":{"q":4,"r":6},"to":{"q":10,"r":18},"msg":"findPath: no valid path found"}
{"level":30,"time":1774382619126,"pid":1603455,"hostname":"TempleOfZyminx","from":{"q":4,"r":6},"to":{"q":10,"r":19},"msg":"findPath: no valid path found"}
{"level":30,"time":1774382619127,"pid":1603455,"hostname":"TempleOfZyminx","from":{"q":4,"r":6},"to":{"q":10,"r":20},"msg":"findPath: no valid path found"}
{"level":30,"time":1774382619127,"pid":1603455,"hostname":"TempleOfZyminx","from":{"q":4,"r":6},"to":{"q":10,"r":21},"msg":"findPath: no valid path found"}
{"level":30,"time":1774382619127,"pid":1603455,"hostname":"TempleOfZyminx","from":{"q":4,"r":6},"to":{"q":11,"r":0},"msg":"findPath: no valid path found"}
{"level":30,"time":1774382619127,"pid":1603455,"hostname":"TempleOfZyminx","from":{"q":4,"r":6},"to":{"q":11,"r":1},"msg":"findPath: no valid path found"}
{"level":30,"time":1774382619127,"pid":1603455,"hostname":"TempleOfZyminx","from":{"q":4,"r":6},"to":{"q":11,"r":2},"msg":"findPath: no valid path found"}
{"level":30,"time":1774382619127,"pid":1603455,"hostname":"TempleOfZyminx","from":{"q":4,"r":6},"to":{"q":11,"r":3},"msg":"findPath: no valid path found"}
{"level":30,"time":1774382619127,"pid":1603455,"hostname":"TempleOfZyminx","from":{"q":4,"r":6},"to":{"q":11,"r":4},"msg":"findPath: no valid path found"}
{"level":30,"time":1774382619127,"pid":1603455,"hostname":"TempleOfZyminx","from":{"q":4,"r":6},"to":{"q":11,"r":5},"msg":"findPath: no valid path found"}
{"level":30,"time":1774382619128,"pid":1603455,"hostname":"TempleOfZyminx","from":{"q":4,"r":6},"to":{"q":11,"r":6},"msg":"findPath: no valid path found"}
{"level":30,"time":1774382619128,"pid":1603455,"hostname":"TempleOfZyminx","from":{"q":4,"r":6},"to":{"q":11,"r":7},"msg":"findPath: no valid path found"}
{"level":30,"time":1774382619128,"pid":1603455,"hostname":"TempleOfZyminx","from":{"q":4,"r":6},"to":{"q":11,"r":8},"msg":"findPath: no valid path found"}
{"level":30,"time":1774382619128,"pid":1603455,"hostname":"TempleOfZyminx","from":{"q":4,"r":6},"to":{"q":11,"r":9},"msg":"findPath: no valid path found"}
{"level":30,"time":1774382619128,"pid":1603455,"hostname":"TempleOfZyminx","from":{"q":4,"r":6},"to":{"q":11,"r":10},"msg":"findPath: no valid path found"}
{"level":30,"time":1774382619128,"pid":1603455,"hostname":"TempleOfZyminx","from":{"q":4,"r":6},"to":{"q":11,"r":11},"msg":"findPath: no valid path found"}
{"level":30,"time":1774382619128,"pid":1603455,"hostname":"TempleOfZyminx","from":{"q":4,"r":6},"to":{"q":11,"r":12},"msg":"findPath: no valid path found"}
{"level":30,"time":1774382619129,"pid":1603455,"hostname":"TempleOfZyminx","from":{"q":4,"r":6},"to":{"q":11,"r":13},"msg":"findPath: no valid path found"}
{"level":30,"time":1774382619129,"pid":1603455,"hostname":"TempleOfZyminx","from":{"q":4,"r":6},"to":{"q":11,"r":14},"msg":"findPath: no valid path found"}
{"level":30,"time":1774382619129,"pid":1603455,"hostname":"TempleOfZyminx","from":{"q":4,"r":6},"to":{"q":11,"r":15},"msg":"findPath: no valid path found"}
{"level":30,"time":1774382619129,"pid":1603455,"hostname":"TempleOfZyminx","from":{"q":4,"r":6},"to":{"q":11,"r":16},"msg":"findPath: no valid path found"}
{"level":30,"time":1774382619129,"pid":1603455,"hostname":"TempleOfZyminx","from":{"q":4,"r":6},"to":{"q":11,"r":17},"msg":"findPath: no valid path found"}
{"level":30,"time":1774382619129,"pid":1603455,"hostname":"TempleOfZyminx","from":{"q":4,"r":6},"to":{"q":11,"r":18},"msg":"findPath: no valid path found"}
{"level":30,"time":1774382619129,"pid":1603455,"hostname":"TempleOfZyminx","from":{"q":4,"r":6},"to":{"q":11,"r":19},"msg":"findPath: no valid path found"}
{"level":30,"time":1774382619129,"pid":1603455,"hostname":"TempleOfZyminx","from":{"q":4,"r":6},"to":{"q":11,"r":20},"msg":"findPath: no valid path found"}
{"level":30,"time":1774382619130,"pid":1603455,"hostname":"TempleOfZyminx","from":{"q":4,"r":6},"to":{"q":11,"r":21},"msg":"findPath: no valid path found"}
{"level":30,"time":1774382619130,"pid":1603455,"hostname":"TempleOfZyminx","from":{"q":4,"r":6},"to":{"q":12,"r":0},"msg":"findPath: no valid path found"}
{"level":30,"time":1774382619130,"pid":1603455,"hostname":"TempleOfZyminx","from":{"q":4,"r":6},"to":{"q":12,"r":1},"msg":"findPath: no valid path found"}
{"level":30,"time":1774382619131,"pid":1603455,"hostname":"TempleOfZyminx","from":{"q":4,"r":6},"to":{"q":12,"r":2},"msg":"findPath: no valid path found"}
{"level":30,"time":1774382619131,"pid":1603455,"hostname":"TempleOfZyminx","from":{"q":4,"r":6},"to":{"q":12,"r":3},"msg":"findPath: no valid path found"}
{"level":30,"time":1774382619131,"pid":1603455,"hostname":"TempleOfZyminx","from":{"q":4,"r":6},"to":{"q":12,"r":4},"msg":"findPath: no valid path found"}
{"level":30,"time":1774382619131,"pid":1603455,"hostname":"TempleOfZyminx","from":{"q":4,"r":6},"to":{"q":12,"r":5},"msg":"findPath: no valid path found"}
{"level":30,"time":1774382619131,"pid":1603455,"hostname":"TempleOfZyminx","from":{"q":4,"r":6},"to":{"q":12,"r":6},"msg":"findPath: no valid path found"}
{"level":30,"time":1774382619131,"pid":1603455,"hostname":"TempleOfZyminx","from":{"q":4,"r":6},"to":{"q":12,"r":7},"msg":"findPath: no valid path found"}
{"level":30,"time":1774382619131,"pid":1603455,"hostname":"TempleOfZyminx","from":{"q":4,"r":6},"to":{"q":12,"r":8},"msg":"findPath: no valid path found"}
{"level":30,"time":1774382619131,"pid":1603455,"hostname":"TempleOfZyminx","from":{"q":4,"r":6},"to":{"q":12,"r":9},"msg":"findPath: no valid path found"}
{"level":30,"time":1774382619132,"pid":1603455,"hostname":"TempleOfZyminx","from":{"q":4,"r":6},"to":{"q":12,"r":10},"msg":"findPath: no valid path found"}
{"level":30,"time":1774382619132,"pid":1603455,"hostname":"TempleOfZyminx","from":{"q":4,"r":6},"to":{"q":12,"r":11},"msg":"findPath: no valid path found"}
{"level":30,"time":1774382619132,"pid":1603455,"hostname":"TempleOfZyminx","from":{"q":4,"r":6},"to":{"q":12,"r":12},"msg":"findPath: no valid path found"}
{"level":30,"time":1774382619132,"pid":1603455,"hostname":"TempleOfZyminx","from":{"q":4,"r":6},"to":{"q":12,"r":13},"msg":"findPath: no valid path found"}
{"level":30,"time":1774382619132,"pid":1603455,"hostname":"TempleOfZyminx","from":{"q":4,"r":6},"to":{"q":12,"r":14},"msg":"findPath: no valid path found"}
{"level":30,"time":1774382619132,"pid":1603455,"hostname":"TempleOfZyminx","from":{"q":4,"r":6},"to":{"q":12,"r":15},"msg":"findPath: no valid path found"}
{"level":30,"time":1774382619132,"pid":1603455,"hostname":"TempleOfZyminx","from":{"q":4,"r":6},"to":{"q":12,"r":16},"msg":"findPath: no valid path found"}
{"level":30,"time":1774382619133,"pid":1603455,"hostname":"TempleOfZyminx","from":{"q":4,"r":6},"to":{"q":12,"r":17},"msg":"findPath: no valid path found"}
{"level":30,"time":1774382619133,"pid":1603455,"hostname":"TempleOfZyminx","from":{"q":4,"r":6},"to":{"q":12,"r":18},"msg":"findPath: no valid path found"}
{"level":30,"time":1774382619133,"pid":1603455,"hostname":"TempleOfZyminx","from":{"q":4,"r":6},"to":{"q":12,"r":19},"msg":"findPath: no valid path found"}
{"level":30,"time":1774382619133,"pid":1603455,"hostname":"TempleOfZyminx","from":{"q":4,"r":6},"to":{"q":12,"r":20},"msg":"findPath: no valid path found"}
{"level":30,"time":1774382619133,"pid":1603455,"hostname":"TempleOfZyminx","from":{"q":4,"r":6},"to":{"q":12,"r":21},"msg":"findPath: no valid path found"}
{"level":30,"time":1774382619133,"pid":1603455,"hostname":"TempleOfZyminx","from":{"q":4,"r":6},"to":{"q":13,"r":0},"msg":"findPath: no valid path found"}
{"level":30,"time":1774382619133,"pid":1603455,"hostname":"TempleOfZyminx","from":{"q":4,"r":6},"to":{"q":13,"r":1},"msg":"findPath: no valid path found"}
{"level":30,"time":1774382619133,"pid":1603455,"hostname":"TempleOfZyminx","from":{"q":4,"r":6},"to":{"q":13,"r":2},"msg":"findPath: no valid path found"}
{"level":30,"time":1774382619134,"pid":1603455,"hostname":"TempleOfZyminx","from":{"q":4,"r":6},"to":{"q":13,"r":3},"msg":"findPath: no valid path found"}
{"level":30,"time":1774382619134,"pid":1603455,"hostname":"TempleOfZyminx","from":{"q":4,"r":6},"to":{"q":13,"r":4},"msg":"findPath: no valid path found"}
{"level":30,"time":1774382619134,"pid":1603455,"hostname":"TempleOfZyminx","from":{"q":4,"r":6},"to":{"q":13,"r":5},"msg":"findPath: no valid path found"}
{"level":30,"time":1774382619134,"pid":1603455,"hostname":"TempleOfZyminx","from":{"q":4,"r":6},"to":{"q":13,"r":6},"msg":"findPath: no valid path found"}
{"level":30,"time":1774382619134,"pid":1603455,"hostname":"TempleOfZyminx","from":{"q":4,"r":6},"to":{"q":13,"r":7},"msg":"findPath: no valid path found"}
{"level":30,"time":1774382619134,"pid":1603455,"hostname":"TempleOfZyminx","from":{"q":4,"r":6},"to":{"q":13,"r":8},"msg":"findPath: no valid path found"}
{"level":30,"time":1774382619134,"pid":1603455,"hostname":"TempleOfZyminx","from":{"q":4,"r":6},"to":{"q":13,"r":9},"msg":"findPath: no valid path found"}
{"level":30,"time":1774382619134,"pid":1603455,"hostname":"TempleOfZyminx","from":{"q":4,"r":6},"to":{"q":13,"r":10},"msg":"findPath: no valid path found"}
{"level":30,"time":1774382619135,"pid":1603455,"hostname":"TempleOfZyminx","from":{"q":4,"r":6},"to":{"q":13,"r":11},"msg":"findPath: no valid path found"}
{"level":30,"time":1774382619135,"pid":1603455,"hostname":"TempleOfZyminx","from":{"q":4,"r":6},"to":{"q":13,"r":12},"msg":"findPath: no valid path found"}
{"level":30,"time":1774382619135,"pid":1603455,"hostname":"TempleOfZyminx","from":{"q":4,"r":6},"to":{"q":13,"r":13},"msg":"findPath: no valid path found"}
{"level":30,"time":1774382619135,"pid":1603455,"hostname":"TempleOfZyminx","from":{"q":4,"r":6},"to":{"q":13,"r":14},"msg":"findPath: no valid path found"}
{"level":30,"time":1774382619135,"pid":1603455,"hostname":"TempleOfZyminx","from":{"q":4,"r":6},"to":{"q":13,"r":15},"msg":"findPath: no valid path found"}
{"level":30,"time":1774382619135,"pid":1603455,"hostname":"TempleOfZyminx","from":{"q":4,"r":6},"to":{"q":13,"r":16},"msg":"findPath: no valid path found"}
{"level":30,"time":1774382619135,"pid":1603455,"hostname":"TempleOfZyminx","from":{"q":4,"r":6},"to":{"q":13,"r":17},"msg":"findPath: no valid path found"}
{"level":30,"time":1774382619135,"pid":1603455,"hostname":"TempleOfZyminx","from":{"q":4,"r":6},"to":{"q":13,"r":18},"msg":"findPath: no valid path found"}
{"level":30,"time":1774382619135,"pid":1603455,"hostname":"TempleOfZyminx","from":{"q":4,"r":6},"to":{"q":13,"r":19},"msg":"findPath: no valid path found"}
{"level":30,"time":1774382619136,"pid":1603455,"hostname":"TempleOfZyminx","from":{"q":4,"r":6},"to":{"q":13,"r":20},"msg":"findPath: no valid path found"}
{"level":30,"time":1774382619136,"pid":1603455,"hostname":"TempleOfZyminx","from":{"q":4,"r":6},"to":{"q":13,"r":21},"msg":"findPath: no valid path found"}
{"level":30,"time":1774382619136,"pid":1603455,"hostname":"TempleOfZyminx","from":{"q":4,"r":6},"to":{"q":14,"r":0},"msg":"findPath: no valid path found"}
{"level":30,"time":1774382619136,"pid":1603455,"hostname":"TempleOfZyminx","from":{"q":4,"r":6},"to":{"q":14,"r":1},"msg":"findPath: no valid path found"}
{"level":30,"time":1774382619136,"pid":1603455,"hostname":"TempleOfZyminx","from":{"q":4,"r":6},"to":{"q":14,"r":2},"msg":"findPath: no valid path found"}
{"level":30,"time":1774382619136,"pid":1603455,"hostname":"TempleOfZyminx","from":{"q":4,"r":6},"to":{"q":14,"r":3},"msg":"findPath: no valid path found"}
{"level":30,"time":1774382619136,"pid":1603455,"hostname":"TempleOfZyminx","from":{"q":4,"r":6},"to":{"q":14,"r":4},"msg":"findPath: no valid path found"}
{"level":30,"time":1774382619136,"pid":1603455,"hostname":"TempleOfZyminx","from":{"q":4,"r":6},"to":{"q":14,"r":5},"msg":"findPath: no valid path found"}
{"level":30,"time":1774382619137,"pid":1603455,"hostname":"TempleOfZyminx","from":{"q":4,"r":6},"to":{"q":14,"r":6},"msg":"findPath: no valid path found"}
{"level":30,"time":1774382619137,"pid":1603455,"hostname":"TempleOfZyminx","from":{"q":4,"r":6},"to":{"q":14,"r":7},"msg":"findPath: no valid path found"}
{"level":30,"time":1774382619137,"pid":1603455,"hostname":"TempleOfZyminx","from":{"q":4,"r":6},"to":{"q":14,"r":8},"msg":"findPath: no valid path found"}
{"level":30,"time":1774382619137,"pid":1603455,"hostname":"TempleOfZyminx","from":{"q":4,"r":6},"to":{"q":14,"r":9},"msg":"findPath: no valid path found"}
{"level":30,"time":1774382619137,"pid":1603455,"hostname":"TempleOfZyminx","from":{"q":4,"r":6},"to":{"q":14,"r":10},"msg":"findPath: no valid path found"}
{"level":30,"time":1774382619137,"pid":1603455,"hostname":"TempleOfZyminx","from":{"q":4,"r":6},"to":{"q":14,"r":11},"msg":"findPath: no valid path found"}
{"level":30,"time":1774382619137,"pid":1603455,"hostname":"TempleOfZyminx","from":{"q":4,"r":6},"to":{"q":14,"r":12},"msg":"findPath: no valid path found"}
{"level":30,"time":1774382619137,"pid":1603455,"hostname":"TempleOfZyminx","from":{"q":4,"r":6},"to":{"q":14,"r":13},"msg":"findPath: no valid path found"}
{"level":30,"time":1774382619137,"pid":1603455,"hostname":"TempleOfZyminx","from":{"q":4,"r":6},"to":{"q":14,"r":14},"msg":"findPath: no valid path found"}
{"level":30,"time":1774382619138,"pid":1603455,"hostname":"TempleOfZyminx","from":{"q":4,"r":6},"to":{"q":14,"r":15},"msg":"findPath: no valid path found"}
{"level":30,"time":1774382619138,"pid":1603455,"hostname":"TempleOfZyminx","from":{"q":4,"r":6},"to":{"q":14,"r":16},"msg":"findPath: no valid path found"}
{"level":30,"time":1774382619138,"pid":1603455,"hostname":"TempleOfZyminx","from":{"q":4,"r":6},"to":{"q":14,"r":17},"msg":"findPath: no valid path found"}
{"level":30,"time":1774382619138,"pid":1603455,"hostname":"TempleOfZyminx","from":{"q":4,"r":6},"to":{"q":14,"r":18},"msg":"findPath: no valid path found"}
{"level":30,"time":1774382619138,"pid":1603455,"hostname":"TempleOfZyminx","from":{"q":4,"r":6},"to":{"q":14,"r":19},"msg":"findPath: no valid path found"}
{"level":30,"time":1774382619138,"pid":1603455,"hostname":"TempleOfZyminx","from":{"q":4,"r":6},"to":{"q":14,"r":20},"msg":"findPath: no valid path found"}
{"level":30,"time":1774382619138,"pid":1603455,"hostname":"TempleOfZyminx","from":{"q":4,"r":6},"to":{"q":14,"r":21},"msg":"findPath: no valid path found"}
{"level":30,"time":1774382619139,"pid":1603455,"hostname":"TempleOfZyminx","id":"a93fcf5b-e901-4464-8fe2-c07b8bc58aa4","command":"MOVE","msg":"Submitting game action"}
{"level":30,"time":1774382619139,"pid":1603455,"hostname":"TempleOfZyminx","gameId":"a93fcf5b-e901-4464-8fe2-c07b8bc58aa4","unitId":"wolf-1","msg":"Processing MOVE command"}
{"level":30,"time":1774382619140,"pid":1603455,"hostname":"TempleOfZyminx","id":"a93fcf5b-e901-4464-8fe2-c07b8bc58aa4","msg":"Fetching game state"}
{"level":30,"time":1774382619141,"pid":1603455,"hostname":"TempleOfZyminx","id":"a93fcf5b-e901-4464-8fe2-c07b8bc58aa4","command":"END_PHASE","msg":"Submitting game action"}
{"level":30,"time":1774382619141,"pid":1603455,"hostname":"TempleOfZyminx","gameId":"a93fcf5b-e901-4464-8fe2-c07b8bc58aa4","phase":"GEV_SECOND_MOVE","msg":"Advancing phase"}
{"level":30,"time":1774382619141,"pid":1603455,"hostname":"TempleOfZyminx","phase":"GEV_SECOND_MOVE","turnNumber":1,"msg":"Advancing phase in engine"}
{"level":30,"time":1774382619142,"pid":1603455,"hostname":"TempleOfZyminx","id":"a93fcf5b-e901-4464-8fe2-c07b8bc58aa4","msg":"Fetching game state"}
{"level":30,"time":1774382619143,"pid":1603455,"hostname":"TempleOfZyminx","id":"a93fcf5b-e901-4464-8fe2-c07b8bc58aa4","msg":"Fetching game state"}
{"level":30,"time":1774382619143,"pid":1603455,"hostname":"TempleOfZyminx","id":"a93fcf5b-e901-4464-8fe2-c07b8bc58aa4","msg":"Fetching game state"}
{"level":30,"time":1774382619144,"pid":1603455,"hostname":"TempleOfZyminx","id":"a93fcf5b-e901-4464-8fe2-c07b8bc58aa4","msg":"Fetching game state"}
{"level":30,"time":1774382619144,"pid":1603455,"hostname":"TempleOfZyminx","id":"a93fcf5b-e901-4464-8fe2-c07b8bc58aa4","msg":"Fetching game state"}
{"level":30,"time":1774382619145,"pid":1603455,"hostname":"TempleOfZyminx","from":{"q":3,"r":7},"to":{"q":0,"r":0},"msg":"findPath: no valid path found"}
{"level":30,"time":1774382619145,"pid":1603455,"hostname":"TempleOfZyminx","from":{"q":3,"r":7},"to":{"q":0,"r":1},"msg":"findPath: no valid path found"}
{"level":30,"time":1774382619145,"pid":1603455,"hostname":"TempleOfZyminx","from":{"q":3,"r":7},"to":{"q":0,"r":2},"msg":"findPath: no valid path found"}
{"level":30,"time":1774382619145,"pid":1603455,"hostname":"TempleOfZyminx","from":{"q":3,"r":7},"to":{"q":0,"r":3},"msg":"findPath: no valid path found"}
{"level":30,"time":1774382619145,"pid":1603455,"hostname":"TempleOfZyminx","from":{"q":3,"r":7},"to":{"q":0,"r":4},"msg":"findPath: no valid path found"}
{"level":30,"time":1774382619145,"pid":1603455,"hostname":"TempleOfZyminx","from":{"q":3,"r":7},"to":{"q":0,"r":5},"msg":"findPath: no valid path found"}
{"level":30,"time":1774382619145,"pid":1603455,"hostname":"TempleOfZyminx","from":{"q":3,"r":7},"to":{"q":0,"r":6},"msg":"findPath: no valid path found"}
{"level":30,"time":1774382619145,"pid":1603639,"hostname":"TempleOfZyminx","scenarioId":"swamp-siege-01","role":"onion","msg":"Creating new game match"}
{"level":30,"time":1774382619145,"pid":1603455,"hostname":"TempleOfZyminx","from":{"q":3,"r":7},"to":{"q":0,"r":11},"msg":"findPath: no valid path found"}
{"level":30,"time":1774382619145,"pid":1603455,"hostname":"TempleOfZyminx","from":{"q":3,"r":7},"to":{"q":0,"r":12},"msg":"findPath: no valid path found"}
{"level":30,"time":1774382619146,"pid":1603455,"hostname":"TempleOfZyminx","from":{"q":3,"r":7},"to":{"q":0,"r":13},"msg":"findPath: no valid path found"}
{"level":30,"time":1774382619146,"pid":1603455,"hostname":"TempleOfZyminx","from":{"q":3,"r":7},"to":{"q":0,"r":14},"msg":"findPath: no valid path found"}
{"level":30,"time":1774382619146,"pid":1603455,"hostname":"TempleOfZyminx","from":{"q":3,"r":7},"to":{"q":0,"r":15},"msg":"findPath: no valid path found"}
{"level":30,"time":1774382619146,"pid":1603455,"hostname":"TempleOfZyminx","from":{"q":3,"r":7},"to":{"q":0,"r":16},"msg":"findPath: no valid path found"}
{"level":30,"time":1774382619146,"pid":1603455,"hostname":"TempleOfZyminx","from":{"q":3,"r":7},"to":{"q":0,"r":17},"msg":"findPath: no valid path found"}
{"level":30,"time":1774382619146,"pid":1603455,"hostname":"TempleOfZyminx","from":{"q":3,"r":7},"to":{"q":0,"r":18},"msg":"findPath: no valid path found"}
{"level":30,"time":1774382619146,"pid":1603639,"hostname":"TempleOfZyminx","gameId":"12f15af7-2426-4a12-9b5b-fb8129d6758e","role":"onion","msg":"Game match created"}
{"level":30,"time":1774382619146,"pid":1603455,"hostname":"TempleOfZyminx","from":{"q":3,"r":7},"to":{"q":0,"r":19},"msg":"findPath: no valid path found"}
{"level":30,"time":1774382619146,"pid":1603455,"hostname":"TempleOfZyminx","from":{"q":3,"r":7},"to":{"q":0,"r":20},"msg":"findPath: no valid path found"}
{"level":30,"time":1774382619146,"pid":1603455,"hostname":"TempleOfZyminx","from":{"q":3,"r":7},"to":{"q":0,"r":21},"msg":"findPath: no valid path found"}
{"level":30,"time":1774382619146,"pid":1603455,"hostname":"TempleOfZyminx","from":{"q":3,"r":7},"to":{"q":1,"r":0},"msg":"findPath: no valid path found"}
{"level":30,"time":1774382619146,"pid":1603455,"hostname":"TempleOfZyminx","from":{"q":3,"r":7},"to":{"q":1,"r":1},"msg":"findPath: no valid path found"}
{"level":30,"time":1774382619146,"pid":1603455,"hostname":"TempleOfZyminx","from":{"q":3,"r":7},"to":{"q":1,"r":2},"msg":"findPath: no valid path found"}
{"level":30,"time":1774382619146,"pid":1603455,"hostname":"TempleOfZyminx","from":{"q":3,"r":7},"to":{"q":1,"r":3},"msg":"findPath: no valid path found"}
{"level":30,"time":1774382619146,"pid":1603455,"hostname":"TempleOfZyminx","from":{"q":3,"r":7},"to":{"q":1,"r":4},"msg":"findPath: no valid path found"}
{"level":30,"time":1774382619147,"pid":1603455,"hostname":"TempleOfZyminx","from":{"q":3,"r":7},"to":{"q":1,"r":5},"msg":"findPath: no valid path found"}
{"level":30,"time":1774382619147,"pid":1603455,"hostname":"TempleOfZyminx","from":{"q":3,"r":7},"to":{"q":1,"r":11},"msg":"findPath: no valid path found"}
{"level":30,"time":1774382619147,"pid":1603455,"hostname":"TempleOfZyminx","from":{"q":3,"r":7},"to":{"q":1,"r":12},"msg":"findPath: no valid path found"}
{"level":30,"time":1774382619147,"pid":1603455,"hostname":"TempleOfZyminx","from":{"q":3,"r":7},"to":{"q":1,"r":13},"msg":"findPath: no valid path found"}
{"level":30,"time":1774382619147,"pid":1603455,"hostname":"TempleOfZyminx","from":{"q":3,"r":7},"to":{"q":1,"r":14},"msg":"findPath: no valid path found"}
{"level":30,"time":1774382619147,"pid":1603455,"hostname":"TempleOfZyminx","from":{"q":3,"r":7},"to":{"q":1,"r":15},"msg":"findPath: no valid path found"}
{"level":30,"time":1774382619147,"pid":1603455,"hostname":"TempleOfZyminx","from":{"q":3,"r":7},"to":{"q":1,"r":16},"msg":"findPath: no valid path found"}
{"level":30,"time":1774382619147,"pid":1603455,"hostname":"TempleOfZyminx","from":{"q":3,"r":7},"to":{"q":1,"r":17},"msg":"findPath: no valid path found"}
{"level":30,"time":1774382619147,"pid":1603455,"hostname":"TempleOfZyminx","from":{"q":3,"r":7},"to":{"q":1,"r":18},"msg":"findPath: no valid path found"}
{"level":30,"time":1774382619147,"pid":1603455,"hostname":"TempleOfZyminx","from":{"q":3,"r":7},"to":{"q":1,"r":19},"msg":"findPath: no valid path found"}
{"level":30,"time":1774382619147,"pid":1603455,"hostname":"TempleOfZyminx","from":{"q":3,"r":7},"to":{"q":1,"r":20},"msg":"findPath: no valid path found"}
{"level":30,"time":1774382619147,"pid":1603455,"hostname":"TempleOfZyminx","from":{"q":3,"r":7},"to":{"q":1,"r":21},"msg":"findPath: no valid path found"}
{"level":30,"time":1774382619148,"pid":1603455,"hostname":"TempleOfZyminx","from":{"q":3,"r":7},"to":{"q":2,"r":0},"msg":"findPath: no valid path found"}
{"level":30,"time":1774382619148,"pid":1603455,"hostname":"TempleOfZyminx","from":{"q":3,"r":7},"to":{"q":2,"r":1},"msg":"findPath: no valid path found"}
{"level":30,"time":1774382619148,"pid":1603455,"hostname":"TempleOfZyminx","from":{"q":3,"r":7},"to":{"q":2,"r":2},"msg":"findPath: no valid path found"}
{"level":30,"time":1774382619148,"pid":1603455,"hostname":"TempleOfZyminx","from":{"q":3,"r":7},"to":{"q":2,"r":3},"msg":"findPath: no valid path found"}
{"level":30,"time":1774382619148,"pid":1603455,"hostname":"TempleOfZyminx","from":{"q":3,"r":7},"to":{"q":2,"r":4},"msg":"findPath: no valid path found"}
{"level":30,"time":1774382619148,"pid":1603455,"hostname":"TempleOfZyminx","from":{"q":3,"r":7},"to":{"q":2,"r":11},"msg":"findPath: no valid path found"}
{"level":30,"time":1774382619148,"pid":1603455,"hostname":"TempleOfZyminx","from":{"q":3,"r":7},"to":{"q":2,"r":12},"msg":"findPath: no valid path found"}
{"level":30,"time":1774382619148,"pid":1603455,"hostname":"TempleOfZyminx","from":{"q":3,"r":7},"to":{"q":2,"r":13},"msg":"findPath: no valid path found"}
{"level":30,"time":1774382619148,"pid":1603455,"hostname":"TempleOfZyminx","from":{"q":3,"r":7},"to":{"q":2,"r":14},"msg":"findPath: no valid path found"}
{"level":30,"time":1774382619148,"pid":1603455,"hostname":"TempleOfZyminx","from":{"q":3,"r":7},"to":{"q":2,"r":15},"msg":"findPath: no valid path found"}
{"level":30,"time":1774382619148,"pid":1603455,"hostname":"TempleOfZyminx","from":{"q":3,"r":7},"to":{"q":2,"r":16},"msg":"findPath: no valid path found"}
{"level":30,"time":1774382619148,"pid":1603455,"hostname":"TempleOfZyminx","from":{"q":3,"r":7},"to":{"q":2,"r":17},"msg":"findPath: no valid path found"}
{"level":30,"time":1774382619148,"pid":1603455,"hostname":"TempleOfZyminx","from":{"q":3,"r":7},"to":{"q":2,"r":18},"msg":"findPath: no valid path found"}
{"level":30,"time":1774382619149,"pid":1603455,"hostname":"TempleOfZyminx","from":{"q":3,"r":7},"to":{"q":2,"r":19},"msg":"findPath: no valid path found"}
{"level":30,"time":1774382619149,"pid":1603455,"hostname":"TempleOfZyminx","from":{"q":3,"r":7},"to":{"q":2,"r":20},"msg":"findPath: no valid path found"}
{"level":30,"time":1774382619149,"pid":1603455,"hostname":"TempleOfZyminx","from":{"q":3,"r":7},"to":{"q":2,"r":21},"msg":"findPath: no valid path found"}
{"level":30,"time":1774382619149,"pid":1603455,"hostname":"TempleOfZyminx","from":{"q":3,"r":7},"to":{"q":3,"r":0},"msg":"findPath: no valid path found"}
{"level":30,"time":1774382619149,"pid":1603455,"hostname":"TempleOfZyminx","from":{"q":3,"r":7},"to":{"q":3,"r":1},"msg":"findPath: no valid path found"}
{"level":30,"time":1774382619149,"pid":1603455,"hostname":"TempleOfZyminx","from":{"q":3,"r":7},"to":{"q":3,"r":2},"msg":"findPath: no valid path found"}
{"level":30,"time":1774382619149,"pid":1603455,"hostname":"TempleOfZyminx","from":{"q":3,"r":7},"to":{"q":3,"r":3},"msg":"findPath: no valid path found"}
{"level":30,"time":1774382619149,"pid":1603455,"hostname":"TempleOfZyminx","from":{"q":3,"r":7},"to":{"q":3,"r":8},"msg":"findPath: no valid path found"}
{"level":30,"time":1774382619149,"pid":1603455,"hostname":"TempleOfZyminx","from":{"q":3,"r":7},"to":{"q":3,"r":10},"msg":"findPath: no valid path found"}
{"level":30,"time":1774382619149,"pid":1603455,"hostname":"TempleOfZyminx","from":{"q":3,"r":7},"to":{"q":3,"r":11},"msg":"findPath: no valid path found"}
{"level":30,"time":1774382619149,"pid":1603455,"hostname":"TempleOfZyminx","from":{"q":3,"r":7},"to":{"q":3,"r":12},"msg":"findPath: no valid path found"}
{"level":30,"time":1774382619149,"pid":1603455,"hostname":"TempleOfZyminx","from":{"q":3,"r":7},"to":{"q":3,"r":13},"msg":"findPath: no valid path found"}
{"level":30,"time":1774382619150,"pid":1603455,"hostname":"TempleOfZyminx","from":{"q":3,"r":7},"to":{"q":3,"r":14},"msg":"findPath: no valid path found"}
{"level":30,"time":1774382619150,"pid":1603455,"hostname":"TempleOfZyminx","from":{"q":3,"r":7},"to":{"q":3,"r":15},"msg":"findPath: no valid path found"}
{"level":30,"time":1774382619150,"pid":1603455,"hostname":"TempleOfZyminx","from":{"q":3,"r":7},"to":{"q":3,"r":16},"msg":"findPath: no valid path found"}
{"level":30,"time":1774382619150,"pid":1603455,"hostname":"TempleOfZyminx","from":{"q":3,"r":7},"to":{"q":3,"r":17},"msg":"findPath: no valid path found"}
{"level":30,"time":1774382619150,"pid":1603455,"hostname":"TempleOfZyminx","from":{"q":3,"r":7},"to":{"q":3,"r":18},"msg":"findPath: no valid path found"}
{"level":30,"time":1774382619150,"pid":1603455,"hostname":"TempleOfZyminx","from":{"q":3,"r":7},"to":{"q":3,"r":19},"msg":"findPath: no valid path found"}
{"level":30,"time":1774382619150,"pid":1603455,"hostname":"TempleOfZyminx","from":{"q":3,"r":7},"to":{"q":3,"r":20},"msg":"findPath: no valid path found"}
{"level":30,"time":1774382619150,"pid":1603455,"hostname":"TempleOfZyminx","from":{"q":3,"r":7},"to":{"q":3,"r":21},"msg":"findPath: no valid path found"}
{"level":30,"time":1774382619150,"pid":1603455,"hostname":"TempleOfZyminx","from":{"q":3,"r":7},"to":{"q":4,"r":0},"msg":"findPath: no valid path found"}
{"level":30,"time":1774382619150,"pid":1603455,"hostname":"TempleOfZyminx","from":{"q":3,"r":7},"to":{"q":4,"r":1},"msg":"findPath: no valid path found"}
{"level":30,"time":1774382619150,"pid":1603455,"hostname":"TempleOfZyminx","from":{"q":3,"r":7},"to":{"q":4,"r":2},"msg":"findPath: no valid path found"}
{"level":30,"time":1774382619150,"pid":1603455,"hostname":"TempleOfZyminx","from":{"q":3,"r":7},"to":{"q":4,"r":3},"msg":"findPath: no valid path found"}
{"level":30,"time":1774382619150,"pid":1603455,"hostname":"TempleOfZyminx","from":{"q":3,"r":7},"to":{"q":4,"r":8},"msg":"findPath: no valid path found"}
{"level":30,"time":1774382619151,"pid":1603455,"hostname":"TempleOfZyminx","from":{"q":3,"r":7},"to":{"q":4,"r":9},"msg":"findPath: no valid path found"}
{"level":30,"time":1774382619151,"pid":1603455,"hostname":"TempleOfZyminx","from":{"q":3,"r":7},"to":{"q":4,"r":10},"msg":"findPath: no valid path found"}
{"level":30,"time":1774382619151,"pid":1603455,"hostname":"TempleOfZyminx","from":{"q":3,"r":7},"to":{"q":4,"r":11},"msg":"findPath: no valid path found"}
{"level":30,"time":1774382619151,"pid":1603455,"hostname":"TempleOfZyminx","from":{"q":3,"r":7},"to":{"q":4,"r":12},"msg":"findPath: no valid path found"}
{"level":30,"time":1774382619151,"pid":1603455,"hostname":"TempleOfZyminx","from":{"q":3,"r":7},"to":{"q":4,"r":13},"msg":"findPath: no valid path found"}
{"level":30,"time":1774382619151,"pid":1603455,"hostname":"TempleOfZyminx","from":{"q":3,"r":7},"to":{"q":4,"r":14},"msg":"findPath: no valid path found"}
{"level":30,"time":1774382619151,"pid":1603455,"hostname":"TempleOfZyminx","from":{"q":3,"r":7},"to":{"q":4,"r":15},"msg":"findPath: no valid path found"}
{"level":30,"time":1774382619151,"pid":1603455,"hostname":"TempleOfZyminx","from":{"q":3,"r":7},"to":{"q":4,"r":16},"msg":"findPath: no valid path found"}
{"level":30,"time":1774382619151,"pid":1603455,"hostname":"TempleOfZyminx","from":{"q":3,"r":7},"to":{"q":4,"r":17},"msg":"findPath: no valid path found"}
{"level":30,"time":1774382619151,"pid":1603455,"hostname":"TempleOfZyminx","from":{"q":3,"r":7},"to":{"q":4,"r":18},"msg":"findPath: no valid path found"}
{"level":30,"time":1774382619151,"pid":1603455,"hostname":"TempleOfZyminx","from":{"q":3,"r":7},"to":{"q":4,"r":19},"msg":"findPath: no valid path found"}
{"level":30,"time":1774382619151,"pid":1603455,"hostname":"TempleOfZyminx","from":{"q":3,"r":7},"to":{"q":4,"r":20},"msg":"findPath: no valid path found"}
{"level":30,"time":1774382619151,"pid":1603455,"hostname":"TempleOfZyminx","from":{"q":3,"r":7},"to":{"q":4,"r":21},"msg":"findPath: no valid path found"}
{"level":30,"time":1774382619151,"pid":1603455,"hostname":"TempleOfZyminx","from":{"q":3,"r":7},"to":{"q":5,"r":0},"msg":"findPath: no valid path found"}
{"level":30,"time":1774382619151,"pid":1603455,"hostname":"TempleOfZyminx","from":{"q":3,"r":7},"to":{"q":5,"r":1},"msg":"findPath: no valid path found"}
{"level":30,"time":1774382619152,"pid":1603455,"hostname":"TempleOfZyminx","from":{"q":3,"r":7},"to":{"q":5,"r":2},"msg":"findPath: no valid path found"}
{"level":30,"time":1774382619152,"pid":1603455,"hostname":"TempleOfZyminx","from":{"q":3,"r":7},"to":{"q":5,"r":3},"msg":"findPath: no valid path found"}
{"level":30,"time":1774382619152,"pid":1603455,"hostname":"TempleOfZyminx","from":{"q":3,"r":7},"to":{"q":5,"r":9},"msg":"findPath: no valid path found"}
{"level":30,"time":1774382619152,"pid":1603455,"hostname":"TempleOfZyminx","from":{"q":3,"r":7},"to":{"q":5,"r":10},"msg":"findPath: no valid path found"}
{"level":30,"time":1774382619152,"pid":1603455,"hostname":"TempleOfZyminx","from":{"q":3,"r":7},"to":{"q":5,"r":11},"msg":"findPath: no valid path found"}
{"level":30,"time":1774382619152,"pid":1603455,"hostname":"TempleOfZyminx","from":{"q":3,"r":7},"to":{"q":5,"r":12},"msg":"findPath: no valid path found"}
{"level":30,"time":1774382619152,"pid":1603455,"hostname":"TempleOfZyminx","from":{"q":3,"r":7},"to":{"q":5,"r":13},"msg":"findPath: no valid path found"}
{"level":30,"time":1774382619152,"pid":1603455,"hostname":"TempleOfZyminx","from":{"q":3,"r":7},"to":{"q":5,"r":14},"msg":"findPath: no valid path found"}
{"level":30,"time":1774382619152,"pid":1603455,"hostname":"TempleOfZyminx","from":{"q":3,"r":7},"to":{"q":5,"r":15},"msg":"findPath: no valid path found"}
{"level":30,"time":1774382619152,"pid":1603455,"hostname":"TempleOfZyminx","from":{"q":3,"r":7},"to":{"q":5,"r":16},"msg":"findPath: no valid path found"}
{"level":30,"time":1774382619152,"pid":1603455,"hostname":"TempleOfZyminx","from":{"q":3,"r":7},"to":{"q":5,"r":17},"msg":"findPath: no valid path found"}
{"level":30,"time":1774382619152,"pid":1603455,"hostname":"TempleOfZyminx","from":{"q":3,"r":7},"to":{"q":5,"r":18},"msg":"findPath: no valid path found"}
{"level":30,"time":1774382619152,"pid":1603455,"hostname":"TempleOfZyminx","from":{"q":3,"r":7},"to":{"q":5,"r":19},"msg":"findPath: no valid path found"}
{"level":30,"time":1774382619153,"pid":1603455,"hostname":"TempleOfZyminx","from":{"q":3,"r":7},"to":{"q":5,"r":20},"msg":"findPath: no valid path found"}
{"level":30,"time":1774382619153,"pid":1603455,"hostname":"TempleOfZyminx","from":{"q":3,"r":7},"to":{"q":5,"r":21},"msg":"findPath: no valid path found"}
{"level":30,"time":1774382619153,"pid":1603455,"hostname":"TempleOfZyminx","from":{"q":3,"r":7},"to":{"q":6,"r":0},"msg":"findPath: no valid path found"}
{"level":30,"time":1774382619153,"pid":1603455,"hostname":"TempleOfZyminx","from":{"q":3,"r":7},"to":{"q":6,"r":1},"msg":"findPath: no valid path found"}
{"level":30,"time":1774382619153,"pid":1603455,"hostname":"TempleOfZyminx","from":{"q":3,"r":7},"to":{"q":6,"r":2},"msg":"findPath: no valid path found"}
{"level":30,"time":1774382619153,"pid":1603455,"hostname":"TempleOfZyminx","from":{"q":3,"r":7},"to":{"q":6,"r":3},"msg":"findPath: no valid path found"}
{"level":30,"time":1774382619153,"pid":1603455,"hostname":"TempleOfZyminx","from":{"q":3,"r":7},"to":{"q":6,"r":8},"msg":"findPath: no valid path found"}
{"level":30,"time":1774382619153,"pid":1603455,"hostname":"TempleOfZyminx","from":{"q":3,"r":7},"to":{"q":6,"r":9},"msg":"findPath: no valid path found"}
{"level":30,"time":1774382619153,"pid":1603455,"hostname":"TempleOfZyminx","from":{"q":3,"r":7},"to":{"q":6,"r":10},"msg":"findPath: no valid path found"}
{"level":30,"time":1774382619153,"pid":1603455,"hostname":"TempleOfZyminx","from":{"q":3,"r":7},"to":{"q":6,"r":11},"msg":"findPath: no valid path found"}
{"level":30,"time":1774382619154,"pid":1603455,"hostname":"TempleOfZyminx","from":{"q":3,"r":7},"to":{"q":6,"r":12},"msg":"findPath: no valid path found"}
{"level":30,"time":1774382619154,"pid":1603455,"hostname":"TempleOfZyminx","from":{"q":3,"r":7},"to":{"q":6,"r":13},"msg":"findPath: no valid path found"}
{"level":30,"time":1774382619154,"pid":1603455,"hostname":"TempleOfZyminx","from":{"q":3,"r":7},"to":{"q":6,"r":14},"msg":"findPath: no valid path found"}
{"level":30,"time":1774382619154,"pid":1603455,"hostname":"TempleOfZyminx","from":{"q":3,"r":7},"to":{"q":6,"r":15},"msg":"findPath: no valid path found"}
{"level":30,"time":1774382619154,"pid":1603455,"hostname":"TempleOfZyminx","from":{"q":3,"r":7},"to":{"q":6,"r":16},"msg":"findPath: no valid path found"}
{"level":30,"time":1774382619154,"pid":1603455,"hostname":"TempleOfZyminx","from":{"q":3,"r":7},"to":{"q":6,"r":17},"msg":"findPath: no valid path found"}
{"level":30,"time":1774382619154,"pid":1603455,"hostname":"TempleOfZyminx","from":{"q":3,"r":7},"to":{"q":6,"r":18},"msg":"findPath: no valid path found"}
{"level":30,"time":1774382619154,"pid":1603455,"hostname":"TempleOfZyminx","from":{"q":3,"r":7},"to":{"q":6,"r":19},"msg":"findPath: no valid path found"}
{"level":30,"time":1774382619154,"pid":1603455,"hostname":"TempleOfZyminx","from":{"q":3,"r":7},"to":{"q":6,"r":20},"msg":"findPath: no valid path found"}
{"level":30,"time":1774382619154,"pid":1603455,"hostname":"TempleOfZyminx","from":{"q":3,"r":7},"to":{"q":6,"r":21},"msg":"findPath: no valid path found"}
{"level":30,"time":1774382619154,"pid":1603455,"hostname":"TempleOfZyminx","from":{"q":3,"r":7},"to":{"q":7,"r":0},"msg":"findPath: no valid path found"}
{"level":30,"time":1774382619154,"pid":1603455,"hostname":"TempleOfZyminx","from":{"q":3,"r":7},"to":{"q":7,"r":1},"msg":"findPath: no valid path found"}
{"level":30,"time":1774382619155,"pid":1603455,"hostname":"TempleOfZyminx","from":{"q":3,"r":7},"to":{"q":7,"r":2},"msg":"findPath: no valid path found"}
{"level":30,"time":1774382619155,"pid":1603455,"hostname":"TempleOfZyminx","from":{"q":3,"r":7},"to":{"q":7,"r":4},"msg":"findPath: no valid path found"}
{"level":30,"time":1774382619155,"pid":1603455,"hostname":"TempleOfZyminx","from":{"q":3,"r":7},"to":{"q":7,"r":5},"msg":"findPath: no valid path found"}
{"level":30,"time":1774382619155,"pid":1603455,"hostname":"TempleOfZyminx","from":{"q":3,"r":7},"to":{"q":7,"r":6},"msg":"findPath: no valid path found"}
{"level":30,"time":1774382619155,"pid":1603455,"hostname":"TempleOfZyminx","from":{"q":3,"r":7},"to":{"q":7,"r":7},"msg":"findPath: no valid path found"}
{"level":30,"time":1774382619155,"pid":1603455,"hostname":"TempleOfZyminx","from":{"q":3,"r":7},"to":{"q":7,"r":8},"msg":"findPath: no valid path found"}
{"level":30,"time":1774382619155,"pid":1603455,"hostname":"TempleOfZyminx","from":{"q":3,"r":7},"to":{"q":7,"r":9},"msg":"findPath: no valid path found"}
{"level":30,"time":1774382619155,"pid":1603455,"hostname":"TempleOfZyminx","from":{"q":3,"r":7},"to":{"q":7,"r":10},"msg":"findPath: no valid path found"}
{"level":30,"time":1774382619155,"pid":1603455,"hostname":"TempleOfZyminx","from":{"q":3,"r":7},"to":{"q":7,"r":11},"msg":"findPath: no valid path found"}
{"level":30,"time":1774382619155,"pid":1603455,"hostname":"TempleOfZyminx","from":{"q":3,"r":7},"to":{"q":7,"r":12},"msg":"findPath: no valid path found"}
{"level":30,"time":1774382619155,"pid":1603455,"hostname":"TempleOfZyminx","from":{"q":3,"r":7},"to":{"q":7,"r":13},"msg":"findPath: no valid path found"}
{"level":30,"time":1774382619159,"pid":1603455,"hostname":"TempleOfZyminx","from":{"q":3,"r":7},"to":{"q":7,"r":14},"msg":"findPath: no valid path found"}
{"level":30,"time":1774382619159,"pid":1603455,"hostname":"TempleOfZyminx","from":{"q":3,"r":7},"to":{"q":7,"r":15},"msg":"findPath: no valid path found"}
{"level":30,"time":1774382619159,"pid":1603455,"hostname":"TempleOfZyminx","from":{"q":3,"r":7},"to":{"q":7,"r":16},"msg":"findPath: no valid path found"}
{"level":30,"time":1774382619159,"pid":1603455,"hostname":"TempleOfZyminx","from":{"q":3,"r":7},"to":{"q":7,"r":17},"msg":"findPath: no valid path found"}
{"level":30,"time":1774382619159,"pid":1603455,"hostname":"TempleOfZyminx","from":{"q":3,"r":7},"to":{"q":7,"r":18},"msg":"findPath: no valid path found"}
{"level":30,"time":1774382619159,"pid":1603455,"hostname":"TempleOfZyminx","from":{"q":3,"r":7},"to":{"q":7,"r":19},"msg":"findPath: no valid path found"}
{"level":30,"time":1774382619159,"pid":1603455,"hostname":"TempleOfZyminx","from":{"q":3,"r":7},"to":{"q":7,"r":20},"msg":"findPath: no valid path found"}
{"level":30,"time":1774382619159,"pid":1603455,"hostname":"TempleOfZyminx","from":{"q":3,"r":7},"to":{"q":7,"r":21},"msg":"findPath: no valid path found"}
{"level":30,"time":1774382619159,"pid":1603455,"hostname":"TempleOfZyminx","from":{"q":3,"r":7},"to":{"q":8,"r":0},"msg":"findPath: no valid path found"}
{"level":30,"time":1774382619159,"pid":1603455,"hostname":"TempleOfZyminx","from":{"q":3,"r":7},"to":{"q":8,"r":1},"msg":"findPath: no valid path found"}
{"level":30,"time":1774382619159,"pid":1603455,"hostname":"TempleOfZyminx","from":{"q":3,"r":7},"to":{"q":8,"r":2},"msg":"findPath: no valid path found"}
{"level":30,"time":1774382619159,"pid":1603455,"hostname":"TempleOfZyminx","from":{"q":3,"r":7},"to":{"q":8,"r":3},"msg":"findPath: no valid path found"}
{"level":30,"time":1774382619159,"pid":1603455,"hostname":"TempleOfZyminx","from":{"q":3,"r":7},"to":{"q":8,"r":4},"msg":"findPath: no valid path found"}
{"level":30,"time":1774382619160,"pid":1603455,"hostname":"TempleOfZyminx","from":{"q":3,"r":7},"to":{"q":8,"r":5},"msg":"findPath: no valid path found"}
{"level":30,"time":1774382619160,"pid":1603455,"hostname":"TempleOfZyminx","from":{"q":3,"r":7},"to":{"q":8,"r":6},"msg":"findPath: no valid path found"}
{"level":30,"time":1774382619160,"pid":1603455,"hostname":"TempleOfZyminx","from":{"q":3,"r":7},"to":{"q":8,"r":7},"msg":"findPath: no valid path found"}
{"level":30,"time":1774382619160,"pid":1603455,"hostname":"TempleOfZyminx","from":{"q":3,"r":7},"to":{"q":8,"r":8},"msg":"findPath: no valid path found"}
{"level":30,"time":1774382619160,"pid":1603455,"hostname":"TempleOfZyminx","from":{"q":3,"r":7},"to":{"q":8,"r":9},"msg":"findPath: no valid path found"}
{"level":30,"time":1774382619160,"pid":1603455,"hostname":"TempleOfZyminx","from":{"q":3,"r":7},"to":{"q":8,"r":10},"msg":"findPath: no valid path found"}
{"level":30,"time":1774382619160,"pid":1603455,"hostname":"TempleOfZyminx","from":{"q":3,"r":7},"to":{"q":8,"r":11},"msg":"findPath: no valid path found"}
{"level":30,"time":1774382619160,"pid":1603455,"hostname":"TempleOfZyminx","from":{"q":3,"r":7},"to":{"q":8,"r":12},"msg":"findPath: no valid path found"}
{"level":30,"time":1774382619160,"pid":1603455,"hostname":"TempleOfZyminx","from":{"q":3,"r":7},"to":{"q":8,"r":13},"msg":"findPath: no valid path found"}
{"level":30,"time":1774382619160,"pid":1603455,"hostname":"TempleOfZyminx","from":{"q":3,"r":7},"to":{"q":8,"r":14},"msg":"findPath: no valid path found"}
{"level":30,"time":1774382619160,"pid":1603455,"hostname":"TempleOfZyminx","from":{"q":3,"r":7},"to":{"q":8,"r":15},"msg":"findPath: no valid path found"}
{"level":30,"time":1774382619160,"pid":1603455,"hostname":"TempleOfZyminx","from":{"q":3,"r":7},"to":{"q":8,"r":16},"msg":"findPath: no valid path found"}
{"level":30,"time":1774382619160,"pid":1603455,"hostname":"TempleOfZyminx","from":{"q":3,"r":7},"to":{"q":8,"r":17},"msg":"findPath: no valid path found"}
{"level":30,"time":1774382619160,"pid":1603455,"hostname":"TempleOfZyminx","from":{"q":3,"r":7},"to":{"q":8,"r":18},"msg":"findPath: no valid path found"}
{"level":30,"time":1774382619160,"pid":1603455,"hostname":"TempleOfZyminx","from":{"q":3,"r":7},"to":{"q":8,"r":19},"msg":"findPath: no valid path found"}
{"level":30,"time":1774382619161,"pid":1603455,"hostname":"TempleOfZyminx","from":{"q":3,"r":7},"to":{"q":8,"r":20},"msg":"findPath: no valid path found"}
{"level":30,"time":1774382619161,"pid":1603455,"hostname":"TempleOfZyminx","from":{"q":3,"r":7},"to":{"q":8,"r":21},"msg":"findPath: no valid path found"}
{"level":30,"time":1774382619161,"pid":1603455,"hostname":"TempleOfZyminx","from":{"q":3,"r":7},"to":{"q":9,"r":0},"msg":"findPath: no valid path found"}
{"level":30,"time":1774382619161,"pid":1603455,"hostname":"TempleOfZyminx","from":{"q":3,"r":7},"to":{"q":9,"r":1},"msg":"findPath: no valid path found"}
{"level":30,"time":1774382619161,"pid":1603455,"hostname":"TempleOfZyminx","from":{"q":3,"r":7},"to":{"q":9,"r":2},"msg":"findPath: no valid path found"}
{"level":30,"time":1774382619161,"pid":1603455,"hostname":"TempleOfZyminx","from":{"q":3,"r":7},"to":{"q":9,"r":3},"msg":"findPath: no valid path found"}
{"level":30,"time":1774382619161,"pid":1603455,"hostname":"TempleOfZyminx","from":{"q":3,"r":7},"to":{"q":9,"r":4},"msg":"findPath: no valid path found"}
{"level":30,"time":1774382619161,"pid":1603455,"hostname":"TempleOfZyminx","from":{"q":3,"r":7},"to":{"q":9,"r":5},"msg":"findPath: no valid path found"}
{"level":30,"time":1774382619161,"pid":1603455,"hostname":"TempleOfZyminx","from":{"q":3,"r":7},"to":{"q":9,"r":6},"msg":"findPath: no valid path found"}
{"level":30,"time":1774382619161,"pid":1603455,"hostname":"TempleOfZyminx","from":{"q":3,"r":7},"to":{"q":9,"r":7},"msg":"findPath: no valid path found"}
{"level":30,"time":1774382619161,"pid":1603455,"hostname":"TempleOfZyminx","from":{"q":3,"r":7},"to":{"q":9,"r":8},"msg":"findPath: no valid path found"}
{"level":30,"time":1774382619161,"pid":1603455,"hostname":"TempleOfZyminx","from":{"q":3,"r":7},"to":{"q":9,"r":9},"msg":"findPath: no valid path found"}
{"level":30,"time":1774382619161,"pid":1603455,"hostname":"TempleOfZyminx","from":{"q":3,"r":7},"to":{"q":9,"r":10},"msg":"findPath: no valid path found"}
{"level":30,"time":1774382619161,"pid":1603455,"hostname":"TempleOfZyminx","from":{"q":3,"r":7},"to":{"q":9,"r":11},"msg":"findPath: no valid path found"}
{"level":30,"time":1774382619161,"pid":1603455,"hostname":"TempleOfZyminx","from":{"q":3,"r":7},"to":{"q":9,"r":12},"msg":"findPath: no valid path found"}
{"level":30,"time":1774382619162,"pid":1603455,"hostname":"TempleOfZyminx","from":{"q":3,"r":7},"to":{"q":9,"r":13},"msg":"findPath: no valid path found"}
{"level":30,"time":1774382619162,"pid":1603455,"hostname":"TempleOfZyminx","from":{"q":3,"r":7},"to":{"q":9,"r":14},"msg":"findPath: no valid path found"}
{"level":30,"time":1774382619162,"pid":1603455,"hostname":"TempleOfZyminx","from":{"q":3,"r":7},"to":{"q":9,"r":15},"msg":"findPath: no valid path found"}
{"level":30,"time":1774382619162,"pid":1603455,"hostname":"TempleOfZyminx","from":{"q":3,"r":7},"to":{"q":9,"r":16},"msg":"findPath: no valid path found"}
{"level":30,"time":1774382619162,"pid":1603455,"hostname":"TempleOfZyminx","from":{"q":3,"r":7},"to":{"q":9,"r":17},"msg":"findPath: no valid path found"}
{"level":30,"time":1774382619162,"pid":1603455,"hostname":"TempleOfZyminx","from":{"q":3,"r":7},"to":{"q":9,"r":18},"msg":"findPath: no valid path found"}
{"level":30,"time":1774382619162,"pid":1603455,"hostname":"TempleOfZyminx","from":{"q":3,"r":7},"to":{"q":9,"r":19},"msg":"findPath: no valid path found"}
{"level":30,"time":1774382619162,"pid":1603455,"hostname":"TempleOfZyminx","from":{"q":3,"r":7},"to":{"q":9,"r":20},"msg":"findPath: no valid path found"}
{"level":30,"time":1774382619162,"pid":1603455,"hostname":"TempleOfZyminx","from":{"q":3,"r":7},"to":{"q":9,"r":21},"msg":"findPath: no valid path found"}
{"level":30,"time":1774382619162,"pid":1603455,"hostname":"TempleOfZyminx","from":{"q":3,"r":7},"to":{"q":10,"r":0},"msg":"findPath: no valid path found"}
{"level":30,"time":1774382619162,"pid":1603455,"hostname":"TempleOfZyminx","from":{"q":3,"r":7},"to":{"q":10,"r":1},"msg":"findPath: no valid path found"}
{"level":30,"time":1774382619162,"pid":1603455,"hostname":"TempleOfZyminx","from":{"q":3,"r":7},"to":{"q":10,"r":2},"msg":"findPath: no valid path found"}
{"level":30,"time":1774382619162,"pid":1603455,"hostname":"TempleOfZyminx","from":{"q":3,"r":7},"to":{"q":10,"r":3},"msg":"findPath: no valid path found"}
{"level":30,"time":1774382619162,"pid":1603455,"hostname":"TempleOfZyminx","from":{"q":3,"r":7},"to":{"q":10,"r":4},"msg":"findPath: no valid path found"}
{"level":30,"time":1774382619162,"pid":1603455,"hostname":"TempleOfZyminx","from":{"q":3,"r":7},"to":{"q":10,"r":5},"msg":"findPath: no valid path found"}
{"level":30,"time":1774382619162,"pid":1603455,"hostname":"TempleOfZyminx","from":{"q":3,"r":7},"to":{"q":10,"r":6},"msg":"findPath: no valid path found"}
{"level":30,"time":1774382619162,"pid":1603455,"hostname":"TempleOfZyminx","from":{"q":3,"r":7},"to":{"q":10,"r":7},"msg":"findPath: no valid path found"}
{"level":30,"time":1774382619162,"pid":1603455,"hostname":"TempleOfZyminx","from":{"q":3,"r":7},"to":{"q":10,"r":8},"msg":"findPath: no valid path found"}
{"level":30,"time":1774382619162,"pid":1603455,"hostname":"TempleOfZyminx","from":{"q":3,"r":7},"to":{"q":10,"r":9},"msg":"findPath: no valid path found"}
{"level":30,"time":1774382619162,"pid":1603455,"hostname":"TempleOfZyminx","from":{"q":3,"r":7},"to":{"q":10,"r":10},"msg":"findPath: no valid path found"}
{"level":30,"time":1774382619163,"pid":1603455,"hostname":"TempleOfZyminx","from":{"q":3,"r":7},"to":{"q":10,"r":11},"msg":"findPath: no valid path found"}
{"level":30,"time":1774382619163,"pid":1603455,"hostname":"TempleOfZyminx","from":{"q":3,"r":7},"to":{"q":10,"r":12},"msg":"findPath: no valid path found"}
{"level":30,"time":1774382619163,"pid":1603455,"hostname":"TempleOfZyminx","from":{"q":3,"r":7},"to":{"q":10,"r":13},"msg":"findPath: no valid path found"}
{"level":30,"time":1774382619163,"pid":1603455,"hostname":"TempleOfZyminx","from":{"q":3,"r":7},"to":{"q":10,"r":14},"msg":"findPath: no valid path found"}
{"level":30,"time":1774382619163,"pid":1603455,"hostname":"TempleOfZyminx","from":{"q":3,"r":7},"to":{"q":10,"r":15},"msg":"findPath: no valid path found"}
{"level":30,"time":1774382619163,"pid":1603455,"hostname":"TempleOfZyminx","from":{"q":3,"r":7},"to":{"q":10,"r":16},"msg":"findPath: no valid path found"}
{"level":30,"time":1774382619163,"pid":1603455,"hostname":"TempleOfZyminx","from":{"q":3,"r":7},"to":{"q":10,"r":17},"msg":"findPath: no valid path found"}
{"level":30,"time":1774382619163,"pid":1603455,"hostname":"TempleOfZyminx","from":{"q":3,"r":7},"to":{"q":10,"r":18},"msg":"findPath: no valid path found"}
{"level":30,"time":1774382619163,"pid":1603455,"hostname":"TempleOfZyminx","from":{"q":3,"r":7},"to":{"q":10,"r":19},"msg":"findPath: no valid path found"}
{"level":30,"time":1774382619163,"pid":1603455,"hostname":"TempleOfZyminx","from":{"q":3,"r":7},"to":{"q":10,"r":20},"msg":"findPath: no valid path found"}
{"level":30,"time":1774382619163,"pid":1603455,"hostname":"TempleOfZyminx","from":{"q":3,"r":7},"to":{"q":10,"r":21},"msg":"findPath: no valid path found"}
{"level":30,"time":1774382619163,"pid":1603455,"hostname":"TempleOfZyminx","from":{"q":3,"r":7},"to":{"q":11,"r":0},"msg":"findPath: no valid path found"}
{"level":30,"time":1774382619163,"pid":1603455,"hostname":"TempleOfZyminx","from":{"q":3,"r":7},"to":{"q":11,"r":1},"msg":"findPath: no valid path found"}
{"level":30,"time":1774382619163,"pid":1603455,"hostname":"TempleOfZyminx","from":{"q":3,"r":7},"to":{"q":11,"r":2},"msg":"findPath: no valid path found"}
{"level":30,"time":1774382619163,"pid":1603455,"hostname":"TempleOfZyminx","from":{"q":3,"r":7},"to":{"q":11,"r":3},"msg":"findPath: no valid path found"}
{"level":30,"time":1774382619163,"pid":1603455,"hostname":"TempleOfZyminx","from":{"q":3,"r":7},"to":{"q":11,"r":4},"msg":"findPath: no valid path found"}
{"level":30,"time":1774382619163,"pid":1603455,"hostname":"TempleOfZyminx","from":{"q":3,"r":7},"to":{"q":11,"r":5},"msg":"findPath: no valid path found"}
{"level":30,"time":1774382619163,"pid":1603455,"hostname":"TempleOfZyminx","from":{"q":3,"r":7},"to":{"q":11,"r":6},"msg":"findPath: no valid path found"}
{"level":30,"time":1774382619163,"pid":1603455,"hostname":"TempleOfZyminx","from":{"q":3,"r":7},"to":{"q":11,"r":7},"msg":"findPath: no valid path found"}
{"level":30,"time":1774382619164,"pid":1603455,"hostname":"TempleOfZyminx","from":{"q":3,"r":7},"to":{"q":11,"r":8},"msg":"findPath: no valid path found"}
{"level":30,"time":1774382619164,"pid":1603455,"hostname":"TempleOfZyminx","from":{"q":3,"r":7},"to":{"q":11,"r":9},"msg":"findPath: no valid path found"}
{"level":30,"time":1774382619164,"pid":1603455,"hostname":"TempleOfZyminx","from":{"q":3,"r":7},"to":{"q":11,"r":10},"msg":"findPath: no valid path found"}
{"level":30,"time":1774382619164,"pid":1603455,"hostname":"TempleOfZyminx","from":{"q":3,"r":7},"to":{"q":11,"r":11},"msg":"findPath: no valid path found"}
{"level":30,"time":1774382619164,"pid":1603455,"hostname":"TempleOfZyminx","from":{"q":3,"r":7},"to":{"q":11,"r":12},"msg":"findPath: no valid path found"}
{"level":30,"time":1774382619164,"pid":1603455,"hostname":"TempleOfZyminx","from":{"q":3,"r":7},"to":{"q":11,"r":13},"msg":"findPath: no valid path found"}
{"level":30,"time":1774382619164,"pid":1603455,"hostname":"TempleOfZyminx","from":{"q":3,"r":7},"to":{"q":11,"r":14},"msg":"findPath: no valid path found"}
{"level":30,"time":1774382619164,"pid":1603455,"hostname":"TempleOfZyminx","from":{"q":3,"r":7},"to":{"q":11,"r":15},"msg":"findPath: no valid path found"}
{"level":30,"time":1774382619164,"pid":1603455,"hostname":"TempleOfZyminx","from":{"q":3,"r":7},"to":{"q":11,"r":16},"msg":"findPath: no valid path found"}
{"level":30,"time":1774382619164,"pid":1603455,"hostname":"TempleOfZyminx","from":{"q":3,"r":7},"to":{"q":11,"r":17},"msg":"findPath: no valid path found"}
{"level":30,"time":1774382619164,"pid":1603455,"hostname":"TempleOfZyminx","from":{"q":3,"r":7},"to":{"q":11,"r":18},"msg":"findPath: no valid path found"}
{"level":30,"time":1774382619164,"pid":1603455,"hostname":"TempleOfZyminx","from":{"q":3,"r":7},"to":{"q":11,"r":19},"msg":"findPath: no valid path found"}
{"level":30,"time":1774382619164,"pid":1603455,"hostname":"TempleOfZyminx","from":{"q":3,"r":7},"to":{"q":11,"r":20},"msg":"findPath: no valid path found"}
{"level":30,"time":1774382619164,"pid":1603455,"hostname":"TempleOfZyminx","from":{"q":3,"r":7},"to":{"q":11,"r":21},"msg":"findPath: no valid path found"}
{"level":30,"time":1774382619164,"pid":1603455,"hostname":"TempleOfZyminx","from":{"q":3,"r":7},"to":{"q":12,"r":0},"msg":"findPath: no valid path found"}
{"level":30,"time":1774382619164,"pid":1603455,"hostname":"TempleOfZyminx","from":{"q":3,"r":7},"to":{"q":12,"r":1},"msg":"findPath: no valid path found"}
{"level":30,"time":1774382619164,"pid":1603455,"hostname":"TempleOfZyminx","from":{"q":3,"r":7},"to":{"q":12,"r":2},"msg":"findPath: no valid path found"}
{"level":30,"time":1774382619164,"pid":1603455,"hostname":"TempleOfZyminx","from":{"q":3,"r":7},"to":{"q":12,"r":3},"msg":"findPath: no valid path found"}
{"level":30,"time":1774382619164,"pid":1603455,"hostname":"TempleOfZyminx","from":{"q":3,"r":7},"to":{"q":12,"r":4},"msg":"findPath: no valid path found"}
{"level":30,"time":1774382619164,"pid":1603455,"hostname":"TempleOfZyminx","from":{"q":3,"r":7},"to":{"q":12,"r":5},"msg":"findPath: no valid path found"}
{"level":30,"time":1774382619165,"pid":1603455,"hostname":"TempleOfZyminx","from":{"q":3,"r":7},"to":{"q":12,"r":6},"msg":"findPath: no valid path found"}
{"level":30,"time":1774382619165,"pid":1603455,"hostname":"TempleOfZyminx","from":{"q":3,"r":7},"to":{"q":12,"r":7},"msg":"findPath: no valid path found"}
{"level":30,"time":1774382619165,"pid":1603455,"hostname":"TempleOfZyminx","from":{"q":3,"r":7},"to":{"q":12,"r":8},"msg":"findPath: no valid path found"}
{"level":30,"time":1774382619165,"pid":1603455,"hostname":"TempleOfZyminx","from":{"q":3,"r":7},"to":{"q":12,"r":9},"msg":"findPath: no valid path found"}
{"level":30,"time":1774382619165,"pid":1603455,"hostname":"TempleOfZyminx","from":{"q":3,"r":7},"to":{"q":12,"r":10},"msg":"findPath: no valid path found"}
{"level":30,"time":1774382619165,"pid":1603455,"hostname":"TempleOfZyminx","from":{"q":3,"r":7},"to":{"q":12,"r":11},"msg":"findPath: no valid path found"}
{"level":30,"time":1774382619165,"pid":1603455,"hostname":"TempleOfZyminx","from":{"q":3,"r":7},"to":{"q":12,"r":12},"msg":"findPath: no valid path found"}
{"level":30,"time":1774382619165,"pid":1603455,"hostname":"TempleOfZyminx","from":{"q":3,"r":7},"to":{"q":12,"r":13},"msg":"findPath: no valid path found"}
{"level":30,"time":1774382619165,"pid":1603455,"hostname":"TempleOfZyminx","from":{"q":3,"r":7},"to":{"q":12,"r":14},"msg":"findPath: no valid path found"}
{"level":30,"time":1774382619165,"pid":1603455,"hostname":"TempleOfZyminx","from":{"q":3,"r":7},"to":{"q":12,"r":15},"msg":"findPath: no valid path found"}
{"level":30,"time":1774382619165,"pid":1603455,"hostname":"TempleOfZyminx","from":{"q":3,"r":7},"to":{"q":12,"r":16},"msg":"findPath: no valid path found"}
{"level":30,"time":1774382619165,"pid":1603455,"hostname":"TempleOfZyminx","from":{"q":3,"r":7},"to":{"q":12,"r":17},"msg":"findPath: no valid path found"}
{"level":30,"time":1774382619165,"pid":1603455,"hostname":"TempleOfZyminx","from":{"q":3,"r":7},"to":{"q":12,"r":18},"msg":"findPath: no valid path found"}
{"level":30,"time":1774382619165,"pid":1603455,"hostname":"TempleOfZyminx","from":{"q":3,"r":7},"to":{"q":12,"r":19},"msg":"findPath: no valid path found"}
{"level":30,"time":1774382619165,"pid":1603455,"hostname":"TempleOfZyminx","from":{"q":3,"r":7},"to":{"q":12,"r":20},"msg":"findPath: no valid path found"}
{"level":30,"time":1774382619165,"pid":1603455,"hostname":"TempleOfZyminx","from":{"q":3,"r":7},"to":{"q":12,"r":21},"msg":"findPath: no valid path found"}
{"level":30,"time":1774382619165,"pid":1603455,"hostname":"TempleOfZyminx","from":{"q":3,"r":7},"to":{"q":13,"r":0},"msg":"findPath: no valid path found"}
{"level":30,"time":1774382619166,"pid":1603455,"hostname":"TempleOfZyminx","from":{"q":3,"r":7},"to":{"q":13,"r":1},"msg":"findPath: no valid path found"}
{"level":30,"time":1774382619166,"pid":1603455,"hostname":"TempleOfZyminx","from":{"q":3,"r":7},"to":{"q":13,"r":2},"msg":"findPath: no valid path found"}
{"level":30,"time":1774382619166,"pid":1603455,"hostname":"TempleOfZyminx","from":{"q":3,"r":7},"to":{"q":13,"r":3},"msg":"findPath: no valid path found"}
{"level":30,"time":1774382619166,"pid":1603455,"hostname":"TempleOfZyminx","from":{"q":3,"r":7},"to":{"q":13,"r":4},"msg":"findPath: no valid path found"}
{"level":30,"time":1774382619166,"pid":1603455,"hostname":"TempleOfZyminx","from":{"q":3,"r":7},"to":{"q":13,"r":5},"msg":"findPath: no valid path found"}
{"level":30,"time":1774382619166,"pid":1603455,"hostname":"TempleOfZyminx","from":{"q":3,"r":7},"to":{"q":13,"r":6},"msg":"findPath: no valid path found"}
{"level":30,"time":1774382619166,"pid":1603455,"hostname":"TempleOfZyminx","from":{"q":3,"r":7},"to":{"q":13,"r":7},"msg":"findPath: no valid path found"}
{"level":30,"time":1774382619166,"pid":1603455,"hostname":"TempleOfZyminx","from":{"q":3,"r":7},"to":{"q":13,"r":8},"msg":"findPath: no valid path found"}
{"level":30,"time":1774382619166,"pid":1603455,"hostname":"TempleOfZyminx","from":{"q":3,"r":7},"to":{"q":13,"r":9},"msg":"findPath: no valid path found"}
{"level":30,"time":1774382619166,"pid":1603455,"hostname":"TempleOfZyminx","from":{"q":3,"r":7},"to":{"q":13,"r":10},"msg":"findPath: no valid path found"}
{"level":30,"time":1774382619166,"pid":1603455,"hostname":"TempleOfZyminx","from":{"q":3,"r":7},"to":{"q":13,"r":11},"msg":"findPath: no valid path found"}
{"level":30,"time":1774382619166,"pid":1603455,"hostname":"TempleOfZyminx","from":{"q":3,"r":7},"to":{"q":13,"r":12},"msg":"findPath: no valid path found"}
{"level":30,"time":1774382619166,"pid":1603455,"hostname":"TempleOfZyminx","from":{"q":3,"r":7},"to":{"q":13,"r":13},"msg":"findPath: no valid path found"}
{"level":30,"time":1774382619166,"pid":1603455,"hostname":"TempleOfZyminx","from":{"q":3,"r":7},"to":{"q":13,"r":14},"msg":"findPath: no valid path found"}
{"level":30,"time":1774382619166,"pid":1603455,"hostname":"TempleOfZyminx","from":{"q":3,"r":7},"to":{"q":13,"r":15},"msg":"findPath: no valid path found"}
{"level":30,"time":1774382619166,"pid":1603455,"hostname":"TempleOfZyminx","from":{"q":3,"r":7},"to":{"q":13,"r":16},"msg":"findPath: no valid path found"}
{"level":30,"time":1774382619166,"pid":1603455,"hostname":"TempleOfZyminx","from":{"q":3,"r":7},"to":{"q":13,"r":17},"msg":"findPath: no valid path found"}
{"level":30,"time":1774382619167,"pid":1603455,"hostname":"TempleOfZyminx","from":{"q":3,"r":7},"to":{"q":13,"r":18},"msg":"findPath: no valid path found"}
{"level":30,"time":1774382619167,"pid":1603455,"hostname":"TempleOfZyminx","from":{"q":3,"r":7},"to":{"q":13,"r":19},"msg":"findPath: no valid path found"}
{"level":30,"time":1774382619167,"pid":1603455,"hostname":"TempleOfZyminx","from":{"q":3,"r":7},"to":{"q":13,"r":20},"msg":"findPath: no valid path found"}
{"level":30,"time":1774382619167,"pid":1603455,"hostname":"TempleOfZyminx","from":{"q":3,"r":7},"to":{"q":13,"r":21},"msg":"findPath: no valid path found"}
{"level":30,"time":1774382619167,"pid":1603455,"hostname":"TempleOfZyminx","from":{"q":3,"r":7},"to":{"q":14,"r":0},"msg":"findPath: no valid path found"}
{"level":30,"time":1774382619167,"pid":1603455,"hostname":"TempleOfZyminx","from":{"q":3,"r":7},"to":{"q":14,"r":1},"msg":"findPath: no valid path found"}
{"level":30,"time":1774382619167,"pid":1603455,"hostname":"TempleOfZyminx","from":{"q":3,"r":7},"to":{"q":14,"r":2},"msg":"findPath: no valid path found"}
{"level":30,"time":1774382619167,"pid":1603455,"hostname":"TempleOfZyminx","from":{"q":3,"r":7},"to":{"q":14,"r":3},"msg":"findPath: no valid path found"}
{"level":30,"time":1774382619167,"pid":1603455,"hostname":"TempleOfZyminx","from":{"q":3,"r":7},"to":{"q":14,"r":4},"msg":"findPath: no valid path found"}
{"level":30,"time":1774382619167,"pid":1603455,"hostname":"TempleOfZyminx","from":{"q":3,"r":7},"to":{"q":14,"r":5},"msg":"findPath: no valid path found"}
{"level":30,"time":1774382619167,"pid":1603455,"hostname":"TempleOfZyminx","from":{"q":3,"r":7},"to":{"q":14,"r":6},"msg":"findPath: no valid path found"}
{"level":30,"time":1774382619167,"pid":1603455,"hostname":"TempleOfZyminx","from":{"q":3,"r":7},"to":{"q":14,"r":7},"msg":"findPath: no valid path found"}
{"level":30,"time":1774382619168,"pid":1603455,"hostname":"TempleOfZyminx","from":{"q":3,"r":7},"to":{"q":14,"r":8},"msg":"findPath: no valid path found"}
{"level":30,"time":1774382619168,"pid":1603455,"hostname":"TempleOfZyminx","from":{"q":3,"r":7},"to":{"q":14,"r":9},"msg":"findPath: no valid path found"}
{"level":30,"time":1774382619168,"pid":1603455,"hostname":"TempleOfZyminx","from":{"q":3,"r":7},"to":{"q":14,"r":10},"msg":"findPath: no valid path found"}
{"level":30,"time":1774382619168,"pid":1603455,"hostname":"TempleOfZyminx","from":{"q":3,"r":7},"to":{"q":14,"r":11},"msg":"findPath: no valid path found"}
{"level":30,"time":1774382619168,"pid":1603455,"hostname":"TempleOfZyminx","from":{"q":3,"r":7},"to":{"q":14,"r":12},"msg":"findPath: no valid path found"}
{"level":30,"time":1774382619168,"pid":1603455,"hostname":"TempleOfZyminx","from":{"q":3,"r":7},"to":{"q":14,"r":13},"msg":"findPath: no valid path found"}
{"level":30,"time":1774382619168,"pid":1603455,"hostname":"TempleOfZyminx","from":{"q":3,"r":7},"to":{"q":14,"r":14},"msg":"findPath: no valid path found"}
{"level":30,"time":1774382619168,"pid":1603455,"hostname":"TempleOfZyminx","from":{"q":3,"r":7},"to":{"q":14,"r":15},"msg":"findPath: no valid path found"}
{"level":30,"time":1774382619168,"pid":1603455,"hostname":"TempleOfZyminx","from":{"q":3,"r":7},"to":{"q":14,"r":16},"msg":"findPath: no valid path found"}
{"level":30,"time":1774382619168,"pid":1603455,"hostname":"TempleOfZyminx","from":{"q":3,"r":7},"to":{"q":14,"r":17},"msg":"findPath: no valid path found"}
{"level":30,"time":1774382619168,"pid":1603455,"hostname":"TempleOfZyminx","from":{"q":3,"r":7},"to":{"q":14,"r":18},"msg":"findPath: no valid path found"}
{"level":30,"time":1774382619168,"pid":1603455,"hostname":"TempleOfZyminx","from":{"q":3,"r":7},"to":{"q":14,"r":19},"msg":"findPath: no valid path found"}
{"level":30,"time":1774382619168,"pid":1603455,"hostname":"TempleOfZyminx","from":{"q":3,"r":7},"to":{"q":14,"r":20},"msg":"findPath: no valid path found"}
{"level":30,"time":1774382619169,"pid":1603455,"hostname":"TempleOfZyminx","from":{"q":3,"r":7},"to":{"q":14,"r":21},"msg":"findPath: no valid path found"}
{"level":30,"time":1774382619169,"pid":1603455,"hostname":"TempleOfZyminx","id":"a93fcf5b-e901-4464-8fe2-c07b8bc58aa4","command":"MOVE","msg":"Submitting game action"}
{"level":30,"time":1774382619169,"pid":1603455,"hostname":"TempleOfZyminx","gameId":"a93fcf5b-e901-4464-8fe2-c07b8bc58aa4","unitId":"onion-1","msg":"Processing MOVE command"}
{"level":30,"time":1774382619171,"pid":1603455,"hostname":"TempleOfZyminx","id":"a93fcf5b-e901-4464-8fe2-c07b8bc58aa4","msg":"Fetching game state"}
{"level":30,"time":1774382619175,"pid":1603455,"hostname":"TempleOfZyminx","id":"a93fcf5b-e901-4464-8fe2-c07b8bc58aa4","msg":"Fetching game state"}
{"level":30,"time":1774382619176,"pid":1603455,"hostname":"TempleOfZyminx","id":"a93fcf5b-e901-4464-8fe2-c07b8bc58aa4","command":"END_PHASE","msg":"Submitting game action"}
{"level":30,"time":1774382619177,"pid":1603455,"hostname":"TempleOfZyminx","gameId":"a93fcf5b-e901-4464-8fe2-c07b8bc58aa4","phase":"ONION_MOVE","msg":"Advancing phase"}
{"level":30,"time":1774382619177,"pid":1603455,"hostname":"TempleOfZyminx","phase":"ONION_MOVE","turnNumber":2,"msg":"Advancing phase in engine"}
{"level":30,"time":1774382619177,"pid":1603455,"hostname":"TempleOfZyminx","id":"a93fcf5b-e901-4464-8fe2-c07b8bc58aa4","msg":"Fetching game state"}
{"level":30,"time":1774382619178,"pid":1603455,"hostname":"TempleOfZyminx","id":"a93fcf5b-e901-4464-8fe2-c07b8bc58aa4","msg":"Fetching game state"}
{"level":30,"time":1774382619179,"pid":1603455,"hostname":"TempleOfZyminx","id":"a93fcf5b-e901-4464-8fe2-c07b8bc58aa4","command":"FIRE","msg":"Submitting game action"}
{"level":30,"time":1774382619179,"pid":1603455,"hostname":"TempleOfZyminx","gameId":"a93fcf5b-e901-4464-8fe2-c07b8bc58aa4","type":"FIRE","msg":"Processing combat command"}
{"level":30,"time":1774382619179,"pid":1603455,"hostname":"TempleOfZyminx","commandType":"FIRE","msg":"Validating combat action"}
{"level":30,"time":1774382619179,"pid":1603455,"hostname":"TempleOfZyminx","gameId":"a93fcf5b-e901-4464-8fe2-c07b8bc58aa4","error":"Attacker 'missile_1' is already destroyed or exhausted","msg":"Invalid combat command"}
{"level":30,"time":1774382619180,"pid":1603455,"hostname":"TempleOfZyminx","id":"a93fcf5b-e901-4464-8fe2-c07b8bc58aa4","msg":"Fetching game state"}
{"level":30,"time":1774382619180,"pid":1603455,"hostname":"TempleOfZyminx","id":"a93fcf5b-e901-4464-8fe2-c07b8bc58aa4","msg":"Fetching game state"}
{"level":30,"time":1774382619182,"pid":1603455,"hostname":"TempleOfZyminx","id":"a93fcf5b-e901-4464-8fe2-c07b8bc58aa4","command":"END_PHASE","msg":"Submitting game action"}
{"level":30,"time":1774382619183,"pid":1603455,"hostname":"TempleOfZyminx","gameId":"a93fcf5b-e901-4464-8fe2-c07b8bc58aa4","phase":"ONION_COMBAT","msg":"Advancing phase"}
{"level":30,"time":1774382619183,"pid":1603455,"hostname":"TempleOfZyminx","phase":"ONION_COMBAT","turnNumber":2,"msg":"Advancing phase in engine"}
{"level":30,"time":1774382619183,"pid":1603455,"hostname":"TempleOfZyminx","id":"a93fcf5b-e901-4464-8fe2-c07b8bc58aa4","msg":"Fetching game state"}
{"level":30,"time":1774382619184,"pid":1603455,"hostname":"TempleOfZyminx","id":"a93fcf5b-e901-4464-8fe2-c07b8bc58aa4","msg":"Fetching game state"}
{"level":30,"time":1774382619185,"pid":1603455,"hostname":"TempleOfZyminx","from":{"q":3,"r":6},"to":{"q":0,"r":0},"msg":"findPath: no valid path found"}
{"level":30,"time":1774382619186,"pid":1603455,"hostname":"TempleOfZyminx","from":{"q":3,"r":6},"to":{"q":0,"r":1},"msg":"findPath: no valid path found"}
{"level":30,"time":1774382619186,"pid":1603455,"hostname":"TempleOfZyminx","from":{"q":3,"r":6},"to":{"q":0,"r":2},"msg":"findPath: no valid path found"}
{"level":30,"time":1774382619186,"pid":1603455,"hostname":"TempleOfZyminx","from":{"q":3,"r":6},"to":{"q":0,"r":3},"msg":"findPath: no valid path found"}
{"level":30,"time":1774382619186,"pid":1603455,"hostname":"TempleOfZyminx","from":{"q":3,"r":6},"to":{"q":0,"r":4},"msg":"findPath: no valid path found"}
{"level":30,"time":1774382619186,"pid":1603455,"hostname":"TempleOfZyminx","from":{"q":3,"r":6},"to":{"q":0,"r":11},"msg":"findPath: no valid path found"}
{"level":30,"time":1774382619186,"pid":1603455,"hostname":"TempleOfZyminx","from":{"q":3,"r":6},"to":{"q":0,"r":12},"msg":"findPath: no valid path found"}
{"level":30,"time":1774382619187,"pid":1603455,"hostname":"TempleOfZyminx","from":{"q":3,"r":6},"to":{"q":0,"r":13},"msg":"findPath: no valid path found"}
{"level":30,"time":1774382619187,"pid":1603455,"hostname":"TempleOfZyminx","from":{"q":3,"r":6},"to":{"q":0,"r":14},"msg":"findPath: no valid path found"}
{"level":30,"time":1774382619187,"pid":1603455,"hostname":"TempleOfZyminx","from":{"q":3,"r":6},"to":{"q":0,"r":15},"msg":"findPath: no valid path found"}
{"level":30,"time":1774382619187,"pid":1603455,"hostname":"TempleOfZyminx","from":{"q":3,"r":6},"to":{"q":0,"r":16},"msg":"findPath: no valid path found"}
{"level":30,"time":1774382619187,"pid":1603455,"hostname":"TempleOfZyminx","from":{"q":3,"r":6},"to":{"q":0,"r":17},"msg":"findPath: no valid path found"}
{"level":30,"time":1774382619187,"pid":1603455,"hostname":"TempleOfZyminx","from":{"q":3,"r":6},"to":{"q":0,"r":18},"msg":"findPath: no valid path found"}
{"level":30,"time":1774382619187,"pid":1603455,"hostname":"TempleOfZyminx","from":{"q":3,"r":6},"to":{"q":0,"r":19},"msg":"findPath: no valid path found"}
{"level":30,"time":1774382619187,"pid":1603455,"hostname":"TempleOfZyminx","from":{"q":3,"r":6},"to":{"q":0,"r":20},"msg":"findPath: no valid path found"}
{"level":30,"time":1774382619187,"pid":1603455,"hostname":"TempleOfZyminx","from":{"q":3,"r":6},"to":{"q":0,"r":21},"msg":"findPath: no valid path found"}
{"level":30,"time":1774382619188,"pid":1603455,"hostname":"TempleOfZyminx","from":{"q":3,"r":6},"to":{"q":1,"r":0},"msg":"findPath: no valid path found"}
{"level":30,"time":1774382619188,"pid":1603455,"hostname":"TempleOfZyminx","from":{"q":3,"r":6},"to":{"q":1,"r":1},"msg":"findPath: no valid path found"}
{"level":30,"time":1774382619188,"pid":1603455,"hostname":"TempleOfZyminx","from":{"q":3,"r":6},"to":{"q":1,"r":2},"msg":"findPath: no valid path found"}
{"level":30,"time":1774382619188,"pid":1603455,"hostname":"TempleOfZyminx","from":{"q":3,"r":6},"to":{"q":1,"r":3},"msg":"findPath: no valid path found"}
{"level":30,"time":1774382619188,"pid":1603455,"hostname":"TempleOfZyminx","from":{"q":3,"r":6},"to":{"q":1,"r":11},"msg":"findPath: no valid path found"}
{"level":30,"time":1774382619188,"pid":1603455,"hostname":"TempleOfZyminx","from":{"q":3,"r":6},"to":{"q":1,"r":12},"msg":"findPath: no valid path found"}
{"level":30,"time":1774382619189,"pid":1603455,"hostname":"TempleOfZyminx","from":{"q":3,"r":6},"to":{"q":1,"r":13},"msg":"findPath: no valid path found"}
{"level":30,"time":1774382619189,"pid":1603455,"hostname":"TempleOfZyminx","from":{"q":3,"r":6},"to":{"q":1,"r":14},"msg":"findPath: no valid path found"}
{"level":30,"time":1774382619189,"pid":1603455,"hostname":"TempleOfZyminx","from":{"q":3,"r":6},"to":{"q":1,"r":15},"msg":"findPath: no valid path found"}
{"level":30,"time":1774382619189,"pid":1603455,"hostname":"TempleOfZyminx","from":{"q":3,"r":6},"to":{"q":1,"r":16},"msg":"findPath: no valid path found"}
{"level":30,"time":1774382619189,"pid":1603455,"hostname":"TempleOfZyminx","from":{"q":3,"r":6},"to":{"q":1,"r":17},"msg":"findPath: no valid path found"}
{"level":30,"time":1774382619189,"pid":1603455,"hostname":"TempleOfZyminx","from":{"q":3,"r":6},"to":{"q":1,"r":18},"msg":"findPath: no valid path found"}
{"level":30,"time":1774382619189,"pid":1603455,"hostname":"TempleOfZyminx","from":{"q":3,"r":6},"to":{"q":1,"r":19},"msg":"findPath: no valid path found"}
{"level":30,"time":1774382619189,"pid":1603455,"hostname":"TempleOfZyminx","from":{"q":3,"r":6},"to":{"q":1,"r":20},"msg":"findPath: no valid path found"}
{"level":30,"time":1774382619189,"pid":1603455,"hostname":"TempleOfZyminx","from":{"q":3,"r":6},"to":{"q":1,"r":21},"msg":"findPath: no valid path found"}
{"level":30,"time":1774382619189,"pid":1603455,"hostname":"TempleOfZyminx","from":{"q":3,"r":6},"to":{"q":2,"r":0},"msg":"findPath: no valid path found"}
{"level":30,"time":1774382619190,"pid":1603455,"hostname":"TempleOfZyminx","from":{"q":3,"r":6},"to":{"q":2,"r":1},"msg":"findPath: no valid path found"}
{"level":30,"time":1774382619190,"pid":1603455,"hostname":"TempleOfZyminx","from":{"q":3,"r":6},"to":{"q":2,"r":2},"msg":"findPath: no valid path found"}
{"level":30,"time":1774382619190,"pid":1603455,"hostname":"TempleOfZyminx","from":{"q":3,"r":6},"to":{"q":2,"r":11},"msg":"findPath: no valid path found"}
{"level":30,"time":1774382619190,"pid":1603455,"hostname":"TempleOfZyminx","from":{"q":3,"r":6},"to":{"q":2,"r":12},"msg":"findPath: no valid path found"}
{"level":30,"time":1774382619190,"pid":1603455,"hostname":"TempleOfZyminx","from":{"q":3,"r":6},"to":{"q":2,"r":13},"msg":"findPath: no valid path found"}
{"level":30,"time":1774382619190,"pid":1603455,"hostname":"TempleOfZyminx","from":{"q":3,"r":6},"to":{"q":2,"r":14},"msg":"findPath: no valid path found"}
{"level":30,"time":1774382619191,"pid":1603455,"hostname":"TempleOfZyminx","from":{"q":3,"r":6},"to":{"q":2,"r":15},"msg":"findPath: no valid path found"}
{"level":30,"time":1774382619191,"pid":1603455,"hostname":"TempleOfZyminx","from":{"q":3,"r":6},"to":{"q":2,"r":16},"msg":"findPath: no valid path found"}
{"level":30,"time":1774382619191,"pid":1603455,"hostname":"TempleOfZyminx","from":{"q":3,"r":6},"to":{"q":2,"r":17},"msg":"findPath: no valid path found"}
{"level":30,"time":1774382619191,"pid":1603455,"hostname":"TempleOfZyminx","from":{"q":3,"r":6},"to":{"q":2,"r":18},"msg":"findPath: no valid path found"}
{"level":30,"time":1774382619191,"pid":1603455,"hostname":"TempleOfZyminx","from":{"q":3,"r":6},"to":{"q":2,"r":19},"msg":"findPath: no valid path found"}
{"level":30,"time":1774382619191,"pid":1603455,"hostname":"TempleOfZyminx","from":{"q":3,"r":6},"to":{"q":2,"r":20},"msg":"findPath: no valid path found"}
{"level":30,"time":1774382619191,"pid":1603455,"hostname":"TempleOfZyminx","from":{"q":3,"r":6},"to":{"q":2,"r":21},"msg":"findPath: no valid path found"}
{"level":30,"time":1774382619191,"pid":1603455,"hostname":"TempleOfZyminx","from":{"q":3,"r":6},"to":{"q":3,"r":0},"msg":"findPath: no valid path found"}
{"level":30,"time":1774382619191,"pid":1603455,"hostname":"TempleOfZyminx","from":{"q":3,"r":6},"to":{"q":3,"r":1},"msg":"findPath: no valid path found"}
{"level":30,"time":1774382619192,"pid":1603455,"hostname":"TempleOfZyminx","from":{"q":3,"r":6},"to":{"q":3,"r":8},"msg":"findPath: no valid path found"}
{"level":30,"time":1774382619192,"pid":1603455,"hostname":"TempleOfZyminx","from":{"q":3,"r":6},"to":{"q":3,"r":10},"msg":"findPath: no valid path found"}
{"level":30,"time":1774382619193,"pid":1603455,"hostname":"TempleOfZyminx","from":{"q":3,"r":6},"to":{"q":3,"r":11},"msg":"findPath: no valid path found"}
{"level":30,"time":1774382619193,"pid":1603455,"hostname":"TempleOfZyminx","from":{"q":3,"r":6},"to":{"q":3,"r":12},"msg":"findPath: no valid path found"}
{"level":30,"time":1774382619193,"pid":1603455,"hostname":"TempleOfZyminx","from":{"q":3,"r":6},"to":{"q":3,"r":13},"msg":"findPath: no valid path found"}
{"level":30,"time":1774382619193,"pid":1603455,"hostname":"TempleOfZyminx","from":{"q":3,"r":6},"to":{"q":3,"r":14},"msg":"findPath: no valid path found"}
{"level":30,"time":1774382619193,"pid":1603455,"hostname":"TempleOfZyminx","from":{"q":3,"r":6},"to":{"q":3,"r":15},"msg":"findPath: no valid path found"}
{"level":30,"time":1774382619193,"pid":1603455,"hostname":"TempleOfZyminx","from":{"q":3,"r":6},"to":{"q":3,"r":16},"msg":"findPath: no valid path found"}
{"level":30,"time":1774382619193,"pid":1603455,"hostname":"TempleOfZyminx","from":{"q":3,"r":6},"to":{"q":3,"r":17},"msg":"findPath: no valid path found"}
{"level":30,"time":1774382619193,"pid":1603455,"hostname":"TempleOfZyminx","from":{"q":3,"r":6},"to":{"q":3,"r":18},"msg":"findPath: no valid path found"}
{"level":30,"time":1774382619193,"pid":1603455,"hostname":"TempleOfZyminx","from":{"q":3,"r":6},"to":{"q":3,"r":19},"msg":"findPath: no valid path found"}
{"level":30,"time":1774382619193,"pid":1603455,"hostname":"TempleOfZyminx","from":{"q":3,"r":6},"to":{"q":3,"r":20},"msg":"findPath: no valid path found"}
{"level":30,"time":1774382619194,"pid":1603455,"hostname":"TempleOfZyminx","from":{"q":3,"r":6},"to":{"q":3,"r":21},"msg":"findPath: no valid path found"}
{"level":30,"time":1774382619194,"pid":1603455,"hostname":"TempleOfZyminx","from":{"q":3,"r":6},"to":{"q":4,"r":0},"msg":"findPath: no valid path found"}
{"level":30,"time":1774382619194,"pid":1603455,"hostname":"TempleOfZyminx","from":{"q":3,"r":6},"to":{"q":4,"r":1},"msg":"findPath: no valid path found"}
{"level":30,"time":1774382619194,"pid":1603455,"hostname":"TempleOfZyminx","from":{"q":3,"r":6},"to":{"q":4,"r":8},"msg":"findPath: no valid path found"}
{"level":30,"time":1774382619194,"pid":1603455,"hostname":"TempleOfZyminx","from":{"q":3,"r":6},"to":{"q":4,"r":9},"msg":"findPath: no valid path found"}
{"level":30,"time":1774382619194,"pid":1603455,"hostname":"TempleOfZyminx","from":{"q":3,"r":6},"to":{"q":4,"r":10},"msg":"findPath: no valid path found"}
{"level":30,"time":1774382619194,"pid":1603455,"hostname":"TempleOfZyminx","from":{"q":3,"r":6},"to":{"q":4,"r":11},"msg":"findPath: no valid path found"}
{"level":30,"time":1774382619194,"pid":1603455,"hostname":"TempleOfZyminx","from":{"q":3,"r":6},"to":{"q":4,"r":12},"msg":"findPath: no valid path found"}
{"level":30,"time":1774382619195,"pid":1603455,"hostname":"TempleOfZyminx","from":{"q":3,"r":6},"to":{"q":4,"r":13},"msg":"findPath: no valid path found"}
{"level":30,"time":1774382619195,"pid":1603455,"hostname":"TempleOfZyminx","from":{"q":3,"r":6},"to":{"q":4,"r":14},"msg":"findPath: no valid path found"}
{"level":30,"time":1774382619195,"pid":1603455,"hostname":"TempleOfZyminx","from":{"q":3,"r":6},"to":{"q":4,"r":15},"msg":"findPath: no valid path found"}
{"level":30,"time":1774382619195,"pid":1603455,"hostname":"TempleOfZyminx","from":{"q":3,"r":6},"to":{"q":4,"r":16},"msg":"findPath: no valid path found"}
{"level":30,"time":1774382619195,"pid":1603455,"hostname":"TempleOfZyminx","from":{"q":3,"r":6},"to":{"q":4,"r":17},"msg":"findPath: no valid path found"}
{"level":30,"time":1774382619195,"pid":1603455,"hostname":"TempleOfZyminx","from":{"q":3,"r":6},"to":{"q":4,"r":18},"msg":"findPath: no valid path found"}
{"level":30,"time":1774382619195,"pid":1603455,"hostname":"TempleOfZyminx","from":{"q":3,"r":6},"to":{"q":4,"r":19},"msg":"findPath: no valid path found"}
{"level":30,"time":1774382619195,"pid":1603455,"hostname":"TempleOfZyminx","from":{"q":3,"r":6},"to":{"q":4,"r":20},"msg":"findPath: no valid path found"}
{"level":30,"time":1774382619195,"pid":1603455,"hostname":"TempleOfZyminx","from":{"q":3,"r":6},"to":{"q":4,"r":21},"msg":"findPath: no valid path found"}
{"level":30,"time":1774382619196,"pid":1603455,"hostname":"TempleOfZyminx","from":{"q":3,"r":6},"to":{"q":5,"r":0},"msg":"findPath: no valid path found"}
{"level":30,"time":1774382619196,"pid":1603455,"hostname":"TempleOfZyminx","from":{"q":3,"r":6},"to":{"q":5,"r":1},"msg":"findPath: no valid path found"}
{"level":30,"time":1774382619196,"pid":1603455,"hostname":"TempleOfZyminx","from":{"q":3,"r":6},"to":{"q":5,"r":2},"msg":"findPath: no valid path found"}
{"level":30,"time":1774382619196,"pid":1603455,"hostname":"TempleOfZyminx","from":{"q":3,"r":6},"to":{"q":5,"r":9},"msg":"findPath: no valid path found"}
{"level":30,"time":1774382619196,"pid":1603455,"hostname":"TempleOfZyminx","from":{"q":3,"r":6},"to":{"q":5,"r":10},"msg":"findPath: no valid path found"}
{"level":30,"time":1774382619196,"pid":1603455,"hostname":"TempleOfZyminx","from":{"q":3,"r":6},"to":{"q":5,"r":11},"msg":"findPath: no valid path found"}
{"level":30,"time":1774382619196,"pid":1603455,"hostname":"TempleOfZyminx","from":{"q":3,"r":6},"to":{"q":5,"r":12},"msg":"findPath: no valid path found"}
{"level":30,"time":1774382619197,"pid":1603455,"hostname":"TempleOfZyminx","from":{"q":3,"r":6},"to":{"q":5,"r":13},"msg":"findPath: no valid path found"}
{"level":30,"time":1774382619197,"pid":1603455,"hostname":"TempleOfZyminx","from":{"q":3,"r":6},"to":{"q":5,"r":14},"msg":"findPath: no valid path found"}
{"level":30,"time":1774382619197,"pid":1603455,"hostname":"TempleOfZyminx","from":{"q":3,"r":6},"to":{"q":5,"r":15},"msg":"findPath: no valid path found"}
{"level":30,"time":1774382619197,"pid":1603455,"hostname":"TempleOfZyminx","from":{"q":3,"r":6},"to":{"q":5,"r":16},"msg":"findPath: no valid path found"}
{"level":30,"time":1774382619197,"pid":1603455,"hostname":"TempleOfZyminx","from":{"q":3,"r":6},"to":{"q":5,"r":17},"msg":"findPath: no valid path found"}
{"level":30,"time":1774382619197,"pid":1603455,"hostname":"TempleOfZyminx","from":{"q":3,"r":6},"to":{"q":5,"r":18},"msg":"findPath: no valid path found"}
{"level":30,"time":1774382619197,"pid":1603455,"hostname":"TempleOfZyminx","from":{"q":3,"r":6},"to":{"q":5,"r":19},"msg":"findPath: no valid path found"}
{"level":30,"time":1774382619197,"pid":1603455,"hostname":"TempleOfZyminx","from":{"q":3,"r":6},"to":{"q":5,"r":20},"msg":"findPath: no valid path found"}
{"level":30,"time":1774382619197,"pid":1603455,"hostname":"TempleOfZyminx","from":{"q":3,"r":6},"to":{"q":5,"r":21},"msg":"findPath: no valid path found"}
{"level":30,"time":1774382619198,"pid":1603455,"hostname":"TempleOfZyminx","from":{"q":3,"r":6},"to":{"q":6,"r":0},"msg":"findPath: no valid path found"}
{"level":30,"time":1774382619198,"pid":1603455,"hostname":"TempleOfZyminx","from":{"q":3,"r":6},"to":{"q":6,"r":1},"msg":"findPath: no valid path found"}
{"level":30,"time":1774382619198,"pid":1603455,"hostname":"TempleOfZyminx","from":{"q":3,"r":6},"to":{"q":6,"r":8},"msg":"findPath: no valid path found"}
{"level":30,"time":1774382619198,"pid":1603455,"hostname":"TempleOfZyminx","from":{"q":3,"r":6},"to":{"q":6,"r":9},"msg":"findPath: no valid path found"}
{"level":30,"time":1774382619199,"pid":1603455,"hostname":"TempleOfZyminx","from":{"q":3,"r":6},"to":{"q":6,"r":10},"msg":"findPath: no valid path found"}
{"level":30,"time":1774382619199,"pid":1603455,"hostname":"TempleOfZyminx","from":{"q":3,"r":6},"to":{"q":6,"r":11},"msg":"findPath: no valid path found"}
{"level":30,"time":1774382619199,"pid":1603455,"hostname":"TempleOfZyminx","from":{"q":3,"r":6},"to":{"q":6,"r":12},"msg":"findPath: no valid path found"}
{"level":30,"time":1774382619199,"pid":1603455,"hostname":"TempleOfZyminx","from":{"q":3,"r":6},"to":{"q":6,"r":13},"msg":"findPath: no valid path found"}
{"level":30,"time":1774382619200,"pid":1603455,"hostname":"TempleOfZyminx","from":{"q":3,"r":6},"to":{"q":6,"r":14},"msg":"findPath: no valid path found"}
{"level":30,"time":1774382619200,"pid":1603455,"hostname":"TempleOfZyminx","from":{"q":3,"r":6},"to":{"q":6,"r":15},"msg":"findPath: no valid path found"}
{"level":30,"time":1774382619200,"pid":1603455,"hostname":"TempleOfZyminx","from":{"q":3,"r":6},"to":{"q":6,"r":16},"msg":"findPath: no valid path found"}
{"level":30,"time":1774382619200,"pid":1603455,"hostname":"TempleOfZyminx","from":{"q":3,"r":6},"to":{"q":6,"r":17},"msg":"findPath: no valid path found"}
{"level":30,"time":1774382619200,"pid":1603455,"hostname":"TempleOfZyminx","from":{"q":3,"r":6},"to":{"q":6,"r":18},"msg":"findPath: no valid path found"}
{"level":30,"time":1774382619200,"pid":1603455,"hostname":"TempleOfZyminx","from":{"q":3,"r":6},"to":{"q":6,"r":19},"msg":"findPath: no valid path found"}
{"level":30,"time":1774382619200,"pid":1603455,"hostname":"TempleOfZyminx","from":{"q":3,"r":6},"to":{"q":6,"r":20},"msg":"findPath: no valid path found"}
{"level":30,"time":1774382619200,"pid":1603455,"hostname":"TempleOfZyminx","from":{"q":3,"r":6},"to":{"q":6,"r":21},"msg":"findPath: no valid path found"}
{"level":30,"time":1774382619200,"pid":1603455,"hostname":"TempleOfZyminx","from":{"q":3,"r":6},"to":{"q":7,"r":0},"msg":"findPath: no valid path found"}
{"level":30,"time":1774382619201,"pid":1603455,"hostname":"TempleOfZyminx","from":{"q":3,"r":6},"to":{"q":7,"r":1},"msg":"findPath: no valid path found"}
{"level":30,"time":1774382619201,"pid":1603455,"hostname":"TempleOfZyminx","from":{"q":3,"r":6},"to":{"q":7,"r":7},"msg":"findPath: no valid path found"}
{"level":30,"time":1774382619201,"pid":1603455,"hostname":"TempleOfZyminx","from":{"q":3,"r":6},"to":{"q":7,"r":8},"msg":"findPath: no valid path found"}
{"level":30,"time":1774382619201,"pid":1603455,"hostname":"TempleOfZyminx","from":{"q":3,"r":6},"to":{"q":7,"r":9},"msg":"findPath: no valid path found"}
{"level":30,"time":1774382619201,"pid":1603455,"hostname":"TempleOfZyminx","from":{"q":3,"r":6},"to":{"q":7,"r":10},"msg":"findPath: no valid path found"}
{"level":30,"time":1774382619201,"pid":1603455,"hostname":"TempleOfZyminx","from":{"q":3,"r":6},"to":{"q":7,"r":11},"msg":"findPath: no valid path found"}
{"level":30,"time":1774382619202,"pid":1603455,"hostname":"TempleOfZyminx","from":{"q":3,"r":6},"to":{"q":7,"r":12},"msg":"findPath: no valid path found"}
{"level":30,"time":1774382619202,"pid":1603455,"hostname":"TempleOfZyminx","from":{"q":3,"r":6},"to":{"q":7,"r":13},"msg":"findPath: no valid path found"}
{"level":30,"time":1774382619202,"pid":1603455,"hostname":"TempleOfZyminx","from":{"q":3,"r":6},"to":{"q":7,"r":14},"msg":"findPath: no valid path found"}
{"level":30,"time":1774382619202,"pid":1603455,"hostname":"TempleOfZyminx","from":{"q":3,"r":6},"to":{"q":7,"r":15},"msg":"findPath: no valid path found"}
{"level":30,"time":1774382619202,"pid":1603455,"hostname":"TempleOfZyminx","from":{"q":3,"r":6},"to":{"q":7,"r":16},"msg":"findPath: no valid path found"}
{"level":30,"time":1774382619202,"pid":1603455,"hostname":"TempleOfZyminx","from":{"q":3,"r":6},"to":{"q":7,"r":17},"msg":"findPath: no valid path found"}
{"level":30,"time":1774382619202,"pid":1603455,"hostname":"TempleOfZyminx","from":{"q":3,"r":6},"to":{"q":7,"r":18},"msg":"findPath: no valid path found"}
{"level":30,"time":1774382619202,"pid":1603455,"hostname":"TempleOfZyminx","from":{"q":3,"r":6},"to":{"q":7,"r":19},"msg":"findPath: no valid path found"}
{"level":30,"time":1774382619202,"pid":1603455,"hostname":"TempleOfZyminx","from":{"q":3,"r":6},"to":{"q":7,"r":20},"msg":"findPath: no valid path found"}
{"level":30,"time":1774382619203,"pid":1603455,"hostname":"TempleOfZyminx","from":{"q":3,"r":6},"to":{"q":7,"r":21},"msg":"findPath: no valid path found"}
{"level":30,"time":1774382619203,"pid":1603455,"hostname":"TempleOfZyminx","from":{"q":3,"r":6},"to":{"q":8,"r":0},"msg":"findPath: no valid path found"}
{"level":30,"time":1774382619203,"pid":1603455,"hostname":"TempleOfZyminx","from":{"q":3,"r":6},"to":{"q":8,"r":1},"msg":"findPath: no valid path found"}
{"level":30,"time":1774382619203,"pid":1603455,"hostname":"TempleOfZyminx","from":{"q":3,"r":6},"to":{"q":8,"r":2},"msg":"findPath: no valid path found"}
{"level":30,"time":1774382619203,"pid":1603455,"hostname":"TempleOfZyminx","from":{"q":3,"r":6},"to":{"q":8,"r":3},"msg":"findPath: no valid path found"}
{"level":30,"time":1774382619203,"pid":1603455,"hostname":"TempleOfZyminx","from":{"q":3,"r":6},"to":{"q":8,"r":4},"msg":"findPath: no valid path found"}
{"level":30,"time":1774382619203,"pid":1603455,"hostname":"TempleOfZyminx","from":{"q":3,"r":6},"to":{"q":8,"r":5},"msg":"findPath: no valid path found"}
{"level":30,"time":1774382619204,"pid":1603455,"hostname":"TempleOfZyminx","from":{"q":3,"r":6},"to":{"q":8,"r":6},"msg":"findPath: no valid path found"}
{"level":30,"time":1774382619204,"pid":1603455,"hostname":"TempleOfZyminx","from":{"q":3,"r":6},"to":{"q":8,"r":7},"msg":"findPath: no valid path found"}
{"level":30,"time":1774382619204,"pid":1603455,"hostname":"TempleOfZyminx","from":{"q":3,"r":6},"to":{"q":8,"r":8},"msg":"findPath: no valid path found"}
{"level":30,"time":1774382619204,"pid":1603455,"hostname":"TempleOfZyminx","from":{"q":3,"r":6},"to":{"q":8,"r":9},"msg":"findPath: no valid path found"}
{"level":30,"time":1774382619204,"pid":1603455,"hostname":"TempleOfZyminx","from":{"q":3,"r":6},"to":{"q":8,"r":10},"msg":"findPath: no valid path found"}
{"level":30,"time":1774382619204,"pid":1603455,"hostname":"TempleOfZyminx","from":{"q":3,"r":6},"to":{"q":8,"r":11},"msg":"findPath: no valid path found"}
{"level":30,"time":1774382619204,"pid":1603455,"hostname":"TempleOfZyminx","from":{"q":3,"r":6},"to":{"q":8,"r":12},"msg":"findPath: no valid path found"}
{"level":30,"time":1774382619205,"pid":1603455,"hostname":"TempleOfZyminx","from":{"q":3,"r":6},"to":{"q":8,"r":13},"msg":"findPath: no valid path found"}
{"level":30,"time":1774382619205,"pid":1603455,"hostname":"TempleOfZyminx","from":{"q":3,"r":6},"to":{"q":8,"r":14},"msg":"findPath: no valid path found"}
{"level":30,"time":1774382619205,"pid":1603455,"hostname":"TempleOfZyminx","from":{"q":3,"r":6},"to":{"q":8,"r":15},"msg":"findPath: no valid path found"}
{"level":30,"time":1774382619205,"pid":1603455,"hostname":"TempleOfZyminx","from":{"q":3,"r":6},"to":{"q":8,"r":16},"msg":"findPath: no valid path found"}
{"level":30,"time":1774382619205,"pid":1603455,"hostname":"TempleOfZyminx","from":{"q":3,"r":6},"to":{"q":8,"r":17},"msg":"findPath: no valid path found"}
{"level":30,"time":1774382619205,"pid":1603455,"hostname":"TempleOfZyminx","from":{"q":3,"r":6},"to":{"q":8,"r":18},"msg":"findPath: no valid path found"}
{"level":30,"time":1774382619206,"pid":1603455,"hostname":"TempleOfZyminx","from":{"q":3,"r":6},"to":{"q":8,"r":19},"msg":"findPath: no valid path found"}
{"level":30,"time":1774382619206,"pid":1603455,"hostname":"TempleOfZyminx","from":{"q":3,"r":6},"to":{"q":8,"r":20},"msg":"findPath: no valid path found"}
{"level":30,"time":1774382619206,"pid":1603455,"hostname":"TempleOfZyminx","from":{"q":3,"r":6},"to":{"q":8,"r":21},"msg":"findPath: no valid path found"}
{"level":30,"time":1774382619206,"pid":1603455,"hostname":"TempleOfZyminx","from":{"q":3,"r":6},"to":{"q":9,"r":0},"msg":"findPath: no valid path found"}
{"level":30,"time":1774382619206,"pid":1603455,"hostname":"TempleOfZyminx","from":{"q":3,"r":6},"to":{"q":9,"r":1},"msg":"findPath: no valid path found"}
{"level":30,"time":1774382619206,"pid":1603455,"hostname":"TempleOfZyminx","from":{"q":3,"r":6},"to":{"q":9,"r":2},"msg":"findPath: no valid path found"}
{"level":30,"time":1774382619206,"pid":1603455,"hostname":"TempleOfZyminx","from":{"q":3,"r":6},"to":{"q":9,"r":3},"msg":"findPath: no valid path found"}
{"level":30,"time":1774382619206,"pid":1603455,"hostname":"TempleOfZyminx","from":{"q":3,"r":6},"to":{"q":9,"r":4},"msg":"findPath: no valid path found"}
{"level":30,"time":1774382619207,"pid":1603455,"hostname":"TempleOfZyminx","from":{"q":3,"r":6},"to":{"q":9,"r":5},"msg":"findPath: no valid path found"}
{"level":30,"time":1774382619207,"pid":1603455,"hostname":"TempleOfZyminx","from":{"q":3,"r":6},"to":{"q":9,"r":6},"msg":"findPath: no valid path found"}
{"level":30,"time":1774382619207,"pid":1603455,"hostname":"TempleOfZyminx","from":{"q":3,"r":6},"to":{"q":9,"r":7},"msg":"findPath: no valid path found"}
{"level":30,"time":1774382619207,"pid":1603455,"hostname":"TempleOfZyminx","from":{"q":3,"r":6},"to":{"q":9,"r":8},"msg":"findPath: no valid path found"}
{"level":30,"time":1774382619207,"pid":1603455,"hostname":"TempleOfZyminx","from":{"q":3,"r":6},"to":{"q":9,"r":9},"msg":"findPath: no valid path found"}
{"level":30,"time":1774382619207,"pid":1603455,"hostname":"TempleOfZyminx","from":{"q":3,"r":6},"to":{"q":9,"r":10},"msg":"findPath: no valid path found"}
{"level":30,"time":1774382619207,"pid":1603455,"hostname":"TempleOfZyminx","from":{"q":3,"r":6},"to":{"q":9,"r":11},"msg":"findPath: no valid path found"}
{"level":30,"time":1774382619207,"pid":1603455,"hostname":"TempleOfZyminx","from":{"q":3,"r":6},"to":{"q":9,"r":12},"msg":"findPath: no valid path found"}
{"level":30,"time":1774382619207,"pid":1603455,"hostname":"TempleOfZyminx","from":{"q":3,"r":6},"to":{"q":9,"r":13},"msg":"findPath: no valid path found"}
{"level":30,"time":1774382619208,"pid":1603455,"hostname":"TempleOfZyminx","from":{"q":3,"r":6},"to":{"q":9,"r":14},"msg":"findPath: no valid path found"}
{"level":30,"time":1774382619208,"pid":1603455,"hostname":"TempleOfZyminx","from":{"q":3,"r":6},"to":{"q":9,"r":15},"msg":"findPath: no valid path found"}
{"level":30,"time":1774382619208,"pid":1603455,"hostname":"TempleOfZyminx","from":{"q":3,"r":6},"to":{"q":9,"r":16},"msg":"findPath: no valid path found"}
{"level":30,"time":1774382619208,"pid":1603455,"hostname":"TempleOfZyminx","from":{"q":3,"r":6},"to":{"q":9,"r":17},"msg":"findPath: no valid path found"}
{"level":30,"time":1774382619208,"pid":1603455,"hostname":"TempleOfZyminx","from":{"q":3,"r":6},"to":{"q":9,"r":18},"msg":"findPath: no valid path found"}
{"level":30,"time":1774382619208,"pid":1603455,"hostname":"TempleOfZyminx","from":{"q":3,"r":6},"to":{"q":9,"r":19},"msg":"findPath: no valid path found"}
{"level":30,"time":1774382619209,"pid":1603455,"hostname":"TempleOfZyminx","from":{"q":3,"r":6},"to":{"q":9,"r":20},"msg":"findPath: no valid path found"}
{"level":30,"time":1774382619209,"pid":1603455,"hostname":"TempleOfZyminx","from":{"q":3,"r":6},"to":{"q":9,"r":21},"msg":"findPath: no valid path found"}
{"level":30,"time":1774382619209,"pid":1603455,"hostname":"TempleOfZyminx","from":{"q":3,"r":6},"to":{"q":10,"r":0},"msg":"findPath: no valid path found"}
{"level":30,"time":1774382619209,"pid":1603455,"hostname":"TempleOfZyminx","from":{"q":3,"r":6},"to":{"q":10,"r":1},"msg":"findPath: no valid path found"}
{"level":30,"time":1774382619209,"pid":1603455,"hostname":"TempleOfZyminx","from":{"q":3,"r":6},"to":{"q":10,"r":2},"msg":"findPath: no valid path found"}
{"level":30,"time":1774382619209,"pid":1603455,"hostname":"TempleOfZyminx","from":{"q":3,"r":6},"to":{"q":10,"r":3},"msg":"findPath: no valid path found"}
{"level":30,"time":1774382619209,"pid":1603455,"hostname":"TempleOfZyminx","from":{"q":3,"r":6},"to":{"q":10,"r":4},"msg":"findPath: no valid path found"}
{"level":30,"time":1774382619209,"pid":1603455,"hostname":"TempleOfZyminx","from":{"q":3,"r":6},"to":{"q":10,"r":5},"msg":"findPath: no valid path found"}
{"level":30,"time":1774382619209,"pid":1603455,"hostname":"TempleOfZyminx","from":{"q":3,"r":6},"to":{"q":10,"r":6},"msg":"findPath: no valid path found"}
{"level":30,"time":1774382619210,"pid":1603455,"hostname":"TempleOfZyminx","from":{"q":3,"r":6},"to":{"q":10,"r":7},"msg":"findPath: no valid path found"}
{"level":30,"time":1774382619210,"pid":1603455,"hostname":"TempleOfZyminx","from":{"q":3,"r":6},"to":{"q":10,"r":8},"msg":"findPath: no valid path found"}
{"level":30,"time":1774382619210,"pid":1603455,"hostname":"TempleOfZyminx","from":{"q":3,"r":6},"to":{"q":10,"r":9},"msg":"findPath: no valid path found"}
{"level":30,"time":1774382619210,"pid":1603455,"hostname":"TempleOfZyminx","from":{"q":3,"r":6},"to":{"q":10,"r":10},"msg":"findPath: no valid path found"}
{"level":30,"time":1774382619210,"pid":1603455,"hostname":"TempleOfZyminx","from":{"q":3,"r":6},"to":{"q":10,"r":11},"msg":"findPath: no valid path found"}
{"level":30,"time":1774382619210,"pid":1603455,"hostname":"TempleOfZyminx","from":{"q":3,"r":6},"to":{"q":10,"r":12},"msg":"findPath: no valid path found"}
{"level":30,"time":1774382619210,"pid":1603455,"hostname":"TempleOfZyminx","from":{"q":3,"r":6},"to":{"q":10,"r":13},"msg":"findPath: no valid path found"}
{"level":30,"time":1774382619210,"pid":1603455,"hostname":"TempleOfZyminx","from":{"q":3,"r":6},"to":{"q":10,"r":14},"msg":"findPath: no valid path found"}
{"level":30,"time":1774382619210,"pid":1603455,"hostname":"TempleOfZyminx","from":{"q":3,"r":6},"to":{"q":10,"r":15},"msg":"findPath: no valid path found"}
{"level":30,"time":1774382619211,"pid":1603455,"hostname":"TempleOfZyminx","from":{"q":3,"r":6},"to":{"q":10,"r":16},"msg":"findPath: no valid path found"}
{"level":30,"time":1774382619211,"pid":1603455,"hostname":"TempleOfZyminx","from":{"q":3,"r":6},"to":{"q":10,"r":17},"msg":"findPath: no valid path found"}
{"level":30,"time":1774382619211,"pid":1603455,"hostname":"TempleOfZyminx","from":{"q":3,"r":6},"to":{"q":10,"r":18},"msg":"findPath: no valid path found"}
{"level":30,"time":1774382619211,"pid":1603455,"hostname":"TempleOfZyminx","from":{"q":3,"r":6},"to":{"q":10,"r":19},"msg":"findPath: no valid path found"}
{"level":30,"time":1774382619211,"pid":1603455,"hostname":"TempleOfZyminx","from":{"q":3,"r":6},"to":{"q":10,"r":20},"msg":"findPath: no valid path found"}
{"level":30,"time":1774382619211,"pid":1603455,"hostname":"TempleOfZyminx","from":{"q":3,"r":6},"to":{"q":10,"r":21},"msg":"findPath: no valid path found"}
{"level":30,"time":1774382619211,"pid":1603455,"hostname":"TempleOfZyminx","from":{"q":3,"r":6},"to":{"q":11,"r":0},"msg":"findPath: no valid path found"}
{"level":30,"time":1774382619211,"pid":1603455,"hostname":"TempleOfZyminx","from":{"q":3,"r":6},"to":{"q":11,"r":1},"msg":"findPath: no valid path found"}
{"level":30,"time":1774382619211,"pid":1603455,"hostname":"TempleOfZyminx","from":{"q":3,"r":6},"to":{"q":11,"r":2},"msg":"findPath: no valid path found"}
{"level":30,"time":1774382619212,"pid":1603455,"hostname":"TempleOfZyminx","from":{"q":3,"r":6},"to":{"q":11,"r":3},"msg":"findPath: no valid path found"}
{"level":30,"time":1774382619212,"pid":1603455,"hostname":"TempleOfZyminx","from":{"q":3,"r":6},"to":{"q":11,"r":4},"msg":"findPath: no valid path found"}
{"level":30,"time":1774382619213,"pid":1603455,"hostname":"TempleOfZyminx","from":{"q":3,"r":6},"to":{"q":11,"r":5},"msg":"findPath: no valid path found"}
{"level":30,"time":1774382619213,"pid":1603455,"hostname":"TempleOfZyminx","from":{"q":3,"r":6},"to":{"q":11,"r":6},"msg":"findPath: no valid path found"}
{"level":30,"time":1774382619213,"pid":1603455,"hostname":"TempleOfZyminx","from":{"q":3,"r":6},"to":{"q":11,"r":7},"msg":"findPath: no valid path found"}
{"level":30,"time":1774382619213,"pid":1603455,"hostname":"TempleOfZyminx","from":{"q":3,"r":6},"to":{"q":11,"r":8},"msg":"findPath: no valid path found"}
{"level":30,"time":1774382619213,"pid":1603455,"hostname":"TempleOfZyminx","from":{"q":3,"r":6},"to":{"q":11,"r":9},"msg":"findPath: no valid path found"}
{"level":30,"time":1774382619213,"pid":1603455,"hostname":"TempleOfZyminx","from":{"q":3,"r":6},"to":{"q":11,"r":10},"msg":"findPath: no valid path found"}
{"level":30,"time":1774382619213,"pid":1603455,"hostname":"TempleOfZyminx","from":{"q":3,"r":6},"to":{"q":11,"r":11},"msg":"findPath: no valid path found"}
{"level":30,"time":1774382619213,"pid":1603455,"hostname":"TempleOfZyminx","from":{"q":3,"r":6},"to":{"q":11,"r":12},"msg":"findPath: no valid path found"}
{"level":30,"time":1774382619213,"pid":1603455,"hostname":"TempleOfZyminx","from":{"q":3,"r":6},"to":{"q":11,"r":13},"msg":"findPath: no valid path found"}
{"level":30,"time":1774382619214,"pid":1603455,"hostname":"TempleOfZyminx","from":{"q":3,"r":6},"to":{"q":11,"r":14},"msg":"findPath: no valid path found"}
{"level":30,"time":1774382619214,"pid":1603455,"hostname":"TempleOfZyminx","from":{"q":3,"r":6},"to":{"q":11,"r":15},"msg":"findPath: no valid path found"}
{"level":30,"time":1774382619214,"pid":1603455,"hostname":"TempleOfZyminx","from":{"q":3,"r":6},"to":{"q":11,"r":16},"msg":"findPath: no valid path found"}
{"level":30,"time":1774382619214,"pid":1603455,"hostname":"TempleOfZyminx","from":{"q":3,"r":6},"to":{"q":11,"r":17},"msg":"findPath: no valid path found"}
{"level":30,"time":1774382619214,"pid":1603455,"hostname":"TempleOfZyminx","from":{"q":3,"r":6},"to":{"q":11,"r":18},"msg":"findPath: no valid path found"}
{"level":30,"time":1774382619214,"pid":1603455,"hostname":"TempleOfZyminx","from":{"q":3,"r":6},"to":{"q":11,"r":19},"msg":"findPath: no valid path found"}
{"level":30,"time":1774382619214,"pid":1603455,"hostname":"TempleOfZyminx","from":{"q":3,"r":6},"to":{"q":11,"r":20},"msg":"findPath: no valid path found"}
{"level":30,"time":1774382619214,"pid":1603455,"hostname":"TempleOfZyminx","from":{"q":3,"r":6},"to":{"q":11,"r":21},"msg":"findPath: no valid path found"}
{"level":30,"time":1774382619214,"pid":1603455,"hostname":"TempleOfZyminx","from":{"q":3,"r":6},"to":{"q":12,"r":0},"msg":"findPath: no valid path found"}
{"level":30,"time":1774382619215,"pid":1603455,"hostname":"TempleOfZyminx","from":{"q":3,"r":6},"to":{"q":12,"r":1},"msg":"findPath: no valid path found"}
{"level":30,"time":1774382619215,"pid":1603455,"hostname":"TempleOfZyminx","from":{"q":3,"r":6},"to":{"q":12,"r":2},"msg":"findPath: no valid path found"}
{"level":30,"time":1774382619215,"pid":1603455,"hostname":"TempleOfZyminx","from":{"q":3,"r":6},"to":{"q":12,"r":3},"msg":"findPath: no valid path found"}
{"level":30,"time":1774382619215,"pid":1603455,"hostname":"TempleOfZyminx","from":{"q":3,"r":6},"to":{"q":12,"r":4},"msg":"findPath: no valid path found"}
{"level":30,"time":1774382619215,"pid":1603455,"hostname":"TempleOfZyminx","from":{"q":3,"r":6},"to":{"q":12,"r":5},"msg":"findPath: no valid path found"}
{"level":30,"time":1774382619215,"pid":1603455,"hostname":"TempleOfZyminx","from":{"q":3,"r":6},"to":{"q":12,"r":6},"msg":"findPath: no valid path found"}
{"level":30,"time":1774382619215,"pid":1603455,"hostname":"TempleOfZyminx","from":{"q":3,"r":6},"to":{"q":12,"r":7},"msg":"findPath: no valid path found"}
{"level":30,"time":1774382619215,"pid":1603455,"hostname":"TempleOfZyminx","from":{"q":3,"r":6},"to":{"q":12,"r":8},"msg":"findPath: no valid path found"}
{"level":30,"time":1774382619215,"pid":1603455,"hostname":"TempleOfZyminx","from":{"q":3,"r":6},"to":{"q":12,"r":9},"msg":"findPath: no valid path found"}
{"level":30,"time":1774382619216,"pid":1603455,"hostname":"TempleOfZyminx","from":{"q":3,"r":6},"to":{"q":12,"r":10},"msg":"findPath: no valid path found"}
{"level":30,"time":1774382619216,"pid":1603455,"hostname":"TempleOfZyminx","from":{"q":3,"r":6},"to":{"q":12,"r":11},"msg":"findPath: no valid path found"}
{"level":30,"time":1774382619216,"pid":1603455,"hostname":"TempleOfZyminx","from":{"q":3,"r":6},"to":{"q":12,"r":12},"msg":"findPath: no valid path found"}
{"level":30,"time":1774382619216,"pid":1603455,"hostname":"TempleOfZyminx","from":{"q":3,"r":6},"to":{"q":12,"r":13},"msg":"findPath: no valid path found"}
{"level":30,"time":1774382619216,"pid":1603455,"hostname":"TempleOfZyminx","from":{"q":3,"r":6},"to":{"q":12,"r":14},"msg":"findPath: no valid path found"}
{"level":30,"time":1774382619216,"pid":1603455,"hostname":"TempleOfZyminx","from":{"q":3,"r":6},"to":{"q":12,"r":15},"msg":"findPath: no valid path found"}
{"level":30,"time":1774382619216,"pid":1603455,"hostname":"TempleOfZyminx","from":{"q":3,"r":6},"to":{"q":12,"r":16},"msg":"findPath: no valid path found"}
{"level":30,"time":1774382619216,"pid":1603455,"hostname":"TempleOfZyminx","from":{"q":3,"r":6},"to":{"q":12,"r":17},"msg":"findPath: no valid path found"}
{"level":30,"time":1774382619216,"pid":1603455,"hostname":"TempleOfZyminx","from":{"q":3,"r":6},"to":{"q":12,"r":18},"msg":"findPath: no valid path found"}
{"level":30,"time":1774382619217,"pid":1603455,"hostname":"TempleOfZyminx","from":{"q":3,"r":6},"to":{"q":12,"r":19},"msg":"findPath: no valid path found"}
{"level":30,"time":1774382619217,"pid":1603455,"hostname":"TempleOfZyminx","from":{"q":3,"r":6},"to":{"q":12,"r":20},"msg":"findPath: no valid path found"}
{"level":30,"time":1774382619217,"pid":1603455,"hostname":"TempleOfZyminx","from":{"q":3,"r":6},"to":{"q":12,"r":21},"msg":"findPath: no valid path found"}
{"level":30,"time":1774382619217,"pid":1603455,"hostname":"TempleOfZyminx","from":{"q":3,"r":6},"to":{"q":13,"r":0},"msg":"findPath: no valid path found"}
{"level":30,"time":1774382619217,"pid":1603455,"hostname":"TempleOfZyminx","from":{"q":3,"r":6},"to":{"q":13,"r":1},"msg":"findPath: no valid path found"}
{"level":30,"time":1774382619217,"pid":1603455,"hostname":"TempleOfZyminx","from":{"q":3,"r":6},"to":{"q":13,"r":2},"msg":"findPath: no valid path found"}
{"level":30,"time":1774382619217,"pid":1603455,"hostname":"TempleOfZyminx","from":{"q":3,"r":6},"to":{"q":13,"r":3},"msg":"findPath: no valid path found"}
{"level":30,"time":1774382619217,"pid":1603455,"hostname":"TempleOfZyminx","from":{"q":3,"r":6},"to":{"q":13,"r":4},"msg":"findPath: no valid path found"}
{"level":30,"time":1774382619217,"pid":1603455,"hostname":"TempleOfZyminx","from":{"q":3,"r":6},"to":{"q":13,"r":5},"msg":"findPath: no valid path found"}
{"level":30,"time":1774382619218,"pid":1603455,"hostname":"TempleOfZyminx","from":{"q":3,"r":6},"to":{"q":13,"r":6},"msg":"findPath: no valid path found"}
{"level":30,"time":1774382619218,"pid":1603455,"hostname":"TempleOfZyminx","from":{"q":3,"r":6},"to":{"q":13,"r":7},"msg":"findPath: no valid path found"}
{"level":30,"time":1774382619218,"pid":1603455,"hostname":"TempleOfZyminx","from":{"q":3,"r":6},"to":{"q":13,"r":8},"msg":"findPath: no valid path found"}
{"level":30,"time":1774382619218,"pid":1603455,"hostname":"TempleOfZyminx","from":{"q":3,"r":6},"to":{"q":13,"r":9},"msg":"findPath: no valid path found"}
{"level":30,"time":1774382619218,"pid":1603455,"hostname":"TempleOfZyminx","from":{"q":3,"r":6},"to":{"q":13,"r":10},"msg":"findPath: no valid path found"}
{"level":30,"time":1774382619218,"pid":1603455,"hostname":"TempleOfZyminx","from":{"q":3,"r":6},"to":{"q":13,"r":11},"msg":"findPath: no valid path found"}
{"level":30,"time":1774382619218,"pid":1603455,"hostname":"TempleOfZyminx","from":{"q":3,"r":6},"to":{"q":13,"r":12},"msg":"findPath: no valid path found"}
{"level":30,"time":1774382619218,"pid":1603455,"hostname":"TempleOfZyminx","from":{"q":3,"r":6},"to":{"q":13,"r":13},"msg":"findPath: no valid path found"}
{"level":30,"time":1774382619219,"pid":1603455,"hostname":"TempleOfZyminx","from":{"q":3,"r":6},"to":{"q":13,"r":14},"msg":"findPath: no valid path found"}
{"level":30,"time":1774382619219,"pid":1603455,"hostname":"TempleOfZyminx","from":{"q":3,"r":6},"to":{"q":13,"r":15},"msg":"findPath: no valid path found"}
{"level":30,"time":1774382619219,"pid":1603455,"hostname":"TempleOfZyminx","from":{"q":3,"r":6},"to":{"q":13,"r":16},"msg":"findPath: no valid path found"}
{"level":30,"time":1774382619219,"pid":1603455,"hostname":"TempleOfZyminx","from":{"q":3,"r":6},"to":{"q":13,"r":17},"msg":"findPath: no valid path found"}
{"level":30,"time":1774382619220,"pid":1603455,"hostname":"TempleOfZyminx","from":{"q":3,"r":6},"to":{"q":13,"r":18},"msg":"findPath: no valid path found"}
{"level":30,"time":1774382619220,"pid":1603455,"hostname":"TempleOfZyminx","from":{"q":3,"r":6},"to":{"q":13,"r":19},"msg":"findPath: no valid path found"}
{"level":30,"time":1774382619220,"pid":1603455,"hostname":"TempleOfZyminx","from":{"q":3,"r":6},"to":{"q":13,"r":20},"msg":"findPath: no valid path found"}
{"level":30,"time":1774382619220,"pid":1603455,"hostname":"TempleOfZyminx","from":{"q":3,"r":6},"to":{"q":13,"r":21},"msg":"findPath: no valid path found"}
{"level":30,"time":1774382619220,"pid":1603455,"hostname":"TempleOfZyminx","from":{"q":3,"r":6},"to":{"q":14,"r":0},"msg":"findPath: no valid path found"}
{"level":30,"time":1774382619220,"pid":1603455,"hostname":"TempleOfZyminx","from":{"q":3,"r":6},"to":{"q":14,"r":1},"msg":"findPath: no valid path found"}
{"level":30,"time":1774382619220,"pid":1603455,"hostname":"TempleOfZyminx","from":{"q":3,"r":6},"to":{"q":14,"r":2},"msg":"findPath: no valid path found"}
{"level":30,"time":1774382619220,"pid":1603455,"hostname":"TempleOfZyminx","from":{"q":3,"r":6},"to":{"q":14,"r":3},"msg":"findPath: no valid path found"}
{"level":30,"time":1774382619220,"pid":1603455,"hostname":"TempleOfZyminx","from":{"q":3,"r":6},"to":{"q":14,"r":4},"msg":"findPath: no valid path found"}
{"level":30,"time":1774382619221,"pid":1603455,"hostname":"TempleOfZyminx","from":{"q":3,"r":6},"to":{"q":14,"r":5},"msg":"findPath: no valid path found"}
{"level":30,"time":1774382619221,"pid":1603455,"hostname":"TempleOfZyminx","from":{"q":3,"r":6},"to":{"q":14,"r":6},"msg":"findPath: no valid path found"}
{"level":30,"time":1774382619221,"pid":1603455,"hostname":"TempleOfZyminx","from":{"q":3,"r":6},"to":{"q":14,"r":7},"msg":"findPath: no valid path found"}
{"level":30,"time":1774382619221,"pid":1603455,"hostname":"TempleOfZyminx","from":{"q":3,"r":6},"to":{"q":14,"r":8},"msg":"findPath: no valid path found"}
{"level":30,"time":1774382619221,"pid":1603455,"hostname":"TempleOfZyminx","from":{"q":3,"r":6},"to":{"q":14,"r":9},"msg":"findPath: no valid path found"}
{"level":30,"time":1774382619221,"pid":1603455,"hostname":"TempleOfZyminx","from":{"q":3,"r":6},"to":{"q":14,"r":10},"msg":"findPath: no valid path found"}
{"level":30,"time":1774382619221,"pid":1603455,"hostname":"TempleOfZyminx","from":{"q":3,"r":6},"to":{"q":14,"r":11},"msg":"findPath: no valid path found"}
{"level":30,"time":1774382619221,"pid":1603455,"hostname":"TempleOfZyminx","from":{"q":3,"r":6},"to":{"q":14,"r":12},"msg":"findPath: no valid path found"}
{"level":30,"time":1774382619221,"pid":1603455,"hostname":"TempleOfZyminx","from":{"q":3,"r":6},"to":{"q":14,"r":13},"msg":"findPath: no valid path found"}
{"level":30,"time":1774382619221,"pid":1603455,"hostname":"TempleOfZyminx","from":{"q":3,"r":6},"to":{"q":14,"r":14},"msg":"findPath: no valid path found"}
{"level":30,"time":1774382619222,"pid":1603455,"hostname":"TempleOfZyminx","from":{"q":3,"r":6},"to":{"q":14,"r":15},"msg":"findPath: no valid path found"}
{"level":30,"time":1774382619222,"pid":1603455,"hostname":"TempleOfZyminx","from":{"q":3,"r":6},"to":{"q":14,"r":16},"msg":"findPath: no valid path found"}
{"level":30,"time":1774382619222,"pid":1603455,"hostname":"TempleOfZyminx","from":{"q":3,"r":6},"to":{"q":14,"r":17},"msg":"findPath: no valid path found"}
{"level":30,"time":1774382619222,"pid":1603455,"hostname":"TempleOfZyminx","from":{"q":3,"r":6},"to":{"q":14,"r":18},"msg":"findPath: no valid path found"}
{"level":30,"time":1774382619222,"pid":1603455,"hostname":"TempleOfZyminx","from":{"q":3,"r":6},"to":{"q":14,"r":19},"msg":"findPath: no valid path found"}
{"level":30,"time":1774382619222,"pid":1603455,"hostname":"TempleOfZyminx","from":{"q":3,"r":6},"to":{"q":14,"r":20},"msg":"findPath: no valid path found"}
{"level":30,"time":1774382619222,"pid":1603455,"hostname":"TempleOfZyminx","from":{"q":3,"r":6},"to":{"q":14,"r":21},"msg":"findPath: no valid path found"}
{"level":30,"time":1774382619225,"pid":1603455,"hostname":"TempleOfZyminx","id":"a93fcf5b-e901-4464-8fe2-c07b8bc58aa4","command":"MOVE","msg":"Submitting game action"}
{"level":30,"time":1774382619226,"pid":1603455,"hostname":"TempleOfZyminx","gameId":"a93fcf5b-e901-4464-8fe2-c07b8bc58aa4","unitId":"wolf-1","msg":"Processing MOVE command"}
{"level":30,"time":1774382619227,"pid":1603455,"hostname":"TempleOfZyminx","from":{"q":6,"r":6},"to":{"q":0,"r":0},"msg":"findPath: no valid path found"}
{"level":30,"time":1774382619228,"pid":1603455,"hostname":"TempleOfZyminx","from":{"q":6,"r":6},"to":{"q":0,"r":1},"msg":"findPath: no valid path found"}
{"level":30,"time":1774382619228,"pid":1603455,"hostname":"TempleOfZyminx","from":{"q":6,"r":6},"to":{"q":0,"r":2},"msg":"findPath: no valid path found"}
{"level":30,"time":1774382619228,"pid":1603455,"hostname":"TempleOfZyminx","from":{"q":6,"r":6},"to":{"q":0,"r":3},"msg":"findPath: no valid path found"}
{"level":30,"time":1774382619228,"pid":1603455,"hostname":"TempleOfZyminx","from":{"q":6,"r":6},"to":{"q":0,"r":4},"msg":"findPath: no valid path found"}
{"level":30,"time":1774382619228,"pid":1603455,"hostname":"TempleOfZyminx","from":{"q":6,"r":6},"to":{"q":0,"r":5},"msg":"findPath: no valid path found"}
{"level":30,"time":1774382619228,"pid":1603455,"hostname":"TempleOfZyminx","from":{"q":6,"r":6},"to":{"q":0,"r":6},"msg":"findPath: no valid path found"}
{"level":30,"time":1774382619228,"pid":1603455,"hostname":"TempleOfZyminx","from":{"q":6,"r":6},"to":{"q":0,"r":7},"msg":"findPath: no valid path found"}
{"level":30,"time":1774382619228,"pid":1603455,"hostname":"TempleOfZyminx","from":{"q":6,"r":6},"to":{"q":0,"r":8},"msg":"findPath: no valid path found"}
{"level":30,"time":1774382619229,"pid":1603455,"hostname":"TempleOfZyminx","from":{"q":6,"r":6},"to":{"q":0,"r":9},"msg":"findPath: no valid path found"}
{"level":30,"time":1774382619229,"pid":1603455,"hostname":"TempleOfZyminx","from":{"q":6,"r":6},"to":{"q":0,"r":10},"msg":"findPath: no valid path found"}
{"level":30,"time":1774382619229,"pid":1603455,"hostname":"TempleOfZyminx","from":{"q":6,"r":6},"to":{"q":0,"r":11},"msg":"findPath: no valid path found"}
{"level":30,"time":1774382619229,"pid":1603455,"hostname":"TempleOfZyminx","from":{"q":6,"r":6},"to":{"q":0,"r":12},"msg":"findPath: no valid path found"}
{"level":30,"time":1774382619229,"pid":1603455,"hostname":"TempleOfZyminx","from":{"q":6,"r":6},"to":{"q":0,"r":13},"msg":"findPath: no valid path found"}
{"level":30,"time":1774382619229,"pid":1603455,"hostname":"TempleOfZyminx","from":{"q":6,"r":6},"to":{"q":0,"r":14},"msg":"findPath: no valid path found"}
{"level":30,"time":1774382619229,"pid":1603455,"hostname":"TempleOfZyminx","from":{"q":6,"r":6},"to":{"q":0,"r":15},"msg":"findPath: no valid path found"}
{"level":30,"time":1774382619229,"pid":1603455,"hostname":"TempleOfZyminx","from":{"q":6,"r":6},"to":{"q":0,"r":16},"msg":"findPath: no valid path found"}
{"level":30,"time":1774382619230,"pid":1603455,"hostname":"TempleOfZyminx","from":{"q":6,"r":6},"to":{"q":0,"r":17},"msg":"findPath: no valid path found"}
{"level":30,"time":1774382619230,"pid":1603455,"hostname":"TempleOfZyminx","from":{"q":6,"r":6},"to":{"q":0,"r":18},"msg":"findPath: no valid path found"}
{"level":30,"time":1774382619230,"pid":1603455,"hostname":"TempleOfZyminx","from":{"q":6,"r":6},"to":{"q":0,"r":19},"msg":"findPath: no valid path found"}
{"level":30,"time":1774382619230,"pid":1603455,"hostname":"TempleOfZyminx","from":{"q":6,"r":6},"to":{"q":0,"r":20},"msg":"findPath: no valid path found"}
{"level":30,"time":1774382619230,"pid":1603455,"hostname":"TempleOfZyminx","from":{"q":6,"r":6},"to":{"q":0,"r":21},"msg":"findPath: no valid path found"}
{"level":30,"time":1774382619230,"pid":1603455,"hostname":"TempleOfZyminx","from":{"q":6,"r":6},"to":{"q":1,"r":0},"msg":"findPath: no valid path found"}
{"level":30,"time":1774382619230,"pid":1603455,"hostname":"TempleOfZyminx","from":{"q":6,"r":6},"to":{"q":1,"r":1},"msg":"findPath: no valid path found"}
{"level":30,"time":1774382619230,"pid":1603455,"hostname":"TempleOfZyminx","from":{"q":6,"r":6},"to":{"q":1,"r":2},"msg":"findPath: no valid path found"}
{"level":30,"time":1774382619231,"pid":1603455,"hostname":"TempleOfZyminx","from":{"q":6,"r":6},"to":{"q":1,"r":3},"msg":"findPath: no valid path found"}
{"level":30,"time":1774382619231,"pid":1603455,"hostname":"TempleOfZyminx","from":{"q":6,"r":6},"to":{"q":1,"r":4},"msg":"findPath: no valid path found"}
{"level":30,"time":1774382619231,"pid":1603455,"hostname":"TempleOfZyminx","from":{"q":6,"r":6},"to":{"q":1,"r":5},"msg":"findPath: no valid path found"}
{"level":30,"time":1774382619231,"pid":1603455,"hostname":"TempleOfZyminx","from":{"q":6,"r":6},"to":{"q":1,"r":6},"msg":"findPath: no valid path found"}
{"level":30,"time":1774382619231,"pid":1603455,"hostname":"TempleOfZyminx","from":{"q":6,"r":6},"to":{"q":1,"r":7},"msg":"findPath: no valid path found"}
{"level":30,"time":1774382619231,"pid":1603455,"hostname":"TempleOfZyminx","from":{"q":6,"r":6},"to":{"q":1,"r":8},"msg":"findPath: no valid path found"}
{"level":30,"time":1774382619231,"pid":1603455,"hostname":"TempleOfZyminx","from":{"q":6,"r":6},"to":{"q":1,"r":9},"msg":"findPath: no valid path found"}
{"level":30,"time":1774382619231,"pid":1603455,"hostname":"TempleOfZyminx","from":{"q":6,"r":6},"to":{"q":1,"r":10},"msg":"findPath: no valid path found"}
{"level":30,"time":1774382619232,"pid":1603455,"hostname":"TempleOfZyminx","from":{"q":6,"r":6},"to":{"q":1,"r":11},"msg":"findPath: no valid path found"}
{"level":30,"time":1774382619232,"pid":1603455,"hostname":"TempleOfZyminx","from":{"q":6,"r":6},"to":{"q":1,"r":12},"msg":"findPath: no valid path found"}
{"level":30,"time":1774382619233,"pid":1603455,"hostname":"TempleOfZyminx","from":{"q":6,"r":6},"to":{"q":1,"r":13},"msg":"findPath: no valid path found"}
{"level":30,"time":1774382619233,"pid":1603455,"hostname":"TempleOfZyminx","from":{"q":6,"r":6},"to":{"q":1,"r":14},"msg":"findPath: no valid path found"}
{"level":30,"time":1774382619233,"pid":1603455,"hostname":"TempleOfZyminx","from":{"q":6,"r":6},"to":{"q":1,"r":15},"msg":"findPath: no valid path found"}
{"level":30,"time":1774382619233,"pid":1603455,"hostname":"TempleOfZyminx","from":{"q":6,"r":6},"to":{"q":1,"r":16},"msg":"findPath: no valid path found"}
{"level":30,"time":1774382619233,"pid":1603455,"hostname":"TempleOfZyminx","from":{"q":6,"r":6},"to":{"q":1,"r":17},"msg":"findPath: no valid path found"}
{"level":30,"time":1774382619233,"pid":1603455,"hostname":"TempleOfZyminx","from":{"q":6,"r":6},"to":{"q":1,"r":18},"msg":"findPath: no valid path found"}
{"level":30,"time":1774382619233,"pid":1603455,"hostname":"TempleOfZyminx","from":{"q":6,"r":6},"to":{"q":1,"r":19},"msg":"findPath: no valid path found"}
{"level":30,"time":1774382619233,"pid":1603455,"hostname":"TempleOfZyminx","from":{"q":6,"r":6},"to":{"q":1,"r":20},"msg":"findPath: no valid path found"}
{"level":30,"time":1774382619234,"pid":1603455,"hostname":"TempleOfZyminx","from":{"q":6,"r":6},"to":{"q":1,"r":21},"msg":"findPath: no valid path found"}
{"level":30,"time":1774382619234,"pid":1603455,"hostname":"TempleOfZyminx","from":{"q":6,"r":6},"to":{"q":2,"r":0},"msg":"findPath: no valid path found"}
{"level":30,"time":1774382619234,"pid":1603455,"hostname":"TempleOfZyminx","from":{"q":6,"r":6},"to":{"q":2,"r":1},"msg":"findPath: no valid path found"}
{"level":30,"time":1774382619234,"pid":1603455,"hostname":"TempleOfZyminx","from":{"q":6,"r":6},"to":{"q":2,"r":2},"msg":"findPath: no valid path found"}
{"level":30,"time":1774382619234,"pid":1603455,"hostname":"TempleOfZyminx","from":{"q":6,"r":6},"to":{"q":2,"r":3},"msg":"findPath: no valid path found"}
{"level":30,"time":1774382619234,"pid":1603455,"hostname":"TempleOfZyminx","from":{"q":6,"r":6},"to":{"q":2,"r":4},"msg":"findPath: no valid path found"}
{"level":30,"time":1774382619234,"pid":1603455,"hostname":"TempleOfZyminx","from":{"q":6,"r":6},"to":{"q":2,"r":5},"msg":"findPath: no valid path found"}
{"level":30,"time":1774382619235,"pid":1603455,"hostname":"TempleOfZyminx","from":{"q":6,"r":6},"to":{"q":2,"r":9},"msg":"findPath: no valid path found"}
{"level":30,"time":1774382619235,"pid":1603455,"hostname":"TempleOfZyminx","from":{"q":6,"r":6},"to":{"q":2,"r":10},"msg":"findPath: no valid path found"}
{"level":30,"time":1774382619235,"pid":1603455,"hostname":"TempleOfZyminx","from":{"q":6,"r":6},"to":{"q":2,"r":11},"msg":"findPath: no valid path found"}
{"level":30,"time":1774382619235,"pid":1603455,"hostname":"TempleOfZyminx","from":{"q":6,"r":6},"to":{"q":2,"r":12},"msg":"findPath: no valid path found"}
{"level":30,"time":1774382619235,"pid":1603455,"hostname":"TempleOfZyminx","from":{"q":6,"r":6},"to":{"q":2,"r":13},"msg":"findPath: no valid path found"}
{"level":30,"time":1774382619235,"pid":1603455,"hostname":"TempleOfZyminx","from":{"q":6,"r":6},"to":{"q":2,"r":14},"msg":"findPath: no valid path found"}
{"level":30,"time":1774382619235,"pid":1603455,"hostname":"TempleOfZyminx","from":{"q":6,"r":6},"to":{"q":2,"r":15},"msg":"findPath: no valid path found"}
{"level":30,"time":1774382619235,"pid":1603455,"hostname":"TempleOfZyminx","from":{"q":6,"r":6},"to":{"q":2,"r":16},"msg":"findPath: no valid path found"}
{"level":30,"time":1774382619236,"pid":1603455,"hostname":"TempleOfZyminx","from":{"q":6,"r":6},"to":{"q":2,"r":17},"msg":"findPath: no valid path found"}
{"level":30,"time":1774382619236,"pid":1603455,"hostname":"TempleOfZyminx","from":{"q":6,"r":6},"to":{"q":2,"r":18},"msg":"findPath: no valid path found"}
{"level":30,"time":1774382619236,"pid":1603455,"hostname":"TempleOfZyminx","from":{"q":6,"r":6},"to":{"q":2,"r":19},"msg":"findPath: no valid path found"}
{"level":30,"time":1774382619236,"pid":1603455,"hostname":"TempleOfZyminx","from":{"q":6,"r":6},"to":{"q":2,"r":20},"msg":"findPath: no valid path found"}
{"level":30,"time":1774382619236,"pid":1603455,"hostname":"TempleOfZyminx","from":{"q":6,"r":6},"to":{"q":2,"r":21},"msg":"findPath: no valid path found"}
{"level":30,"time":1774382619236,"pid":1603455,"hostname":"TempleOfZyminx","from":{"q":6,"r":6},"to":{"q":3,"r":0},"msg":"findPath: no valid path found"}
{"level":30,"time":1774382619236,"pid":1603455,"hostname":"TempleOfZyminx","from":{"q":6,"r":6},"to":{"q":3,"r":1},"msg":"findPath: no valid path found"}
{"level":30,"time":1774382619236,"pid":1603455,"hostname":"TempleOfZyminx","from":{"q":6,"r":6},"to":{"q":3,"r":2},"msg":"findPath: no valid path found"}
{"level":30,"time":1774382619237,"pid":1603455,"hostname":"TempleOfZyminx","from":{"q":6,"r":6},"to":{"q":3,"r":3},"msg":"findPath: no valid path found"}
{"level":30,"time":1774382619237,"pid":1603455,"hostname":"TempleOfZyminx","from":{"q":6,"r":6},"to":{"q":3,"r":4},"msg":"findPath: no valid path found"}
{"level":30,"time":1774382619237,"pid":1603455,"hostname":"TempleOfZyminx","from":{"q":6,"r":6},"to":{"q":3,"r":8},"msg":"findPath: no valid path found"}
{"level":30,"time":1774382619237,"pid":1603455,"hostname":"TempleOfZyminx","from":{"q":6,"r":6},"to":{"q":3,"r":11},"msg":"findPath: no valid path found"}
{"level":30,"time":1774382619238,"pid":1603455,"hostname":"TempleOfZyminx","from":{"q":6,"r":6},"to":{"q":3,"r":12},"msg":"findPath: no valid path found"}
{"level":30,"time":1774382619238,"pid":1603455,"hostname":"TempleOfZyminx","from":{"q":6,"r":6},"to":{"q":3,"r":13},"msg":"findPath: no valid path found"}
{"level":30,"time":1774382619238,"pid":1603455,"hostname":"TempleOfZyminx","from":{"q":6,"r":6},"to":{"q":3,"r":14},"msg":"findPath: no valid path found"}
{"level":30,"time":1774382619238,"pid":1603455,"hostname":"TempleOfZyminx","from":{"q":6,"r":6},"to":{"q":3,"r":15},"msg":"findPath: no valid path found"}
{"level":30,"time":1774382619238,"pid":1603455,"hostname":"TempleOfZyminx","from":{"q":6,"r":6},"to":{"q":3,"r":16},"msg":"findPath: no valid path found"}
{"level":30,"time":1774382619238,"pid":1603455,"hostname":"TempleOfZyminx","from":{"q":6,"r":6},"to":{"q":3,"r":17},"msg":"findPath: no valid path found"}
{"level":30,"time":1774382619238,"pid":1603455,"hostname":"TempleOfZyminx","from":{"q":6,"r":6},"to":{"q":3,"r":18},"msg":"findPath: no valid path found"}
{"level":30,"time":1774382619239,"pid":1603455,"hostname":"TempleOfZyminx","from":{"q":6,"r":6},"to":{"q":3,"r":19},"msg":"findPath: no valid path found"}
{"level":30,"time":1774382619239,"pid":1603455,"hostname":"TempleOfZyminx","from":{"q":6,"r":6},"to":{"q":3,"r":20},"msg":"findPath: no valid path found"}
{"level":30,"time":1774382619239,"pid":1603455,"hostname":"TempleOfZyminx","from":{"q":6,"r":6},"to":{"q":3,"r":21},"msg":"findPath: no valid path found"}
{"level":30,"time":1774382619240,"pid":1603455,"hostname":"TempleOfZyminx","from":{"q":6,"r":6},"to":{"q":4,"r":0},"msg":"findPath: no valid path found"}
{"level":30,"time":1774382619240,"pid":1603455,"hostname":"TempleOfZyminx","from":{"q":6,"r":6},"to":{"q":4,"r":1},"msg":"findPath: no valid path found"}
{"level":30,"time":1774382619240,"pid":1603455,"hostname":"TempleOfZyminx","from":{"q":6,"r":6},"to":{"q":4,"r":2},"msg":"findPath: no valid path found"}
{"level":30,"time":1774382619240,"pid":1603455,"hostname":"TempleOfZyminx","from":{"q":6,"r":6},"to":{"q":4,"r":3},"msg":"findPath: no valid path found"}
{"level":30,"time":1774382619240,"pid":1603455,"hostname":"TempleOfZyminx","from":{"q":6,"r":6},"to":{"q":4,"r":8},"msg":"findPath: no valid path found"}
{"level":30,"time":1774382619240,"pid":1603455,"hostname":"TempleOfZyminx","from":{"q":6,"r":6},"to":{"q":4,"r":11},"msg":"findPath: no valid path found"}
{"level":30,"time":1774382619241,"pid":1603455,"hostname":"TempleOfZyminx","from":{"q":6,"r":6},"to":{"q":4,"r":12},"msg":"findPath: no valid path found"}
{"level":30,"time":1774382619241,"pid":1603455,"hostname":"TempleOfZyminx","from":{"q":6,"r":6},"to":{"q":4,"r":13},"msg":"findPath: no valid path found"}
{"level":30,"time":1774382619241,"pid":1603455,"hostname":"TempleOfZyminx","from":{"q":6,"r":6},"to":{"q":4,"r":14},"msg":"findPath: no valid path found"}
{"level":30,"time":1774382619241,"pid":1603455,"hostname":"TempleOfZyminx","from":{"q":6,"r":6},"to":{"q":4,"r":15},"msg":"findPath: no valid path found"}
{"level":30,"time":1774382619241,"pid":1603455,"hostname":"TempleOfZyminx","from":{"q":6,"r":6},"to":{"q":4,"r":16},"msg":"findPath: no valid path found"}
{"level":30,"time":1774382619241,"pid":1603455,"hostname":"TempleOfZyminx","from":{"q":6,"r":6},"to":{"q":4,"r":17},"msg":"findPath: no valid path found"}
{"level":30,"time":1774382619241,"pid":1603455,"hostname":"TempleOfZyminx","from":{"q":6,"r":6},"to":{"q":4,"r":18},"msg":"findPath: no valid path found"}
{"level":30,"time":1774382619241,"pid":1603455,"hostname":"TempleOfZyminx","from":{"q":6,"r":6},"to":{"q":4,"r":19},"msg":"findPath: no valid path found"}
{"level":30,"time":1774382619242,"pid":1603455,"hostname":"TempleOfZyminx","from":{"q":6,"r":6},"to":{"q":4,"r":20},"msg":"findPath: no valid path found"}
{"level":30,"time":1774382619242,"pid":1603455,"hostname":"TempleOfZyminx","from":{"q":6,"r":6},"to":{"q":4,"r":21},"msg":"findPath: no valid path found"}
{"level":30,"time":1774382619242,"pid":1603455,"hostname":"TempleOfZyminx","from":{"q":6,"r":6},"to":{"q":5,"r":0},"msg":"findPath: no valid path found"}
{"level":30,"time":1774382619242,"pid":1603455,"hostname":"TempleOfZyminx","from":{"q":6,"r":6},"to":{"q":5,"r":1},"msg":"findPath: no valid path found"}
{"level":30,"time":1774382619242,"pid":1603455,"hostname":"TempleOfZyminx","from":{"q":6,"r":6},"to":{"q":5,"r":2},"msg":"findPath: no valid path found"}
{"level":30,"time":1774382619244,"pid":1603455,"hostname":"TempleOfZyminx","from":{"q":6,"r":6},"to":{"q":5,"r":11},"msg":"findPath: no valid path found"}
{"level":30,"time":1774382619244,"pid":1603455,"hostname":"TempleOfZyminx","from":{"q":6,"r":6},"to":{"q":5,"r":12},"msg":"findPath: no valid path found"}
{"level":30,"time":1774382619244,"pid":1603455,"hostname":"TempleOfZyminx","from":{"q":6,"r":6},"to":{"q":5,"r":13},"msg":"findPath: no valid path found"}
{"level":30,"time":1774382619244,"pid":1603455,"hostname":"TempleOfZyminx","from":{"q":6,"r":6},"to":{"q":5,"r":14},"msg":"findPath: no valid path found"}
{"level":30,"time":1774382619244,"pid":1603455,"hostname":"TempleOfZyminx","from":{"q":6,"r":6},"to":{"q":5,"r":15},"msg":"findPath: no valid path found"}
{"level":30,"time":1774382619244,"pid":1603455,"hostname":"TempleOfZyminx","from":{"q":6,"r":6},"to":{"q":5,"r":16},"msg":"findPath: no valid path found"}
{"level":30,"time":1774382619244,"pid":1603455,"hostname":"TempleOfZyminx","from":{"q":6,"r":6},"to":{"q":5,"r":17},"msg":"findPath: no valid path found"}
{"level":30,"time":1774382619244,"pid":1603455,"hostname":"TempleOfZyminx","from":{"q":6,"r":6},"to":{"q":5,"r":18},"msg":"findPath: no valid path found"}
{"level":30,"time":1774382619245,"pid":1603455,"hostname":"TempleOfZyminx","from":{"q":6,"r":6},"to":{"q":5,"r":19},"msg":"findPath: no valid path found"}
{"level":30,"time":1774382619245,"pid":1603455,"hostname":"TempleOfZyminx","from":{"q":6,"r":6},"to":{"q":5,"r":20},"msg":"findPath: no valid path found"}
{"level":30,"time":1774382619245,"pid":1603455,"hostname":"TempleOfZyminx","from":{"q":6,"r":6},"to":{"q":5,"r":21},"msg":"findPath: no valid path found"}
{"level":30,"time":1774382619245,"pid":1603455,"hostname":"TempleOfZyminx","from":{"q":6,"r":6},"to":{"q":6,"r":0},"msg":"findPath: no valid path found"}
{"level":30,"time":1774382619245,"pid":1603455,"hostname":"TempleOfZyminx","from":{"q":6,"r":6},"to":{"q":6,"r":1},"msg":"findPath: no valid path found"}
{"level":30,"time":1774382619246,"pid":1603455,"hostname":"TempleOfZyminx","from":{"q":6,"r":6},"to":{"q":6,"r":11},"msg":"findPath: no valid path found"}
{"level":30,"time":1774382619246,"pid":1603455,"hostname":"TempleOfZyminx","from":{"q":6,"r":6},"to":{"q":6,"r":12},"msg":"findPath: no valid path found"}
{"level":30,"time":1774382619247,"pid":1603455,"hostname":"TempleOfZyminx","from":{"q":6,"r":6},"to":{"q":6,"r":13},"msg":"findPath: no valid path found"}
{"level":30,"time":1774382619247,"pid":1603455,"hostname":"TempleOfZyminx","from":{"q":6,"r":6},"to":{"q":6,"r":14},"msg":"findPath: no valid path found"}
{"level":30,"time":1774382619247,"pid":1603455,"hostname":"TempleOfZyminx","from":{"q":6,"r":6},"to":{"q":6,"r":15},"msg":"findPath: no valid path found"}
{"level":30,"time":1774382619247,"pid":1603455,"hostname":"TempleOfZyminx","from":{"q":6,"r":6},"to":{"q":6,"r":16},"msg":"findPath: no valid path found"}
{"level":30,"time":1774382619247,"pid":1603455,"hostname":"TempleOfZyminx","from":{"q":6,"r":6},"to":{"q":6,"r":17},"msg":"findPath: no valid path found"}
{"level":30,"time":1774382619248,"pid":1603455,"hostname":"TempleOfZyminx","from":{"q":6,"r":6},"to":{"q":6,"r":18},"msg":"findPath: no valid path found"}
{"level":30,"time":1774382619248,"pid":1603455,"hostname":"TempleOfZyminx","from":{"q":6,"r":6},"to":{"q":6,"r":19},"msg":"findPath: no valid path found"}
{"level":30,"time":1774382619248,"pid":1603455,"hostname":"TempleOfZyminx","from":{"q":6,"r":6},"to":{"q":6,"r":20},"msg":"findPath: no valid path found"}
{"level":30,"time":1774382619248,"pid":1603455,"hostname":"TempleOfZyminx","from":{"q":6,"r":6},"to":{"q":6,"r":21},"msg":"findPath: no valid path found"}
{"level":30,"time":1774382619248,"pid":1603455,"hostname":"TempleOfZyminx","from":{"q":6,"r":6},"to":{"q":7,"r":0},"msg":"findPath: no valid path found"}
{"level":30,"time":1774382619248,"pid":1603455,"hostname":"TempleOfZyminx","from":{"q":6,"r":6},"to":{"q":7,"r":1},"msg":"findPath: no valid path found"}
{"level":30,"time":1774382619249,"pid":1603455,"hostname":"TempleOfZyminx","from":{"q":6,"r":6},"to":{"q":7,"r":10},"msg":"findPath: no valid path found"}
{"level":30,"time":1774382619249,"pid":1603455,"hostname":"TempleOfZyminx","from":{"q":6,"r":6},"to":{"q":7,"r":11},"msg":"findPath: no valid path found"}
{"level":30,"time":1774382619249,"pid":1603455,"hostname":"TempleOfZyminx","from":{"q":6,"r":6},"to":{"q":7,"r":12},"msg":"findPath: no valid path found"}
{"level":30,"time":1774382619249,"pid":1603455,"hostname":"TempleOfZyminx","from":{"q":6,"r":6},"to":{"q":7,"r":13},"msg":"findPath: no valid path found"}
{"level":30,"time":1774382619250,"pid":1603455,"hostname":"TempleOfZyminx","from":{"q":6,"r":6},"to":{"q":7,"r":14},"msg":"findPath: no valid path found"}
{"level":30,"time":1774382619250,"pid":1603455,"hostname":"TempleOfZyminx","from":{"q":6,"r":6},"to":{"q":7,"r":15},"msg":"findPath: no valid path found"}
{"level":30,"time":1774382619250,"pid":1603455,"hostname":"TempleOfZyminx","from":{"q":6,"r":6},"to":{"q":7,"r":16},"msg":"findPath: no valid path found"}
{"level":30,"time":1774382619250,"pid":1603455,"hostname":"TempleOfZyminx","from":{"q":6,"r":6},"to":{"q":7,"r":17},"msg":"findPath: no valid path found"}
{"level":30,"time":1774382619250,"pid":1603455,"hostname":"TempleOfZyminx","from":{"q":6,"r":6},"to":{"q":7,"r":18},"msg":"findPath: no valid path found"}
{"level":30,"time":1774382619250,"pid":1603455,"hostname":"TempleOfZyminx","from":{"q":6,"r":6},"to":{"q":7,"r":19},"msg":"findPath: no valid path found"}
{"level":30,"time":1774382619250,"pid":1603455,"hostname":"TempleOfZyminx","from":{"q":6,"r":6},"to":{"q":7,"r":20},"msg":"findPath: no valid path found"}
{"level":30,"time":1774382619250,"pid":1603455,"hostname":"TempleOfZyminx","from":{"q":6,"r":6},"to":{"q":7,"r":21},"msg":"findPath: no valid path found"}
{"level":30,"time":1774382619251,"pid":1603455,"hostname":"TempleOfZyminx","from":{"q":6,"r":6},"to":{"q":8,"r":0},"msg":"findPath: no valid path found"}
{"level":30,"time":1774382619251,"pid":1603455,"hostname":"TempleOfZyminx","from":{"q":6,"r":6},"to":{"q":8,"r":1},"msg":"findPath: no valid path found"}
{"level":30,"time":1774382619251,"pid":1603455,"hostname":"TempleOfZyminx","from":{"q":6,"r":6},"to":{"q":8,"r":9},"msg":"findPath: no valid path found"}
{"level":30,"time":1774382619251,"pid":1603455,"hostname":"TempleOfZyminx","from":{"q":6,"r":6},"to":{"q":8,"r":10},"msg":"findPath: no valid path found"}
{"level":30,"time":1774382619251,"pid":1603455,"hostname":"TempleOfZyminx","from":{"q":6,"r":6},"to":{"q":8,"r":11},"msg":"findPath: no valid path found"}
{"level":30,"time":1774382619252,"pid":1603455,"hostname":"TempleOfZyminx","from":{"q":6,"r":6},"to":{"q":8,"r":12},"msg":"findPath: no valid path found"}
{"level":30,"time":1774382619252,"pid":1603455,"hostname":"TempleOfZyminx","from":{"q":6,"r":6},"to":{"q":8,"r":13},"msg":"findPath: no valid path found"}
{"level":30,"time":1774382619252,"pid":1603455,"hostname":"TempleOfZyminx","from":{"q":6,"r":6},"to":{"q":8,"r":14},"msg":"findPath: no valid path found"}
{"level":30,"time":1774382619252,"pid":1603455,"hostname":"TempleOfZyminx","from":{"q":6,"r":6},"to":{"q":8,"r":15},"msg":"findPath: no valid path found"}
{"level":30,"time":1774382619252,"pid":1603455,"hostname":"TempleOfZyminx","from":{"q":6,"r":6},"to":{"q":8,"r":16},"msg":"findPath: no valid path found"}
{"level":30,"time":1774382619252,"pid":1603455,"hostname":"TempleOfZyminx","from":{"q":6,"r":6},"to":{"q":8,"r":17},"msg":"findPath: no valid path found"}
{"level":30,"time":1774382619252,"pid":1603455,"hostname":"TempleOfZyminx","from":{"q":6,"r":6},"to":{"q":8,"r":18},"msg":"findPath: no valid path found"}
{"level":30,"time":1774382619253,"pid":1603455,"hostname":"TempleOfZyminx","from":{"q":6,"r":6},"to":{"q":8,"r":19},"msg":"findPath: no valid path found"}
{"level":30,"time":1774382619253,"pid":1603455,"hostname":"TempleOfZyminx","from":{"q":6,"r":6},"to":{"q":8,"r":20},"msg":"findPath: no valid path found"}
{"level":30,"time":1774382619253,"pid":1603455,"hostname":"TempleOfZyminx","from":{"q":6,"r":6},"to":{"q":8,"r":21},"msg":"findPath: no valid path found"}
{"level":30,"time":1774382619253,"pid":1603455,"hostname":"TempleOfZyminx","from":{"q":6,"r":6},"to":{"q":9,"r":0},"msg":"findPath: no valid path found"}
{"level":30,"time":1774382619254,"pid":1603455,"hostname":"TempleOfZyminx","from":{"q":6,"r":6},"to":{"q":9,"r":1},"msg":"findPath: no valid path found"}
{"level":30,"time":1774382619254,"pid":1603455,"hostname":"TempleOfZyminx","from":{"q":6,"r":6},"to":{"q":9,"r":8},"msg":"findPath: no valid path found"}
{"level":30,"time":1774382619257,"pid":1603455,"hostname":"TempleOfZyminx","from":{"q":6,"r":6},"to":{"q":9,"r":9},"msg":"findPath: no valid path found"}
{"level":30,"time":1774382619258,"pid":1603455,"hostname":"TempleOfZyminx","from":{"q":6,"r":6},"to":{"q":9,"r":10},"msg":"findPath: no valid path found"}
{"level":30,"time":1774382619259,"pid":1603455,"hostname":"TempleOfZyminx","from":{"q":6,"r":6},"to":{"q":9,"r":11},"msg":"findPath: no valid path found"}
{"level":30,"time":1774382619259,"pid":1603455,"hostname":"TempleOfZyminx","from":{"q":6,"r":6},"to":{"q":9,"r":12},"msg":"findPath: no valid path found"}
{"level":30,"time":1774382619259,"pid":1603455,"hostname":"TempleOfZyminx","from":{"q":6,"r":6},"to":{"q":9,"r":13},"msg":"findPath: no valid path found"}
{"level":30,"time":1774382619259,"pid":1603455,"hostname":"TempleOfZyminx","from":{"q":6,"r":6},"to":{"q":9,"r":14},"msg":"findPath: no valid path found"}
{"level":30,"time":1774382619259,"pid":1603455,"hostname":"TempleOfZyminx","from":{"q":6,"r":6},"to":{"q":9,"r":15},"msg":"findPath: no valid path found"}
{"level":30,"time":1774382619259,"pid":1603455,"hostname":"TempleOfZyminx","from":{"q":6,"r":6},"to":{"q":9,"r":16},"msg":"findPath: no valid path found"}
{"level":30,"time":1774382619259,"pid":1603455,"hostname":"TempleOfZyminx","from":{"q":6,"r":6},"to":{"q":9,"r":17},"msg":"findPath: no valid path found"}
{"level":30,"time":1774382619259,"pid":1603455,"hostname":"TempleOfZyminx","from":{"q":6,"r":6},"to":{"q":9,"r":18},"msg":"findPath: no valid path found"}
{"level":30,"time":1774382619260,"pid":1603455,"hostname":"TempleOfZyminx","from":{"q":6,"r":6},"to":{"q":9,"r":19},"msg":"findPath: no valid path found"}
{"level":30,"time":1774382619260,"pid":1603455,"hostname":"TempleOfZyminx","from":{"q":6,"r":6},"to":{"q":9,"r":20},"msg":"findPath: no valid path found"}
{"level":30,"time":1774382619260,"pid":1603455,"hostname":"TempleOfZyminx","from":{"q":6,"r":6},"to":{"q":9,"r":21},"msg":"findPath: no valid path found"}
{"level":30,"time":1774382619260,"pid":1603455,"hostname":"TempleOfZyminx","from":{"q":6,"r":6},"to":{"q":10,"r":0},"msg":"findPath: no valid path found"}
{"level":30,"time":1774382619260,"pid":1603455,"hostname":"TempleOfZyminx","from":{"q":6,"r":6},"to":{"q":10,"r":1},"msg":"findPath: no valid path found"}
{"level":30,"time":1774382619261,"pid":1603455,"hostname":"TempleOfZyminx","from":{"q":6,"r":6},"to":{"q":10,"r":7},"msg":"findPath: no valid path found"}
{"level":30,"time":1774382619261,"pid":1603455,"hostname":"TempleOfZyminx","from":{"q":6,"r":6},"to":{"q":10,"r":8},"msg":"findPath: no valid path found"}
{"level":30,"time":1774382619261,"pid":1603455,"hostname":"TempleOfZyminx","from":{"q":6,"r":6},"to":{"q":10,"r":9},"msg":"findPath: no valid path found"}
{"level":30,"time":1774382619261,"pid":1603455,"hostname":"TempleOfZyminx","from":{"q":6,"r":6},"to":{"q":10,"r":10},"msg":"findPath: no valid path found"}
{"level":30,"time":1774382619261,"pid":1603455,"hostname":"TempleOfZyminx","from":{"q":6,"r":6},"to":{"q":10,"r":11},"msg":"findPath: no valid path found"}
{"level":30,"time":1774382619261,"pid":1603455,"hostname":"TempleOfZyminx","from":{"q":6,"r":6},"to":{"q":10,"r":12},"msg":"findPath: no valid path found"}
{"level":30,"time":1774382619261,"pid":1603455,"hostname":"TempleOfZyminx","from":{"q":6,"r":6},"to":{"q":10,"r":13},"msg":"findPath: no valid path found"}
{"level":30,"time":1774382619262,"pid":1603455,"hostname":"TempleOfZyminx","from":{"q":6,"r":6},"to":{"q":10,"r":14},"msg":"findPath: no valid path found"}
{"level":30,"time":1774382619262,"pid":1603455,"hostname":"TempleOfZyminx","from":{"q":6,"r":6},"to":{"q":10,"r":15},"msg":"findPath: no valid path found"}
{"level":30,"time":1774382619262,"pid":1603455,"hostname":"TempleOfZyminx","from":{"q":6,"r":6},"to":{"q":10,"r":16},"msg":"findPath: no valid path found"}
{"level":30,"time":1774382619262,"pid":1603455,"hostname":"TempleOfZyminx","from":{"q":6,"r":6},"to":{"q":10,"r":17},"msg":"findPath: no valid path found"}
{"level":30,"time":1774382619261,"pid":1603639,"hostname":"TempleOfZyminx","scenarioId":"swamp-siege-01","role":"onion","msg":"Creating new game match"}
{"level":30,"time":1774382619262,"pid":1603639,"hostname":"TempleOfZyminx","gameId":"6e219218-814e-4ff6-a22a-f11f7587823e","role":"onion","msg":"Game match created"}
{"level":30,"time":1774382619262,"pid":1603455,"hostname":"TempleOfZyminx","from":{"q":6,"r":6},"to":{"q":10,"r":18},"msg":"findPath: no valid path found"}
{"level":30,"time":1774382619263,"pid":1603455,"hostname":"TempleOfZyminx","from":{"q":6,"r":6},"to":{"q":10,"r":19},"msg":"findPath: no valid path found"}
{"level":30,"time":1774382619263,"pid":1603455,"hostname":"TempleOfZyminx","from":{"q":6,"r":6},"to":{"q":10,"r":20},"msg":"findPath: no valid path found"}
{"level":30,"time":1774382619263,"pid":1603455,"hostname":"TempleOfZyminx","from":{"q":6,"r":6},"to":{"q":10,"r":21},"msg":"findPath: no valid path found"}
{"level":30,"time":1774382619263,"pid":1603455,"hostname":"TempleOfZyminx","from":{"q":6,"r":6},"to":{"q":11,"r":0},"msg":"findPath: no valid path found"}
{"level":30,"time":1774382619263,"pid":1603639,"hostname":"TempleOfZyminx","id":"6e219218-814e-4ff6-a22a-f11f7587823e","msg":"User joining game"}
{"level":30,"time":1774382619265,"pid":1603639,"hostname":"TempleOfZyminx","gameId":"6e219218-814e-4ff6-a22a-f11f7587823e","role":"defender","msg":"User joined game"}
{"level":30,"time":1774382619266,"pid":1603455,"hostname":"TempleOfZyminx","from":{"q":6,"r":6},"to":{"q":11,"r":1},"msg":"findPath: no valid path found"}
{"level":30,"time":1774382619266,"pid":1603455,"hostname":"TempleOfZyminx","from":{"q":6,"r":6},"to":{"q":11,"r":2},"msg":"findPath: no valid path found"}
{"level":30,"time":1774382619266,"pid":1603455,"hostname":"TempleOfZyminx","from":{"q":6,"r":6},"to":{"q":11,"r":3},"msg":"findPath: no valid path found"}
{"level":30,"time":1774382619266,"pid":1603455,"hostname":"TempleOfZyminx","from":{"q":6,"r":6},"to":{"q":11,"r":4},"msg":"findPath: no valid path found"}
{"level":30,"time":1774382619266,"pid":1603455,"hostname":"TempleOfZyminx","from":{"q":6,"r":6},"to":{"q":11,"r":5},"msg":"findPath: no valid path found"}
{"level":30,"time":1774382619266,"pid":1603455,"hostname":"TempleOfZyminx","from":{"q":6,"r":6},"to":{"q":11,"r":6},"msg":"findPath: no valid path found"}
{"level":30,"time":1774382619266,"pid":1603455,"hostname":"TempleOfZyminx","from":{"q":6,"r":6},"to":{"q":11,"r":7},"msg":"findPath: no valid path found"}
{"level":30,"time":1774382619266,"pid":1603455,"hostname":"TempleOfZyminx","from":{"q":6,"r":6},"to":{"q":11,"r":8},"msg":"findPath: no valid path found"}
{"level":30,"time":1774382619266,"pid":1603455,"hostname":"TempleOfZyminx","from":{"q":6,"r":6},"to":{"q":11,"r":9},"msg":"findPath: no valid path found"}
{"level":30,"time":1774382619266,"pid":1603455,"hostname":"TempleOfZyminx","from":{"q":6,"r":6},"to":{"q":11,"r":10},"msg":"findPath: no valid path found"}
{"level":30,"time":1774382619266,"pid":1603455,"hostname":"TempleOfZyminx","from":{"q":6,"r":6},"to":{"q":11,"r":11},"msg":"findPath: no valid path found"}
{"level":30,"time":1774382619266,"pid":1603455,"hostname":"TempleOfZyminx","from":{"q":6,"r":6},"to":{"q":11,"r":12},"msg":"findPath: no valid path found"}
{"level":30,"time":1774382619267,"pid":1603455,"hostname":"TempleOfZyminx","from":{"q":6,"r":6},"to":{"q":11,"r":13},"msg":"findPath: no valid path found"}
{"level":30,"time":1774382619267,"pid":1603455,"hostname":"TempleOfZyminx","from":{"q":6,"r":6},"to":{"q":11,"r":14},"msg":"findPath: no valid path found"}
{"level":30,"time":1774382619267,"pid":1603455,"hostname":"TempleOfZyminx","from":{"q":6,"r":6},"to":{"q":11,"r":15},"msg":"findPath: no valid path found"}
{"level":30,"time":1774382619267,"pid":1603455,"hostname":"TempleOfZyminx","from":{"q":6,"r":6},"to":{"q":11,"r":16},"msg":"findPath: no valid path found"}
{"level":30,"time":1774382619267,"pid":1603455,"hostname":"TempleOfZyminx","from":{"q":6,"r":6},"to":{"q":11,"r":17},"msg":"findPath: no valid path found"}
{"level":30,"time":1774382619267,"pid":1603455,"hostname":"TempleOfZyminx","from":{"q":6,"r":6},"to":{"q":11,"r":18},"msg":"findPath: no valid path found"}
{"level":30,"time":1774382619267,"pid":1603455,"hostname":"TempleOfZyminx","from":{"q":6,"r":6},"to":{"q":11,"r":19},"msg":"findPath: no valid path found"}
{"level":30,"time":1774382619267,"pid":1603455,"hostname":"TempleOfZyminx","from":{"q":6,"r":6},"to":{"q":11,"r":20},"msg":"findPath: no valid path found"}
{"level":30,"time":1774382619267,"pid":1603455,"hostname":"TempleOfZyminx","from":{"q":6,"r":6},"to":{"q":11,"r":21},"msg":"findPath: no valid path found"}
{"level":30,"time":1774382619267,"pid":1603455,"hostname":"TempleOfZyminx","from":{"q":6,"r":6},"to":{"q":12,"r":0},"msg":"findPath: no valid path found"}
{"level":30,"time":1774382619267,"pid":1603455,"hostname":"TempleOfZyminx","from":{"q":6,"r":6},"to":{"q":12,"r":1},"msg":"findPath: no valid path found"}
{"level":30,"time":1774382619268,"pid":1603455,"hostname":"TempleOfZyminx","from":{"q":6,"r":6},"to":{"q":12,"r":2},"msg":"findPath: no valid path found"}
{"level":30,"time":1774382619268,"pid":1603455,"hostname":"TempleOfZyminx","from":{"q":6,"r":6},"to":{"q":12,"r":3},"msg":"findPath: no valid path found"}
{"level":30,"time":1774382619268,"pid":1603455,"hostname":"TempleOfZyminx","from":{"q":6,"r":6},"to":{"q":12,"r":4},"msg":"findPath: no valid path found"}
{"level":30,"time":1774382619268,"pid":1603455,"hostname":"TempleOfZyminx","from":{"q":6,"r":6},"to":{"q":12,"r":5},"msg":"findPath: no valid path found"}
{"level":30,"time":1774382619268,"pid":1603455,"hostname":"TempleOfZyminx","from":{"q":6,"r":6},"to":{"q":12,"r":6},"msg":"findPath: no valid path found"}
{"level":30,"time":1774382619268,"pid":1603455,"hostname":"TempleOfZyminx","from":{"q":6,"r":6},"to":{"q":12,"r":7},"msg":"findPath: no valid path found"}
{"level":30,"time":1774382619268,"pid":1603455,"hostname":"TempleOfZyminx","from":{"q":6,"r":6},"to":{"q":12,"r":8},"msg":"findPath: no valid path found"}
{"level":30,"time":1774382619268,"pid":1603455,"hostname":"TempleOfZyminx","from":{"q":6,"r":6},"to":{"q":12,"r":9},"msg":"findPath: no valid path found"}
{"level":30,"time":1774382619268,"pid":1603455,"hostname":"TempleOfZyminx","from":{"q":6,"r":6},"to":{"q":12,"r":10},"msg":"findPath: no valid path found"}
{"level":30,"time":1774382619268,"pid":1603455,"hostname":"TempleOfZyminx","from":{"q":6,"r":6},"to":{"q":12,"r":11},"msg":"findPath: no valid path found"}
{"level":30,"time":1774382619268,"pid":1603455,"hostname":"TempleOfZyminx","from":{"q":6,"r":6},"to":{"q":12,"r":12},"msg":"findPath: no valid path found"}
{"level":30,"time":1774382619268,"pid":1603455,"hostname":"TempleOfZyminx","from":{"q":6,"r":6},"to":{"q":12,"r":13},"msg":"findPath: no valid path found"}
{"level":30,"time":1774382619268,"pid":1603455,"hostname":"TempleOfZyminx","from":{"q":6,"r":6},"to":{"q":12,"r":14},"msg":"findPath: no valid path found"}
{"level":30,"time":1774382619268,"pid":1603455,"hostname":"TempleOfZyminx","from":{"q":6,"r":6},"to":{"q":12,"r":15},"msg":"findPath: no valid path found"}
{"level":30,"time":1774382619269,"pid":1603455,"hostname":"TempleOfZyminx","from":{"q":6,"r":6},"to":{"q":12,"r":16},"msg":"findPath: no valid path found"}
{"level":30,"time":1774382619269,"pid":1603455,"hostname":"TempleOfZyminx","from":{"q":6,"r":6},"to":{"q":12,"r":17},"msg":"findPath: no valid path found"}
{"level":30,"time":1774382619269,"pid":1603455,"hostname":"TempleOfZyminx","from":{"q":6,"r":6},"to":{"q":12,"r":18},"msg":"findPath: no valid path found"}
{"level":30,"time":1774382619269,"pid":1603455,"hostname":"TempleOfZyminx","from":{"q":6,"r":6},"to":{"q":12,"r":19},"msg":"findPath: no valid path found"}
{"level":30,"time":1774382619269,"pid":1603455,"hostname":"TempleOfZyminx","from":{"q":6,"r":6},"to":{"q":12,"r":20},"msg":"findPath: no valid path found"}
{"level":30,"time":1774382619269,"pid":1603455,"hostname":"TempleOfZyminx","from":{"q":6,"r":6},"to":{"q":12,"r":21},"msg":"findPath: no valid path found"}
{"level":30,"time":1774382619269,"pid":1603455,"hostname":"TempleOfZyminx","from":{"q":6,"r":6},"to":{"q":13,"r":0},"msg":"findPath: no valid path found"}
{"level":30,"time":1774382619269,"pid":1603455,"hostname":"TempleOfZyminx","from":{"q":6,"r":6},"to":{"q":13,"r":1},"msg":"findPath: no valid path found"}
{"level":30,"time":1774382619269,"pid":1603455,"hostname":"TempleOfZyminx","from":{"q":6,"r":6},"to":{"q":13,"r":2},"msg":"findPath: no valid path found"}
{"level":30,"time":1774382619270,"pid":1603455,"hostname":"TempleOfZyminx","from":{"q":6,"r":6},"to":{"q":13,"r":3},"msg":"findPath: no valid path found"}
{"level":30,"time":1774382619270,"pid":1603455,"hostname":"TempleOfZyminx","from":{"q":6,"r":6},"to":{"q":13,"r":4},"msg":"findPath: no valid path found"}
{"level":30,"time":1774382619270,"pid":1603455,"hostname":"TempleOfZyminx","from":{"q":6,"r":6},"to":{"q":13,"r":5},"msg":"findPath: no valid path found"}
{"level":30,"time":1774382619270,"pid":1603455,"hostname":"TempleOfZyminx","from":{"q":6,"r":6},"to":{"q":13,"r":6},"msg":"findPath: no valid path found"}
{"level":30,"time":1774382619270,"pid":1603455,"hostname":"TempleOfZyminx","from":{"q":6,"r":6},"to":{"q":13,"r":7},"msg":"findPath: no valid path found"}
{"level":30,"time":1774382619270,"pid":1603455,"hostname":"TempleOfZyminx","from":{"q":6,"r":6},"to":{"q":13,"r":8},"msg":"findPath: no valid path found"}
{"level":30,"time":1774382619270,"pid":1603455,"hostname":"TempleOfZyminx","from":{"q":6,"r":6},"to":{"q":13,"r":9},"msg":"findPath: no valid path found"}
{"level":30,"time":1774382619270,"pid":1603455,"hostname":"TempleOfZyminx","from":{"q":6,"r":6},"to":{"q":13,"r":10},"msg":"findPath: no valid path found"}
{"level":30,"time":1774382619270,"pid":1603455,"hostname":"TempleOfZyminx","from":{"q":6,"r":6},"to":{"q":13,"r":11},"msg":"findPath: no valid path found"}
{"level":30,"time":1774382619271,"pid":1603455,"hostname":"TempleOfZyminx","from":{"q":6,"r":6},"to":{"q":13,"r":12},"msg":"findPath: no valid path found"}
{"level":30,"time":1774382619271,"pid":1603455,"hostname":"TempleOfZyminx","from":{"q":6,"r":6},"to":{"q":13,"r":13},"msg":"findPath: no valid path found"}
{"level":30,"time":1774382619271,"pid":1603455,"hostname":"TempleOfZyminx","from":{"q":6,"r":6},"to":{"q":13,"r":14},"msg":"findPath: no valid path found"}
{"level":30,"time":1774382619271,"pid":1603455,"hostname":"TempleOfZyminx","from":{"q":6,"r":6},"to":{"q":13,"r":15},"msg":"findPath: no valid path found"}
{"level":30,"time":1774382619271,"pid":1603455,"hostname":"TempleOfZyminx","from":{"q":6,"r":6},"to":{"q":13,"r":16},"msg":"findPath: no valid path found"}
{"level":30,"time":1774382619271,"pid":1603455,"hostname":"TempleOfZyminx","from":{"q":6,"r":6},"to":{"q":13,"r":17},"msg":"findPath: no valid path found"}
{"level":30,"time":1774382619271,"pid":1603455,"hostname":"TempleOfZyminx","from":{"q":6,"r":6},"to":{"q":13,"r":18},"msg":"findPath: no valid path found"}
{"level":30,"time":1774382619271,"pid":1603455,"hostname":"TempleOfZyminx","from":{"q":6,"r":6},"to":{"q":13,"r":19},"msg":"findPath: no valid path found"}
{"level":30,"time":1774382619271,"pid":1603455,"hostname":"TempleOfZyminx","from":{"q":6,"r":6},"to":{"q":13,"r":20},"msg":"findPath: no valid path found"}
{"level":30,"time":1774382619271,"pid":1603455,"hostname":"TempleOfZyminx","from":{"q":6,"r":6},"to":{"q":13,"r":21},"msg":"findPath: no valid path found"}
{"level":30,"time":1774382619271,"pid":1603455,"hostname":"TempleOfZyminx","from":{"q":6,"r":6},"to":{"q":14,"r":0},"msg":"findPath: no valid path found"}
{"level":30,"time":1774382619271,"pid":1603455,"hostname":"TempleOfZyminx","from":{"q":6,"r":6},"to":{"q":14,"r":1},"msg":"findPath: no valid path found"}
{"level":30,"time":1774382619271,"pid":1603455,"hostname":"TempleOfZyminx","from":{"q":6,"r":6},"to":{"q":14,"r":2},"msg":"findPath: no valid path found"}
{"level":30,"time":1774382619272,"pid":1603455,"hostname":"TempleOfZyminx","from":{"q":6,"r":6},"to":{"q":14,"r":3},"msg":"findPath: no valid path found"}
{"level":30,"time":1774382619272,"pid":1603455,"hostname":"TempleOfZyminx","from":{"q":6,"r":6},"to":{"q":14,"r":4},"msg":"findPath: no valid path found"}
{"level":30,"time":1774382619272,"pid":1603455,"hostname":"TempleOfZyminx","from":{"q":6,"r":6},"to":{"q":14,"r":5},"msg":"findPath: no valid path found"}
{"level":30,"time":1774382619272,"pid":1603455,"hostname":"TempleOfZyminx","from":{"q":6,"r":6},"to":{"q":14,"r":6},"msg":"findPath: no valid path found"}
{"level":30,"time":1774382619272,"pid":1603455,"hostname":"TempleOfZyminx","from":{"q":6,"r":6},"to":{"q":14,"r":7},"msg":"findPath: no valid path found"}
{"level":30,"time":1774382619272,"pid":1603455,"hostname":"TempleOfZyminx","from":{"q":6,"r":6},"to":{"q":14,"r":8},"msg":"findPath: no valid path found"}
{"level":30,"time":1774382619272,"pid":1603455,"hostname":"TempleOfZyminx","from":{"q":6,"r":6},"to":{"q":14,"r":9},"msg":"findPath: no valid path found"}
{"level":30,"time":1774382619273,"pid":1603455,"hostname":"TempleOfZyminx","from":{"q":6,"r":6},"to":{"q":14,"r":10},"msg":"findPath: no valid path found"}
{"level":30,"time":1774382619273,"pid":1603455,"hostname":"TempleOfZyminx","from":{"q":6,"r":6},"to":{"q":14,"r":11},"msg":"findPath: no valid path found"}
{"level":30,"time":1774382619273,"pid":1603455,"hostname":"TempleOfZyminx","from":{"q":6,"r":6},"to":{"q":14,"r":12},"msg":"findPath: no valid path found"}
{"level":30,"time":1774382619273,"pid":1603455,"hostname":"TempleOfZyminx","from":{"q":6,"r":6},"to":{"q":14,"r":13},"msg":"findPath: no valid path found"}
{"level":30,"time":1774382619273,"pid":1603455,"hostname":"TempleOfZyminx","from":{"q":6,"r":6},"to":{"q":14,"r":14},"msg":"findPath: no valid path found"}
{"level":30,"time":1774382619273,"pid":1603455,"hostname":"TempleOfZyminx","from":{"q":6,"r":6},"to":{"q":14,"r":15},"msg":"findPath: no valid path found"}
{"level":30,"time":1774382619273,"pid":1603455,"hostname":"TempleOfZyminx","from":{"q":6,"r":6},"to":{"q":14,"r":16},"msg":"findPath: no valid path found"}
{"level":30,"time":1774382619273,"pid":1603455,"hostname":"TempleOfZyminx","from":{"q":6,"r":6},"to":{"q":14,"r":17},"msg":"findPath: no valid path found"}
{"level":30,"time":1774382619273,"pid":1603455,"hostname":"TempleOfZyminx","from":{"q":6,"r":6},"to":{"q":14,"r":18},"msg":"findPath: no valid path found"}
{"level":30,"time":1774382619273,"pid":1603455,"hostname":"TempleOfZyminx","from":{"q":6,"r":6},"to":{"q":14,"r":19},"msg":"findPath: no valid path found"}
{"level":30,"time":1774382619274,"pid":1603455,"hostname":"TempleOfZyminx","from":{"q":6,"r":6},"to":{"q":14,"r":20},"msg":"findPath: no valid path found"}
{"level":30,"time":1774382619274,"pid":1603455,"hostname":"TempleOfZyminx","from":{"q":6,"r":6},"to":{"q":14,"r":21},"msg":"findPath: no valid path found"}
{"level":30,"time":1774382619274,"pid":1603455,"hostname":"TempleOfZyminx","id":"a93fcf5b-e901-4464-8fe2-c07b8bc58aa4","command":"MOVE","msg":"Submitting game action"}
{"level":30,"time":1774382619274,"pid":1603455,"hostname":"TempleOfZyminx","gameId":"a93fcf5b-e901-4464-8fe2-c07b8bc58aa4","unitId":"wolf-2","msg":"Processing MOVE command"}
 ✓ dist/api/games.management.test.js (17 tests) 1006ms
{"level":30,"time":1774382619275,"pid":1603455,"hostname":"TempleOfZyminx","id":"a93fcf5b-e901-4464-8fe2-c07b8bc58aa4","msg":"Fetching game state"}
{"level":30,"time":1774382619276,"pid":1603593,"hostname":"TempleOfZyminx","scenarioId":"swamp-siege-01","role":"onion","msg":"Creating new game match"}
{"level":30,"time":1774382619276,"pid":1603455,"hostname":"TempleOfZyminx","id":"a93fcf5b-e901-4464-8fe2-c07b8bc58aa4","msg":"Fetching game state"}
{"level":30,"time":1774382619276,"pid":1603593,"hostname":"TempleOfZyminx","gameId":"65094b45-b3ae-473f-a304-c8e3a9953aa6","role":"onion","msg":"Game match created"}
{"level":30,"time":1774382619277,"pid":1603593,"hostname":"TempleOfZyminx","id":"65094b45-b3ae-473f-a304-c8e3a9953aa6","msg":"User joining game"}
{"level":30,"time":1774382619277,"pid":1603593,"hostname":"TempleOfZyminx","gameId":"65094b45-b3ae-473f-a304-c8e3a9953aa6","role":"defender","msg":"User joined game"}
{"level":30,"time":1774382619277,"pid":1603455,"hostname":"TempleOfZyminx","id":"a93fcf5b-e901-4464-8fe2-c07b8bc58aa4","command":"END_PHASE","msg":"Submitting game action"}
{"level":30,"time":1774382619277,"pid":1603455,"hostname":"TempleOfZyminx","gameId":"a93fcf5b-e901-4464-8fe2-c07b8bc58aa4","phase":"DEFENDER_MOVE","msg":"Advancing phase"}
{"level":30,"time":1774382619277,"pid":1603455,"hostname":"TempleOfZyminx","phase":"DEFENDER_MOVE","turnNumber":2,"msg":"Advancing phase in engine"}
{"level":30,"time":1774382619277,"pid":1603455,"hostname":"TempleOfZyminx","id":"a93fcf5b-e901-4464-8fe2-c07b8bc58aa4","msg":"Fetching game state"}
{"level":30,"time":1774382619278,"pid":1603593,"hostname":"TempleOfZyminx","id":"65094b45-b3ae-473f-a304-c8e3a9953aa6","msg":"Fetching game state"}
{"level":30,"time":1774382619278,"pid":1603455,"hostname":"TempleOfZyminx","id":"a93fcf5b-e901-4464-8fe2-c07b8bc58aa4","msg":"Fetching game state"}
{"level":30,"time":1774382619279,"pid":1603593,"hostname":"TempleOfZyminx","id":"65094b45-b3ae-473f-a304-c8e3a9953aa6","msg":"Fetching game state"}
{"level":30,"time":1774382619279,"pid":1603455,"hostname":"TempleOfZyminx","id":"a93fcf5b-e901-4464-8fe2-c07b8bc58aa4","command":"FIRE","msg":"Submitting game action"}
{"level":30,"time":1774382619279,"pid":1603455,"hostname":"TempleOfZyminx","gameId":"a93fcf5b-e901-4464-8fe2-c07b8bc58aa4","type":"FIRE","msg":"Processing combat command"}
{"level":30,"time":1774382619279,"pid":1603455,"hostname":"TempleOfZyminx","commandType":"FIRE","msg":"Validating combat action"}
{"level":30,"time":1774382619279,"pid":1603455,"hostname":"TempleOfZyminx","plan":{"actionType":"FIRE","actor":"defender","attackerIds":["wolf-1"],"target":{"kind":"treads","id":"onion-1"},"attackStrength":2,"defense":0},"msg":"Executing combat action"}
{"level":30,"time":1774382619280,"pid":1603455,"hostname":"TempleOfZyminx","id":"a93fcf5b-e901-4464-8fe2-c07b8bc58aa4","command":"FIRE","msg":"Submitting game action"}
{"level":30,"time":1774382619280,"pid":1603455,"hostname":"TempleOfZyminx","gameId":"a93fcf5b-e901-4464-8fe2-c07b8bc58aa4","type":"FIRE","msg":"Processing combat command"}
{"level":30,"time":1774382619279,"pid":1603593,"hostname":"TempleOfZyminx","from":{"q":0,"r":10},"to":{"q":0,"r":0},"msg":"findPath: no valid path found"}
{"level":30,"time":1774382619279,"pid":1603593,"hostname":"TempleOfZyminx","from":{"q":0,"r":10},"to":{"q":0,"r":1},"msg":"findPath: no valid path found"}
{"level":30,"time":1774382619279,"pid":1603593,"hostname":"TempleOfZyminx","from":{"q":0,"r":10},"to":{"q":0,"r":2},"msg":"findPath: no valid path found"}
{"level":30,"time":1774382619279,"pid":1603593,"hostname":"TempleOfZyminx","from":{"q":0,"r":10},"to":{"q":0,"r":3},"msg":"findPath: no valid path found"}
{"level":30,"time":1774382619279,"pid":1603593,"hostname":"TempleOfZyminx","from":{"q":0,"r":10},"to":{"q":0,"r":4},"msg":"findPath: no valid path found"}
{"level":30,"time":1774382619279,"pid":1603593,"hostname":"TempleOfZyminx","from":{"q":0,"r":10},"to":{"q":0,"r":5},"msg":"findPath: no valid path found"}
{"level":30,"time":1774382619279,"pid":1603593,"hostname":"TempleOfZyminx","from":{"q":0,"r":10},"to":{"q":0,"r":6},"msg":"findPath: no valid path found"}
{"level":30,"time":1774382619280,"pid":1603593,"hostname":"TempleOfZyminx","from":{"q":0,"r":10},"to":{"q":0,"r":14},"msg":"findPath: no valid path found"}
{"level":30,"time":1774382619280,"pid":1603593,"hostname":"TempleOfZyminx","from":{"q":0,"r":10},"to":{"q":0,"r":15},"msg":"findPath: no valid path found"}
{"level":30,"time":1774382619280,"pid":1603593,"hostname":"TempleOfZyminx","from":{"q":0,"r":10},"to":{"q":0,"r":16},"msg":"findPath: no valid path found"}
{"level":30,"time":1774382619280,"pid":1603593,"hostname":"TempleOfZyminx","from":{"q":0,"r":10},"to":{"q":0,"r":17},"msg":"findPath: no valid path found"}
{"level":30,"time":1774382619280,"pid":1603593,"hostname":"TempleOfZyminx","from":{"q":0,"r":10},"to":{"q":0,"r":18},"msg":"findPath: no valid path found"}
{"level":30,"time":1774382619280,"pid":1603593,"hostname":"TempleOfZyminx","from":{"q":0,"r":10},"to":{"q":0,"r":19},"msg":"findPath: no valid path found"}
{"level":30,"time":1774382619280,"pid":1603593,"hostname":"TempleOfZyminx","from":{"q":0,"r":10},"to":{"q":0,"r":20},"msg":"findPath: no valid path found"}
{"level":30,"time":1774382619280,"pid":1603593,"hostname":"TempleOfZyminx","from":{"q":0,"r":10},"to":{"q":0,"r":21},"msg":"findPath: no valid path found"}
{"level":30,"time":1774382619280,"pid":1603593,"hostname":"TempleOfZyminx","from":{"q":0,"r":10},"to":{"q":1,"r":0},"msg":"findPath: no valid path found"}
{"level":30,"time":1774382619280,"pid":1603593,"hostname":"TempleOfZyminx","from":{"q":0,"r":10},"to":{"q":1,"r":1},"msg":"findPath: no valid path found"}
{"level":30,"time":1774382619280,"pid":1603593,"hostname":"TempleOfZyminx","from":{"q":0,"r":10},"to":{"q":1,"r":2},"msg":"findPath: no valid path found"}
{"level":30,"time":1774382619280,"pid":1603593,"hostname":"TempleOfZyminx","from":{"q":0,"r":10},"to":{"q":1,"r":3},"msg":"findPath: no valid path found"}
{"level":30,"time":1774382619280,"pid":1603593,"hostname":"TempleOfZyminx","from":{"q":0,"r":10},"to":{"q":1,"r":4},"msg":"findPath: no valid path found"}
{"level":30,"time":1774382619280,"pid":1603593,"hostname":"TempleOfZyminx","from":{"q":0,"r":10},"to":{"q":1,"r":5},"msg":"findPath: no valid path found"}
{"level":30,"time":1774382619280,"pid":1603593,"hostname":"TempleOfZyminx","from":{"q":0,"r":10},"to":{"q":1,"r":6},"msg":"findPath: no valid path found"}
{"level":30,"time":1774382619281,"pid":1603455,"hostname":"TempleOfZyminx","commandType":"FIRE","msg":"Validating combat action"}
{"level":30,"time":1774382619281,"pid":1603455,"hostname":"TempleOfZyminx","plan":{"actionType":"FIRE","actor":"defender","attackerIds":["wolf-2"],"target":{"kind":"weapon","id":"main"},"attackStrength":2,"defense":4},"msg":"Executing combat action"}
{"level":30,"time":1774382619281,"pid":1603455,"hostname":"TempleOfZyminx","id":"a93fcf5b-e901-4464-8fe2-c07b8bc58aa4","msg":"Fetching game state"}
{"level":30,"time":1774382619282,"pid":1603455,"hostname":"TempleOfZyminx","id":"a93fcf5b-e901-4464-8fe2-c07b8bc58aa4","command":"END_PHASE","msg":"Submitting game action"}
{"level":30,"time":1774382619282,"pid":1603455,"hostname":"TempleOfZyminx","gameId":"a93fcf5b-e901-4464-8fe2-c07b8bc58aa4","phase":"DEFENDER_COMBAT","msg":"Advancing phase"}
{"level":30,"time":1774382619282,"pid":1603455,"hostname":"TempleOfZyminx","phase":"DEFENDER_COMBAT","turnNumber":2,"msg":"Advancing phase in engine"}
{"level":30,"time":1774382619281,"pid":1603593,"hostname":"TempleOfZyminx","from":{"q":0,"r":10},"to":{"q":1,"r":13},"msg":"findPath: no valid path found"}
{"level":30,"time":1774382619281,"pid":1603593,"hostname":"TempleOfZyminx","from":{"q":0,"r":10},"to":{"q":1,"r":14},"msg":"findPath: no valid path found"}
{"level":30,"time":1774382619281,"pid":1603593,"hostname":"TempleOfZyminx","from":{"q":0,"r":10},"to":{"q":1,"r":15},"msg":"findPath: no valid path found"}
{"level":30,"time":1774382619281,"pid":1603593,"hostname":"TempleOfZyminx","from":{"q":0,"r":10},"to":{"q":1,"r":16},"msg":"findPath: no valid path found"}
{"level":30,"time":1774382619281,"pid":1603593,"hostname":"TempleOfZyminx","from":{"q":0,"r":10},"to":{"q":1,"r":17},"msg":"findPath: no valid path found"}
{"level":30,"time":1774382619281,"pid":1603593,"hostname":"TempleOfZyminx","from":{"q":0,"r":10},"to":{"q":1,"r":18},"msg":"findPath: no valid path found"}
{"level":30,"time":1774382619281,"pid":1603593,"hostname":"TempleOfZyminx","from":{"q":0,"r":10},"to":{"q":1,"r":19},"msg":"findPath: no valid path found"}
{"level":30,"time":1774382619281,"pid":1603593,"hostname":"TempleOfZyminx","from":{"q":0,"r":10},"to":{"q":1,"r":20},"msg":"findPath: no valid path found"}
{"level":30,"time":1774382619281,"pid":1603593,"hostname":"TempleOfZyminx","from":{"q":0,"r":10},"to":{"q":1,"r":21},"msg":"findPath: no valid path found"}
{"level":30,"time":1774382619281,"pid":1603593,"hostname":"TempleOfZyminx","from":{"q":0,"r":10},"to":{"q":2,"r":0},"msg":"findPath: no valid path found"}
{"level":30,"time":1774382619281,"pid":1603593,"hostname":"TempleOfZyminx","from":{"q":0,"r":10},"to":{"q":2,"r":1},"msg":"findPath: no valid path found"}
{"level":30,"time":1774382619281,"pid":1603593,"hostname":"TempleOfZyminx","from":{"q":0,"r":10},"to":{"q":2,"r":2},"msg":"findPath: no valid path found"}
{"level":30,"time":1774382619281,"pid":1603593,"hostname":"TempleOfZyminx","from":{"q":0,"r":10},"to":{"q":2,"r":3},"msg":"findPath: no valid path found"}
{"level":30,"time":1774382619281,"pid":1603593,"hostname":"TempleOfZyminx","from":{"q":0,"r":10},"to":{"q":2,"r":4},"msg":"findPath: no valid path found"}
{"level":30,"time":1774382619281,"pid":1603593,"hostname":"TempleOfZyminx","from":{"q":0,"r":10},"to":{"q":2,"r":5},"msg":"findPath: no valid path found"}
{"level":30,"time":1774382619281,"pid":1603593,"hostname":"TempleOfZyminx","from":{"q":0,"r":10},"to":{"q":2,"r":6},"msg":"findPath: no valid path found"}
{"level":30,"time":1774382619281,"pid":1603593,"hostname":"TempleOfZyminx","from":{"q":0,"r":10},"to":{"q":2,"r":12},"msg":"findPath: no valid path found"}
{"level":30,"time":1774382619281,"pid":1603593,"hostname":"TempleOfZyminx","from":{"q":0,"r":10},"to":{"q":2,"r":13},"msg":"findPath: no valid path found"}
{"level":30,"time":1774382619281,"pid":1603593,"hostname":"TempleOfZyminx","from":{"q":0,"r":10},"to":{"q":2,"r":14},"msg":"findPath: no valid path found"}
{"level":30,"time":1774382619282,"pid":1603593,"hostname":"TempleOfZyminx","from":{"q":0,"r":10},"to":{"q":2,"r":15},"msg":"findPath: no valid path found"}
{"level":30,"time":1774382619282,"pid":1603593,"hostname":"TempleOfZyminx","from":{"q":0,"r":10},"to":{"q":2,"r":16},"msg":"findPath: no valid path found"}
{"level":30,"time":1774382619282,"pid":1603593,"hostname":"TempleOfZyminx","from":{"q":0,"r":10},"to":{"q":2,"r":17},"msg":"findPath: no valid path found"}
{"level":30,"time":1774382619282,"pid":1603593,"hostname":"TempleOfZyminx","from":{"q":0,"r":10},"to":{"q":2,"r":18},"msg":"findPath: no valid path found"}
{"level":30,"time":1774382619282,"pid":1603593,"hostname":"TempleOfZyminx","from":{"q":0,"r":10},"to":{"q":2,"r":19},"msg":"findPath: no valid path found"}
{"level":30,"time":1774382619282,"pid":1603593,"hostname":"TempleOfZyminx","from":{"q":0,"r":10},"to":{"q":2,"r":20},"msg":"findPath: no valid path found"}
{"level":30,"time":1774382619282,"pid":1603593,"hostname":"TempleOfZyminx","from":{"q":0,"r":10},"to":{"q":2,"r":21},"msg":"findPath: no valid path found"}
{"level":30,"time":1774382619282,"pid":1603593,"hostname":"TempleOfZyminx","from":{"q":0,"r":10},"to":{"q":3,"r":0},"msg":"findPath: no valid path found"}
{"level":30,"time":1774382619282,"pid":1603593,"hostname":"TempleOfZyminx","from":{"q":0,"r":10},"to":{"q":3,"r":1},"msg":"findPath: no valid path found"}
{"level":30,"time":1774382619282,"pid":1603593,"hostname":"TempleOfZyminx","from":{"q":0,"r":10},"to":{"q":3,"r":2},"msg":"findPath: no valid path found"}
{"level":30,"time":1774382619282,"pid":1603593,"hostname":"TempleOfZyminx","from":{"q":0,"r":10},"to":{"q":3,"r":3},"msg":"findPath: no valid path found"}
{"level":30,"time":1774382619282,"pid":1603593,"hostname":"TempleOfZyminx","from":{"q":0,"r":10},"to":{"q":3,"r":4},"msg":"findPath: no valid path found"}
{"level":30,"time":1774382619282,"pid":1603593,"hostname":"TempleOfZyminx","from":{"q":0,"r":10},"to":{"q":3,"r":5},"msg":"findPath: no valid path found"}
{"level":30,"time":1774382619282,"pid":1603593,"hostname":"TempleOfZyminx","from":{"q":0,"r":10},"to":{"q":3,"r":6},"msg":"findPath: no valid path found"}
{"level":30,"time":1774382619282,"pid":1603593,"hostname":"TempleOfZyminx","from":{"q":0,"r":10},"to":{"q":3,"r":8},"msg":"findPath: no valid path found"}
{"level":30,"time":1774382619282,"pid":1603593,"hostname":"TempleOfZyminx","from":{"q":0,"r":10},"to":{"q":3,"r":11},"msg":"findPath: no valid path found"}
{"level":30,"time":1774382619282,"pid":1603593,"hostname":"TempleOfZyminx","from":{"q":0,"r":10},"to":{"q":3,"r":12},"msg":"findPath: no valid path found"}
{"level":30,"time":1774382619282,"pid":1603593,"hostname":"TempleOfZyminx","from":{"q":0,"r":10},"to":{"q":3,"r":13},"msg":"findPath: no valid path found"}
{"level":30,"time":1774382619282,"pid":1603593,"hostname":"TempleOfZyminx","from":{"q":0,"r":10},"to":{"q":3,"r":14},"msg":"findPath: no valid path found"}
{"level":30,"time":1774382619282,"pid":1603593,"hostname":"TempleOfZyminx","from":{"q":0,"r":10},"to":{"q":3,"r":15},"msg":"findPath: no valid path found"}
{"level":30,"time":1774382619282,"pid":1603455,"hostname":"TempleOfZyminx","id":"a93fcf5b-e901-4464-8fe2-c07b8bc58aa4","msg":"Fetching game state"}
{"level":30,"time":1774382619283,"pid":1603593,"hostname":"TempleOfZyminx","from":{"q":0,"r":10},"to":{"q":3,"r":16},"msg":"findPath: no valid path found"}
{"level":30,"time":1774382619283,"pid":1603593,"hostname":"TempleOfZyminx","from":{"q":0,"r":10},"to":{"q":3,"r":17},"msg":"findPath: no valid path found"}
{"level":30,"time":1774382619283,"pid":1603593,"hostname":"TempleOfZyminx","from":{"q":0,"r":10},"to":{"q":3,"r":18},"msg":"findPath: no valid path found"}
{"level":30,"time":1774382619283,"pid":1603593,"hostname":"TempleOfZyminx","from":{"q":0,"r":10},"to":{"q":3,"r":19},"msg":"findPath: no valid path found"}
{"level":30,"time":1774382619283,"pid":1603593,"hostname":"TempleOfZyminx","from":{"q":0,"r":10},"to":{"q":3,"r":20},"msg":"findPath: no valid path found"}
{"level":30,"time":1774382619283,"pid":1603593,"hostname":"TempleOfZyminx","from":{"q":0,"r":10},"to":{"q":3,"r":21},"msg":"findPath: no valid path found"}
{"level":30,"time":1774382619283,"pid":1603593,"hostname":"TempleOfZyminx","from":{"q":0,"r":10},"to":{"q":4,"r":0},"msg":"findPath: no valid path found"}
{"level":30,"time":1774382619283,"pid":1603593,"hostname":"TempleOfZyminx","from":{"q":0,"r":10},"to":{"q":4,"r":1},"msg":"findPath: no valid path found"}
{"level":30,"time":1774382619283,"pid":1603593,"hostname":"TempleOfZyminx","from":{"q":0,"r":10},"to":{"q":4,"r":2},"msg":"findPath: no valid path found"}
{"level":30,"time":1774382619283,"pid":1603593,"hostname":"TempleOfZyminx","from":{"q":0,"r":10},"to":{"q":4,"r":3},"msg":"findPath: no valid path found"}
{"level":30,"time":1774382619283,"pid":1603593,"hostname":"TempleOfZyminx","from":{"q":0,"r":10},"to":{"q":4,"r":4},"msg":"findPath: no valid path found"}
{"level":30,"time":1774382619283,"pid":1603593,"hostname":"TempleOfZyminx","from":{"q":0,"r":10},"to":{"q":4,"r":5},"msg":"findPath: no valid path found"}
{"level":30,"time":1774382619283,"pid":1603593,"hostname":"TempleOfZyminx","from":{"q":0,"r":10},"to":{"q":4,"r":6},"msg":"findPath: no valid path found"}
{"level":30,"time":1774382619283,"pid":1603593,"hostname":"TempleOfZyminx","from":{"q":0,"r":10},"to":{"q":4,"r":8},"msg":"findPath: no valid path found"}
{"level":30,"time":1774382619283,"pid":1603593,"hostname":"TempleOfZyminx","from":{"q":0,"r":10},"to":{"q":4,"r":9},"msg":"findPath: no valid path found"}
{"level":30,"time":1774382619283,"pid":1603593,"hostname":"TempleOfZyminx","from":{"q":0,"r":10},"to":{"q":4,"r":10},"msg":"findPath: no valid path found"}
{"level":30,"time":1774382619283,"pid":1603593,"hostname":"TempleOfZyminx","from":{"q":0,"r":10},"to":{"q":4,"r":11},"msg":"findPath: no valid path found"}
{"level":30,"time":1774382619283,"pid":1603593,"hostname":"TempleOfZyminx","from":{"q":0,"r":10},"to":{"q":4,"r":12},"msg":"findPath: no valid path found"}
{"level":30,"time":1774382619283,"pid":1603593,"hostname":"TempleOfZyminx","from":{"q":0,"r":10},"to":{"q":4,"r":13},"msg":"findPath: no valid path found"}
{"level":30,"time":1774382619283,"pid":1603593,"hostname":"TempleOfZyminx","from":{"q":0,"r":10},"to":{"q":4,"r":14},"msg":"findPath: no valid path found"}
{"level":30,"time":1774382619283,"pid":1603593,"hostname":"TempleOfZyminx","from":{"q":0,"r":10},"to":{"q":4,"r":15},"msg":"findPath: no valid path found"}
{"level":30,"time":1774382619283,"pid":1603455,"hostname":"TempleOfZyminx","id":"a93fcf5b-e901-4464-8fe2-c07b8bc58aa4","msg":"Fetching game state"}
{"level":30,"time":1774382619284,"pid":1603593,"hostname":"TempleOfZyminx","from":{"q":0,"r":10},"to":{"q":4,"r":16},"msg":"findPath: no valid path found"}
{"level":30,"time":1774382619284,"pid":1603593,"hostname":"TempleOfZyminx","from":{"q":0,"r":10},"to":{"q":4,"r":17},"msg":"findPath: no valid path found"}
{"level":30,"time":1774382619284,"pid":1603593,"hostname":"TempleOfZyminx","from":{"q":0,"r":10},"to":{"q":4,"r":18},"msg":"findPath: no valid path found"}
{"level":30,"time":1774382619284,"pid":1603593,"hostname":"TempleOfZyminx","from":{"q":0,"r":10},"to":{"q":4,"r":19},"msg":"findPath: no valid path found"}
{"level":30,"time":1774382619284,"pid":1603593,"hostname":"TempleOfZyminx","from":{"q":0,"r":10},"to":{"q":4,"r":20},"msg":"findPath: no valid path found"}
{"level":30,"time":1774382619284,"pid":1603593,"hostname":"TempleOfZyminx","from":{"q":0,"r":10},"to":{"q":4,"r":21},"msg":"findPath: no valid path found"}
{"level":30,"time":1774382619284,"pid":1603593,"hostname":"TempleOfZyminx","from":{"q":0,"r":10},"to":{"q":5,"r":0},"msg":"findPath: no valid path found"}
{"level":30,"time":1774382619284,"pid":1603593,"hostname":"TempleOfZyminx","from":{"q":0,"r":10},"to":{"q":5,"r":1},"msg":"findPath: no valid path found"}
{"level":30,"time":1774382619284,"pid":1603593,"hostname":"TempleOfZyminx","from":{"q":0,"r":10},"to":{"q":5,"r":2},"msg":"findPath: no valid path found"}
{"level":30,"time":1774382619284,"pid":1603593,"hostname":"TempleOfZyminx","from":{"q":0,"r":10},"to":{"q":5,"r":3},"msg":"findPath: no valid path found"}
{"level":30,"time":1774382619284,"pid":1603593,"hostname":"TempleOfZyminx","from":{"q":0,"r":10},"to":{"q":5,"r":4},"msg":"findPath: no valid path found"}
{"level":30,"time":1774382619284,"pid":1603593,"hostname":"TempleOfZyminx","from":{"q":0,"r":10},"to":{"q":5,"r":5},"msg":"findPath: no valid path found"}
{"level":30,"time":1774382619284,"pid":1603593,"hostname":"TempleOfZyminx","from":{"q":0,"r":10},"to":{"q":5,"r":8},"msg":"findPath: no valid path found"}
{"level":30,"time":1774382619284,"pid":1603593,"hostname":"TempleOfZyminx","from":{"q":0,"r":10},"to":{"q":5,"r":9},"msg":"findPath: no valid path found"}
{"level":30,"time":1774382619284,"pid":1603593,"hostname":"TempleOfZyminx","from":{"q":0,"r":10},"to":{"q":5,"r":10},"msg":"findPath: no valid path found"}
{"level":30,"time":1774382619284,"pid":1603593,"hostname":"TempleOfZyminx","from":{"q":0,"r":10},"to":{"q":5,"r":11},"msg":"findPath: no valid path found"}
{"level":30,"time":1774382619284,"pid":1603593,"hostname":"TempleOfZyminx","from":{"q":0,"r":10},"to":{"q":5,"r":12},"msg":"findPath: no valid path found"}
{"level":30,"time":1774382619285,"pid":1603593,"hostname":"TempleOfZyminx","from":{"q":0,"r":10},"to":{"q":5,"r":13},"msg":"findPath: no valid path found"}
{"level":30,"time":1774382619285,"pid":1603593,"hostname":"TempleOfZyminx","from":{"q":0,"r":10},"to":{"q":5,"r":14},"msg":"findPath: no valid path found"}
{"level":30,"time":1774382619285,"pid":1603593,"hostname":"TempleOfZyminx","from":{"q":0,"r":10},"to":{"q":5,"r":15},"msg":"findPath: no valid path found"}
{"level":30,"time":1774382619285,"pid":1603593,"hostname":"TempleOfZyminx","from":{"q":0,"r":10},"to":{"q":5,"r":16},"msg":"findPath: no valid path found"}
{"level":30,"time":1774382619285,"pid":1603593,"hostname":"TempleOfZyminx","from":{"q":0,"r":10},"to":{"q":5,"r":17},"msg":"findPath: no valid path found"}
{"level":30,"time":1774382619285,"pid":1603593,"hostname":"TempleOfZyminx","from":{"q":0,"r":10},"to":{"q":5,"r":18},"msg":"findPath: no valid path found"}
{"level":30,"time":1774382619285,"pid":1603593,"hostname":"TempleOfZyminx","from":{"q":0,"r":10},"to":{"q":5,"r":19},"msg":"findPath: no valid path found"}
{"level":30,"time":1774382619285,"pid":1603593,"hostname":"TempleOfZyminx","from":{"q":0,"r":10},"to":{"q":5,"r":20},"msg":"findPath: no valid path found"}
{"level":30,"time":1774382619285,"pid":1603593,"hostname":"TempleOfZyminx","from":{"q":0,"r":10},"to":{"q":5,"r":21},"msg":"findPath: no valid path found"}
{"level":30,"time":1774382619285,"pid":1603593,"hostname":"TempleOfZyminx","from":{"q":0,"r":10},"to":{"q":6,"r":0},"msg":"findPath: no valid path found"}
{"level":30,"time":1774382619285,"pid":1603593,"hostname":"TempleOfZyminx","from":{"q":0,"r":10},"to":{"q":6,"r":1},"msg":"findPath: no valid path found"}
{"level":30,"time":1774382619285,"pid":1603593,"hostname":"TempleOfZyminx","from":{"q":0,"r":10},"to":{"q":6,"r":2},"msg":"findPath: no valid path found"}
{"level":30,"time":1774382619285,"pid":1603593,"hostname":"TempleOfZyminx","from":{"q":0,"r":10},"to":{"q":6,"r":3},"msg":"findPath: no valid path found"}
{"level":30,"time":1774382619285,"pid":1603593,"hostname":"TempleOfZyminx","from":{"q":0,"r":10},"to":{"q":6,"r":5},"msg":"findPath: no valid path found"}
{"level":30,"time":1774382619285,"pid":1603593,"hostname":"TempleOfZyminx","from":{"q":0,"r":10},"to":{"q":6,"r":7},"msg":"findPath: no valid path found"}
{"level":30,"time":1774382619285,"pid":1603593,"hostname":"TempleOfZyminx","from":{"q":0,"r":10},"to":{"q":6,"r":8},"msg":"findPath: no valid path found"}
{"level":30,"time":1774382619285,"pid":1603593,"hostname":"TempleOfZyminx","from":{"q":0,"r":10},"to":{"q":6,"r":9},"msg":"findPath: no valid path found"}
{"level":30,"time":1774382619285,"pid":1603593,"hostname":"TempleOfZyminx","from":{"q":0,"r":10},"to":{"q":6,"r":10},"msg":"findPath: no valid path found"}
{"level":30,"time":1774382619285,"pid":1603593,"hostname":"TempleOfZyminx","from":{"q":0,"r":10},"to":{"q":6,"r":11},"msg":"findPath: no valid path found"}
{"level":30,"time":1774382619284,"pid":1603455,"hostname":"TempleOfZyminx","from":{"q":2,"r":6},"to":{"q":0,"r":0},"msg":"findPath: no valid path found"}
{"level":30,"time":1774382619284,"pid":1603455,"hostname":"TempleOfZyminx","from":{"q":2,"r":6},"to":{"q":0,"r":1},"msg":"findPath: no valid path found"}
{"level":30,"time":1774382619284,"pid":1603455,"hostname":"TempleOfZyminx","from":{"q":2,"r":6},"to":{"q":0,"r":2},"msg":"findPath: no valid path found"}
{"level":30,"time":1774382619284,"pid":1603455,"hostname":"TempleOfZyminx","from":{"q":2,"r":6},"to":{"q":0,"r":3},"msg":"findPath: no valid path found"}
{"level":30,"time":1774382619285,"pid":1603455,"hostname":"TempleOfZyminx","from":{"q":2,"r":6},"to":{"q":0,"r":11},"msg":"findPath: no valid path found"}
{"level":30,"time":1774382619285,"pid":1603455,"hostname":"TempleOfZyminx","from":{"q":2,"r":6},"to":{"q":0,"r":12},"msg":"findPath: no valid path found"}
{"level":30,"time":1774382619285,"pid":1603455,"hostname":"TempleOfZyminx","from":{"q":2,"r":6},"to":{"q":0,"r":13},"msg":"findPath: no valid path found"}
{"level":30,"time":1774382619285,"pid":1603455,"hostname":"TempleOfZyminx","from":{"q":2,"r":6},"to":{"q":0,"r":14},"msg":"findPath: no valid path found"}
{"level":30,"time":1774382619285,"pid":1603455,"hostname":"TempleOfZyminx","from":{"q":2,"r":6},"to":{"q":0,"r":15},"msg":"findPath: no valid path found"}
{"level":30,"time":1774382619285,"pid":1603455,"hostname":"TempleOfZyminx","from":{"q":2,"r":6},"to":{"q":0,"r":16},"msg":"findPath: no valid path found"}
{"level":30,"time":1774382619285,"pid":1603455,"hostname":"TempleOfZyminx","from":{"q":2,"r":6},"to":{"q":0,"r":17},"msg":"findPath: no valid path found"}
{"level":30,"time":1774382619285,"pid":1603455,"hostname":"TempleOfZyminx","from":{"q":2,"r":6},"to":{"q":0,"r":18},"msg":"findPath: no valid path found"}
{"level":30,"time":1774382619285,"pid":1603593,"hostname":"TempleOfZyminx","from":{"q":0,"r":10},"to":{"q":6,"r":12},"msg":"findPath: no valid path found"}
{"level":30,"time":1774382619285,"pid":1603593,"hostname":"TempleOfZyminx","from":{"q":0,"r":10},"to":{"q":6,"r":13},"msg":"findPath: no valid path found"}
{"level":30,"time":1774382619285,"pid":1603593,"hostname":"TempleOfZyminx","from":{"q":0,"r":10},"to":{"q":6,"r":14},"msg":"findPath: no valid path found"}
{"level":30,"time":1774382619285,"pid":1603593,"hostname":"TempleOfZyminx","from":{"q":0,"r":10},"to":{"q":6,"r":15},"msg":"findPath: no valid path found"}
{"level":30,"time":1774382619285,"pid":1603593,"hostname":"TempleOfZyminx","from":{"q":0,"r":10},"to":{"q":6,"r":16},"msg":"findPath: no valid path found"}
{"level":30,"time":1774382619285,"pid":1603593,"hostname":"TempleOfZyminx","from":{"q":0,"r":10},"to":{"q":6,"r":17},"msg":"findPath: no valid path found"}
{"level":30,"time":1774382619285,"pid":1603593,"hostname":"TempleOfZyminx","from":{"q":0,"r":10},"to":{"q":6,"r":18},"msg":"findPath: no valid path found"}
{"level":30,"time":1774382619286,"pid":1603593,"hostname":"TempleOfZyminx","from":{"q":0,"r":10},"to":{"q":6,"r":19},"msg":"findPath: no valid path found"}
{"level":30,"time":1774382619286,"pid":1603593,"hostname":"TempleOfZyminx","from":{"q":0,"r":10},"to":{"q":6,"r":20},"msg":"findPath: no valid path found"}
{"level":30,"time":1774382619286,"pid":1603593,"hostname":"TempleOfZyminx","from":{"q":0,"r":10},"to":{"q":6,"r":21},"msg":"findPath: no valid path found"}
{"level":30,"time":1774382619286,"pid":1603593,"hostname":"TempleOfZyminx","from":{"q":0,"r":10},"to":{"q":7,"r":0},"msg":"findPath: no valid path found"}
{"level":30,"time":1774382619286,"pid":1603593,"hostname":"TempleOfZyminx","from":{"q":0,"r":10},"to":{"q":7,"r":1},"msg":"findPath: no valid path found"}
{"level":30,"time":1774382619286,"pid":1603593,"hostname":"TempleOfZyminx","from":{"q":0,"r":10},"to":{"q":7,"r":2},"msg":"findPath: no valid path found"}
{"level":30,"time":1774382619286,"pid":1603593,"hostname":"TempleOfZyminx","from":{"q":0,"r":10},"to":{"q":7,"r":4},"msg":"findPath: no valid path found"}
{"level":30,"time":1774382619286,"pid":1603593,"hostname":"TempleOfZyminx","from":{"q":0,"r":10},"to":{"q":7,"r":5},"msg":"findPath: no valid path found"}
{"level":30,"time":1774382619286,"pid":1603593,"hostname":"TempleOfZyminx","from":{"q":0,"r":10},"to":{"q":7,"r":6},"msg":"findPath: no valid path found"}
{"level":30,"time":1774382619286,"pid":1603593,"hostname":"TempleOfZyminx","from":{"q":0,"r":10},"to":{"q":7,"r":7},"msg":"findPath: no valid path found"}
{"level":30,"time":1774382619285,"pid":1603455,"hostname":"TempleOfZyminx","from":{"q":2,"r":6},"to":{"q":0,"r":19},"msg":"findPath: no valid path found"}
{"level":30,"time":1774382619285,"pid":1603455,"hostname":"TempleOfZyminx","from":{"q":2,"r":6},"to":{"q":0,"r":20},"msg":"findPath: no valid path found"}
{"level":30,"time":1774382619286,"pid":1603455,"hostname":"TempleOfZyminx","from":{"q":2,"r":6},"to":{"q":0,"r":21},"msg":"findPath: no valid path found"}
{"level":30,"time":1774382619286,"pid":1603455,"hostname":"TempleOfZyminx","from":{"q":2,"r":6},"to":{"q":1,"r":0},"msg":"findPath: no valid path found"}
{"level":30,"time":1774382619286,"pid":1603455,"hostname":"TempleOfZyminx","from":{"q":2,"r":6},"to":{"q":1,"r":1},"msg":"findPath: no valid path found"}
{"level":30,"time":1774382619286,"pid":1603455,"hostname":"TempleOfZyminx","from":{"q":2,"r":6},"to":{"q":1,"r":2},"msg":"findPath: no valid path found"}
{"level":30,"time":1774382619286,"pid":1603593,"hostname":"TempleOfZyminx","from":{"q":0,"r":10},"to":{"q":7,"r":8},"msg":"findPath: no valid path found"}
{"level":30,"time":1774382619286,"pid":1603593,"hostname":"TempleOfZyminx","from":{"q":0,"r":10},"to":{"q":7,"r":9},"msg":"findPath: no valid path found"}
{"level":30,"time":1774382619286,"pid":1603593,"hostname":"TempleOfZyminx","from":{"q":0,"r":10},"to":{"q":7,"r":10},"msg":"findPath: no valid path found"}
{"level":30,"time":1774382619286,"pid":1603593,"hostname":"TempleOfZyminx","from":{"q":0,"r":10},"to":{"q":7,"r":11},"msg":"findPath: no valid path found"}
{"level":30,"time":1774382619286,"pid":1603593,"hostname":"TempleOfZyminx","from":{"q":0,"r":10},"to":{"q":7,"r":12},"msg":"findPath: no valid path found"}
{"level":30,"time":1774382619286,"pid":1603593,"hostname":"TempleOfZyminx","from":{"q":0,"r":10},"to":{"q":7,"r":13},"msg":"findPath: no valid path found"}
{"level":30,"time":1774382619286,"pid":1603593,"hostname":"TempleOfZyminx","from":{"q":0,"r":10},"to":{"q":7,"r":14},"msg":"findPath: no valid path found"}
{"level":30,"time":1774382619286,"pid":1603593,"hostname":"TempleOfZyminx","from":{"q":0,"r":10},"to":{"q":7,"r":15},"msg":"findPath: no valid path found"}
{"level":30,"time":1774382619286,"pid":1603593,"hostname":"TempleOfZyminx","from":{"q":0,"r":10},"to":{"q":7,"r":16},"msg":"findPath: no valid path found"}
{"level":30,"time":1774382619286,"pid":1603593,"hostname":"TempleOfZyminx","from":{"q":0,"r":10},"to":{"q":7,"r":17},"msg":"findPath: no valid path found"}
{"level":30,"time":1774382619286,"pid":1603593,"hostname":"TempleOfZyminx","from":{"q":0,"r":10},"to":{"q":7,"r":18},"msg":"findPath: no valid path found"}
{"level":30,"time":1774382619286,"pid":1603593,"hostname":"TempleOfZyminx","from":{"q":0,"r":10},"to":{"q":7,"r":19},"msg":"findPath: no valid path found"}
{"level":30,"time":1774382619286,"pid":1603593,"hostname":"TempleOfZyminx","from":{"q":0,"r":10},"to":{"q":7,"r":20},"msg":"findPath: no valid path found"}
{"level":30,"time":1774382619287,"pid":1603593,"hostname":"TempleOfZyminx","from":{"q":0,"r":10},"to":{"q":7,"r":21},"msg":"findPath: no valid path found"}
{"level":30,"time":1774382619287,"pid":1603593,"hostname":"TempleOfZyminx","from":{"q":0,"r":10},"to":{"q":8,"r":0},"msg":"findPath: no valid path found"}
{"level":30,"time":1774382619287,"pid":1603593,"hostname":"TempleOfZyminx","from":{"q":0,"r":10},"to":{"q":8,"r":1},"msg":"findPath: no valid path found"}
{"level":30,"time":1774382619287,"pid":1603593,"hostname":"TempleOfZyminx","from":{"q":0,"r":10},"to":{"q":8,"r":2},"msg":"findPath: no valid path found"}
{"level":30,"time":1774382619287,"pid":1603593,"hostname":"TempleOfZyminx","from":{"q":0,"r":10},"to":{"q":8,"r":3},"msg":"findPath: no valid path found"}
{"level":30,"time":1774382619287,"pid":1603593,"hostname":"TempleOfZyminx","from":{"q":0,"r":10},"to":{"q":8,"r":4},"msg":"findPath: no valid path found"}
{"level":30,"time":1774382619287,"pid":1603593,"hostname":"TempleOfZyminx","from":{"q":0,"r":10},"to":{"q":8,"r":5},"msg":"findPath: no valid path found"}
{"level":30,"time":1774382619286,"pid":1603455,"hostname":"TempleOfZyminx","from":{"q":2,"r":6},"to":{"q":1,"r":11},"msg":"findPath: no valid path found"}
{"level":30,"time":1774382619286,"pid":1603455,"hostname":"TempleOfZyminx","from":{"q":2,"r":6},"to":{"q":1,"r":12},"msg":"findPath: no valid path found"}
{"level":30,"time":1774382619287,"pid":1603455,"hostname":"TempleOfZyminx","from":{"q":2,"r":6},"to":{"q":1,"r":13},"msg":"findPath: no valid path found"}
{"level":30,"time":1774382619287,"pid":1603455,"hostname":"TempleOfZyminx","from":{"q":2,"r":6},"to":{"q":1,"r":14},"msg":"findPath: no valid path found"}
{"level":30,"time":1774382619287,"pid":1603455,"hostname":"TempleOfZyminx","from":{"q":2,"r":6},"to":{"q":1,"r":15},"msg":"findPath: no valid path found"}
{"level":30,"time":1774382619287,"pid":1603455,"hostname":"TempleOfZyminx","from":{"q":2,"r":6},"to":{"q":1,"r":16},"msg":"findPath: no valid path found"}
{"level":30,"time":1774382619287,"pid":1603455,"hostname":"TempleOfZyminx","from":{"q":2,"r":6},"to":{"q":1,"r":17},"msg":"findPath: no valid path found"}
{"level":30,"time":1774382619287,"pid":1603455,"hostname":"TempleOfZyminx","from":{"q":2,"r":6},"to":{"q":1,"r":18},"msg":"findPath: no valid path found"}
{"level":30,"time":1774382619287,"pid":1603593,"hostname":"TempleOfZyminx","from":{"q":0,"r":10},"to":{"q":8,"r":6},"msg":"findPath: no valid path found"}
{"level":30,"time":1774382619287,"pid":1603593,"hostname":"TempleOfZyminx","from":{"q":0,"r":10},"to":{"q":8,"r":7},"msg":"findPath: no valid path found"}
{"level":30,"time":1774382619287,"pid":1603593,"hostname":"TempleOfZyminx","from":{"q":0,"r":10},"to":{"q":8,"r":8},"msg":"findPath: no valid path found"}
{"level":30,"time":1774382619287,"pid":1603593,"hostname":"TempleOfZyminx","from":{"q":0,"r":10},"to":{"q":8,"r":9},"msg":"findPath: no valid path found"}
{"level":30,"time":1774382619287,"pid":1603593,"hostname":"TempleOfZyminx","from":{"q":0,"r":10},"to":{"q":8,"r":10},"msg":"findPath: no valid path found"}
{"level":30,"time":1774382619287,"pid":1603593,"hostname":"TempleOfZyminx","from":{"q":0,"r":10},"to":{"q":8,"r":11},"msg":"findPath: no valid path found"}
{"level":30,"time":1774382619287,"pid":1603593,"hostname":"TempleOfZyminx","from":{"q":0,"r":10},"to":{"q":8,"r":12},"msg":"findPath: no valid path found"}
{"level":30,"time":1774382619287,"pid":1603593,"hostname":"TempleOfZyminx","from":{"q":0,"r":10},"to":{"q":8,"r":13},"msg":"findPath: no valid path found"}
{"level":30,"time":1774382619287,"pid":1603593,"hostname":"TempleOfZyminx","from":{"q":0,"r":10},"to":{"q":8,"r":14},"msg":"findPath: no valid path found"}
{"level":30,"time":1774382619287,"pid":1603593,"hostname":"TempleOfZyminx","from":{"q":0,"r":10},"to":{"q":8,"r":15},"msg":"findPath: no valid path found"}
{"level":30,"time":1774382619287,"pid":1603593,"hostname":"TempleOfZyminx","from":{"q":0,"r":10},"to":{"q":8,"r":16},"msg":"findPath: no valid path found"}
{"level":30,"time":1774382619287,"pid":1603593,"hostname":"TempleOfZyminx","from":{"q":0,"r":10},"to":{"q":8,"r":17},"msg":"findPath: no valid path found"}
{"level":30,"time":1774382619287,"pid":1603593,"hostname":"TempleOfZyminx","from":{"q":0,"r":10},"to":{"q":8,"r":18},"msg":"findPath: no valid path found"}
{"level":30,"time":1774382619287,"pid":1603593,"hostname":"TempleOfZyminx","from":{"q":0,"r":10},"to":{"q":8,"r":19},"msg":"findPath: no valid path found"}
{"level":30,"time":1774382619287,"pid":1603593,"hostname":"TempleOfZyminx","from":{"q":0,"r":10},"to":{"q":8,"r":20},"msg":"findPath: no valid path found"}
{"level":30,"time":1774382619288,"pid":1603593,"hostname":"TempleOfZyminx","from":{"q":0,"r":10},"to":{"q":8,"r":21},"msg":"findPath: no valid path found"}
{"level":30,"time":1774382619288,"pid":1603593,"hostname":"TempleOfZyminx","from":{"q":0,"r":10},"to":{"q":9,"r":0},"msg":"findPath: no valid path found"}
{"level":30,"time":1774382619288,"pid":1603593,"hostname":"TempleOfZyminx","from":{"q":0,"r":10},"to":{"q":9,"r":1},"msg":"findPath: no valid path found"}
{"level":30,"time":1774382619288,"pid":1603593,"hostname":"TempleOfZyminx","from":{"q":0,"r":10},"to":{"q":9,"r":2},"msg":"findPath: no valid path found"}
{"level":30,"time":1774382619288,"pid":1603593,"hostname":"TempleOfZyminx","from":{"q":0,"r":10},"to":{"q":9,"r":3},"msg":"findPath: no valid path found"}
{"level":30,"time":1774382619288,"pid":1603593,"hostname":"TempleOfZyminx","from":{"q":0,"r":10},"to":{"q":9,"r":4},"msg":"findPath: no valid path found"}
{"level":30,"time":1774382619288,"pid":1603593,"hostname":"TempleOfZyminx","from":{"q":0,"r":10},"to":{"q":9,"r":5},"msg":"findPath: no valid path found"}
{"level":30,"time":1774382619288,"pid":1603593,"hostname":"TempleOfZyminx","from":{"q":0,"r":10},"to":{"q":9,"r":6},"msg":"findPath: no valid path found"}
{"level":30,"time":1774382619288,"pid":1603593,"hostname":"TempleOfZyminx","from":{"q":0,"r":10},"to":{"q":9,"r":7},"msg":"findPath: no valid path found"}
{"level":30,"time":1774382619288,"pid":1603593,"hostname":"TempleOfZyminx","from":{"q":0,"r":10},"to":{"q":9,"r":8},"msg":"findPath: no valid path found"}
{"level":30,"time":1774382619288,"pid":1603593,"hostname":"TempleOfZyminx","from":{"q":0,"r":10},"to":{"q":9,"r":9},"msg":"findPath: no valid path found"}
{"level":30,"time":1774382619288,"pid":1603593,"hostname":"TempleOfZyminx","from":{"q":0,"r":10},"to":{"q":9,"r":10},"msg":"findPath: no valid path found"}
{"level":30,"time":1774382619288,"pid":1603593,"hostname":"TempleOfZyminx","from":{"q":0,"r":10},"to":{"q":9,"r":11},"msg":"findPath: no valid path found"}
{"level":30,"time":1774382619288,"pid":1603593,"hostname":"TempleOfZyminx","from":{"q":0,"r":10},"to":{"q":9,"r":12},"msg":"findPath: no valid path found"}
{"level":30,"time":1774382619288,"pid":1603593,"hostname":"TempleOfZyminx","from":{"q":0,"r":10},"to":{"q":9,"r":13},"msg":"findPath: no valid path found"}
{"level":30,"time":1774382619288,"pid":1603593,"hostname":"TempleOfZyminx","from":{"q":0,"r":10},"to":{"q":9,"r":14},"msg":"findPath: no valid path found"}
{"level":30,"time":1774382619288,"pid":1603593,"hostname":"TempleOfZyminx","from":{"q":0,"r":10},"to":{"q":9,"r":15},"msg":"findPath: no valid path found"}
{"level":30,"time":1774382619288,"pid":1603593,"hostname":"TempleOfZyminx","from":{"q":0,"r":10},"to":{"q":9,"r":16},"msg":"findPath: no valid path found"}
{"level":30,"time":1774382619288,"pid":1603593,"hostname":"TempleOfZyminx","from":{"q":0,"r":10},"to":{"q":9,"r":17},"msg":"findPath: no valid path found"}
{"level":30,"time":1774382619288,"pid":1603593,"hostname":"TempleOfZyminx","from":{"q":0,"r":10},"to":{"q":9,"r":18},"msg":"findPath: no valid path found"}
{"level":30,"time":1774382619288,"pid":1603593,"hostname":"TempleOfZyminx","from":{"q":0,"r":10},"to":{"q":9,"r":19},"msg":"findPath: no valid path found"}
{"level":30,"time":1774382619288,"pid":1603593,"hostname":"TempleOfZyminx","from":{"q":0,"r":10},"to":{"q":9,"r":20},"msg":"findPath: no valid path found"}
{"level":30,"time":1774382619288,"pid":1603593,"hostname":"TempleOfZyminx","from":{"q":0,"r":10},"to":{"q":9,"r":21},"msg":"findPath: no valid path found"}
{"level":30,"time":1774382619288,"pid":1603593,"hostname":"TempleOfZyminx","from":{"q":0,"r":10},"to":{"q":10,"r":0},"msg":"findPath: no valid path found"}
{"level":30,"time":1774382619288,"pid":1603593,"hostname":"TempleOfZyminx","from":{"q":0,"r":10},"to":{"q":10,"r":1},"msg":"findPath: no valid path found"}
{"level":30,"time":1774382619288,"pid":1603593,"hostname":"TempleOfZyminx","from":{"q":0,"r":10},"to":{"q":10,"r":2},"msg":"findPath: no valid path found"}
{"level":30,"time":1774382619288,"pid":1603593,"hostname":"TempleOfZyminx","from":{"q":0,"r":10},"to":{"q":10,"r":3},"msg":"findPath: no valid path found"}
{"level":30,"time":1774382619288,"pid":1603593,"hostname":"TempleOfZyminx","from":{"q":0,"r":10},"to":{"q":10,"r":4},"msg":"findPath: no valid path found"}
{"level":30,"time":1774382619288,"pid":1603593,"hostname":"TempleOfZyminx","from":{"q":0,"r":10},"to":{"q":10,"r":5},"msg":"findPath: no valid path found"}
{"level":30,"time":1774382619289,"pid":1603593,"hostname":"TempleOfZyminx","from":{"q":0,"r":10},"to":{"q":10,"r":6},"msg":"findPath: no valid path found"}
{"level":30,"time":1774382619289,"pid":1603593,"hostname":"TempleOfZyminx","from":{"q":0,"r":10},"to":{"q":10,"r":7},"msg":"findPath: no valid path found"}
{"level":30,"time":1774382619289,"pid":1603593,"hostname":"TempleOfZyminx","from":{"q":0,"r":10},"to":{"q":10,"r":8},"msg":"findPath: no valid path found"}
{"level":30,"time":1774382619289,"pid":1603593,"hostname":"TempleOfZyminx","from":{"q":0,"r":10},"to":{"q":10,"r":9},"msg":"findPath: no valid path found"}
{"level":30,"time":1774382619289,"pid":1603593,"hostname":"TempleOfZyminx","from":{"q":0,"r":10},"to":{"q":10,"r":10},"msg":"findPath: no valid path found"}
{"level":30,"time":1774382619289,"pid":1603593,"hostname":"TempleOfZyminx","from":{"q":0,"r":10},"to":{"q":10,"r":11},"msg":"findPath: no valid path found"}
{"level":30,"time":1774382619289,"pid":1603593,"hostname":"TempleOfZyminx","from":{"q":0,"r":10},"to":{"q":10,"r":12},"msg":"findPath: no valid path found"}
{"level":30,"time":1774382619289,"pid":1603593,"hostname":"TempleOfZyminx","from":{"q":0,"r":10},"to":{"q":10,"r":13},"msg":"findPath: no valid path found"}
{"level":30,"time":1774382619289,"pid":1603593,"hostname":"TempleOfZyminx","from":{"q":0,"r":10},"to":{"q":10,"r":14},"msg":"findPath: no valid path found"}
{"level":30,"time":1774382619289,"pid":1603593,"hostname":"TempleOfZyminx","from":{"q":0,"r":10},"to":{"q":10,"r":15},"msg":"findPath: no valid path found"}
{"level":30,"time":1774382619289,"pid":1603593,"hostname":"TempleOfZyminx","from":{"q":0,"r":10},"to":{"q":10,"r":16},"msg":"findPath: no valid path found"}
{"level":30,"time":1774382619289,"pid":1603593,"hostname":"TempleOfZyminx","from":{"q":0,"r":10},"to":{"q":10,"r":17},"msg":"findPath: no valid path found"}
{"level":30,"time":1774382619289,"pid":1603593,"hostname":"TempleOfZyminx","from":{"q":0,"r":10},"to":{"q":10,"r":18},"msg":"findPath: no valid path found"}
{"level":30,"time":1774382619289,"pid":1603593,"hostname":"TempleOfZyminx","from":{"q":0,"r":10},"to":{"q":10,"r":19},"msg":"findPath: no valid path found"}
{"level":30,"time":1774382619289,"pid":1603593,"hostname":"TempleOfZyminx","from":{"q":0,"r":10},"to":{"q":10,"r":20},"msg":"findPath: no valid path found"}
{"level":30,"time":1774382619289,"pid":1603593,"hostname":"TempleOfZyminx","from":{"q":0,"r":10},"to":{"q":10,"r":21},"msg":"findPath: no valid path found"}
{"level":30,"time":1774382619289,"pid":1603593,"hostname":"TempleOfZyminx","from":{"q":0,"r":10},"to":{"q":11,"r":0},"msg":"findPath: no valid path found"}
{"level":30,"time":1774382619289,"pid":1603593,"hostname":"TempleOfZyminx","from":{"q":0,"r":10},"to":{"q":11,"r":1},"msg":"findPath: no valid path found"}
{"level":30,"time":1774382619289,"pid":1603593,"hostname":"TempleOfZyminx","from":{"q":0,"r":10},"to":{"q":11,"r":2},"msg":"findPath: no valid path found"}
{"level":30,"time":1774382619289,"pid":1603593,"hostname":"TempleOfZyminx","from":{"q":0,"r":10},"to":{"q":11,"r":3},"msg":"findPath: no valid path found"}
{"level":30,"time":1774382619289,"pid":1603593,"hostname":"TempleOfZyminx","from":{"q":0,"r":10},"to":{"q":11,"r":4},"msg":"findPath: no valid path found"}
{"level":30,"time":1774382619289,"pid":1603593,"hostname":"TempleOfZyminx","from":{"q":0,"r":10},"to":{"q":11,"r":5},"msg":"findPath: no valid path found"}
{"level":30,"time":1774382619289,"pid":1603593,"hostname":"TempleOfZyminx","from":{"q":0,"r":10},"to":{"q":11,"r":6},"msg":"findPath: no valid path found"}
{"level":30,"time":1774382619289,"pid":1603593,"hostname":"TempleOfZyminx","from":{"q":0,"r":10},"to":{"q":11,"r":7},"msg":"findPath: no valid path found"}
{"level":30,"time":1774382619289,"pid":1603593,"hostname":"TempleOfZyminx","from":{"q":0,"r":10},"to":{"q":11,"r":8},"msg":"findPath: no valid path found"}
{"level":30,"time":1774382619289,"pid":1603593,"hostname":"TempleOfZyminx","from":{"q":0,"r":10},"to":{"q":11,"r":9},"msg":"findPath: no valid path found"}
{"level":30,"time":1774382619289,"pid":1603593,"hostname":"TempleOfZyminx","from":{"q":0,"r":10},"to":{"q":11,"r":10},"msg":"findPath: no valid path found"}
{"level":30,"time":1774382619289,"pid":1603593,"hostname":"TempleOfZyminx","from":{"q":0,"r":10},"to":{"q":11,"r":11},"msg":"findPath: no valid path found"}
{"level":30,"time":1774382619289,"pid":1603593,"hostname":"TempleOfZyminx","from":{"q":0,"r":10},"to":{"q":11,"r":12},"msg":"findPath: no valid path found"}
{"level":30,"time":1774382619289,"pid":1603593,"hostname":"TempleOfZyminx","from":{"q":0,"r":10},"to":{"q":11,"r":13},"msg":"findPath: no valid path found"}
{"level":30,"time":1774382619289,"pid":1603593,"hostname":"TempleOfZyminx","from":{"q":0,"r":10},"to":{"q":11,"r":14},"msg":"findPath: no valid path found"}
{"level":30,"time":1774382619289,"pid":1603593,"hostname":"TempleOfZyminx","from":{"q":0,"r":10},"to":{"q":11,"r":15},"msg":"findPath: no valid path found"}
{"level":30,"time":1774382619289,"pid":1603593,"hostname":"TempleOfZyminx","from":{"q":0,"r":10},"to":{"q":11,"r":16},"msg":"findPath: no valid path found"}
{"level":30,"time":1774382619289,"pid":1603593,"hostname":"TempleOfZyminx","from":{"q":0,"r":10},"to":{"q":11,"r":17},"msg":"findPath: no valid path found"}
{"level":30,"time":1774382619290,"pid":1603593,"hostname":"TempleOfZyminx","from":{"q":0,"r":10},"to":{"q":11,"r":18},"msg":"findPath: no valid path found"}
{"level":30,"time":1774382619290,"pid":1603593,"hostname":"TempleOfZyminx","from":{"q":0,"r":10},"to":{"q":11,"r":19},"msg":"findPath: no valid path found"}
{"level":30,"time":1774382619290,"pid":1603593,"hostname":"TempleOfZyminx","from":{"q":0,"r":10},"to":{"q":11,"r":20},"msg":"findPath: no valid path found"}
{"level":30,"time":1774382619290,"pid":1603593,"hostname":"TempleOfZyminx","from":{"q":0,"r":10},"to":{"q":11,"r":21},"msg":"findPath: no valid path found"}
{"level":30,"time":1774382619290,"pid":1603593,"hostname":"TempleOfZyminx","from":{"q":0,"r":10},"to":{"q":12,"r":0},"msg":"findPath: no valid path found"}
{"level":30,"time":1774382619290,"pid":1603593,"hostname":"TempleOfZyminx","from":{"q":0,"r":10},"to":{"q":12,"r":1},"msg":"findPath: no valid path found"}
{"level":30,"time":1774382619290,"pid":1603593,"hostname":"TempleOfZyminx","from":{"q":0,"r":10},"to":{"q":12,"r":2},"msg":"findPath: no valid path found"}
{"level":30,"time":1774382619290,"pid":1603593,"hostname":"TempleOfZyminx","from":{"q":0,"r":10},"to":{"q":12,"r":3},"msg":"findPath: no valid path found"}
{"level":30,"time":1774382619290,"pid":1603593,"hostname":"TempleOfZyminx","from":{"q":0,"r":10},"to":{"q":12,"r":4},"msg":"findPath: no valid path found"}
{"level":30,"time":1774382619290,"pid":1603593,"hostname":"TempleOfZyminx","from":{"q":0,"r":10},"to":{"q":12,"r":5},"msg":"findPath: no valid path found"}
{"level":30,"time":1774382619287,"pid":1603455,"hostname":"TempleOfZyminx","from":{"q":2,"r":6},"to":{"q":1,"r":19},"msg":"findPath: no valid path found"}
{"level":30,"time":1774382619287,"pid":1603455,"hostname":"TempleOfZyminx","from":{"q":2,"r":6},"to":{"q":1,"r":20},"msg":"findPath: no valid path found"}
{"level":30,"time":1774382619287,"pid":1603455,"hostname":"TempleOfZyminx","from":{"q":2,"r":6},"to":{"q":1,"r":21},"msg":"findPath: no valid path found"}
{"level":30,"time":1774382619287,"pid":1603455,"hostname":"TempleOfZyminx","from":{"q":2,"r":6},"to":{"q":2,"r":0},"msg":"findPath: no valid path found"}
{"level":30,"time":1774382619288,"pid":1603455,"hostname":"TempleOfZyminx","from":{"q":2,"r":6},"to":{"q":2,"r":1},"msg":"findPath: no valid path found"}
{"level":30,"time":1774382619288,"pid":1603455,"hostname":"TempleOfZyminx","from":{"q":2,"r":6},"to":{"q":2,"r":11},"msg":"findPath: no valid path found"}
{"level":30,"time":1774382619288,"pid":1603455,"hostname":"TempleOfZyminx","from":{"q":2,"r":6},"to":{"q":2,"r":12},"msg":"findPath: no valid path found"}
{"level":30,"time":1774382619288,"pid":1603455,"hostname":"TempleOfZyminx","from":{"q":2,"r":6},"to":{"q":2,"r":13},"msg":"findPath: no valid path found"}
{"level":30,"time":1774382619288,"pid":1603455,"hostname":"TempleOfZyminx","from":{"q":2,"r":6},"to":{"q":2,"r":14},"msg":"findPath: no valid path found"}
{"level":30,"time":1774382619288,"pid":1603455,"hostname":"TempleOfZyminx","from":{"q":2,"r":6},"to":{"q":2,"r":15},"msg":"findPath: no valid path found"}
{"level":30,"time":1774382619288,"pid":1603455,"hostname":"TempleOfZyminx","from":{"q":2,"r":6},"to":{"q":2,"r":16},"msg":"findPath: no valid path found"}
{"level":30,"time":1774382619288,"pid":1603455,"hostname":"TempleOfZyminx","from":{"q":2,"r":6},"to":{"q":2,"r":17},"msg":"findPath: no valid path found"}
{"level":30,"time":1774382619289,"pid":1603455,"hostname":"TempleOfZyminx","from":{"q":2,"r":6},"to":{"q":2,"r":18},"msg":"findPath: no valid path found"}
{"level":30,"time":1774382619289,"pid":1603455,"hostname":"TempleOfZyminx","from":{"q":2,"r":6},"to":{"q":2,"r":19},"msg":"findPath: no valid path found"}
{"level":30,"time":1774382619289,"pid":1603455,"hostname":"TempleOfZyminx","from":{"q":2,"r":6},"to":{"q":2,"r":20},"msg":"findPath: no valid path found"}
{"level":30,"time":1774382619289,"pid":1603455,"hostname":"TempleOfZyminx","from":{"q":2,"r":6},"to":{"q":2,"r":21},"msg":"findPath: no valid path found"}
{"level":30,"time":1774382619289,"pid":1603455,"hostname":"TempleOfZyminx","from":{"q":2,"r":6},"to":{"q":3,"r":0},"msg":"findPath: no valid path found"}
{"level":30,"time":1774382619289,"pid":1603455,"hostname":"TempleOfZyminx","from":{"q":2,"r":6},"to":{"q":3,"r":1},"msg":"findPath: no valid path found"}
{"level":30,"time":1774382619289,"pid":1603455,"hostname":"TempleOfZyminx","from":{"q":2,"r":6},"to":{"q":3,"r":8},"msg":"findPath: no valid path found"}
{"level":30,"time":1774382619289,"pid":1603455,"hostname":"TempleOfZyminx","from":{"q":2,"r":6},"to":{"q":3,"r":10},"msg":"findPath: no valid path found"}
{"level":30,"time":1774382619289,"pid":1603455,"hostname":"TempleOfZyminx","from":{"q":2,"r":6},"to":{"q":3,"r":11},"msg":"findPath: no valid path found"}
{"level":30,"time":1774382619289,"pid":1603455,"hostname":"TempleOfZyminx","from":{"q":2,"r":6},"to":{"q":3,"r":12},"msg":"findPath: no valid path found"}
{"level":30,"time":1774382619289,"pid":1603455,"hostname":"TempleOfZyminx","from":{"q":2,"r":6},"to":{"q":3,"r":13},"msg":"findPath: no valid path found"}
{"level":30,"time":1774382619289,"pid":1603455,"hostname":"TempleOfZyminx","from":{"q":2,"r":6},"to":{"q":3,"r":14},"msg":"findPath: no valid path found"}
{"level":30,"time":1774382619289,"pid":1603455,"hostname":"TempleOfZyminx","from":{"q":2,"r":6},"to":{"q":3,"r":15},"msg":"findPath: no valid path found"}
{"level":30,"time":1774382619290,"pid":1603455,"hostname":"TempleOfZyminx","from":{"q":2,"r":6},"to":{"q":3,"r":16},"msg":"findPath: no valid path found"}
{"level":30,"time":1774382619290,"pid":1603455,"hostname":"TempleOfZyminx","from":{"q":2,"r":6},"to":{"q":3,"r":17},"msg":"findPath: no valid path found"}
{"level":30,"time":1774382619290,"pid":1603455,"hostname":"TempleOfZyminx","from":{"q":2,"r":6},"to":{"q":3,"r":18},"msg":"findPath: no valid path found"}
{"level":30,"time":1774382619290,"pid":1603455,"hostname":"TempleOfZyminx","from":{"q":2,"r":6},"to":{"q":3,"r":19},"msg":"findPath: no valid path found"}
{"level":30,"time":1774382619290,"pid":1603455,"hostname":"TempleOfZyminx","from":{"q":2,"r":6},"to":{"q":3,"r":20},"msg":"findPath: no valid path found"}
{"level":30,"time":1774382619290,"pid":1603455,"hostname":"TempleOfZyminx","from":{"q":2,"r":6},"to":{"q":3,"r":21},"msg":"findPath: no valid path found"}
{"level":30,"time":1774382619290,"pid":1603593,"hostname":"TempleOfZyminx","from":{"q":0,"r":10},"to":{"q":12,"r":6},"msg":"findPath: no valid path found"}
{"level":30,"time":1774382619290,"pid":1603593,"hostname":"TempleOfZyminx","from":{"q":0,"r":10},"to":{"q":12,"r":7},"msg":"findPath: no valid path found"}
{"level":30,"time":1774382619290,"pid":1603593,"hostname":"TempleOfZyminx","from":{"q":0,"r":10},"to":{"q":12,"r":8},"msg":"findPath: no valid path found"}
{"level":30,"time":1774382619290,"pid":1603593,"hostname":"TempleOfZyminx","from":{"q":0,"r":10},"to":{"q":12,"r":9},"msg":"findPath: no valid path found"}
{"level":30,"time":1774382619290,"pid":1603593,"hostname":"TempleOfZyminx","from":{"q":0,"r":10},"to":{"q":12,"r":10},"msg":"findPath: no valid path found"}
{"level":30,"time":1774382619290,"pid":1603593,"hostname":"TempleOfZyminx","from":{"q":0,"r":10},"to":{"q":12,"r":11},"msg":"findPath: no valid path found"}
{"level":30,"time":1774382619290,"pid":1603593,"hostname":"TempleOfZyminx","from":{"q":0,"r":10},"to":{"q":12,"r":12},"msg":"findPath: no valid path found"}
{"level":30,"time":1774382619290,"pid":1603593,"hostname":"TempleOfZyminx","from":{"q":0,"r":10},"to":{"q":12,"r":13},"msg":"findPath: no valid path found"}
{"level":30,"time":1774382619290,"pid":1603593,"hostname":"TempleOfZyminx","from":{"q":0,"r":10},"to":{"q":12,"r":14},"msg":"findPath: no valid path found"}
{"level":30,"time":1774382619290,"pid":1603593,"hostname":"TempleOfZyminx","from":{"q":0,"r":10},"to":{"q":12,"r":15},"msg":"findPath: no valid path found"}
{"level":30,"time":1774382619290,"pid":1603593,"hostname":"TempleOfZyminx","from":{"q":0,"r":10},"to":{"q":12,"r":16},"msg":"findPath: no valid path found"}
{"level":30,"time":1774382619291,"pid":1603593,"hostname":"TempleOfZyminx","from":{"q":0,"r":10},"to":{"q":12,"r":17},"msg":"findPath: no valid path found"}
{"level":30,"time":1774382619291,"pid":1603593,"hostname":"TempleOfZyminx","from":{"q":0,"r":10},"to":{"q":12,"r":18},"msg":"findPath: no valid path found"}
{"level":30,"time":1774382619291,"pid":1603593,"hostname":"TempleOfZyminx","from":{"q":0,"r":10},"to":{"q":12,"r":19},"msg":"findPath: no valid path found"}
{"level":30,"time":1774382619290,"pid":1603455,"hostname":"TempleOfZyminx","from":{"q":2,"r":6},"to":{"q":4,"r":0},"msg":"findPath: no valid path found"}
{"level":30,"time":1774382619290,"pid":1603455,"hostname":"TempleOfZyminx","from":{"q":2,"r":6},"to":{"q":4,"r":1},"msg":"findPath: no valid path found"}
{"level":30,"time":1774382619291,"pid":1603455,"hostname":"TempleOfZyminx","from":{"q":2,"r":6},"to":{"q":4,"r":8},"msg":"findPath: no valid path found"}
{"level":30,"time":1774382619291,"pid":1603455,"hostname":"TempleOfZyminx","from":{"q":2,"r":6},"to":{"q":4,"r":9},"msg":"findPath: no valid path found"}
{"level":30,"time":1774382619291,"pid":1603593,"hostname":"TempleOfZyminx","from":{"q":0,"r":10},"to":{"q":12,"r":20},"msg":"findPath: no valid path found"}
{"level":30,"time":1774382619291,"pid":1603593,"hostname":"TempleOfZyminx","from":{"q":0,"r":10},"to":{"q":12,"r":21},"msg":"findPath: no valid path found"}
{"level":30,"time":1774382619291,"pid":1603455,"hostname":"TempleOfZyminx","from":{"q":2,"r":6},"to":{"q":4,"r":10},"msg":"findPath: no valid path found"}
{"level":30,"time":1774382619291,"pid":1603593,"hostname":"TempleOfZyminx","from":{"q":0,"r":10},"to":{"q":13,"r":0},"msg":"findPath: no valid path found"}
{"level":30,"time":1774382619291,"pid":1603593,"hostname":"TempleOfZyminx","from":{"q":0,"r":10},"to":{"q":13,"r":1},"msg":"findPath: no valid path found"}
{"level":30,"time":1774382619291,"pid":1603455,"hostname":"TempleOfZyminx","from":{"q":2,"r":6},"to":{"q":4,"r":11},"msg":"findPath: no valid path found"}
{"level":30,"time":1774382619291,"pid":1603593,"hostname":"TempleOfZyminx","from":{"q":0,"r":10},"to":{"q":13,"r":2},"msg":"findPath: no valid path found"}
{"level":30,"time":1774382619291,"pid":1603593,"hostname":"TempleOfZyminx","from":{"q":0,"r":10},"to":{"q":13,"r":3},"msg":"findPath: no valid path found"}
{"level":30,"time":1774382619291,"pid":1603455,"hostname":"TempleOfZyminx","from":{"q":2,"r":6},"to":{"q":4,"r":12},"msg":"findPath: no valid path found"}
{"level":30,"time":1774382619291,"pid":1603593,"hostname":"TempleOfZyminx","from":{"q":0,"r":10},"to":{"q":13,"r":4},"msg":"findPath: no valid path found"}
{"level":30,"time":1774382619291,"pid":1603593,"hostname":"TempleOfZyminx","from":{"q":0,"r":10},"to":{"q":13,"r":5},"msg":"findPath: no valid path found"}
{"level":30,"time":1774382619291,"pid":1603593,"hostname":"TempleOfZyminx","from":{"q":0,"r":10},"to":{"q":13,"r":6},"msg":"findPath: no valid path found"}
{"level":30,"time":1774382619291,"pid":1603593,"hostname":"TempleOfZyminx","from":{"q":0,"r":10},"to":{"q":13,"r":7},"msg":"findPath: no valid path found"}
{"level":30,"time":1774382619291,"pid":1603593,"hostname":"TempleOfZyminx","from":{"q":0,"r":10},"to":{"q":13,"r":8},"msg":"findPath: no valid path found"}
{"level":30,"time":1774382619291,"pid":1603455,"hostname":"TempleOfZyminx","from":{"q":2,"r":6},"to":{"q":4,"r":13},"msg":"findPath: no valid path found"}
{"level":30,"time":1774382619291,"pid":1603455,"hostname":"TempleOfZyminx","from":{"q":2,"r":6},"to":{"q":4,"r":14},"msg":"findPath: no valid path found"}
{"level":30,"time":1774382619291,"pid":1603455,"hostname":"TempleOfZyminx","from":{"q":2,"r":6},"to":{"q":4,"r":15},"msg":"findPath: no valid path found"}
{"level":30,"time":1774382619291,"pid":1603455,"hostname":"TempleOfZyminx","from":{"q":2,"r":6},"to":{"q":4,"r":16},"msg":"findPath: no valid path found"}
{"level":30,"time":1774382619291,"pid":1603593,"hostname":"TempleOfZyminx","from":{"q":0,"r":10},"to":{"q":13,"r":9},"msg":"findPath: no valid path found"}
{"level":30,"time":1774382619291,"pid":1603593,"hostname":"TempleOfZyminx","from":{"q":0,"r":10},"to":{"q":13,"r":10},"msg":"findPath: no valid path found"}
{"level":30,"time":1774382619291,"pid":1603593,"hostname":"TempleOfZyminx","from":{"q":0,"r":10},"to":{"q":13,"r":11},"msg":"findPath: no valid path found"}
{"level":30,"time":1774382619291,"pid":1603593,"hostname":"TempleOfZyminx","from":{"q":0,"r":10},"to":{"q":13,"r":12},"msg":"findPath: no valid path found"}
{"level":30,"time":1774382619291,"pid":1603593,"hostname":"TempleOfZyminx","from":{"q":0,"r":10},"to":{"q":13,"r":13},"msg":"findPath: no valid path found"}
{"level":30,"time":1774382619291,"pid":1603593,"hostname":"TempleOfZyminx","from":{"q":0,"r":10},"to":{"q":13,"r":14},"msg":"findPath: no valid path found"}
{"level":30,"time":1774382619291,"pid":1603593,"hostname":"TempleOfZyminx","from":{"q":0,"r":10},"to":{"q":13,"r":15},"msg":"findPath: no valid path found"}
{"level":30,"time":1774382619291,"pid":1603455,"hostname":"TempleOfZyminx","from":{"q":2,"r":6},"to":{"q":4,"r":17},"msg":"findPath: no valid path found"}
{"level":30,"time":1774382619292,"pid":1603455,"hostname":"TempleOfZyminx","from":{"q":2,"r":6},"to":{"q":4,"r":18},"msg":"findPath: no valid path found"}
{"level":30,"time":1774382619292,"pid":1603455,"hostname":"TempleOfZyminx","from":{"q":2,"r":6},"to":{"q":4,"r":19},"msg":"findPath: no valid path found"}
{"level":30,"time":1774382619292,"pid":1603455,"hostname":"TempleOfZyminx","from":{"q":2,"r":6},"to":{"q":4,"r":20},"msg":"findPath: no valid path found"}
{"level":30,"time":1774382619292,"pid":1603455,"hostname":"TempleOfZyminx","from":{"q":2,"r":6},"to":{"q":4,"r":21},"msg":"findPath: no valid path found"}
{"level":30,"time":1774382619292,"pid":1603593,"hostname":"TempleOfZyminx","from":{"q":0,"r":10},"to":{"q":13,"r":16},"msg":"findPath: no valid path found"}
{"level":30,"time":1774382619292,"pid":1603593,"hostname":"TempleOfZyminx","from":{"q":0,"r":10},"to":{"q":13,"r":17},"msg":"findPath: no valid path found"}
{"level":30,"time":1774382619292,"pid":1603593,"hostname":"TempleOfZyminx","from":{"q":0,"r":10},"to":{"q":13,"r":18},"msg":"findPath: no valid path found"}
{"level":30,"time":1774382619292,"pid":1603593,"hostname":"TempleOfZyminx","from":{"q":0,"r":10},"to":{"q":13,"r":19},"msg":"findPath: no valid path found"}
{"level":30,"time":1774382619292,"pid":1603593,"hostname":"TempleOfZyminx","from":{"q":0,"r":10},"to":{"q":13,"r":20},"msg":"findPath: no valid path found"}
{"level":30,"time":1774382619292,"pid":1603593,"hostname":"TempleOfZyminx","from":{"q":0,"r":10},"to":{"q":13,"r":21},"msg":"findPath: no valid path found"}
{"level":30,"time":1774382619292,"pid":1603593,"hostname":"TempleOfZyminx","from":{"q":0,"r":10},"to":{"q":14,"r":0},"msg":"findPath: no valid path found"}
{"level":30,"time":1774382619292,"pid":1603593,"hostname":"TempleOfZyminx","from":{"q":0,"r":10},"to":{"q":14,"r":1},"msg":"findPath: no valid path found"}
{"level":30,"time":1774382619292,"pid":1603593,"hostname":"TempleOfZyminx","from":{"q":0,"r":10},"to":{"q":14,"r":2},"msg":"findPath: no valid path found"}
{"level":30,"time":1774382619292,"pid":1603593,"hostname":"TempleOfZyminx","from":{"q":0,"r":10},"to":{"q":14,"r":3},"msg":"findPath: no valid path found"}
{"level":30,"time":1774382619292,"pid":1603593,"hostname":"TempleOfZyminx","from":{"q":0,"r":10},"to":{"q":14,"r":4},"msg":"findPath: no valid path found"}
{"level":30,"time":1774382619292,"pid":1603593,"hostname":"TempleOfZyminx","from":{"q":0,"r":10},"to":{"q":14,"r":5},"msg":"findPath: no valid path found"}
{"level":30,"time":1774382619292,"pid":1603593,"hostname":"TempleOfZyminx","from":{"q":0,"r":10},"to":{"q":14,"r":6},"msg":"findPath: no valid path found"}
{"level":30,"time":1774382619292,"pid":1603593,"hostname":"TempleOfZyminx","from":{"q":0,"r":10},"to":{"q":14,"r":7},"msg":"findPath: no valid path found"}
{"level":30,"time":1774382619292,"pid":1603593,"hostname":"TempleOfZyminx","from":{"q":0,"r":10},"to":{"q":14,"r":8},"msg":"findPath: no valid path found"}
{"level":30,"time":1774382619292,"pid":1603593,"hostname":"TempleOfZyminx","from":{"q":0,"r":10},"to":{"q":14,"r":9},"msg":"findPath: no valid path found"}
{"level":30,"time":1774382619292,"pid":1603593,"hostname":"TempleOfZyminx","from":{"q":0,"r":10},"to":{"q":14,"r":10},"msg":"findPath: no valid path found"}
{"level":30,"time":1774382619292,"pid":1603593,"hostname":"TempleOfZyminx","from":{"q":0,"r":10},"to":{"q":14,"r":11},"msg":"findPath: no valid path found"}
{"level":30,"time":1774382619292,"pid":1603593,"hostname":"TempleOfZyminx","from":{"q":0,"r":10},"to":{"q":14,"r":12},"msg":"findPath: no valid path found"}
{"level":30,"time":1774382619293,"pid":1603593,"hostname":"TempleOfZyminx","from":{"q":0,"r":10},"to":{"q":14,"r":13},"msg":"findPath: no valid path found"}
{"level":30,"time":1774382619293,"pid":1603593,"hostname":"TempleOfZyminx","from":{"q":0,"r":10},"to":{"q":14,"r":14},"msg":"findPath: no valid path found"}
{"level":30,"time":1774382619292,"pid":1603455,"hostname":"TempleOfZyminx","from":{"q":2,"r":6},"to":{"q":5,"r":0},"msg":"findPath: no valid path found"}
{"level":30,"time":1774382619292,"pid":1603455,"hostname":"TempleOfZyminx","from":{"q":2,"r":6},"to":{"q":5,"r":1},"msg":"findPath: no valid path found"}
{"level":30,"time":1774382619292,"pid":1603455,"hostname":"TempleOfZyminx","from":{"q":2,"r":6},"to":{"q":5,"r":2},"msg":"findPath: no valid path found"}
{"level":30,"time":1774382619292,"pid":1603455,"hostname":"TempleOfZyminx","from":{"q":2,"r":6},"to":{"q":5,"r":8},"msg":"findPath: no valid path found"}
{"level":30,"time":1774382619292,"pid":1603455,"hostname":"TempleOfZyminx","from":{"q":2,"r":6},"to":{"q":5,"r":9},"msg":"findPath: no valid path found"}
{"level":30,"time":1774382619293,"pid":1603455,"hostname":"TempleOfZyminx","from":{"q":2,"r":6},"to":{"q":5,"r":10},"msg":"findPath: no valid path found"}
{"level":30,"time":1774382619293,"pid":1603593,"hostname":"TempleOfZyminx","from":{"q":0,"r":10},"to":{"q":14,"r":15},"msg":"findPath: no valid path found"}
{"level":30,"time":1774382619293,"pid":1603593,"hostname":"TempleOfZyminx","from":{"q":0,"r":10},"to":{"q":14,"r":16},"msg":"findPath: no valid path found"}
{"level":30,"time":1774382619293,"pid":1603455,"hostname":"TempleOfZyminx","from":{"q":2,"r":6},"to":{"q":5,"r":11},"msg":"findPath: no valid path found"}
{"level":30,"time":1774382619293,"pid":1603455,"hostname":"TempleOfZyminx","from":{"q":2,"r":6},"to":{"q":5,"r":12},"msg":"findPath: no valid path found"}
{"level":30,"time":1774382619293,"pid":1603593,"hostname":"TempleOfZyminx","from":{"q":0,"r":10},"to":{"q":14,"r":17},"msg":"findPath: no valid path found"}
{"level":30,"time":1774382619293,"pid":1603593,"hostname":"TempleOfZyminx","from":{"q":0,"r":10},"to":{"q":14,"r":18},"msg":"findPath: no valid path found"}
{"level":30,"time":1774382619293,"pid":1603593,"hostname":"TempleOfZyminx","from":{"q":0,"r":10},"to":{"q":14,"r":19},"msg":"findPath: no valid path found"}
{"level":30,"time":1774382619293,"pid":1603593,"hostname":"TempleOfZyminx","from":{"q":0,"r":10},"to":{"q":14,"r":20},"msg":"findPath: no valid path found"}
{"level":30,"time":1774382619293,"pid":1603593,"hostname":"TempleOfZyminx","from":{"q":0,"r":10},"to":{"q":14,"r":21},"msg":"findPath: no valid path found"}
{"level":30,"time":1774382619293,"pid":1603455,"hostname":"TempleOfZyminx","from":{"q":2,"r":6},"to":{"q":5,"r":13},"msg":"findPath: no valid path found"}
{"level":30,"time":1774382619293,"pid":1603455,"hostname":"TempleOfZyminx","from":{"q":2,"r":6},"to":{"q":5,"r":14},"msg":"findPath: no valid path found"}
{"level":30,"time":1774382619293,"pid":1603455,"hostname":"TempleOfZyminx","from":{"q":2,"r":6},"to":{"q":5,"r":15},"msg":"findPath: no valid path found"}
{"level":30,"time":1774382619293,"pid":1603455,"hostname":"TempleOfZyminx","from":{"q":2,"r":6},"to":{"q":5,"r":16},"msg":"findPath: no valid path found"}
{"level":30,"time":1774382619293,"pid":1603455,"hostname":"TempleOfZyminx","from":{"q":2,"r":6},"to":{"q":5,"r":17},"msg":"findPath: no valid path found"}
{"level":30,"time":1774382619293,"pid":1603455,"hostname":"TempleOfZyminx","from":{"q":2,"r":6},"to":{"q":5,"r":18},"msg":"findPath: no valid path found"}
{"level":30,"time":1774382619294,"pid":1603455,"hostname":"TempleOfZyminx","from":{"q":2,"r":6},"to":{"q":5,"r":19},"msg":"findPath: no valid path found"}
{"level":30,"time":1774382619294,"pid":1603455,"hostname":"TempleOfZyminx","from":{"q":2,"r":6},"to":{"q":5,"r":20},"msg":"findPath: no valid path found"}
{"level":30,"time":1774382619294,"pid":1603455,"hostname":"TempleOfZyminx","from":{"q":2,"r":6},"to":{"q":5,"r":21},"msg":"findPath: no valid path found"}
{"level":30,"time":1774382619294,"pid":1603455,"hostname":"TempleOfZyminx","from":{"q":2,"r":6},"to":{"q":6,"r":0},"msg":"findPath: no valid path found"}
{"level":30,"time":1774382619294,"pid":1603455,"hostname":"TempleOfZyminx","from":{"q":2,"r":6},"to":{"q":6,"r":1},"msg":"findPath: no valid path found"}
{"level":30,"time":1774382619294,"pid":1603593,"hostname":"TempleOfZyminx","id":"65094b45-b3ae-473f-a304-c8e3a9953aa6","command":"MOVE","msg":"Submitting game action"}
{"level":30,"time":1774382619295,"pid":1603593,"hostname":"TempleOfZyminx","gameId":"65094b45-b3ae-473f-a304-c8e3a9953aa6","unitId":"onion-1","msg":"Processing MOVE command"}
{"level":30,"time":1774382619295,"pid":1603455,"hostname":"TempleOfZyminx","from":{"q":2,"r":6},"to":{"q":6,"r":7},"msg":"findPath: no valid path found"}
{"level":30,"time":1774382619295,"pid":1603455,"hostname":"TempleOfZyminx","from":{"q":2,"r":6},"to":{"q":6,"r":8},"msg":"findPath: no valid path found"}
{"level":30,"time":1774382619295,"pid":1603455,"hostname":"TempleOfZyminx","from":{"q":2,"r":6},"to":{"q":6,"r":9},"msg":"findPath: no valid path found"}
{"level":30,"time":1774382619295,"pid":1603455,"hostname":"TempleOfZyminx","from":{"q":2,"r":6},"to":{"q":6,"r":10},"msg":"findPath: no valid path found"}
{"level":30,"time":1774382619295,"pid":1603455,"hostname":"TempleOfZyminx","from":{"q":2,"r":6},"to":{"q":6,"r":11},"msg":"findPath: no valid path found"}
{"level":30,"time":1774382619295,"pid":1603455,"hostname":"TempleOfZyminx","from":{"q":2,"r":6},"to":{"q":6,"r":12},"msg":"findPath: no valid path found"}
{"level":30,"time":1774382619295,"pid":1603455,"hostname":"TempleOfZyminx","from":{"q":2,"r":6},"to":{"q":6,"r":13},"msg":"findPath: no valid path found"}
{"level":30,"time":1774382619296,"pid":1603455,"hostname":"TempleOfZyminx","from":{"q":2,"r":6},"to":{"q":6,"r":14},"msg":"findPath: no valid path found"}
{"level":30,"time":1774382619296,"pid":1603455,"hostname":"TempleOfZyminx","from":{"q":2,"r":6},"to":{"q":6,"r":15},"msg":"findPath: no valid path found"}
{"level":30,"time":1774382619296,"pid":1603455,"hostname":"TempleOfZyminx","from":{"q":2,"r":6},"to":{"q":6,"r":16},"msg":"findPath: no valid path found"}
{"level":30,"time":1774382619296,"pid":1603455,"hostname":"TempleOfZyminx","from":{"q":2,"r":6},"to":{"q":6,"r":17},"msg":"findPath: no valid path found"}
{"level":30,"time":1774382619296,"pid":1603455,"hostname":"TempleOfZyminx","from":{"q":2,"r":6},"to":{"q":6,"r":18},"msg":"findPath: no valid path found"}
{"level":30,"time":1774382619296,"pid":1603455,"hostname":"TempleOfZyminx","from":{"q":2,"r":6},"to":{"q":6,"r":19},"msg":"findPath: no valid path found"}
{"level":30,"time":1774382619296,"pid":1603455,"hostname":"TempleOfZyminx","from":{"q":2,"r":6},"to":{"q":6,"r":20},"msg":"findPath: no valid path found"}
{"level":30,"time":1774382619296,"pid":1603593,"hostname":"TempleOfZyminx","id":"65094b45-b3ae-473f-a304-c8e3a9953aa6","msg":"Fetching game state"}
{"level":30,"time":1774382619297,"pid":1603593,"hostname":"TempleOfZyminx","id":"65094b45-b3ae-473f-a304-c8e3a9953aa6","msg":"Fetching game state"}
{"level":30,"time":1774382619296,"pid":1603455,"hostname":"TempleOfZyminx","from":{"q":2,"r":6},"to":{"q":6,"r":21},"msg":"findPath: no valid path found"}
{"level":30,"time":1774382619296,"pid":1603455,"hostname":"TempleOfZyminx","from":{"q":2,"r":6},"to":{"q":7,"r":0},"msg":"findPath: no valid path found"}
{"level":30,"time":1774382619296,"pid":1603455,"hostname":"TempleOfZyminx","from":{"q":2,"r":6},"to":{"q":7,"r":1},"msg":"findPath: no valid path found"}
{"level":30,"time":1774382619297,"pid":1603455,"hostname":"TempleOfZyminx","from":{"q":2,"r":6},"to":{"q":7,"r":2},"msg":"findPath: no valid path found"}
{"level":30,"time":1774382619297,"pid":1603455,"hostname":"TempleOfZyminx","from":{"q":2,"r":6},"to":{"q":7,"r":4},"msg":"findPath: no valid path found"}
{"level":30,"time":1774382619297,"pid":1603455,"hostname":"TempleOfZyminx","from":{"q":2,"r":6},"to":{"q":7,"r":5},"msg":"findPath: no valid path found"}
{"level":30,"time":1774382619297,"pid":1603455,"hostname":"TempleOfZyminx","from":{"q":2,"r":6},"to":{"q":7,"r":6},"msg":"findPath: no valid path found"}
{"level":30,"time":1774382619297,"pid":1603455,"hostname":"TempleOfZyminx","from":{"q":2,"r":6},"to":{"q":7,"r":7},"msg":"findPath: no valid path found"}
{"level":30,"time":1774382619297,"pid":1603455,"hostname":"TempleOfZyminx","from":{"q":2,"r":6},"to":{"q":7,"r":8},"msg":"findPath: no valid path found"}
{"level":30,"time":1774382619298,"pid":1603455,"hostname":"TempleOfZyminx","from":{"q":2,"r":6},"to":{"q":7,"r":9},"msg":"findPath: no valid path found"}
{"level":30,"time":1774382619298,"pid":1603455,"hostname":"TempleOfZyminx","from":{"q":2,"r":6},"to":{"q":7,"r":10},"msg":"findPath: no valid path found"}
{"level":30,"time":1774382619298,"pid":1603455,"hostname":"TempleOfZyminx","from":{"q":2,"r":6},"to":{"q":7,"r":11},"msg":"findPath: no valid path found"}
{"level":30,"time":1774382619298,"pid":1603455,"hostname":"TempleOfZyminx","from":{"q":2,"r":6},"to":{"q":7,"r":12},"msg":"findPath: no valid path found"}
{"level":30,"time":1774382619298,"pid":1603455,"hostname":"TempleOfZyminx","from":{"q":2,"r":6},"to":{"q":7,"r":13},"msg":"findPath: no valid path found"}
{"level":30,"time":1774382619298,"pid":1603455,"hostname":"TempleOfZyminx","from":{"q":2,"r":6},"to":{"q":7,"r":14},"msg":"findPath: no valid path found"}
{"level":30,"time":1774382619298,"pid":1603455,"hostname":"TempleOfZyminx","from":{"q":2,"r":6},"to":{"q":7,"r":15},"msg":"findPath: no valid path found"}
{"level":30,"time":1774382619298,"pid":1603455,"hostname":"TempleOfZyminx","from":{"q":2,"r":6},"to":{"q":7,"r":16},"msg":"findPath: no valid path found"}
{"level":30,"time":1774382619298,"pid":1603455,"hostname":"TempleOfZyminx","from":{"q":2,"r":6},"to":{"q":7,"r":17},"msg":"findPath: no valid path found"}
{"level":30,"time":1774382619298,"pid":1603455,"hostname":"TempleOfZyminx","from":{"q":2,"r":6},"to":{"q":7,"r":18},"msg":"findPath: no valid path found"}
{"level":30,"time":1774382619298,"pid":1603455,"hostname":"TempleOfZyminx","from":{"q":2,"r":6},"to":{"q":7,"r":19},"msg":"findPath: no valid path found"}
{"level":30,"time":1774382619298,"pid":1603455,"hostname":"TempleOfZyminx","from":{"q":2,"r":6},"to":{"q":7,"r":20},"msg":"findPath: no valid path found"}
{"level":30,"time":1774382619298,"pid":1603455,"hostname":"TempleOfZyminx","from":{"q":2,"r":6},"to":{"q":7,"r":21},"msg":"findPath: no valid path found"}
{"level":30,"time":1774382619298,"pid":1603455,"hostname":"TempleOfZyminx","from":{"q":2,"r":6},"to":{"q":8,"r":0},"msg":"findPath: no valid path found"}
{"level":30,"time":1774382619298,"pid":1603455,"hostname":"TempleOfZyminx","from":{"q":2,"r":6},"to":{"q":8,"r":1},"msg":"findPath: no valid path found"}
{"level":30,"time":1774382619298,"pid":1603455,"hostname":"TempleOfZyminx","from":{"q":2,"r":6},"to":{"q":8,"r":2},"msg":"findPath: no valid path found"}
{"level":30,"time":1774382619298,"pid":1603455,"hostname":"TempleOfZyminx","from":{"q":2,"r":6},"to":{"q":8,"r":3},"msg":"findPath: no valid path found"}
{"level":30,"time":1774382619298,"pid":1603455,"hostname":"TempleOfZyminx","from":{"q":2,"r":6},"to":{"q":8,"r":4},"msg":"findPath: no valid path found"}
{"level":30,"time":1774382619299,"pid":1603455,"hostname":"TempleOfZyminx","from":{"q":2,"r":6},"to":{"q":8,"r":5},"msg":"findPath: no valid path found"}
{"level":30,"time":1774382619299,"pid":1603455,"hostname":"TempleOfZyminx","from":{"q":2,"r":6},"to":{"q":8,"r":6},"msg":"findPath: no valid path found"}
{"level":30,"time":1774382619299,"pid":1603455,"hostname":"TempleOfZyminx","from":{"q":2,"r":6},"to":{"q":8,"r":7},"msg":"findPath: no valid path found"}
{"level":30,"time":1774382619299,"pid":1603455,"hostname":"TempleOfZyminx","from":{"q":2,"r":6},"to":{"q":8,"r":8},"msg":"findPath: no valid path found"}
{"level":30,"time":1774382619299,"pid":1603455,"hostname":"TempleOfZyminx","from":{"q":2,"r":6},"to":{"q":8,"r":9},"msg":"findPath: no valid path found"}
{"level":30,"time":1774382619299,"pid":1603455,"hostname":"TempleOfZyminx","from":{"q":2,"r":6},"to":{"q":8,"r":10},"msg":"findPath: no valid path found"}
{"level":30,"time":1774382619299,"pid":1603455,"hostname":"TempleOfZyminx","from":{"q":2,"r":6},"to":{"q":8,"r":11},"msg":"findPath: no valid path found"}
{"level":30,"time":1774382619299,"pid":1603455,"hostname":"TempleOfZyminx","from":{"q":2,"r":6},"to":{"q":8,"r":12},"msg":"findPath: no valid path found"}
{"level":30,"time":1774382619299,"pid":1603455,"hostname":"TempleOfZyminx","from":{"q":2,"r":6},"to":{"q":8,"r":13},"msg":"findPath: no valid path found"}
{"level":30,"time":1774382619299,"pid":1603455,"hostname":"TempleOfZyminx","from":{"q":2,"r":6},"to":{"q":8,"r":14},"msg":"findPath: no valid path found"}
{"level":30,"time":1774382619299,"pid":1603455,"hostname":"TempleOfZyminx","from":{"q":2,"r":6},"to":{"q":8,"r":15},"msg":"findPath: no valid path found"}
{"level":30,"time":1774382619299,"pid":1603455,"hostname":"TempleOfZyminx","from":{"q":2,"r":6},"to":{"q":8,"r":16},"msg":"findPath: no valid path found"}
{"level":30,"time":1774382619299,"pid":1603455,"hostname":"TempleOfZyminx","from":{"q":2,"r":6},"to":{"q":8,"r":17},"msg":"findPath: no valid path found"}
{"level":30,"time":1774382619299,"pid":1603455,"hostname":"TempleOfZyminx","from":{"q":2,"r":6},"to":{"q":8,"r":18},"msg":"findPath: no valid path found"}
{"level":30,"time":1774382619299,"pid":1603455,"hostname":"TempleOfZyminx","from":{"q":2,"r":6},"to":{"q":8,"r":19},"msg":"findPath: no valid path found"}
{"level":30,"time":1774382619299,"pid":1603455,"hostname":"TempleOfZyminx","from":{"q":2,"r":6},"to":{"q":8,"r":20},"msg":"findPath: no valid path found"}
{"level":30,"time":1774382619299,"pid":1603455,"hostname":"TempleOfZyminx","from":{"q":2,"r":6},"to":{"q":8,"r":21},"msg":"findPath: no valid path found"}
{"level":30,"time":1774382619300,"pid":1603455,"hostname":"TempleOfZyminx","from":{"q":2,"r":6},"to":{"q":9,"r":0},"msg":"findPath: no valid path found"}
{"level":30,"time":1774382619300,"pid":1603455,"hostname":"TempleOfZyminx","from":{"q":2,"r":6},"to":{"q":9,"r":1},"msg":"findPath: no valid path found"}
{"level":30,"time":1774382619300,"pid":1603455,"hostname":"TempleOfZyminx","from":{"q":2,"r":6},"to":{"q":9,"r":2},"msg":"findPath: no valid path found"}
{"level":30,"time":1774382619300,"pid":1603455,"hostname":"TempleOfZyminx","from":{"q":2,"r":6},"to":{"q":9,"r":3},"msg":"findPath: no valid path found"}
{"level":30,"time":1774382619300,"pid":1603455,"hostname":"TempleOfZyminx","from":{"q":2,"r":6},"to":{"q":9,"r":4},"msg":"findPath: no valid path found"}
{"level":30,"time":1774382619300,"pid":1603455,"hostname":"TempleOfZyminx","from":{"q":2,"r":6},"to":{"q":9,"r":5},"msg":"findPath: no valid path found"}
{"level":30,"time":1774382619300,"pid":1603455,"hostname":"TempleOfZyminx","from":{"q":2,"r":6},"to":{"q":9,"r":6},"msg":"findPath: no valid path found"}
{"level":30,"time":1774382619300,"pid":1603455,"hostname":"TempleOfZyminx","from":{"q":2,"r":6},"to":{"q":9,"r":7},"msg":"findPath: no valid path found"}
{"level":30,"time":1774382619300,"pid":1603455,"hostname":"TempleOfZyminx","from":{"q":2,"r":6},"to":{"q":9,"r":8},"msg":"findPath: no valid path found"}
{"level":30,"time":1774382619300,"pid":1603455,"hostname":"TempleOfZyminx","from":{"q":2,"r":6},"to":{"q":9,"r":9},"msg":"findPath: no valid path found"}
{"level":30,"time":1774382619300,"pid":1603455,"hostname":"TempleOfZyminx","from":{"q":2,"r":6},"to":{"q":9,"r":10},"msg":"findPath: no valid path found"}
{"level":30,"time":1774382619300,"pid":1603455,"hostname":"TempleOfZyminx","from":{"q":2,"r":6},"to":{"q":9,"r":11},"msg":"findPath: no valid path found"}
{"level":30,"time":1774382619300,"pid":1603455,"hostname":"TempleOfZyminx","from":{"q":2,"r":6},"to":{"q":9,"r":12},"msg":"findPath: no valid path found"}
{"level":30,"time":1774382619300,"pid":1603455,"hostname":"TempleOfZyminx","from":{"q":2,"r":6},"to":{"q":9,"r":13},"msg":"findPath: no valid path found"}
{"level":30,"time":1774382619300,"pid":1603455,"hostname":"TempleOfZyminx","from":{"q":2,"r":6},"to":{"q":9,"r":14},"msg":"findPath: no valid path found"}
{"level":30,"time":1774382619300,"pid":1603455,"hostname":"TempleOfZyminx","from":{"q":2,"r":6},"to":{"q":9,"r":15},"msg":"findPath: no valid path found"}
{"level":30,"time":1774382619300,"pid":1603455,"hostname":"TempleOfZyminx","from":{"q":2,"r":6},"to":{"q":9,"r":16},"msg":"findPath: no valid path found"}
{"level":30,"time":1774382619301,"pid":1603455,"hostname":"TempleOfZyminx","from":{"q":2,"r":6},"to":{"q":9,"r":17},"msg":"findPath: no valid path found"}
{"level":30,"time":1774382619301,"pid":1603455,"hostname":"TempleOfZyminx","from":{"q":2,"r":6},"to":{"q":9,"r":18},"msg":"findPath: no valid path found"}
{"level":30,"time":1774382619301,"pid":1603455,"hostname":"TempleOfZyminx","from":{"q":2,"r":6},"to":{"q":9,"r":19},"msg":"findPath: no valid path found"}
{"level":30,"time":1774382619301,"pid":1603455,"hostname":"TempleOfZyminx","from":{"q":2,"r":6},"to":{"q":9,"r":20},"msg":"findPath: no valid path found"}
{"level":30,"time":1774382619301,"pid":1603455,"hostname":"TempleOfZyminx","from":{"q":2,"r":6},"to":{"q":9,"r":21},"msg":"findPath: no valid path found"}
{"level":30,"time":1774382619301,"pid":1603455,"hostname":"TempleOfZyminx","from":{"q":2,"r":6},"to":{"q":10,"r":0},"msg":"findPath: no valid path found"}
{"level":30,"time":1774382619301,"pid":1603455,"hostname":"TempleOfZyminx","from":{"q":2,"r":6},"to":{"q":10,"r":1},"msg":"findPath: no valid path found"}
{"level":30,"time":1774382619301,"pid":1603455,"hostname":"TempleOfZyminx","from":{"q":2,"r":6},"to":{"q":10,"r":2},"msg":"findPath: no valid path found"}
{"level":30,"time":1774382619301,"pid":1603455,"hostname":"TempleOfZyminx","from":{"q":2,"r":6},"to":{"q":10,"r":3},"msg":"findPath: no valid path found"}
{"level":30,"time":1774382619301,"pid":1603455,"hostname":"TempleOfZyminx","from":{"q":2,"r":6},"to":{"q":10,"r":4},"msg":"findPath: no valid path found"}
{"level":30,"time":1774382619301,"pid":1603455,"hostname":"TempleOfZyminx","from":{"q":2,"r":6},"to":{"q":10,"r":5},"msg":"findPath: no valid path found"}
{"level":30,"time":1774382619298,"pid":1603593,"hostname":"TempleOfZyminx","id":"65094b45-b3ae-473f-a304-c8e3a9953aa6","command":"END_PHASE","msg":"Submitting game action"}
{"level":30,"time":1774382619298,"pid":1603593,"hostname":"TempleOfZyminx","gameId":"65094b45-b3ae-473f-a304-c8e3a9953aa6","phase":"ONION_MOVE","msg":"Advancing phase"}
{"level":30,"time":1774382619298,"pid":1603593,"hostname":"TempleOfZyminx","phase":"ONION_MOVE","turnNumber":1,"msg":"Advancing phase in engine"}
{"level":30,"time":1774382619299,"pid":1603593,"hostname":"TempleOfZyminx","id":"65094b45-b3ae-473f-a304-c8e3a9953aa6","msg":"Fetching game state"}
{"level":30,"time":1774382619299,"pid":1603593,"hostname":"TempleOfZyminx","id":"65094b45-b3ae-473f-a304-c8e3a9953aa6","msg":"Fetching game state"}
{"level":30,"time":1774382619300,"pid":1603593,"hostname":"TempleOfZyminx","id":"65094b45-b3ae-473f-a304-c8e3a9953aa6","command":"FIRE","msg":"Submitting game action"}
{"level":30,"time":1774382619300,"pid":1603593,"hostname":"TempleOfZyminx","gameId":"65094b45-b3ae-473f-a304-c8e3a9953aa6","type":"FIRE","msg":"Processing combat command"}
{"level":30,"time":1774382619300,"pid":1603593,"hostname":"TempleOfZyminx","commandType":"FIRE","msg":"Validating combat action"}
{"level":30,"time":1774382619301,"pid":1603593,"hostname":"TempleOfZyminx","plan":{"actionType":"FIRE","actor":"onion","attackerIds":["missile_1"],"target":{"kind":"defender","id":"pigs-1"},"attackStrength":6,"defense":3,"weaponIds":["missile_1"]},"msg":"Executing combat action"}
{"level":30,"time":1774382619302,"pid":1603593,"hostname":"TempleOfZyminx","id":"65094b45-b3ae-473f-a304-c8e3a9953aa6","command":"FIRE","msg":"Submitting game action"}
{"level":30,"time":1774382619302,"pid":1603455,"hostname":"TempleOfZyminx","from":{"q":2,"r":6},"to":{"q":10,"r":6},"msg":"findPath: no valid path found"}
{"level":30,"time":1774382619302,"pid":1603455,"hostname":"TempleOfZyminx","from":{"q":2,"r":6},"to":{"q":10,"r":7},"msg":"findPath: no valid path found"}
{"level":30,"time":1774382619302,"pid":1603455,"hostname":"TempleOfZyminx","from":{"q":2,"r":6},"to":{"q":10,"r":8},"msg":"findPath: no valid path found"}
{"level":30,"time":1774382619302,"pid":1603455,"hostname":"TempleOfZyminx","from":{"q":2,"r":6},"to":{"q":10,"r":9},"msg":"findPath: no valid path found"}
{"level":30,"time":1774382619302,"pid":1603455,"hostname":"TempleOfZyminx","from":{"q":2,"r":6},"to":{"q":10,"r":10},"msg":"findPath: no valid path found"}
{"level":30,"time":1774382619302,"pid":1603455,"hostname":"TempleOfZyminx","from":{"q":2,"r":6},"to":{"q":10,"r":11},"msg":"findPath: no valid path found"}
{"level":30,"time":1774382619302,"pid":1603455,"hostname":"TempleOfZyminx","from":{"q":2,"r":6},"to":{"q":10,"r":12},"msg":"findPath: no valid path found"}
{"level":30,"time":1774382619302,"pid":1603455,"hostname":"TempleOfZyminx","from":{"q":2,"r":6},"to":{"q":10,"r":13},"msg":"findPath: no valid path found"}
{"level":30,"time":1774382619302,"pid":1603593,"hostname":"TempleOfZyminx","gameId":"65094b45-b3ae-473f-a304-c8e3a9953aa6","type":"FIRE","msg":"Processing combat command"}
{"level":30,"time":1774382619302,"pid":1603593,"hostname":"TempleOfZyminx","commandType":"FIRE","msg":"Validating combat action"}
{"level":30,"time":1774382619302,"pid":1603593,"hostname":"TempleOfZyminx","gameId":"65094b45-b3ae-473f-a304-c8e3a9953aa6","error":"Attacker 'missile_1' is already destroyed or exhausted","msg":"Invalid combat command"}
{"level":30,"time":1774382619302,"pid":1603455,"hostname":"TempleOfZyminx","from":{"q":2,"r":6},"to":{"q":10,"r":14},"msg":"findPath: no valid path found"}
{"level":30,"time":1774382619302,"pid":1603455,"hostname":"TempleOfZyminx","from":{"q":2,"r":6},"to":{"q":10,"r":15},"msg":"findPath: no valid path found"}
{"level":30,"time":1774382619303,"pid":1603455,"hostname":"TempleOfZyminx","from":{"q":2,"r":6},"to":{"q":10,"r":16},"msg":"findPath: no valid path found"}
{"level":30,"time":1774382619303,"pid":1603455,"hostname":"TempleOfZyminx","from":{"q":2,"r":6},"to":{"q":10,"r":17},"msg":"findPath: no valid path found"}
{"level":30,"time":1774382619303,"pid":1603455,"hostname":"TempleOfZyminx","from":{"q":2,"r":6},"to":{"q":10,"r":18},"msg":"findPath: no valid path found"}
{"level":30,"time":1774382619303,"pid":1603455,"hostname":"TempleOfZyminx","from":{"q":2,"r":6},"to":{"q":10,"r":19},"msg":"findPath: no valid path found"}
{"level":30,"time":1774382619303,"pid":1603455,"hostname":"TempleOfZyminx","from":{"q":2,"r":6},"to":{"q":10,"r":20},"msg":"findPath: no valid path found"}
{"level":30,"time":1774382619303,"pid":1603455,"hostname":"TempleOfZyminx","from":{"q":2,"r":6},"to":{"q":10,"r":21},"msg":"findPath: no valid path found"}
{"level":30,"time":1774382619303,"pid":1603593,"hostname":"TempleOfZyminx","id":"65094b45-b3ae-473f-a304-c8e3a9953aa6","msg":"Fetching game state"}
{"level":30,"time":1774382619303,"pid":1603455,"hostname":"TempleOfZyminx","from":{"q":2,"r":6},"to":{"q":11,"r":0},"msg":"findPath: no valid path found"}
{"level":30,"time":1774382619303,"pid":1603455,"hostname":"TempleOfZyminx","from":{"q":2,"r":6},"to":{"q":11,"r":1},"msg":"findPath: no valid path found"}
{"level":30,"time":1774382619303,"pid":1603455,"hostname":"TempleOfZyminx","from":{"q":2,"r":6},"to":{"q":11,"r":2},"msg":"findPath: no valid path found"}
{"level":30,"time":1774382619303,"pid":1603455,"hostname":"TempleOfZyminx","from":{"q":2,"r":6},"to":{"q":11,"r":3},"msg":"findPath: no valid path found"}
{"level":30,"time":1774382619304,"pid":1603455,"hostname":"TempleOfZyminx","from":{"q":2,"r":6},"to":{"q":11,"r":4},"msg":"findPath: no valid path found"}
{"level":30,"time":1774382619304,"pid":1603455,"hostname":"TempleOfZyminx","from":{"q":2,"r":6},"to":{"q":11,"r":5},"msg":"findPath: no valid path found"}
{"level":30,"time":1774382619304,"pid":1603455,"hostname":"TempleOfZyminx","from":{"q":2,"r":6},"to":{"q":11,"r":6},"msg":"findPath: no valid path found"}
{"level":30,"time":1774382619304,"pid":1603455,"hostname":"TempleOfZyminx","from":{"q":2,"r":6},"to":{"q":11,"r":7},"msg":"findPath: no valid path found"}
{"level":30,"time":1774382619304,"pid":1603455,"hostname":"TempleOfZyminx","from":{"q":2,"r":6},"to":{"q":11,"r":8},"msg":"findPath: no valid path found"}
{"level":30,"time":1774382619304,"pid":1603455,"hostname":"TempleOfZyminx","from":{"q":2,"r":6},"to":{"q":11,"r":9},"msg":"findPath: no valid path found"}
{"level":30,"time":1774382619304,"pid":1603455,"hostname":"TempleOfZyminx","from":{"q":2,"r":6},"to":{"q":11,"r":10},"msg":"findPath: no valid path found"}
{"level":30,"time":1774382619304,"pid":1603455,"hostname":"TempleOfZyminx","from":{"q":2,"r":6},"to":{"q":11,"r":11},"msg":"findPath: no valid path found"}
{"level":30,"time":1774382619304,"pid":1603455,"hostname":"TempleOfZyminx","from":{"q":2,"r":6},"to":{"q":11,"r":12},"msg":"findPath: no valid path found"}
{"level":30,"time":1774382619304,"pid":1603455,"hostname":"TempleOfZyminx","from":{"q":2,"r":6},"to":{"q":11,"r":13},"msg":"findPath: no valid path found"}
{"level":30,"time":1774382619304,"pid":1603455,"hostname":"TempleOfZyminx","from":{"q":2,"r":6},"to":{"q":11,"r":14},"msg":"findPath: no valid path found"}
{"level":30,"time":1774382619304,"pid":1603455,"hostname":"TempleOfZyminx","from":{"q":2,"r":6},"to":{"q":11,"r":15},"msg":"findPath: no valid path found"}
{"level":30,"time":1774382619304,"pid":1603455,"hostname":"TempleOfZyminx","from":{"q":2,"r":6},"to":{"q":11,"r":16},"msg":"findPath: no valid path found"}
{"level":30,"time":1774382619304,"pid":1603593,"hostname":"TempleOfZyminx","id":"65094b45-b3ae-473f-a304-c8e3a9953aa6","command":"END_PHASE","msg":"Submitting game action"}
{"level":30,"time":1774382619304,"pid":1603455,"hostname":"TempleOfZyminx","from":{"q":2,"r":6},"to":{"q":11,"r":17},"msg":"findPath: no valid path found"}
{"level":30,"time":1774382619304,"pid":1603455,"hostname":"TempleOfZyminx","from":{"q":2,"r":6},"to":{"q":11,"r":18},"msg":"findPath: no valid path found"}
{"level":30,"time":1774382619304,"pid":1603455,"hostname":"TempleOfZyminx","from":{"q":2,"r":6},"to":{"q":11,"r":19},"msg":"findPath: no valid path found"}
{"level":30,"time":1774382619305,"pid":1603455,"hostname":"TempleOfZyminx","from":{"q":2,"r":6},"to":{"q":11,"r":20},"msg":"findPath: no valid path found"}
{"level":30,"time":1774382619305,"pid":1603455,"hostname":"TempleOfZyminx","from":{"q":2,"r":6},"to":{"q":11,"r":21},"msg":"findPath: no valid path found"}
{"level":30,"time":1774382619305,"pid":1603455,"hostname":"TempleOfZyminx","from":{"q":2,"r":6},"to":{"q":12,"r":0},"msg":"findPath: no valid path found"}
{"level":30,"time":1774382619305,"pid":1603455,"hostname":"TempleOfZyminx","from":{"q":2,"r":6},"to":{"q":12,"r":1},"msg":"findPath: no valid path found"}
{"level":30,"time":1774382619305,"pid":1603593,"hostname":"TempleOfZyminx","gameId":"65094b45-b3ae-473f-a304-c8e3a9953aa6","phase":"ONION_COMBAT","msg":"Advancing phase"}
{"level":30,"time":1774382619305,"pid":1603593,"hostname":"TempleOfZyminx","phase":"ONION_COMBAT","turnNumber":1,"msg":"Advancing phase in engine"}
{"level":30,"time":1774382619306,"pid":1603593,"hostname":"TempleOfZyminx","id":"65094b45-b3ae-473f-a304-c8e3a9953aa6","msg":"Fetching game state"}
{"level":30,"time":1774382619305,"pid":1603455,"hostname":"TempleOfZyminx","from":{"q":2,"r":6},"to":{"q":12,"r":2},"msg":"findPath: no valid path found"}
{"level":30,"time":1774382619305,"pid":1603455,"hostname":"TempleOfZyminx","from":{"q":2,"r":6},"to":{"q":12,"r":3},"msg":"findPath: no valid path found"}
{"level":30,"time":1774382619305,"pid":1603455,"hostname":"TempleOfZyminx","from":{"q":2,"r":6},"to":{"q":12,"r":4},"msg":"findPath: no valid path found"}
{"level":30,"time":1774382619305,"pid":1603455,"hostname":"TempleOfZyminx","from":{"q":2,"r":6},"to":{"q":12,"r":5},"msg":"findPath: no valid path found"}
{"level":30,"time":1774382619305,"pid":1603455,"hostname":"TempleOfZyminx","from":{"q":2,"r":6},"to":{"q":12,"r":6},"msg":"findPath: no valid path found"}
{"level":30,"time":1774382619305,"pid":1603455,"hostname":"TempleOfZyminx","from":{"q":2,"r":6},"to":{"q":12,"r":7},"msg":"findPath: no valid path found"}
{"level":30,"time":1774382619305,"pid":1603455,"hostname":"TempleOfZyminx","from":{"q":2,"r":6},"to":{"q":12,"r":8},"msg":"findPath: no valid path found"}
{"level":30,"time":1774382619305,"pid":1603455,"hostname":"TempleOfZyminx","from":{"q":2,"r":6},"to":{"q":12,"r":9},"msg":"findPath: no valid path found"}
{"level":30,"time":1774382619306,"pid":1603455,"hostname":"TempleOfZyminx","from":{"q":2,"r":6},"to":{"q":12,"r":10},"msg":"findPath: no valid path found"}
{"level":30,"time":1774382619306,"pid":1603455,"hostname":"TempleOfZyminx","from":{"q":2,"r":6},"to":{"q":12,"r":11},"msg":"findPath: no valid path found"}
{"level":30,"time":1774382619306,"pid":1603455,"hostname":"TempleOfZyminx","from":{"q":2,"r":6},"to":{"q":12,"r":12},"msg":"findPath: no valid path found"}
{"level":30,"time":1774382619306,"pid":1603455,"hostname":"TempleOfZyminx","from":{"q":2,"r":6},"to":{"q":12,"r":13},"msg":"findPath: no valid path found"}
{"level":30,"time":1774382619306,"pid":1603455,"hostname":"TempleOfZyminx","from":{"q":2,"r":6},"to":{"q":12,"r":14},"msg":"findPath: no valid path found"}
{"level":30,"time":1774382619306,"pid":1603455,"hostname":"TempleOfZyminx","from":{"q":2,"r":6},"to":{"q":12,"r":15},"msg":"findPath: no valid path found"}
{"level":30,"time":1774382619306,"pid":1603455,"hostname":"TempleOfZyminx","from":{"q":2,"r":6},"to":{"q":12,"r":16},"msg":"findPath: no valid path found"}
{"level":30,"time":1774382619306,"pid":1603455,"hostname":"TempleOfZyminx","from":{"q":2,"r":6},"to":{"q":12,"r":17},"msg":"findPath: no valid path found"}
{"level":30,"time":1774382619306,"pid":1603455,"hostname":"TempleOfZyminx","from":{"q":2,"r":6},"to":{"q":12,"r":18},"msg":"findPath: no valid path found"}
{"level":30,"time":1774382619306,"pid":1603455,"hostname":"TempleOfZyminx","from":{"q":2,"r":6},"to":{"q":12,"r":19},"msg":"findPath: no valid path found"}
{"level":30,"time":1774382619306,"pid":1603455,"hostname":"TempleOfZyminx","from":{"q":2,"r":6},"to":{"q":12,"r":20},"msg":"findPath: no valid path found"}
{"level":30,"time":1774382619307,"pid":1603455,"hostname":"TempleOfZyminx","from":{"q":2,"r":6},"to":{"q":12,"r":21},"msg":"findPath: no valid path found"}
{"level":30,"time":1774382619307,"pid":1603455,"hostname":"TempleOfZyminx","from":{"q":2,"r":6},"to":{"q":13,"r":0},"msg":"findPath: no valid path found"}
{"level":30,"time":1774382619307,"pid":1603455,"hostname":"TempleOfZyminx","from":{"q":2,"r":6},"to":{"q":13,"r":1},"msg":"findPath: no valid path found"}
{"level":30,"time":1774382619307,"pid":1603455,"hostname":"TempleOfZyminx","from":{"q":2,"r":6},"to":{"q":13,"r":2},"msg":"findPath: no valid path found"}
{"level":30,"time":1774382619307,"pid":1603455,"hostname":"TempleOfZyminx","from":{"q":2,"r":6},"to":{"q":13,"r":3},"msg":"findPath: no valid path found"}
{"level":30,"time":1774382619307,"pid":1603455,"hostname":"TempleOfZyminx","from":{"q":2,"r":6},"to":{"q":13,"r":4},"msg":"findPath: no valid path found"}
{"level":30,"time":1774382619307,"pid":1603455,"hostname":"TempleOfZyminx","from":{"q":2,"r":6},"to":{"q":13,"r":5},"msg":"findPath: no valid path found"}
{"level":30,"time":1774382619307,"pid":1603455,"hostname":"TempleOfZyminx","from":{"q":2,"r":6},"to":{"q":13,"r":6},"msg":"findPath: no valid path found"}
{"level":30,"time":1774382619307,"pid":1603455,"hostname":"TempleOfZyminx","from":{"q":2,"r":6},"to":{"q":13,"r":7},"msg":"findPath: no valid path found"}
{"level":30,"time":1774382619307,"pid":1603455,"hostname":"TempleOfZyminx","from":{"q":2,"r":6},"to":{"q":13,"r":8},"msg":"findPath: no valid path found"}
{"level":30,"time":1774382619307,"pid":1603455,"hostname":"TempleOfZyminx","from":{"q":2,"r":6},"to":{"q":13,"r":9},"msg":"findPath: no valid path found"}
{"level":30,"time":1774382619307,"pid":1603593,"hostname":"TempleOfZyminx","id":"65094b45-b3ae-473f-a304-c8e3a9953aa6","msg":"Fetching game state"}
{"level":30,"time":1774382619307,"pid":1603455,"hostname":"TempleOfZyminx","from":{"q":2,"r":6},"to":{"q":13,"r":10},"msg":"findPath: no valid path found"}
{"level":30,"time":1774382619307,"pid":1603455,"hostname":"TempleOfZyminx","from":{"q":2,"r":6},"to":{"q":13,"r":11},"msg":"findPath: no valid path found"}
{"level":30,"time":1774382619307,"pid":1603455,"hostname":"TempleOfZyminx","from":{"q":2,"r":6},"to":{"q":13,"r":12},"msg":"findPath: no valid path found"}
{"level":30,"time":1774382619308,"pid":1603455,"hostname":"TempleOfZyminx","from":{"q":2,"r":6},"to":{"q":13,"r":13},"msg":"findPath: no valid path found"}
{"level":30,"time":1774382619308,"pid":1603455,"hostname":"TempleOfZyminx","from":{"q":2,"r":6},"to":{"q":13,"r":14},"msg":"findPath: no valid path found"}
{"level":30,"time":1774382619308,"pid":1603455,"hostname":"TempleOfZyminx","from":{"q":2,"r":6},"to":{"q":13,"r":15},"msg":"findPath: no valid path found"}
{"level":30,"time":1774382619308,"pid":1603455,"hostname":"TempleOfZyminx","from":{"q":2,"r":6},"to":{"q":13,"r":16},"msg":"findPath: no valid path found"}
{"level":30,"time":1774382619308,"pid":1603455,"hostname":"TempleOfZyminx","from":{"q":2,"r":6},"to":{"q":13,"r":17},"msg":"findPath: no valid path found"}
{"level":30,"time":1774382619308,"pid":1603455,"hostname":"TempleOfZyminx","from":{"q":2,"r":6},"to":{"q":13,"r":18},"msg":"findPath: no valid path found"}
{"level":30,"time":1774382619308,"pid":1603455,"hostname":"TempleOfZyminx","from":{"q":2,"r":6},"to":{"q":13,"r":19},"msg":"findPath: no valid path found"}
{"level":30,"time":1774382619308,"pid":1603593,"hostname":"TempleOfZyminx","from":{"q":5,"r":6},"to":{"q":0,"r":0},"msg":"findPath: no valid path found"}
{"level":30,"time":1774382619308,"pid":1603455,"hostname":"TempleOfZyminx","from":{"q":2,"r":6},"to":{"q":13,"r":20},"msg":"findPath: no valid path found"}
{"level":30,"time":1774382619308,"pid":1603455,"hostname":"TempleOfZyminx","from":{"q":2,"r":6},"to":{"q":13,"r":21},"msg":"findPath: no valid path found"}
{"level":30,"time":1774382619308,"pid":1603593,"hostname":"TempleOfZyminx","from":{"q":5,"r":6},"to":{"q":0,"r":1},"msg":"findPath: no valid path found"}
{"level":30,"time":1774382619308,"pid":1603455,"hostname":"TempleOfZyminx","from":{"q":2,"r":6},"to":{"q":14,"r":0},"msg":"findPath: no valid path found"}
{"level":30,"time":1774382619308,"pid":1603455,"hostname":"TempleOfZyminx","from":{"q":2,"r":6},"to":{"q":14,"r":1},"msg":"findPath: no valid path found"}
{"level":30,"time":1774382619308,"pid":1603593,"hostname":"TempleOfZyminx","from":{"q":5,"r":6},"to":{"q":0,"r":2},"msg":"findPath: no valid path found"}
{"level":30,"time":1774382619308,"pid":1603455,"hostname":"TempleOfZyminx","from":{"q":2,"r":6},"to":{"q":14,"r":2},"msg":"findPath: no valid path found"}
{"level":30,"time":1774382619308,"pid":1603455,"hostname":"TempleOfZyminx","from":{"q":2,"r":6},"to":{"q":14,"r":3},"msg":"findPath: no valid path found"}
{"level":30,"time":1774382619308,"pid":1603593,"hostname":"TempleOfZyminx","from":{"q":5,"r":6},"to":{"q":0,"r":3},"msg":"findPath: no valid path found"}
{"level":30,"time":1774382619308,"pid":1603455,"hostname":"TempleOfZyminx","from":{"q":2,"r":6},"to":{"q":14,"r":4},"msg":"findPath: no valid path found"}
{"level":30,"time":1774382619308,"pid":1603455,"hostname":"TempleOfZyminx","from":{"q":2,"r":6},"to":{"q":14,"r":5},"msg":"findPath: no valid path found"}
{"level":30,"time":1774382619308,"pid":1603593,"hostname":"TempleOfZyminx","from":{"q":5,"r":6},"to":{"q":0,"r":4},"msg":"findPath: no valid path found"}
{"level":30,"time":1774382619309,"pid":1603455,"hostname":"TempleOfZyminx","from":{"q":2,"r":6},"to":{"q":14,"r":6},"msg":"findPath: no valid path found"}
{"level":30,"time":1774382619309,"pid":1603455,"hostname":"TempleOfZyminx","from":{"q":2,"r":6},"to":{"q":14,"r":7},"msg":"findPath: no valid path found"}
{"level":30,"time":1774382619309,"pid":1603593,"hostname":"TempleOfZyminx","from":{"q":5,"r":6},"to":{"q":0,"r":5},"msg":"findPath: no valid path found"}
{"level":30,"time":1774382619309,"pid":1603455,"hostname":"TempleOfZyminx","from":{"q":2,"r":6},"to":{"q":14,"r":8},"msg":"findPath: no valid path found"}
{"level":30,"time":1774382619309,"pid":1603455,"hostname":"TempleOfZyminx","from":{"q":2,"r":6},"to":{"q":14,"r":9},"msg":"findPath: no valid path found"}
{"level":30,"time":1774382619309,"pid":1603593,"hostname":"TempleOfZyminx","from":{"q":5,"r":6},"to":{"q":0,"r":6},"msg":"findPath: no valid path found"}
{"level":30,"time":1774382619309,"pid":1603455,"hostname":"TempleOfZyminx","from":{"q":2,"r":6},"to":{"q":14,"r":10},"msg":"findPath: no valid path found"}
{"level":30,"time":1774382619309,"pid":1603455,"hostname":"TempleOfZyminx","from":{"q":2,"r":6},"to":{"q":14,"r":11},"msg":"findPath: no valid path found"}
{"level":30,"time":1774382619309,"pid":1603593,"hostname":"TempleOfZyminx","from":{"q":5,"r":6},"to":{"q":0,"r":7},"msg":"findPath: no valid path found"}
{"level":30,"time":1774382619309,"pid":1603455,"hostname":"TempleOfZyminx","from":{"q":2,"r":6},"to":{"q":14,"r":12},"msg":"findPath: no valid path found"}
{"level":30,"time":1774382619309,"pid":1603455,"hostname":"TempleOfZyminx","from":{"q":2,"r":6},"to":{"q":14,"r":13},"msg":"findPath: no valid path found"}
{"level":30,"time":1774382619309,"pid":1603593,"hostname":"TempleOfZyminx","from":{"q":5,"r":6},"to":{"q":0,"r":8},"msg":"findPath: no valid path found"}
{"level":30,"time":1774382619309,"pid":1603455,"hostname":"TempleOfZyminx","from":{"q":2,"r":6},"to":{"q":14,"r":14},"msg":"findPath: no valid path found"}
{"level":30,"time":1774382619309,"pid":1603455,"hostname":"TempleOfZyminx","from":{"q":2,"r":6},"to":{"q":14,"r":15},"msg":"findPath: no valid path found"}
{"level":30,"time":1774382619309,"pid":1603593,"hostname":"TempleOfZyminx","from":{"q":5,"r":6},"to":{"q":0,"r":9},"msg":"findPath: no valid path found"}
{"level":30,"time":1774382619309,"pid":1603455,"hostname":"TempleOfZyminx","from":{"q":2,"r":6},"to":{"q":14,"r":16},"msg":"findPath: no valid path found"}
{"level":30,"time":1774382619309,"pid":1603455,"hostname":"TempleOfZyminx","from":{"q":2,"r":6},"to":{"q":14,"r":17},"msg":"findPath: no valid path found"}
{"level":30,"time":1774382619309,"pid":1603593,"hostname":"TempleOfZyminx","from":{"q":5,"r":6},"to":{"q":0,"r":10},"msg":"findPath: no valid path found"}
{"level":30,"time":1774382619309,"pid":1603455,"hostname":"TempleOfZyminx","from":{"q":2,"r":6},"to":{"q":14,"r":18},"msg":"findPath: no valid path found"}
{"level":30,"time":1774382619309,"pid":1603455,"hostname":"TempleOfZyminx","from":{"q":2,"r":6},"to":{"q":14,"r":19},"msg":"findPath: no valid path found"}
{"level":30,"time":1774382619309,"pid":1603593,"hostname":"TempleOfZyminx","from":{"q":5,"r":6},"to":{"q":0,"r":11},"msg":"findPath: no valid path found"}
{"level":30,"time":1774382619309,"pid":1603455,"hostname":"TempleOfZyminx","from":{"q":2,"r":6},"to":{"q":14,"r":20},"msg":"findPath: no valid path found"}
{"level":30,"time":1774382619309,"pid":1603455,"hostname":"TempleOfZyminx","from":{"q":2,"r":6},"to":{"q":14,"r":21},"msg":"findPath: no valid path found"}
{"level":30,"time":1774382619309,"pid":1603593,"hostname":"TempleOfZyminx","from":{"q":5,"r":6},"to":{"q":0,"r":12},"msg":"findPath: no valid path found"}
{"level":30,"time":1774382619310,"pid":1603593,"hostname":"TempleOfZyminx","from":{"q":5,"r":6},"to":{"q":0,"r":13},"msg":"findPath: no valid path found"}
{"level":30,"time":1774382619310,"pid":1603593,"hostname":"TempleOfZyminx","from":{"q":5,"r":6},"to":{"q":0,"r":14},"msg":"findPath: no valid path found"}
{"level":30,"time":1774382619310,"pid":1603593,"hostname":"TempleOfZyminx","from":{"q":5,"r":6},"to":{"q":0,"r":15},"msg":"findPath: no valid path found"}
{"level":30,"time":1774382619310,"pid":1603593,"hostname":"TempleOfZyminx","from":{"q":5,"r":6},"to":{"q":0,"r":16},"msg":"findPath: no valid path found"}
{"level":30,"time":1774382619310,"pid":1603593,"hostname":"TempleOfZyminx","from":{"q":5,"r":6},"to":{"q":0,"r":17},"msg":"findPath: no valid path found"}
{"level":30,"time":1774382619310,"pid":1603593,"hostname":"TempleOfZyminx","from":{"q":5,"r":6},"to":{"q":0,"r":18},"msg":"findPath: no valid path found"}
{"level":30,"time":1774382619310,"pid":1603455,"hostname":"TempleOfZyminx","id":"a93fcf5b-e901-4464-8fe2-c07b8bc58aa4","command":"MOVE","msg":"Submitting game action"}
{"level":30,"time":1774382619310,"pid":1603593,"hostname":"TempleOfZyminx","from":{"q":5,"r":6},"to":{"q":0,"r":19},"msg":"findPath: no valid path found"}
{"level":30,"time":1774382619310,"pid":1603455,"hostname":"TempleOfZyminx","gameId":"a93fcf5b-e901-4464-8fe2-c07b8bc58aa4","unitId":"wolf-1","msg":"Processing MOVE command"}
{"level":30,"time":1774382619310,"pid":1603593,"hostname":"TempleOfZyminx","from":{"q":5,"r":6},"to":{"q":0,"r":20},"msg":"findPath: no valid path found"}
{"level":30,"time":1774382619311,"pid":1603593,"hostname":"TempleOfZyminx","from":{"q":5,"r":6},"to":{"q":0,"r":21},"msg":"findPath: no valid path found"}
{"level":30,"time":1774382619311,"pid":1603593,"hostname":"TempleOfZyminx","from":{"q":5,"r":6},"to":{"q":1,"r":0},"msg":"findPath: no valid path found"}
{"level":30,"time":1774382619311,"pid":1603593,"hostname":"TempleOfZyminx","from":{"q":5,"r":6},"to":{"q":1,"r":1},"msg":"findPath: no valid path found"}
{"level":30,"time":1774382619311,"pid":1603593,"hostname":"TempleOfZyminx","from":{"q":5,"r":6},"to":{"q":1,"r":2},"msg":"findPath: no valid path found"}
{"level":30,"time":1774382619311,"pid":1603593,"hostname":"TempleOfZyminx","from":{"q":5,"r":6},"to":{"q":1,"r":3},"msg":"findPath: no valid path found"}
{"level":30,"time":1774382619311,"pid":1603593,"hostname":"TempleOfZyminx","from":{"q":5,"r":6},"to":{"q":1,"r":4},"msg":"findPath: no valid path found"}
{"level":30,"time":1774382619311,"pid":1603455,"hostname":"TempleOfZyminx","id":"a93fcf5b-e901-4464-8fe2-c07b8bc58aa4","msg":"Fetching game state"}
{"level":30,"time":1774382619311,"pid":1603593,"hostname":"TempleOfZyminx","from":{"q":5,"r":6},"to":{"q":1,"r":5},"msg":"findPath: no valid path found"}
{"level":30,"time":1774382619312,"pid":1603593,"hostname":"TempleOfZyminx","from":{"q":5,"r":6},"to":{"q":1,"r":10},"msg":"findPath: no valid path found"}
{"level":30,"time":1774382619312,"pid":1603593,"hostname":"TempleOfZyminx","from":{"q":5,"r":6},"to":{"q":1,"r":11},"msg":"findPath: no valid path found"}
{"level":30,"time":1774382619312,"pid":1603455,"hostname":"TempleOfZyminx","id":"a93fcf5b-e901-4464-8fe2-c07b8bc58aa4","command":"END_PHASE","msg":"Submitting game action"}
{"level":30,"time":1774382619312,"pid":1603593,"hostname":"TempleOfZyminx","from":{"q":5,"r":6},"to":{"q":1,"r":12},"msg":"findPath: no valid path found"}
{"level":30,"time":1774382619312,"pid":1603593,"hostname":"TempleOfZyminx","from":{"q":5,"r":6},"to":{"q":1,"r":13},"msg":"findPath: no valid path found"}
{"level":30,"time":1774382619312,"pid":1603455,"hostname":"TempleOfZyminx","gameId":"a93fcf5b-e901-4464-8fe2-c07b8bc58aa4","phase":"GEV_SECOND_MOVE","msg":"Advancing phase"}
{"level":30,"time":1774382619312,"pid":1603455,"hostname":"TempleOfZyminx","phase":"GEV_SECOND_MOVE","turnNumber":2,"msg":"Advancing phase in engine"}
{"level":30,"time":1774382619312,"pid":1603593,"hostname":"TempleOfZyminx","from":{"q":5,"r":6},"to":{"q":1,"r":14},"msg":"findPath: no valid path found"}
{"level":30,"time":1774382619313,"pid":1603593,"hostname":"TempleOfZyminx","from":{"q":5,"r":6},"to":{"q":1,"r":15},"msg":"findPath: no valid path found"}
{"level":30,"time":1774382619313,"pid":1603593,"hostname":"TempleOfZyminx","from":{"q":5,"r":6},"to":{"q":1,"r":16},"msg":"findPath: no valid path found"}
{"level":30,"time":1774382619313,"pid":1603455,"hostname":"TempleOfZyminx","id":"a93fcf5b-e901-4464-8fe2-c07b8bc58aa4","msg":"Fetching game state"}
{"level":30,"time":1774382619313,"pid":1603593,"hostname":"TempleOfZyminx","from":{"q":5,"r":6},"to":{"q":1,"r":17},"msg":"findPath: no valid path found"}
{"level":30,"time":1774382619313,"pid":1603455,"hostname":"TempleOfZyminx","id":"a93fcf5b-e901-4464-8fe2-c07b8bc58aa4","msg":"Fetching game state"}
{"level":30,"time":1774382619314,"pid":1603455,"hostname":"TempleOfZyminx","id":"a93fcf5b-e901-4464-8fe2-c07b8bc58aa4","msg":"Fetching game state"}
{"level":30,"time":1774382619314,"pid":1603593,"hostname":"TempleOfZyminx","from":{"q":5,"r":6},"to":{"q":1,"r":18},"msg":"findPath: no valid path found"}
{"level":30,"time":1774382619314,"pid":1603593,"hostname":"TempleOfZyminx","from":{"q":5,"r":6},"to":{"q":1,"r":19},"msg":"findPath: no valid path found"}
{"level":30,"time":1774382619314,"pid":1603593,"hostname":"TempleOfZyminx","from":{"q":5,"r":6},"to":{"q":1,"r":20},"msg":"findPath: no valid path found"}
{"level":30,"time":1774382619314,"pid":1603593,"hostname":"TempleOfZyminx","from":{"q":5,"r":6},"to":{"q":1,"r":21},"msg":"findPath: no valid path found"}
{"level":30,"time":1774382619314,"pid":1603593,"hostname":"TempleOfZyminx","from":{"q":5,"r":6},"to":{"q":2,"r":0},"msg":"findPath: no valid path found"}
{"level":30,"time":1774382619314,"pid":1603593,"hostname":"TempleOfZyminx","from":{"q":5,"r":6},"to":{"q":2,"r":1},"msg":"findPath: no valid path found"}
{"level":30,"time":1774382619314,"pid":1603593,"hostname":"TempleOfZyminx","from":{"q":5,"r":6},"to":{"q":2,"r":2},"msg":"findPath: no valid path found"}
{"level":30,"time":1774382619314,"pid":1603593,"hostname":"TempleOfZyminx","from":{"q":5,"r":6},"to":{"q":2,"r":3},"msg":"findPath: no valid path found"}
{"level":30,"time":1774382619315,"pid":1603455,"hostname":"TempleOfZyminx","id":"a93fcf5b-e901-4464-8fe2-c07b8bc58aa4","msg":"Fetching game state"}
{"level":30,"time":1774382619315,"pid":1603593,"hostname":"TempleOfZyminx","from":{"q":5,"r":6},"to":{"q":2,"r":4},"msg":"findPath: no valid path found"}
{"level":30,"time":1774382619315,"pid":1603455,"hostname":"TempleOfZyminx","id":"a93fcf5b-e901-4464-8fe2-c07b8bc58aa4","msg":"Fetching game state"}
{"level":30,"time":1774382619315,"pid":1603593,"hostname":"TempleOfZyminx","from":{"q":5,"r":6},"to":{"q":2,"r":10},"msg":"findPath: no valid path found"}
{"level":30,"time":1774382619315,"pid":1603593,"hostname":"TempleOfZyminx","from":{"q":5,"r":6},"to":{"q":2,"r":11},"msg":"findPath: no valid path found"}
{"level":30,"time":1774382619315,"pid":1603593,"hostname":"TempleOfZyminx","from":{"q":5,"r":6},"to":{"q":2,"r":12},"msg":"findPath: no valid path found"}
{"level":30,"time":1774382619316,"pid":1603593,"hostname":"TempleOfZyminx","from":{"q":5,"r":6},"to":{"q":2,"r":13},"msg":"findPath: no valid path found"}
{"level":30,"time":1774382619316,"pid":1603455,"hostname":"TempleOfZyminx","from":{"q":2,"r":7},"to":{"q":0,"r":0},"msg":"findPath: no valid path found"}
{"level":30,"time":1774382619316,"pid":1603593,"hostname":"TempleOfZyminx","from":{"q":5,"r":6},"to":{"q":2,"r":14},"msg":"findPath: no valid path found"}
{"level":30,"time":1774382619316,"pid":1603455,"hostname":"TempleOfZyminx","from":{"q":2,"r":7},"to":{"q":0,"r":1},"msg":"findPath: no valid path found"}
{"level":30,"time":1774382619316,"pid":1603455,"hostname":"TempleOfZyminx","from":{"q":2,"r":7},"to":{"q":0,"r":2},"msg":"findPath: no valid path found"}
{"level":30,"time":1774382619316,"pid":1603455,"hostname":"TempleOfZyminx","from":{"q":2,"r":7},"to":{"q":0,"r":3},"msg":"findPath: no valid path found"}
{"level":30,"time":1774382619316,"pid":1603593,"hostname":"TempleOfZyminx","from":{"q":5,"r":6},"to":{"q":2,"r":15},"msg":"findPath: no valid path found"}
{"level":30,"time":1774382619316,"pid":1603455,"hostname":"TempleOfZyminx","from":{"q":2,"r":7},"to":{"q":0,"r":4},"msg":"findPath: no valid path found"}
{"level":30,"time":1774382619316,"pid":1603455,"hostname":"TempleOfZyminx","from":{"q":2,"r":7},"to":{"q":0,"r":5},"msg":"findPath: no valid path found"}
{"level":30,"time":1774382619316,"pid":1603593,"hostname":"TempleOfZyminx","from":{"q":5,"r":6},"to":{"q":2,"r":16},"msg":"findPath: no valid path found"}
{"level":30,"time":1774382619316,"pid":1603455,"hostname":"TempleOfZyminx","from":{"q":2,"r":7},"to":{"q":0,"r":11},"msg":"findPath: no valid path found"}
{"level":30,"time":1774382619316,"pid":1603455,"hostname":"TempleOfZyminx","from":{"q":2,"r":7},"to":{"q":0,"r":12},"msg":"findPath: no valid path found"}
{"level":30,"time":1774382619316,"pid":1603455,"hostname":"TempleOfZyminx","from":{"q":2,"r":7},"to":{"q":0,"r":13},"msg":"findPath: no valid path found"}
{"level":30,"time":1774382619316,"pid":1603455,"hostname":"TempleOfZyminx","from":{"q":2,"r":7},"to":{"q":0,"r":14},"msg":"findPath: no valid path found"}
{"level":30,"time":1774382619316,"pid":1603593,"hostname":"TempleOfZyminx","from":{"q":5,"r":6},"to":{"q":2,"r":17},"msg":"findPath: no valid path found"}
{"level":30,"time":1774382619316,"pid":1603455,"hostname":"TempleOfZyminx","from":{"q":2,"r":7},"to":{"q":0,"r":15},"msg":"findPath: no valid path found"}
{"level":30,"time":1774382619316,"pid":1603455,"hostname":"TempleOfZyminx","from":{"q":2,"r":7},"to":{"q":0,"r":16},"msg":"findPath: no valid path found"}
{"level":30,"time":1774382619316,"pid":1603455,"hostname":"TempleOfZyminx","from":{"q":2,"r":7},"to":{"q":0,"r":17},"msg":"findPath: no valid path found"}
{"level":30,"time":1774382619316,"pid":1603455,"hostname":"TempleOfZyminx","from":{"q":2,"r":7},"to":{"q":0,"r":18},"msg":"findPath: no valid path found"}
{"level":30,"time":1774382619316,"pid":1603593,"hostname":"TempleOfZyminx","from":{"q":5,"r":6},"to":{"q":2,"r":18},"msg":"findPath: no valid path found"}
{"level":30,"time":1774382619316,"pid":1603455,"hostname":"TempleOfZyminx","from":{"q":2,"r":7},"to":{"q":0,"r":19},"msg":"findPath: no valid path found"}
{"level":30,"time":1774382619316,"pid":1603455,"hostname":"TempleOfZyminx","from":{"q":2,"r":7},"to":{"q":0,"r":20},"msg":"findPath: no valid path found"}
{"level":30,"time":1774382619316,"pid":1603455,"hostname":"TempleOfZyminx","from":{"q":2,"r":7},"to":{"q":0,"r":21},"msg":"findPath: no valid path found"}
{"level":30,"time":1774382619316,"pid":1603455,"hostname":"TempleOfZyminx","from":{"q":2,"r":7},"to":{"q":1,"r":0},"msg":"findPath: no valid path found"}
{"level":30,"time":1774382619316,"pid":1603593,"hostname":"TempleOfZyminx","from":{"q":5,"r":6},"to":{"q":2,"r":19},"msg":"findPath: no valid path found"}
{"level":30,"time":1774382619316,"pid":1603455,"hostname":"TempleOfZyminx","from":{"q":2,"r":7},"to":{"q":1,"r":1},"msg":"findPath: no valid path found"}
{"level":30,"time":1774382619316,"pid":1603455,"hostname":"TempleOfZyminx","from":{"q":2,"r":7},"to":{"q":1,"r":2},"msg":"findPath: no valid path found"}
{"level":30,"time":1774382619316,"pid":1603455,"hostname":"TempleOfZyminx","from":{"q":2,"r":7},"to":{"q":1,"r":3},"msg":"findPath: no valid path found"}
{"level":30,"time":1774382619316,"pid":1603455,"hostname":"TempleOfZyminx","from":{"q":2,"r":7},"to":{"q":1,"r":4},"msg":"findPath: no valid path found"}
{"level":30,"time":1774382619316,"pid":1603593,"hostname":"TempleOfZyminx","from":{"q":5,"r":6},"to":{"q":2,"r":20},"msg":"findPath: no valid path found"}
{"level":30,"time":1774382619317,"pid":1603455,"hostname":"TempleOfZyminx","from":{"q":2,"r":7},"to":{"q":1,"r":11},"msg":"findPath: no valid path found"}
{"level":30,"time":1774382619317,"pid":1603593,"hostname":"TempleOfZyminx","from":{"q":5,"r":6},"to":{"q":2,"r":21},"msg":"findPath: no valid path found"}
{"level":30,"time":1774382619317,"pid":1603455,"hostname":"TempleOfZyminx","from":{"q":2,"r":7},"to":{"q":1,"r":12},"msg":"findPath: no valid path found"}
{"level":30,"time":1774382619317,"pid":1603455,"hostname":"TempleOfZyminx","from":{"q":2,"r":7},"to":{"q":1,"r":13},"msg":"findPath: no valid path found"}
{"level":30,"time":1774382619317,"pid":1603455,"hostname":"TempleOfZyminx","from":{"q":2,"r":7},"to":{"q":1,"r":14},"msg":"findPath: no valid path found"}
{"level":30,"time":1774382619317,"pid":1603455,"hostname":"TempleOfZyminx","from":{"q":2,"r":7},"to":{"q":1,"r":15},"msg":"findPath: no valid path found"}
{"level":30,"time":1774382619317,"pid":1603593,"hostname":"TempleOfZyminx","from":{"q":5,"r":6},"to":{"q":3,"r":0},"msg":"findPath: no valid path found"}
{"level":30,"time":1774382619317,"pid":1603455,"hostname":"TempleOfZyminx","from":{"q":2,"r":7},"to":{"q":1,"r":16},"msg":"findPath: no valid path found"}
{"level":30,"time":1774382619317,"pid":1603455,"hostname":"TempleOfZyminx","from":{"q":2,"r":7},"to":{"q":1,"r":17},"msg":"findPath: no valid path found"}
{"level":30,"time":1774382619317,"pid":1603455,"hostname":"TempleOfZyminx","from":{"q":2,"r":7},"to":{"q":1,"r":18},"msg":"findPath: no valid path found"}
{"level":30,"time":1774382619317,"pid":1603455,"hostname":"TempleOfZyminx","from":{"q":2,"r":7},"to":{"q":1,"r":19},"msg":"findPath: no valid path found"}
{"level":30,"time":1774382619317,"pid":1603593,"hostname":"TempleOfZyminx","from":{"q":5,"r":6},"to":{"q":3,"r":1},"msg":"findPath: no valid path found"}
{"level":30,"time":1774382619317,"pid":1603455,"hostname":"TempleOfZyminx","from":{"q":2,"r":7},"to":{"q":1,"r":20},"msg":"findPath: no valid path found"}
{"level":30,"time":1774382619317,"pid":1603455,"hostname":"TempleOfZyminx","from":{"q":2,"r":7},"to":{"q":1,"r":21},"msg":"findPath: no valid path found"}
{"level":30,"time":1774382619317,"pid":1603455,"hostname":"TempleOfZyminx","from":{"q":2,"r":7},"to":{"q":2,"r":0},"msg":"findPath: no valid path found"}
{"level":30,"time":1774382619317,"pid":1603455,"hostname":"TempleOfZyminx","from":{"q":2,"r":7},"to":{"q":2,"r":1},"msg":"findPath: no valid path found"}
{"level":30,"time":1774382619317,"pid":1603593,"hostname":"TempleOfZyminx","from":{"q":5,"r":6},"to":{"q":3,"r":2},"msg":"findPath: no valid path found"}
{"level":30,"time":1774382619317,"pid":1603455,"hostname":"TempleOfZyminx","from":{"q":2,"r":7},"to":{"q":2,"r":2},"msg":"findPath: no valid path found"}
{"level":30,"time":1774382619317,"pid":1603455,"hostname":"TempleOfZyminx","from":{"q":2,"r":7},"to":{"q":2,"r":3},"msg":"findPath: no valid path found"}
{"level":30,"time":1774382619317,"pid":1603593,"hostname":"TempleOfZyminx","from":{"q":5,"r":6},"to":{"q":3,"r":3},"msg":"findPath: no valid path found"}
{"level":30,"time":1774382619317,"pid":1603455,"hostname":"TempleOfZyminx","from":{"q":2,"r":7},"to":{"q":2,"r":11},"msg":"findPath: no valid path found"}
{"level":30,"time":1774382619317,"pid":1603455,"hostname":"TempleOfZyminx","from":{"q":2,"r":7},"to":{"q":2,"r":12},"msg":"findPath: no valid path found"}
{"level":30,"time":1774382619317,"pid":1603455,"hostname":"TempleOfZyminx","from":{"q":2,"r":7},"to":{"q":2,"r":13},"msg":"findPath: no valid path found"}
{"level":30,"time":1774382619317,"pid":1603455,"hostname":"TempleOfZyminx","from":{"q":2,"r":7},"to":{"q":2,"r":14},"msg":"findPath: no valid path found"}
{"level":30,"time":1774382619317,"pid":1603455,"hostname":"TempleOfZyminx","from":{"q":2,"r":7},"to":{"q":2,"r":15},"msg":"findPath: no valid path found"}
{"level":30,"time":1774382619317,"pid":1603455,"hostname":"TempleOfZyminx","from":{"q":2,"r":7},"to":{"q":2,"r":16},"msg":"findPath: no valid path found"}
{"level":30,"time":1774382619317,"pid":1603455,"hostname":"TempleOfZyminx","from":{"q":2,"r":7},"to":{"q":2,"r":17},"msg":"findPath: no valid path found"}
{"level":30,"time":1774382619317,"pid":1603455,"hostname":"TempleOfZyminx","from":{"q":2,"r":7},"to":{"q":2,"r":18},"msg":"findPath: no valid path found"}
{"level":30,"time":1774382619317,"pid":1603455,"hostname":"TempleOfZyminx","from":{"q":2,"r":7},"to":{"q":2,"r":19},"msg":"findPath: no valid path found"}
{"level":30,"time":1774382619317,"pid":1603593,"hostname":"TempleOfZyminx","from":{"q":5,"r":6},"to":{"q":3,"r":8},"msg":"findPath: no valid path found"}
{"level":30,"time":1774382619317,"pid":1603455,"hostname":"TempleOfZyminx","from":{"q":2,"r":7},"to":{"q":2,"r":20},"msg":"findPath: no valid path found"}
{"level":30,"time":1774382619317,"pid":1603455,"hostname":"TempleOfZyminx","from":{"q":2,"r":7},"to":{"q":2,"r":21},"msg":"findPath: no valid path found"}
{"level":30,"time":1774382619317,"pid":1603455,"hostname":"TempleOfZyminx","from":{"q":2,"r":7},"to":{"q":3,"r":0},"msg":"findPath: no valid path found"}
{"level":30,"time":1774382619318,"pid":1603455,"hostname":"TempleOfZyminx","from":{"q":2,"r":7},"to":{"q":3,"r":1},"msg":"findPath: no valid path found"}
{"level":30,"time":1774382619318,"pid":1603455,"hostname":"TempleOfZyminx","from":{"q":2,"r":7},"to":{"q":3,"r":2},"msg":"findPath: no valid path found"}
{"level":30,"time":1774382619318,"pid":1603455,"hostname":"TempleOfZyminx","from":{"q":2,"r":7},"to":{"q":3,"r":3},"msg":"findPath: no valid path found"}
{"level":30,"time":1774382619318,"pid":1603455,"hostname":"TempleOfZyminx","from":{"q":2,"r":7},"to":{"q":3,"r":8},"msg":"findPath: no valid path found"}
{"level":30,"time":1774382619318,"pid":1603455,"hostname":"TempleOfZyminx","from":{"q":2,"r":7},"to":{"q":3,"r":10},"msg":"findPath: no valid path found"}
{"level":30,"time":1774382619318,"pid":1603593,"hostname":"TempleOfZyminx","from":{"q":5,"r":6},"to":{"q":3,"r":11},"msg":"findPath: no valid path found"}
{"level":30,"time":1774382619318,"pid":1603455,"hostname":"TempleOfZyminx","from":{"q":2,"r":7},"to":{"q":3,"r":11},"msg":"findPath: no valid path found"}
{"level":30,"time":1774382619318,"pid":1603455,"hostname":"TempleOfZyminx","from":{"q":2,"r":7},"to":{"q":3,"r":12},"msg":"findPath: no valid path found"}
{"level":30,"time":1774382619318,"pid":1603455,"hostname":"TempleOfZyminx","from":{"q":2,"r":7},"to":{"q":3,"r":13},"msg":"findPath: no valid path found"}
{"level":30,"time":1774382619318,"pid":1603455,"hostname":"TempleOfZyminx","from":{"q":2,"r":7},"to":{"q":3,"r":14},"msg":"findPath: no valid path found"}
{"level":30,"time":1774382619318,"pid":1603593,"hostname":"TempleOfZyminx","from":{"q":5,"r":6},"to":{"q":3,"r":12},"msg":"findPath: no valid path found"}
{"level":30,"time":1774382619318,"pid":1603455,"hostname":"TempleOfZyminx","from":{"q":2,"r":7},"to":{"q":3,"r":15},"msg":"findPath: no valid path found"}
{"level":30,"time":1774382619318,"pid":1603455,"hostname":"TempleOfZyminx","from":{"q":2,"r":7},"to":{"q":3,"r":16},"msg":"findPath: no valid path found"}
{"level":30,"time":1774382619318,"pid":1603455,"hostname":"TempleOfZyminx","from":{"q":2,"r":7},"to":{"q":3,"r":17},"msg":"findPath: no valid path found"}
{"level":30,"time":1774382619318,"pid":1603455,"hostname":"TempleOfZyminx","from":{"q":2,"r":7},"to":{"q":3,"r":18},"msg":"findPath: no valid path found"}
{"level":30,"time":1774382619318,"pid":1603593,"hostname":"TempleOfZyminx","from":{"q":5,"r":6},"to":{"q":3,"r":13},"msg":"findPath: no valid path found"}
{"level":30,"time":1774382619318,"pid":1603455,"hostname":"TempleOfZyminx","from":{"q":2,"r":7},"to":{"q":3,"r":19},"msg":"findPath: no valid path found"}
{"level":30,"time":1774382619318,"pid":1603455,"hostname":"TempleOfZyminx","from":{"q":2,"r":7},"to":{"q":3,"r":20},"msg":"findPath: no valid path found"}
{"level":30,"time":1774382619318,"pid":1603455,"hostname":"TempleOfZyminx","from":{"q":2,"r":7},"to":{"q":3,"r":21},"msg":"findPath: no valid path found"}
{"level":30,"time":1774382619318,"pid":1603593,"hostname":"TempleOfZyminx","from":{"q":5,"r":6},"to":{"q":3,"r":14},"msg":"findPath: no valid path found"}
{"level":30,"time":1774382619318,"pid":1603455,"hostname":"TempleOfZyminx","from":{"q":2,"r":7},"to":{"q":4,"r":0},"msg":"findPath: no valid path found"}
{"level":30,"time":1774382619318,"pid":1603455,"hostname":"TempleOfZyminx","from":{"q":2,"r":7},"to":{"q":4,"r":1},"msg":"findPath: no valid path found"}
{"level":30,"time":1774382619318,"pid":1603455,"hostname":"TempleOfZyminx","from":{"q":2,"r":7},"to":{"q":4,"r":2},"msg":"findPath: no valid path found"}
{"level":30,"time":1774382619318,"pid":1603455,"hostname":"TempleOfZyminx","from":{"q":2,"r":7},"to":{"q":4,"r":3},"msg":"findPath: no valid path found"}
{"level":30,"time":1774382619318,"pid":1603593,"hostname":"TempleOfZyminx","from":{"q":5,"r":6},"to":{"q":3,"r":15},"msg":"findPath: no valid path found"}
{"level":30,"time":1774382619318,"pid":1603455,"hostname":"TempleOfZyminx","from":{"q":2,"r":7},"to":{"q":4,"r":8},"msg":"findPath: no valid path found"}
{"level":30,"time":1774382619318,"pid":1603455,"hostname":"TempleOfZyminx","from":{"q":2,"r":7},"to":{"q":4,"r":9},"msg":"findPath: no valid path found"}
{"level":30,"time":1774382619318,"pid":1603593,"hostname":"TempleOfZyminx","from":{"q":5,"r":6},"to":{"q":3,"r":16},"msg":"findPath: no valid path found"}
{"level":30,"time":1774382619318,"pid":1603455,"hostname":"TempleOfZyminx","from":{"q":2,"r":7},"to":{"q":4,"r":10},"msg":"findPath: no valid path found"}
{"level":30,"time":1774382619318,"pid":1603455,"hostname":"TempleOfZyminx","from":{"q":2,"r":7},"to":{"q":4,"r":11},"msg":"findPath: no valid path found"}
{"level":30,"time":1774382619318,"pid":1603455,"hostname":"TempleOfZyminx","from":{"q":2,"r":7},"to":{"q":4,"r":12},"msg":"findPath: no valid path found"}
{"level":30,"time":1774382619319,"pid":1603455,"hostname":"TempleOfZyminx","from":{"q":2,"r":7},"to":{"q":4,"r":13},"msg":"findPath: no valid path found"}
{"level":30,"time":1774382619319,"pid":1603593,"hostname":"TempleOfZyminx","from":{"q":5,"r":6},"to":{"q":3,"r":17},"msg":"findPath: no valid path found"}
{"level":30,"time":1774382619319,"pid":1603455,"hostname":"TempleOfZyminx","from":{"q":2,"r":7},"to":{"q":4,"r":14},"msg":"findPath: no valid path found"}
{"level":30,"time":1774382619319,"pid":1603455,"hostname":"TempleOfZyminx","from":{"q":2,"r":7},"to":{"q":4,"r":15},"msg":"findPath: no valid path found"}
{"level":30,"time":1774382619319,"pid":1603455,"hostname":"TempleOfZyminx","from":{"q":2,"r":7},"to":{"q":4,"r":16},"msg":"findPath: no valid path found"}
{"level":30,"time":1774382619319,"pid":1603455,"hostname":"TempleOfZyminx","from":{"q":2,"r":7},"to":{"q":4,"r":17},"msg":"findPath: no valid path found"}
{"level":30,"time":1774382619319,"pid":1603593,"hostname":"TempleOfZyminx","from":{"q":5,"r":6},"to":{"q":3,"r":18},"msg":"findPath: no valid path found"}
{"level":30,"time":1774382619319,"pid":1603455,"hostname":"TempleOfZyminx","from":{"q":2,"r":7},"to":{"q":4,"r":18},"msg":"findPath: no valid path found"}
{"level":30,"time":1774382619319,"pid":1603455,"hostname":"TempleOfZyminx","from":{"q":2,"r":7},"to":{"q":4,"r":19},"msg":"findPath: no valid path found"}
{"level":30,"time":1774382619319,"pid":1603455,"hostname":"TempleOfZyminx","from":{"q":2,"r":7},"to":{"q":4,"r":20},"msg":"findPath: no valid path found"}
{"level":30,"time":1774382619319,"pid":1603455,"hostname":"TempleOfZyminx","from":{"q":2,"r":7},"to":{"q":4,"r":21},"msg":"findPath: no valid path found"}
{"level":30,"time":1774382619319,"pid":1603593,"hostname":"TempleOfZyminx","from":{"q":5,"r":6},"to":{"q":3,"r":19},"msg":"findPath: no valid path found"}
{"level":30,"time":1774382619319,"pid":1603455,"hostname":"TempleOfZyminx","from":{"q":2,"r":7},"to":{"q":5,"r":0},"msg":"findPath: no valid path found"}
{"level":30,"time":1774382619319,"pid":1603455,"hostname":"TempleOfZyminx","from":{"q":2,"r":7},"to":{"q":5,"r":1},"msg":"findPath: no valid path found"}
{"level":30,"time":1774382619319,"pid":1603455,"hostname":"TempleOfZyminx","from":{"q":2,"r":7},"to":{"q":5,"r":2},"msg":"findPath: no valid path found"}
{"level":30,"time":1774382619319,"pid":1603455,"hostname":"TempleOfZyminx","from":{"q":2,"r":7},"to":{"q":5,"r":3},"msg":"findPath: no valid path found"}
{"level":30,"time":1774382619319,"pid":1603593,"hostname":"TempleOfZyminx","from":{"q":5,"r":6},"to":{"q":3,"r":20},"msg":"findPath: no valid path found"}
{"level":30,"time":1774382619319,"pid":1603455,"hostname":"TempleOfZyminx","from":{"q":2,"r":7},"to":{"q":5,"r":8},"msg":"findPath: no valid path found"}
{"level":30,"time":1774382619319,"pid":1603455,"hostname":"TempleOfZyminx","from":{"q":2,"r":7},"to":{"q":5,"r":9},"msg":"findPath: no valid path found"}
{"level":30,"time":1774382619319,"pid":1603593,"hostname":"TempleOfZyminx","from":{"q":5,"r":6},"to":{"q":3,"r":21},"msg":"findPath: no valid path found"}
{"level":30,"time":1774382619319,"pid":1603455,"hostname":"TempleOfZyminx","from":{"q":2,"r":7},"to":{"q":5,"r":10},"msg":"findPath: no valid path found"}
{"level":30,"time":1774382619319,"pid":1603455,"hostname":"TempleOfZyminx","from":{"q":2,"r":7},"to":{"q":5,"r":11},"msg":"findPath: no valid path found"}
{"level":30,"time":1774382619319,"pid":1603455,"hostname":"TempleOfZyminx","from":{"q":2,"r":7},"to":{"q":5,"r":12},"msg":"findPath: no valid path found"}
{"level":30,"time":1774382619319,"pid":1603455,"hostname":"TempleOfZyminx","from":{"q":2,"r":7},"to":{"q":5,"r":13},"msg":"findPath: no valid path found"}
{"level":30,"time":1774382619319,"pid":1603593,"hostname":"TempleOfZyminx","from":{"q":5,"r":6},"to":{"q":4,"r":0},"msg":"findPath: no valid path found"}
{"level":30,"time":1774382619319,"pid":1603455,"hostname":"TempleOfZyminx","from":{"q":2,"r":7},"to":{"q":5,"r":14},"msg":"findPath: no valid path found"}
{"level":30,"time":1774382619319,"pid":1603455,"hostname":"TempleOfZyminx","from":{"q":2,"r":7},"to":{"q":5,"r":15},"msg":"findPath: no valid path found"}
{"level":30,"time":1774382619319,"pid":1603455,"hostname":"TempleOfZyminx","from":{"q":2,"r":7},"to":{"q":5,"r":16},"msg":"findPath: no valid path found"}
{"level":30,"time":1774382619319,"pid":1603455,"hostname":"TempleOfZyminx","from":{"q":2,"r":7},"to":{"q":5,"r":17},"msg":"findPath: no valid path found"}
{"level":30,"time":1774382619319,"pid":1603593,"hostname":"TempleOfZyminx","from":{"q":5,"r":6},"to":{"q":4,"r":1},"msg":"findPath: no valid path found"}
{"level":30,"time":1774382619319,"pid":1603455,"hostname":"TempleOfZyminx","from":{"q":2,"r":7},"to":{"q":5,"r":18},"msg":"findPath: no valid path found"}
{"level":30,"time":1774382619319,"pid":1603455,"hostname":"TempleOfZyminx","from":{"q":2,"r":7},"to":{"q":5,"r":19},"msg":"findPath: no valid path found"}
{"level":30,"time":1774382619319,"pid":1603455,"hostname":"TempleOfZyminx","from":{"q":2,"r":7},"to":{"q":5,"r":20},"msg":"findPath: no valid path found"}
{"level":30,"time":1774382619319,"pid":1603455,"hostname":"TempleOfZyminx","from":{"q":2,"r":7},"to":{"q":5,"r":21},"msg":"findPath: no valid path found"}
{"level":30,"time":1774382619319,"pid":1603593,"hostname":"TempleOfZyminx","from":{"q":5,"r":6},"to":{"q":4,"r":2},"msg":"findPath: no valid path found"}
{"level":30,"time":1774382619319,"pid":1603455,"hostname":"TempleOfZyminx","from":{"q":2,"r":7},"to":{"q":6,"r":0},"msg":"findPath: no valid path found"}
{"level":30,"time":1774382619320,"pid":1603455,"hostname":"TempleOfZyminx","from":{"q":2,"r":7},"to":{"q":6,"r":1},"msg":"findPath: no valid path found"}
{"level":30,"time":1774382619320,"pid":1603455,"hostname":"TempleOfZyminx","from":{"q":2,"r":7},"to":{"q":6,"r":2},"msg":"findPath: no valid path found"}
{"level":30,"time":1774382619320,"pid":1603455,"hostname":"TempleOfZyminx","from":{"q":2,"r":7},"to":{"q":6,"r":3},"msg":"findPath: no valid path found"}
{"level":30,"time":1774382619320,"pid":1603455,"hostname":"TempleOfZyminx","from":{"q":2,"r":7},"to":{"q":6,"r":5},"msg":"findPath: no valid path found"}
{"level":30,"time":1774382619320,"pid":1603455,"hostname":"TempleOfZyminx","from":{"q":2,"r":7},"to":{"q":6,"r":6},"msg":"findPath: no valid path found"}
{"level":30,"time":1774382619320,"pid":1603455,"hostname":"TempleOfZyminx","from":{"q":2,"r":7},"to":{"q":6,"r":7},"msg":"findPath: no valid path found"}
{"level":30,"time":1774382619320,"pid":1603455,"hostname":"TempleOfZyminx","from":{"q":2,"r":7},"to":{"q":6,"r":8},"msg":"findPath: no valid path found"}
{"level":30,"time":1774382619320,"pid":1603455,"hostname":"TempleOfZyminx","from":{"q":2,"r":7},"to":{"q":6,"r":9},"msg":"findPath: no valid path found"}
{"level":30,"time":1774382619320,"pid":1603455,"hostname":"TempleOfZyminx","from":{"q":2,"r":7},"to":{"q":6,"r":10},"msg":"findPath: no valid path found"}
{"level":30,"time":1774382619320,"pid":1603455,"hostname":"TempleOfZyminx","from":{"q":2,"r":7},"to":{"q":6,"r":11},"msg":"findPath: no valid path found"}
{"level":30,"time":1774382619320,"pid":1603455,"hostname":"TempleOfZyminx","from":{"q":2,"r":7},"to":{"q":6,"r":12},"msg":"findPath: no valid path found"}
{"level":30,"time":1774382619320,"pid":1603455,"hostname":"TempleOfZyminx","from":{"q":2,"r":7},"to":{"q":6,"r":13},"msg":"findPath: no valid path found"}
{"level":30,"time":1774382619320,"pid":1603455,"hostname":"TempleOfZyminx","from":{"q":2,"r":7},"to":{"q":6,"r":14},"msg":"findPath: no valid path found"}
{"level":30,"time":1774382619320,"pid":1603455,"hostname":"TempleOfZyminx","from":{"q":2,"r":7},"to":{"q":6,"r":15},"msg":"findPath: no valid path found"}
{"level":30,"time":1774382619320,"pid":1603455,"hostname":"TempleOfZyminx","from":{"q":2,"r":7},"to":{"q":6,"r":16},"msg":"findPath: no valid path found"}
{"level":30,"time":1774382619320,"pid":1603455,"hostname":"TempleOfZyminx","from":{"q":2,"r":7},"to":{"q":6,"r":17},"msg":"findPath: no valid path found"}
{"level":30,"time":1774382619320,"pid":1603455,"hostname":"TempleOfZyminx","from":{"q":2,"r":7},"to":{"q":6,"r":18},"msg":"findPath: no valid path found"}
{"level":30,"time":1774382619320,"pid":1603455,"hostname":"TempleOfZyminx","from":{"q":2,"r":7},"to":{"q":6,"r":19},"msg":"findPath: no valid path found"}
{"level":30,"time":1774382619320,"pid":1603455,"hostname":"TempleOfZyminx","from":{"q":2,"r":7},"to":{"q":6,"r":20},"msg":"findPath: no valid path found"}
{"level":30,"time":1774382619320,"pid":1603455,"hostname":"TempleOfZyminx","from":{"q":2,"r":7},"to":{"q":6,"r":21},"msg":"findPath: no valid path found"}
{"level":30,"time":1774382619320,"pid":1603455,"hostname":"TempleOfZyminx","from":{"q":2,"r":7},"to":{"q":7,"r":0},"msg":"findPath: no valid path found"}
{"level":30,"time":1774382619320,"pid":1603455,"hostname":"TempleOfZyminx","from":{"q":2,"r":7},"to":{"q":7,"r":1},"msg":"findPath: no valid path found"}
{"level":30,"time":1774382619320,"pid":1603455,"hostname":"TempleOfZyminx","from":{"q":2,"r":7},"to":{"q":7,"r":2},"msg":"findPath: no valid path found"}
{"level":30,"time":1774382619320,"pid":1603455,"hostname":"TempleOfZyminx","from":{"q":2,"r":7},"to":{"q":7,"r":4},"msg":"findPath: no valid path found"}
{"level":30,"time":1774382619320,"pid":1603455,"hostname":"TempleOfZyminx","from":{"q":2,"r":7},"to":{"q":7,"r":5},"msg":"findPath: no valid path found"}
{"level":30,"time":1774382619320,"pid":1603455,"hostname":"TempleOfZyminx","from":{"q":2,"r":7},"to":{"q":7,"r":6},"msg":"findPath: no valid path found"}
{"level":30,"time":1774382619320,"pid":1603455,"hostname":"TempleOfZyminx","from":{"q":2,"r":7},"to":{"q":7,"r":7},"msg":"findPath: no valid path found"}
{"level":30,"time":1774382619320,"pid":1603455,"hostname":"TempleOfZyminx","from":{"q":2,"r":7},"to":{"q":7,"r":8},"msg":"findPath: no valid path found"}
{"level":30,"time":1774382619320,"pid":1603455,"hostname":"TempleOfZyminx","from":{"q":2,"r":7},"to":{"q":7,"r":9},"msg":"findPath: no valid path found"}
{"level":30,"time":1774382619320,"pid":1603455,"hostname":"TempleOfZyminx","from":{"q":2,"r":7},"to":{"q":7,"r":10},"msg":"findPath: no valid path found"}
{"level":30,"time":1774382619320,"pid":1603593,"hostname":"TempleOfZyminx","from":{"q":5,"r":6},"to":{"q":4,"r":8},"msg":"findPath: no valid path found"}
{"level":30,"time":1774382619320,"pid":1603455,"hostname":"TempleOfZyminx","from":{"q":2,"r":7},"to":{"q":7,"r":11},"msg":"findPath: no valid path found"}
{"level":30,"time":1774382619320,"pid":1603455,"hostname":"TempleOfZyminx","from":{"q":2,"r":7},"to":{"q":7,"r":12},"msg":"findPath: no valid path found"}
{"level":30,"time":1774382619321,"pid":1603455,"hostname":"TempleOfZyminx","from":{"q":2,"r":7},"to":{"q":7,"r":13},"msg":"findPath: no valid path found"}
{"level":30,"time":1774382619321,"pid":1603455,"hostname":"TempleOfZyminx","from":{"q":2,"r":7},"to":{"q":7,"r":14},"msg":"findPath: no valid path found"}
{"level":30,"time":1774382619321,"pid":1603455,"hostname":"TempleOfZyminx","from":{"q":2,"r":7},"to":{"q":7,"r":15},"msg":"findPath: no valid path found"}
{"level":30,"time":1774382619321,"pid":1603455,"hostname":"TempleOfZyminx","from":{"q":2,"r":7},"to":{"q":7,"r":16},"msg":"findPath: no valid path found"}
{"level":30,"time":1774382619321,"pid":1603455,"hostname":"TempleOfZyminx","from":{"q":2,"r":7},"to":{"q":7,"r":17},"msg":"findPath: no valid path found"}
{"level":30,"time":1774382619321,"pid":1603455,"hostname":"TempleOfZyminx","from":{"q":2,"r":7},"to":{"q":7,"r":18},"msg":"findPath: no valid path found"}
{"level":30,"time":1774382619321,"pid":1603455,"hostname":"TempleOfZyminx","from":{"q":2,"r":7},"to":{"q":7,"r":19},"msg":"findPath: no valid path found"}
{"level":30,"time":1774382619321,"pid":1603455,"hostname":"TempleOfZyminx","from":{"q":2,"r":7},"to":{"q":7,"r":20},"msg":"findPath: no valid path found"}
{"level":30,"time":1774382619321,"pid":1603455,"hostname":"TempleOfZyminx","from":{"q":2,"r":7},"to":{"q":7,"r":21},"msg":"findPath: no valid path found"}
{"level":30,"time":1774382619321,"pid":1603593,"hostname":"TempleOfZyminx","from":{"q":5,"r":6},"to":{"q":4,"r":11},"msg":"findPath: no valid path found"}
{"level":30,"time":1774382619321,"pid":1603455,"hostname":"TempleOfZyminx","from":{"q":2,"r":7},"to":{"q":8,"r":0},"msg":"findPath: no valid path found"}
{"level":30,"time":1774382619321,"pid":1603455,"hostname":"TempleOfZyminx","from":{"q":2,"r":7},"to":{"q":8,"r":1},"msg":"findPath: no valid path found"}
{"level":30,"time":1774382619321,"pid":1603593,"hostname":"TempleOfZyminx","from":{"q":5,"r":6},"to":{"q":4,"r":12},"msg":"findPath: no valid path found"}
{"level":30,"time":1774382619321,"pid":1603593,"hostname":"TempleOfZyminx","from":{"q":5,"r":6},"to":{"q":4,"r":13},"msg":"findPath: no valid path found"}
{"level":30,"time":1774382619321,"pid":1603593,"hostname":"TempleOfZyminx","from":{"q":5,"r":6},"to":{"q":4,"r":14},"msg":"findPath: no valid path found"}
{"level":30,"time":1774382619321,"pid":1603593,"hostname":"TempleOfZyminx","from":{"q":5,"r":6},"to":{"q":4,"r":15},"msg":"findPath: no valid path found"}
{"level":30,"time":1774382619321,"pid":1603593,"hostname":"TempleOfZyminx","from":{"q":5,"r":6},"to":{"q":4,"r":16},"msg":"findPath: no valid path found"}
{"level":30,"time":1774382619321,"pid":1603593,"hostname":"TempleOfZyminx","from":{"q":5,"r":6},"to":{"q":4,"r":17},"msg":"findPath: no valid path found"}
{"level":30,"time":1774382619321,"pid":1603593,"hostname":"TempleOfZyminx","from":{"q":5,"r":6},"to":{"q":4,"r":18},"msg":"findPath: no valid path found"}
{"level":30,"time":1774382619321,"pid":1603593,"hostname":"TempleOfZyminx","from":{"q":5,"r":6},"to":{"q":4,"r":19},"msg":"findPath: no valid path found"}
{"level":30,"time":1774382619321,"pid":1603593,"hostname":"TempleOfZyminx","from":{"q":5,"r":6},"to":{"q":4,"r":20},"msg":"findPath: no valid path found"}
{"level":30,"time":1774382619322,"pid":1603593,"hostname":"TempleOfZyminx","from":{"q":5,"r":6},"to":{"q":4,"r":21},"msg":"findPath: no valid path found"}
{"level":30,"time":1774382619322,"pid":1603593,"hostname":"TempleOfZyminx","from":{"q":5,"r":6},"to":{"q":5,"r":0},"msg":"findPath: no valid path found"}
{"level":30,"time":1774382619322,"pid":1603593,"hostname":"TempleOfZyminx","from":{"q":5,"r":6},"to":{"q":5,"r":1},"msg":"findPath: no valid path found"}
{"level":30,"time":1774382619322,"pid":1603593,"hostname":"TempleOfZyminx","from":{"q":5,"r":6},"to":{"q":5,"r":2},"msg":"findPath: no valid path found"}
{"level":30,"time":1774382619322,"pid":1603593,"hostname":"TempleOfZyminx","from":{"q":5,"r":6},"to":{"q":5,"r":11},"msg":"findPath: no valid path found"}
{"level":30,"time":1774382619322,"pid":1603593,"hostname":"TempleOfZyminx","from":{"q":5,"r":6},"to":{"q":5,"r":12},"msg":"findPath: no valid path found"}
{"level":30,"time":1774382619321,"pid":1603455,"hostname":"TempleOfZyminx","from":{"q":2,"r":7},"to":{"q":8,"r":2},"msg":"findPath: no valid path found"}
{"level":30,"time":1774382619321,"pid":1603455,"hostname":"TempleOfZyminx","from":{"q":2,"r":7},"to":{"q":8,"r":3},"msg":"findPath: no valid path found"}
{"level":30,"time":1774382619321,"pid":1603455,"hostname":"TempleOfZyminx","from":{"q":2,"r":7},"to":{"q":8,"r":4},"msg":"findPath: no valid path found"}
{"level":30,"time":1774382619321,"pid":1603455,"hostname":"TempleOfZyminx","from":{"q":2,"r":7},"to":{"q":8,"r":5},"msg":"findPath: no valid path found"}
{"level":30,"time":1774382619321,"pid":1603455,"hostname":"TempleOfZyminx","from":{"q":2,"r":7},"to":{"q":8,"r":6},"msg":"findPath: no valid path found"}
{"level":30,"time":1774382619321,"pid":1603455,"hostname":"TempleOfZyminx","from":{"q":2,"r":7},"to":{"q":8,"r":7},"msg":"findPath: no valid path found"}
{"level":30,"time":1774382619321,"pid":1603455,"hostname":"TempleOfZyminx","from":{"q":2,"r":7},"to":{"q":8,"r":8},"msg":"findPath: no valid path found"}
{"level":30,"time":1774382619321,"pid":1603455,"hostname":"TempleOfZyminx","from":{"q":2,"r":7},"to":{"q":8,"r":9},"msg":"findPath: no valid path found"}
{"level":30,"time":1774382619321,"pid":1603455,"hostname":"TempleOfZyminx","from":{"q":2,"r":7},"to":{"q":8,"r":10},"msg":"findPath: no valid path found"}
{"level":30,"time":1774382619321,"pid":1603455,"hostname":"TempleOfZyminx","from":{"q":2,"r":7},"to":{"q":8,"r":11},"msg":"findPath: no valid path found"}
{"level":30,"time":1774382619321,"pid":1603455,"hostname":"TempleOfZyminx","from":{"q":2,"r":7},"to":{"q":8,"r":12},"msg":"findPath: no valid path found"}
{"level":30,"time":1774382619321,"pid":1603455,"hostname":"TempleOfZyminx","from":{"q":2,"r":7},"to":{"q":8,"r":13},"msg":"findPath: no valid path found"}
{"level":30,"time":1774382619321,"pid":1603455,"hostname":"TempleOfZyminx","from":{"q":2,"r":7},"to":{"q":8,"r":14},"msg":"findPath: no valid path found"}
{"level":30,"time":1774382619321,"pid":1603455,"hostname":"TempleOfZyminx","from":{"q":2,"r":7},"to":{"q":8,"r":15},"msg":"findPath: no valid path found"}
{"level":30,"time":1774382619321,"pid":1603455,"hostname":"TempleOfZyminx","from":{"q":2,"r":7},"to":{"q":8,"r":16},"msg":"findPath: no valid path found"}
{"level":30,"time":1774382619321,"pid":1603455,"hostname":"TempleOfZyminx","from":{"q":2,"r":7},"to":{"q":8,"r":17},"msg":"findPath: no valid path found"}
{"level":30,"time":1774382619321,"pid":1603455,"hostname":"TempleOfZyminx","from":{"q":2,"r":7},"to":{"q":8,"r":18},"msg":"findPath: no valid path found"}
{"level":30,"time":1774382619321,"pid":1603455,"hostname":"TempleOfZyminx","from":{"q":2,"r":7},"to":{"q":8,"r":19},"msg":"findPath: no valid path found"}
{"level":30,"time":1774382619322,"pid":1603455,"hostname":"TempleOfZyminx","from":{"q":2,"r":7},"to":{"q":8,"r":20},"msg":"findPath: no valid path found"}
{"level":30,"time":1774382619322,"pid":1603455,"hostname":"TempleOfZyminx","from":{"q":2,"r":7},"to":{"q":8,"r":21},"msg":"findPath: no valid path found"}
{"level":30,"time":1774382619322,"pid":1603455,"hostname":"TempleOfZyminx","from":{"q":2,"r":7},"to":{"q":9,"r":0},"msg":"findPath: no valid path found"}
{"level":30,"time":1774382619322,"pid":1603455,"hostname":"TempleOfZyminx","from":{"q":2,"r":7},"to":{"q":9,"r":1},"msg":"findPath: no valid path found"}
{"level":30,"time":1774382619322,"pid":1603455,"hostname":"TempleOfZyminx","from":{"q":2,"r":7},"to":{"q":9,"r":2},"msg":"findPath: no valid path found"}
{"level":30,"time":1774382619322,"pid":1603455,"hostname":"TempleOfZyminx","from":{"q":2,"r":7},"to":{"q":9,"r":3},"msg":"findPath: no valid path found"}
{"level":30,"time":1774382619322,"pid":1603455,"hostname":"TempleOfZyminx","from":{"q":2,"r":7},"to":{"q":9,"r":4},"msg":"findPath: no valid path found"}
{"level":30,"time":1774382619322,"pid":1603455,"hostname":"TempleOfZyminx","from":{"q":2,"r":7},"to":{"q":9,"r":5},"msg":"findPath: no valid path found"}
{"level":30,"time":1774382619322,"pid":1603455,"hostname":"TempleOfZyminx","from":{"q":2,"r":7},"to":{"q":9,"r":6},"msg":"findPath: no valid path found"}
{"level":30,"time":1774382619322,"pid":1603455,"hostname":"TempleOfZyminx","from":{"q":2,"r":7},"to":{"q":9,"r":7},"msg":"findPath: no valid path found"}
{"level":30,"time":1774382619322,"pid":1603455,"hostname":"TempleOfZyminx","from":{"q":2,"r":7},"to":{"q":9,"r":8},"msg":"findPath: no valid path found"}
{"level":30,"time":1774382619322,"pid":1603455,"hostname":"TempleOfZyminx","from":{"q":2,"r":7},"to":{"q":9,"r":9},"msg":"findPath: no valid path found"}
{"level":30,"time":1774382619322,"pid":1603455,"hostname":"TempleOfZyminx","from":{"q":2,"r":7},"to":{"q":9,"r":10},"msg":"findPath: no valid path found"}
{"level":30,"time":1774382619322,"pid":1603455,"hostname":"TempleOfZyminx","from":{"q":2,"r":7},"to":{"q":9,"r":11},"msg":"findPath: no valid path found"}
{"level":30,"time":1774382619322,"pid":1603455,"hostname":"TempleOfZyminx","from":{"q":2,"r":7},"to":{"q":9,"r":12},"msg":"findPath: no valid path found"}
{"level":30,"time":1774382619322,"pid":1603455,"hostname":"TempleOfZyminx","from":{"q":2,"r":7},"to":{"q":9,"r":13},"msg":"findPath: no valid path found"}
{"level":30,"time":1774382619322,"pid":1603455,"hostname":"TempleOfZyminx","from":{"q":2,"r":7},"to":{"q":9,"r":14},"msg":"findPath: no valid path found"}
{"level":30,"time":1774382619322,"pid":1603455,"hostname":"TempleOfZyminx","from":{"q":2,"r":7},"to":{"q":9,"r":15},"msg":"findPath: no valid path found"}
{"level":30,"time":1774382619322,"pid":1603455,"hostname":"TempleOfZyminx","from":{"q":2,"r":7},"to":{"q":9,"r":16},"msg":"findPath: no valid path found"}
{"level":30,"time":1774382619322,"pid":1603455,"hostname":"TempleOfZyminx","from":{"q":2,"r":7},"to":{"q":9,"r":17},"msg":"findPath: no valid path found"}
{"level":30,"time":1774382619322,"pid":1603455,"hostname":"TempleOfZyminx","from":{"q":2,"r":7},"to":{"q":9,"r":18},"msg":"findPath: no valid path found"}
{"level":30,"time":1774382619322,"pid":1603593,"hostname":"TempleOfZyminx","from":{"q":5,"r":6},"to":{"q":5,"r":13},"msg":"findPath: no valid path found"}
{"level":30,"time":1774382619322,"pid":1603455,"hostname":"TempleOfZyminx","from":{"q":2,"r":7},"to":{"q":9,"r":19},"msg":"findPath: no valid path found"}
{"level":30,"time":1774382619322,"pid":1603455,"hostname":"TempleOfZyminx","from":{"q":2,"r":7},"to":{"q":9,"r":20},"msg":"findPath: no valid path found"}
{"level":30,"time":1774382619322,"pid":1603455,"hostname":"TempleOfZyminx","from":{"q":2,"r":7},"to":{"q":9,"r":21},"msg":"findPath: no valid path found"}
{"level":30,"time":1774382619322,"pid":1603455,"hostname":"TempleOfZyminx","from":{"q":2,"r":7},"to":{"q":10,"r":0},"msg":"findPath: no valid path found"}
{"level":30,"time":1774382619322,"pid":1603455,"hostname":"TempleOfZyminx","from":{"q":2,"r":7},"to":{"q":10,"r":1},"msg":"findPath: no valid path found"}
{"level":30,"time":1774382619322,"pid":1603455,"hostname":"TempleOfZyminx","from":{"q":2,"r":7},"to":{"q":10,"r":2},"msg":"findPath: no valid path found"}
{"level":30,"time":1774382619322,"pid":1603455,"hostname":"TempleOfZyminx","from":{"q":2,"r":7},"to":{"q":10,"r":3},"msg":"findPath: no valid path found"}
{"level":30,"time":1774382619322,"pid":1603455,"hostname":"TempleOfZyminx","from":{"q":2,"r":7},"to":{"q":10,"r":4},"msg":"findPath: no valid path found"}
{"level":30,"time":1774382619322,"pid":1603593,"hostname":"TempleOfZyminx","from":{"q":5,"r":6},"to":{"q":5,"r":14},"msg":"findPath: no valid path found"}
{"level":30,"time":1774382619323,"pid":1603455,"hostname":"TempleOfZyminx","from":{"q":2,"r":7},"to":{"q":10,"r":5},"msg":"findPath: no valid path found"}
{"level":30,"time":1774382619323,"pid":1603455,"hostname":"TempleOfZyminx","from":{"q":2,"r":7},"to":{"q":10,"r":6},"msg":"findPath: no valid path found"}
{"level":30,"time":1774382619323,"pid":1603455,"hostname":"TempleOfZyminx","from":{"q":2,"r":7},"to":{"q":10,"r":7},"msg":"findPath: no valid path found"}
{"level":30,"time":1774382619323,"pid":1603593,"hostname":"TempleOfZyminx","from":{"q":5,"r":6},"to":{"q":5,"r":15},"msg":"findPath: no valid path found"}
{"level":30,"time":1774382619323,"pid":1603455,"hostname":"TempleOfZyminx","from":{"q":2,"r":7},"to":{"q":10,"r":8},"msg":"findPath: no valid path found"}
{"level":30,"time":1774382619323,"pid":1603455,"hostname":"TempleOfZyminx","from":{"q":2,"r":7},"to":{"q":10,"r":9},"msg":"findPath: no valid path found"}
{"level":30,"time":1774382619323,"pid":1603593,"hostname":"TempleOfZyminx","from":{"q":5,"r":6},"to":{"q":5,"r":16},"msg":"findPath: no valid path found"}
{"level":30,"time":1774382619323,"pid":1603455,"hostname":"TempleOfZyminx","from":{"q":2,"r":7},"to":{"q":10,"r":10},"msg":"findPath: no valid path found"}
{"level":30,"time":1774382619323,"pid":1603455,"hostname":"TempleOfZyminx","from":{"q":2,"r":7},"to":{"q":10,"r":11},"msg":"findPath: no valid path found"}
{"level":30,"time":1774382619323,"pid":1603593,"hostname":"TempleOfZyminx","from":{"q":5,"r":6},"to":{"q":5,"r":17},"msg":"findPath: no valid path found"}
{"level":30,"time":1774382619323,"pid":1603455,"hostname":"TempleOfZyminx","from":{"q":2,"r":7},"to":{"q":10,"r":12},"msg":"findPath: no valid path found"}
{"level":30,"time":1774382619323,"pid":1603455,"hostname":"TempleOfZyminx","from":{"q":2,"r":7},"to":{"q":10,"r":13},"msg":"findPath: no valid path found"}
{"level":30,"time":1774382619323,"pid":1603455,"hostname":"TempleOfZyminx","from":{"q":2,"r":7},"to":{"q":10,"r":14},"msg":"findPath: no valid path found"}
{"level":30,"time":1774382619323,"pid":1603593,"hostname":"TempleOfZyminx","from":{"q":5,"r":6},"to":{"q":5,"r":18},"msg":"findPath: no valid path found"}
{"level":30,"time":1774382619323,"pid":1603455,"hostname":"TempleOfZyminx","from":{"q":2,"r":7},"to":{"q":10,"r":15},"msg":"findPath: no valid path found"}
{"level":30,"time":1774382619323,"pid":1603455,"hostname":"TempleOfZyminx","from":{"q":2,"r":7},"to":{"q":10,"r":16},"msg":"findPath: no valid path found"}
{"level":30,"time":1774382619323,"pid":1603455,"hostname":"TempleOfZyminx","from":{"q":2,"r":7},"to":{"q":10,"r":17},"msg":"findPath: no valid path found"}
{"level":30,"time":1774382619323,"pid":1603455,"hostname":"TempleOfZyminx","from":{"q":2,"r":7},"to":{"q":10,"r":18},"msg":"findPath: no valid path found"}
{"level":30,"time":1774382619323,"pid":1603455,"hostname":"TempleOfZyminx","from":{"q":2,"r":7},"to":{"q":10,"r":19},"msg":"findPath: no valid path found"}
{"level":30,"time":1774382619323,"pid":1603455,"hostname":"TempleOfZyminx","from":{"q":2,"r":7},"to":{"q":10,"r":20},"msg":"findPath: no valid path found"}
{"level":30,"time":1774382619323,"pid":1603455,"hostname":"TempleOfZyminx","from":{"q":2,"r":7},"to":{"q":10,"r":21},"msg":"findPath: no valid path found"}
{"level":30,"time":1774382619323,"pid":1603455,"hostname":"TempleOfZyminx","from":{"q":2,"r":7},"to":{"q":11,"r":0},"msg":"findPath: no valid path found"}
{"level":30,"time":1774382619323,"pid":1603455,"hostname":"TempleOfZyminx","from":{"q":2,"r":7},"to":{"q":11,"r":1},"msg":"findPath: no valid path found"}
{"level":30,"time":1774382619323,"pid":1603455,"hostname":"TempleOfZyminx","from":{"q":2,"r":7},"to":{"q":11,"r":2},"msg":"findPath: no valid path found"}
{"level":30,"time":1774382619323,"pid":1603455,"hostname":"TempleOfZyminx","from":{"q":2,"r":7},"to":{"q":11,"r":3},"msg":"findPath: no valid path found"}
{"level":30,"time":1774382619323,"pid":1603455,"hostname":"TempleOfZyminx","from":{"q":2,"r":7},"to":{"q":11,"r":4},"msg":"findPath: no valid path found"}
{"level":30,"time":1774382619323,"pid":1603455,"hostname":"TempleOfZyminx","from":{"q":2,"r":7},"to":{"q":11,"r":5},"msg":"findPath: no valid path found"}
{"level":30,"time":1774382619323,"pid":1603455,"hostname":"TempleOfZyminx","from":{"q":2,"r":7},"to":{"q":11,"r":6},"msg":"findPath: no valid path found"}
{"level":30,"time":1774382619324,"pid":1603455,"hostname":"TempleOfZyminx","from":{"q":2,"r":7},"to":{"q":11,"r":7},"msg":"findPath: no valid path found"}
{"level":30,"time":1774382619324,"pid":1603455,"hostname":"TempleOfZyminx","from":{"q":2,"r":7},"to":{"q":11,"r":8},"msg":"findPath: no valid path found"}
{"level":30,"time":1774382619324,"pid":1603455,"hostname":"TempleOfZyminx","from":{"q":2,"r":7},"to":{"q":11,"r":9},"msg":"findPath: no valid path found"}
{"level":30,"time":1774382619324,"pid":1603455,"hostname":"TempleOfZyminx","from":{"q":2,"r":7},"to":{"q":11,"r":10},"msg":"findPath: no valid path found"}
{"level":30,"time":1774382619324,"pid":1603455,"hostname":"TempleOfZyminx","from":{"q":2,"r":7},"to":{"q":11,"r":11},"msg":"findPath: no valid path found"}
{"level":30,"time":1774382619324,"pid":1603455,"hostname":"TempleOfZyminx","from":{"q":2,"r":7},"to":{"q":11,"r":12},"msg":"findPath: no valid path found"}
{"level":30,"time":1774382619324,"pid":1603455,"hostname":"TempleOfZyminx","from":{"q":2,"r":7},"to":{"q":11,"r":13},"msg":"findPath: no valid path found"}
{"level":30,"time":1774382619324,"pid":1603455,"hostname":"TempleOfZyminx","from":{"q":2,"r":7},"to":{"q":11,"r":14},"msg":"findPath: no valid path found"}
{"level":30,"time":1774382619324,"pid":1603455,"hostname":"TempleOfZyminx","from":{"q":2,"r":7},"to":{"q":11,"r":15},"msg":"findPath: no valid path found"}
{"level":30,"time":1774382619324,"pid":1603455,"hostname":"TempleOfZyminx","from":{"q":2,"r":7},"to":{"q":11,"r":16},"msg":"findPath: no valid path found"}
{"level":30,"time":1774382619324,"pid":1603455,"hostname":"TempleOfZyminx","from":{"q":2,"r":7},"to":{"q":11,"r":17},"msg":"findPath: no valid path found"}
{"level":30,"time":1774382619324,"pid":1603455,"hostname":"TempleOfZyminx","from":{"q":2,"r":7},"to":{"q":11,"r":18},"msg":"findPath: no valid path found"}
{"level":30,"time":1774382619324,"pid":1603455,"hostname":"TempleOfZyminx","from":{"q":2,"r":7},"to":{"q":11,"r":19},"msg":"findPath: no valid path found"}
{"level":30,"time":1774382619324,"pid":1603455,"hostname":"TempleOfZyminx","from":{"q":2,"r":7},"to":{"q":11,"r":20},"msg":"findPath: no valid path found"}
{"level":30,"time":1774382619324,"pid":1603455,"hostname":"TempleOfZyminx","from":{"q":2,"r":7},"to":{"q":11,"r":21},"msg":"findPath: no valid path found"}
{"level":30,"time":1774382619324,"pid":1603455,"hostname":"TempleOfZyminx","from":{"q":2,"r":7},"to":{"q":12,"r":0},"msg":"findPath: no valid path found"}
{"level":30,"time":1774382619324,"pid":1603455,"hostname":"TempleOfZyminx","from":{"q":2,"r":7},"to":{"q":12,"r":1},"msg":"findPath: no valid path found"}
{"level":30,"time":1774382619324,"pid":1603455,"hostname":"TempleOfZyminx","from":{"q":2,"r":7},"to":{"q":12,"r":2},"msg":"findPath: no valid path found"}
{"level":30,"time":1774382619324,"pid":1603455,"hostname":"TempleOfZyminx","from":{"q":2,"r":7},"to":{"q":12,"r":3},"msg":"findPath: no valid path found"}
{"level":30,"time":1774382619324,"pid":1603455,"hostname":"TempleOfZyminx","from":{"q":2,"r":7},"to":{"q":12,"r":4},"msg":"findPath: no valid path found"}
{"level":30,"time":1774382619324,"pid":1603455,"hostname":"TempleOfZyminx","from":{"q":2,"r":7},"to":{"q":12,"r":5},"msg":"findPath: no valid path found"}
{"level":30,"time":1774382619324,"pid":1603455,"hostname":"TempleOfZyminx","from":{"q":2,"r":7},"to":{"q":12,"r":6},"msg":"findPath: no valid path found"}
{"level":30,"time":1774382619324,"pid":1603455,"hostname":"TempleOfZyminx","from":{"q":2,"r":7},"to":{"q":12,"r":7},"msg":"findPath: no valid path found"}
{"level":30,"time":1774382619324,"pid":1603455,"hostname":"TempleOfZyminx","from":{"q":2,"r":7},"to":{"q":12,"r":8},"msg":"findPath: no valid path found"}
{"level":30,"time":1774382619324,"pid":1603455,"hostname":"TempleOfZyminx","from":{"q":2,"r":7},"to":{"q":12,"r":9},"msg":"findPath: no valid path found"}
{"level":30,"time":1774382619324,"pid":1603455,"hostname":"TempleOfZyminx","from":{"q":2,"r":7},"to":{"q":12,"r":10},"msg":"findPath: no valid path found"}
{"level":30,"time":1774382619325,"pid":1603455,"hostname":"TempleOfZyminx","from":{"q":2,"r":7},"to":{"q":12,"r":11},"msg":"findPath: no valid path found"}
{"level":30,"time":1774382619325,"pid":1603455,"hostname":"TempleOfZyminx","from":{"q":2,"r":7},"to":{"q":12,"r":12},"msg":"findPath: no valid path found"}
{"level":30,"time":1774382619325,"pid":1603455,"hostname":"TempleOfZyminx","from":{"q":2,"r":7},"to":{"q":12,"r":13},"msg":"findPath: no valid path found"}
{"level":30,"time":1774382619325,"pid":1603455,"hostname":"TempleOfZyminx","from":{"q":2,"r":7},"to":{"q":12,"r":14},"msg":"findPath: no valid path found"}
{"level":30,"time":1774382619325,"pid":1603455,"hostname":"TempleOfZyminx","from":{"q":2,"r":7},"to":{"q":12,"r":15},"msg":"findPath: no valid path found"}
{"level":30,"time":1774382619325,"pid":1603455,"hostname":"TempleOfZyminx","from":{"q":2,"r":7},"to":{"q":12,"r":16},"msg":"findPath: no valid path found"}
{"level":30,"time":1774382619325,"pid":1603455,"hostname":"TempleOfZyminx","from":{"q":2,"r":7},"to":{"q":12,"r":17},"msg":"findPath: no valid path found"}
{"level":30,"time":1774382619325,"pid":1603455,"hostname":"TempleOfZyminx","from":{"q":2,"r":7},"to":{"q":12,"r":18},"msg":"findPath: no valid path found"}
{"level":30,"time":1774382619325,"pid":1603455,"hostname":"TempleOfZyminx","from":{"q":2,"r":7},"to":{"q":12,"r":19},"msg":"findPath: no valid path found"}
{"level":30,"time":1774382619325,"pid":1603455,"hostname":"TempleOfZyminx","from":{"q":2,"r":7},"to":{"q":12,"r":20},"msg":"findPath: no valid path found"}
{"level":30,"time":1774382619325,"pid":1603455,"hostname":"TempleOfZyminx","from":{"q":2,"r":7},"to":{"q":12,"r":21},"msg":"findPath: no valid path found"}
{"level":30,"time":1774382619325,"pid":1603455,"hostname":"TempleOfZyminx","from":{"q":2,"r":7},"to":{"q":13,"r":0},"msg":"findPath: no valid path found"}
{"level":30,"time":1774382619325,"pid":1603455,"hostname":"TempleOfZyminx","from":{"q":2,"r":7},"to":{"q":13,"r":1},"msg":"findPath: no valid path found"}
{"level":30,"time":1774382619325,"pid":1603455,"hostname":"TempleOfZyminx","from":{"q":2,"r":7},"to":{"q":13,"r":2},"msg":"findPath: no valid path found"}
{"level":30,"time":1774382619325,"pid":1603455,"hostname":"TempleOfZyminx","from":{"q":2,"r":7},"to":{"q":13,"r":3},"msg":"findPath: no valid path found"}
{"level":30,"time":1774382619325,"pid":1603455,"hostname":"TempleOfZyminx","from":{"q":2,"r":7},"to":{"q":13,"r":4},"msg":"findPath: no valid path found"}
{"level":30,"time":1774382619325,"pid":1603455,"hostname":"TempleOfZyminx","from":{"q":2,"r":7},"to":{"q":13,"r":5},"msg":"findPath: no valid path found"}
{"level":30,"time":1774382619325,"pid":1603455,"hostname":"TempleOfZyminx","from":{"q":2,"r":7},"to":{"q":13,"r":6},"msg":"findPath: no valid path found"}
{"level":30,"time":1774382619325,"pid":1603455,"hostname":"TempleOfZyminx","from":{"q":2,"r":7},"to":{"q":13,"r":7},"msg":"findPath: no valid path found"}
{"level":30,"time":1774382619325,"pid":1603455,"hostname":"TempleOfZyminx","from":{"q":2,"r":7},"to":{"q":13,"r":8},"msg":"findPath: no valid path found"}
{"level":30,"time":1774382619325,"pid":1603455,"hostname":"TempleOfZyminx","from":{"q":2,"r":7},"to":{"q":13,"r":9},"msg":"findPath: no valid path found"}
{"level":30,"time":1774382619325,"pid":1603455,"hostname":"TempleOfZyminx","from":{"q":2,"r":7},"to":{"q":13,"r":10},"msg":"findPath: no valid path found"}
{"level":30,"time":1774382619326,"pid":1603455,"hostname":"TempleOfZyminx","from":{"q":2,"r":7},"to":{"q":13,"r":11},"msg":"findPath: no valid path found"}
{"level":30,"time":1774382619326,"pid":1603455,"hostname":"TempleOfZyminx","from":{"q":2,"r":7},"to":{"q":13,"r":12},"msg":"findPath: no valid path found"}
{"level":30,"time":1774382619326,"pid":1603455,"hostname":"TempleOfZyminx","from":{"q":2,"r":7},"to":{"q":13,"r":13},"msg":"findPath: no valid path found"}
{"level":30,"time":1774382619326,"pid":1603455,"hostname":"TempleOfZyminx","from":{"q":2,"r":7},"to":{"q":13,"r":14},"msg":"findPath: no valid path found"}
{"level":30,"time":1774382619326,"pid":1603455,"hostname":"TempleOfZyminx","from":{"q":2,"r":7},"to":{"q":13,"r":15},"msg":"findPath: no valid path found"}
{"level":30,"time":1774382619326,"pid":1603455,"hostname":"TempleOfZyminx","from":{"q":2,"r":7},"to":{"q":13,"r":16},"msg":"findPath: no valid path found"}
{"level":30,"time":1774382619326,"pid":1603455,"hostname":"TempleOfZyminx","from":{"q":2,"r":7},"to":{"q":13,"r":17},"msg":"findPath: no valid path found"}
{"level":30,"time":1774382619326,"pid":1603455,"hostname":"TempleOfZyminx","from":{"q":2,"r":7},"to":{"q":13,"r":18},"msg":"findPath: no valid path found"}
{"level":30,"time":1774382619326,"pid":1603455,"hostname":"TempleOfZyminx","from":{"q":2,"r":7},"to":{"q":13,"r":19},"msg":"findPath: no valid path found"}
{"level":30,"time":1774382619326,"pid":1603455,"hostname":"TempleOfZyminx","from":{"q":2,"r":7},"to":{"q":13,"r":20},"msg":"findPath: no valid path found"}
{"level":30,"time":1774382619326,"pid":1603455,"hostname":"TempleOfZyminx","from":{"q":2,"r":7},"to":{"q":13,"r":21},"msg":"findPath: no valid path found"}
{"level":30,"time":1774382619326,"pid":1603455,"hostname":"TempleOfZyminx","from":{"q":2,"r":7},"to":{"q":14,"r":0},"msg":"findPath: no valid path found"}
{"level":30,"time":1774382619326,"pid":1603455,"hostname":"TempleOfZyminx","from":{"q":2,"r":7},"to":{"q":14,"r":1},"msg":"findPath: no valid path found"}
{"level":30,"time":1774382619326,"pid":1603455,"hostname":"TempleOfZyminx","from":{"q":2,"r":7},"to":{"q":14,"r":2},"msg":"findPath: no valid path found"}
{"level":30,"time":1774382619326,"pid":1603455,"hostname":"TempleOfZyminx","from":{"q":2,"r":7},"to":{"q":14,"r":3},"msg":"findPath: no valid path found"}
{"level":30,"time":1774382619326,"pid":1603455,"hostname":"TempleOfZyminx","from":{"q":2,"r":7},"to":{"q":14,"r":4},"msg":"findPath: no valid path found"}
{"level":30,"time":1774382619326,"pid":1603455,"hostname":"TempleOfZyminx","from":{"q":2,"r":7},"to":{"q":14,"r":5},"msg":"findPath: no valid path found"}
{"level":30,"time":1774382619326,"pid":1603455,"hostname":"TempleOfZyminx","from":{"q":2,"r":7},"to":{"q":14,"r":6},"msg":"findPath: no valid path found"}
{"level":30,"time":1774382619326,"pid":1603455,"hostname":"TempleOfZyminx","from":{"q":2,"r":7},"to":{"q":14,"r":7},"msg":"findPath: no valid path found"}
{"level":30,"time":1774382619326,"pid":1603455,"hostname":"TempleOfZyminx","from":{"q":2,"r":7},"to":{"q":14,"r":8},"msg":"findPath: no valid path found"}
{"level":30,"time":1774382619326,"pid":1603455,"hostname":"TempleOfZyminx","from":{"q":2,"r":7},"to":{"q":14,"r":9},"msg":"findPath: no valid path found"}
{"level":30,"time":1774382619326,"pid":1603455,"hostname":"TempleOfZyminx","from":{"q":2,"r":7},"to":{"q":14,"r":10},"msg":"findPath: no valid path found"}
{"level":30,"time":1774382619326,"pid":1603455,"hostname":"TempleOfZyminx","from":{"q":2,"r":7},"to":{"q":14,"r":11},"msg":"findPath: no valid path found"}
{"level":30,"time":1774382619326,"pid":1603455,"hostname":"TempleOfZyminx","from":{"q":2,"r":7},"to":{"q":14,"r":12},"msg":"findPath: no valid path found"}
{"level":30,"time":1774382619326,"pid":1603455,"hostname":"TempleOfZyminx","from":{"q":2,"r":7},"to":{"q":14,"r":13},"msg":"findPath: no valid path found"}
{"level":30,"time":1774382619326,"pid":1603455,"hostname":"TempleOfZyminx","from":{"q":2,"r":7},"to":{"q":14,"r":14},"msg":"findPath: no valid path found"}
{"level":30,"time":1774382619326,"pid":1603455,"hostname":"TempleOfZyminx","from":{"q":2,"r":7},"to":{"q":14,"r":15},"msg":"findPath: no valid path found"}
{"level":30,"time":1774382619326,"pid":1603455,"hostname":"TempleOfZyminx","from":{"q":2,"r":7},"to":{"q":14,"r":16},"msg":"findPath: no valid path found"}
{"level":30,"time":1774382619326,"pid":1603455,"hostname":"TempleOfZyminx","from":{"q":2,"r":7},"to":{"q":14,"r":17},"msg":"findPath: no valid path found"}
{"level":30,"time":1774382619326,"pid":1603455,"hostname":"TempleOfZyminx","from":{"q":2,"r":7},"to":{"q":14,"r":18},"msg":"findPath: no valid path found"}
{"level":30,"time":1774382619326,"pid":1603455,"hostname":"TempleOfZyminx","from":{"q":2,"r":7},"to":{"q":14,"r":19},"msg":"findPath: no valid path found"}
{"level":30,"time":1774382619327,"pid":1603455,"hostname":"TempleOfZyminx","from":{"q":2,"r":7},"to":{"q":14,"r":20},"msg":"findPath: no valid path found"}
{"level":30,"time":1774382619327,"pid":1603455,"hostname":"TempleOfZyminx","from":{"q":2,"r":7},"to":{"q":14,"r":21},"msg":"findPath: no valid path found"}
{"level":30,"time":1774382619327,"pid":1603455,"hostname":"TempleOfZyminx","id":"a93fcf5b-e901-4464-8fe2-c07b8bc58aa4","command":"MOVE","msg":"Submitting game action"}
{"level":30,"time":1774382619327,"pid":1603455,"hostname":"TempleOfZyminx","gameId":"a93fcf5b-e901-4464-8fe2-c07b8bc58aa4","unitId":"onion-1","msg":"Processing MOVE command"}
{"level":30,"time":1774382619328,"pid":1603455,"hostname":"TempleOfZyminx","id":"a93fcf5b-e901-4464-8fe2-c07b8bc58aa4","msg":"Fetching game state"}
{"level":30,"time":1774382619328,"pid":1603455,"hostname":"TempleOfZyminx","id":"a93fcf5b-e901-4464-8fe2-c07b8bc58aa4","msg":"Fetching game state"}
{"level":30,"time":1774382619329,"pid":1603455,"hostname":"TempleOfZyminx","id":"a93fcf5b-e901-4464-8fe2-c07b8bc58aa4","command":"END_PHASE","msg":"Submitting game action"}
{"level":30,"time":1774382619329,"pid":1603455,"hostname":"TempleOfZyminx","gameId":"a93fcf5b-e901-4464-8fe2-c07b8bc58aa4","phase":"ONION_MOVE","msg":"Advancing phase"}
{"level":30,"time":1774382619329,"pid":1603455,"hostname":"TempleOfZyminx","phase":"ONION_MOVE","turnNumber":3,"msg":"Advancing phase in engine"}
{"level":30,"time":1774382619329,"pid":1603455,"hostname":"TempleOfZyminx","id":"a93fcf5b-e901-4464-8fe2-c07b8bc58aa4","msg":"Fetching game state"}
{"level":30,"time":1774382619330,"pid":1603455,"hostname":"TempleOfZyminx","id":"a93fcf5b-e901-4464-8fe2-c07b8bc58aa4","msg":"Fetching game state"}
{"level":30,"time":1774382619330,"pid":1603455,"hostname":"TempleOfZyminx","id":"a93fcf5b-e901-4464-8fe2-c07b8bc58aa4","command":"FIRE","msg":"Submitting game action"}
{"level":30,"time":1774382619330,"pid":1603455,"hostname":"TempleOfZyminx","gameId":"a93fcf5b-e901-4464-8fe2-c07b8bc58aa4","type":"FIRE","msg":"Processing combat command"}
{"level":30,"time":1774382619330,"pid":1603455,"hostname":"TempleOfZyminx","commandType":"FIRE","msg":"Validating combat action"}
{"level":30,"time":1774382619330,"pid":1603455,"hostname":"TempleOfZyminx","gameId":"a93fcf5b-e901-4464-8fe2-c07b8bc58aa4","error":"Attacker 'missile_1' is already destroyed or exhausted","msg":"Invalid combat command"}
{"level":30,"time":1774382619331,"pid":1603455,"hostname":"TempleOfZyminx","id":"a93fcf5b-e901-4464-8fe2-c07b8bc58aa4","msg":"Fetching game state"}
{"level":30,"time":1774382619331,"pid":1603455,"hostname":"TempleOfZyminx","id":"a93fcf5b-e901-4464-8fe2-c07b8bc58aa4","msg":"Fetching game state"}
{"level":30,"time":1774382619334,"pid":1603455,"hostname":"TempleOfZyminx","id":"a93fcf5b-e901-4464-8fe2-c07b8bc58aa4","command":"END_PHASE","msg":"Submitting game action"}
{"level":30,"time":1774382619334,"pid":1603455,"hostname":"TempleOfZyminx","gameId":"a93fcf5b-e901-4464-8fe2-c07b8bc58aa4","phase":"ONION_COMBAT","msg":"Advancing phase"}
{"level":30,"time":1774382619334,"pid":1603455,"hostname":"TempleOfZyminx","phase":"ONION_COMBAT","turnNumber":3,"msg":"Advancing phase in engine"}
{"level":30,"time":1774382619335,"pid":1603455,"hostname":"TempleOfZyminx","id":"a93fcf5b-e901-4464-8fe2-c07b8bc58aa4","msg":"Fetching game state"}
{"level":30,"time":1774382619335,"pid":1603455,"hostname":"TempleOfZyminx","id":"a93fcf5b-e901-4464-8fe2-c07b8bc58aa4","msg":"Fetching game state"}
{"level":30,"time":1774382619335,"pid":1603455,"hostname":"TempleOfZyminx","from":{"q":1,"r":7},"to":{"q":0,"r":0},"msg":"findPath: no valid path found"}
{"level":30,"time":1774382619335,"pid":1603455,"hostname":"TempleOfZyminx","from":{"q":1,"r":7},"to":{"q":0,"r":1},"msg":"findPath: no valid path found"}
{"level":30,"time":1774382619336,"pid":1603455,"hostname":"TempleOfZyminx","from":{"q":1,"r":7},"to":{"q":0,"r":2},"msg":"findPath: no valid path found"}
{"level":30,"time":1774382619336,"pid":1603455,"hostname":"TempleOfZyminx","from":{"q":1,"r":7},"to":{"q":0,"r":3},"msg":"findPath: no valid path found"}
{"level":30,"time":1774382619336,"pid":1603455,"hostname":"TempleOfZyminx","from":{"q":1,"r":7},"to":{"q":0,"r":12},"msg":"findPath: no valid path found"}
{"level":30,"time":1774382619336,"pid":1603455,"hostname":"TempleOfZyminx","from":{"q":1,"r":7},"to":{"q":0,"r":13},"msg":"findPath: no valid path found"}
{"level":30,"time":1774382619336,"pid":1603455,"hostname":"TempleOfZyminx","from":{"q":1,"r":7},"to":{"q":0,"r":14},"msg":"findPath: no valid path found"}
{"level":30,"time":1774382619336,"pid":1603455,"hostname":"TempleOfZyminx","from":{"q":1,"r":7},"to":{"q":0,"r":15},"msg":"findPath: no valid path found"}
{"level":30,"time":1774382619336,"pid":1603455,"hostname":"TempleOfZyminx","from":{"q":1,"r":7},"to":{"q":0,"r":16},"msg":"findPath: no valid path found"}
{"level":30,"time":1774382619336,"pid":1603455,"hostname":"TempleOfZyminx","from":{"q":1,"r":7},"to":{"q":0,"r":17},"msg":"findPath: no valid path found"}
{"level":30,"time":1774382619336,"pid":1603455,"hostname":"TempleOfZyminx","from":{"q":1,"r":7},"to":{"q":0,"r":18},"msg":"findPath: no valid path found"}
{"level":30,"time":1774382619336,"pid":1603455,"hostname":"TempleOfZyminx","from":{"q":1,"r":7},"to":{"q":0,"r":19},"msg":"findPath: no valid path found"}
{"level":30,"time":1774382619336,"pid":1603455,"hostname":"TempleOfZyminx","from":{"q":1,"r":7},"to":{"q":0,"r":20},"msg":"findPath: no valid path found"}
{"level":30,"time":1774382619336,"pid":1603455,"hostname":"TempleOfZyminx","from":{"q":1,"r":7},"to":{"q":0,"r":21},"msg":"findPath: no valid path found"}
{"level":30,"time":1774382619336,"pid":1603455,"hostname":"TempleOfZyminx","from":{"q":1,"r":7},"to":{"q":1,"r":0},"msg":"findPath: no valid path found"}
{"level":30,"time":1774382619336,"pid":1603455,"hostname":"TempleOfZyminx","from":{"q":1,"r":7},"to":{"q":1,"r":1},"msg":"findPath: no valid path found"}
{"level":30,"time":1774382619336,"pid":1603455,"hostname":"TempleOfZyminx","from":{"q":1,"r":7},"to":{"q":1,"r":2},"msg":"findPath: no valid path found"}
{"level":30,"time":1774382619336,"pid":1603455,"hostname":"TempleOfZyminx","from":{"q":1,"r":7},"to":{"q":1,"r":12},"msg":"findPath: no valid path found"}
{"level":30,"time":1774382619337,"pid":1603455,"hostname":"TempleOfZyminx","from":{"q":1,"r":7},"to":{"q":1,"r":13},"msg":"findPath: no valid path found"}
{"level":30,"time":1774382619337,"pid":1603455,"hostname":"TempleOfZyminx","from":{"q":1,"r":7},"to":{"q":1,"r":14},"msg":"findPath: no valid path found"}
{"level":30,"time":1774382619337,"pid":1603455,"hostname":"TempleOfZyminx","from":{"q":1,"r":7},"to":{"q":1,"r":15},"msg":"findPath: no valid path found"}
{"level":30,"time":1774382619337,"pid":1603455,"hostname":"TempleOfZyminx","from":{"q":1,"r":7},"to":{"q":1,"r":16},"msg":"findPath: no valid path found"}
{"level":30,"time":1774382619337,"pid":1603455,"hostname":"TempleOfZyminx","from":{"q":1,"r":7},"to":{"q":1,"r":17},"msg":"findPath: no valid path found"}
{"level":30,"time":1774382619337,"pid":1603455,"hostname":"TempleOfZyminx","from":{"q":1,"r":7},"to":{"q":1,"r":18},"msg":"findPath: no valid path found"}
{"level":30,"time":1774382619337,"pid":1603455,"hostname":"TempleOfZyminx","from":{"q":1,"r":7},"to":{"q":1,"r":19},"msg":"findPath: no valid path found"}
{"level":30,"time":1774382619337,"pid":1603455,"hostname":"TempleOfZyminx","from":{"q":1,"r":7},"to":{"q":1,"r":20},"msg":"findPath: no valid path found"}
{"level":30,"time":1774382619337,"pid":1603455,"hostname":"TempleOfZyminx","from":{"q":1,"r":7},"to":{"q":1,"r":21},"msg":"findPath: no valid path found"}
{"level":30,"time":1774382619337,"pid":1603455,"hostname":"TempleOfZyminx","from":{"q":1,"r":7},"to":{"q":2,"r":0},"msg":"findPath: no valid path found"}
{"level":30,"time":1774382619337,"pid":1603455,"hostname":"TempleOfZyminx","from":{"q":1,"r":7},"to":{"q":2,"r":1},"msg":"findPath: no valid path found"}
{"level":30,"time":1774382619337,"pid":1603455,"hostname":"TempleOfZyminx","from":{"q":1,"r":7},"to":{"q":2,"r":2},"msg":"findPath: no valid path found"}
{"level":30,"time":1774382619337,"pid":1603455,"hostname":"TempleOfZyminx","from":{"q":1,"r":7},"to":{"q":2,"r":11},"msg":"findPath: no valid path found"}
{"level":30,"time":1774382619337,"pid":1603455,"hostname":"TempleOfZyminx","from":{"q":1,"r":7},"to":{"q":2,"r":12},"msg":"findPath: no valid path found"}
{"level":30,"time":1774382619337,"pid":1603455,"hostname":"TempleOfZyminx","from":{"q":1,"r":7},"to":{"q":2,"r":13},"msg":"findPath: no valid path found"}
{"level":30,"time":1774382619337,"pid":1603455,"hostname":"TempleOfZyminx","from":{"q":1,"r":7},"to":{"q":2,"r":14},"msg":"findPath: no valid path found"}
{"level":30,"time":1774382619337,"pid":1603455,"hostname":"TempleOfZyminx","from":{"q":1,"r":7},"to":{"q":2,"r":15},"msg":"findPath: no valid path found"}
{"level":30,"time":1774382619337,"pid":1603455,"hostname":"TempleOfZyminx","from":{"q":1,"r":7},"to":{"q":2,"r":16},"msg":"findPath: no valid path found"}
{"level":30,"time":1774382619337,"pid":1603455,"hostname":"TempleOfZyminx","from":{"q":1,"r":7},"to":{"q":2,"r":17},"msg":"findPath: no valid path found"}
{"level":30,"time":1774382619337,"pid":1603455,"hostname":"TempleOfZyminx","from":{"q":1,"r":7},"to":{"q":2,"r":18},"msg":"findPath: no valid path found"}
{"level":30,"time":1774382619338,"pid":1603455,"hostname":"TempleOfZyminx","from":{"q":1,"r":7},"to":{"q":2,"r":19},"msg":"findPath: no valid path found"}
{"level":30,"time":1774382619338,"pid":1603455,"hostname":"TempleOfZyminx","from":{"q":1,"r":7},"to":{"q":2,"r":20},"msg":"findPath: no valid path found"}
{"level":30,"time":1774382619338,"pid":1603455,"hostname":"TempleOfZyminx","from":{"q":1,"r":7},"to":{"q":2,"r":21},"msg":"findPath: no valid path found"}
{"level":30,"time":1774382619338,"pid":1603455,"hostname":"TempleOfZyminx","from":{"q":1,"r":7},"to":{"q":3,"r":0},"msg":"findPath: no valid path found"}
{"level":30,"time":1774382619338,"pid":1603455,"hostname":"TempleOfZyminx","from":{"q":1,"r":7},"to":{"q":3,"r":1},"msg":"findPath: no valid path found"}
{"level":30,"time":1774382619338,"pid":1603455,"hostname":"TempleOfZyminx","from":{"q":1,"r":7},"to":{"q":3,"r":2},"msg":"findPath: no valid path found"}
{"level":30,"time":1774382619338,"pid":1603455,"hostname":"TempleOfZyminx","from":{"q":1,"r":7},"to":{"q":3,"r":8},"msg":"findPath: no valid path found"}
{"level":30,"time":1774382619338,"pid":1603455,"hostname":"TempleOfZyminx","from":{"q":1,"r":7},"to":{"q":3,"r":10},"msg":"findPath: no valid path found"}
{"level":30,"time":1774382619338,"pid":1603455,"hostname":"TempleOfZyminx","from":{"q":1,"r":7},"to":{"q":3,"r":11},"msg":"findPath: no valid path found"}
{"level":30,"time":1774382619338,"pid":1603455,"hostname":"TempleOfZyminx","from":{"q":1,"r":7},"to":{"q":3,"r":12},"msg":"findPath: no valid path found"}
{"level":30,"time":1774382619338,"pid":1603455,"hostname":"TempleOfZyminx","from":{"q":1,"r":7},"to":{"q":3,"r":13},"msg":"findPath: no valid path found"}
{"level":30,"time":1774382619338,"pid":1603455,"hostname":"TempleOfZyminx","from":{"q":1,"r":7},"to":{"q":3,"r":14},"msg":"findPath: no valid path found"}
{"level":30,"time":1774382619338,"pid":1603455,"hostname":"TempleOfZyminx","from":{"q":1,"r":7},"to":{"q":3,"r":15},"msg":"findPath: no valid path found"}
{"level":30,"time":1774382619338,"pid":1603455,"hostname":"TempleOfZyminx","from":{"q":1,"r":7},"to":{"q":3,"r":16},"msg":"findPath: no valid path found"}
{"level":30,"time":1774382619338,"pid":1603455,"hostname":"TempleOfZyminx","from":{"q":1,"r":7},"to":{"q":3,"r":17},"msg":"findPath: no valid path found"}
{"level":30,"time":1774382619338,"pid":1603455,"hostname":"TempleOfZyminx","from":{"q":1,"r":7},"to":{"q":3,"r":18},"msg":"findPath: no valid path found"}
{"level":30,"time":1774382619338,"pid":1603455,"hostname":"TempleOfZyminx","from":{"q":1,"r":7},"to":{"q":3,"r":19},"msg":"findPath: no valid path found"}
{"level":30,"time":1774382619338,"pid":1603455,"hostname":"TempleOfZyminx","from":{"q":1,"r":7},"to":{"q":3,"r":20},"msg":"findPath: no valid path found"}
{"level":30,"time":1774382619323,"pid":1603593,"hostname":"TempleOfZyminx","from":{"q":5,"r":6},"to":{"q":5,"r":19},"msg":"findPath: no valid path found"}
{"level":30,"time":1774382619323,"pid":1603593,"hostname":"TempleOfZyminx","from":{"q":5,"r":6},"to":{"q":5,"r":20},"msg":"findPath: no valid path found"}
{"level":30,"time":1774382619323,"pid":1603593,"hostname":"TempleOfZyminx","from":{"q":5,"r":6},"to":{"q":5,"r":21},"msg":"findPath: no valid path found"}
{"level":30,"time":1774382619324,"pid":1603593,"hostname":"TempleOfZyminx","from":{"q":5,"r":6},"to":{"q":6,"r":0},"msg":"findPath: no valid path found"}
{"level":30,"time":1774382619324,"pid":1603593,"hostname":"TempleOfZyminx","from":{"q":5,"r":6},"to":{"q":6,"r":1},"msg":"findPath: no valid path found"}
{"level":30,"time":1774382619324,"pid":1603593,"hostname":"TempleOfZyminx","from":{"q":5,"r":6},"to":{"q":6,"r":10},"msg":"findPath: no valid path found"}
{"level":30,"time":1774382619324,"pid":1603593,"hostname":"TempleOfZyminx","from":{"q":5,"r":6},"to":{"q":6,"r":11},"msg":"findPath: no valid path found"}
{"level":30,"time":1774382619324,"pid":1603593,"hostname":"TempleOfZyminx","from":{"q":5,"r":6},"to":{"q":6,"r":12},"msg":"findPath: no valid path found"}
{"level":30,"time":1774382619325,"pid":1603593,"hostname":"TempleOfZyminx","from":{"q":5,"r":6},"to":{"q":6,"r":13},"msg":"findPath: no valid path found"}
{"level":30,"time":1774382619325,"pid":1603593,"hostname":"TempleOfZyminx","from":{"q":5,"r":6},"to":{"q":6,"r":14},"msg":"findPath: no valid path found"}
{"level":30,"time":1774382619325,"pid":1603593,"hostname":"TempleOfZyminx","from":{"q":5,"r":6},"to":{"q":6,"r":15},"msg":"findPath: no valid path found"}
{"level":30,"time":1774382619326,"pid":1603593,"hostname":"TempleOfZyminx","from":{"q":5,"r":6},"to":{"q":6,"r":16},"msg":"findPath: no valid path found"}
{"level":30,"time":1774382619326,"pid":1603593,"hostname":"TempleOfZyminx","from":{"q":5,"r":6},"to":{"q":6,"r":17},"msg":"findPath: no valid path found"}
{"level":30,"time":1774382619326,"pid":1603593,"hostname":"TempleOfZyminx","from":{"q":5,"r":6},"to":{"q":6,"r":18},"msg":"findPath: no valid path found"}
{"level":30,"time":1774382619326,"pid":1603593,"hostname":"TempleOfZyminx","from":{"q":5,"r":6},"to":{"q":6,"r":19},"msg":"findPath: no valid path found"}
{"level":30,"time":1774382619326,"pid":1603593,"hostname":"TempleOfZyminx","from":{"q":5,"r":6},"to":{"q":6,"r":20},"msg":"findPath: no valid path found"}
{"level":30,"time":1774382619326,"pid":1603593,"hostname":"TempleOfZyminx","from":{"q":5,"r":6},"to":{"q":6,"r":21},"msg":"findPath: no valid path found"}
{"level":30,"time":1774382619326,"pid":1603593,"hostname":"TempleOfZyminx","from":{"q":5,"r":6},"to":{"q":7,"r":0},"msg":"findPath: no valid path found"}
{"level":30,"time":1774382619326,"pid":1603593,"hostname":"TempleOfZyminx","from":{"q":5,"r":6},"to":{"q":7,"r":1},"msg":"findPath: no valid path found"}
{"level":30,"time":1774382619327,"pid":1603593,"hostname":"TempleOfZyminx","from":{"q":5,"r":6},"to":{"q":7,"r":9},"msg":"findPath: no valid path found"}
{"level":30,"time":1774382619327,"pid":1603593,"hostname":"TempleOfZyminx","from":{"q":5,"r":6},"to":{"q":7,"r":10},"msg":"findPath: no valid path found"}
{"level":30,"time":1774382619327,"pid":1603593,"hostname":"TempleOfZyminx","from":{"q":5,"r":6},"to":{"q":7,"r":11},"msg":"findPath: no valid path found"}
{"level":30,"time":1774382619327,"pid":1603593,"hostname":"TempleOfZyminx","from":{"q":5,"r":6},"to":{"q":7,"r":12},"msg":"findPath: no valid path found"}
{"level":30,"time":1774382619327,"pid":1603593,"hostname":"TempleOfZyminx","from":{"q":5,"r":6},"to":{"q":7,"r":13},"msg":"findPath: no valid path found"}
{"level":30,"time":1774382619328,"pid":1603593,"hostname":"TempleOfZyminx","from":{"q":5,"r":6},"to":{"q":7,"r":14},"msg":"findPath: no valid path found"}
{"level":30,"time":1774382619328,"pid":1603593,"hostname":"TempleOfZyminx","from":{"q":5,"r":6},"to":{"q":7,"r":15},"msg":"findPath: no valid path found"}
{"level":30,"time":1774382619328,"pid":1603593,"hostname":"TempleOfZyminx","from":{"q":5,"r":6},"to":{"q":7,"r":16},"msg":"findPath: no valid path found"}
{"level":30,"time":1774382619328,"pid":1603593,"hostname":"TempleOfZyminx","from":{"q":5,"r":6},"to":{"q":7,"r":17},"msg":"findPath: no valid path found"}
{"level":30,"time":1774382619328,"pid":1603593,"hostname":"TempleOfZyminx","from":{"q":5,"r":6},"to":{"q":7,"r":18},"msg":"findPath: no valid path found"}
{"level":30,"time":1774382619328,"pid":1603593,"hostname":"TempleOfZyminx","from":{"q":5,"r":6},"to":{"q":7,"r":19},"msg":"findPath: no valid path found"}
{"level":30,"time":1774382619328,"pid":1603593,"hostname":"TempleOfZyminx","from":{"q":5,"r":6},"to":{"q":7,"r":20},"msg":"findPath: no valid path found"}
{"level":30,"time":1774382619328,"pid":1603593,"hostname":"TempleOfZyminx","from":{"q":5,"r":6},"to":{"q":7,"r":21},"msg":"findPath: no valid path found"}
{"level":30,"time":1774382619329,"pid":1603593,"hostname":"TempleOfZyminx","from":{"q":5,"r":6},"to":{"q":8,"r":0},"msg":"findPath: no valid path found"}
{"level":30,"time":1774382619329,"pid":1603593,"hostname":"TempleOfZyminx","from":{"q":5,"r":6},"to":{"q":8,"r":1},"msg":"findPath: no valid path found"}
{"level":30,"time":1774382619329,"pid":1603593,"hostname":"TempleOfZyminx","from":{"q":5,"r":6},"to":{"q":8,"r":8},"msg":"findPath: no valid path found"}
{"level":30,"time":1774382619329,"pid":1603593,"hostname":"TempleOfZyminx","from":{"q":5,"r":6},"to":{"q":8,"r":9},"msg":"findPath: no valid path found"}
{"level":30,"time":1774382619329,"pid":1603593,"hostname":"TempleOfZyminx","from":{"q":5,"r":6},"to":{"q":8,"r":10},"msg":"findPath: no valid path found"}
{"level":30,"time":1774382619330,"pid":1603593,"hostname":"TempleOfZyminx","from":{"q":5,"r":6},"to":{"q":8,"r":11},"msg":"findPath: no valid path found"}
{"level":30,"time":1774382619330,"pid":1603593,"hostname":"TempleOfZyminx","from":{"q":5,"r":6},"to":{"q":8,"r":12},"msg":"findPath: no valid path found"}
{"level":30,"time":1774382619330,"pid":1603593,"hostname":"TempleOfZyminx","from":{"q":5,"r":6},"to":{"q":8,"r":13},"msg":"findPath: no valid path found"}
{"level":30,"time":1774382619330,"pid":1603593,"hostname":"TempleOfZyminx","from":{"q":5,"r":6},"to":{"q":8,"r":14},"msg":"findPath: no valid path found"}
{"level":30,"time":1774382619330,"pid":1603593,"hostname":"TempleOfZyminx","from":{"q":5,"r":6},"to":{"q":8,"r":15},"msg":"findPath: no valid path found"}
{"level":30,"time":1774382619330,"pid":1603593,"hostname":"TempleOfZyminx","from":{"q":5,"r":6},"to":{"q":8,"r":16},"msg":"findPath: no valid path found"}
{"level":30,"time":1774382619330,"pid":1603593,"hostname":"TempleOfZyminx","from":{"q":5,"r":6},"to":{"q":8,"r":17},"msg":"findPath: no valid path found"}
{"level":30,"time":1774382619331,"pid":1603593,"hostname":"TempleOfZyminx","from":{"q":5,"r":6},"to":{"q":8,"r":18},"msg":"findPath: no valid path found"}
{"level":30,"time":1774382619331,"pid":1603593,"hostname":"TempleOfZyminx","from":{"q":5,"r":6},"to":{"q":8,"r":19},"msg":"findPath: no valid path found"}
{"level":30,"time":1774382619331,"pid":1603593,"hostname":"TempleOfZyminx","from":{"q":5,"r":6},"to":{"q":8,"r":20},"msg":"findPath: no valid path found"}
{"level":30,"time":1774382619331,"pid":1603593,"hostname":"TempleOfZyminx","from":{"q":5,"r":6},"to":{"q":8,"r":21},"msg":"findPath: no valid path found"}
{"level":30,"time":1774382619331,"pid":1603593,"hostname":"TempleOfZyminx","from":{"q":5,"r":6},"to":{"q":9,"r":0},"msg":"findPath: no valid path found"}
{"level":30,"time":1774382619331,"pid":1603593,"hostname":"TempleOfZyminx","from":{"q":5,"r":6},"to":{"q":9,"r":1},"msg":"findPath: no valid path found"}
{"level":30,"time":1774382619332,"pid":1603593,"hostname":"TempleOfZyminx","from":{"q":5,"r":6},"to":{"q":9,"r":7},"msg":"findPath: no valid path found"}
{"level":30,"time":1774382619332,"pid":1603593,"hostname":"TempleOfZyminx","from":{"q":5,"r":6},"to":{"q":9,"r":8},"msg":"findPath: no valid path found"}
{"level":30,"time":1774382619332,"pid":1603593,"hostname":"TempleOfZyminx","from":{"q":5,"r":6},"to":{"q":9,"r":9},"msg":"findPath: no valid path found"}
{"level":30,"time":1774382619332,"pid":1603593,"hostname":"TempleOfZyminx","from":{"q":5,"r":6},"to":{"q":9,"r":10},"msg":"findPath: no valid path found"}
{"level":30,"time":1774382619332,"pid":1603593,"hostname":"TempleOfZyminx","from":{"q":5,"r":6},"to":{"q":9,"r":11},"msg":"findPath: no valid path found"}
{"level":30,"time":1774382619332,"pid":1603593,"hostname":"TempleOfZyminx","from":{"q":5,"r":6},"to":{"q":9,"r":12},"msg":"findPath: no valid path found"}
{"level":30,"time":1774382619332,"pid":1603593,"hostname":"TempleOfZyminx","from":{"q":5,"r":6},"to":{"q":9,"r":13},"msg":"findPath: no valid path found"}
{"level":30,"time":1774382619332,"pid":1603593,"hostname":"TempleOfZyminx","from":{"q":5,"r":6},"to":{"q":9,"r":14},"msg":"findPath: no valid path found"}
{"level":30,"time":1774382619333,"pid":1603593,"hostname":"TempleOfZyminx","from":{"q":5,"r":6},"to":{"q":9,"r":15},"msg":"findPath: no valid path found"}
{"level":30,"time":1774382619333,"pid":1603593,"hostname":"TempleOfZyminx","from":{"q":5,"r":6},"to":{"q":9,"r":16},"msg":"findPath: no valid path found"}
{"level":30,"time":1774382619333,"pid":1603593,"hostname":"TempleOfZyminx","from":{"q":5,"r":6},"to":{"q":9,"r":17},"msg":"findPath: no valid path found"}
{"level":30,"time":1774382619333,"pid":1603593,"hostname":"TempleOfZyminx","from":{"q":5,"r":6},"to":{"q":9,"r":18},"msg":"findPath: no valid path found"}
{"level":30,"time":1774382619333,"pid":1603593,"hostname":"TempleOfZyminx","from":{"q":5,"r":6},"to":{"q":9,"r":19},"msg":"findPath: no valid path found"}
{"level":30,"time":1774382619333,"pid":1603593,"hostname":"TempleOfZyminx","from":{"q":5,"r":6},"to":{"q":9,"r":20},"msg":"findPath: no valid path found"}
{"level":30,"time":1774382619333,"pid":1603593,"hostname":"TempleOfZyminx","from":{"q":5,"r":6},"to":{"q":9,"r":21},"msg":"findPath: no valid path found"}
{"level":30,"time":1774382619333,"pid":1603593,"hostname":"TempleOfZyminx","from":{"q":5,"r":6},"to":{"q":10,"r":0},"msg":"findPath: no valid path found"}
{"level":30,"time":1774382619333,"pid":1603593,"hostname":"TempleOfZyminx","from":{"q":5,"r":6},"to":{"q":10,"r":1},"msg":"findPath: no valid path found"}
{"level":30,"time":1774382619334,"pid":1603593,"hostname":"TempleOfZyminx","from":{"q":5,"r":6},"to":{"q":10,"r":2},"msg":"findPath: no valid path found"}
{"level":30,"time":1774382619334,"pid":1603593,"hostname":"TempleOfZyminx","from":{"q":5,"r":6},"to":{"q":10,"r":3},"msg":"findPath: no valid path found"}
{"level":30,"time":1774382619334,"pid":1603593,"hostname":"TempleOfZyminx","from":{"q":5,"r":6},"to":{"q":10,"r":4},"msg":"findPath: no valid path found"}
{"level":30,"time":1774382619334,"pid":1603593,"hostname":"TempleOfZyminx","from":{"q":5,"r":6},"to":{"q":10,"r":5},"msg":"findPath: no valid path found"}
{"level":30,"time":1774382619334,"pid":1603593,"hostname":"TempleOfZyminx","from":{"q":5,"r":6},"to":{"q":10,"r":6},"msg":"findPath: no valid path found"}
{"level":30,"time":1774382619334,"pid":1603593,"hostname":"TempleOfZyminx","from":{"q":5,"r":6},"to":{"q":10,"r":7},"msg":"findPath: no valid path found"}
{"level":30,"time":1774382619334,"pid":1603593,"hostname":"TempleOfZyminx","from":{"q":5,"r":6},"to":{"q":10,"r":8},"msg":"findPath: no valid path found"}
{"level":30,"time":1774382619334,"pid":1603593,"hostname":"TempleOfZyminx","from":{"q":5,"r":6},"to":{"q":10,"r":9},"msg":"findPath: no valid path found"}
{"level":30,"time":1774382619335,"pid":1603593,"hostname":"TempleOfZyminx","from":{"q":5,"r":6},"to":{"q":10,"r":10},"msg":"findPath: no valid path found"}
{"level":30,"time":1774382619335,"pid":1603593,"hostname":"TempleOfZyminx","from":{"q":5,"r":6},"to":{"q":10,"r":11},"msg":"findPath: no valid path found"}
{"level":30,"time":1774382619335,"pid":1603593,"hostname":"TempleOfZyminx","from":{"q":5,"r":6},"to":{"q":10,"r":12},"msg":"findPath: no valid path found"}
{"level":30,"time":1774382619335,"pid":1603593,"hostname":"TempleOfZyminx","from":{"q":5,"r":6},"to":{"q":10,"r":13},"msg":"findPath: no valid path found"}
{"level":30,"time":1774382619335,"pid":1603593,"hostname":"TempleOfZyminx","from":{"q":5,"r":6},"to":{"q":10,"r":14},"msg":"findPath: no valid path found"}
{"level":30,"time":1774382619335,"pid":1603593,"hostname":"TempleOfZyminx","from":{"q":5,"r":6},"to":{"q":10,"r":15},"msg":"findPath: no valid path found"}
{"level":30,"time":1774382619335,"pid":1603593,"hostname":"TempleOfZyminx","from":{"q":5,"r":6},"to":{"q":10,"r":16},"msg":"findPath: no valid path found"}
{"level":30,"time":1774382619335,"pid":1603593,"hostname":"TempleOfZyminx","from":{"q":5,"r":6},"to":{"q":10,"r":17},"msg":"findPath: no valid path found"}
{"level":30,"time":1774382619336,"pid":1603593,"hostname":"TempleOfZyminx","from":{"q":5,"r":6},"to":{"q":10,"r":18},"msg":"findPath: no valid path found"}
{"level":30,"time":1774382619336,"pid":1603593,"hostname":"TempleOfZyminx","from":{"q":5,"r":6},"to":{"q":10,"r":19},"msg":"findPath: no valid path found"}
{"level":30,"time":1774382619336,"pid":1603593,"hostname":"TempleOfZyminx","from":{"q":5,"r":6},"to":{"q":10,"r":20},"msg":"findPath: no valid path found"}
{"level":30,"time":1774382619336,"pid":1603593,"hostname":"TempleOfZyminx","from":{"q":5,"r":6},"to":{"q":10,"r":21},"msg":"findPath: no valid path found"}
{"level":30,"time":1774382619336,"pid":1603593,"hostname":"TempleOfZyminx","from":{"q":5,"r":6},"to":{"q":11,"r":0},"msg":"findPath: no valid path found"}
{"level":30,"time":1774382619336,"pid":1603593,"hostname":"TempleOfZyminx","from":{"q":5,"r":6},"to":{"q":11,"r":1},"msg":"findPath: no valid path found"}
{"level":30,"time":1774382619336,"pid":1603593,"hostname":"TempleOfZyminx","from":{"q":5,"r":6},"to":{"q":11,"r":2},"msg":"findPath: no valid path found"}
{"level":30,"time":1774382619336,"pid":1603593,"hostname":"TempleOfZyminx","from":{"q":5,"r":6},"to":{"q":11,"r":3},"msg":"findPath: no valid path found"}
{"level":30,"time":1774382619336,"pid":1603593,"hostname":"TempleOfZyminx","from":{"q":5,"r":6},"to":{"q":11,"r":4},"msg":"findPath: no valid path found"}
{"level":30,"time":1774382619337,"pid":1603593,"hostname":"TempleOfZyminx","from":{"q":5,"r":6},"to":{"q":11,"r":5},"msg":"findPath: no valid path found"}
{"level":30,"time":1774382619337,"pid":1603593,"hostname":"TempleOfZyminx","from":{"q":5,"r":6},"to":{"q":11,"r":6},"msg":"findPath: no valid path found"}
{"level":30,"time":1774382619337,"pid":1603593,"hostname":"TempleOfZyminx","from":{"q":5,"r":6},"to":{"q":11,"r":7},"msg":"findPath: no valid path found"}
{"level":30,"time":1774382619337,"pid":1603593,"hostname":"TempleOfZyminx","from":{"q":5,"r":6},"to":{"q":11,"r":8},"msg":"findPath: no valid path found"}
{"level":30,"time":1774382619337,"pid":1603593,"hostname":"TempleOfZyminx","from":{"q":5,"r":6},"to":{"q":11,"r":9},"msg":"findPath: no valid path found"}
{"level":30,"time":1774382619337,"pid":1603593,"hostname":"TempleOfZyminx","from":{"q":5,"r":6},"to":{"q":11,"r":10},"msg":"findPath: no valid path found"}
{"level":30,"time":1774382619337,"pid":1603593,"hostname":"TempleOfZyminx","from":{"q":5,"r":6},"to":{"q":11,"r":11},"msg":"findPath: no valid path found"}
{"level":30,"time":1774382619337,"pid":1603593,"hostname":"TempleOfZyminx","from":{"q":5,"r":6},"to":{"q":11,"r":12},"msg":"findPath: no valid path found"}
{"level":30,"time":1774382619338,"pid":1603593,"hostname":"TempleOfZyminx","from":{"q":5,"r":6},"to":{"q":11,"r":13},"msg":"findPath: no valid path found"}
{"level":30,"time":1774382619338,"pid":1603593,"hostname":"TempleOfZyminx","from":{"q":5,"r":6},"to":{"q":11,"r":14},"msg":"findPath: no valid path found"}
{"level":30,"time":1774382619338,"pid":1603593,"hostname":"TempleOfZyminx","from":{"q":5,"r":6},"to":{"q":11,"r":15},"msg":"findPath: no valid path found"}
{"level":30,"time":1774382619338,"pid":1603593,"hostname":"TempleOfZyminx","from":{"q":5,"r":6},"to":{"q":11,"r":16},"msg":"findPath: no valid path found"}
{"level":30,"time":1774382619338,"pid":1603593,"hostname":"TempleOfZyminx","from":{"q":5,"r":6},"to":{"q":11,"r":17},"msg":"findPath: no valid path found"}
{"level":30,"time":1774382619338,"pid":1603593,"hostname":"TempleOfZyminx","from":{"q":5,"r":6},"to":{"q":11,"r":18},"msg":"findPath: no valid path found"}
{"level":30,"time":1774382619338,"pid":1603593,"hostname":"TempleOfZyminx","from":{"q":5,"r":6},"to":{"q":11,"r":19},"msg":"findPath: no valid path found"}
{"level":30,"time":1774382619338,"pid":1603593,"hostname":"TempleOfZyminx","from":{"q":5,"r":6},"to":{"q":11,"r":20},"msg":"findPath: no valid path found"}
{"level":30,"time":1774382619338,"pid":1603593,"hostname":"TempleOfZyminx","from":{"q":5,"r":6},"to":{"q":11,"r":21},"msg":"findPath: no valid path found"}
{"level":30,"time":1774382619339,"pid":1603593,"hostname":"TempleOfZyminx","from":{"q":5,"r":6},"to":{"q":12,"r":0},"msg":"findPath: no valid path found"}
{"level":30,"time":1774382619339,"pid":1603593,"hostname":"TempleOfZyminx","from":{"q":5,"r":6},"to":{"q":12,"r":1},"msg":"findPath: no valid path found"}
{"level":30,"time":1774382619339,"pid":1603593,"hostname":"TempleOfZyminx","from":{"q":5,"r":6},"to":{"q":12,"r":2},"msg":"findPath: no valid path found"}
{"level":30,"time":1774382619339,"pid":1603593,"hostname":"TempleOfZyminx","from":{"q":5,"r":6},"to":{"q":12,"r":3},"msg":"findPath: no valid path found"}
{"level":30,"time":1774382619339,"pid":1603593,"hostname":"TempleOfZyminx","from":{"q":5,"r":6},"to":{"q":12,"r":4},"msg":"findPath: no valid path found"}
{"level":30,"time":1774382619339,"pid":1603593,"hostname":"TempleOfZyminx","from":{"q":5,"r":6},"to":{"q":12,"r":5},"msg":"findPath: no valid path found"}
{"level":30,"time":1774382619339,"pid":1603593,"hostname":"TempleOfZyminx","from":{"q":5,"r":6},"to":{"q":12,"r":6},"msg":"findPath: no valid path found"}
{"level":30,"time":1774382619339,"pid":1603593,"hostname":"TempleOfZyminx","from":{"q":5,"r":6},"to":{"q":12,"r":7},"msg":"findPath: no valid path found"}
{"level":30,"time":1774382619339,"pid":1603593,"hostname":"TempleOfZyminx","from":{"q":5,"r":6},"to":{"q":12,"r":8},"msg":"findPath: no valid path found"}
{"level":30,"time":1774382619340,"pid":1603593,"hostname":"TempleOfZyminx","from":{"q":5,"r":6},"to":{"q":12,"r":9},"msg":"findPath: no valid path found"}
{"level":30,"time":1774382619340,"pid":1603593,"hostname":"TempleOfZyminx","from":{"q":5,"r":6},"to":{"q":12,"r":10},"msg":"findPath: no valid path found"}
{"level":30,"time":1774382619340,"pid":1603593,"hostname":"TempleOfZyminx","from":{"q":5,"r":6},"to":{"q":12,"r":11},"msg":"findPath: no valid path found"}
{"level":30,"time":1774382619340,"pid":1603593,"hostname":"TempleOfZyminx","from":{"q":5,"r":6},"to":{"q":12,"r":12},"msg":"findPath: no valid path found"}
{"level":30,"time":1774382619340,"pid":1603593,"hostname":"TempleOfZyminx","from":{"q":5,"r":6},"to":{"q":12,"r":13},"msg":"findPath: no valid path found"}
{"level":30,"time":1774382619340,"pid":1603593,"hostname":"TempleOfZyminx","from":{"q":5,"r":6},"to":{"q":12,"r":14},"msg":"findPath: no valid path found"}
{"level":30,"time":1774382619340,"pid":1603593,"hostname":"TempleOfZyminx","from":{"q":5,"r":6},"to":{"q":12,"r":15},"msg":"findPath: no valid path found"}
{"level":30,"time":1774382619340,"pid":1603593,"hostname":"TempleOfZyminx","from":{"q":5,"r":6},"to":{"q":12,"r":16},"msg":"findPath: no valid path found"}
{"level":30,"time":1774382619341,"pid":1603593,"hostname":"TempleOfZyminx","from":{"q":5,"r":6},"to":{"q":12,"r":17},"msg":"findPath: no valid path found"}
{"level":30,"time":1774382619341,"pid":1603593,"hostname":"TempleOfZyminx","from":{"q":5,"r":6},"to":{"q":12,"r":18},"msg":"findPath: no valid path found"}
{"level":30,"time":1774382619341,"pid":1603593,"hostname":"TempleOfZyminx","from":{"q":5,"r":6},"to":{"q":12,"r":19},"msg":"findPath: no valid path found"}
{"level":30,"time":1774382619341,"pid":1603593,"hostname":"TempleOfZyminx","from":{"q":5,"r":6},"to":{"q":12,"r":20},"msg":"findPath: no valid path found"}
{"level":30,"time":1774382619341,"pid":1603593,"hostname":"TempleOfZyminx","from":{"q":5,"r":6},"to":{"q":12,"r":21},"msg":"findPath: no valid path found"}
{"level":30,"time":1774382619341,"pid":1603593,"hostname":"TempleOfZyminx","from":{"q":5,"r":6},"to":{"q":13,"r":0},"msg":"findPath: no valid path found"}
{"level":30,"time":1774382619341,"pid":1603593,"hostname":"TempleOfZyminx","from":{"q":5,"r":6},"to":{"q":13,"r":1},"msg":"findPath: no valid path found"}
{"level":30,"time":1774382619341,"pid":1603593,"hostname":"TempleOfZyminx","from":{"q":5,"r":6},"to":{"q":13,"r":2},"msg":"findPath: no valid path found"}
{"level":30,"time":1774382619342,"pid":1603593,"hostname":"TempleOfZyminx","from":{"q":5,"r":6},"to":{"q":13,"r":3},"msg":"findPath: no valid path found"}
{"level":30,"time":1774382619342,"pid":1603593,"hostname":"TempleOfZyminx","from":{"q":5,"r":6},"to":{"q":13,"r":4},"msg":"findPath: no valid path found"}
{"level":30,"time":1774382619342,"pid":1603593,"hostname":"TempleOfZyminx","from":{"q":5,"r":6},"to":{"q":13,"r":5},"msg":"findPath: no valid path found"}
{"level":30,"time":1774382619342,"pid":1603593,"hostname":"TempleOfZyminx","from":{"q":5,"r":6},"to":{"q":13,"r":6},"msg":"findPath: no valid path found"}
{"level":30,"time":1774382619342,"pid":1603593,"hostname":"TempleOfZyminx","from":{"q":5,"r":6},"to":{"q":13,"r":7},"msg":"findPath: no valid path found"}
{"level":30,"time":1774382619342,"pid":1603593,"hostname":"TempleOfZyminx","from":{"q":5,"r":6},"to":{"q":13,"r":8},"msg":"findPath: no valid path found"}
{"level":30,"time":1774382619342,"pid":1603593,"hostname":"TempleOfZyminx","from":{"q":5,"r":6},"to":{"q":13,"r":9},"msg":"findPath: no valid path found"}
{"level":30,"time":1774382619342,"pid":1603593,"hostname":"TempleOfZyminx","from":{"q":5,"r":6},"to":{"q":13,"r":10},"msg":"findPath: no valid path found"}
{"level":30,"time":1774382619343,"pid":1603593,"hostname":"TempleOfZyminx","from":{"q":5,"r":6},"to":{"q":13,"r":11},"msg":"findPath: no valid path found"}
{"level":30,"time":1774382619343,"pid":1603593,"hostname":"TempleOfZyminx","from":{"q":5,"r":6},"to":{"q":13,"r":12},"msg":"findPath: no valid path found"}
{"level":30,"time":1774382619343,"pid":1603593,"hostname":"TempleOfZyminx","from":{"q":5,"r":6},"to":{"q":13,"r":13},"msg":"findPath: no valid path found"}
{"level":30,"time":1774382619346,"pid":1603593,"hostname":"TempleOfZyminx","from":{"q":5,"r":6},"to":{"q":13,"r":14},"msg":"findPath: no valid path found"}
{"level":30,"time":1774382619346,"pid":1603593,"hostname":"TempleOfZyminx","from":{"q":5,"r":6},"to":{"q":13,"r":15},"msg":"findPath: no valid path found"}
{"level":30,"time":1774382619347,"pid":1603593,"hostname":"TempleOfZyminx","from":{"q":5,"r":6},"to":{"q":13,"r":16},"msg":"findPath: no valid path found"}
{"level":30,"time":1774382619347,"pid":1603593,"hostname":"TempleOfZyminx","from":{"q":5,"r":6},"to":{"q":13,"r":17},"msg":"findPath: no valid path found"}
{"level":30,"time":1774382619347,"pid":1603593,"hostname":"TempleOfZyminx","from":{"q":5,"r":6},"to":{"q":13,"r":18},"msg":"findPath: no valid path found"}
{"level":30,"time":1774382619347,"pid":1603593,"hostname":"TempleOfZyminx","from":{"q":5,"r":6},"to":{"q":13,"r":19},"msg":"findPath: no valid path found"}
{"level":30,"time":1774382619347,"pid":1603593,"hostname":"TempleOfZyminx","from":{"q":5,"r":6},"to":{"q":13,"r":20},"msg":"findPath: no valid path found"}
{"level":30,"time":1774382619347,"pid":1603593,"hostname":"TempleOfZyminx","from":{"q":5,"r":6},"to":{"q":13,"r":21},"msg":"findPath: no valid path found"}
{"level":30,"time":1774382619347,"pid":1603593,"hostname":"TempleOfZyminx","from":{"q":5,"r":6},"to":{"q":14,"r":0},"msg":"findPath: no valid path found"}
{"level":30,"time":1774382619347,"pid":1603593,"hostname":"TempleOfZyminx","from":{"q":5,"r":6},"to":{"q":14,"r":1},"msg":"findPath: no valid path found"}
{"level":30,"time":1774382619347,"pid":1603593,"hostname":"TempleOfZyminx","from":{"q":5,"r":6},"to":{"q":14,"r":2},"msg":"findPath: no valid path found"}
{"level":30,"time":1774382619348,"pid":1603593,"hostname":"TempleOfZyminx","from":{"q":5,"r":6},"to":{"q":14,"r":3},"msg":"findPath: no valid path found"}
{"level":30,"time":1774382619348,"pid":1603593,"hostname":"TempleOfZyminx","from":{"q":5,"r":6},"to":{"q":14,"r":4},"msg":"findPath: no valid path found"}
{"level":30,"time":1774382619348,"pid":1603593,"hostname":"TempleOfZyminx","from":{"q":5,"r":6},"to":{"q":14,"r":5},"msg":"findPath: no valid path found"}
{"level":30,"time":1774382619348,"pid":1603593,"hostname":"TempleOfZyminx","from":{"q":5,"r":6},"to":{"q":14,"r":6},"msg":"findPath: no valid path found"}
{"level":30,"time":1774382619348,"pid":1603593,"hostname":"TempleOfZyminx","from":{"q":5,"r":6},"to":{"q":14,"r":7},"msg":"findPath: no valid path found"}
{"level":30,"time":1774382619348,"pid":1603593,"hostname":"TempleOfZyminx","from":{"q":5,"r":6},"to":{"q":14,"r":8},"msg":"findPath: no valid path found"}
{"level":30,"time":1774382619348,"pid":1603593,"hostname":"TempleOfZyminx","from":{"q":5,"r":6},"to":{"q":14,"r":9},"msg":"findPath: no valid path found"}
{"level":30,"time":1774382619348,"pid":1603593,"hostname":"TempleOfZyminx","from":{"q":5,"r":6},"to":{"q":14,"r":10},"msg":"findPath: no valid path found"}
{"level":30,"time":1774382619348,"pid":1603593,"hostname":"TempleOfZyminx","from":{"q":5,"r":6},"to":{"q":14,"r":11},"msg":"findPath: no valid path found"}
{"level":30,"time":1774382619349,"pid":1603593,"hostname":"TempleOfZyminx","from":{"q":5,"r":6},"to":{"q":14,"r":12},"msg":"findPath: no valid path found"}
{"level":30,"time":1774382619349,"pid":1603593,"hostname":"TempleOfZyminx","from":{"q":5,"r":6},"to":{"q":14,"r":13},"msg":"findPath: no valid path found"}
{"level":30,"time":1774382619349,"pid":1603593,"hostname":"TempleOfZyminx","from":{"q":5,"r":6},"to":{"q":14,"r":14},"msg":"findPath: no valid path found"}
{"level":30,"time":1774382619349,"pid":1603593,"hostname":"TempleOfZyminx","from":{"q":5,"r":6},"to":{"q":14,"r":15},"msg":"findPath: no valid path found"}
{"level":30,"time":1774382619349,"pid":1603593,"hostname":"TempleOfZyminx","from":{"q":5,"r":6},"to":{"q":14,"r":16},"msg":"findPath: no valid path found"}
{"level":30,"time":1774382619349,"pid":1603593,"hostname":"TempleOfZyminx","from":{"q":5,"r":6},"to":{"q":14,"r":17},"msg":"findPath: no valid path found"}
{"level":30,"time":1774382619338,"pid":1603455,"hostname":"TempleOfZyminx","from":{"q":1,"r":7},"to":{"q":3,"r":21},"msg":"findPath: no valid path found"}
{"level":30,"time":1774382619439,"pid":1603455,"hostname":"TempleOfZyminx","from":{"q":1,"r":7},"to":{"q":4,"r":0},"msg":"findPath: no valid path found"}
{"level":30,"time":1774382619439,"pid":1603455,"hostname":"TempleOfZyminx","from":{"q":1,"r":7},"to":{"q":4,"r":1},"msg":"findPath: no valid path found"}
{"level":30,"time":1774382619439,"pid":1603455,"hostname":"TempleOfZyminx","from":{"q":1,"r":7},"to":{"q":4,"r":2},"msg":"findPath: no valid path found"}
{"level":30,"time":1774382619440,"pid":1603455,"hostname":"TempleOfZyminx","from":{"q":1,"r":7},"to":{"q":4,"r":8},"msg":"findPath: no valid path found"}
{"level":30,"time":1774382619440,"pid":1603455,"hostname":"TempleOfZyminx","from":{"q":1,"r":7},"to":{"q":4,"r":9},"msg":"findPath: no valid path found"}
{"level":30,"time":1774382619440,"pid":1603455,"hostname":"TempleOfZyminx","from":{"q":1,"r":7},"to":{"q":4,"r":10},"msg":"findPath: no valid path found"}
{"level":30,"time":1774382619440,"pid":1603455,"hostname":"TempleOfZyminx","from":{"q":1,"r":7},"to":{"q":4,"r":11},"msg":"findPath: no valid path found"}
{"level":30,"time":1774382619440,"pid":1603455,"hostname":"TempleOfZyminx","from":{"q":1,"r":7},"to":{"q":4,"r":12},"msg":"findPath: no valid path found"}
{"level":30,"time":1774382619440,"pid":1603455,"hostname":"TempleOfZyminx","from":{"q":1,"r":7},"to":{"q":4,"r":13},"msg":"findPath: no valid path found"}
{"level":30,"time":1774382619440,"pid":1603455,"hostname":"TempleOfZyminx","from":{"q":1,"r":7},"to":{"q":4,"r":14},"msg":"findPath: no valid path found"}
{"level":30,"time":1774382619440,"pid":1603455,"hostname":"TempleOfZyminx","from":{"q":1,"r":7},"to":{"q":4,"r":15},"msg":"findPath: no valid path found"}
{"level":30,"time":1774382619440,"pid":1603455,"hostname":"TempleOfZyminx","from":{"q":1,"r":7},"to":{"q":4,"r":16},"msg":"findPath: no valid path found"}
{"level":30,"time":1774382619440,"pid":1603455,"hostname":"TempleOfZyminx","from":{"q":1,"r":7},"to":{"q":4,"r":17},"msg":"findPath: no valid path found"}
{"level":30,"time":1774382619440,"pid":1603455,"hostname":"TempleOfZyminx","from":{"q":1,"r":7},"to":{"q":4,"r":18},"msg":"findPath: no valid path found"}
{"level":30,"time":1774382619440,"pid":1603455,"hostname":"TempleOfZyminx","from":{"q":1,"r":7},"to":{"q":4,"r":19},"msg":"findPath: no valid path found"}
{"level":30,"time":1774382619441,"pid":1603455,"hostname":"TempleOfZyminx","from":{"q":1,"r":7},"to":{"q":4,"r":20},"msg":"findPath: no valid path found"}
{"level":30,"time":1774382619441,"pid":1603455,"hostname":"TempleOfZyminx","from":{"q":1,"r":7},"to":{"q":4,"r":21},"msg":"findPath: no valid path found"}
{"level":30,"time":1774382619441,"pid":1603455,"hostname":"TempleOfZyminx","from":{"q":1,"r":7},"to":{"q":5,"r":0},"msg":"findPath: no valid path found"}
{"level":30,"time":1774382619442,"pid":1603455,"hostname":"TempleOfZyminx","from":{"q":1,"r":7},"to":{"q":5,"r":1},"msg":"findPath: no valid path found"}
{"level":30,"time":1774382619442,"pid":1603455,"hostname":"TempleOfZyminx","from":{"q":1,"r":7},"to":{"q":5,"r":2},"msg":"findPath: no valid path found"}
{"level":30,"time":1774382619442,"pid":1603455,"hostname":"TempleOfZyminx","from":{"q":1,"r":7},"to":{"q":5,"r":8},"msg":"findPath: no valid path found"}
{"level":30,"time":1774382619442,"pid":1603455,"hostname":"TempleOfZyminx","from":{"q":1,"r":7},"to":{"q":5,"r":9},"msg":"findPath: no valid path found"}
{"level":30,"time":1774382619442,"pid":1603455,"hostname":"TempleOfZyminx","from":{"q":1,"r":7},"to":{"q":5,"r":10},"msg":"findPath: no valid path found"}
{"level":30,"time":1774382619442,"pid":1603455,"hostname":"TempleOfZyminx","from":{"q":1,"r":7},"to":{"q":5,"r":11},"msg":"findPath: no valid path found"}
{"level":30,"time":1774382619443,"pid":1603455,"hostname":"TempleOfZyminx","from":{"q":1,"r":7},"to":{"q":5,"r":12},"msg":"findPath: no valid path found"}
{"level":30,"time":1774382619443,"pid":1603455,"hostname":"TempleOfZyminx","from":{"q":1,"r":7},"to":{"q":5,"r":13},"msg":"findPath: no valid path found"}
{"level":30,"time":1774382619443,"pid":1603455,"hostname":"TempleOfZyminx","from":{"q":1,"r":7},"to":{"q":5,"r":14},"msg":"findPath: no valid path found"}
{"level":30,"time":1774382619443,"pid":1603455,"hostname":"TempleOfZyminx","from":{"q":1,"r":7},"to":{"q":5,"r":15},"msg":"findPath: no valid path found"}
{"level":30,"time":1774382619443,"pid":1603455,"hostname":"TempleOfZyminx","from":{"q":1,"r":7},"to":{"q":5,"r":16},"msg":"findPath: no valid path found"}
{"level":30,"time":1774382619443,"pid":1603455,"hostname":"TempleOfZyminx","from":{"q":1,"r":7},"to":{"q":5,"r":17},"msg":"findPath: no valid path found"}
{"level":30,"time":1774382619443,"pid":1603455,"hostname":"TempleOfZyminx","from":{"q":1,"r":7},"to":{"q":5,"r":18},"msg":"findPath: no valid path found"}
{"level":30,"time":1774382619443,"pid":1603455,"hostname":"TempleOfZyminx","from":{"q":1,"r":7},"to":{"q":5,"r":19},"msg":"findPath: no valid path found"}
{"level":30,"time":1774382619443,"pid":1603455,"hostname":"TempleOfZyminx","from":{"q":1,"r":7},"to":{"q":5,"r":20},"msg":"findPath: no valid path found"}
{"level":30,"time":1774382619443,"pid":1603455,"hostname":"TempleOfZyminx","from":{"q":1,"r":7},"to":{"q":5,"r":21},"msg":"findPath: no valid path found"}
{"level":30,"time":1774382619443,"pid":1603455,"hostname":"TempleOfZyminx","from":{"q":1,"r":7},"to":{"q":6,"r":0},"msg":"findPath: no valid path found"}
{"level":30,"time":1774382619443,"pid":1603455,"hostname":"TempleOfZyminx","from":{"q":1,"r":7},"to":{"q":6,"r":1},"msg":"findPath: no valid path found"}
{"level":30,"time":1774382619443,"pid":1603455,"hostname":"TempleOfZyminx","from":{"q":1,"r":7},"to":{"q":6,"r":2},"msg":"findPath: no valid path found"}
{"level":30,"time":1774382619444,"pid":1603455,"hostname":"TempleOfZyminx","from":{"q":1,"r":7},"to":{"q":6,"r":3},"msg":"findPath: no valid path found"}
{"level":30,"time":1774382619444,"pid":1603455,"hostname":"TempleOfZyminx","from":{"q":1,"r":7},"to":{"q":6,"r":5},"msg":"findPath: no valid path found"}
{"level":30,"time":1774382619444,"pid":1603455,"hostname":"TempleOfZyminx","from":{"q":1,"r":7},"to":{"q":6,"r":6},"msg":"findPath: no valid path found"}
{"level":30,"time":1774382619444,"pid":1603455,"hostname":"TempleOfZyminx","from":{"q":1,"r":7},"to":{"q":6,"r":7},"msg":"findPath: no valid path found"}
{"level":30,"time":1774382619444,"pid":1603455,"hostname":"TempleOfZyminx","from":{"q":1,"r":7},"to":{"q":6,"r":8},"msg":"findPath: no valid path found"}
{"level":30,"time":1774382619444,"pid":1603455,"hostname":"TempleOfZyminx","from":{"q":1,"r":7},"to":{"q":6,"r":9},"msg":"findPath: no valid path found"}
{"level":30,"time":1774382619444,"pid":1603455,"hostname":"TempleOfZyminx","from":{"q":1,"r":7},"to":{"q":6,"r":10},"msg":"findPath: no valid path found"}
{"level":30,"time":1774382619444,"pid":1603455,"hostname":"TempleOfZyminx","from":{"q":1,"r":7},"to":{"q":6,"r":11},"msg":"findPath: no valid path found"}
{"level":30,"time":1774382619444,"pid":1603455,"hostname":"TempleOfZyminx","from":{"q":1,"r":7},"to":{"q":6,"r":12},"msg":"findPath: no valid path found"}
{"level":30,"time":1774382619444,"pid":1603455,"hostname":"TempleOfZyminx","from":{"q":1,"r":7},"to":{"q":6,"r":13},"msg":"findPath: no valid path found"}
{"level":30,"time":1774382619444,"pid":1603455,"hostname":"TempleOfZyminx","from":{"q":1,"r":7},"to":{"q":6,"r":14},"msg":"findPath: no valid path found"}
{"level":30,"time":1774382619444,"pid":1603455,"hostname":"TempleOfZyminx","from":{"q":1,"r":7},"to":{"q":6,"r":15},"msg":"findPath: no valid path found"}
{"level":30,"time":1774382619444,"pid":1603455,"hostname":"TempleOfZyminx","from":{"q":1,"r":7},"to":{"q":6,"r":16},"msg":"findPath: no valid path found"}
{"level":30,"time":1774382619445,"pid":1603455,"hostname":"TempleOfZyminx","from":{"q":1,"r":7},"to":{"q":6,"r":17},"msg":"findPath: no valid path found"}
{"level":30,"time":1774382619445,"pid":1603455,"hostname":"TempleOfZyminx","from":{"q":1,"r":7},"to":{"q":6,"r":18},"msg":"findPath: no valid path found"}
{"level":30,"time":1774382619445,"pid":1603455,"hostname":"TempleOfZyminx","from":{"q":1,"r":7},"to":{"q":6,"r":19},"msg":"findPath: no valid path found"}
{"level":30,"time":1774382619445,"pid":1603455,"hostname":"TempleOfZyminx","from":{"q":1,"r":7},"to":{"q":6,"r":20},"msg":"findPath: no valid path found"}
{"level":30,"time":1774382619445,"pid":1603455,"hostname":"TempleOfZyminx","from":{"q":1,"r":7},"to":{"q":6,"r":21},"msg":"findPath: no valid path found"}
{"level":30,"time":1774382619445,"pid":1603455,"hostname":"TempleOfZyminx","from":{"q":1,"r":7},"to":{"q":7,"r":0},"msg":"findPath: no valid path found"}
{"level":30,"time":1774382619445,"pid":1603455,"hostname":"TempleOfZyminx","from":{"q":1,"r":7},"to":{"q":7,"r":1},"msg":"findPath: no valid path found"}
{"level":30,"time":1774382619445,"pid":1603455,"hostname":"TempleOfZyminx","from":{"q":1,"r":7},"to":{"q":7,"r":2},"msg":"findPath: no valid path found"}
{"level":30,"time":1774382619445,"pid":1603455,"hostname":"TempleOfZyminx","from":{"q":1,"r":7},"to":{"q":7,"r":4},"msg":"findPath: no valid path found"}
{"level":30,"time":1774382619446,"pid":1603455,"hostname":"TempleOfZyminx","from":{"q":1,"r":7},"to":{"q":7,"r":5},"msg":"findPath: no valid path found"}
{"level":30,"time":1774382619446,"pid":1603455,"hostname":"TempleOfZyminx","from":{"q":1,"r":7},"to":{"q":7,"r":6},"msg":"findPath: no valid path found"}
{"level":30,"time":1774382619446,"pid":1603455,"hostname":"TempleOfZyminx","from":{"q":1,"r":7},"to":{"q":7,"r":7},"msg":"findPath: no valid path found"}
{"level":30,"time":1774382619446,"pid":1603455,"hostname":"TempleOfZyminx","from":{"q":1,"r":7},"to":{"q":7,"r":8},"msg":"findPath: no valid path found"}
{"level":30,"time":1774382619446,"pid":1603455,"hostname":"TempleOfZyminx","from":{"q":1,"r":7},"to":{"q":7,"r":9},"msg":"findPath: no valid path found"}
{"level":30,"time":1774382619446,"pid":1603455,"hostname":"TempleOfZyminx","from":{"q":1,"r":7},"to":{"q":7,"r":10},"msg":"findPath: no valid path found"}
{"level":30,"time":1774382619447,"pid":1603455,"hostname":"TempleOfZyminx","from":{"q":1,"r":7},"to":{"q":7,"r":11},"msg":"findPath: no valid path found"}
{"level":30,"time":1774382619447,"pid":1603455,"hostname":"TempleOfZyminx","from":{"q":1,"r":7},"to":{"q":7,"r":12},"msg":"findPath: no valid path found"}
{"level":30,"time":1774382619447,"pid":1603455,"hostname":"TempleOfZyminx","from":{"q":1,"r":7},"to":{"q":7,"r":13},"msg":"findPath: no valid path found"}
{"level":30,"time":1774382619447,"pid":1603455,"hostname":"TempleOfZyminx","from":{"q":1,"r":7},"to":{"q":7,"r":14},"msg":"findPath: no valid path found"}
{"level":30,"time":1774382619447,"pid":1603455,"hostname":"TempleOfZyminx","from":{"q":1,"r":7},"to":{"q":7,"r":15},"msg":"findPath: no valid path found"}
{"level":30,"time":1774382619447,"pid":1603455,"hostname":"TempleOfZyminx","from":{"q":1,"r":7},"to":{"q":7,"r":16},"msg":"findPath: no valid path found"}
{"level":30,"time":1774382619447,"pid":1603455,"hostname":"TempleOfZyminx","from":{"q":1,"r":7},"to":{"q":7,"r":17},"msg":"findPath: no valid path found"}
{"level":30,"time":1774382619447,"pid":1603455,"hostname":"TempleOfZyminx","from":{"q":1,"r":7},"to":{"q":7,"r":18},"msg":"findPath: no valid path found"}
{"level":30,"time":1774382619447,"pid":1603455,"hostname":"TempleOfZyminx","from":{"q":1,"r":7},"to":{"q":7,"r":19},"msg":"findPath: no valid path found"}
{"level":30,"time":1774382619447,"pid":1603455,"hostname":"TempleOfZyminx","from":{"q":1,"r":7},"to":{"q":7,"r":20},"msg":"findPath: no valid path found"}
{"level":30,"time":1774382619447,"pid":1603455,"hostname":"TempleOfZyminx","from":{"q":1,"r":7},"to":{"q":7,"r":21},"msg":"findPath: no valid path found"}
{"level":30,"time":1774382619448,"pid":1603455,"hostname":"TempleOfZyminx","from":{"q":1,"r":7},"to":{"q":8,"r":0},"msg":"findPath: no valid path found"}
{"level":30,"time":1774382619448,"pid":1603455,"hostname":"TempleOfZyminx","from":{"q":1,"r":7},"to":{"q":8,"r":1},"msg":"findPath: no valid path found"}
{"level":30,"time":1774382619448,"pid":1603455,"hostname":"TempleOfZyminx","from":{"q":1,"r":7},"to":{"q":8,"r":2},"msg":"findPath: no valid path found"}
{"level":30,"time":1774382619448,"pid":1603455,"hostname":"TempleOfZyminx","from":{"q":1,"r":7},"to":{"q":8,"r":3},"msg":"findPath: no valid path found"}
{"level":30,"time":1774382619448,"pid":1603455,"hostname":"TempleOfZyminx","from":{"q":1,"r":7},"to":{"q":8,"r":4},"msg":"findPath: no valid path found"}
{"level":30,"time":1774382619449,"pid":1603455,"hostname":"TempleOfZyminx","from":{"q":1,"r":7},"to":{"q":8,"r":5},"msg":"findPath: no valid path found"}
{"level":30,"time":1774382619449,"pid":1603455,"hostname":"TempleOfZyminx","from":{"q":1,"r":7},"to":{"q":8,"r":6},"msg":"findPath: no valid path found"}
{"level":30,"time":1774382619449,"pid":1603455,"hostname":"TempleOfZyminx","from":{"q":1,"r":7},"to":{"q":8,"r":7},"msg":"findPath: no valid path found"}
{"level":30,"time":1774382619449,"pid":1603455,"hostname":"TempleOfZyminx","from":{"q":1,"r":7},"to":{"q":8,"r":8},"msg":"findPath: no valid path found"}
{"level":30,"time":1774382619449,"pid":1603455,"hostname":"TempleOfZyminx","from":{"q":1,"r":7},"to":{"q":8,"r":9},"msg":"findPath: no valid path found"}
{"level":30,"time":1774382619449,"pid":1603455,"hostname":"TempleOfZyminx","from":{"q":1,"r":7},"to":{"q":8,"r":10},"msg":"findPath: no valid path found"}
{"level":30,"time":1774382619449,"pid":1603455,"hostname":"TempleOfZyminx","from":{"q":1,"r":7},"to":{"q":8,"r":11},"msg":"findPath: no valid path found"}
{"level":30,"time":1774382619449,"pid":1603455,"hostname":"TempleOfZyminx","from":{"q":1,"r":7},"to":{"q":8,"r":12},"msg":"findPath: no valid path found"}
{"level":30,"time":1774382619449,"pid":1603455,"hostname":"TempleOfZyminx","from":{"q":1,"r":7},"to":{"q":8,"r":13},"msg":"findPath: no valid path found"}
{"level":30,"time":1774382619449,"pid":1603455,"hostname":"TempleOfZyminx","from":{"q":1,"r":7},"to":{"q":8,"r":14},"msg":"findPath: no valid path found"}
{"level":30,"time":1774382619449,"pid":1603455,"hostname":"TempleOfZyminx","from":{"q":1,"r":7},"to":{"q":8,"r":15},"msg":"findPath: no valid path found"}
{"level":30,"time":1774382619449,"pid":1603455,"hostname":"TempleOfZyminx","from":{"q":1,"r":7},"to":{"q":8,"r":16},"msg":"findPath: no valid path found"}
{"level":30,"time":1774382619449,"pid":1603455,"hostname":"TempleOfZyminx","from":{"q":1,"r":7},"to":{"q":8,"r":17},"msg":"findPath: no valid path found"}
{"level":30,"time":1774382619450,"pid":1603455,"hostname":"TempleOfZyminx","from":{"q":1,"r":7},"to":{"q":8,"r":18},"msg":"findPath: no valid path found"}
{"level":30,"time":1774382619450,"pid":1603455,"hostname":"TempleOfZyminx","from":{"q":1,"r":7},"to":{"q":8,"r":19},"msg":"findPath: no valid path found"}
{"level":30,"time":1774382619450,"pid":1603455,"hostname":"TempleOfZyminx","from":{"q":1,"r":7},"to":{"q":8,"r":20},"msg":"findPath: no valid path found"}
{"level":30,"time":1774382619450,"pid":1603455,"hostname":"TempleOfZyminx","from":{"q":1,"r":7},"to":{"q":8,"r":21},"msg":"findPath: no valid path found"}
{"level":30,"time":1774382619450,"pid":1603455,"hostname":"TempleOfZyminx","from":{"q":1,"r":7},"to":{"q":9,"r":0},"msg":"findPath: no valid path found"}
{"level":30,"time":1774382619450,"pid":1603455,"hostname":"TempleOfZyminx","from":{"q":1,"r":7},"to":{"q":9,"r":1},"msg":"findPath: no valid path found"}
{"level":30,"time":1774382619450,"pid":1603455,"hostname":"TempleOfZyminx","from":{"q":1,"r":7},"to":{"q":9,"r":2},"msg":"findPath: no valid path found"}
{"level":30,"time":1774382619450,"pid":1603455,"hostname":"TempleOfZyminx","from":{"q":1,"r":7},"to":{"q":9,"r":3},"msg":"findPath: no valid path found"}
{"level":30,"time":1774382619450,"pid":1603455,"hostname":"TempleOfZyminx","from":{"q":1,"r":7},"to":{"q":9,"r":4},"msg":"findPath: no valid path found"}
{"level":30,"time":1774382619450,"pid":1603455,"hostname":"TempleOfZyminx","from":{"q":1,"r":7},"to":{"q":9,"r":5},"msg":"findPath: no valid path found"}
{"level":30,"time":1774382619450,"pid":1603455,"hostname":"TempleOfZyminx","from":{"q":1,"r":7},"to":{"q":9,"r":6},"msg":"findPath: no valid path found"}
{"level":30,"time":1774382619450,"pid":1603455,"hostname":"TempleOfZyminx","from":{"q":1,"r":7},"to":{"q":9,"r":7},"msg":"findPath: no valid path found"}
{"level":30,"time":1774382619450,"pid":1603455,"hostname":"TempleOfZyminx","from":{"q":1,"r":7},"to":{"q":9,"r":8},"msg":"findPath: no valid path found"}
{"level":30,"time":1774382619451,"pid":1603455,"hostname":"TempleOfZyminx","from":{"q":1,"r":7},"to":{"q":9,"r":9},"msg":"findPath: no valid path found"}
{"level":30,"time":1774382619451,"pid":1603455,"hostname":"TempleOfZyminx","from":{"q":1,"r":7},"to":{"q":9,"r":10},"msg":"findPath: no valid path found"}
{"level":30,"time":1774382619451,"pid":1603455,"hostname":"TempleOfZyminx","from":{"q":1,"r":7},"to":{"q":9,"r":11},"msg":"findPath: no valid path found"}
{"level":30,"time":1774382619451,"pid":1603455,"hostname":"TempleOfZyminx","from":{"q":1,"r":7},"to":{"q":9,"r":12},"msg":"findPath: no valid path found"}
{"level":30,"time":1774382619451,"pid":1603455,"hostname":"TempleOfZyminx","from":{"q":1,"r":7},"to":{"q":9,"r":13},"msg":"findPath: no valid path found"}
{"level":30,"time":1774382619451,"pid":1603455,"hostname":"TempleOfZyminx","from":{"q":1,"r":7},"to":{"q":9,"r":14},"msg":"findPath: no valid path found"}
{"level":30,"time":1774382619451,"pid":1603455,"hostname":"TempleOfZyminx","from":{"q":1,"r":7},"to":{"q":9,"r":15},"msg":"findPath: no valid path found"}
{"level":30,"time":1774382619451,"pid":1603455,"hostname":"TempleOfZyminx","from":{"q":1,"r":7},"to":{"q":9,"r":16},"msg":"findPath: no valid path found"}
{"level":30,"time":1774382619451,"pid":1603455,"hostname":"TempleOfZyminx","from":{"q":1,"r":7},"to":{"q":9,"r":17},"msg":"findPath: no valid path found"}
{"level":30,"time":1774382619451,"pid":1603455,"hostname":"TempleOfZyminx","from":{"q":1,"r":7},"to":{"q":9,"r":18},"msg":"findPath: no valid path found"}
{"level":30,"time":1774382619451,"pid":1603455,"hostname":"TempleOfZyminx","from":{"q":1,"r":7},"to":{"q":9,"r":19},"msg":"findPath: no valid path found"}
{"level":30,"time":1774382619451,"pid":1603455,"hostname":"TempleOfZyminx","from":{"q":1,"r":7},"to":{"q":9,"r":20},"msg":"findPath: no valid path found"}
{"level":30,"time":1774382619452,"pid":1603455,"hostname":"TempleOfZyminx","from":{"q":1,"r":7},"to":{"q":9,"r":21},"msg":"findPath: no valid path found"}
{"level":30,"time":1774382619452,"pid":1603455,"hostname":"TempleOfZyminx","from":{"q":1,"r":7},"to":{"q":10,"r":0},"msg":"findPath: no valid path found"}
{"level":30,"time":1774382619452,"pid":1603455,"hostname":"TempleOfZyminx","from":{"q":1,"r":7},"to":{"q":10,"r":1},"msg":"findPath: no valid path found"}
{"level":30,"time":1774382619452,"pid":1603455,"hostname":"TempleOfZyminx","from":{"q":1,"r":7},"to":{"q":10,"r":2},"msg":"findPath: no valid path found"}
{"level":30,"time":1774382619452,"pid":1603455,"hostname":"TempleOfZyminx","from":{"q":1,"r":7},"to":{"q":10,"r":3},"msg":"findPath: no valid path found"}
{"level":30,"time":1774382619452,"pid":1603455,"hostname":"TempleOfZyminx","from":{"q":1,"r":7},"to":{"q":10,"r":4},"msg":"findPath: no valid path found"}
{"level":30,"time":1774382619452,"pid":1603455,"hostname":"TempleOfZyminx","from":{"q":1,"r":7},"to":{"q":10,"r":5},"msg":"findPath: no valid path found"}
{"level":30,"time":1774382619452,"pid":1603455,"hostname":"TempleOfZyminx","from":{"q":1,"r":7},"to":{"q":10,"r":6},"msg":"findPath: no valid path found"}
{"level":30,"time":1774382619452,"pid":1603455,"hostname":"TempleOfZyminx","from":{"q":1,"r":7},"to":{"q":10,"r":7},"msg":"findPath: no valid path found"}
{"level":30,"time":1774382619452,"pid":1603455,"hostname":"TempleOfZyminx","from":{"q":1,"r":7},"to":{"q":10,"r":8},"msg":"findPath: no valid path found"}
{"level":30,"time":1774382619452,"pid":1603455,"hostname":"TempleOfZyminx","from":{"q":1,"r":7},"to":{"q":10,"r":9},"msg":"findPath: no valid path found"}
{"level":30,"time":1774382619452,"pid":1603455,"hostname":"TempleOfZyminx","from":{"q":1,"r":7},"to":{"q":10,"r":10},"msg":"findPath: no valid path found"}
{"level":30,"time":1774382619452,"pid":1603455,"hostname":"TempleOfZyminx","from":{"q":1,"r":7},"to":{"q":10,"r":11},"msg":"findPath: no valid path found"}
{"level":30,"time":1774382619453,"pid":1603455,"hostname":"TempleOfZyminx","from":{"q":1,"r":7},"to":{"q":10,"r":12},"msg":"findPath: no valid path found"}
{"level":30,"time":1774382619453,"pid":1603455,"hostname":"TempleOfZyminx","from":{"q":1,"r":7},"to":{"q":10,"r":13},"msg":"findPath: no valid path found"}
{"level":30,"time":1774382619453,"pid":1603455,"hostname":"TempleOfZyminx","from":{"q":1,"r":7},"to":{"q":10,"r":14},"msg":"findPath: no valid path found"}
{"level":30,"time":1774382619453,"pid":1603455,"hostname":"TempleOfZyminx","from":{"q":1,"r":7},"to":{"q":10,"r":15},"msg":"findPath: no valid path found"}
{"level":30,"time":1774382619453,"pid":1603455,"hostname":"TempleOfZyminx","from":{"q":1,"r":7},"to":{"q":10,"r":16},"msg":"findPath: no valid path found"}
{"level":30,"time":1774382619453,"pid":1603455,"hostname":"TempleOfZyminx","from":{"q":1,"r":7},"to":{"q":10,"r":17},"msg":"findPath: no valid path found"}
{"level":30,"time":1774382619453,"pid":1603455,"hostname":"TempleOfZyminx","from":{"q":1,"r":7},"to":{"q":10,"r":18},"msg":"findPath: no valid path found"}
{"level":30,"time":1774382619453,"pid":1603455,"hostname":"TempleOfZyminx","from":{"q":1,"r":7},"to":{"q":10,"r":19},"msg":"findPath: no valid path found"}
{"level":30,"time":1774382619453,"pid":1603455,"hostname":"TempleOfZyminx","from":{"q":1,"r":7},"to":{"q":10,"r":20},"msg":"findPath: no valid path found"}
{"level":30,"time":1774382619453,"pid":1603455,"hostname":"TempleOfZyminx","from":{"q":1,"r":7},"to":{"q":10,"r":21},"msg":"findPath: no valid path found"}
{"level":30,"time":1774382619453,"pid":1603455,"hostname":"TempleOfZyminx","from":{"q":1,"r":7},"to":{"q":11,"r":0},"msg":"findPath: no valid path found"}
{"level":30,"time":1774382619453,"pid":1603455,"hostname":"TempleOfZyminx","from":{"q":1,"r":7},"to":{"q":11,"r":1},"msg":"findPath: no valid path found"}
{"level":30,"time":1774382619453,"pid":1603455,"hostname":"TempleOfZyminx","from":{"q":1,"r":7},"to":{"q":11,"r":2},"msg":"findPath: no valid path found"}
{"level":30,"time":1774382619454,"pid":1603455,"hostname":"TempleOfZyminx","from":{"q":1,"r":7},"to":{"q":11,"r":3},"msg":"findPath: no valid path found"}
{"level":30,"time":1774382619454,"pid":1603455,"hostname":"TempleOfZyminx","from":{"q":1,"r":7},"to":{"q":11,"r":4},"msg":"findPath: no valid path found"}
{"level":30,"time":1774382619454,"pid":1603455,"hostname":"TempleOfZyminx","from":{"q":1,"r":7},"to":{"q":11,"r":5},"msg":"findPath: no valid path found"}
{"level":30,"time":1774382619454,"pid":1603455,"hostname":"TempleOfZyminx","from":{"q":1,"r":7},"to":{"q":11,"r":6},"msg":"findPath: no valid path found"}
{"level":30,"time":1774382619454,"pid":1603455,"hostname":"TempleOfZyminx","from":{"q":1,"r":7},"to":{"q":11,"r":7},"msg":"findPath: no valid path found"}
{"level":30,"time":1774382619454,"pid":1603455,"hostname":"TempleOfZyminx","from":{"q":1,"r":7},"to":{"q":11,"r":8},"msg":"findPath: no valid path found"}
{"level":30,"time":1774382619349,"pid":1603593,"hostname":"TempleOfZyminx","from":{"q":5,"r":6},"to":{"q":14,"r":18},"msg":"findPath: no valid path found"}
{"level":30,"time":1774382619450,"pid":1603593,"hostname":"TempleOfZyminx","from":{"q":5,"r":6},"to":{"q":14,"r":19},"msg":"findPath: no valid path found"}
{"level":30,"time":1774382619450,"pid":1603593,"hostname":"TempleOfZyminx","from":{"q":5,"r":6},"to":{"q":14,"r":20},"msg":"findPath: no valid path found"}
{"level":30,"time":1774382619450,"pid":1603593,"hostname":"TempleOfZyminx","from":{"q":5,"r":6},"to":{"q":14,"r":21},"msg":"findPath: no valid path found"}
{"level":30,"time":1774382619450,"pid":1603593,"hostname":"TempleOfZyminx","id":"65094b45-b3ae-473f-a304-c8e3a9953aa6","command":"MOVE","msg":"Submitting game action"}
{"level":30,"time":1774382619450,"pid":1603593,"hostname":"TempleOfZyminx","gameId":"65094b45-b3ae-473f-a304-c8e3a9953aa6","unitId":"wolf-1","msg":"Processing MOVE command"}
{"level":30,"time":1774382619451,"pid":1603593,"hostname":"TempleOfZyminx","id":"65094b45-b3ae-473f-a304-c8e3a9953aa6","msg":"Fetching game state"}
{"level":30,"time":1774382619452,"pid":1603593,"hostname":"TempleOfZyminx","id":"65094b45-b3ae-473f-a304-c8e3a9953aa6","msg":"Fetching game state"}
{"level":30,"time":1774382619452,"pid":1603593,"hostname":"TempleOfZyminx","id":"65094b45-b3ae-473f-a304-c8e3a9953aa6","command":"END_PHASE","msg":"Submitting game action"}
{"level":30,"time":1774382619453,"pid":1603593,"hostname":"TempleOfZyminx","gameId":"65094b45-b3ae-473f-a304-c8e3a9953aa6","phase":"DEFENDER_MOVE","msg":"Advancing phase"}
{"level":30,"time":1774382619453,"pid":1603593,"hostname":"TempleOfZyminx","phase":"DEFENDER_MOVE","turnNumber":1,"msg":"Advancing phase in engine"}
{"level":30,"time":1774382619453,"pid":1603593,"hostname":"TempleOfZyminx","id":"65094b45-b3ae-473f-a304-c8e3a9953aa6","msg":"Fetching game state"}
{"level":30,"time":1774382619453,"pid":1603593,"hostname":"TempleOfZyminx","id":"65094b45-b3ae-473f-a304-c8e3a9953aa6","msg":"Fetching game state"}
{"level":30,"time":1774382619454,"pid":1603593,"hostname":"TempleOfZyminx","id":"65094b45-b3ae-473f-a304-c8e3a9953aa6","command":"FIRE","msg":"Submitting game action"}
{"level":30,"time":1774382619454,"pid":1603593,"hostname":"TempleOfZyminx","gameId":"65094b45-b3ae-473f-a304-c8e3a9953aa6","type":"FIRE","msg":"Processing combat command"}
{"level":30,"time":1774382619454,"pid":1603593,"hostname":"TempleOfZyminx","commandType":"FIRE","msg":"Validating combat action"}
{"level":30,"time":1774382619455,"pid":1603593,"hostname":"TempleOfZyminx","plan":{"actionType":"FIRE","actor":"defender","attackerIds":["pigs-1"],"target":{"kind":"treads","id":"onion-1"},"attackStrength":1,"defense":0},"msg":"Executing combat action"}
{"level":30,"time":1774382619455,"pid":1603455,"hostname":"TempleOfZyminx","from":{"q":1,"r":7},"to":{"q":11,"r":9},"msg":"findPath: no valid path found"}
{"level":30,"time":1774382619455,"pid":1603455,"hostname":"TempleOfZyminx","from":{"q":1,"r":7},"to":{"q":11,"r":10},"msg":"findPath: no valid path found"}
{"level":30,"time":1774382619455,"pid":1603455,"hostname":"TempleOfZyminx","from":{"q":1,"r":7},"to":{"q":11,"r":11},"msg":"findPath: no valid path found"}
{"level":30,"time":1774382619455,"pid":1603455,"hostname":"TempleOfZyminx","from":{"q":1,"r":7},"to":{"q":11,"r":12},"msg":"findPath: no valid path found"}
{"level":30,"time":1774382619455,"pid":1603455,"hostname":"TempleOfZyminx","from":{"q":1,"r":7},"to":{"q":11,"r":13},"msg":"findPath: no valid path found"}
{"level":30,"time":1774382619455,"pid":1603455,"hostname":"TempleOfZyminx","from":{"q":1,"r":7},"to":{"q":11,"r":14},"msg":"findPath: no valid path found"}
{"level":30,"time":1774382619455,"pid":1603455,"hostname":"TempleOfZyminx","from":{"q":1,"r":7},"to":{"q":11,"r":15},"msg":"findPath: no valid path found"}
{"level":30,"time":1774382619455,"pid":1603455,"hostname":"TempleOfZyminx","from":{"q":1,"r":7},"to":{"q":11,"r":16},"msg":"findPath: no valid path found"}
{"level":30,"time":1774382619456,"pid":1603455,"hostname":"TempleOfZyminx","from":{"q":1,"r":7},"to":{"q":11,"r":17},"msg":"findPath: no valid path found"}
{"level":30,"time":1774382619456,"pid":1603455,"hostname":"TempleOfZyminx","from":{"q":1,"r":7},"to":{"q":11,"r":18},"msg":"findPath: no valid path found"}
{"level":30,"time":1774382619456,"pid":1603455,"hostname":"TempleOfZyminx","from":{"q":1,"r":7},"to":{"q":11,"r":19},"msg":"findPath: no valid path found"}
{"level":30,"time":1774382619456,"pid":1603455,"hostname":"TempleOfZyminx","from":{"q":1,"r":7},"to":{"q":11,"r":20},"msg":"findPath: no valid path found"}
{"level":30,"time":1774382619456,"pid":1603455,"hostname":"TempleOfZyminx","from":{"q":1,"r":7},"to":{"q":11,"r":21},"msg":"findPath: no valid path found"}
{"level":30,"time":1774382619456,"pid":1603455,"hostname":"TempleOfZyminx","from":{"q":1,"r":7},"to":{"q":12,"r":0},"msg":"findPath: no valid path found"}
{"level":30,"time":1774382619456,"pid":1603455,"hostname":"TempleOfZyminx","from":{"q":1,"r":7},"to":{"q":12,"r":1},"msg":"findPath: no valid path found"}
{"level":30,"time":1774382619456,"pid":1603455,"hostname":"TempleOfZyminx","from":{"q":1,"r":7},"to":{"q":12,"r":2},"msg":"findPath: no valid path found"}
{"level":30,"time":1774382619456,"pid":1603455,"hostname":"TempleOfZyminx","from":{"q":1,"r":7},"to":{"q":12,"r":3},"msg":"findPath: no valid path found"}
{"level":30,"time":1774382619456,"pid":1603455,"hostname":"TempleOfZyminx","from":{"q":1,"r":7},"to":{"q":12,"r":4},"msg":"findPath: no valid path found"}
{"level":30,"time":1774382619456,"pid":1603455,"hostname":"TempleOfZyminx","from":{"q":1,"r":7},"to":{"q":12,"r":5},"msg":"findPath: no valid path found"}
{"level":30,"time":1774382619456,"pid":1603455,"hostname":"TempleOfZyminx","from":{"q":1,"r":7},"to":{"q":12,"r":6},"msg":"findPath: no valid path found"}
{"level":30,"time":1774382619456,"pid":1603593,"hostname":"TempleOfZyminx","id":"65094b45-b3ae-473f-a304-c8e3a9953aa6","command":"FIRE","msg":"Submitting game action"}
{"level":30,"time":1774382619457,"pid":1603593,"hostname":"TempleOfZyminx","gameId":"65094b45-b3ae-473f-a304-c8e3a9953aa6","type":"FIRE","msg":"Processing combat command"}
{"level":30,"time":1774382619457,"pid":1603593,"hostname":"TempleOfZyminx","commandType":"FIRE","msg":"Validating combat action"}
{"level":30,"time":1774382619457,"pid":1603455,"hostname":"TempleOfZyminx","from":{"q":1,"r":7},"to":{"q":12,"r":7},"msg":"findPath: no valid path found"}
{"level":30,"time":1774382619457,"pid":1603455,"hostname":"TempleOfZyminx","from":{"q":1,"r":7},"to":{"q":12,"r":8},"msg":"findPath: no valid path found"}
{"level":30,"time":1774382619457,"pid":1603455,"hostname":"TempleOfZyminx","from":{"q":1,"r":7},"to":{"q":12,"r":9},"msg":"findPath: no valid path found"}
{"level":30,"time":1774382619457,"pid":1603455,"hostname":"TempleOfZyminx","from":{"q":1,"r":7},"to":{"q":12,"r":10},"msg":"findPath: no valid path found"}
{"level":30,"time":1774382619457,"pid":1603455,"hostname":"TempleOfZyminx","from":{"q":1,"r":7},"to":{"q":12,"r":11},"msg":"findPath: no valid path found"}
{"level":30,"time":1774382619457,"pid":1603455,"hostname":"TempleOfZyminx","from":{"q":1,"r":7},"to":{"q":12,"r":12},"msg":"findPath: no valid path found"}
{"level":30,"time":1774382619457,"pid":1603455,"hostname":"TempleOfZyminx","from":{"q":1,"r":7},"to":{"q":12,"r":13},"msg":"findPath: no valid path found"}
{"level":30,"time":1774382619457,"pid":1603455,"hostname":"TempleOfZyminx","from":{"q":1,"r":7},"to":{"q":12,"r":14},"msg":"findPath: no valid path found"}
{"level":30,"time":1774382619457,"pid":1603455,"hostname":"TempleOfZyminx","from":{"q":1,"r":7},"to":{"q":12,"r":15},"msg":"findPath: no valid path found"}
{"level":30,"time":1774382619457,"pid":1603455,"hostname":"TempleOfZyminx","from":{"q":1,"r":7},"to":{"q":12,"r":16},"msg":"findPath: no valid path found"}
{"level":30,"time":1774382619457,"pid":1603455,"hostname":"TempleOfZyminx","from":{"q":1,"r":7},"to":{"q":12,"r":17},"msg":"findPath: no valid path found"}
{"level":30,"time":1774382619457,"pid":1603593,"hostname":"TempleOfZyminx","plan":{"actionType":"FIRE","actor":"defender","attackerIds":["witch-1","wolf-1"],"target":{"kind":"weapon","id":"main"},"attackStrength":5,"defense":4},"msg":"Executing combat action"}
{"level":30,"time":1774382619458,"pid":1603593,"hostname":"TempleOfZyminx","id":"65094b45-b3ae-473f-a304-c8e3a9953aa6","msg":"Fetching game state"}
{"level":30,"time":1774382619459,"pid":1603593,"hostname":"TempleOfZyminx","id":"65094b45-b3ae-473f-a304-c8e3a9953aa6","command":"END_PHASE","msg":"Submitting game action"}
{"level":30,"time":1774382619459,"pid":1603593,"hostname":"TempleOfZyminx","gameId":"65094b45-b3ae-473f-a304-c8e3a9953aa6","phase":"DEFENDER_COMBAT","msg":"Advancing phase"}
{"level":30,"time":1774382619459,"pid":1603593,"hostname":"TempleOfZyminx","phase":"DEFENDER_COMBAT","turnNumber":1,"msg":"Advancing phase in engine"}
{"level":30,"time":1774382619457,"pid":1603455,"hostname":"TempleOfZyminx","from":{"q":1,"r":7},"to":{"q":12,"r":18},"msg":"findPath: no valid path found"}
{"level":30,"time":1774382619458,"pid":1603455,"hostname":"TempleOfZyminx","from":{"q":1,"r":7},"to":{"q":12,"r":19},"msg":"findPath: no valid path found"}
{"level":30,"time":1774382619458,"pid":1603455,"hostname":"TempleOfZyminx","from":{"q":1,"r":7},"to":{"q":12,"r":20},"msg":"findPath: no valid path found"}
{"level":30,"time":1774382619458,"pid":1603455,"hostname":"TempleOfZyminx","from":{"q":1,"r":7},"to":{"q":12,"r":21},"msg":"findPath: no valid path found"}
{"level":30,"time":1774382619458,"pid":1603455,"hostname":"TempleOfZyminx","from":{"q":1,"r":7},"to":{"q":13,"r":0},"msg":"findPath: no valid path found"}
{"level":30,"time":1774382619458,"pid":1603455,"hostname":"TempleOfZyminx","from":{"q":1,"r":7},"to":{"q":13,"r":1},"msg":"findPath: no valid path found"}
{"level":30,"time":1774382619458,"pid":1603455,"hostname":"TempleOfZyminx","from":{"q":1,"r":7},"to":{"q":13,"r":2},"msg":"findPath: no valid path found"}
{"level":30,"time":1774382619458,"pid":1603455,"hostname":"TempleOfZyminx","from":{"q":1,"r":7},"to":{"q":13,"r":3},"msg":"findPath: no valid path found"}
{"level":30,"time":1774382619458,"pid":1603455,"hostname":"TempleOfZyminx","from":{"q":1,"r":7},"to":{"q":13,"r":4},"msg":"findPath: no valid path found"}
{"level":30,"time":1774382619458,"pid":1603455,"hostname":"TempleOfZyminx","from":{"q":1,"r":7},"to":{"q":13,"r":5},"msg":"findPath: no valid path found"}
{"level":30,"time":1774382619458,"pid":1603455,"hostname":"TempleOfZyminx","from":{"q":1,"r":7},"to":{"q":13,"r":6},"msg":"findPath: no valid path found"}
{"level":30,"time":1774382619458,"pid":1603455,"hostname":"TempleOfZyminx","from":{"q":1,"r":7},"to":{"q":13,"r":7},"msg":"findPath: no valid path found"}
{"level":30,"time":1774382619458,"pid":1603455,"hostname":"TempleOfZyminx","from":{"q":1,"r":7},"to":{"q":13,"r":8},"msg":"findPath: no valid path found"}
{"level":30,"time":1774382619459,"pid":1603455,"hostname":"TempleOfZyminx","from":{"q":1,"r":7},"to":{"q":13,"r":9},"msg":"findPath: no valid path found"}
{"level":30,"time":1774382619459,"pid":1603455,"hostname":"TempleOfZyminx","from":{"q":1,"r":7},"to":{"q":13,"r":10},"msg":"findPath: no valid path found"}
{"level":30,"time":1774382619459,"pid":1603455,"hostname":"TempleOfZyminx","from":{"q":1,"r":7},"to":{"q":13,"r":11},"msg":"findPath: no valid path found"}
{"level":30,"time":1774382619459,"pid":1603455,"hostname":"TempleOfZyminx","from":{"q":1,"r":7},"to":{"q":13,"r":12},"msg":"findPath: no valid path found"}
{"level":30,"time":1774382619459,"pid":1603455,"hostname":"TempleOfZyminx","from":{"q":1,"r":7},"to":{"q":13,"r":13},"msg":"findPath: no valid path found"}
{"level":30,"time":1774382619459,"pid":1603455,"hostname":"TempleOfZyminx","from":{"q":1,"r":7},"to":{"q":13,"r":14},"msg":"findPath: no valid path found"}
{"level":30,"time":1774382619459,"pid":1603455,"hostname":"TempleOfZyminx","from":{"q":1,"r":7},"to":{"q":13,"r":15},"msg":"findPath: no valid path found"}
{"level":30,"time":1774382619459,"pid":1603455,"hostname":"TempleOfZyminx","from":{"q":1,"r":7},"to":{"q":13,"r":16},"msg":"findPath: no valid path found"}
{"level":30,"time":1774382619459,"pid":1603455,"hostname":"TempleOfZyminx","from":{"q":1,"r":7},"to":{"q":13,"r":17},"msg":"findPath: no valid path found"}
{"level":30,"time":1774382619459,"pid":1603455,"hostname":"TempleOfZyminx","from":{"q":1,"r":7},"to":{"q":13,"r":18},"msg":"findPath: no valid path found"}
{"level":30,"time":1774382619459,"pid":1603455,"hostname":"TempleOfZyminx","from":{"q":1,"r":7},"to":{"q":13,"r":19},"msg":"findPath: no valid path found"}
{"level":30,"time":1774382619459,"pid":1603455,"hostname":"TempleOfZyminx","from":{"q":1,"r":7},"to":{"q":13,"r":20},"msg":"findPath: no valid path found"}
{"level":30,"time":1774382619460,"pid":1603455,"hostname":"TempleOfZyminx","from":{"q":1,"r":7},"to":{"q":13,"r":21},"msg":"findPath: no valid path found"}
{"level":30,"time":1774382619460,"pid":1603455,"hostname":"TempleOfZyminx","from":{"q":1,"r":7},"to":{"q":14,"r":0},"msg":"findPath: no valid path found"}
{"level":30,"time":1774382619460,"pid":1603455,"hostname":"TempleOfZyminx","from":{"q":1,"r":7},"to":{"q":14,"r":1},"msg":"findPath: no valid path found"}
{"level":30,"time":1774382619460,"pid":1603455,"hostname":"TempleOfZyminx","from":{"q":1,"r":7},"to":{"q":14,"r":2},"msg":"findPath: no valid path found"}
{"level":30,"time":1774382619460,"pid":1603455,"hostname":"TempleOfZyminx","from":{"q":1,"r":7},"to":{"q":14,"r":3},"msg":"findPath: no valid path found"}
{"level":30,"time":1774382619460,"pid":1603455,"hostname":"TempleOfZyminx","from":{"q":1,"r":7},"to":{"q":14,"r":4},"msg":"findPath: no valid path found"}
{"level":30,"time":1774382619460,"pid":1603455,"hostname":"TempleOfZyminx","from":{"q":1,"r":7},"to":{"q":14,"r":5},"msg":"findPath: no valid path found"}
{"level":30,"time":1774382619460,"pid":1603455,"hostname":"TempleOfZyminx","from":{"q":1,"r":7},"to":{"q":14,"r":6},"msg":"findPath: no valid path found"}
{"level":30,"time":1774382619460,"pid":1603455,"hostname":"TempleOfZyminx","from":{"q":1,"r":7},"to":{"q":14,"r":7},"msg":"findPath: no valid path found"}
{"level":30,"time":1774382619460,"pid":1603455,"hostname":"TempleOfZyminx","from":{"q":1,"r":7},"to":{"q":14,"r":8},"msg":"findPath: no valid path found"}
{"level":30,"time":1774382619459,"pid":1603593,"hostname":"TempleOfZyminx","id":"65094b45-b3ae-473f-a304-c8e3a9953aa6","msg":"Fetching game state"}
{"level":30,"time":1774382619460,"pid":1603593,"hostname":"TempleOfZyminx","id":"65094b45-b3ae-473f-a304-c8e3a9953aa6","msg":"Fetching game state"}
{"level":30,"time":1774382619461,"pid":1603593,"hostname":"TempleOfZyminx","from":{"q":4,"r":6},"to":{"q":0,"r":0},"msg":"findPath: no valid path found"}
{"level":30,"time":1774382619460,"pid":1603455,"hostname":"TempleOfZyminx","from":{"q":1,"r":7},"to":{"q":14,"r":9},"msg":"findPath: no valid path found"}
{"level":30,"time":1774382619461,"pid":1603455,"hostname":"TempleOfZyminx","from":{"q":1,"r":7},"to":{"q":14,"r":10},"msg":"findPath: no valid path found"}
{"level":30,"time":1774382619461,"pid":1603455,"hostname":"TempleOfZyminx","from":{"q":1,"r":7},"to":{"q":14,"r":11},"msg":"findPath: no valid path found"}
{"level":30,"time":1774382619461,"pid":1603455,"hostname":"TempleOfZyminx","from":{"q":1,"r":7},"to":{"q":14,"r":12},"msg":"findPath: no valid path found"}
{"level":30,"time":1774382619461,"pid":1603593,"hostname":"TempleOfZyminx","from":{"q":4,"r":6},"to":{"q":0,"r":1},"msg":"findPath: no valid path found"}
{"level":30,"time":1774382619461,"pid":1603593,"hostname":"TempleOfZyminx","from":{"q":4,"r":6},"to":{"q":0,"r":2},"msg":"findPath: no valid path found"}
{"level":30,"time":1774382619461,"pid":1603593,"hostname":"TempleOfZyminx","from":{"q":4,"r":6},"to":{"q":0,"r":3},"msg":"findPath: no valid path found"}
{"level":30,"time":1774382619462,"pid":1603593,"hostname":"TempleOfZyminx","from":{"q":4,"r":6},"to":{"q":0,"r":4},"msg":"findPath: no valid path found"}
{"level":30,"time":1774382619462,"pid":1603593,"hostname":"TempleOfZyminx","from":{"q":4,"r":6},"to":{"q":0,"r":5},"msg":"findPath: no valid path found"}
{"level":30,"time":1774382619462,"pid":1603593,"hostname":"TempleOfZyminx","from":{"q":4,"r":6},"to":{"q":0,"r":11},"msg":"findPath: no valid path found"}
{"level":30,"time":1774382619463,"pid":1603593,"hostname":"TempleOfZyminx","from":{"q":4,"r":6},"to":{"q":0,"r":12},"msg":"findPath: no valid path found"}
{"level":30,"time":1774382619463,"pid":1603593,"hostname":"TempleOfZyminx","from":{"q":4,"r":6},"to":{"q":0,"r":13},"msg":"findPath: no valid path found"}
{"level":30,"time":1774382619463,"pid":1603593,"hostname":"TempleOfZyminx","from":{"q":4,"r":6},"to":{"q":0,"r":14},"msg":"findPath: no valid path found"}
{"level":30,"time":1774382619463,"pid":1603593,"hostname":"TempleOfZyminx","from":{"q":4,"r":6},"to":{"q":0,"r":15},"msg":"findPath: no valid path found"}
{"level":30,"time":1774382619463,"pid":1603593,"hostname":"TempleOfZyminx","from":{"q":4,"r":6},"to":{"q":0,"r":16},"msg":"findPath: no valid path found"}
{"level":30,"time":1774382619463,"pid":1603593,"hostname":"TempleOfZyminx","from":{"q":4,"r":6},"to":{"q":0,"r":17},"msg":"findPath: no valid path found"}
{"level":30,"time":1774382619463,"pid":1603593,"hostname":"TempleOfZyminx","from":{"q":4,"r":6},"to":{"q":0,"r":18},"msg":"findPath: no valid path found"}
{"level":30,"time":1774382619463,"pid":1603593,"hostname":"TempleOfZyminx","from":{"q":4,"r":6},"to":{"q":0,"r":19},"msg":"findPath: no valid path found"}
{"level":30,"time":1774382619464,"pid":1603593,"hostname":"TempleOfZyminx","from":{"q":4,"r":6},"to":{"q":0,"r":20},"msg":"findPath: no valid path found"}
{"level":30,"time":1774382619464,"pid":1603593,"hostname":"TempleOfZyminx","from":{"q":4,"r":6},"to":{"q":0,"r":21},"msg":"findPath: no valid path found"}
{"level":30,"time":1774382619464,"pid":1603593,"hostname":"TempleOfZyminx","from":{"q":4,"r":6},"to":{"q":1,"r":0},"msg":"findPath: no valid path found"}
{"level":30,"time":1774382619464,"pid":1603593,"hostname":"TempleOfZyminx","from":{"q":4,"r":6},"to":{"q":1,"r":1},"msg":"findPath: no valid path found"}
{"level":30,"time":1774382619464,"pid":1603593,"hostname":"TempleOfZyminx","from":{"q":4,"r":6},"to":{"q":1,"r":2},"msg":"findPath: no valid path found"}
{"level":30,"time":1774382619464,"pid":1603593,"hostname":"TempleOfZyminx","from":{"q":4,"r":6},"to":{"q":1,"r":3},"msg":"findPath: no valid path found"}
{"level":30,"time":1774382619464,"pid":1603593,"hostname":"TempleOfZyminx","from":{"q":4,"r":6},"to":{"q":1,"r":4},"msg":"findPath: no valid path found"}
{"level":30,"time":1774382619461,"pid":1603455,"hostname":"TempleOfZyminx","from":{"q":1,"r":7},"to":{"q":14,"r":13},"msg":"findPath: no valid path found"}
{"level":30,"time":1774382619462,"pid":1603455,"hostname":"TempleOfZyminx","from":{"q":1,"r":7},"to":{"q":14,"r":14},"msg":"findPath: no valid path found"}
{"level":30,"time":1774382619462,"pid":1603455,"hostname":"TempleOfZyminx","from":{"q":1,"r":7},"to":{"q":14,"r":15},"msg":"findPath: no valid path found"}
{"level":30,"time":1774382619462,"pid":1603455,"hostname":"TempleOfZyminx","from":{"q":1,"r":7},"to":{"q":14,"r":16},"msg":"findPath: no valid path found"}
{"level":30,"time":1774382619462,"pid":1603455,"hostname":"TempleOfZyminx","from":{"q":1,"r":7},"to":{"q":14,"r":17},"msg":"findPath: no valid path found"}
{"level":30,"time":1774382619462,"pid":1603455,"hostname":"TempleOfZyminx","from":{"q":1,"r":7},"to":{"q":14,"r":18},"msg":"findPath: no valid path found"}
{"level":30,"time":1774382619462,"pid":1603455,"hostname":"TempleOfZyminx","from":{"q":1,"r":7},"to":{"q":14,"r":19},"msg":"findPath: no valid path found"}
{"level":30,"time":1774382619462,"pid":1603455,"hostname":"TempleOfZyminx","from":{"q":1,"r":7},"to":{"q":14,"r":20},"msg":"findPath: no valid path found"}
{"level":30,"time":1774382619462,"pid":1603455,"hostname":"TempleOfZyminx","from":{"q":1,"r":7},"to":{"q":14,"r":21},"msg":"findPath: no valid path found"}
{"level":30,"time":1774382619463,"pid":1603455,"hostname":"TempleOfZyminx","id":"a93fcf5b-e901-4464-8fe2-c07b8bc58aa4","command":"MOVE","msg":"Submitting game action"}
{"level":30,"time":1774382619463,"pid":1603455,"hostname":"TempleOfZyminx","gameId":"a93fcf5b-e901-4464-8fe2-c07b8bc58aa4","unitId":"wolf-1","msg":"Processing MOVE command"}
{"level":30,"time":1774382619465,"pid":1603455,"hostname":"TempleOfZyminx","id":"a93fcf5b-e901-4464-8fe2-c07b8bc58aa4","msg":"Fetching game state"}
{"level":30,"time":1774382619465,"pid":1603455,"hostname":"TempleOfZyminx","id":"a93fcf5b-e901-4464-8fe2-c07b8bc58aa4","msg":"Fetching game state"}
{"level":30,"time":1774382619466,"pid":1603593,"hostname":"TempleOfZyminx","from":{"q":4,"r":6},"to":{"q":1,"r":11},"msg":"findPath: no valid path found"}
{"level":30,"time":1774382619466,"pid":1603593,"hostname":"TempleOfZyminx","from":{"q":4,"r":6},"to":{"q":1,"r":12},"msg":"findPath: no valid path found"}
{"level":30,"time":1774382619466,"pid":1603593,"hostname":"TempleOfZyminx","from":{"q":4,"r":6},"to":{"q":1,"r":13},"msg":"findPath: no valid path found"}
{"level":30,"time":1774382619466,"pid":1603593,"hostname":"TempleOfZyminx","from":{"q":4,"r":6},"to":{"q":1,"r":14},"msg":"findPath: no valid path found"}
{"level":30,"time":1774382619467,"pid":1603593,"hostname":"TempleOfZyminx","from":{"q":4,"r":6},"to":{"q":1,"r":15},"msg":"findPath: no valid path found"}
{"level":30,"time":1774382619467,"pid":1603593,"hostname":"TempleOfZyminx","from":{"q":4,"r":6},"to":{"q":1,"r":16},"msg":"findPath: no valid path found"}
{"level":30,"time":1774382619466,"pid":1603455,"hostname":"TempleOfZyminx","id":"a93fcf5b-e901-4464-8fe2-c07b8bc58aa4","command":"END_PHASE","msg":"Submitting game action"}
{"level":30,"time":1774382619467,"pid":1603455,"hostname":"TempleOfZyminx","gameId":"a93fcf5b-e901-4464-8fe2-c07b8bc58aa4","phase":"DEFENDER_MOVE","msg":"Advancing phase"}
{"level":30,"time":1774382619467,"pid":1603455,"hostname":"TempleOfZyminx","phase":"DEFENDER_MOVE","turnNumber":3,"msg":"Advancing phase in engine"}
{"level":30,"time":1774382619467,"pid":1603593,"hostname":"TempleOfZyminx","from":{"q":4,"r":6},"to":{"q":1,"r":17},"msg":"findPath: no valid path found"}
{"level":30,"time":1774382619467,"pid":1603593,"hostname":"TempleOfZyminx","from":{"q":4,"r":6},"to":{"q":1,"r":18},"msg":"findPath: no valid path found"}
{"level":30,"time":1774382619467,"pid":1603593,"hostname":"TempleOfZyminx","from":{"q":4,"r":6},"to":{"q":1,"r":19},"msg":"findPath: no valid path found"}
{"level":30,"time":1774382619467,"pid":1603593,"hostname":"TempleOfZyminx","from":{"q":4,"r":6},"to":{"q":1,"r":20},"msg":"findPath: no valid path found"}
{"level":30,"time":1774382619468,"pid":1603593,"hostname":"TempleOfZyminx","from":{"q":4,"r":6},"to":{"q":1,"r":21},"msg":"findPath: no valid path found"}
{"level":30,"time":1774382619468,"pid":1603593,"hostname":"TempleOfZyminx","from":{"q":4,"r":6},"to":{"q":2,"r":0},"msg":"findPath: no valid path found"}
{"level":30,"time":1774382619468,"pid":1603593,"hostname":"TempleOfZyminx","from":{"q":4,"r":6},"to":{"q":2,"r":1},"msg":"findPath: no valid path found"}
{"level":30,"time":1774382619468,"pid":1603593,"hostname":"TempleOfZyminx","from":{"q":4,"r":6},"to":{"q":2,"r":2},"msg":"findPath: no valid path found"}
{"level":30,"time":1774382619468,"pid":1603593,"hostname":"TempleOfZyminx","from":{"q":4,"r":6},"to":{"q":2,"r":3},"msg":"findPath: no valid path found"}
{"level":30,"time":1774382619467,"pid":1603455,"hostname":"TempleOfZyminx","id":"a93fcf5b-e901-4464-8fe2-c07b8bc58aa4","msg":"Fetching game state"}
{"level":30,"time":1774382619469,"pid":1603455,"hostname":"TempleOfZyminx","id":"a93fcf5b-e901-4464-8fe2-c07b8bc58aa4","msg":"Fetching game state"}
{"level":30,"time":1774382619469,"pid":1603593,"hostname":"TempleOfZyminx","from":{"q":4,"r":6},"to":{"q":2,"r":11},"msg":"findPath: no valid path found"}
{"level":30,"time":1774382619469,"pid":1603593,"hostname":"TempleOfZyminx","from":{"q":4,"r":6},"to":{"q":2,"r":12},"msg":"findPath: no valid path found"}
{"level":30,"time":1774382619469,"pid":1603593,"hostname":"TempleOfZyminx","from":{"q":4,"r":6},"to":{"q":2,"r":13},"msg":"findPath: no valid path found"}
{"level":30,"time":1774382619469,"pid":1603593,"hostname":"TempleOfZyminx","from":{"q":4,"r":6},"to":{"q":2,"r":14},"msg":"findPath: no valid path found"}
{"level":30,"time":1774382619469,"pid":1603593,"hostname":"TempleOfZyminx","from":{"q":4,"r":6},"to":{"q":2,"r":15},"msg":"findPath: no valid path found"}
{"level":30,"time":1774382619469,"pid":1603593,"hostname":"TempleOfZyminx","from":{"q":4,"r":6},"to":{"q":2,"r":16},"msg":"findPath: no valid path found"}
{"level":30,"time":1774382619470,"pid":1603455,"hostname":"TempleOfZyminx","id":"a93fcf5b-e901-4464-8fe2-c07b8bc58aa4","command":"FIRE","msg":"Submitting game action"}
{"level":30,"time":1774382619470,"pid":1603455,"hostname":"TempleOfZyminx","gameId":"a93fcf5b-e901-4464-8fe2-c07b8bc58aa4","type":"FIRE","msg":"Processing combat command"}
{"level":30,"time":1774382619470,"pid":1603593,"hostname":"TempleOfZyminx","from":{"q":4,"r":6},"to":{"q":2,"r":17},"msg":"findPath: no valid path found"}
{"level":30,"time":1774382619470,"pid":1603593,"hostname":"TempleOfZyminx","from":{"q":4,"r":6},"to":{"q":2,"r":18},"msg":"findPath: no valid path found"}
{"level":30,"time":1774382619470,"pid":1603593,"hostname":"TempleOfZyminx","from":{"q":4,"r":6},"to":{"q":2,"r":19},"msg":"findPath: no valid path found"}
{"level":30,"time":1774382619470,"pid":1603593,"hostname":"TempleOfZyminx","from":{"q":4,"r":6},"to":{"q":2,"r":20},"msg":"findPath: no valid path found"}
{"level":30,"time":1774382619470,"pid":1603455,"hostname":"TempleOfZyminx","commandType":"FIRE","msg":"Validating combat action"}
{"level":30,"time":1774382619470,"pid":1603455,"hostname":"TempleOfZyminx","plan":{"actionType":"FIRE","actor":"defender","attackerIds":["wolf-1"],"target":{"kind":"treads","id":"onion-1"},"attackStrength":2,"defense":0},"msg":"Executing combat action"}
{"level":30,"time":1774382619470,"pid":1603593,"hostname":"TempleOfZyminx","from":{"q":4,"r":6},"to":{"q":2,"r":21},"msg":"findPath: no valid path found"}
{"level":30,"time":1774382619470,"pid":1603593,"hostname":"TempleOfZyminx","from":{"q":4,"r":6},"to":{"q":3,"r":0},"msg":"findPath: no valid path found"}
{"level":30,"time":1774382619470,"pid":1603593,"hostname":"TempleOfZyminx","from":{"q":4,"r":6},"to":{"q":3,"r":1},"msg":"findPath: no valid path found"}
{"level":30,"time":1774382619470,"pid":1603593,"hostname":"TempleOfZyminx","from":{"q":4,"r":6},"to":{"q":3,"r":2},"msg":"findPath: no valid path found"}
{"level":30,"time":1774382619471,"pid":1603593,"hostname":"TempleOfZyminx","from":{"q":4,"r":6},"to":{"q":3,"r":8},"msg":"findPath: no valid path found"}
{"level":30,"time":1774382619471,"pid":1603593,"hostname":"TempleOfZyminx","from":{"q":4,"r":6},"to":{"q":3,"r":10},"msg":"findPath: no valid path found"}
{"level":30,"time":1774382619471,"pid":1603593,"hostname":"TempleOfZyminx","from":{"q":4,"r":6},"to":{"q":3,"r":11},"msg":"findPath: no valid path found"}
{"level":30,"time":1774382619471,"pid":1603455,"hostname":"TempleOfZyminx","id":"a93fcf5b-e901-4464-8fe2-c07b8bc58aa4","command":"FIRE","msg":"Submitting game action"}
{"level":30,"time":1774382619471,"pid":1603593,"hostname":"TempleOfZyminx","from":{"q":4,"r":6},"to":{"q":3,"r":12},"msg":"findPath: no valid path found"}
{"level":30,"time":1774382619471,"pid":1603593,"hostname":"TempleOfZyminx","from":{"q":4,"r":6},"to":{"q":3,"r":13},"msg":"findPath: no valid path found"}
{"level":30,"time":1774382619471,"pid":1603593,"hostname":"TempleOfZyminx","from":{"q":4,"r":6},"to":{"q":3,"r":14},"msg":"findPath: no valid path found"}
{"level":30,"time":1774382619472,"pid":1603593,"hostname":"TempleOfZyminx","from":{"q":4,"r":6},"to":{"q":3,"r":15},"msg":"findPath: no valid path found"}
{"level":30,"time":1774382619472,"pid":1603593,"hostname":"TempleOfZyminx","from":{"q":4,"r":6},"to":{"q":3,"r":16},"msg":"findPath: no valid path found"}
{"level":30,"time":1774382619472,"pid":1603593,"hostname":"TempleOfZyminx","from":{"q":4,"r":6},"to":{"q":3,"r":17},"msg":"findPath: no valid path found"}
{"level":30,"time":1774382619472,"pid":1603593,"hostname":"TempleOfZyminx","from":{"q":4,"r":6},"to":{"q":3,"r":18},"msg":"findPath: no valid path found"}
{"level":30,"time":1774382619472,"pid":1603593,"hostname":"TempleOfZyminx","from":{"q":4,"r":6},"to":{"q":3,"r":19},"msg":"findPath: no valid path found"}
{"level":30,"time":1774382619471,"pid":1603455,"hostname":"TempleOfZyminx","gameId":"a93fcf5b-e901-4464-8fe2-c07b8bc58aa4","type":"FIRE","msg":"Processing combat command"}
{"level":30,"time":1774382619472,"pid":1603455,"hostname":"TempleOfZyminx","commandType":"FIRE","msg":"Validating combat action"}
{"level":30,"time":1774382619472,"pid":1603455,"hostname":"TempleOfZyminx","plan":{"actionType":"FIRE","actor":"defender","attackerIds":["wolf-2"],"target":{"kind":"weapon","id":"main"},"attackStrength":2,"defense":4},"msg":"Executing combat action"}
{"level":30,"time":1774382619472,"pid":1603593,"hostname":"TempleOfZyminx","from":{"q":4,"r":6},"to":{"q":3,"r":20},"msg":"findPath: no valid path found"}
{"level":30,"time":1774382619472,"pid":1603593,"hostname":"TempleOfZyminx","from":{"q":4,"r":6},"to":{"q":3,"r":21},"msg":"findPath: no valid path found"}
{"level":30,"time":1774382619472,"pid":1603593,"hostname":"TempleOfZyminx","from":{"q":4,"r":6},"to":{"q":4,"r":0},"msg":"findPath: no valid path found"}
{"level":30,"time":1774382619472,"pid":1603593,"hostname":"TempleOfZyminx","from":{"q":4,"r":6},"to":{"q":4,"r":1},"msg":"findPath: no valid path found"}
{"level":30,"time":1774382619473,"pid":1603593,"hostname":"TempleOfZyminx","from":{"q":4,"r":6},"to":{"q":4,"r":8},"msg":"findPath: no valid path found"}
{"level":30,"time":1774382619473,"pid":1603593,"hostname":"TempleOfZyminx","from":{"q":4,"r":6},"to":{"q":4,"r":10},"msg":"findPath: no valid path found"}
{"level":30,"time":1774382619473,"pid":1603593,"hostname":"TempleOfZyminx","from":{"q":4,"r":6},"to":{"q":4,"r":11},"msg":"findPath: no valid path found"}
{"level":30,"time":1774382619473,"pid":1603593,"hostname":"TempleOfZyminx","from":{"q":4,"r":6},"to":{"q":4,"r":12},"msg":"findPath: no valid path found"}
{"level":30,"time":1774382619473,"pid":1603593,"hostname":"TempleOfZyminx","from":{"q":4,"r":6},"to":{"q":4,"r":13},"msg":"findPath: no valid path found"}
{"level":30,"time":1774382619473,"pid":1603593,"hostname":"TempleOfZyminx","from":{"q":4,"r":6},"to":{"q":4,"r":14},"msg":"findPath: no valid path found"}
{"level":30,"time":1774382619473,"pid":1603593,"hostname":"TempleOfZyminx","from":{"q":4,"r":6},"to":{"q":4,"r":15},"msg":"findPath: no valid path found"}
{"level":30,"time":1774382619473,"pid":1603593,"hostname":"TempleOfZyminx","from":{"q":4,"r":6},"to":{"q":4,"r":16},"msg":"findPath: no valid path found"}
{"level":30,"time":1774382619473,"pid":1603593,"hostname":"TempleOfZyminx","from":{"q":4,"r":6},"to":{"q":4,"r":17},"msg":"findPath: no valid path found"}
{"level":30,"time":1774382619473,"pid":1603593,"hostname":"TempleOfZyminx","from":{"q":4,"r":6},"to":{"q":4,"r":18},"msg":"findPath: no valid path found"}
{"level":30,"time":1774382619473,"pid":1603455,"hostname":"TempleOfZyminx","id":"a93fcf5b-e901-4464-8fe2-c07b8bc58aa4","msg":"Fetching game state"}
{"level":30,"time":1774382619474,"pid":1603593,"hostname":"TempleOfZyminx","from":{"q":4,"r":6},"to":{"q":4,"r":19},"msg":"findPath: no valid path found"}
{"level":30,"time":1774382619474,"pid":1603593,"hostname":"TempleOfZyminx","from":{"q":4,"r":6},"to":{"q":4,"r":20},"msg":"findPath: no valid path found"}
{"level":30,"time":1774382619474,"pid":1603593,"hostname":"TempleOfZyminx","from":{"q":4,"r":6},"to":{"q":4,"r":21},"msg":"findPath: no valid path found"}
{"level":30,"time":1774382619474,"pid":1603593,"hostname":"TempleOfZyminx","from":{"q":4,"r":6},"to":{"q":5,"r":0},"msg":"findPath: no valid path found"}
{"level":30,"time":1774382619474,"pid":1603593,"hostname":"TempleOfZyminx","from":{"q":4,"r":6},"to":{"q":5,"r":1},"msg":"findPath: no valid path found"}
{"level":30,"time":1774382619475,"pid":1603593,"hostname":"TempleOfZyminx","from":{"q":4,"r":6},"to":{"q":5,"r":2},"msg":"findPath: no valid path found"}
{"level":30,"time":1774382619475,"pid":1603593,"hostname":"TempleOfZyminx","from":{"q":4,"r":6},"to":{"q":5,"r":10},"msg":"findPath: no valid path found"}
{"level":30,"time":1774382619475,"pid":1603593,"hostname":"TempleOfZyminx","from":{"q":4,"r":6},"to":{"q":5,"r":11},"msg":"findPath: no valid path found"}
{"level":30,"time":1774382619475,"pid":1603593,"hostname":"TempleOfZyminx","from":{"q":4,"r":6},"to":{"q":5,"r":12},"msg":"findPath: no valid path found"}
{"level":30,"time":1774382619475,"pid":1603593,"hostname":"TempleOfZyminx","from":{"q":4,"r":6},"to":{"q":5,"r":13},"msg":"findPath: no valid path found"}
{"level":30,"time":1774382619475,"pid":1603593,"hostname":"TempleOfZyminx","from":{"q":4,"r":6},"to":{"q":5,"r":14},"msg":"findPath: no valid path found"}
{"level":30,"time":1774382619476,"pid":1603593,"hostname":"TempleOfZyminx","from":{"q":4,"r":6},"to":{"q":5,"r":15},"msg":"findPath: no valid path found"}
{"level":30,"time":1774382619476,"pid":1603593,"hostname":"TempleOfZyminx","from":{"q":4,"r":6},"to":{"q":5,"r":16},"msg":"findPath: no valid path found"}
{"level":30,"time":1774382619474,"pid":1603455,"hostname":"TempleOfZyminx","id":"a93fcf5b-e901-4464-8fe2-c07b8bc58aa4","command":"END_PHASE","msg":"Submitting game action"}
{"level":30,"time":1774382619474,"pid":1603455,"hostname":"TempleOfZyminx","gameId":"a93fcf5b-e901-4464-8fe2-c07b8bc58aa4","phase":"DEFENDER_COMBAT","msg":"Advancing phase"}
{"level":30,"time":1774382619474,"pid":1603455,"hostname":"TempleOfZyminx","phase":"DEFENDER_COMBAT","turnNumber":3,"msg":"Advancing phase in engine"}
{"level":30,"time":1774382619475,"pid":1603455,"hostname":"TempleOfZyminx","id":"a93fcf5b-e901-4464-8fe2-c07b8bc58aa4","msg":"Fetching game state"}
{"level":30,"time":1774382619475,"pid":1603455,"hostname":"TempleOfZyminx","id":"a93fcf5b-e901-4464-8fe2-c07b8bc58aa4","msg":"Fetching game state"}
{"level":30,"time":1774382619476,"pid":1603593,"hostname":"TempleOfZyminx","from":{"q":4,"r":6},"to":{"q":5,"r":17},"msg":"findPath: no valid path found"}
{"level":30,"time":1774382619476,"pid":1603593,"hostname":"TempleOfZyminx","from":{"q":4,"r":6},"to":{"q":5,"r":18},"msg":"findPath: no valid path found"}
{"level":30,"time":1774382619476,"pid":1603593,"hostname":"TempleOfZyminx","from":{"q":4,"r":6},"to":{"q":5,"r":19},"msg":"findPath: no valid path found"}
{"level":30,"time":1774382619476,"pid":1603593,"hostname":"TempleOfZyminx","from":{"q":4,"r":6},"to":{"q":5,"r":20},"msg":"findPath: no valid path found"}
{"level":30,"time":1774382619476,"pid":1603593,"hostname":"TempleOfZyminx","from":{"q":4,"r":6},"to":{"q":5,"r":21},"msg":"findPath: no valid path found"}
{"level":30,"time":1774382619476,"pid":1603593,"hostname":"TempleOfZyminx","from":{"q":4,"r":6},"to":{"q":6,"r":0},"msg":"findPath: no valid path found"}
{"level":30,"time":1774382619476,"pid":1603593,"hostname":"TempleOfZyminx","from":{"q":4,"r":6},"to":{"q":6,"r":1},"msg":"findPath: no valid path found"}
{"level":30,"time":1774382619477,"pid":1603593,"hostname":"TempleOfZyminx","from":{"q":4,"r":6},"to":{"q":6,"r":9},"msg":"findPath: no valid path found"}
{"level":30,"time":1774382619477,"pid":1603593,"hostname":"TempleOfZyminx","from":{"q":4,"r":6},"to":{"q":6,"r":10},"msg":"findPath: no valid path found"}
{"level":30,"time":1774382619477,"pid":1603593,"hostname":"TempleOfZyminx","from":{"q":4,"r":6},"to":{"q":6,"r":11},"msg":"findPath: no valid path found"}
{"level":30,"time":1774382619477,"pid":1603593,"hostname":"TempleOfZyminx","from":{"q":4,"r":6},"to":{"q":6,"r":12},"msg":"findPath: no valid path found"}
{"level":30,"time":1774382619477,"pid":1603593,"hostname":"TempleOfZyminx","from":{"q":4,"r":6},"to":{"q":6,"r":13},"msg":"findPath: no valid path found"}
{"level":30,"time":1774382619477,"pid":1603593,"hostname":"TempleOfZyminx","from":{"q":4,"r":6},"to":{"q":6,"r":14},"msg":"findPath: no valid path found"}
{"level":30,"time":1774382619477,"pid":1603593,"hostname":"TempleOfZyminx","from":{"q":4,"r":6},"to":{"q":6,"r":15},"msg":"findPath: no valid path found"}
{"level":30,"time":1774382619477,"pid":1603593,"hostname":"TempleOfZyminx","from":{"q":4,"r":6},"to":{"q":6,"r":16},"msg":"findPath: no valid path found"}
{"level":30,"time":1774382619477,"pid":1603593,"hostname":"TempleOfZyminx","from":{"q":4,"r":6},"to":{"q":6,"r":17},"msg":"findPath: no valid path found"}
{"level":30,"time":1774382619477,"pid":1603593,"hostname":"TempleOfZyminx","from":{"q":4,"r":6},"to":{"q":6,"r":18},"msg":"findPath: no valid path found"}
{"level":30,"time":1774382619478,"pid":1603593,"hostname":"TempleOfZyminx","from":{"q":4,"r":6},"to":{"q":6,"r":19},"msg":"findPath: no valid path found"}
{"level":30,"time":1774382619478,"pid":1603593,"hostname":"TempleOfZyminx","from":{"q":4,"r":6},"to":{"q":6,"r":20},"msg":"findPath: no valid path found"}
{"level":30,"time":1774382619478,"pid":1603593,"hostname":"TempleOfZyminx","from":{"q":4,"r":6},"to":{"q":6,"r":21},"msg":"findPath: no valid path found"}
{"level":30,"time":1774382619478,"pid":1603593,"hostname":"TempleOfZyminx","from":{"q":4,"r":6},"to":{"q":7,"r":0},"msg":"findPath: no valid path found"}
{"level":30,"time":1774382619478,"pid":1603593,"hostname":"TempleOfZyminx","from":{"q":4,"r":6},"to":{"q":7,"r":1},"msg":"findPath: no valid path found"}
{"level":30,"time":1774382619479,"pid":1603593,"hostname":"TempleOfZyminx","from":{"q":4,"r":6},"to":{"q":7,"r":8},"msg":"findPath: no valid path found"}
{"level":30,"time":1774382619479,"pid":1603593,"hostname":"TempleOfZyminx","from":{"q":4,"r":6},"to":{"q":7,"r":9},"msg":"findPath: no valid path found"}
{"level":30,"time":1774382619479,"pid":1603593,"hostname":"TempleOfZyminx","from":{"q":4,"r":6},"to":{"q":7,"r":10},"msg":"findPath: no valid path found"}
{"level":30,"time":1774382619479,"pid":1603593,"hostname":"TempleOfZyminx","from":{"q":4,"r":6},"to":{"q":7,"r":11},"msg":"findPath: no valid path found"}
{"level":30,"time":1774382619479,"pid":1603593,"hostname":"TempleOfZyminx","from":{"q":4,"r":6},"to":{"q":7,"r":12},"msg":"findPath: no valid path found"}
{"level":30,"time":1774382619479,"pid":1603593,"hostname":"TempleOfZyminx","from":{"q":4,"r":6},"to":{"q":7,"r":13},"msg":"findPath: no valid path found"}
{"level":30,"time":1774382619479,"pid":1603593,"hostname":"TempleOfZyminx","from":{"q":4,"r":6},"to":{"q":7,"r":14},"msg":"findPath: no valid path found"}
{"level":30,"time":1774382619479,"pid":1603593,"hostname":"TempleOfZyminx","from":{"q":4,"r":6},"to":{"q":7,"r":15},"msg":"findPath: no valid path found"}
{"level":30,"time":1774382619479,"pid":1603593,"hostname":"TempleOfZyminx","from":{"q":4,"r":6},"to":{"q":7,"r":16},"msg":"findPath: no valid path found"}
{"level":30,"time":1774382619480,"pid":1603593,"hostname":"TempleOfZyminx","from":{"q":4,"r":6},"to":{"q":7,"r":17},"msg":"findPath: no valid path found"}
{"level":30,"time":1774382619480,"pid":1603593,"hostname":"TempleOfZyminx","from":{"q":4,"r":6},"to":{"q":7,"r":18},"msg":"findPath: no valid path found"}
{"level":30,"time":1774382619480,"pid":1603593,"hostname":"TempleOfZyminx","from":{"q":4,"r":6},"to":{"q":7,"r":19},"msg":"findPath: no valid path found"}
{"level":30,"time":1774382619480,"pid":1603593,"hostname":"TempleOfZyminx","from":{"q":4,"r":6},"to":{"q":7,"r":20},"msg":"findPath: no valid path found"}
{"level":30,"time":1774382619480,"pid":1603593,"hostname":"TempleOfZyminx","from":{"q":4,"r":6},"to":{"q":7,"r":21},"msg":"findPath: no valid path found"}
{"level":30,"time":1774382619476,"pid":1603455,"hostname":"TempleOfZyminx","from":{"q":0,"r":8},"to":{"q":0,"r":0},"msg":"findPath: no valid path found"}
{"level":30,"time":1774382619476,"pid":1603455,"hostname":"TempleOfZyminx","from":{"q":0,"r":8},"to":{"q":0,"r":1},"msg":"findPath: no valid path found"}
{"level":30,"time":1774382619476,"pid":1603455,"hostname":"TempleOfZyminx","from":{"q":0,"r":8},"to":{"q":0,"r":2},"msg":"findPath: no valid path found"}
{"level":30,"time":1774382619476,"pid":1603455,"hostname":"TempleOfZyminx","from":{"q":0,"r":8},"to":{"q":0,"r":3},"msg":"findPath: no valid path found"}
{"level":30,"time":1774382619476,"pid":1603455,"hostname":"TempleOfZyminx","from":{"q":0,"r":8},"to":{"q":0,"r":13},"msg":"findPath: no valid path found"}
{"level":30,"time":1774382619476,"pid":1603455,"hostname":"TempleOfZyminx","from":{"q":0,"r":8},"to":{"q":0,"r":14},"msg":"findPath: no valid path found"}
{"level":30,"time":1774382619476,"pid":1603455,"hostname":"TempleOfZyminx","from":{"q":0,"r":8},"to":{"q":0,"r":15},"msg":"findPath: no valid path found"}
{"level":30,"time":1774382619476,"pid":1603455,"hostname":"TempleOfZyminx","from":{"q":0,"r":8},"to":{"q":0,"r":16},"msg":"findPath: no valid path found"}
{"level":30,"time":1774382619476,"pid":1603455,"hostname":"TempleOfZyminx","from":{"q":0,"r":8},"to":{"q":0,"r":17},"msg":"findPath: no valid path found"}
{"level":30,"time":1774382619476,"pid":1603455,"hostname":"TempleOfZyminx","from":{"q":0,"r":8},"to":{"q":0,"r":18},"msg":"findPath: no valid path found"}
{"level":30,"time":1774382619476,"pid":1603455,"hostname":"TempleOfZyminx","from":{"q":0,"r":8},"to":{"q":0,"r":19},"msg":"findPath: no valid path found"}
{"level":30,"time":1774382619477,"pid":1603455,"hostname":"TempleOfZyminx","from":{"q":0,"r":8},"to":{"q":0,"r":20},"msg":"findPath: no valid path found"}
{"level":30,"time":1774382619477,"pid":1603455,"hostname":"TempleOfZyminx","from":{"q":0,"r":8},"to":{"q":0,"r":21},"msg":"findPath: no valid path found"}
{"level":30,"time":1774382619477,"pid":1603455,"hostname":"TempleOfZyminx","from":{"q":0,"r":8},"to":{"q":1,"r":0},"msg":"findPath: no valid path found"}
{"level":30,"time":1774382619477,"pid":1603455,"hostname":"TempleOfZyminx","from":{"q":0,"r":8},"to":{"q":1,"r":1},"msg":"findPath: no valid path found"}
{"level":30,"time":1774382619477,"pid":1603455,"hostname":"TempleOfZyminx","from":{"q":0,"r":8},"to":{"q":1,"r":2},"msg":"findPath: no valid path found"}
{"level":30,"time":1774382619477,"pid":1603455,"hostname":"TempleOfZyminx","from":{"q":0,"r":8},"to":{"q":1,"r":3},"msg":"findPath: no valid path found"}
{"level":30,"time":1774382619477,"pid":1603455,"hostname":"TempleOfZyminx","from":{"q":0,"r":8},"to":{"q":1,"r":12},"msg":"findPath: no valid path found"}
{"level":30,"time":1774382619477,"pid":1603455,"hostname":"TempleOfZyminx","from":{"q":0,"r":8},"to":{"q":1,"r":13},"msg":"findPath: no valid path found"}
{"level":30,"time":1774382619477,"pid":1603455,"hostname":"TempleOfZyminx","from":{"q":0,"r":8},"to":{"q":1,"r":14},"msg":"findPath: no valid path found"}
{"level":30,"time":1774382619477,"pid":1603455,"hostname":"TempleOfZyminx","from":{"q":0,"r":8},"to":{"q":1,"r":15},"msg":"findPath: no valid path found"}
{"level":30,"time":1774382619477,"pid":1603455,"hostname":"TempleOfZyminx","from":{"q":0,"r":8},"to":{"q":1,"r":16},"msg":"findPath: no valid path found"}
{"level":30,"time":1774382619477,"pid":1603455,"hostname":"TempleOfZyminx","from":{"q":0,"r":8},"to":{"q":1,"r":17},"msg":"findPath: no valid path found"}
{"level":30,"time":1774382619477,"pid":1603455,"hostname":"TempleOfZyminx","from":{"q":0,"r":8},"to":{"q":1,"r":18},"msg":"findPath: no valid path found"}
{"level":30,"time":1774382619477,"pid":1603455,"hostname":"TempleOfZyminx","from":{"q":0,"r":8},"to":{"q":1,"r":19},"msg":"findPath: no valid path found"}
{"level":30,"time":1774382619477,"pid":1603455,"hostname":"TempleOfZyminx","from":{"q":0,"r":8},"to":{"q":1,"r":20},"msg":"findPath: no valid path found"}
{"level":30,"time":1774382619477,"pid":1603455,"hostname":"TempleOfZyminx","from":{"q":0,"r":8},"to":{"q":1,"r":21},"msg":"findPath: no valid path found"}
{"level":30,"time":1774382619477,"pid":1603455,"hostname":"TempleOfZyminx","from":{"q":0,"r":8},"to":{"q":2,"r":0},"msg":"findPath: no valid path found"}
{"level":30,"time":1774382619478,"pid":1603455,"hostname":"TempleOfZyminx","from":{"q":0,"r":8},"to":{"q":2,"r":1},"msg":"findPath: no valid path found"}
{"level":30,"time":1774382619478,"pid":1603455,"hostname":"TempleOfZyminx","from":{"q":0,"r":8},"to":{"q":2,"r":2},"msg":"findPath: no valid path found"}
{"level":30,"time":1774382619478,"pid":1603455,"hostname":"TempleOfZyminx","from":{"q":0,"r":8},"to":{"q":2,"r":3},"msg":"findPath: no valid path found"}
{"level":30,"time":1774382619478,"pid":1603455,"hostname":"TempleOfZyminx","from":{"q":0,"r":8},"to":{"q":2,"r":11},"msg":"findPath: no valid path found"}
{"level":30,"time":1774382619478,"pid":1603455,"hostname":"TempleOfZyminx","from":{"q":0,"r":8},"to":{"q":2,"r":12},"msg":"findPath: no valid path found"}
{"level":30,"time":1774382619478,"pid":1603455,"hostname":"TempleOfZyminx","from":{"q":0,"r":8},"to":{"q":2,"r":13},"msg":"findPath: no valid path found"}
{"level":30,"time":1774382619478,"pid":1603455,"hostname":"TempleOfZyminx","from":{"q":0,"r":8},"to":{"q":2,"r":14},"msg":"findPath: no valid path found"}
{"level":30,"time":1774382619478,"pid":1603455,"hostname":"TempleOfZyminx","from":{"q":0,"r":8},"to":{"q":2,"r":15},"msg":"findPath: no valid path found"}
{"level":30,"time":1774382619478,"pid":1603455,"hostname":"TempleOfZyminx","from":{"q":0,"r":8},"to":{"q":2,"r":16},"msg":"findPath: no valid path found"}
{"level":30,"time":1774382619478,"pid":1603455,"hostname":"TempleOfZyminx","from":{"q":0,"r":8},"to":{"q":2,"r":17},"msg":"findPath: no valid path found"}
{"level":30,"time":1774382619478,"pid":1603455,"hostname":"TempleOfZyminx","from":{"q":0,"r":8},"to":{"q":2,"r":18},"msg":"findPath: no valid path found"}
{"level":30,"time":1774382619479,"pid":1603455,"hostname":"TempleOfZyminx","from":{"q":0,"r":8},"to":{"q":2,"r":19},"msg":"findPath: no valid path found"}
{"level":30,"time":1774382619479,"pid":1603455,"hostname":"TempleOfZyminx","from":{"q":0,"r":8},"to":{"q":2,"r":20},"msg":"findPath: no valid path found"}
{"level":30,"time":1774382619479,"pid":1603455,"hostname":"TempleOfZyminx","from":{"q":0,"r":8},"to":{"q":2,"r":21},"msg":"findPath: no valid path found"}
{"level":30,"time":1774382619479,"pid":1603455,"hostname":"TempleOfZyminx","from":{"q":0,"r":8},"to":{"q":3,"r":0},"msg":"findPath: no valid path found"}
{"level":30,"time":1774382619479,"pid":1603455,"hostname":"TempleOfZyminx","from":{"q":0,"r":8},"to":{"q":3,"r":1},"msg":"findPath: no valid path found"}
{"level":30,"time":1774382619479,"pid":1603455,"hostname":"TempleOfZyminx","from":{"q":0,"r":8},"to":{"q":3,"r":2},"msg":"findPath: no valid path found"}
{"level":30,"time":1774382619479,"pid":1603455,"hostname":"TempleOfZyminx","from":{"q":0,"r":8},"to":{"q":3,"r":3},"msg":"findPath: no valid path found"}
{"level":30,"time":1774382619479,"pid":1603455,"hostname":"TempleOfZyminx","from":{"q":0,"r":8},"to":{"q":3,"r":8},"msg":"findPath: no valid path found"}
{"level":30,"time":1774382619479,"pid":1603455,"hostname":"TempleOfZyminx","from":{"q":0,"r":8},"to":{"q":3,"r":10},"msg":"findPath: no valid path found"}
{"level":30,"time":1774382619479,"pid":1603455,"hostname":"TempleOfZyminx","from":{"q":0,"r":8},"to":{"q":3,"r":11},"msg":"findPath: no valid path found"}
{"level":30,"time":1774382619479,"pid":1603455,"hostname":"TempleOfZyminx","from":{"q":0,"r":8},"to":{"q":3,"r":12},"msg":"findPath: no valid path found"}
{"level":30,"time":1774382619479,"pid":1603455,"hostname":"TempleOfZyminx","from":{"q":0,"r":8},"to":{"q":3,"r":13},"msg":"findPath: no valid path found"}
{"level":30,"time":1774382619479,"pid":1603455,"hostname":"TempleOfZyminx","from":{"q":0,"r":8},"to":{"q":3,"r":14},"msg":"findPath: no valid path found"}
{"level":30,"time":1774382619479,"pid":1603455,"hostname":"TempleOfZyminx","from":{"q":0,"r":8},"to":{"q":3,"r":15},"msg":"findPath: no valid path found"}
{"level":30,"time":1774382619480,"pid":1603455,"hostname":"TempleOfZyminx","from":{"q":0,"r":8},"to":{"q":3,"r":16},"msg":"findPath: no valid path found"}
{"level":30,"time":1774382619480,"pid":1603455,"hostname":"TempleOfZyminx","from":{"q":0,"r":8},"to":{"q":3,"r":17},"msg":"findPath: no valid path found"}
{"level":30,"time":1774382619480,"pid":1603455,"hostname":"TempleOfZyminx","from":{"q":0,"r":8},"to":{"q":3,"r":18},"msg":"findPath: no valid path found"}
{"level":30,"time":1774382619480,"pid":1603455,"hostname":"TempleOfZyminx","from":{"q":0,"r":8},"to":{"q":3,"r":19},"msg":"findPath: no valid path found"}
{"level":30,"time":1774382619480,"pid":1603455,"hostname":"TempleOfZyminx","from":{"q":0,"r":8},"to":{"q":3,"r":20},"msg":"findPath: no valid path found"}
{"level":30,"time":1774382619480,"pid":1603455,"hostname":"TempleOfZyminx","from":{"q":0,"r":8},"to":{"q":3,"r":21},"msg":"findPath: no valid path found"}
{"level":30,"time":1774382619480,"pid":1603455,"hostname":"TempleOfZyminx","from":{"q":0,"r":8},"to":{"q":4,"r":0},"msg":"findPath: no valid path found"}
{"level":30,"time":1774382619480,"pid":1603455,"hostname":"TempleOfZyminx","from":{"q":0,"r":8},"to":{"q":4,"r":1},"msg":"findPath: no valid path found"}
{"level":30,"time":1774382619480,"pid":1603455,"hostname":"TempleOfZyminx","from":{"q":0,"r":8},"to":{"q":4,"r":2},"msg":"findPath: no valid path found"}
{"level":30,"time":1774382619480,"pid":1603455,"hostname":"TempleOfZyminx","from":{"q":0,"r":8},"to":{"q":4,"r":3},"msg":"findPath: no valid path found"}
{"level":30,"time":1774382619480,"pid":1603455,"hostname":"TempleOfZyminx","from":{"q":0,"r":8},"to":{"q":4,"r":8},"msg":"findPath: no valid path found"}
{"level":30,"time":1774382619480,"pid":1603455,"hostname":"TempleOfZyminx","from":{"q":0,"r":8},"to":{"q":4,"r":9},"msg":"findPath: no valid path found"}
{"level":30,"time":1774382619480,"pid":1603455,"hostname":"TempleOfZyminx","from":{"q":0,"r":8},"to":{"q":4,"r":10},"msg":"findPath: no valid path found"}
{"level":30,"time":1774382619480,"pid":1603455,"hostname":"TempleOfZyminx","from":{"q":0,"r":8},"to":{"q":4,"r":11},"msg":"findPath: no valid path found"}
{"level":30,"time":1774382619480,"pid":1603455,"hostname":"TempleOfZyminx","from":{"q":0,"r":8},"to":{"q":4,"r":12},"msg":"findPath: no valid path found"}
{"level":30,"time":1774382619480,"pid":1603593,"hostname":"TempleOfZyminx","from":{"q":4,"r":6},"to":{"q":8,"r":0},"msg":"findPath: no valid path found"}
{"level":30,"time":1774382619481,"pid":1603593,"hostname":"TempleOfZyminx","from":{"q":4,"r":6},"to":{"q":8,"r":1},"msg":"findPath: no valid path found"}
{"level":30,"time":1774382619480,"pid":1603455,"hostname":"TempleOfZyminx","from":{"q":0,"r":8},"to":{"q":4,"r":13},"msg":"findPath: no valid path found"}
{"level":30,"time":1774382619481,"pid":1603455,"hostname":"TempleOfZyminx","from":{"q":0,"r":8},"to":{"q":4,"r":14},"msg":"findPath: no valid path found"}
{"level":30,"time":1774382619481,"pid":1603455,"hostname":"TempleOfZyminx","from":{"q":0,"r":8},"to":{"q":4,"r":15},"msg":"findPath: no valid path found"}
{"level":30,"time":1774382619481,"pid":1603455,"hostname":"TempleOfZyminx","from":{"q":0,"r":8},"to":{"q":4,"r":16},"msg":"findPath: no valid path found"}
{"level":30,"time":1774382619481,"pid":1603455,"hostname":"TempleOfZyminx","from":{"q":0,"r":8},"to":{"q":4,"r":17},"msg":"findPath: no valid path found"}
{"level":30,"time":1774382619481,"pid":1603455,"hostname":"TempleOfZyminx","from":{"q":0,"r":8},"to":{"q":4,"r":18},"msg":"findPath: no valid path found"}
{"level":30,"time":1774382619481,"pid":1603455,"hostname":"TempleOfZyminx","from":{"q":0,"r":8},"to":{"q":4,"r":19},"msg":"findPath: no valid path found"}
{"level":30,"time":1774382619481,"pid":1603455,"hostname":"TempleOfZyminx","from":{"q":0,"r":8},"to":{"q":4,"r":20},"msg":"findPath: no valid path found"}
{"level":30,"time":1774382619481,"pid":1603455,"hostname":"TempleOfZyminx","from":{"q":0,"r":8},"to":{"q":4,"r":21},"msg":"findPath: no valid path found"}
{"level":30,"time":1774382619481,"pid":1603455,"hostname":"TempleOfZyminx","from":{"q":0,"r":8},"to":{"q":5,"r":0},"msg":"findPath: no valid path found"}
{"level":30,"time":1774382619481,"pid":1603455,"hostname":"TempleOfZyminx","from":{"q":0,"r":8},"to":{"q":5,"r":1},"msg":"findPath: no valid path found"}
{"level":30,"time":1774382619481,"pid":1603455,"hostname":"TempleOfZyminx","from":{"q":0,"r":8},"to":{"q":5,"r":2},"msg":"findPath: no valid path found"}
{"level":30,"time":1774382619481,"pid":1603455,"hostname":"TempleOfZyminx","from":{"q":0,"r":8},"to":{"q":5,"r":3},"msg":"findPath: no valid path found"}
{"level":30,"time":1774382619481,"pid":1603455,"hostname":"TempleOfZyminx","from":{"q":0,"r":8},"to":{"q":5,"r":4},"msg":"findPath: no valid path found"}
{"level":30,"time":1774382619481,"pid":1603455,"hostname":"TempleOfZyminx","from":{"q":0,"r":8},"to":{"q":5,"r":5},"msg":"findPath: no valid path found"}
{"level":30,"time":1774382619481,"pid":1603455,"hostname":"TempleOfZyminx","from":{"q":0,"r":8},"to":{"q":5,"r":6},"msg":"findPath: no valid path found"}
{"level":30,"time":1774382619481,"pid":1603455,"hostname":"TempleOfZyminx","from":{"q":0,"r":8},"to":{"q":5,"r":8},"msg":"findPath: no valid path found"}
{"level":30,"time":1774382619481,"pid":1603455,"hostname":"TempleOfZyminx","from":{"q":0,"r":8},"to":{"q":5,"r":9},"msg":"findPath: no valid path found"}
{"level":30,"time":1774382619481,"pid":1603455,"hostname":"TempleOfZyminx","from":{"q":0,"r":8},"to":{"q":5,"r":10},"msg":"findPath: no valid path found"}
{"level":30,"time":1774382619481,"pid":1603455,"hostname":"TempleOfZyminx","from":{"q":0,"r":8},"to":{"q":5,"r":11},"msg":"findPath: no valid path found"}
{"level":30,"time":1774382619481,"pid":1603455,"hostname":"TempleOfZyminx","from":{"q":0,"r":8},"to":{"q":5,"r":12},"msg":"findPath: no valid path found"}
{"level":30,"time":1774382619482,"pid":1603455,"hostname":"TempleOfZyminx","from":{"q":0,"r":8},"to":{"q":5,"r":13},"msg":"findPath: no valid path found"}
{"level":30,"time":1774382619482,"pid":1603593,"hostname":"TempleOfZyminx","from":{"q":4,"r":6},"to":{"q":8,"r":7},"msg":"findPath: no valid path found"}
{"level":30,"time":1774382619482,"pid":1603593,"hostname":"TempleOfZyminx","from":{"q":4,"r":6},"to":{"q":8,"r":8},"msg":"findPath: no valid path found"}
{"level":30,"time":1774382619482,"pid":1603593,"hostname":"TempleOfZyminx","from":{"q":4,"r":6},"to":{"q":8,"r":9},"msg":"findPath: no valid path found"}
{"level":30,"time":1774382619482,"pid":1603593,"hostname":"TempleOfZyminx","from":{"q":4,"r":6},"to":{"q":8,"r":10},"msg":"findPath: no valid path found"}
{"level":30,"time":1774382619482,"pid":1603455,"hostname":"TempleOfZyminx","from":{"q":0,"r":8},"to":{"q":5,"r":14},"msg":"findPath: no valid path found"}
{"level":30,"time":1774382619482,"pid":1603455,"hostname":"TempleOfZyminx","from":{"q":0,"r":8},"to":{"q":5,"r":15},"msg":"findPath: no valid path found"}
{"level":30,"time":1774382619482,"pid":1603455,"hostname":"TempleOfZyminx","from":{"q":0,"r":8},"to":{"q":5,"r":16},"msg":"findPath: no valid path found"}
{"level":30,"time":1774382619482,"pid":1603455,"hostname":"TempleOfZyminx","from":{"q":0,"r":8},"to":{"q":5,"r":17},"msg":"findPath: no valid path found"}
{"level":30,"time":1774382619482,"pid":1603455,"hostname":"TempleOfZyminx","from":{"q":0,"r":8},"to":{"q":5,"r":18},"msg":"findPath: no valid path found"}
{"level":30,"time":1774382619482,"pid":1603455,"hostname":"TempleOfZyminx","from":{"q":0,"r":8},"to":{"q":5,"r":19},"msg":"findPath: no valid path found"}
{"level":30,"time":1774382619482,"pid":1603455,"hostname":"TempleOfZyminx","from":{"q":0,"r":8},"to":{"q":5,"r":20},"msg":"findPath: no valid path found"}
{"level":30,"time":1774382619482,"pid":1603455,"hostname":"TempleOfZyminx","from":{"q":0,"r":8},"to":{"q":5,"r":21},"msg":"findPath: no valid path found"}
{"level":30,"time":1774382619482,"pid":1603455,"hostname":"TempleOfZyminx","from":{"q":0,"r":8},"to":{"q":6,"r":0},"msg":"findPath: no valid path found"}
{"level":30,"time":1774382619482,"pid":1603455,"hostname":"TempleOfZyminx","from":{"q":0,"r":8},"to":{"q":6,"r":1},"msg":"findPath: no valid path found"}
{"level":30,"time":1774382619482,"pid":1603455,"hostname":"TempleOfZyminx","from":{"q":0,"r":8},"to":{"q":6,"r":2},"msg":"findPath: no valid path found"}
{"level":30,"time":1774382619483,"pid":1603455,"hostname":"TempleOfZyminx","from":{"q":0,"r":8},"to":{"q":6,"r":3},"msg":"findPath: no valid path found"}
{"level":30,"time":1774382619483,"pid":1603455,"hostname":"TempleOfZyminx","from":{"q":0,"r":8},"to":{"q":6,"r":5},"msg":"findPath: no valid path found"}
{"level":30,"time":1774382619483,"pid":1603455,"hostname":"TempleOfZyminx","from":{"q":0,"r":8},"to":{"q":6,"r":6},"msg":"findPath: no valid path found"}
{"level":30,"time":1774382619483,"pid":1603455,"hostname":"TempleOfZyminx","from":{"q":0,"r":8},"to":{"q":6,"r":7},"msg":"findPath: no valid path found"}
{"level":30,"time":1774382619483,"pid":1603455,"hostname":"TempleOfZyminx","from":{"q":0,"r":8},"to":{"q":6,"r":8},"msg":"findPath: no valid path found"}
{"level":30,"time":1774382619483,"pid":1603455,"hostname":"TempleOfZyminx","from":{"q":0,"r":8},"to":{"q":6,"r":9},"msg":"findPath: no valid path found"}
{"level":30,"time":1774382619483,"pid":1603455,"hostname":"TempleOfZyminx","from":{"q":0,"r":8},"to":{"q":6,"r":10},"msg":"findPath: no valid path found"}
{"level":30,"time":1774382619483,"pid":1603455,"hostname":"TempleOfZyminx","from":{"q":0,"r":8},"to":{"q":6,"r":11},"msg":"findPath: no valid path found"}
{"level":30,"time":1774382619483,"pid":1603455,"hostname":"TempleOfZyminx","from":{"q":0,"r":8},"to":{"q":6,"r":12},"msg":"findPath: no valid path found"}
{"level":30,"time":1774382619483,"pid":1603455,"hostname":"TempleOfZyminx","from":{"q":0,"r":8},"to":{"q":6,"r":13},"msg":"findPath: no valid path found"}
{"level":30,"time":1774382619483,"pid":1603455,"hostname":"TempleOfZyminx","from":{"q":0,"r":8},"to":{"q":6,"r":14},"msg":"findPath: no valid path found"}
{"level":30,"time":1774382619483,"pid":1603455,"hostname":"TempleOfZyminx","from":{"q":0,"r":8},"to":{"q":6,"r":15},"msg":"findPath: no valid path found"}
{"level":30,"time":1774382619483,"pid":1603455,"hostname":"TempleOfZyminx","from":{"q":0,"r":8},"to":{"q":6,"r":16},"msg":"findPath: no valid path found"}
{"level":30,"time":1774382619484,"pid":1603455,"hostname":"TempleOfZyminx","from":{"q":0,"r":8},"to":{"q":6,"r":17},"msg":"findPath: no valid path found"}
{"level":30,"time":1774382619483,"pid":1603593,"hostname":"TempleOfZyminx","from":{"q":4,"r":6},"to":{"q":8,"r":11},"msg":"findPath: no valid path found"}
{"level":30,"time":1774382619483,"pid":1603593,"hostname":"TempleOfZyminx","from":{"q":4,"r":6},"to":{"q":8,"r":12},"msg":"findPath: no valid path found"}
{"level":30,"time":1774382619483,"pid":1603593,"hostname":"TempleOfZyminx","from":{"q":4,"r":6},"to":{"q":8,"r":13},"msg":"findPath: no valid path found"}
{"level":30,"time":1774382619483,"pid":1603593,"hostname":"TempleOfZyminx","from":{"q":4,"r":6},"to":{"q":8,"r":14},"msg":"findPath: no valid path found"}
{"level":30,"time":1774382619483,"pid":1603593,"hostname":"TempleOfZyminx","from":{"q":4,"r":6},"to":{"q":8,"r":15},"msg":"findPath: no valid path found"}
{"level":30,"time":1774382619483,"pid":1603593,"hostname":"TempleOfZyminx","from":{"q":4,"r":6},"to":{"q":8,"r":16},"msg":"findPath: no valid path found"}
{"level":30,"time":1774382619483,"pid":1603593,"hostname":"TempleOfZyminx","from":{"q":4,"r":6},"to":{"q":8,"r":17},"msg":"findPath: no valid path found"}
{"level":30,"time":1774382619483,"pid":1603593,"hostname":"TempleOfZyminx","from":{"q":4,"r":6},"to":{"q":8,"r":18},"msg":"findPath: no valid path found"}
{"level":30,"time":1774382619484,"pid":1603593,"hostname":"TempleOfZyminx","from":{"q":4,"r":6},"to":{"q":8,"r":19},"msg":"findPath: no valid path found"}
{"level":30,"time":1774382619484,"pid":1603593,"hostname":"TempleOfZyminx","from":{"q":4,"r":6},"to":{"q":8,"r":20},"msg":"findPath: no valid path found"}
{"level":30,"time":1774382619484,"pid":1603593,"hostname":"TempleOfZyminx","from":{"q":4,"r":6},"to":{"q":8,"r":21},"msg":"findPath: no valid path found"}
{"level":30,"time":1774382619484,"pid":1603455,"hostname":"TempleOfZyminx","from":{"q":0,"r":8},"to":{"q":6,"r":18},"msg":"findPath: no valid path found"}
{"level":30,"time":1774382619484,"pid":1603455,"hostname":"TempleOfZyminx","from":{"q":0,"r":8},"to":{"q":6,"r":19},"msg":"findPath: no valid path found"}
{"level":30,"time":1774382619484,"pid":1603455,"hostname":"TempleOfZyminx","from":{"q":0,"r":8},"to":{"q":6,"r":20},"msg":"findPath: no valid path found"}
{"level":30,"time":1774382619484,"pid":1603455,"hostname":"TempleOfZyminx","from":{"q":0,"r":8},"to":{"q":6,"r":21},"msg":"findPath: no valid path found"}
{"level":30,"time":1774382619484,"pid":1603455,"hostname":"TempleOfZyminx","from":{"q":0,"r":8},"to":{"q":7,"r":0},"msg":"findPath: no valid path found"}
{"level":30,"time":1774382619484,"pid":1603455,"hostname":"TempleOfZyminx","from":{"q":0,"r":8},"to":{"q":7,"r":1},"msg":"findPath: no valid path found"}
{"level":30,"time":1774382619484,"pid":1603455,"hostname":"TempleOfZyminx","from":{"q":0,"r":8},"to":{"q":7,"r":2},"msg":"findPath: no valid path found"}
{"level":30,"time":1774382619484,"pid":1603455,"hostname":"TempleOfZyminx","from":{"q":0,"r":8},"to":{"q":7,"r":4},"msg":"findPath: no valid path found"}
{"level":30,"time":1774382619484,"pid":1603455,"hostname":"TempleOfZyminx","from":{"q":0,"r":8},"to":{"q":7,"r":5},"msg":"findPath: no valid path found"}
{"level":30,"time":1774382619484,"pid":1603455,"hostname":"TempleOfZyminx","from":{"q":0,"r":8},"to":{"q":7,"r":6},"msg":"findPath: no valid path found"}
{"level":30,"time":1774382619484,"pid":1603455,"hostname":"TempleOfZyminx","from":{"q":0,"r":8},"to":{"q":7,"r":7},"msg":"findPath: no valid path found"}
{"level":30,"time":1774382619484,"pid":1603455,"hostname":"TempleOfZyminx","from":{"q":0,"r":8},"to":{"q":7,"r":8},"msg":"findPath: no valid path found"}
{"level":30,"time":1774382619484,"pid":1603455,"hostname":"TempleOfZyminx","from":{"q":0,"r":8},"to":{"q":7,"r":9},"msg":"findPath: no valid path found"}
{"level":30,"time":1774382619484,"pid":1603455,"hostname":"TempleOfZyminx","from":{"q":0,"r":8},"to":{"q":7,"r":10},"msg":"findPath: no valid path found"}
{"level":30,"time":1774382619484,"pid":1603455,"hostname":"TempleOfZyminx","from":{"q":0,"r":8},"to":{"q":7,"r":11},"msg":"findPath: no valid path found"}
{"level":30,"time":1774382619484,"pid":1603593,"hostname":"TempleOfZyminx","from":{"q":4,"r":6},"to":{"q":9,"r":0},"msg":"findPath: no valid path found"}
{"level":30,"time":1774382619484,"pid":1603593,"hostname":"TempleOfZyminx","from":{"q":4,"r":6},"to":{"q":9,"r":1},"msg":"findPath: no valid path found"}
{"level":30,"time":1774382619484,"pid":1603593,"hostname":"TempleOfZyminx","from":{"q":4,"r":6},"to":{"q":9,"r":2},"msg":"findPath: no valid path found"}
{"level":30,"time":1774382619484,"pid":1603593,"hostname":"TempleOfZyminx","from":{"q":4,"r":6},"to":{"q":9,"r":3},"msg":"findPath: no valid path found"}
{"level":30,"time":1774382619484,"pid":1603593,"hostname":"TempleOfZyminx","from":{"q":4,"r":6},"to":{"q":9,"r":4},"msg":"findPath: no valid path found"}
{"level":30,"time":1774382619484,"pid":1603455,"hostname":"TempleOfZyminx","from":{"q":0,"r":8},"to":{"q":7,"r":12},"msg":"findPath: no valid path found"}
{"level":30,"time":1774382619485,"pid":1603455,"hostname":"TempleOfZyminx","from":{"q":0,"r":8},"to":{"q":7,"r":13},"msg":"findPath: no valid path found"}
{"level":30,"time":1774382619485,"pid":1603455,"hostname":"TempleOfZyminx","from":{"q":0,"r":8},"to":{"q":7,"r":14},"msg":"findPath: no valid path found"}
{"level":30,"time":1774382619485,"pid":1603455,"hostname":"TempleOfZyminx","from":{"q":0,"r":8},"to":{"q":7,"r":15},"msg":"findPath: no valid path found"}
{"level":30,"time":1774382619485,"pid":1603455,"hostname":"TempleOfZyminx","from":{"q":0,"r":8},"to":{"q":7,"r":16},"msg":"findPath: no valid path found"}
{"level":30,"time":1774382619485,"pid":1603593,"hostname":"TempleOfZyminx","from":{"q":4,"r":6},"to":{"q":9,"r":5},"msg":"findPath: no valid path found"}
{"level":30,"time":1774382619485,"pid":1603593,"hostname":"TempleOfZyminx","from":{"q":4,"r":6},"to":{"q":9,"r":6},"msg":"findPath: no valid path found"}
{"level":30,"time":1774382619485,"pid":1603593,"hostname":"TempleOfZyminx","from":{"q":4,"r":6},"to":{"q":9,"r":7},"msg":"findPath: no valid path found"}
{"level":30,"time":1774382619485,"pid":1603455,"hostname":"TempleOfZyminx","from":{"q":0,"r":8},"to":{"q":7,"r":17},"msg":"findPath: no valid path found"}
{"level":30,"time":1774382619485,"pid":1603455,"hostname":"TempleOfZyminx","from":{"q":0,"r":8},"to":{"q":7,"r":18},"msg":"findPath: no valid path found"}
{"level":30,"time":1774382619485,"pid":1603455,"hostname":"TempleOfZyminx","from":{"q":0,"r":8},"to":{"q":7,"r":19},"msg":"findPath: no valid path found"}
{"level":30,"time":1774382619485,"pid":1603455,"hostname":"TempleOfZyminx","from":{"q":0,"r":8},"to":{"q":7,"r":20},"msg":"findPath: no valid path found"}
{"level":30,"time":1774382619485,"pid":1603455,"hostname":"TempleOfZyminx","from":{"q":0,"r":8},"to":{"q":7,"r":21},"msg":"findPath: no valid path found"}
{"level":30,"time":1774382619485,"pid":1603455,"hostname":"TempleOfZyminx","from":{"q":0,"r":8},"to":{"q":8,"r":0},"msg":"findPath: no valid path found"}
{"level":30,"time":1774382619485,"pid":1603455,"hostname":"TempleOfZyminx","from":{"q":0,"r":8},"to":{"q":8,"r":1},"msg":"findPath: no valid path found"}
{"level":30,"time":1774382619485,"pid":1603455,"hostname":"TempleOfZyminx","from":{"q":0,"r":8},"to":{"q":8,"r":2},"msg":"findPath: no valid path found"}
{"level":30,"time":1774382619485,"pid":1603455,"hostname":"TempleOfZyminx","from":{"q":0,"r":8},"to":{"q":8,"r":3},"msg":"findPath: no valid path found"}
{"level":30,"time":1774382619485,"pid":1603455,"hostname":"TempleOfZyminx","from":{"q":0,"r":8},"to":{"q":8,"r":4},"msg":"findPath: no valid path found"}
{"level":30,"time":1774382619485,"pid":1603455,"hostname":"TempleOfZyminx","from":{"q":0,"r":8},"to":{"q":8,"r":5},"msg":"findPath: no valid path found"}
{"level":30,"time":1774382619485,"pid":1603455,"hostname":"TempleOfZyminx","from":{"q":0,"r":8},"to":{"q":8,"r":6},"msg":"findPath: no valid path found"}
{"level":30,"time":1774382619485,"pid":1603455,"hostname":"TempleOfZyminx","from":{"q":0,"r":8},"to":{"q":8,"r":7},"msg":"findPath: no valid path found"}
{"level":30,"time":1774382619485,"pid":1603455,"hostname":"TempleOfZyminx","from":{"q":0,"r":8},"to":{"q":8,"r":8},"msg":"findPath: no valid path found"}
{"level":30,"time":1774382619485,"pid":1603455,"hostname":"TempleOfZyminx","from":{"q":0,"r":8},"to":{"q":8,"r":9},"msg":"findPath: no valid path found"}
{"level":30,"time":1774382619485,"pid":1603455,"hostname":"TempleOfZyminx","from":{"q":0,"r":8},"to":{"q":8,"r":10},"msg":"findPath: no valid path found"}
{"level":30,"time":1774382619485,"pid":1603455,"hostname":"TempleOfZyminx","from":{"q":0,"r":8},"to":{"q":8,"r":11},"msg":"findPath: no valid path found"}
{"level":30,"time":1774382619485,"pid":1603455,"hostname":"TempleOfZyminx","from":{"q":0,"r":8},"to":{"q":8,"r":12},"msg":"findPath: no valid path found"}
{"level":30,"time":1774382619485,"pid":1603455,"hostname":"TempleOfZyminx","from":{"q":0,"r":8},"to":{"q":8,"r":13},"msg":"findPath: no valid path found"}
{"level":30,"time":1774382619486,"pid":1603455,"hostname":"TempleOfZyminx","from":{"q":0,"r":8},"to":{"q":8,"r":14},"msg":"findPath: no valid path found"}
{"level":30,"time":1774382619486,"pid":1603455,"hostname":"TempleOfZyminx","from":{"q":0,"r":8},"to":{"q":8,"r":15},"msg":"findPath: no valid path found"}
{"level":30,"time":1774382619485,"pid":1603593,"hostname":"TempleOfZyminx","from":{"q":4,"r":6},"to":{"q":9,"r":8},"msg":"findPath: no valid path found"}
{"level":30,"time":1774382619485,"pid":1603593,"hostname":"TempleOfZyminx","from":{"q":4,"r":6},"to":{"q":9,"r":9},"msg":"findPath: no valid path found"}
{"level":30,"time":1774382619485,"pid":1603593,"hostname":"TempleOfZyminx","from":{"q":4,"r":6},"to":{"q":9,"r":10},"msg":"findPath: no valid path found"}
{"level":30,"time":1774382619485,"pid":1603593,"hostname":"TempleOfZyminx","from":{"q":4,"r":6},"to":{"q":9,"r":11},"msg":"findPath: no valid path found"}
{"level":30,"time":1774382619485,"pid":1603593,"hostname":"TempleOfZyminx","from":{"q":4,"r":6},"to":{"q":9,"r":12},"msg":"findPath: no valid path found"}
{"level":30,"time":1774382619486,"pid":1603593,"hostname":"TempleOfZyminx","from":{"q":4,"r":6},"to":{"q":9,"r":13},"msg":"findPath: no valid path found"}
{"level":30,"time":1774382619486,"pid":1603593,"hostname":"TempleOfZyminx","from":{"q":4,"r":6},"to":{"q":9,"r":14},"msg":"findPath: no valid path found"}
{"level":30,"time":1774382619486,"pid":1603593,"hostname":"TempleOfZyminx","from":{"q":4,"r":6},"to":{"q":9,"r":15},"msg":"findPath: no valid path found"}
{"level":30,"time":1774382619486,"pid":1603455,"hostname":"TempleOfZyminx","from":{"q":0,"r":8},"to":{"q":8,"r":16},"msg":"findPath: no valid path found"}
{"level":30,"time":1774382619486,"pid":1603455,"hostname":"TempleOfZyminx","from":{"q":0,"r":8},"to":{"q":8,"r":17},"msg":"findPath: no valid path found"}
{"level":30,"time":1774382619486,"pid":1603455,"hostname":"TempleOfZyminx","from":{"q":0,"r":8},"to":{"q":8,"r":18},"msg":"findPath: no valid path found"}
{"level":30,"time":1774382619486,"pid":1603455,"hostname":"TempleOfZyminx","from":{"q":0,"r":8},"to":{"q":8,"r":19},"msg":"findPath: no valid path found"}
{"level":30,"time":1774382619486,"pid":1603455,"hostname":"TempleOfZyminx","from":{"q":0,"r":8},"to":{"q":8,"r":20},"msg":"findPath: no valid path found"}
{"level":30,"time":1774382619486,"pid":1603455,"hostname":"TempleOfZyminx","from":{"q":0,"r":8},"to":{"q":8,"r":21},"msg":"findPath: no valid path found"}
{"level":30,"time":1774382619486,"pid":1603455,"hostname":"TempleOfZyminx","from":{"q":0,"r":8},"to":{"q":9,"r":0},"msg":"findPath: no valid path found"}
{"level":30,"time":1774382619486,"pid":1603455,"hostname":"TempleOfZyminx","from":{"q":0,"r":8},"to":{"q":9,"r":1},"msg":"findPath: no valid path found"}
{"level":30,"time":1774382619486,"pid":1603455,"hostname":"TempleOfZyminx","from":{"q":0,"r":8},"to":{"q":9,"r":2},"msg":"findPath: no valid path found"}
{"level":30,"time":1774382619486,"pid":1603455,"hostname":"TempleOfZyminx","from":{"q":0,"r":8},"to":{"q":9,"r":3},"msg":"findPath: no valid path found"}
{"level":30,"time":1774382619486,"pid":1603455,"hostname":"TempleOfZyminx","from":{"q":0,"r":8},"to":{"q":9,"r":4},"msg":"findPath: no valid path found"}
{"level":30,"time":1774382619486,"pid":1603455,"hostname":"TempleOfZyminx","from":{"q":0,"r":8},"to":{"q":9,"r":5},"msg":"findPath: no valid path found"}
{"level":30,"time":1774382619486,"pid":1603455,"hostname":"TempleOfZyminx","from":{"q":0,"r":8},"to":{"q":9,"r":6},"msg":"findPath: no valid path found"}
{"level":30,"time":1774382619486,"pid":1603455,"hostname":"TempleOfZyminx","from":{"q":0,"r":8},"to":{"q":9,"r":7},"msg":"findPath: no valid path found"}
{"level":30,"time":1774382619486,"pid":1603455,"hostname":"TempleOfZyminx","from":{"q":0,"r":8},"to":{"q":9,"r":8},"msg":"findPath: no valid path found"}
{"level":30,"time":1774382619486,"pid":1603455,"hostname":"TempleOfZyminx","from":{"q":0,"r":8},"to":{"q":9,"r":9},"msg":"findPath: no valid path found"}
{"level":30,"time":1774382619486,"pid":1603455,"hostname":"TempleOfZyminx","from":{"q":0,"r":8},"to":{"q":9,"r":10},"msg":"findPath: no valid path found"}
{"level":30,"time":1774382619486,"pid":1603455,"hostname":"TempleOfZyminx","from":{"q":0,"r":8},"to":{"q":9,"r":11},"msg":"findPath: no valid path found"}
{"level":30,"time":1774382619486,"pid":1603455,"hostname":"TempleOfZyminx","from":{"q":0,"r":8},"to":{"q":9,"r":12},"msg":"findPath: no valid path found"}
{"level":30,"time":1774382619486,"pid":1603455,"hostname":"TempleOfZyminx","from":{"q":0,"r":8},"to":{"q":9,"r":13},"msg":"findPath: no valid path found"}
{"level":30,"time":1774382619486,"pid":1603455,"hostname":"TempleOfZyminx","from":{"q":0,"r":8},"to":{"q":9,"r":14},"msg":"findPath: no valid path found"}
{"level":30,"time":1774382619486,"pid":1603455,"hostname":"TempleOfZyminx","from":{"q":0,"r":8},"to":{"q":9,"r":15},"msg":"findPath: no valid path found"}
{"level":30,"time":1774382619486,"pid":1603455,"hostname":"TempleOfZyminx","from":{"q":0,"r":8},"to":{"q":9,"r":16},"msg":"findPath: no valid path found"}
{"level":30,"time":1774382619486,"pid":1603455,"hostname":"TempleOfZyminx","from":{"q":0,"r":8},"to":{"q":9,"r":17},"msg":"findPath: no valid path found"}
{"level":30,"time":1774382619486,"pid":1603455,"hostname":"TempleOfZyminx","from":{"q":0,"r":8},"to":{"q":9,"r":18},"msg":"findPath: no valid path found"}
{"level":30,"time":1774382619487,"pid":1603455,"hostname":"TempleOfZyminx","from":{"q":0,"r":8},"to":{"q":9,"r":19},"msg":"findPath: no valid path found"}
{"level":30,"time":1774382619487,"pid":1603455,"hostname":"TempleOfZyminx","from":{"q":0,"r":8},"to":{"q":9,"r":20},"msg":"findPath: no valid path found"}
{"level":30,"time":1774382619487,"pid":1603455,"hostname":"TempleOfZyminx","from":{"q":0,"r":8},"to":{"q":9,"r":21},"msg":"findPath: no valid path found"}
{"level":30,"time":1774382619486,"pid":1603593,"hostname":"TempleOfZyminx","from":{"q":4,"r":6},"to":{"q":9,"r":16},"msg":"findPath: no valid path found"}
{"level":30,"time":1774382619486,"pid":1603593,"hostname":"TempleOfZyminx","from":{"q":4,"r":6},"to":{"q":9,"r":17},"msg":"findPath: no valid path found"}
{"level":30,"time":1774382619486,"pid":1603593,"hostname":"TempleOfZyminx","from":{"q":4,"r":6},"to":{"q":9,"r":18},"msg":"findPath: no valid path found"}
{"level":30,"time":1774382619486,"pid":1603593,"hostname":"TempleOfZyminx","from":{"q":4,"r":6},"to":{"q":9,"r":19},"msg":"findPath: no valid path found"}
{"level":30,"time":1774382619486,"pid":1603593,"hostname":"TempleOfZyminx","from":{"q":4,"r":6},"to":{"q":9,"r":20},"msg":"findPath: no valid path found"}
{"level":30,"time":1774382619486,"pid":1603593,"hostname":"TempleOfZyminx","from":{"q":4,"r":6},"to":{"q":9,"r":21},"msg":"findPath: no valid path found"}
{"level":30,"time":1774382619486,"pid":1603593,"hostname":"TempleOfZyminx","from":{"q":4,"r":6},"to":{"q":10,"r":0},"msg":"findPath: no valid path found"}
{"level":30,"time":1774382619487,"pid":1603593,"hostname":"TempleOfZyminx","from":{"q":4,"r":6},"to":{"q":10,"r":1},"msg":"findPath: no valid path found"}
{"level":30,"time":1774382619487,"pid":1603593,"hostname":"TempleOfZyminx","from":{"q":4,"r":6},"to":{"q":10,"r":2},"msg":"findPath: no valid path found"}
{"level":30,"time":1774382619487,"pid":1603593,"hostname":"TempleOfZyminx","from":{"q":4,"r":6},"to":{"q":10,"r":3},"msg":"findPath: no valid path found"}
{"level":30,"time":1774382619487,"pid":1603593,"hostname":"TempleOfZyminx","from":{"q":4,"r":6},"to":{"q":10,"r":4},"msg":"findPath: no valid path found"}
{"level":30,"time":1774382619487,"pid":1603455,"hostname":"TempleOfZyminx","from":{"q":0,"r":8},"to":{"q":10,"r":0},"msg":"findPath: no valid path found"}
{"level":30,"time":1774382619487,"pid":1603455,"hostname":"TempleOfZyminx","from":{"q":0,"r":8},"to":{"q":10,"r":1},"msg":"findPath: no valid path found"}
{"level":30,"time":1774382619487,"pid":1603455,"hostname":"TempleOfZyminx","from":{"q":0,"r":8},"to":{"q":10,"r":2},"msg":"findPath: no valid path found"}
{"level":30,"time":1774382619487,"pid":1603455,"hostname":"TempleOfZyminx","from":{"q":0,"r":8},"to":{"q":10,"r":3},"msg":"findPath: no valid path found"}
{"level":30,"time":1774382619487,"pid":1603455,"hostname":"TempleOfZyminx","from":{"q":0,"r":8},"to":{"q":10,"r":4},"msg":"findPath: no valid path found"}
{"level":30,"time":1774382619487,"pid":1603455,"hostname":"TempleOfZyminx","from":{"q":0,"r":8},"to":{"q":10,"r":5},"msg":"findPath: no valid path found"}
{"level":30,"time":1774382619487,"pid":1603455,"hostname":"TempleOfZyminx","from":{"q":0,"r":8},"to":{"q":10,"r":6},"msg":"findPath: no valid path found"}
{"level":30,"time":1774382619487,"pid":1603455,"hostname":"TempleOfZyminx","from":{"q":0,"r":8},"to":{"q":10,"r":7},"msg":"findPath: no valid path found"}
{"level":30,"time":1774382619487,"pid":1603455,"hostname":"TempleOfZyminx","from":{"q":0,"r":8},"to":{"q":10,"r":8},"msg":"findPath: no valid path found"}
{"level":30,"time":1774382619487,"pid":1603455,"hostname":"TempleOfZyminx","from":{"q":0,"r":8},"to":{"q":10,"r":9},"msg":"findPath: no valid path found"}
{"level":30,"time":1774382619487,"pid":1603455,"hostname":"TempleOfZyminx","from":{"q":0,"r":8},"to":{"q":10,"r":10},"msg":"findPath: no valid path found"}
{"level":30,"time":1774382619487,"pid":1603455,"hostname":"TempleOfZyminx","from":{"q":0,"r":8},"to":{"q":10,"r":11},"msg":"findPath: no valid path found"}
{"level":30,"time":1774382619487,"pid":1603455,"hostname":"TempleOfZyminx","from":{"q":0,"r":8},"to":{"q":10,"r":12},"msg":"findPath: no valid path found"}
{"level":30,"time":1774382619487,"pid":1603455,"hostname":"TempleOfZyminx","from":{"q":0,"r":8},"to":{"q":10,"r":13},"msg":"findPath: no valid path found"}
{"level":30,"time":1774382619487,"pid":1603455,"hostname":"TempleOfZyminx","from":{"q":0,"r":8},"to":{"q":10,"r":14},"msg":"findPath: no valid path found"}
{"level":30,"time":1774382619487,"pid":1603455,"hostname":"TempleOfZyminx","from":{"q":0,"r":8},"to":{"q":10,"r":15},"msg":"findPath: no valid path found"}
{"level":30,"time":1774382619487,"pid":1603455,"hostname":"TempleOfZyminx","from":{"q":0,"r":8},"to":{"q":10,"r":16},"msg":"findPath: no valid path found"}
{"level":30,"time":1774382619487,"pid":1603455,"hostname":"TempleOfZyminx","from":{"q":0,"r":8},"to":{"q":10,"r":17},"msg":"findPath: no valid path found"}
{"level":30,"time":1774382619487,"pid":1603455,"hostname":"TempleOfZyminx","from":{"q":0,"r":8},"to":{"q":10,"r":18},"msg":"findPath: no valid path found"}
{"level":30,"time":1774382619487,"pid":1603455,"hostname":"TempleOfZyminx","from":{"q":0,"r":8},"to":{"q":10,"r":19},"msg":"findPath: no valid path found"}
{"level":30,"time":1774382619487,"pid":1603455,"hostname":"TempleOfZyminx","from":{"q":0,"r":8},"to":{"q":10,"r":20},"msg":"findPath: no valid path found"}
{"level":30,"time":1774382619487,"pid":1603455,"hostname":"TempleOfZyminx","from":{"q":0,"r":8},"to":{"q":10,"r":21},"msg":"findPath: no valid path found"}
{"level":30,"time":1774382619487,"pid":1603593,"hostname":"TempleOfZyminx","from":{"q":4,"r":6},"to":{"q":10,"r":5},"msg":"findPath: no valid path found"}
{"level":30,"time":1774382619487,"pid":1603593,"hostname":"TempleOfZyminx","from":{"q":4,"r":6},"to":{"q":10,"r":6},"msg":"findPath: no valid path found"}
{"level":30,"time":1774382619487,"pid":1603593,"hostname":"TempleOfZyminx","from":{"q":4,"r":6},"to":{"q":10,"r":7},"msg":"findPath: no valid path found"}
{"level":30,"time":1774382619487,"pid":1603593,"hostname":"TempleOfZyminx","from":{"q":4,"r":6},"to":{"q":10,"r":8},"msg":"findPath: no valid path found"}
{"level":30,"time":1774382619488,"pid":1603593,"hostname":"TempleOfZyminx","from":{"q":4,"r":6},"to":{"q":10,"r":9},"msg":"findPath: no valid path found"}
{"level":30,"time":1774382619488,"pid":1603593,"hostname":"TempleOfZyminx","from":{"q":4,"r":6},"to":{"q":10,"r":10},"msg":"findPath: no valid path found"}
{"level":30,"time":1774382619488,"pid":1603593,"hostname":"TempleOfZyminx","from":{"q":4,"r":6},"to":{"q":10,"r":11},"msg":"findPath: no valid path found"}
{"level":30,"time":1774382619488,"pid":1603593,"hostname":"TempleOfZyminx","from":{"q":4,"r":6},"to":{"q":10,"r":12},"msg":"findPath: no valid path found"}
{"level":30,"time":1774382619488,"pid":1603593,"hostname":"TempleOfZyminx","from":{"q":4,"r":6},"to":{"q":10,"r":13},"msg":"findPath: no valid path found"}
{"level":30,"time":1774382619488,"pid":1603593,"hostname":"TempleOfZyminx","from":{"q":4,"r":6},"to":{"q":10,"r":14},"msg":"findPath: no valid path found"}
{"level":30,"time":1774382619488,"pid":1603593,"hostname":"TempleOfZyminx","from":{"q":4,"r":6},"to":{"q":10,"r":15},"msg":"findPath: no valid path found"}
{"level":30,"time":1774382619488,"pid":1603593,"hostname":"TempleOfZyminx","from":{"q":4,"r":6},"to":{"q":10,"r":16},"msg":"findPath: no valid path found"}
{"level":30,"time":1774382619488,"pid":1603593,"hostname":"TempleOfZyminx","from":{"q":4,"r":6},"to":{"q":10,"r":17},"msg":"findPath: no valid path found"}
{"level":30,"time":1774382619489,"pid":1603593,"hostname":"TempleOfZyminx","from":{"q":4,"r":6},"to":{"q":10,"r":18},"msg":"findPath: no valid path found"}
{"level":30,"time":1774382619489,"pid":1603593,"hostname":"TempleOfZyminx","from":{"q":4,"r":6},"to":{"q":10,"r":19},"msg":"findPath: no valid path found"}
{"level":30,"time":1774382619489,"pid":1603593,"hostname":"TempleOfZyminx","from":{"q":4,"r":6},"to":{"q":10,"r":20},"msg":"findPath: no valid path found"}
{"level":30,"time":1774382619489,"pid":1603593,"hostname":"TempleOfZyminx","from":{"q":4,"r":6},"to":{"q":10,"r":21},"msg":"findPath: no valid path found"}
{"level":30,"time":1774382619489,"pid":1603593,"hostname":"TempleOfZyminx","from":{"q":4,"r":6},"to":{"q":11,"r":0},"msg":"findPath: no valid path found"}
{"level":30,"time":1774382619489,"pid":1603593,"hostname":"TempleOfZyminx","from":{"q":4,"r":6},"to":{"q":11,"r":1},"msg":"findPath: no valid path found"}
{"level":30,"time":1774382619489,"pid":1603593,"hostname":"TempleOfZyminx","from":{"q":4,"r":6},"to":{"q":11,"r":2},"msg":"findPath: no valid path found"}
{"level":30,"time":1774382619489,"pid":1603593,"hostname":"TempleOfZyminx","from":{"q":4,"r":6},"to":{"q":11,"r":3},"msg":"findPath: no valid path found"}
{"level":30,"time":1774382619489,"pid":1603593,"hostname":"TempleOfZyminx","from":{"q":4,"r":6},"to":{"q":11,"r":4},"msg":"findPath: no valid path found"}
{"level":30,"time":1774382619489,"pid":1603593,"hostname":"TempleOfZyminx","from":{"q":4,"r":6},"to":{"q":11,"r":5},"msg":"findPath: no valid path found"}
{"level":30,"time":1774382619489,"pid":1603593,"hostname":"TempleOfZyminx","from":{"q":4,"r":6},"to":{"q":11,"r":6},"msg":"findPath: no valid path found"}
{"level":30,"time":1774382619488,"pid":1603455,"hostname":"TempleOfZyminx","from":{"q":0,"r":8},"to":{"q":11,"r":0},"msg":"findPath: no valid path found"}
{"level":30,"time":1774382619488,"pid":1603455,"hostname":"TempleOfZyminx","from":{"q":0,"r":8},"to":{"q":11,"r":1},"msg":"findPath: no valid path found"}
{"level":30,"time":1774382619488,"pid":1603455,"hostname":"TempleOfZyminx","from":{"q":0,"r":8},"to":{"q":11,"r":2},"msg":"findPath: no valid path found"}
{"level":30,"time":1774382619488,"pid":1603455,"hostname":"TempleOfZyminx","from":{"q":0,"r":8},"to":{"q":11,"r":3},"msg":"findPath: no valid path found"}
{"level":30,"time":1774382619489,"pid":1603455,"hostname":"TempleOfZyminx","from":{"q":0,"r":8},"to":{"q":11,"r":4},"msg":"findPath: no valid path found"}
{"level":30,"time":1774382619489,"pid":1603455,"hostname":"TempleOfZyminx","from":{"q":0,"r":8},"to":{"q":11,"r":5},"msg":"findPath: no valid path found"}
{"level":30,"time":1774382619489,"pid":1603455,"hostname":"TempleOfZyminx","from":{"q":0,"r":8},"to":{"q":11,"r":6},"msg":"findPath: no valid path found"}
{"level":30,"time":1774382619489,"pid":1603455,"hostname":"TempleOfZyminx","from":{"q":0,"r":8},"to":{"q":11,"r":7},"msg":"findPath: no valid path found"}
{"level":30,"time":1774382619489,"pid":1603455,"hostname":"TempleOfZyminx","from":{"q":0,"r":8},"to":{"q":11,"r":8},"msg":"findPath: no valid path found"}
{"level":30,"time":1774382619489,"pid":1603455,"hostname":"TempleOfZyminx","from":{"q":0,"r":8},"to":{"q":11,"r":9},"msg":"findPath: no valid path found"}
{"level":30,"time":1774382619489,"pid":1603455,"hostname":"TempleOfZyminx","from":{"q":0,"r":8},"to":{"q":11,"r":10},"msg":"findPath: no valid path found"}
{"level":30,"time":1774382619489,"pid":1603455,"hostname":"TempleOfZyminx","from":{"q":0,"r":8},"to":{"q":11,"r":11},"msg":"findPath: no valid path found"}
{"level":30,"time":1774382619489,"pid":1603455,"hostname":"TempleOfZyminx","from":{"q":0,"r":8},"to":{"q":11,"r":12},"msg":"findPath: no valid path found"}
{"level":30,"time":1774382619489,"pid":1603455,"hostname":"TempleOfZyminx","from":{"q":0,"r":8},"to":{"q":11,"r":13},"msg":"findPath: no valid path found"}
{"level":30,"time":1774382619489,"pid":1603455,"hostname":"TempleOfZyminx","from":{"q":0,"r":8},"to":{"q":11,"r":14},"msg":"findPath: no valid path found"}
{"level":30,"time":1774382619489,"pid":1603455,"hostname":"TempleOfZyminx","from":{"q":0,"r":8},"to":{"q":11,"r":15},"msg":"findPath: no valid path found"}
{"level":30,"time":1774382619489,"pid":1603455,"hostname":"TempleOfZyminx","from":{"q":0,"r":8},"to":{"q":11,"r":16},"msg":"findPath: no valid path found"}
{"level":30,"time":1774382619489,"pid":1603455,"hostname":"TempleOfZyminx","from":{"q":0,"r":8},"to":{"q":11,"r":17},"msg":"findPath: no valid path found"}
{"level":30,"time":1774382619489,"pid":1603455,"hostname":"TempleOfZyminx","from":{"q":0,"r":8},"to":{"q":11,"r":18},"msg":"findPath: no valid path found"}
{"level":30,"time":1774382619489,"pid":1603455,"hostname":"TempleOfZyminx","from":{"q":0,"r":8},"to":{"q":11,"r":19},"msg":"findPath: no valid path found"}
{"level":30,"time":1774382619490,"pid":1603455,"hostname":"TempleOfZyminx","from":{"q":0,"r":8},"to":{"q":11,"r":20},"msg":"findPath: no valid path found"}
{"level":30,"time":1774382619490,"pid":1603455,"hostname":"TempleOfZyminx","from":{"q":0,"r":8},"to":{"q":11,"r":21},"msg":"findPath: no valid path found"}
{"level":30,"time":1774382619490,"pid":1603455,"hostname":"TempleOfZyminx","from":{"q":0,"r":8},"to":{"q":12,"r":0},"msg":"findPath: no valid path found"}
{"level":30,"time":1774382619490,"pid":1603455,"hostname":"TempleOfZyminx","from":{"q":0,"r":8},"to":{"q":12,"r":1},"msg":"findPath: no valid path found"}
{"level":30,"time":1774382619490,"pid":1603455,"hostname":"TempleOfZyminx","from":{"q":0,"r":8},"to":{"q":12,"r":2},"msg":"findPath: no valid path found"}
{"level":30,"time":1774382619490,"pid":1603455,"hostname":"TempleOfZyminx","from":{"q":0,"r":8},"to":{"q":12,"r":3},"msg":"findPath: no valid path found"}
{"level":30,"time":1774382619490,"pid":1603455,"hostname":"TempleOfZyminx","from":{"q":0,"r":8},"to":{"q":12,"r":4},"msg":"findPath: no valid path found"}
{"level":30,"time":1774382619490,"pid":1603455,"hostname":"TempleOfZyminx","from":{"q":0,"r":8},"to":{"q":12,"r":5},"msg":"findPath: no valid path found"}
{"level":30,"time":1774382619490,"pid":1603455,"hostname":"TempleOfZyminx","from":{"q":0,"r":8},"to":{"q":12,"r":6},"msg":"findPath: no valid path found"}
{"level":30,"time":1774382619490,"pid":1603455,"hostname":"TempleOfZyminx","from":{"q":0,"r":8},"to":{"q":12,"r":7},"msg":"findPath: no valid path found"}
{"level":30,"time":1774382619490,"pid":1603455,"hostname":"TempleOfZyminx","from":{"q":0,"r":8},"to":{"q":12,"r":8},"msg":"findPath: no valid path found"}
{"level":30,"time":1774382619490,"pid":1603455,"hostname":"TempleOfZyminx","from":{"q":0,"r":8},"to":{"q":12,"r":9},"msg":"findPath: no valid path found"}
{"level":30,"time":1774382619490,"pid":1603455,"hostname":"TempleOfZyminx","from":{"q":0,"r":8},"to":{"q":12,"r":10},"msg":"findPath: no valid path found"}
{"level":30,"time":1774382619490,"pid":1603455,"hostname":"TempleOfZyminx","from":{"q":0,"r":8},"to":{"q":12,"r":11},"msg":"findPath: no valid path found"}
{"level":30,"time":1774382619490,"pid":1603455,"hostname":"TempleOfZyminx","from":{"q":0,"r":8},"to":{"q":12,"r":12},"msg":"findPath: no valid path found"}
{"level":30,"time":1774382619490,"pid":1603455,"hostname":"TempleOfZyminx","from":{"q":0,"r":8},"to":{"q":12,"r":13},"msg":"findPath: no valid path found"}
{"level":30,"time":1774382619490,"pid":1603455,"hostname":"TempleOfZyminx","from":{"q":0,"r":8},"to":{"q":12,"r":14},"msg":"findPath: no valid path found"}
{"level":30,"time":1774382619490,"pid":1603455,"hostname":"TempleOfZyminx","from":{"q":0,"r":8},"to":{"q":12,"r":15},"msg":"findPath: no valid path found"}
{"level":30,"time":1774382619490,"pid":1603455,"hostname":"TempleOfZyminx","from":{"q":0,"r":8},"to":{"q":12,"r":16},"msg":"findPath: no valid path found"}
{"level":30,"time":1774382619490,"pid":1603455,"hostname":"TempleOfZyminx","from":{"q":0,"r":8},"to":{"q":12,"r":17},"msg":"findPath: no valid path found"}
{"level":30,"time":1774382619490,"pid":1603455,"hostname":"TempleOfZyminx","from":{"q":0,"r":8},"to":{"q":12,"r":18},"msg":"findPath: no valid path found"}
{"level":30,"time":1774382619490,"pid":1603455,"hostname":"TempleOfZyminx","from":{"q":0,"r":8},"to":{"q":12,"r":19},"msg":"findPath: no valid path found"}
{"level":30,"time":1774382619490,"pid":1603455,"hostname":"TempleOfZyminx","from":{"q":0,"r":8},"to":{"q":12,"r":20},"msg":"findPath: no valid path found"}
{"level":30,"time":1774382619490,"pid":1603455,"hostname":"TempleOfZyminx","from":{"q":0,"r":8},"to":{"q":12,"r":21},"msg":"findPath: no valid path found"}
{"level":30,"time":1774382619490,"pid":1603455,"hostname":"TempleOfZyminx","from":{"q":0,"r":8},"to":{"q":13,"r":0},"msg":"findPath: no valid path found"}
{"level":30,"time":1774382619491,"pid":1603455,"hostname":"TempleOfZyminx","from":{"q":0,"r":8},"to":{"q":13,"r":1},"msg":"findPath: no valid path found"}
{"level":30,"time":1774382619491,"pid":1603455,"hostname":"TempleOfZyminx","from":{"q":0,"r":8},"to":{"q":13,"r":2},"msg":"findPath: no valid path found"}
{"level":30,"time":1774382619491,"pid":1603455,"hostname":"TempleOfZyminx","from":{"q":0,"r":8},"to":{"q":13,"r":3},"msg":"findPath: no valid path found"}
{"level":30,"time":1774382619491,"pid":1603455,"hostname":"TempleOfZyminx","from":{"q":0,"r":8},"to":{"q":13,"r":4},"msg":"findPath: no valid path found"}
{"level":30,"time":1774382619491,"pid":1603455,"hostname":"TempleOfZyminx","from":{"q":0,"r":8},"to":{"q":13,"r":5},"msg":"findPath: no valid path found"}
{"level":30,"time":1774382619491,"pid":1603455,"hostname":"TempleOfZyminx","from":{"q":0,"r":8},"to":{"q":13,"r":6},"msg":"findPath: no valid path found"}
{"level":30,"time":1774382619491,"pid":1603455,"hostname":"TempleOfZyminx","from":{"q":0,"r":8},"to":{"q":13,"r":7},"msg":"findPath: no valid path found"}
{"level":30,"time":1774382619491,"pid":1603455,"hostname":"TempleOfZyminx","from":{"q":0,"r":8},"to":{"q":13,"r":8},"msg":"findPath: no valid path found"}
{"level":30,"time":1774382619491,"pid":1603455,"hostname":"TempleOfZyminx","from":{"q":0,"r":8},"to":{"q":13,"r":9},"msg":"findPath: no valid path found"}
{"level":30,"time":1774382619491,"pid":1603455,"hostname":"TempleOfZyminx","from":{"q":0,"r":8},"to":{"q":13,"r":10},"msg":"findPath: no valid path found"}
{"level":30,"time":1774382619491,"pid":1603455,"hostname":"TempleOfZyminx","from":{"q":0,"r":8},"to":{"q":13,"r":11},"msg":"findPath: no valid path found"}
{"level":30,"time":1774382619491,"pid":1603455,"hostname":"TempleOfZyminx","from":{"q":0,"r":8},"to":{"q":13,"r":12},"msg":"findPath: no valid path found"}
{"level":30,"time":1774382619491,"pid":1603455,"hostname":"TempleOfZyminx","from":{"q":0,"r":8},"to":{"q":13,"r":13},"msg":"findPath: no valid path found"}
{"level":30,"time":1774382619491,"pid":1603455,"hostname":"TempleOfZyminx","from":{"q":0,"r":8},"to":{"q":13,"r":14},"msg":"findPath: no valid path found"}
{"level":30,"time":1774382619491,"pid":1603455,"hostname":"TempleOfZyminx","from":{"q":0,"r":8},"to":{"q":13,"r":15},"msg":"findPath: no valid path found"}
{"level":30,"time":1774382619491,"pid":1603455,"hostname":"TempleOfZyminx","from":{"q":0,"r":8},"to":{"q":13,"r":16},"msg":"findPath: no valid path found"}
{"level":30,"time":1774382619491,"pid":1603455,"hostname":"TempleOfZyminx","from":{"q":0,"r":8},"to":{"q":13,"r":17},"msg":"findPath: no valid path found"}
{"level":30,"time":1774382619491,"pid":1603455,"hostname":"TempleOfZyminx","from":{"q":0,"r":8},"to":{"q":13,"r":18},"msg":"findPath: no valid path found"}
{"level":30,"time":1774382619491,"pid":1603455,"hostname":"TempleOfZyminx","from":{"q":0,"r":8},"to":{"q":13,"r":19},"msg":"findPath: no valid path found"}
{"level":30,"time":1774382619491,"pid":1603455,"hostname":"TempleOfZyminx","from":{"q":0,"r":8},"to":{"q":13,"r":20},"msg":"findPath: no valid path found"}
{"level":30,"time":1774382619491,"pid":1603455,"hostname":"TempleOfZyminx","from":{"q":0,"r":8},"to":{"q":13,"r":21},"msg":"findPath: no valid path found"}
{"level":30,"time":1774382619491,"pid":1603455,"hostname":"TempleOfZyminx","from":{"q":0,"r":8},"to":{"q":14,"r":0},"msg":"findPath: no valid path found"}
{"level":30,"time":1774382619491,"pid":1603455,"hostname":"TempleOfZyminx","from":{"q":0,"r":8},"to":{"q":14,"r":1},"msg":"findPath: no valid path found"}
{"level":30,"time":1774382619491,"pid":1603455,"hostname":"TempleOfZyminx","from":{"q":0,"r":8},"to":{"q":14,"r":2},"msg":"findPath: no valid path found"}
{"level":30,"time":1774382619491,"pid":1603455,"hostname":"TempleOfZyminx","from":{"q":0,"r":8},"to":{"q":14,"r":3},"msg":"findPath: no valid path found"}
{"level":30,"time":1774382619491,"pid":1603455,"hostname":"TempleOfZyminx","from":{"q":0,"r":8},"to":{"q":14,"r":4},"msg":"findPath: no valid path found"}
{"level":30,"time":1774382619491,"pid":1603455,"hostname":"TempleOfZyminx","from":{"q":0,"r":8},"to":{"q":14,"r":5},"msg":"findPath: no valid path found"}
{"level":30,"time":1774382619491,"pid":1603455,"hostname":"TempleOfZyminx","from":{"q":0,"r":8},"to":{"q":14,"r":6},"msg":"findPath: no valid path found"}
{"level":30,"time":1774382619492,"pid":1603455,"hostname":"TempleOfZyminx","from":{"q":0,"r":8},"to":{"q":14,"r":7},"msg":"findPath: no valid path found"}
{"level":30,"time":1774382619492,"pid":1603455,"hostname":"TempleOfZyminx","from":{"q":0,"r":8},"to":{"q":14,"r":8},"msg":"findPath: no valid path found"}
{"level":30,"time":1774382619492,"pid":1603455,"hostname":"TempleOfZyminx","from":{"q":0,"r":8},"to":{"q":14,"r":9},"msg":"findPath: no valid path found"}
{"level":30,"time":1774382619492,"pid":1603455,"hostname":"TempleOfZyminx","from":{"q":0,"r":8},"to":{"q":14,"r":10},"msg":"findPath: no valid path found"}
{"level":30,"time":1774382619492,"pid":1603455,"hostname":"TempleOfZyminx","from":{"q":0,"r":8},"to":{"q":14,"r":11},"msg":"findPath: no valid path found"}
{"level":30,"time":1774382619492,"pid":1603455,"hostname":"TempleOfZyminx","from":{"q":0,"r":8},"to":{"q":14,"r":12},"msg":"findPath: no valid path found"}
{"level":30,"time":1774382619492,"pid":1603455,"hostname":"TempleOfZyminx","from":{"q":0,"r":8},"to":{"q":14,"r":13},"msg":"findPath: no valid path found"}
{"level":30,"time":1774382619492,"pid":1603455,"hostname":"TempleOfZyminx","from":{"q":0,"r":8},"to":{"q":14,"r":14},"msg":"findPath: no valid path found"}
{"level":30,"time":1774382619492,"pid":1603455,"hostname":"TempleOfZyminx","from":{"q":0,"r":8},"to":{"q":14,"r":15},"msg":"findPath: no valid path found"}
{"level":30,"time":1774382619492,"pid":1603455,"hostname":"TempleOfZyminx","from":{"q":0,"r":8},"to":{"q":14,"r":16},"msg":"findPath: no valid path found"}
{"level":30,"time":1774382619492,"pid":1603455,"hostname":"TempleOfZyminx","from":{"q":0,"r":8},"to":{"q":14,"r":17},"msg":"findPath: no valid path found"}
{"level":30,"time":1774382619492,"pid":1603455,"hostname":"TempleOfZyminx","from":{"q":0,"r":8},"to":{"q":14,"r":18},"msg":"findPath: no valid path found"}
{"level":30,"time":1774382619492,"pid":1603455,"hostname":"TempleOfZyminx","from":{"q":0,"r":8},"to":{"q":14,"r":19},"msg":"findPath: no valid path found"}
{"level":30,"time":1774382619492,"pid":1603455,"hostname":"TempleOfZyminx","from":{"q":0,"r":8},"to":{"q":14,"r":20},"msg":"findPath: no valid path found"}
{"level":30,"time":1774382619492,"pid":1603455,"hostname":"TempleOfZyminx","from":{"q":0,"r":8},"to":{"q":14,"r":21},"msg":"findPath: no valid path found"}
{"level":30,"time":1774382619492,"pid":1603455,"hostname":"TempleOfZyminx","id":"a93fcf5b-e901-4464-8fe2-c07b8bc58aa4","command":"MOVE","msg":"Submitting game action"}
{"level":30,"time":1774382619493,"pid":1603455,"hostname":"TempleOfZyminx","gameId":"a93fcf5b-e901-4464-8fe2-c07b8bc58aa4","unitId":"wolf-1","msg":"Processing MOVE command"}
{"level":30,"time":1774382619493,"pid":1603455,"hostname":"TempleOfZyminx","id":"a93fcf5b-e901-4464-8fe2-c07b8bc58aa4","msg":"Fetching game state"}
{"level":30,"time":1774382619494,"pid":1603455,"hostname":"TempleOfZyminx","id":"a93fcf5b-e901-4464-8fe2-c07b8bc58aa4","command":"END_PHASE","msg":"Submitting game action"}
{"level":30,"time":1774382619495,"pid":1603455,"hostname":"TempleOfZyminx","gameId":"a93fcf5b-e901-4464-8fe2-c07b8bc58aa4","phase":"GEV_SECOND_MOVE","msg":"Advancing phase"}
{"level":30,"time":1774382619495,"pid":1603455,"hostname":"TempleOfZyminx","phase":"GEV_SECOND_MOVE","turnNumber":3,"msg":"Advancing phase in engine"}
{"level":30,"time":1774382619495,"pid":1603455,"hostname":"TempleOfZyminx","id":"a93fcf5b-e901-4464-8fe2-c07b8bc58aa4","msg":"Fetching game state"}
{"level":30,"time":1774382619495,"pid":1603455,"hostname":"TempleOfZyminx","id":"a93fcf5b-e901-4464-8fe2-c07b8bc58aa4","msg":"Fetching game state"}
{"level":30,"time":1774382619496,"pid":1603455,"hostname":"TempleOfZyminx","id":"a93fcf5b-e901-4464-8fe2-c07b8bc58aa4","msg":"Fetching game state"}
{"level":30,"time":1774382619496,"pid":1603455,"hostname":"TempleOfZyminx","id":"a93fcf5b-e901-4464-8fe2-c07b8bc58aa4","msg":"Fetching game state"}
{"level":30,"time":1774382619497,"pid":1603455,"hostname":"TempleOfZyminx","id":"a93fcf5b-e901-4464-8fe2-c07b8bc58aa4","msg":"Fetching game state"}
{"level":30,"time":1774382619497,"pid":1603455,"hostname":"TempleOfZyminx","from":{"q":1,"r":8},"to":{"q":0,"r":0},"msg":"findPath: no valid path found"}
{"level":30,"time":1774382619497,"pid":1603455,"hostname":"TempleOfZyminx","from":{"q":1,"r":8},"to":{"q":0,"r":1},"msg":"findPath: no valid path found"}
{"level":30,"time":1774382619497,"pid":1603455,"hostname":"TempleOfZyminx","from":{"q":1,"r":8},"to":{"q":0,"r":2},"msg":"findPath: no valid path found"}
{"level":30,"time":1774382619497,"pid":1603455,"hostname":"TempleOfZyminx","from":{"q":1,"r":8},"to":{"q":0,"r":3},"msg":"findPath: no valid path found"}
{"level":30,"time":1774382619497,"pid":1603455,"hostname":"TempleOfZyminx","from":{"q":1,"r":8},"to":{"q":0,"r":4},"msg":"findPath: no valid path found"}
{"level":30,"time":1774382619497,"pid":1603455,"hostname":"TempleOfZyminx","from":{"q":1,"r":8},"to":{"q":0,"r":5},"msg":"findPath: no valid path found"}
{"level":30,"time":1774382619497,"pid":1603455,"hostname":"TempleOfZyminx","from":{"q":1,"r":8},"to":{"q":0,"r":12},"msg":"findPath: no valid path found"}
{"level":30,"time":1774382619497,"pid":1603455,"hostname":"TempleOfZyminx","from":{"q":1,"r":8},"to":{"q":0,"r":13},"msg":"findPath: no valid path found"}
{"level":30,"time":1774382619497,"pid":1603455,"hostname":"TempleOfZyminx","from":{"q":1,"r":8},"to":{"q":0,"r":14},"msg":"findPath: no valid path found"}
{"level":30,"time":1774382619497,"pid":1603455,"hostname":"TempleOfZyminx","from":{"q":1,"r":8},"to":{"q":0,"r":15},"msg":"findPath: no valid path found"}
{"level":30,"time":1774382619497,"pid":1603455,"hostname":"TempleOfZyminx","from":{"q":1,"r":8},"to":{"q":0,"r":16},"msg":"findPath: no valid path found"}
{"level":30,"time":1774382619497,"pid":1603455,"hostname":"TempleOfZyminx","from":{"q":1,"r":8},"to":{"q":0,"r":17},"msg":"findPath: no valid path found"}
{"level":30,"time":1774382619497,"pid":1603455,"hostname":"TempleOfZyminx","from":{"q":1,"r":8},"to":{"q":0,"r":18},"msg":"findPath: no valid path found"}
{"level":30,"time":1774382619497,"pid":1603455,"hostname":"TempleOfZyminx","from":{"q":1,"r":8},"to":{"q":0,"r":19},"msg":"findPath: no valid path found"}
{"level":30,"time":1774382619497,"pid":1603455,"hostname":"TempleOfZyminx","from":{"q":1,"r":8},"to":{"q":0,"r":20},"msg":"findPath: no valid path found"}
{"level":30,"time":1774382619497,"pid":1603455,"hostname":"TempleOfZyminx","from":{"q":1,"r":8},"to":{"q":0,"r":21},"msg":"findPath: no valid path found"}
{"level":30,"time":1774382619498,"pid":1603455,"hostname":"TempleOfZyminx","from":{"q":1,"r":8},"to":{"q":1,"r":0},"msg":"findPath: no valid path found"}
{"level":30,"time":1774382619498,"pid":1603455,"hostname":"TempleOfZyminx","from":{"q":1,"r":8},"to":{"q":1,"r":1},"msg":"findPath: no valid path found"}
{"level":30,"time":1774382619498,"pid":1603455,"hostname":"TempleOfZyminx","from":{"q":1,"r":8},"to":{"q":1,"r":2},"msg":"findPath: no valid path found"}
{"level":30,"time":1774382619498,"pid":1603455,"hostname":"TempleOfZyminx","from":{"q":1,"r":8},"to":{"q":1,"r":3},"msg":"findPath: no valid path found"}
{"level":30,"time":1774382619498,"pid":1603455,"hostname":"TempleOfZyminx","from":{"q":1,"r":8},"to":{"q":1,"r":4},"msg":"findPath: no valid path found"}
{"level":30,"time":1774382619498,"pid":1603455,"hostname":"TempleOfZyminx","from":{"q":1,"r":8},"to":{"q":1,"r":12},"msg":"findPath: no valid path found"}
{"level":30,"time":1774382619498,"pid":1603455,"hostname":"TempleOfZyminx","from":{"q":1,"r":8},"to":{"q":1,"r":13},"msg":"findPath: no valid path found"}
{"level":30,"time":1774382619498,"pid":1603455,"hostname":"TempleOfZyminx","from":{"q":1,"r":8},"to":{"q":1,"r":14},"msg":"findPath: no valid path found"}
{"level":30,"time":1774382619498,"pid":1603455,"hostname":"TempleOfZyminx","from":{"q":1,"r":8},"to":{"q":1,"r":15},"msg":"findPath: no valid path found"}
{"level":30,"time":1774382619498,"pid":1603455,"hostname":"TempleOfZyminx","from":{"q":1,"r":8},"to":{"q":1,"r":16},"msg":"findPath: no valid path found"}
{"level":30,"time":1774382619498,"pid":1603455,"hostname":"TempleOfZyminx","from":{"q":1,"r":8},"to":{"q":1,"r":17},"msg":"findPath: no valid path found"}
{"level":30,"time":1774382619498,"pid":1603455,"hostname":"TempleOfZyminx","from":{"q":1,"r":8},"to":{"q":1,"r":18},"msg":"findPath: no valid path found"}
{"level":30,"time":1774382619498,"pid":1603455,"hostname":"TempleOfZyminx","from":{"q":1,"r":8},"to":{"q":1,"r":19},"msg":"findPath: no valid path found"}
{"level":30,"time":1774382619498,"pid":1603455,"hostname":"TempleOfZyminx","from":{"q":1,"r":8},"to":{"q":1,"r":20},"msg":"findPath: no valid path found"}
{"level":30,"time":1774382619498,"pid":1603455,"hostname":"TempleOfZyminx","from":{"q":1,"r":8},"to":{"q":1,"r":21},"msg":"findPath: no valid path found"}
{"level":30,"time":1774382619498,"pid":1603455,"hostname":"TempleOfZyminx","from":{"q":1,"r":8},"to":{"q":2,"r":0},"msg":"findPath: no valid path found"}
{"level":30,"time":1774382619498,"pid":1603455,"hostname":"TempleOfZyminx","from":{"q":1,"r":8},"to":{"q":2,"r":1},"msg":"findPath: no valid path found"}
{"level":30,"time":1774382619498,"pid":1603455,"hostname":"TempleOfZyminx","from":{"q":1,"r":8},"to":{"q":2,"r":2},"msg":"findPath: no valid path found"}
{"level":30,"time":1774382619498,"pid":1603455,"hostname":"TempleOfZyminx","from":{"q":1,"r":8},"to":{"q":2,"r":3},"msg":"findPath: no valid path found"}
{"level":30,"time":1774382619498,"pid":1603455,"hostname":"TempleOfZyminx","from":{"q":1,"r":8},"to":{"q":2,"r":4},"msg":"findPath: no valid path found"}
{"level":30,"time":1774382619498,"pid":1603455,"hostname":"TempleOfZyminx","from":{"q":1,"r":8},"to":{"q":2,"r":11},"msg":"findPath: no valid path found"}
{"level":30,"time":1774382619498,"pid":1603455,"hostname":"TempleOfZyminx","from":{"q":1,"r":8},"to":{"q":2,"r":12},"msg":"findPath: no valid path found"}
{"level":30,"time":1774382619498,"pid":1603455,"hostname":"TempleOfZyminx","from":{"q":1,"r":8},"to":{"q":2,"r":13},"msg":"findPath: no valid path found"}
{"level":30,"time":1774382619498,"pid":1603455,"hostname":"TempleOfZyminx","from":{"q":1,"r":8},"to":{"q":2,"r":14},"msg":"findPath: no valid path found"}
{"level":30,"time":1774382619499,"pid":1603455,"hostname":"TempleOfZyminx","from":{"q":1,"r":8},"to":{"q":2,"r":15},"msg":"findPath: no valid path found"}
{"level":30,"time":1774382619499,"pid":1603455,"hostname":"TempleOfZyminx","from":{"q":1,"r":8},"to":{"q":2,"r":16},"msg":"findPath: no valid path found"}
{"level":30,"time":1774382619499,"pid":1603455,"hostname":"TempleOfZyminx","from":{"q":1,"r":8},"to":{"q":2,"r":17},"msg":"findPath: no valid path found"}
{"level":30,"time":1774382619499,"pid":1603455,"hostname":"TempleOfZyminx","from":{"q":1,"r":8},"to":{"q":2,"r":18},"msg":"findPath: no valid path found"}
{"level":30,"time":1774382619499,"pid":1603455,"hostname":"TempleOfZyminx","from":{"q":1,"r":8},"to":{"q":2,"r":19},"msg":"findPath: no valid path found"}
{"level":30,"time":1774382619499,"pid":1603455,"hostname":"TempleOfZyminx","from":{"q":1,"r":8},"to":{"q":2,"r":20},"msg":"findPath: no valid path found"}
{"level":30,"time":1774382619499,"pid":1603455,"hostname":"TempleOfZyminx","from":{"q":1,"r":8},"to":{"q":2,"r":21},"msg":"findPath: no valid path found"}
{"level":30,"time":1774382619499,"pid":1603455,"hostname":"TempleOfZyminx","from":{"q":1,"r":8},"to":{"q":3,"r":0},"msg":"findPath: no valid path found"}
{"level":30,"time":1774382619499,"pid":1603455,"hostname":"TempleOfZyminx","from":{"q":1,"r":8},"to":{"q":3,"r":1},"msg":"findPath: no valid path found"}
{"level":30,"time":1774382619499,"pid":1603455,"hostname":"TempleOfZyminx","from":{"q":1,"r":8},"to":{"q":3,"r":2},"msg":"findPath: no valid path found"}
{"level":30,"time":1774382619499,"pid":1603455,"hostname":"TempleOfZyminx","from":{"q":1,"r":8},"to":{"q":3,"r":3},"msg":"findPath: no valid path found"}
{"level":30,"time":1774382619499,"pid":1603455,"hostname":"TempleOfZyminx","from":{"q":1,"r":8},"to":{"q":3,"r":4},"msg":"findPath: no valid path found"}
{"level":30,"time":1774382619499,"pid":1603455,"hostname":"TempleOfZyminx","from":{"q":1,"r":8},"to":{"q":3,"r":8},"msg":"findPath: no valid path found"}
{"level":30,"time":1774382619499,"pid":1603455,"hostname":"TempleOfZyminx","from":{"q":1,"r":8},"to":{"q":3,"r":10},"msg":"findPath: no valid path found"}
{"level":30,"time":1774382619499,"pid":1603455,"hostname":"TempleOfZyminx","from":{"q":1,"r":8},"to":{"q":3,"r":11},"msg":"findPath: no valid path found"}
{"level":30,"time":1774382619499,"pid":1603455,"hostname":"TempleOfZyminx","from":{"q":1,"r":8},"to":{"q":3,"r":12},"msg":"findPath: no valid path found"}
{"level":30,"time":1774382619499,"pid":1603455,"hostname":"TempleOfZyminx","from":{"q":1,"r":8},"to":{"q":3,"r":13},"msg":"findPath: no valid path found"}
{"level":30,"time":1774382619499,"pid":1603455,"hostname":"TempleOfZyminx","from":{"q":1,"r":8},"to":{"q":3,"r":14},"msg":"findPath: no valid path found"}
{"level":30,"time":1774382619499,"pid":1603455,"hostname":"TempleOfZyminx","from":{"q":1,"r":8},"to":{"q":3,"r":15},"msg":"findPath: no valid path found"}
{"level":30,"time":1774382619499,"pid":1603455,"hostname":"TempleOfZyminx","from":{"q":1,"r":8},"to":{"q":3,"r":16},"msg":"findPath: no valid path found"}
{"level":30,"time":1774382619499,"pid":1603455,"hostname":"TempleOfZyminx","from":{"q":1,"r":8},"to":{"q":3,"r":17},"msg":"findPath: no valid path found"}
{"level":30,"time":1774382619499,"pid":1603455,"hostname":"TempleOfZyminx","from":{"q":1,"r":8},"to":{"q":3,"r":18},"msg":"findPath: no valid path found"}
{"level":30,"time":1774382619499,"pid":1603455,"hostname":"TempleOfZyminx","from":{"q":1,"r":8},"to":{"q":3,"r":19},"msg":"findPath: no valid path found"}
{"level":30,"time":1774382619499,"pid":1603455,"hostname":"TempleOfZyminx","from":{"q":1,"r":8},"to":{"q":3,"r":20},"msg":"findPath: no valid path found"}
{"level":30,"time":1774382619499,"pid":1603455,"hostname":"TempleOfZyminx","from":{"q":1,"r":8},"to":{"q":3,"r":21},"msg":"findPath: no valid path found"}
{"level":30,"time":1774382619499,"pid":1603455,"hostname":"TempleOfZyminx","from":{"q":1,"r":8},"to":{"q":4,"r":0},"msg":"findPath: no valid path found"}
{"level":30,"time":1774382619499,"pid":1603455,"hostname":"TempleOfZyminx","from":{"q":1,"r":8},"to":{"q":4,"r":1},"msg":"findPath: no valid path found"}
{"level":30,"time":1774382619499,"pid":1603455,"hostname":"TempleOfZyminx","from":{"q":1,"r":8},"to":{"q":4,"r":2},"msg":"findPath: no valid path found"}
{"level":30,"time":1774382619499,"pid":1603455,"hostname":"TempleOfZyminx","from":{"q":1,"r":8},"to":{"q":4,"r":3},"msg":"findPath: no valid path found"}
{"level":30,"time":1774382619499,"pid":1603455,"hostname":"TempleOfZyminx","from":{"q":1,"r":8},"to":{"q":4,"r":4},"msg":"findPath: no valid path found"}
{"level":30,"time":1774382619490,"pid":1603593,"hostname":"TempleOfZyminx","from":{"q":4,"r":6},"to":{"q":11,"r":7},"msg":"findPath: no valid path found"}
{"level":30,"time":1774382619494,"pid":1603593,"hostname":"TempleOfZyminx","from":{"q":4,"r":6},"to":{"q":11,"r":8},"msg":"findPath: no valid path found"}
{"level":30,"time":1774382619495,"pid":1603593,"hostname":"TempleOfZyminx","from":{"q":4,"r":6},"to":{"q":11,"r":9},"msg":"findPath: no valid path found"}
{"level":30,"time":1774382619495,"pid":1603593,"hostname":"TempleOfZyminx","from":{"q":4,"r":6},"to":{"q":11,"r":10},"msg":"findPath: no valid path found"}
{"level":30,"time":1774382619495,"pid":1603593,"hostname":"TempleOfZyminx","from":{"q":4,"r":6},"to":{"q":11,"r":11},"msg":"findPath: no valid path found"}
{"level":30,"time":1774382619496,"pid":1603593,"hostname":"TempleOfZyminx","from":{"q":4,"r":6},"to":{"q":11,"r":12},"msg":"findPath: no valid path found"}
{"level":30,"time":1774382619496,"pid":1603593,"hostname":"TempleOfZyminx","from":{"q":4,"r":6},"to":{"q":11,"r":13},"msg":"findPath: no valid path found"}
{"level":30,"time":1774382619496,"pid":1603593,"hostname":"TempleOfZyminx","from":{"q":4,"r":6},"to":{"q":11,"r":14},"msg":"findPath: no valid path found"}
{"level":30,"time":1774382619496,"pid":1603593,"hostname":"TempleOfZyminx","from":{"q":4,"r":6},"to":{"q":11,"r":15},"msg":"findPath: no valid path found"}
{"level":30,"time":1774382619496,"pid":1603593,"hostname":"TempleOfZyminx","from":{"q":4,"r":6},"to":{"q":11,"r":16},"msg":"findPath: no valid path found"}
{"level":30,"time":1774382619496,"pid":1603593,"hostname":"TempleOfZyminx","from":{"q":4,"r":6},"to":{"q":11,"r":17},"msg":"findPath: no valid path found"}
{"level":30,"time":1774382619496,"pid":1603593,"hostname":"TempleOfZyminx","from":{"q":4,"r":6},"to":{"q":11,"r":18},"msg":"findPath: no valid path found"}
{"level":30,"time":1774382619497,"pid":1603593,"hostname":"TempleOfZyminx","from":{"q":4,"r":6},"to":{"q":11,"r":19},"msg":"findPath: no valid path found"}
{"level":30,"time":1774382619497,"pid":1603593,"hostname":"TempleOfZyminx","from":{"q":4,"r":6},"to":{"q":11,"r":20},"msg":"findPath: no valid path found"}
{"level":30,"time":1774382619497,"pid":1603593,"hostname":"TempleOfZyminx","from":{"q":4,"r":6},"to":{"q":11,"r":21},"msg":"findPath: no valid path found"}
{"level":30,"time":1774382619497,"pid":1603593,"hostname":"TempleOfZyminx","from":{"q":4,"r":6},"to":{"q":12,"r":0},"msg":"findPath: no valid path found"}
{"level":30,"time":1774382619497,"pid":1603593,"hostname":"TempleOfZyminx","from":{"q":4,"r":6},"to":{"q":12,"r":1},"msg":"findPath: no valid path found"}
{"level":30,"time":1774382619497,"pid":1603593,"hostname":"TempleOfZyminx","from":{"q":4,"r":6},"to":{"q":12,"r":2},"msg":"findPath: no valid path found"}
{"level":30,"time":1774382619497,"pid":1603593,"hostname":"TempleOfZyminx","from":{"q":4,"r":6},"to":{"q":12,"r":3},"msg":"findPath: no valid path found"}
{"level":30,"time":1774382619497,"pid":1603593,"hostname":"TempleOfZyminx","from":{"q":4,"r":6},"to":{"q":12,"r":4},"msg":"findPath: no valid path found"}
{"level":30,"time":1774382619498,"pid":1603593,"hostname":"TempleOfZyminx","from":{"q":4,"r":6},"to":{"q":12,"r":5},"msg":"findPath: no valid path found"}
{"level":30,"time":1774382619498,"pid":1603593,"hostname":"TempleOfZyminx","from":{"q":4,"r":6},"to":{"q":12,"r":6},"msg":"findPath: no valid path found"}
{"level":30,"time":1774382619498,"pid":1603593,"hostname":"TempleOfZyminx","from":{"q":4,"r":6},"to":{"q":12,"r":7},"msg":"findPath: no valid path found"}
{"level":30,"time":1774382619498,"pid":1603593,"hostname":"TempleOfZyminx","from":{"q":4,"r":6},"to":{"q":12,"r":8},"msg":"findPath: no valid path found"}
{"level":30,"time":1774382619499,"pid":1603593,"hostname":"TempleOfZyminx","from":{"q":4,"r":6},"to":{"q":12,"r":9},"msg":"findPath: no valid path found"}
{"level":30,"time":1774382619499,"pid":1603593,"hostname":"TempleOfZyminx","from":{"q":4,"r":6},"to":{"q":12,"r":10},"msg":"findPath: no valid path found"}
{"level":30,"time":1774382619499,"pid":1603593,"hostname":"TempleOfZyminx","from":{"q":4,"r":6},"to":{"q":12,"r":11},"msg":"findPath: no valid path found"}
{"level":30,"time":1774382619499,"pid":1603593,"hostname":"TempleOfZyminx","from":{"q":4,"r":6},"to":{"q":12,"r":12},"msg":"findPath: no valid path found"}
{"level":30,"time":1774382619499,"pid":1603593,"hostname":"TempleOfZyminx","from":{"q":4,"r":6},"to":{"q":12,"r":13},"msg":"findPath: no valid path found"}
{"level":30,"time":1774382619499,"pid":1603593,"hostname":"TempleOfZyminx","from":{"q":4,"r":6},"to":{"q":12,"r":14},"msg":"findPath: no valid path found"}
{"level":30,"time":1774382619499,"pid":1603593,"hostname":"TempleOfZyminx","from":{"q":4,"r":6},"to":{"q":12,"r":15},"msg":"findPath: no valid path found"}
{"level":30,"time":1774382619500,"pid":1603593,"hostname":"TempleOfZyminx","from":{"q":4,"r":6},"to":{"q":12,"r":16},"msg":"findPath: no valid path found"}
{"level":30,"time":1774382619500,"pid":1603593,"hostname":"TempleOfZyminx","from":{"q":4,"r":6},"to":{"q":12,"r":17},"msg":"findPath: no valid path found"}
{"level":30,"time":1774382619500,"pid":1603593,"hostname":"TempleOfZyminx","from":{"q":4,"r":6},"to":{"q":12,"r":18},"msg":"findPath: no valid path found"}
{"level":30,"time":1774382619500,"pid":1603593,"hostname":"TempleOfZyminx","from":{"q":4,"r":6},"to":{"q":12,"r":19},"msg":"findPath: no valid path found"}
{"level":30,"time":1774382619500,"pid":1603593,"hostname":"TempleOfZyminx","from":{"q":4,"r":6},"to":{"q":12,"r":20},"msg":"findPath: no valid path found"}
{"level":30,"time":1774382619500,"pid":1603593,"hostname":"TempleOfZyminx","from":{"q":4,"r":6},"to":{"q":12,"r":21},"msg":"findPath: no valid path found"}
{"level":30,"time":1774382619500,"pid":1603593,"hostname":"TempleOfZyminx","from":{"q":4,"r":6},"to":{"q":13,"r":0},"msg":"findPath: no valid path found"}
{"level":30,"time":1774382619500,"pid":1603455,"hostname":"TempleOfZyminx","from":{"q":1,"r":8},"to":{"q":4,"r":8},"msg":"findPath: no valid path found"}
{"level":30,"time":1774382619500,"pid":1603455,"hostname":"TempleOfZyminx","from":{"q":1,"r":8},"to":{"q":4,"r":9},"msg":"findPath: no valid path found"}
{"level":30,"time":1774382619500,"pid":1603455,"hostname":"TempleOfZyminx","from":{"q":1,"r":8},"to":{"q":4,"r":10},"msg":"findPath: no valid path found"}
{"level":30,"time":1774382619500,"pid":1603455,"hostname":"TempleOfZyminx","from":{"q":1,"r":8},"to":{"q":4,"r":11},"msg":"findPath: no valid path found"}
{"level":30,"time":1774382619500,"pid":1603455,"hostname":"TempleOfZyminx","from":{"q":1,"r":8},"to":{"q":4,"r":12},"msg":"findPath: no valid path found"}
{"level":30,"time":1774382619500,"pid":1603455,"hostname":"TempleOfZyminx","from":{"q":1,"r":8},"to":{"q":4,"r":13},"msg":"findPath: no valid path found"}
{"level":30,"time":1774382619500,"pid":1603455,"hostname":"TempleOfZyminx","from":{"q":1,"r":8},"to":{"q":4,"r":14},"msg":"findPath: no valid path found"}
{"level":30,"time":1774382619500,"pid":1603455,"hostname":"TempleOfZyminx","from":{"q":1,"r":8},"to":{"q":4,"r":15},"msg":"findPath: no valid path found"}
{"level":30,"time":1774382619500,"pid":1603455,"hostname":"TempleOfZyminx","from":{"q":1,"r":8},"to":{"q":4,"r":16},"msg":"findPath: no valid path found"}
{"level":30,"time":1774382619500,"pid":1603455,"hostname":"TempleOfZyminx","from":{"q":1,"r":8},"to":{"q":4,"r":17},"msg":"findPath: no valid path found"}
{"level":30,"time":1774382619500,"pid":1603455,"hostname":"TempleOfZyminx","from":{"q":1,"r":8},"to":{"q":4,"r":18},"msg":"findPath: no valid path found"}
{"level":30,"time":1774382619500,"pid":1603455,"hostname":"TempleOfZyminx","from":{"q":1,"r":8},"to":{"q":4,"r":19},"msg":"findPath: no valid path found"}
{"level":30,"time":1774382619500,"pid":1603455,"hostname":"TempleOfZyminx","from":{"q":1,"r":8},"to":{"q":4,"r":20},"msg":"findPath: no valid path found"}
{"level":30,"time":1774382619500,"pid":1603455,"hostname":"TempleOfZyminx","from":{"q":1,"r":8},"to":{"q":4,"r":21},"msg":"findPath: no valid path found"}
{"level":30,"time":1774382619500,"pid":1603455,"hostname":"TempleOfZyminx","from":{"q":1,"r":8},"to":{"q":5,"r":0},"msg":"findPath: no valid path found"}
{"level":30,"time":1774382619500,"pid":1603455,"hostname":"TempleOfZyminx","from":{"q":1,"r":8},"to":{"q":5,"r":1},"msg":"findPath: no valid path found"}
{"level":30,"time":1774382619500,"pid":1603455,"hostname":"TempleOfZyminx","from":{"q":1,"r":8},"to":{"q":5,"r":2},"msg":"findPath: no valid path found"}
{"level":30,"time":1774382619500,"pid":1603455,"hostname":"TempleOfZyminx","from":{"q":1,"r":8},"to":{"q":5,"r":3},"msg":"findPath: no valid path found"}
{"level":30,"time":1774382619500,"pid":1603455,"hostname":"TempleOfZyminx","from":{"q":1,"r":8},"to":{"q":5,"r":4},"msg":"findPath: no valid path found"}
{"level":30,"time":1774382619500,"pid":1603455,"hostname":"TempleOfZyminx","from":{"q":1,"r":8},"to":{"q":5,"r":5},"msg":"findPath: no valid path found"}
{"level":30,"time":1774382619500,"pid":1603455,"hostname":"TempleOfZyminx","from":{"q":1,"r":8},"to":{"q":5,"r":6},"msg":"findPath: no valid path found"}
{"level":30,"time":1774382619500,"pid":1603455,"hostname":"TempleOfZyminx","from":{"q":1,"r":8},"to":{"q":5,"r":8},"msg":"findPath: no valid path found"}
{"level":30,"time":1774382619500,"pid":1603455,"hostname":"TempleOfZyminx","from":{"q":1,"r":8},"to":{"q":5,"r":9},"msg":"findPath: no valid path found"}
{"level":30,"time":1774382619500,"pid":1603455,"hostname":"TempleOfZyminx","from":{"q":1,"r":8},"to":{"q":5,"r":10},"msg":"findPath: no valid path found"}
{"level":30,"time":1774382619500,"pid":1603455,"hostname":"TempleOfZyminx","from":{"q":1,"r":8},"to":{"q":5,"r":11},"msg":"findPath: no valid path found"}
{"level":30,"time":1774382619500,"pid":1603455,"hostname":"TempleOfZyminx","from":{"q":1,"r":8},"to":{"q":5,"r":12},"msg":"findPath: no valid path found"}
{"level":30,"time":1774382619500,"pid":1603455,"hostname":"TempleOfZyminx","from":{"q":1,"r":8},"to":{"q":5,"r":13},"msg":"findPath: no valid path found"}
{"level":30,"time":1774382619500,"pid":1603455,"hostname":"TempleOfZyminx","from":{"q":1,"r":8},"to":{"q":5,"r":14},"msg":"findPath: no valid path found"}
{"level":30,"time":1774382619500,"pid":1603455,"hostname":"TempleOfZyminx","from":{"q":1,"r":8},"to":{"q":5,"r":15},"msg":"findPath: no valid path found"}
{"level":30,"time":1774382619500,"pid":1603455,"hostname":"TempleOfZyminx","from":{"q":1,"r":8},"to":{"q":5,"r":16},"msg":"findPath: no valid path found"}
{"level":30,"time":1774382619501,"pid":1603455,"hostname":"TempleOfZyminx","from":{"q":1,"r":8},"to":{"q":5,"r":17},"msg":"findPath: no valid path found"}
{"level":30,"time":1774382619501,"pid":1603455,"hostname":"TempleOfZyminx","from":{"q":1,"r":8},"to":{"q":5,"r":18},"msg":"findPath: no valid path found"}
{"level":30,"time":1774382619501,"pid":1603455,"hostname":"TempleOfZyminx","from":{"q":1,"r":8},"to":{"q":5,"r":19},"msg":"findPath: no valid path found"}
{"level":30,"time":1774382619501,"pid":1603455,"hostname":"TempleOfZyminx","from":{"q":1,"r":8},"to":{"q":5,"r":20},"msg":"findPath: no valid path found"}
{"level":30,"time":1774382619501,"pid":1603455,"hostname":"TempleOfZyminx","from":{"q":1,"r":8},"to":{"q":5,"r":21},"msg":"findPath: no valid path found"}
{"level":30,"time":1774382619501,"pid":1603455,"hostname":"TempleOfZyminx","from":{"q":1,"r":8},"to":{"q":6,"r":0},"msg":"findPath: no valid path found"}
{"level":30,"time":1774382619501,"pid":1603455,"hostname":"TempleOfZyminx","from":{"q":1,"r":8},"to":{"q":6,"r":1},"msg":"findPath: no valid path found"}
{"level":30,"time":1774382619501,"pid":1603455,"hostname":"TempleOfZyminx","from":{"q":1,"r":8},"to":{"q":6,"r":2},"msg":"findPath: no valid path found"}
{"level":30,"time":1774382619501,"pid":1603455,"hostname":"TempleOfZyminx","from":{"q":1,"r":8},"to":{"q":6,"r":3},"msg":"findPath: no valid path found"}
{"level":30,"time":1774382619501,"pid":1603455,"hostname":"TempleOfZyminx","from":{"q":1,"r":8},"to":{"q":6,"r":5},"msg":"findPath: no valid path found"}
{"level":30,"time":1774382619501,"pid":1603455,"hostname":"TempleOfZyminx","from":{"q":1,"r":8},"to":{"q":6,"r":6},"msg":"findPath: no valid path found"}
{"level":30,"time":1774382619501,"pid":1603455,"hostname":"TempleOfZyminx","from":{"q":1,"r":8},"to":{"q":6,"r":7},"msg":"findPath: no valid path found"}
{"level":30,"time":1774382619501,"pid":1603455,"hostname":"TempleOfZyminx","from":{"q":1,"r":8},"to":{"q":6,"r":8},"msg":"findPath: no valid path found"}
{"level":30,"time":1774382619501,"pid":1603455,"hostname":"TempleOfZyminx","from":{"q":1,"r":8},"to":{"q":6,"r":9},"msg":"findPath: no valid path found"}
{"level":30,"time":1774382619501,"pid":1603455,"hostname":"TempleOfZyminx","from":{"q":1,"r":8},"to":{"q":6,"r":10},"msg":"findPath: no valid path found"}
{"level":30,"time":1774382619501,"pid":1603455,"hostname":"TempleOfZyminx","from":{"q":1,"r":8},"to":{"q":6,"r":11},"msg":"findPath: no valid path found"}
{"level":30,"time":1774382619501,"pid":1603455,"hostname":"TempleOfZyminx","from":{"q":1,"r":8},"to":{"q":6,"r":12},"msg":"findPath: no valid path found"}
{"level":30,"time":1774382619501,"pid":1603455,"hostname":"TempleOfZyminx","from":{"q":1,"r":8},"to":{"q":6,"r":13},"msg":"findPath: no valid path found"}
{"level":30,"time":1774382619501,"pid":1603455,"hostname":"TempleOfZyminx","from":{"q":1,"r":8},"to":{"q":6,"r":14},"msg":"findPath: no valid path found"}
{"level":30,"time":1774382619500,"pid":1603593,"hostname":"TempleOfZyminx","from":{"q":4,"r":6},"to":{"q":13,"r":1},"msg":"findPath: no valid path found"}
{"level":30,"time":1774382619500,"pid":1603593,"hostname":"TempleOfZyminx","from":{"q":4,"r":6},"to":{"q":13,"r":2},"msg":"findPath: no valid path found"}
{"level":30,"time":1774382619501,"pid":1603593,"hostname":"TempleOfZyminx","from":{"q":4,"r":6},"to":{"q":13,"r":3},"msg":"findPath: no valid path found"}
{"level":30,"time":1774382619501,"pid":1603593,"hostname":"TempleOfZyminx","from":{"q":4,"r":6},"to":{"q":13,"r":4},"msg":"findPath: no valid path found"}
{"level":30,"time":1774382619501,"pid":1603593,"hostname":"TempleOfZyminx","from":{"q":4,"r":6},"to":{"q":13,"r":5},"msg":"findPath: no valid path found"}
{"level":30,"time":1774382619501,"pid":1603593,"hostname":"TempleOfZyminx","from":{"q":4,"r":6},"to":{"q":13,"r":6},"msg":"findPath: no valid path found"}
{"level":30,"time":1774382619501,"pid":1603593,"hostname":"TempleOfZyminx","from":{"q":4,"r":6},"to":{"q":13,"r":7},"msg":"findPath: no valid path found"}
{"level":30,"time":1774382619501,"pid":1603455,"hostname":"TempleOfZyminx","from":{"q":1,"r":8},"to":{"q":6,"r":15},"msg":"findPath: no valid path found"}
{"level":30,"time":1774382619501,"pid":1603455,"hostname":"TempleOfZyminx","from":{"q":1,"r":8},"to":{"q":6,"r":16},"msg":"findPath: no valid path found"}
{"level":30,"time":1774382619501,"pid":1603593,"hostname":"TempleOfZyminx","from":{"q":4,"r":6},"to":{"q":13,"r":8},"msg":"findPath: no valid path found"}
{"level":30,"time":1774382619501,"pid":1603455,"hostname":"TempleOfZyminx","from":{"q":1,"r":8},"to":{"q":6,"r":17},"msg":"findPath: no valid path found"}
{"level":30,"time":1774382619501,"pid":1603593,"hostname":"TempleOfZyminx","from":{"q":4,"r":6},"to":{"q":13,"r":9},"msg":"findPath: no valid path found"}
{"level":30,"time":1774382619501,"pid":1603455,"hostname":"TempleOfZyminx","from":{"q":1,"r":8},"to":{"q":6,"r":18},"msg":"findPath: no valid path found"}
{"level":30,"time":1774382619501,"pid":1603455,"hostname":"TempleOfZyminx","from":{"q":1,"r":8},"to":{"q":6,"r":19},"msg":"findPath: no valid path found"}
{"level":30,"time":1774382619501,"pid":1603593,"hostname":"TempleOfZyminx","from":{"q":4,"r":6},"to":{"q":13,"r":10},"msg":"findPath: no valid path found"}
{"level":30,"time":1774382619501,"pid":1603455,"hostname":"TempleOfZyminx","from":{"q":1,"r":8},"to":{"q":6,"r":20},"msg":"findPath: no valid path found"}
{"level":30,"time":1774382619501,"pid":1603455,"hostname":"TempleOfZyminx","from":{"q":1,"r":8},"to":{"q":6,"r":21},"msg":"findPath: no valid path found"}
{"level":30,"time":1774382619501,"pid":1603593,"hostname":"TempleOfZyminx","from":{"q":4,"r":6},"to":{"q":13,"r":11},"msg":"findPath: no valid path found"}
{"level":30,"time":1774382619501,"pid":1603455,"hostname":"TempleOfZyminx","from":{"q":1,"r":8},"to":{"q":7,"r":0},"msg":"findPath: no valid path found"}
{"level":30,"time":1774382619502,"pid":1603455,"hostname":"TempleOfZyminx","from":{"q":1,"r":8},"to":{"q":7,"r":1},"msg":"findPath: no valid path found"}
{"level":30,"time":1774382619502,"pid":1603593,"hostname":"TempleOfZyminx","from":{"q":4,"r":6},"to":{"q":13,"r":12},"msg":"findPath: no valid path found"}
{"level":30,"time":1774382619502,"pid":1603455,"hostname":"TempleOfZyminx","from":{"q":1,"r":8},"to":{"q":7,"r":2},"msg":"findPath: no valid path found"}
{"level":30,"time":1774382619502,"pid":1603455,"hostname":"TempleOfZyminx","from":{"q":1,"r":8},"to":{"q":7,"r":4},"msg":"findPath: no valid path found"}
{"level":30,"time":1774382619502,"pid":1603455,"hostname":"TempleOfZyminx","from":{"q":1,"r":8},"to":{"q":7,"r":5},"msg":"findPath: no valid path found"}
{"level":30,"time":1774382619502,"pid":1603593,"hostname":"TempleOfZyminx","from":{"q":4,"r":6},"to":{"q":13,"r":13},"msg":"findPath: no valid path found"}
{"level":30,"time":1774382619502,"pid":1603455,"hostname":"TempleOfZyminx","from":{"q":1,"r":8},"to":{"q":7,"r":6},"msg":"findPath: no valid path found"}
{"level":30,"time":1774382619502,"pid":1603455,"hostname":"TempleOfZyminx","from":{"q":1,"r":8},"to":{"q":7,"r":7},"msg":"findPath: no valid path found"}
{"level":30,"time":1774382619502,"pid":1603593,"hostname":"TempleOfZyminx","from":{"q":4,"r":6},"to":{"q":13,"r":14},"msg":"findPath: no valid path found"}
{"level":30,"time":1774382619502,"pid":1603455,"hostname":"TempleOfZyminx","from":{"q":1,"r":8},"to":{"q":7,"r":8},"msg":"findPath: no valid path found"}
{"level":30,"time":1774382619502,"pid":1603455,"hostname":"TempleOfZyminx","from":{"q":1,"r":8},"to":{"q":7,"r":9},"msg":"findPath: no valid path found"}
{"level":30,"time":1774382619502,"pid":1603593,"hostname":"TempleOfZyminx","from":{"q":4,"r":6},"to":{"q":13,"r":15},"msg":"findPath: no valid path found"}
{"level":30,"time":1774382619502,"pid":1603455,"hostname":"TempleOfZyminx","from":{"q":1,"r":8},"to":{"q":7,"r":10},"msg":"findPath: no valid path found"}
{"level":30,"time":1774382619502,"pid":1603455,"hostname":"TempleOfZyminx","from":{"q":1,"r":8},"to":{"q":7,"r":11},"msg":"findPath: no valid path found"}
{"level":30,"time":1774382619502,"pid":1603455,"hostname":"TempleOfZyminx","from":{"q":1,"r":8},"to":{"q":7,"r":12},"msg":"findPath: no valid path found"}
{"level":30,"time":1774382619502,"pid":1603593,"hostname":"TempleOfZyminx","from":{"q":4,"r":6},"to":{"q":13,"r":16},"msg":"findPath: no valid path found"}
{"level":30,"time":1774382619502,"pid":1603455,"hostname":"TempleOfZyminx","from":{"q":1,"r":8},"to":{"q":7,"r":13},"msg":"findPath: no valid path found"}
{"level":30,"time":1774382619502,"pid":1603455,"hostname":"TempleOfZyminx","from":{"q":1,"r":8},"to":{"q":7,"r":14},"msg":"findPath: no valid path found"}
{"level":30,"time":1774382619502,"pid":1603593,"hostname":"TempleOfZyminx","from":{"q":4,"r":6},"to":{"q":13,"r":17},"msg":"findPath: no valid path found"}
{"level":30,"time":1774382619502,"pid":1603455,"hostname":"TempleOfZyminx","from":{"q":1,"r":8},"to":{"q":7,"r":15},"msg":"findPath: no valid path found"}
{"level":30,"time":1774382619502,"pid":1603455,"hostname":"TempleOfZyminx","from":{"q":1,"r":8},"to":{"q":7,"r":16},"msg":"findPath: no valid path found"}
{"level":30,"time":1774382619502,"pid":1603593,"hostname":"TempleOfZyminx","from":{"q":4,"r":6},"to":{"q":13,"r":18},"msg":"findPath: no valid path found"}
{"level":30,"time":1774382619502,"pid":1603593,"hostname":"TempleOfZyminx","from":{"q":4,"r":6},"to":{"q":13,"r":19},"msg":"findPath: no valid path found"}
{"level":30,"time":1774382619502,"pid":1603455,"hostname":"TempleOfZyminx","from":{"q":1,"r":8},"to":{"q":7,"r":17},"msg":"findPath: no valid path found"}
{"level":30,"time":1774382619502,"pid":1603593,"hostname":"TempleOfZyminx","from":{"q":4,"r":6},"to":{"q":13,"r":20},"msg":"findPath: no valid path found"}
{"level":30,"time":1774382619502,"pid":1603593,"hostname":"TempleOfZyminx","from":{"q":4,"r":6},"to":{"q":13,"r":21},"msg":"findPath: no valid path found"}
{"level":30,"time":1774382619503,"pid":1603593,"hostname":"TempleOfZyminx","from":{"q":4,"r":6},"to":{"q":14,"r":0},"msg":"findPath: no valid path found"}
{"level":30,"time":1774382619503,"pid":1603593,"hostname":"TempleOfZyminx","from":{"q":4,"r":6},"to":{"q":14,"r":1},"msg":"findPath: no valid path found"}
{"level":30,"time":1774382619503,"pid":1603593,"hostname":"TempleOfZyminx","from":{"q":4,"r":6},"to":{"q":14,"r":2},"msg":"findPath: no valid path found"}
{"level":30,"time":1774382619503,"pid":1603593,"hostname":"TempleOfZyminx","from":{"q":4,"r":6},"to":{"q":14,"r":3},"msg":"findPath: no valid path found"}
{"level":30,"time":1774382619503,"pid":1603593,"hostname":"TempleOfZyminx","from":{"q":4,"r":6},"to":{"q":14,"r":4},"msg":"findPath: no valid path found"}
{"level":30,"time":1774382619503,"pid":1603593,"hostname":"TempleOfZyminx","from":{"q":4,"r":6},"to":{"q":14,"r":5},"msg":"findPath: no valid path found"}
{"level":30,"time":1774382619503,"pid":1603593,"hostname":"TempleOfZyminx","from":{"q":4,"r":6},"to":{"q":14,"r":6},"msg":"findPath: no valid path found"}
{"level":30,"time":1774382619503,"pid":1603593,"hostname":"TempleOfZyminx","from":{"q":4,"r":6},"to":{"q":14,"r":7},"msg":"findPath: no valid path found"}
{"level":30,"time":1774382619503,"pid":1603593,"hostname":"TempleOfZyminx","from":{"q":4,"r":6},"to":{"q":14,"r":8},"msg":"findPath: no valid path found"}
{"level":30,"time":1774382619503,"pid":1603593,"hostname":"TempleOfZyminx","from":{"q":4,"r":6},"to":{"q":14,"r":9},"msg":"findPath: no valid path found"}
{"level":30,"time":1774382619503,"pid":1603593,"hostname":"TempleOfZyminx","from":{"q":4,"r":6},"to":{"q":14,"r":10},"msg":"findPath: no valid path found"}
{"level":30,"time":1774382619503,"pid":1603593,"hostname":"TempleOfZyminx","from":{"q":4,"r":6},"to":{"q":14,"r":11},"msg":"findPath: no valid path found"}
{"level":30,"time":1774382619504,"pid":1603593,"hostname":"TempleOfZyminx","from":{"q":4,"r":6},"to":{"q":14,"r":12},"msg":"findPath: no valid path found"}
{"level":30,"time":1774382619504,"pid":1603593,"hostname":"TempleOfZyminx","from":{"q":4,"r":6},"to":{"q":14,"r":13},"msg":"findPath: no valid path found"}
{"level":30,"time":1774382619504,"pid":1603593,"hostname":"TempleOfZyminx","from":{"q":4,"r":6},"to":{"q":14,"r":14},"msg":"findPath: no valid path found"}
{"level":30,"time":1774382619504,"pid":1603593,"hostname":"TempleOfZyminx","from":{"q":4,"r":6},"to":{"q":14,"r":15},"msg":"findPath: no valid path found"}
{"level":30,"time":1774382619504,"pid":1603593,"hostname":"TempleOfZyminx","from":{"q":4,"r":6},"to":{"q":14,"r":16},"msg":"findPath: no valid path found"}
{"level":30,"time":1774382619504,"pid":1603593,"hostname":"TempleOfZyminx","from":{"q":4,"r":6},"to":{"q":14,"r":17},"msg":"findPath: no valid path found"}
{"level":30,"time":1774382619504,"pid":1603593,"hostname":"TempleOfZyminx","from":{"q":4,"r":6},"to":{"q":14,"r":18},"msg":"findPath: no valid path found"}
{"level":30,"time":1774382619504,"pid":1603593,"hostname":"TempleOfZyminx","from":{"q":4,"r":6},"to":{"q":14,"r":19},"msg":"findPath: no valid path found"}
{"level":30,"time":1774382619504,"pid":1603593,"hostname":"TempleOfZyminx","from":{"q":4,"r":6},"to":{"q":14,"r":20},"msg":"findPath: no valid path found"}
{"level":30,"time":1774382619504,"pid":1603593,"hostname":"TempleOfZyminx","from":{"q":4,"r":6},"to":{"q":14,"r":21},"msg":"findPath: no valid path found"}
{"level":30,"time":1774382619504,"pid":1603455,"hostname":"TempleOfZyminx","from":{"q":1,"r":8},"to":{"q":7,"r":18},"msg":"findPath: no valid path found"}
{"level":30,"time":1774382619505,"pid":1603455,"hostname":"TempleOfZyminx","from":{"q":1,"r":8},"to":{"q":7,"r":19},"msg":"findPath: no valid path found"}
{"level":30,"time":1774382619505,"pid":1603455,"hostname":"TempleOfZyminx","from":{"q":1,"r":8},"to":{"q":7,"r":20},"msg":"findPath: no valid path found"}
{"level":30,"time":1774382619505,"pid":1603455,"hostname":"TempleOfZyminx","from":{"q":1,"r":8},"to":{"q":7,"r":21},"msg":"findPath: no valid path found"}
{"level":30,"time":1774382619505,"pid":1603593,"hostname":"TempleOfZyminx","id":"65094b45-b3ae-473f-a304-c8e3a9953aa6","command":"MOVE","msg":"Submitting game action"}
{"level":30,"time":1774382619505,"pid":1603455,"hostname":"TempleOfZyminx","from":{"q":1,"r":8},"to":{"q":8,"r":0},"msg":"findPath: no valid path found"}
{"level":30,"time":1774382619505,"pid":1603455,"hostname":"TempleOfZyminx","from":{"q":1,"r":8},"to":{"q":8,"r":1},"msg":"findPath: no valid path found"}
{"level":30,"time":1774382619505,"pid":1603455,"hostname":"TempleOfZyminx","from":{"q":1,"r":8},"to":{"q":8,"r":2},"msg":"findPath: no valid path found"}
{"level":30,"time":1774382619505,"pid":1603593,"hostname":"TempleOfZyminx","gameId":"65094b45-b3ae-473f-a304-c8e3a9953aa6","unitId":"wolf-1","msg":"Processing MOVE command"}
{"level":30,"time":1774382619505,"pid":1603455,"hostname":"TempleOfZyminx","from":{"q":1,"r":8},"to":{"q":8,"r":3},"msg":"findPath: no valid path found"}
{"level":30,"time":1774382619505,"pid":1603455,"hostname":"TempleOfZyminx","from":{"q":1,"r":8},"to":{"q":8,"r":4},"msg":"findPath: no valid path found"}
{"level":30,"time":1774382619505,"pid":1603455,"hostname":"TempleOfZyminx","from":{"q":1,"r":8},"to":{"q":8,"r":5},"msg":"findPath: no valid path found"}
{"level":30,"time":1774382619505,"pid":1603455,"hostname":"TempleOfZyminx","from":{"q":1,"r":8},"to":{"q":8,"r":6},"msg":"findPath: no valid path found"}
{"level":30,"time":1774382619505,"pid":1603455,"hostname":"TempleOfZyminx","from":{"q":1,"r":8},"to":{"q":8,"r":7},"msg":"findPath: no valid path found"}
{"level":30,"time":1774382619505,"pid":1603455,"hostname":"TempleOfZyminx","from":{"q":1,"r":8},"to":{"q":8,"r":8},"msg":"findPath: no valid path found"}
{"level":30,"time":1774382619505,"pid":1603455,"hostname":"TempleOfZyminx","from":{"q":1,"r":8},"to":{"q":8,"r":9},"msg":"findPath: no valid path found"}
{"level":30,"time":1774382619505,"pid":1603455,"hostname":"TempleOfZyminx","from":{"q":1,"r":8},"to":{"q":8,"r":10},"msg":"findPath: no valid path found"}
{"level":30,"time":1774382619505,"pid":1603455,"hostname":"TempleOfZyminx","from":{"q":1,"r":8},"to":{"q":8,"r":11},"msg":"findPath: no valid path found"}
{"level":30,"time":1774382619505,"pid":1603455,"hostname":"TempleOfZyminx","from":{"q":1,"r":8},"to":{"q":8,"r":12},"msg":"findPath: no valid path found"}
{"level":30,"time":1774382619505,"pid":1603455,"hostname":"TempleOfZyminx","from":{"q":1,"r":8},"to":{"q":8,"r":13},"msg":"findPath: no valid path found"}
{"level":30,"time":1774382619506,"pid":1603455,"hostname":"TempleOfZyminx","from":{"q":1,"r":8},"to":{"q":8,"r":14},"msg":"findPath: no valid path found"}
{"level":30,"time":1774382619506,"pid":1603455,"hostname":"TempleOfZyminx","from":{"q":1,"r":8},"to":{"q":8,"r":15},"msg":"findPath: no valid path found"}
{"level":30,"time":1774382619506,"pid":1603455,"hostname":"TempleOfZyminx","from":{"q":1,"r":8},"to":{"q":8,"r":16},"msg":"findPath: no valid path found"}
{"level":30,"time":1774382619506,"pid":1603455,"hostname":"TempleOfZyminx","from":{"q":1,"r":8},"to":{"q":8,"r":17},"msg":"findPath: no valid path found"}
{"level":30,"time":1774382619506,"pid":1603455,"hostname":"TempleOfZyminx","from":{"q":1,"r":8},"to":{"q":8,"r":18},"msg":"findPath: no valid path found"}
{"level":30,"time":1774382619506,"pid":1603455,"hostname":"TempleOfZyminx","from":{"q":1,"r":8},"to":{"q":8,"r":19},"msg":"findPath: no valid path found"}
{"level":30,"time":1774382619506,"pid":1603455,"hostname":"TempleOfZyminx","from":{"q":1,"r":8},"to":{"q":8,"r":20},"msg":"findPath: no valid path found"}
{"level":30,"time":1774382619506,"pid":1603455,"hostname":"TempleOfZyminx","from":{"q":1,"r":8},"to":{"q":8,"r":21},"msg":"findPath: no valid path found"}
{"level":30,"time":1774382619506,"pid":1603455,"hostname":"TempleOfZyminx","from":{"q":1,"r":8},"to":{"q":9,"r":0},"msg":"findPath: no valid path found"}
{"level":30,"time":1774382619506,"pid":1603455,"hostname":"TempleOfZyminx","from":{"q":1,"r":8},"to":{"q":9,"r":1},"msg":"findPath: no valid path found"}
{"level":30,"time":1774382619506,"pid":1603455,"hostname":"TempleOfZyminx","from":{"q":1,"r":8},"to":{"q":9,"r":2},"msg":"findPath: no valid path found"}
{"level":30,"time":1774382619506,"pid":1603455,"hostname":"TempleOfZyminx","from":{"q":1,"r":8},"to":{"q":9,"r":3},"msg":"findPath: no valid path found"}
{"level":30,"time":1774382619506,"pid":1603455,"hostname":"TempleOfZyminx","from":{"q":1,"r":8},"to":{"q":9,"r":4},"msg":"findPath: no valid path found"}
{"level":30,"time":1774382619506,"pid":1603455,"hostname":"TempleOfZyminx","from":{"q":1,"r":8},"to":{"q":9,"r":5},"msg":"findPath: no valid path found"}
{"level":30,"time":1774382619506,"pid":1603593,"hostname":"TempleOfZyminx","id":"65094b45-b3ae-473f-a304-c8e3a9953aa6","msg":"Fetching game state"}
{"level":30,"time":1774382619507,"pid":1603455,"hostname":"TempleOfZyminx","from":{"q":1,"r":8},"to":{"q":9,"r":6},"msg":"findPath: no valid path found"}
{"level":30,"time":1774382619507,"pid":1603455,"hostname":"TempleOfZyminx","from":{"q":1,"r":8},"to":{"q":9,"r":7},"msg":"findPath: no valid path found"}
{"level":30,"time":1774382619507,"pid":1603455,"hostname":"TempleOfZyminx","from":{"q":1,"r":8},"to":{"q":9,"r":8},"msg":"findPath: no valid path found"}
{"level":30,"time":1774382619507,"pid":1603455,"hostname":"TempleOfZyminx","from":{"q":1,"r":8},"to":{"q":9,"r":9},"msg":"findPath: no valid path found"}
{"level":30,"time":1774382619507,"pid":1603455,"hostname":"TempleOfZyminx","from":{"q":1,"r":8},"to":{"q":9,"r":10},"msg":"findPath: no valid path found"}
{"level":30,"time":1774382619507,"pid":1603455,"hostname":"TempleOfZyminx","from":{"q":1,"r":8},"to":{"q":9,"r":11},"msg":"findPath: no valid path found"}
{"level":30,"time":1774382619507,"pid":1603455,"hostname":"TempleOfZyminx","from":{"q":1,"r":8},"to":{"q":9,"r":12},"msg":"findPath: no valid path found"}
{"level":30,"time":1774382619507,"pid":1603455,"hostname":"TempleOfZyminx","from":{"q":1,"r":8},"to":{"q":9,"r":13},"msg":"findPath: no valid path found"}
{"level":30,"time":1774382619508,"pid":1603455,"hostname":"TempleOfZyminx","from":{"q":1,"r":8},"to":{"q":9,"r":14},"msg":"findPath: no valid path found"}
{"level":30,"time":1774382619508,"pid":1603455,"hostname":"TempleOfZyminx","from":{"q":1,"r":8},"to":{"q":9,"r":15},"msg":"findPath: no valid path found"}
{"level":30,"time":1774382619508,"pid":1603455,"hostname":"TempleOfZyminx","from":{"q":1,"r":8},"to":{"q":9,"r":16},"msg":"findPath: no valid path found"}
{"level":30,"time":1774382619508,"pid":1603455,"hostname":"TempleOfZyminx","from":{"q":1,"r":8},"to":{"q":9,"r":17},"msg":"findPath: no valid path found"}
{"level":30,"time":1774382619508,"pid":1603455,"hostname":"TempleOfZyminx","from":{"q":1,"r":8},"to":{"q":9,"r":18},"msg":"findPath: no valid path found"}
{"level":30,"time":1774382619508,"pid":1603455,"hostname":"TempleOfZyminx","from":{"q":1,"r":8},"to":{"q":9,"r":19},"msg":"findPath: no valid path found"}
{"level":30,"time":1774382619508,"pid":1603455,"hostname":"TempleOfZyminx","from":{"q":1,"r":8},"to":{"q":9,"r":20},"msg":"findPath: no valid path found"}
{"level":30,"time":1774382619507,"pid":1603593,"hostname":"TempleOfZyminx","id":"65094b45-b3ae-473f-a304-c8e3a9953aa6","command":"END_PHASE","msg":"Submitting game action"}
{"level":30,"time":1774382619507,"pid":1603593,"hostname":"TempleOfZyminx","gameId":"65094b45-b3ae-473f-a304-c8e3a9953aa6","phase":"GEV_SECOND_MOVE","msg":"Advancing phase"}
{"level":30,"time":1774382619507,"pid":1603593,"hostname":"TempleOfZyminx","phase":"GEV_SECOND_MOVE","turnNumber":1,"msg":"Advancing phase in engine"}
{"level":30,"time":1774382619508,"pid":1603593,"hostname":"TempleOfZyminx","id":"65094b45-b3ae-473f-a304-c8e3a9953aa6","msg":"Fetching game state"}
{"level":30,"time":1774382619509,"pid":1603455,"hostname":"TempleOfZyminx","from":{"q":1,"r":8},"to":{"q":9,"r":21},"msg":"findPath: no valid path found"}
{"level":30,"time":1774382619509,"pid":1603455,"hostname":"TempleOfZyminx","from":{"q":1,"r":8},"to":{"q":10,"r":0},"msg":"findPath: no valid path found"}
{"level":30,"time":1774382619509,"pid":1603455,"hostname":"TempleOfZyminx","from":{"q":1,"r":8},"to":{"q":10,"r":1},"msg":"findPath: no valid path found"}
{"level":30,"time":1774382619509,"pid":1603455,"hostname":"TempleOfZyminx","from":{"q":1,"r":8},"to":{"q":10,"r":2},"msg":"findPath: no valid path found"}
{"level":30,"time":1774382619509,"pid":1603455,"hostname":"TempleOfZyminx","from":{"q":1,"r":8},"to":{"q":10,"r":3},"msg":"findPath: no valid path found"}
{"level":30,"time":1774382619509,"pid":1603455,"hostname":"TempleOfZyminx","from":{"q":1,"r":8},"to":{"q":10,"r":4},"msg":"findPath: no valid path found"}
{"level":30,"time":1774382619509,"pid":1603455,"hostname":"TempleOfZyminx","from":{"q":1,"r":8},"to":{"q":10,"r":5},"msg":"findPath: no valid path found"}
{"level":30,"time":1774382619509,"pid":1603455,"hostname":"TempleOfZyminx","from":{"q":1,"r":8},"to":{"q":10,"r":6},"msg":"findPath: no valid path found"}
{"level":30,"time":1774382619509,"pid":1603455,"hostname":"TempleOfZyminx","from":{"q":1,"r":8},"to":{"q":10,"r":7},"msg":"findPath: no valid path found"}
{"level":30,"time":1774382619509,"pid":1603455,"hostname":"TempleOfZyminx","from":{"q":1,"r":8},"to":{"q":10,"r":8},"msg":"findPath: no valid path found"}
{"level":30,"time":1774382619509,"pid":1603455,"hostname":"TempleOfZyminx","from":{"q":1,"r":8},"to":{"q":10,"r":9},"msg":"findPath: no valid path found"}
{"level":30,"time":1774382619509,"pid":1603455,"hostname":"TempleOfZyminx","from":{"q":1,"r":8},"to":{"q":10,"r":10},"msg":"findPath: no valid path found"}
{"level":30,"time":1774382619510,"pid":1603455,"hostname":"TempleOfZyminx","from":{"q":1,"r":8},"to":{"q":10,"r":11},"msg":"findPath: no valid path found"}
{"level":30,"time":1774382619510,"pid":1603455,"hostname":"TempleOfZyminx","from":{"q":1,"r":8},"to":{"q":10,"r":12},"msg":"findPath: no valid path found"}
{"level":30,"time":1774382619510,"pid":1603455,"hostname":"TempleOfZyminx","from":{"q":1,"r":8},"to":{"q":10,"r":13},"msg":"findPath: no valid path found"}
{"level":30,"time":1774382619510,"pid":1603455,"hostname":"TempleOfZyminx","from":{"q":1,"r":8},"to":{"q":10,"r":14},"msg":"findPath: no valid path found"}
{"level":30,"time":1774382619510,"pid":1603455,"hostname":"TempleOfZyminx","from":{"q":1,"r":8},"to":{"q":10,"r":15},"msg":"findPath: no valid path found"}
{"level":30,"time":1774382619510,"pid":1603455,"hostname":"TempleOfZyminx","from":{"q":1,"r":8},"to":{"q":10,"r":16},"msg":"findPath: no valid path found"}
{"level":30,"time":1774382619510,"pid":1603455,"hostname":"TempleOfZyminx","from":{"q":1,"r":8},"to":{"q":10,"r":17},"msg":"findPath: no valid path found"}
{"level":30,"time":1774382619510,"pid":1603455,"hostname":"TempleOfZyminx","from":{"q":1,"r":8},"to":{"q":10,"r":18},"msg":"findPath: no valid path found"}
{"level":30,"time":1774382619510,"pid":1603455,"hostname":"TempleOfZyminx","from":{"q":1,"r":8},"to":{"q":10,"r":19},"msg":"findPath: no valid path found"}
{"level":30,"time":1774382619510,"pid":1603455,"hostname":"TempleOfZyminx","from":{"q":1,"r":8},"to":{"q":10,"r":20},"msg":"findPath: no valid path found"}
{"level":30,"time":1774382619510,"pid":1603455,"hostname":"TempleOfZyminx","from":{"q":1,"r":8},"to":{"q":10,"r":21},"msg":"findPath: no valid path found"}
{"level":30,"time":1774382619510,"pid":1603455,"hostname":"TempleOfZyminx","from":{"q":1,"r":8},"to":{"q":11,"r":0},"msg":"findPath: no valid path found"}
{"level":30,"time":1774382619510,"pid":1603455,"hostname":"TempleOfZyminx","from":{"q":1,"r":8},"to":{"q":11,"r":1},"msg":"findPath: no valid path found"}
{"level":30,"time":1774382619510,"pid":1603455,"hostname":"TempleOfZyminx","from":{"q":1,"r":8},"to":{"q":11,"r":2},"msg":"findPath: no valid path found"}
{"level":30,"time":1774382619510,"pid":1603455,"hostname":"TempleOfZyminx","from":{"q":1,"r":8},"to":{"q":11,"r":3},"msg":"findPath: no valid path found"}
{"level":30,"time":1774382619510,"pid":1603455,"hostname":"TempleOfZyminx","from":{"q":1,"r":8},"to":{"q":11,"r":4},"msg":"findPath: no valid path found"}
{"level":30,"time":1774382619510,"pid":1603455,"hostname":"TempleOfZyminx","from":{"q":1,"r":8},"to":{"q":11,"r":5},"msg":"findPath: no valid path found"}
{"level":30,"time":1774382619510,"pid":1603455,"hostname":"TempleOfZyminx","from":{"q":1,"r":8},"to":{"q":11,"r":6},"msg":"findPath: no valid path found"}
{"level":30,"time":1774382619510,"pid":1603455,"hostname":"TempleOfZyminx","from":{"q":1,"r":8},"to":{"q":11,"r":7},"msg":"findPath: no valid path found"}
{"level":30,"time":1774382619510,"pid":1603455,"hostname":"TempleOfZyminx","from":{"q":1,"r":8},"to":{"q":11,"r":8},"msg":"findPath: no valid path found"}
{"level":30,"time":1774382619510,"pid":1603455,"hostname":"TempleOfZyminx","from":{"q":1,"r":8},"to":{"q":11,"r":9},"msg":"findPath: no valid path found"}
{"level":30,"time":1774382619511,"pid":1603455,"hostname":"TempleOfZyminx","from":{"q":1,"r":8},"to":{"q":11,"r":10},"msg":"findPath: no valid path found"}
{"level":30,"time":1774382619511,"pid":1603455,"hostname":"TempleOfZyminx","from":{"q":1,"r":8},"to":{"q":11,"r":11},"msg":"findPath: no valid path found"}
{"level":30,"time":1774382619511,"pid":1603455,"hostname":"TempleOfZyminx","from":{"q":1,"r":8},"to":{"q":11,"r":12},"msg":"findPath: no valid path found"}
{"level":30,"time":1774382619511,"pid":1603455,"hostname":"TempleOfZyminx","from":{"q":1,"r":8},"to":{"q":11,"r":13},"msg":"findPath: no valid path found"}
{"level":30,"time":1774382619511,"pid":1603455,"hostname":"TempleOfZyminx","from":{"q":1,"r":8},"to":{"q":11,"r":14},"msg":"findPath: no valid path found"}
{"level":30,"time":1774382619511,"pid":1603455,"hostname":"TempleOfZyminx","from":{"q":1,"r":8},"to":{"q":11,"r":15},"msg":"findPath: no valid path found"}
{"level":30,"time":1774382619511,"pid":1603455,"hostname":"TempleOfZyminx","from":{"q":1,"r":8},"to":{"q":11,"r":16},"msg":"findPath: no valid path found"}
{"level":30,"time":1774382619511,"pid":1603455,"hostname":"TempleOfZyminx","from":{"q":1,"r":8},"to":{"q":11,"r":17},"msg":"findPath: no valid path found"}
{"level":30,"time":1774382619511,"pid":1603455,"hostname":"TempleOfZyminx","from":{"q":1,"r":8},"to":{"q":11,"r":18},"msg":"findPath: no valid path found"}
{"level":30,"time":1774382619511,"pid":1603455,"hostname":"TempleOfZyminx","from":{"q":1,"r":8},"to":{"q":11,"r":19},"msg":"findPath: no valid path found"}
{"level":30,"time":1774382619511,"pid":1603455,"hostname":"TempleOfZyminx","from":{"q":1,"r":8},"to":{"q":11,"r":20},"msg":"findPath: no valid path found"}
{"level":30,"time":1774382619511,"pid":1603455,"hostname":"TempleOfZyminx","from":{"q":1,"r":8},"to":{"q":11,"r":21},"msg":"findPath: no valid path found"}
{"level":30,"time":1774382619511,"pid":1603455,"hostname":"TempleOfZyminx","from":{"q":1,"r":8},"to":{"q":12,"r":0},"msg":"findPath: no valid path found"}
{"level":30,"time":1774382619511,"pid":1603455,"hostname":"TempleOfZyminx","from":{"q":1,"r":8},"to":{"q":12,"r":1},"msg":"findPath: no valid path found"}
{"level":30,"time":1774382619511,"pid":1603455,"hostname":"TempleOfZyminx","from":{"q":1,"r":8},"to":{"q":12,"r":2},"msg":"findPath: no valid path found"}
{"level":30,"time":1774382619511,"pid":1603455,"hostname":"TempleOfZyminx","from":{"q":1,"r":8},"to":{"q":12,"r":3},"msg":"findPath: no valid path found"}
{"level":30,"time":1774382619511,"pid":1603455,"hostname":"TempleOfZyminx","from":{"q":1,"r":8},"to":{"q":12,"r":4},"msg":"findPath: no valid path found"}
{"level":30,"time":1774382619511,"pid":1603455,"hostname":"TempleOfZyminx","from":{"q":1,"r":8},"to":{"q":12,"r":5},"msg":"findPath: no valid path found"}
{"level":30,"time":1774382619511,"pid":1603455,"hostname":"TempleOfZyminx","from":{"q":1,"r":8},"to":{"q":12,"r":6},"msg":"findPath: no valid path found"}
{"level":30,"time":1774382619511,"pid":1603455,"hostname":"TempleOfZyminx","from":{"q":1,"r":8},"to":{"q":12,"r":7},"msg":"findPath: no valid path found"}
{"level":30,"time":1774382619512,"pid":1603455,"hostname":"TempleOfZyminx","from":{"q":1,"r":8},"to":{"q":12,"r":8},"msg":"findPath: no valid path found"}
{"level":30,"time":1774382619512,"pid":1603455,"hostname":"TempleOfZyminx","from":{"q":1,"r":8},"to":{"q":12,"r":9},"msg":"findPath: no valid path found"}
{"level":30,"time":1774382619512,"pid":1603455,"hostname":"TempleOfZyminx","from":{"q":1,"r":8},"to":{"q":12,"r":10},"msg":"findPath: no valid path found"}
{"level":30,"time":1774382619512,"pid":1603455,"hostname":"TempleOfZyminx","from":{"q":1,"r":8},"to":{"q":12,"r":11},"msg":"findPath: no valid path found"}
{"level":30,"time":1774382619512,"pid":1603455,"hostname":"TempleOfZyminx","from":{"q":1,"r":8},"to":{"q":12,"r":12},"msg":"findPath: no valid path found"}
{"level":30,"time":1774382619512,"pid":1603455,"hostname":"TempleOfZyminx","from":{"q":1,"r":8},"to":{"q":12,"r":13},"msg":"findPath: no valid path found"}
{"level":30,"time":1774382619512,"pid":1603455,"hostname":"TempleOfZyminx","from":{"q":1,"r":8},"to":{"q":12,"r":14},"msg":"findPath: no valid path found"}
{"level":30,"time":1774382619512,"pid":1603455,"hostname":"TempleOfZyminx","from":{"q":1,"r":8},"to":{"q":12,"r":15},"msg":"findPath: no valid path found"}
{"level":30,"time":1774382619512,"pid":1603455,"hostname":"TempleOfZyminx","from":{"q":1,"r":8},"to":{"q":12,"r":16},"msg":"findPath: no valid path found"}
{"level":30,"time":1774382619512,"pid":1603455,"hostname":"TempleOfZyminx","from":{"q":1,"r":8},"to":{"q":12,"r":17},"msg":"findPath: no valid path found"}
{"level":30,"time":1774382619512,"pid":1603455,"hostname":"TempleOfZyminx","from":{"q":1,"r":8},"to":{"q":12,"r":18},"msg":"findPath: no valid path found"}
{"level":30,"time":1774382619512,"pid":1603455,"hostname":"TempleOfZyminx","from":{"q":1,"r":8},"to":{"q":12,"r":19},"msg":"findPath: no valid path found"}
{"level":30,"time":1774382619512,"pid":1603455,"hostname":"TempleOfZyminx","from":{"q":1,"r":8},"to":{"q":12,"r":20},"msg":"findPath: no valid path found"}
{"level":30,"time":1774382619512,"pid":1603455,"hostname":"TempleOfZyminx","from":{"q":1,"r":8},"to":{"q":12,"r":21},"msg":"findPath: no valid path found"}
{"level":30,"time":1774382619512,"pid":1603455,"hostname":"TempleOfZyminx","from":{"q":1,"r":8},"to":{"q":13,"r":0},"msg":"findPath: no valid path found"}
{"level":30,"time":1774382619512,"pid":1603455,"hostname":"TempleOfZyminx","from":{"q":1,"r":8},"to":{"q":13,"r":1},"msg":"findPath: no valid path found"}
{"level":30,"time":1774382619512,"pid":1603455,"hostname":"TempleOfZyminx","from":{"q":1,"r":8},"to":{"q":13,"r":2},"msg":"findPath: no valid path found"}
{"level":30,"time":1774382619512,"pid":1603455,"hostname":"TempleOfZyminx","from":{"q":1,"r":8},"to":{"q":13,"r":3},"msg":"findPath: no valid path found"}
{"level":30,"time":1774382619512,"pid":1603455,"hostname":"TempleOfZyminx","from":{"q":1,"r":8},"to":{"q":13,"r":4},"msg":"findPath: no valid path found"}
{"level":30,"time":1774382619512,"pid":1603455,"hostname":"TempleOfZyminx","from":{"q":1,"r":8},"to":{"q":13,"r":5},"msg":"findPath: no valid path found"}
{"level":30,"time":1774382619512,"pid":1603455,"hostname":"TempleOfZyminx","from":{"q":1,"r":8},"to":{"q":13,"r":6},"msg":"findPath: no valid path found"}
{"level":30,"time":1774382619513,"pid":1603455,"hostname":"TempleOfZyminx","from":{"q":1,"r":8},"to":{"q":13,"r":7},"msg":"findPath: no valid path found"}
{"level":30,"time":1774382619513,"pid":1603455,"hostname":"TempleOfZyminx","from":{"q":1,"r":8},"to":{"q":13,"r":8},"msg":"findPath: no valid path found"}
{"level":30,"time":1774382619513,"pid":1603455,"hostname":"TempleOfZyminx","from":{"q":1,"r":8},"to":{"q":13,"r":9},"msg":"findPath: no valid path found"}
{"level":30,"time":1774382619513,"pid":1603455,"hostname":"TempleOfZyminx","from":{"q":1,"r":8},"to":{"q":13,"r":10},"msg":"findPath: no valid path found"}
{"level":30,"time":1774382619513,"pid":1603455,"hostname":"TempleOfZyminx","from":{"q":1,"r":8},"to":{"q":13,"r":11},"msg":"findPath: no valid path found"}
{"level":30,"time":1774382619513,"pid":1603455,"hostname":"TempleOfZyminx","from":{"q":1,"r":8},"to":{"q":13,"r":12},"msg":"findPath: no valid path found"}
{"level":30,"time":1774382619513,"pid":1603455,"hostname":"TempleOfZyminx","from":{"q":1,"r":8},"to":{"q":13,"r":13},"msg":"findPath: no valid path found"}
{"level":30,"time":1774382619513,"pid":1603455,"hostname":"TempleOfZyminx","from":{"q":1,"r":8},"to":{"q":13,"r":14},"msg":"findPath: no valid path found"}
{"level":30,"time":1774382619513,"pid":1603455,"hostname":"TempleOfZyminx","from":{"q":1,"r":8},"to":{"q":13,"r":15},"msg":"findPath: no valid path found"}
{"level":30,"time":1774382619513,"pid":1603455,"hostname":"TempleOfZyminx","from":{"q":1,"r":8},"to":{"q":13,"r":16},"msg":"findPath: no valid path found"}
{"level":30,"time":1774382619513,"pid":1603455,"hostname":"TempleOfZyminx","from":{"q":1,"r":8},"to":{"q":13,"r":17},"msg":"findPath: no valid path found"}
{"level":30,"time":1774382619513,"pid":1603455,"hostname":"TempleOfZyminx","from":{"q":1,"r":8},"to":{"q":13,"r":18},"msg":"findPath: no valid path found"}
{"level":30,"time":1774382619513,"pid":1603455,"hostname":"TempleOfZyminx","from":{"q":1,"r":8},"to":{"q":13,"r":19},"msg":"findPath: no valid path found"}
{"level":30,"time":1774382619513,"pid":1603455,"hostname":"TempleOfZyminx","from":{"q":1,"r":8},"to":{"q":13,"r":20},"msg":"findPath: no valid path found"}
{"level":30,"time":1774382619513,"pid":1603455,"hostname":"TempleOfZyminx","from":{"q":1,"r":8},"to":{"q":13,"r":21},"msg":"findPath: no valid path found"}
{"level":30,"time":1774382619513,"pid":1603455,"hostname":"TempleOfZyminx","from":{"q":1,"r":8},"to":{"q":14,"r":0},"msg":"findPath: no valid path found"}
{"level":30,"time":1774382619513,"pid":1603455,"hostname":"TempleOfZyminx","from":{"q":1,"r":8},"to":{"q":14,"r":1},"msg":"findPath: no valid path found"}
{"level":30,"time":1774382619513,"pid":1603455,"hostname":"TempleOfZyminx","from":{"q":1,"r":8},"to":{"q":14,"r":2},"msg":"findPath: no valid path found"}
{"level":30,"time":1774382619513,"pid":1603455,"hostname":"TempleOfZyminx","from":{"q":1,"r":8},"to":{"q":14,"r":3},"msg":"findPath: no valid path found"}
{"level":30,"time":1774382619513,"pid":1603455,"hostname":"TempleOfZyminx","from":{"q":1,"r":8},"to":{"q":14,"r":4},"msg":"findPath: no valid path found"}
{"level":30,"time":1774382619513,"pid":1603455,"hostname":"TempleOfZyminx","from":{"q":1,"r":8},"to":{"q":14,"r":5},"msg":"findPath: no valid path found"}
{"level":30,"time":1774382619514,"pid":1603455,"hostname":"TempleOfZyminx","from":{"q":1,"r":8},"to":{"q":14,"r":6},"msg":"findPath: no valid path found"}
{"level":30,"time":1774382619514,"pid":1603455,"hostname":"TempleOfZyminx","from":{"q":1,"r":8},"to":{"q":14,"r":7},"msg":"findPath: no valid path found"}
{"level":30,"time":1774382619514,"pid":1603455,"hostname":"TempleOfZyminx","from":{"q":1,"r":8},"to":{"q":14,"r":8},"msg":"findPath: no valid path found"}
{"level":30,"time":1774382619514,"pid":1603455,"hostname":"TempleOfZyminx","from":{"q":1,"r":8},"to":{"q":14,"r":9},"msg":"findPath: no valid path found"}
{"level":30,"time":1774382619514,"pid":1603455,"hostname":"TempleOfZyminx","from":{"q":1,"r":8},"to":{"q":14,"r":10},"msg":"findPath: no valid path found"}
{"level":30,"time":1774382619514,"pid":1603455,"hostname":"TempleOfZyminx","from":{"q":1,"r":8},"to":{"q":14,"r":11},"msg":"findPath: no valid path found"}
{"level":30,"time":1774382619514,"pid":1603455,"hostname":"TempleOfZyminx","from":{"q":1,"r":8},"to":{"q":14,"r":12},"msg":"findPath: no valid path found"}
{"level":30,"time":1774382619514,"pid":1603455,"hostname":"TempleOfZyminx","from":{"q":1,"r":8},"to":{"q":14,"r":13},"msg":"findPath: no valid path found"}
{"level":30,"time":1774382619514,"pid":1603455,"hostname":"TempleOfZyminx","from":{"q":1,"r":8},"to":{"q":14,"r":14},"msg":"findPath: no valid path found"}
{"level":30,"time":1774382619514,"pid":1603455,"hostname":"TempleOfZyminx","from":{"q":1,"r":8},"to":{"q":14,"r":15},"msg":"findPath: no valid path found"}
{"level":30,"time":1774382619514,"pid":1603455,"hostname":"TempleOfZyminx","from":{"q":1,"r":8},"to":{"q":14,"r":16},"msg":"findPath: no valid path found"}
{"level":30,"time":1774382619514,"pid":1603455,"hostname":"TempleOfZyminx","from":{"q":1,"r":8},"to":{"q":14,"r":17},"msg":"findPath: no valid path found"}
{"level":30,"time":1774382619514,"pid":1603455,"hostname":"TempleOfZyminx","from":{"q":1,"r":8},"to":{"q":14,"r":18},"msg":"findPath: no valid path found"}
{"level":30,"time":1774382619514,"pid":1603455,"hostname":"TempleOfZyminx","from":{"q":1,"r":8},"to":{"q":14,"r":19},"msg":"findPath: no valid path found"}
{"level":30,"time":1774382619514,"pid":1603455,"hostname":"TempleOfZyminx","from":{"q":1,"r":8},"to":{"q":14,"r":20},"msg":"findPath: no valid path found"}
{"level":30,"time":1774382619514,"pid":1603455,"hostname":"TempleOfZyminx","from":{"q":1,"r":8},"to":{"q":14,"r":21},"msg":"findPath: no valid path found"}
{"level":30,"time":1774382619516,"pid":1603455,"hostname":"TempleOfZyminx","id":"a93fcf5b-e901-4464-8fe2-c07b8bc58aa4","command":"MOVE","msg":"Submitting game action"}
{"level":30,"time":1774382619516,"pid":1603455,"hostname":"TempleOfZyminx","gameId":"a93fcf5b-e901-4464-8fe2-c07b8bc58aa4","unitId":"onion-1","msg":"Processing MOVE command"}
{"level":30,"time":1774382619517,"pid":1603455,"hostname":"TempleOfZyminx","id":"a93fcf5b-e901-4464-8fe2-c07b8bc58aa4","msg":"Fetching game state"}
{"level":30,"time":1774382619518,"pid":1603455,"hostname":"TempleOfZyminx","id":"a93fcf5b-e901-4464-8fe2-c07b8bc58aa4","msg":"Fetching game state"}
{"level":30,"time":1774382619519,"pid":1603455,"hostname":"TempleOfZyminx","id":"a93fcf5b-e901-4464-8fe2-c07b8bc58aa4","command":"END_PHASE","msg":"Submitting game action"}
{"level":30,"time":1774382619519,"pid":1603455,"hostname":"TempleOfZyminx","gameId":"a93fcf5b-e901-4464-8fe2-c07b8bc58aa4","phase":"ONION_MOVE","msg":"Advancing phase"}
{"level":30,"time":1774382619519,"pid":1603455,"hostname":"TempleOfZyminx","phase":"ONION_MOVE","turnNumber":4,"msg":"Advancing phase in engine"}
{"level":30,"time":1774382619519,"pid":1603455,"hostname":"TempleOfZyminx","id":"a93fcf5b-e901-4464-8fe2-c07b8bc58aa4","msg":"Fetching game state"}
{"level":30,"time":1774382619520,"pid":1603455,"hostname":"TempleOfZyminx","id":"a93fcf5b-e901-4464-8fe2-c07b8bc58aa4","msg":"Fetching game state"}
{"level":30,"time":1774382619521,"pid":1603455,"hostname":"TempleOfZyminx","id":"a93fcf5b-e901-4464-8fe2-c07b8bc58aa4","command":"FIRE","msg":"Submitting game action"}
{"level":30,"time":1774382619521,"pid":1603455,"hostname":"TempleOfZyminx","gameId":"a93fcf5b-e901-4464-8fe2-c07b8bc58aa4","type":"FIRE","msg":"Processing combat command"}
{"level":30,"time":1774382619522,"pid":1603455,"hostname":"TempleOfZyminx","commandType":"FIRE","msg":"Validating combat action"}
{"level":30,"time":1774382619522,"pid":1603455,"hostname":"TempleOfZyminx","gameId":"a93fcf5b-e901-4464-8fe2-c07b8bc58aa4","error":"Attacker 'missile_1' is already destroyed or exhausted","msg":"Invalid combat command"}
{"level":30,"time":1774382619522,"pid":1603455,"hostname":"TempleOfZyminx","id":"a93fcf5b-e901-4464-8fe2-c07b8bc58aa4","msg":"Fetching game state"}
{"level":30,"time":1774382619523,"pid":1603455,"hostname":"TempleOfZyminx","id":"a93fcf5b-e901-4464-8fe2-c07b8bc58aa4","msg":"Fetching game state"}
{"level":30,"time":1774382619524,"pid":1603455,"hostname":"TempleOfZyminx","id":"a93fcf5b-e901-4464-8fe2-c07b8bc58aa4","command":"END_PHASE","msg":"Submitting game action"}
{"level":30,"time":1774382619525,"pid":1603455,"hostname":"TempleOfZyminx","gameId":"a93fcf5b-e901-4464-8fe2-c07b8bc58aa4","phase":"ONION_COMBAT","msg":"Advancing phase"}
{"level":30,"time":1774382619525,"pid":1603455,"hostname":"TempleOfZyminx","phase":"ONION_COMBAT","turnNumber":4,"msg":"Advancing phase in engine"}
{"level":30,"time":1774382619525,"pid":1603455,"hostname":"TempleOfZyminx","id":"a93fcf5b-e901-4464-8fe2-c07b8bc58aa4","msg":"Fetching game state"}
{"level":30,"time":1774382619526,"pid":1603455,"hostname":"TempleOfZyminx","id":"a93fcf5b-e901-4464-8fe2-c07b8bc58aa4","msg":"Fetching game state"}
{"level":30,"time":1774382619527,"pid":1603455,"hostname":"TempleOfZyminx","from":{"q":0,"r":9},"to":{"q":0,"r":0},"msg":"findPath: no valid path found"}
{"level":30,"time":1774382619527,"pid":1603455,"hostname":"TempleOfZyminx","from":{"q":0,"r":9},"to":{"q":0,"r":1},"msg":"findPath: no valid path found"}
{"level":30,"time":1774382619527,"pid":1603455,"hostname":"TempleOfZyminx","from":{"q":0,"r":9},"to":{"q":0,"r":2},"msg":"findPath: no valid path found"}
{"level":30,"time":1774382619527,"pid":1603455,"hostname":"TempleOfZyminx","from":{"q":0,"r":9},"to":{"q":0,"r":3},"msg":"findPath: no valid path found"}
{"level":30,"time":1774382619527,"pid":1603455,"hostname":"TempleOfZyminx","from":{"q":0,"r":9},"to":{"q":0,"r":4},"msg":"findPath: no valid path found"}
{"level":30,"time":1774382619527,"pid":1603455,"hostname":"TempleOfZyminx","from":{"q":0,"r":9},"to":{"q":0,"r":14},"msg":"findPath: no valid path found"}
{"level":30,"time":1774382619527,"pid":1603455,"hostname":"TempleOfZyminx","from":{"q":0,"r":9},"to":{"q":0,"r":15},"msg":"findPath: no valid path found"}
{"level":30,"time":1774382619527,"pid":1603455,"hostname":"TempleOfZyminx","from":{"q":0,"r":9},"to":{"q":0,"r":16},"msg":"findPath: no valid path found"}
{"level":30,"time":1774382619527,"pid":1603455,"hostname":"TempleOfZyminx","from":{"q":0,"r":9},"to":{"q":0,"r":17},"msg":"findPath: no valid path found"}
{"level":30,"time":1774382619528,"pid":1603455,"hostname":"TempleOfZyminx","from":{"q":0,"r":9},"to":{"q":0,"r":18},"msg":"findPath: no valid path found"}
{"level":30,"time":1774382619528,"pid":1603455,"hostname":"TempleOfZyminx","from":{"q":0,"r":9},"to":{"q":0,"r":19},"msg":"findPath: no valid path found"}
{"level":30,"time":1774382619528,"pid":1603455,"hostname":"TempleOfZyminx","from":{"q":0,"r":9},"to":{"q":0,"r":20},"msg":"findPath: no valid path found"}
{"level":30,"time":1774382619528,"pid":1603455,"hostname":"TempleOfZyminx","from":{"q":0,"r":9},"to":{"q":0,"r":21},"msg":"findPath: no valid path found"}
{"level":30,"time":1774382619528,"pid":1603455,"hostname":"TempleOfZyminx","from":{"q":0,"r":9},"to":{"q":1,"r":0},"msg":"findPath: no valid path found"}
{"level":30,"time":1774382619528,"pid":1603455,"hostname":"TempleOfZyminx","from":{"q":0,"r":9},"to":{"q":1,"r":1},"msg":"findPath: no valid path found"}
{"level":30,"time":1774382619529,"pid":1603455,"hostname":"TempleOfZyminx","from":{"q":0,"r":9},"to":{"q":1,"r":2},"msg":"findPath: no valid path found"}
{"level":30,"time":1774382619529,"pid":1603455,"hostname":"TempleOfZyminx","from":{"q":0,"r":9},"to":{"q":1,"r":3},"msg":"findPath: no valid path found"}
{"level":30,"time":1774382619529,"pid":1603455,"hostname":"TempleOfZyminx","from":{"q":0,"r":9},"to":{"q":1,"r":4},"msg":"findPath: no valid path found"}
{"level":30,"time":1774382619529,"pid":1603455,"hostname":"TempleOfZyminx","from":{"q":0,"r":9},"to":{"q":1,"r":13},"msg":"findPath: no valid path found"}
{"level":30,"time":1774382619529,"pid":1603455,"hostname":"TempleOfZyminx","from":{"q":0,"r":9},"to":{"q":1,"r":14},"msg":"findPath: no valid path found"}
{"level":30,"time":1774382619529,"pid":1603455,"hostname":"TempleOfZyminx","from":{"q":0,"r":9},"to":{"q":1,"r":15},"msg":"findPath: no valid path found"}
{"level":30,"time":1774382619529,"pid":1603455,"hostname":"TempleOfZyminx","from":{"q":0,"r":9},"to":{"q":1,"r":16},"msg":"findPath: no valid path found"}
{"level":30,"time":1774382619530,"pid":1603455,"hostname":"TempleOfZyminx","from":{"q":0,"r":9},"to":{"q":1,"r":17},"msg":"findPath: no valid path found"}
{"level":30,"time":1774382619530,"pid":1603455,"hostname":"TempleOfZyminx","from":{"q":0,"r":9},"to":{"q":1,"r":18},"msg":"findPath: no valid path found"}
{"level":30,"time":1774382619530,"pid":1603455,"hostname":"TempleOfZyminx","from":{"q":0,"r":9},"to":{"q":1,"r":19},"msg":"findPath: no valid path found"}
{"level":30,"time":1774382619530,"pid":1603455,"hostname":"TempleOfZyminx","from":{"q":0,"r":9},"to":{"q":1,"r":20},"msg":"findPath: no valid path found"}
{"level":30,"time":1774382619530,"pid":1603455,"hostname":"TempleOfZyminx","from":{"q":0,"r":9},"to":{"q":1,"r":21},"msg":"findPath: no valid path found"}
{"level":30,"time":1774382619530,"pid":1603455,"hostname":"TempleOfZyminx","from":{"q":0,"r":9},"to":{"q":2,"r":0},"msg":"findPath: no valid path found"}
{"level":30,"time":1774382619530,"pid":1603455,"hostname":"TempleOfZyminx","from":{"q":0,"r":9},"to":{"q":2,"r":1},"msg":"findPath: no valid path found"}
{"level":30,"time":1774382619530,"pid":1603455,"hostname":"TempleOfZyminx","from":{"q":0,"r":9},"to":{"q":2,"r":2},"msg":"findPath: no valid path found"}
{"level":30,"time":1774382619530,"pid":1603455,"hostname":"TempleOfZyminx","from":{"q":0,"r":9},"to":{"q":2,"r":3},"msg":"findPath: no valid path found"}
{"level":30,"time":1774382619530,"pid":1603455,"hostname":"TempleOfZyminx","from":{"q":0,"r":9},"to":{"q":2,"r":4},"msg":"findPath: no valid path found"}
{"level":30,"time":1774382619530,"pid":1603455,"hostname":"TempleOfZyminx","from":{"q":0,"r":9},"to":{"q":2,"r":12},"msg":"findPath: no valid path found"}
{"level":30,"time":1774382619531,"pid":1603455,"hostname":"TempleOfZyminx","from":{"q":0,"r":9},"to":{"q":2,"r":13},"msg":"findPath: no valid path found"}
{"level":30,"time":1774382619531,"pid":1603455,"hostname":"TempleOfZyminx","from":{"q":0,"r":9},"to":{"q":2,"r":14},"msg":"findPath: no valid path found"}
{"level":30,"time":1774382619531,"pid":1603455,"hostname":"TempleOfZyminx","from":{"q":0,"r":9},"to":{"q":2,"r":15},"msg":"findPath: no valid path found"}
{"level":30,"time":1774382619531,"pid":1603455,"hostname":"TempleOfZyminx","from":{"q":0,"r":9},"to":{"q":2,"r":16},"msg":"findPath: no valid path found"}
{"level":30,"time":1774382619531,"pid":1603455,"hostname":"TempleOfZyminx","from":{"q":0,"r":9},"to":{"q":2,"r":17},"msg":"findPath: no valid path found"}
{"level":30,"time":1774382619531,"pid":1603455,"hostname":"TempleOfZyminx","from":{"q":0,"r":9},"to":{"q":2,"r":18},"msg":"findPath: no valid path found"}
{"level":30,"time":1774382619531,"pid":1603455,"hostname":"TempleOfZyminx","from":{"q":0,"r":9},"to":{"q":2,"r":19},"msg":"findPath: no valid path found"}
{"level":30,"time":1774382619531,"pid":1603455,"hostname":"TempleOfZyminx","from":{"q":0,"r":9},"to":{"q":2,"r":20},"msg":"findPath: no valid path found"}
{"level":30,"time":1774382619531,"pid":1603455,"hostname":"TempleOfZyminx","from":{"q":0,"r":9},"to":{"q":2,"r":21},"msg":"findPath: no valid path found"}
{"level":30,"time":1774382619531,"pid":1603455,"hostname":"TempleOfZyminx","from":{"q":0,"r":9},"to":{"q":3,"r":0},"msg":"findPath: no valid path found"}
{"level":30,"time":1774382619531,"pid":1603455,"hostname":"TempleOfZyminx","from":{"q":0,"r":9},"to":{"q":3,"r":1},"msg":"findPath: no valid path found"}
{"level":30,"time":1774382619531,"pid":1603455,"hostname":"TempleOfZyminx","from":{"q":0,"r":9},"to":{"q":3,"r":2},"msg":"findPath: no valid path found"}
{"level":30,"time":1774382619531,"pid":1603455,"hostname":"TempleOfZyminx","from":{"q":0,"r":9},"to":{"q":3,"r":3},"msg":"findPath: no valid path found"}
{"level":30,"time":1774382619531,"pid":1603455,"hostname":"TempleOfZyminx","from":{"q":0,"r":9},"to":{"q":3,"r":4},"msg":"findPath: no valid path found"}
{"level":30,"time":1774382619532,"pid":1603455,"hostname":"TempleOfZyminx","from":{"q":0,"r":9},"to":{"q":3,"r":8},"msg":"findPath: no valid path found"}
{"level":30,"time":1774382619532,"pid":1603455,"hostname":"TempleOfZyminx","from":{"q":0,"r":9},"to":{"q":3,"r":11},"msg":"findPath: no valid path found"}
{"level":30,"time":1774382619532,"pid":1603455,"hostname":"TempleOfZyminx","from":{"q":0,"r":9},"to":{"q":3,"r":12},"msg":"findPath: no valid path found"}
{"level":30,"time":1774382619532,"pid":1603455,"hostname":"TempleOfZyminx","from":{"q":0,"r":9},"to":{"q":3,"r":13},"msg":"findPath: no valid path found"}
{"level":30,"time":1774382619532,"pid":1603455,"hostname":"TempleOfZyminx","from":{"q":0,"r":9},"to":{"q":3,"r":14},"msg":"findPath: no valid path found"}
{"level":30,"time":1774382619532,"pid":1603455,"hostname":"TempleOfZyminx","from":{"q":0,"r":9},"to":{"q":3,"r":15},"msg":"findPath: no valid path found"}
{"level":30,"time":1774382619532,"pid":1603455,"hostname":"TempleOfZyminx","from":{"q":0,"r":9},"to":{"q":3,"r":16},"msg":"findPath: no valid path found"}
{"level":30,"time":1774382619532,"pid":1603455,"hostname":"TempleOfZyminx","from":{"q":0,"r":9},"to":{"q":3,"r":17},"msg":"findPath: no valid path found"}
{"level":30,"time":1774382619532,"pid":1603455,"hostname":"TempleOfZyminx","from":{"q":0,"r":9},"to":{"q":3,"r":18},"msg":"findPath: no valid path found"}
{"level":30,"time":1774382619532,"pid":1603455,"hostname":"TempleOfZyminx","from":{"q":0,"r":9},"to":{"q":3,"r":19},"msg":"findPath: no valid path found"}
{"level":30,"time":1774382619532,"pid":1603455,"hostname":"TempleOfZyminx","from":{"q":0,"r":9},"to":{"q":3,"r":20},"msg":"findPath: no valid path found"}
{"level":30,"time":1774382619532,"pid":1603455,"hostname":"TempleOfZyminx","from":{"q":0,"r":9},"to":{"q":3,"r":21},"msg":"findPath: no valid path found"}
{"level":30,"time":1774382619533,"pid":1603455,"hostname":"TempleOfZyminx","from":{"q":0,"r":9},"to":{"q":4,"r":0},"msg":"findPath: no valid path found"}
{"level":30,"time":1774382619533,"pid":1603455,"hostname":"TempleOfZyminx","from":{"q":0,"r":9},"to":{"q":4,"r":1},"msg":"findPath: no valid path found"}
{"level":30,"time":1774382619533,"pid":1603455,"hostname":"TempleOfZyminx","from":{"q":0,"r":9},"to":{"q":4,"r":2},"msg":"findPath: no valid path found"}
{"level":30,"time":1774382619533,"pid":1603455,"hostname":"TempleOfZyminx","from":{"q":0,"r":9},"to":{"q":4,"r":3},"msg":"findPath: no valid path found"}
{"level":30,"time":1774382619533,"pid":1603455,"hostname":"TempleOfZyminx","from":{"q":0,"r":9},"to":{"q":4,"r":4},"msg":"findPath: no valid path found"}
{"level":30,"time":1774382619533,"pid":1603455,"hostname":"TempleOfZyminx","from":{"q":0,"r":9},"to":{"q":4,"r":8},"msg":"findPath: no valid path found"}
{"level":30,"time":1774382619533,"pid":1603455,"hostname":"TempleOfZyminx","from":{"q":0,"r":9},"to":{"q":4,"r":10},"msg":"findPath: no valid path found"}
{"level":30,"time":1774382619533,"pid":1603455,"hostname":"TempleOfZyminx","from":{"q":0,"r":9},"to":{"q":4,"r":11},"msg":"findPath: no valid path found"}
{"level":30,"time":1774382619533,"pid":1603455,"hostname":"TempleOfZyminx","from":{"q":0,"r":9},"to":{"q":4,"r":12},"msg":"findPath: no valid path found"}
{"level":30,"time":1774382619533,"pid":1603455,"hostname":"TempleOfZyminx","from":{"q":0,"r":9},"to":{"q":4,"r":13},"msg":"findPath: no valid path found"}
{"level":30,"time":1774382619533,"pid":1603455,"hostname":"TempleOfZyminx","from":{"q":0,"r":9},"to":{"q":4,"r":14},"msg":"findPath: no valid path found"}
{"level":30,"time":1774382619533,"pid":1603455,"hostname":"TempleOfZyminx","from":{"q":0,"r":9},"to":{"q":4,"r":15},"msg":"findPath: no valid path found"}
{"level":30,"time":1774382619534,"pid":1603455,"hostname":"TempleOfZyminx","from":{"q":0,"r":9},"to":{"q":4,"r":16},"msg":"findPath: no valid path found"}
{"level":30,"time":1774382619534,"pid":1603455,"hostname":"TempleOfZyminx","from":{"q":0,"r":9},"to":{"q":4,"r":17},"msg":"findPath: no valid path found"}
{"level":30,"time":1774382619534,"pid":1603455,"hostname":"TempleOfZyminx","from":{"q":0,"r":9},"to":{"q":4,"r":18},"msg":"findPath: no valid path found"}
{"level":30,"time":1774382619534,"pid":1603455,"hostname":"TempleOfZyminx","from":{"q":0,"r":9},"to":{"q":4,"r":19},"msg":"findPath: no valid path found"}
{"level":30,"time":1774382619534,"pid":1603455,"hostname":"TempleOfZyminx","from":{"q":0,"r":9},"to":{"q":4,"r":20},"msg":"findPath: no valid path found"}
{"level":30,"time":1774382619534,"pid":1603455,"hostname":"TempleOfZyminx","from":{"q":0,"r":9},"to":{"q":4,"r":21},"msg":"findPath: no valid path found"}
{"level":30,"time":1774382619534,"pid":1603455,"hostname":"TempleOfZyminx","from":{"q":0,"r":9},"to":{"q":5,"r":0},"msg":"findPath: no valid path found"}
{"level":30,"time":1774382619534,"pid":1603455,"hostname":"TempleOfZyminx","from":{"q":0,"r":9},"to":{"q":5,"r":1},"msg":"findPath: no valid path found"}
{"level":30,"time":1774382619534,"pid":1603455,"hostname":"TempleOfZyminx","from":{"q":0,"r":9},"to":{"q":5,"r":2},"msg":"findPath: no valid path found"}
{"level":30,"time":1774382619534,"pid":1603455,"hostname":"TempleOfZyminx","from":{"q":0,"r":9},"to":{"q":5,"r":3},"msg":"findPath: no valid path found"}
{"level":30,"time":1774382619534,"pid":1603455,"hostname":"TempleOfZyminx","from":{"q":0,"r":9},"to":{"q":5,"r":4},"msg":"findPath: no valid path found"}
{"level":30,"time":1774382619534,"pid":1603455,"hostname":"TempleOfZyminx","from":{"q":0,"r":9},"to":{"q":5,"r":5},"msg":"findPath: no valid path found"}
{"level":30,"time":1774382619534,"pid":1603455,"hostname":"TempleOfZyminx","from":{"q":0,"r":9},"to":{"q":5,"r":6},"msg":"findPath: no valid path found"}
{"level":30,"time":1774382619535,"pid":1603455,"hostname":"TempleOfZyminx","from":{"q":0,"r":9},"to":{"q":5,"r":8},"msg":"findPath: no valid path found"}
{"level":30,"time":1774382619535,"pid":1603455,"hostname":"TempleOfZyminx","from":{"q":0,"r":9},"to":{"q":5,"r":9},"msg":"findPath: no valid path found"}
{"level":30,"time":1774382619535,"pid":1603455,"hostname":"TempleOfZyminx","from":{"q":0,"r":9},"to":{"q":5,"r":10},"msg":"findPath: no valid path found"}
{"level":30,"time":1774382619536,"pid":1603455,"hostname":"TempleOfZyminx","from":{"q":0,"r":9},"to":{"q":5,"r":11},"msg":"findPath: no valid path found"}
{"level":30,"time":1774382619536,"pid":1603455,"hostname":"TempleOfZyminx","from":{"q":0,"r":9},"to":{"q":5,"r":12},"msg":"findPath: no valid path found"}
{"level":30,"time":1774382619536,"pid":1603455,"hostname":"TempleOfZyminx","from":{"q":0,"r":9},"to":{"q":5,"r":13},"msg":"findPath: no valid path found"}
{"level":30,"time":1774382619536,"pid":1603455,"hostname":"TempleOfZyminx","from":{"q":0,"r":9},"to":{"q":5,"r":14},"msg":"findPath: no valid path found"}
{"level":30,"time":1774382619536,"pid":1603455,"hostname":"TempleOfZyminx","from":{"q":0,"r":9},"to":{"q":5,"r":15},"msg":"findPath: no valid path found"}
{"level":30,"time":1774382619536,"pid":1603455,"hostname":"TempleOfZyminx","from":{"q":0,"r":9},"to":{"q":5,"r":16},"msg":"findPath: no valid path found"}
{"level":30,"time":1774382619536,"pid":1603455,"hostname":"TempleOfZyminx","from":{"q":0,"r":9},"to":{"q":5,"r":17},"msg":"findPath: no valid path found"}
{"level":30,"time":1774382619536,"pid":1603455,"hostname":"TempleOfZyminx","from":{"q":0,"r":9},"to":{"q":5,"r":18},"msg":"findPath: no valid path found"}
{"level":30,"time":1774382619536,"pid":1603455,"hostname":"TempleOfZyminx","from":{"q":0,"r":9},"to":{"q":5,"r":19},"msg":"findPath: no valid path found"}
{"level":30,"time":1774382619536,"pid":1603455,"hostname":"TempleOfZyminx","from":{"q":0,"r":9},"to":{"q":5,"r":20},"msg":"findPath: no valid path found"}
{"level":30,"time":1774382619536,"pid":1603455,"hostname":"TempleOfZyminx","from":{"q":0,"r":9},"to":{"q":5,"r":21},"msg":"findPath: no valid path found"}
{"level":30,"time":1774382619536,"pid":1603455,"hostname":"TempleOfZyminx","from":{"q":0,"r":9},"to":{"q":6,"r":0},"msg":"findPath: no valid path found"}
{"level":30,"time":1774382619537,"pid":1603455,"hostname":"TempleOfZyminx","from":{"q":0,"r":9},"to":{"q":6,"r":1},"msg":"findPath: no valid path found"}
{"level":30,"time":1774382619537,"pid":1603455,"hostname":"TempleOfZyminx","from":{"q":0,"r":9},"to":{"q":6,"r":2},"msg":"findPath: no valid path found"}
{"level":30,"time":1774382619537,"pid":1603455,"hostname":"TempleOfZyminx","from":{"q":0,"r":9},"to":{"q":6,"r":3},"msg":"findPath: no valid path found"}
{"level":30,"time":1774382619537,"pid":1603455,"hostname":"TempleOfZyminx","from":{"q":0,"r":9},"to":{"q":6,"r":5},"msg":"findPath: no valid path found"}
{"level":30,"time":1774382619537,"pid":1603455,"hostname":"TempleOfZyminx","from":{"q":0,"r":9},"to":{"q":6,"r":6},"msg":"findPath: no valid path found"}
{"level":30,"time":1774382619537,"pid":1603455,"hostname":"TempleOfZyminx","from":{"q":0,"r":9},"to":{"q":6,"r":7},"msg":"findPath: no valid path found"}
{"level":30,"time":1774382619537,"pid":1603455,"hostname":"TempleOfZyminx","from":{"q":0,"r":9},"to":{"q":6,"r":8},"msg":"findPath: no valid path found"}
{"level":30,"time":1774382619537,"pid":1603455,"hostname":"TempleOfZyminx","from":{"q":0,"r":9},"to":{"q":6,"r":9},"msg":"findPath: no valid path found"}
{"level":30,"time":1774382619537,"pid":1603455,"hostname":"TempleOfZyminx","from":{"q":0,"r":9},"to":{"q":6,"r":10},"msg":"findPath: no valid path found"}
{"level":30,"time":1774382619537,"pid":1603455,"hostname":"TempleOfZyminx","from":{"q":0,"r":9},"to":{"q":6,"r":11},"msg":"findPath: no valid path found"}
{"level":30,"time":1774382619537,"pid":1603455,"hostname":"TempleOfZyminx","from":{"q":0,"r":9},"to":{"q":6,"r":12},"msg":"findPath: no valid path found"}
{"level":30,"time":1774382619537,"pid":1603455,"hostname":"TempleOfZyminx","from":{"q":0,"r":9},"to":{"q":6,"r":13},"msg":"findPath: no valid path found"}
{"level":30,"time":1774382619538,"pid":1603455,"hostname":"TempleOfZyminx","from":{"q":0,"r":9},"to":{"q":6,"r":14},"msg":"findPath: no valid path found"}
{"level":30,"time":1774382619538,"pid":1603455,"hostname":"TempleOfZyminx","from":{"q":0,"r":9},"to":{"q":6,"r":15},"msg":"findPath: no valid path found"}
{"level":30,"time":1774382619538,"pid":1603455,"hostname":"TempleOfZyminx","from":{"q":0,"r":9},"to":{"q":6,"r":16},"msg":"findPath: no valid path found"}
{"level":30,"time":1774382619538,"pid":1603455,"hostname":"TempleOfZyminx","from":{"q":0,"r":9},"to":{"q":6,"r":17},"msg":"findPath: no valid path found"}
{"level":30,"time":1774382619538,"pid":1603455,"hostname":"TempleOfZyminx","from":{"q":0,"r":9},"to":{"q":6,"r":18},"msg":"findPath: no valid path found"}
{"level":30,"time":1774382619538,"pid":1603455,"hostname":"TempleOfZyminx","from":{"q":0,"r":9},"to":{"q":6,"r":19},"msg":"findPath: no valid path found"}
{"level":30,"time":1774382619539,"pid":1603455,"hostname":"TempleOfZyminx","from":{"q":0,"r":9},"to":{"q":6,"r":20},"msg":"findPath: no valid path found"}
{"level":30,"time":1774382619539,"pid":1603455,"hostname":"TempleOfZyminx","from":{"q":0,"r":9},"to":{"q":6,"r":21},"msg":"findPath: no valid path found"}
{"level":30,"time":1774382619539,"pid":1603455,"hostname":"TempleOfZyminx","from":{"q":0,"r":9},"to":{"q":7,"r":0},"msg":"findPath: no valid path found"}
{"level":30,"time":1774382619539,"pid":1603455,"hostname":"TempleOfZyminx","from":{"q":0,"r":9},"to":{"q":7,"r":1},"msg":"findPath: no valid path found"}
{"level":30,"time":1774382619539,"pid":1603455,"hostname":"TempleOfZyminx","from":{"q":0,"r":9},"to":{"q":7,"r":2},"msg":"findPath: no valid path found"}
{"level":30,"time":1774382619539,"pid":1603455,"hostname":"TempleOfZyminx","from":{"q":0,"r":9},"to":{"q":7,"r":4},"msg":"findPath: no valid path found"}
{"level":30,"time":1774382619539,"pid":1603455,"hostname":"TempleOfZyminx","from":{"q":0,"r":9},"to":{"q":7,"r":5},"msg":"findPath: no valid path found"}
{"level":30,"time":1774382619539,"pid":1603455,"hostname":"TempleOfZyminx","from":{"q":0,"r":9},"to":{"q":7,"r":6},"msg":"findPath: no valid path found"}
{"level":30,"time":1774382619539,"pid":1603455,"hostname":"TempleOfZyminx","from":{"q":0,"r":9},"to":{"q":7,"r":7},"msg":"findPath: no valid path found"}
{"level":30,"time":1774382619539,"pid":1603455,"hostname":"TempleOfZyminx","from":{"q":0,"r":9},"to":{"q":7,"r":8},"msg":"findPath: no valid path found"}
{"level":30,"time":1774382619539,"pid":1603455,"hostname":"TempleOfZyminx","from":{"q":0,"r":9},"to":{"q":7,"r":9},"msg":"findPath: no valid path found"}
{"level":30,"time":1774382619539,"pid":1603455,"hostname":"TempleOfZyminx","from":{"q":0,"r":9},"to":{"q":7,"r":10},"msg":"findPath: no valid path found"}
{"level":30,"time":1774382619539,"pid":1603455,"hostname":"TempleOfZyminx","from":{"q":0,"r":9},"to":{"q":7,"r":11},"msg":"findPath: no valid path found"}
{"level":30,"time":1774382619539,"pid":1603455,"hostname":"TempleOfZyminx","from":{"q":0,"r":9},"to":{"q":7,"r":12},"msg":"findPath: no valid path found"}
{"level":30,"time":1774382619540,"pid":1603455,"hostname":"TempleOfZyminx","from":{"q":0,"r":9},"to":{"q":7,"r":13},"msg":"findPath: no valid path found"}
{"level":30,"time":1774382619540,"pid":1603455,"hostname":"TempleOfZyminx","from":{"q":0,"r":9},"to":{"q":7,"r":14},"msg":"findPath: no valid path found"}
{"level":30,"time":1774382619540,"pid":1603455,"hostname":"TempleOfZyminx","from":{"q":0,"r":9},"to":{"q":7,"r":15},"msg":"findPath: no valid path found"}
{"level":30,"time":1774382619540,"pid":1603455,"hostname":"TempleOfZyminx","from":{"q":0,"r":9},"to":{"q":7,"r":16},"msg":"findPath: no valid path found"}
{"level":30,"time":1774382619540,"pid":1603455,"hostname":"TempleOfZyminx","from":{"q":0,"r":9},"to":{"q":7,"r":17},"msg":"findPath: no valid path found"}
{"level":30,"time":1774382619540,"pid":1603455,"hostname":"TempleOfZyminx","from":{"q":0,"r":9},"to":{"q":7,"r":18},"msg":"findPath: no valid path found"}
{"level":30,"time":1774382619540,"pid":1603455,"hostname":"TempleOfZyminx","from":{"q":0,"r":9},"to":{"q":7,"r":19},"msg":"findPath: no valid path found"}
{"level":30,"time":1774382619540,"pid":1603455,"hostname":"TempleOfZyminx","from":{"q":0,"r":9},"to":{"q":7,"r":20},"msg":"findPath: no valid path found"}
{"level":30,"time":1774382619540,"pid":1603455,"hostname":"TempleOfZyminx","from":{"q":0,"r":9},"to":{"q":7,"r":21},"msg":"findPath: no valid path found"}
{"level":30,"time":1774382619540,"pid":1603455,"hostname":"TempleOfZyminx","from":{"q":0,"r":9},"to":{"q":8,"r":0},"msg":"findPath: no valid path found"}
{"level":30,"time":1774382619540,"pid":1603455,"hostname":"TempleOfZyminx","from":{"q":0,"r":9},"to":{"q":8,"r":1},"msg":"findPath: no valid path found"}
{"level":30,"time":1774382619540,"pid":1603455,"hostname":"TempleOfZyminx","from":{"q":0,"r":9},"to":{"q":8,"r":2},"msg":"findPath: no valid path found"}
{"level":30,"time":1774382619540,"pid":1603455,"hostname":"TempleOfZyminx","from":{"q":0,"r":9},"to":{"q":8,"r":3},"msg":"findPath: no valid path found"}
{"level":30,"time":1774382619540,"pid":1603455,"hostname":"TempleOfZyminx","from":{"q":0,"r":9},"to":{"q":8,"r":4},"msg":"findPath: no valid path found"}
{"level":30,"time":1774382619540,"pid":1603455,"hostname":"TempleOfZyminx","from":{"q":0,"r":9},"to":{"q":8,"r":5},"msg":"findPath: no valid path found"}
{"level":30,"time":1774382619541,"pid":1603455,"hostname":"TempleOfZyminx","from":{"q":0,"r":9},"to":{"q":8,"r":6},"msg":"findPath: no valid path found"}
{"level":30,"time":1774382619541,"pid":1603455,"hostname":"TempleOfZyminx","from":{"q":0,"r":9},"to":{"q":8,"r":7},"msg":"findPath: no valid path found"}
{"level":30,"time":1774382619541,"pid":1603455,"hostname":"TempleOfZyminx","from":{"q":0,"r":9},"to":{"q":8,"r":8},"msg":"findPath: no valid path found"}
{"level":30,"time":1774382619541,"pid":1603455,"hostname":"TempleOfZyminx","from":{"q":0,"r":9},"to":{"q":8,"r":9},"msg":"findPath: no valid path found"}
{"level":30,"time":1774382619541,"pid":1603455,"hostname":"TempleOfZyminx","from":{"q":0,"r":9},"to":{"q":8,"r":10},"msg":"findPath: no valid path found"}
{"level":30,"time":1774382619541,"pid":1603455,"hostname":"TempleOfZyminx","from":{"q":0,"r":9},"to":{"q":8,"r":11},"msg":"findPath: no valid path found"}
{"level":30,"time":1774382619541,"pid":1603455,"hostname":"TempleOfZyminx","from":{"q":0,"r":9},"to":{"q":8,"r":12},"msg":"findPath: no valid path found"}
{"level":30,"time":1774382619541,"pid":1603455,"hostname":"TempleOfZyminx","from":{"q":0,"r":9},"to":{"q":8,"r":13},"msg":"findPath: no valid path found"}
{"level":30,"time":1774382619541,"pid":1603455,"hostname":"TempleOfZyminx","from":{"q":0,"r":9},"to":{"q":8,"r":14},"msg":"findPath: no valid path found"}
{"level":30,"time":1774382619541,"pid":1603455,"hostname":"TempleOfZyminx","from":{"q":0,"r":9},"to":{"q":8,"r":15},"msg":"findPath: no valid path found"}
{"level":30,"time":1774382619541,"pid":1603455,"hostname":"TempleOfZyminx","from":{"q":0,"r":9},"to":{"q":8,"r":16},"msg":"findPath: no valid path found"}
{"level":30,"time":1774382619541,"pid":1603455,"hostname":"TempleOfZyminx","from":{"q":0,"r":9},"to":{"q":8,"r":17},"msg":"findPath: no valid path found"}
{"level":30,"time":1774382619542,"pid":1603455,"hostname":"TempleOfZyminx","from":{"q":0,"r":9},"to":{"q":8,"r":18},"msg":"findPath: no valid path found"}
{"level":30,"time":1774382619542,"pid":1603455,"hostname":"TempleOfZyminx","from":{"q":0,"r":9},"to":{"q":8,"r":19},"msg":"findPath: no valid path found"}
{"level":30,"time":1774382619542,"pid":1603455,"hostname":"TempleOfZyminx","from":{"q":0,"r":9},"to":{"q":8,"r":20},"msg":"findPath: no valid path found"}
{"level":30,"time":1774382619542,"pid":1603455,"hostname":"TempleOfZyminx","from":{"q":0,"r":9},"to":{"q":8,"r":21},"msg":"findPath: no valid path found"}
{"level":30,"time":1774382619542,"pid":1603455,"hostname":"TempleOfZyminx","from":{"q":0,"r":9},"to":{"q":9,"r":0},"msg":"findPath: no valid path found"}
{"level":30,"time":1774382619543,"pid":1603455,"hostname":"TempleOfZyminx","from":{"q":0,"r":9},"to":{"q":9,"r":1},"msg":"findPath: no valid path found"}
{"level":30,"time":1774382619543,"pid":1603455,"hostname":"TempleOfZyminx","from":{"q":0,"r":9},"to":{"q":9,"r":2},"msg":"findPath: no valid path found"}
{"level":30,"time":1774382619543,"pid":1603455,"hostname":"TempleOfZyminx","from":{"q":0,"r":9},"to":{"q":9,"r":3},"msg":"findPath: no valid path found"}
{"level":30,"time":1774382619543,"pid":1603455,"hostname":"TempleOfZyminx","from":{"q":0,"r":9},"to":{"q":9,"r":4},"msg":"findPath: no valid path found"}
{"level":30,"time":1774382619543,"pid":1603455,"hostname":"TempleOfZyminx","from":{"q":0,"r":9},"to":{"q":9,"r":5},"msg":"findPath: no valid path found"}
{"level":30,"time":1774382619543,"pid":1603455,"hostname":"TempleOfZyminx","from":{"q":0,"r":9},"to":{"q":9,"r":6},"msg":"findPath: no valid path found"}
{"level":30,"time":1774382619543,"pid":1603455,"hostname":"TempleOfZyminx","from":{"q":0,"r":9},"to":{"q":9,"r":7},"msg":"findPath: no valid path found"}
{"level":30,"time":1774382619543,"pid":1603455,"hostname":"TempleOfZyminx","from":{"q":0,"r":9},"to":{"q":9,"r":8},"msg":"findPath: no valid path found"}
{"level":30,"time":1774382619543,"pid":1603455,"hostname":"TempleOfZyminx","from":{"q":0,"r":9},"to":{"q":9,"r":9},"msg":"findPath: no valid path found"}
{"level":30,"time":1774382619543,"pid":1603455,"hostname":"TempleOfZyminx","from":{"q":0,"r":9},"to":{"q":9,"r":10},"msg":"findPath: no valid path found"}
{"level":30,"time":1774382619543,"pid":1603455,"hostname":"TempleOfZyminx","from":{"q":0,"r":9},"to":{"q":9,"r":11},"msg":"findPath: no valid path found"}
{"level":30,"time":1774382619543,"pid":1603455,"hostname":"TempleOfZyminx","from":{"q":0,"r":9},"to":{"q":9,"r":12},"msg":"findPath: no valid path found"}
{"level":30,"time":1774382619543,"pid":1603455,"hostname":"TempleOfZyminx","from":{"q":0,"r":9},"to":{"q":9,"r":13},"msg":"findPath: no valid path found"}
{"level":30,"time":1774382619543,"pid":1603455,"hostname":"TempleOfZyminx","from":{"q":0,"r":9},"to":{"q":9,"r":14},"msg":"findPath: no valid path found"}
{"level":30,"time":1774382619543,"pid":1603455,"hostname":"TempleOfZyminx","from":{"q":0,"r":9},"to":{"q":9,"r":15},"msg":"findPath: no valid path found"}
{"level":30,"time":1774382619544,"pid":1603455,"hostname":"TempleOfZyminx","from":{"q":0,"r":9},"to":{"q":9,"r":16},"msg":"findPath: no valid path found"}
{"level":30,"time":1774382619544,"pid":1603455,"hostname":"TempleOfZyminx","from":{"q":0,"r":9},"to":{"q":9,"r":17},"msg":"findPath: no valid path found"}
{"level":30,"time":1774382619544,"pid":1603455,"hostname":"TempleOfZyminx","from":{"q":0,"r":9},"to":{"q":9,"r":18},"msg":"findPath: no valid path found"}
{"level":30,"time":1774382619544,"pid":1603455,"hostname":"TempleOfZyminx","from":{"q":0,"r":9},"to":{"q":9,"r":19},"msg":"findPath: no valid path found"}
{"level":30,"time":1774382619544,"pid":1603455,"hostname":"TempleOfZyminx","from":{"q":0,"r":9},"to":{"q":9,"r":20},"msg":"findPath: no valid path found"}
{"level":30,"time":1774382619544,"pid":1603455,"hostname":"TempleOfZyminx","from":{"q":0,"r":9},"to":{"q":9,"r":21},"msg":"findPath: no valid path found"}
{"level":30,"time":1774382619544,"pid":1603455,"hostname":"TempleOfZyminx","from":{"q":0,"r":9},"to":{"q":10,"r":0},"msg":"findPath: no valid path found"}
{"level":30,"time":1774382619544,"pid":1603455,"hostname":"TempleOfZyminx","from":{"q":0,"r":9},"to":{"q":10,"r":1},"msg":"findPath: no valid path found"}
{"level":30,"time":1774382619544,"pid":1603455,"hostname":"TempleOfZyminx","from":{"q":0,"r":9},"to":{"q":10,"r":2},"msg":"findPath: no valid path found"}
{"level":30,"time":1774382619544,"pid":1603455,"hostname":"TempleOfZyminx","from":{"q":0,"r":9},"to":{"q":10,"r":3},"msg":"findPath: no valid path found"}
{"level":30,"time":1774382619544,"pid":1603455,"hostname":"TempleOfZyminx","from":{"q":0,"r":9},"to":{"q":10,"r":4},"msg":"findPath: no valid path found"}
{"level":30,"time":1774382619544,"pid":1603455,"hostname":"TempleOfZyminx","from":{"q":0,"r":9},"to":{"q":10,"r":5},"msg":"findPath: no valid path found"}
{"level":30,"time":1774382619544,"pid":1603455,"hostname":"TempleOfZyminx","from":{"q":0,"r":9},"to":{"q":10,"r":6},"msg":"findPath: no valid path found"}
{"level":30,"time":1774382619544,"pid":1603455,"hostname":"TempleOfZyminx","from":{"q":0,"r":9},"to":{"q":10,"r":7},"msg":"findPath: no valid path found"}
{"level":30,"time":1774382619544,"pid":1603455,"hostname":"TempleOfZyminx","from":{"q":0,"r":9},"to":{"q":10,"r":8},"msg":"findPath: no valid path found"}
{"level":30,"time":1774382619545,"pid":1603455,"hostname":"TempleOfZyminx","from":{"q":0,"r":9},"to":{"q":10,"r":9},"msg":"findPath: no valid path found"}
{"level":30,"time":1774382619545,"pid":1603455,"hostname":"TempleOfZyminx","from":{"q":0,"r":9},"to":{"q":10,"r":10},"msg":"findPath: no valid path found"}
{"level":30,"time":1774382619545,"pid":1603455,"hostname":"TempleOfZyminx","from":{"q":0,"r":9},"to":{"q":10,"r":11},"msg":"findPath: no valid path found"}
{"level":30,"time":1774382619545,"pid":1603455,"hostname":"TempleOfZyminx","from":{"q":0,"r":9},"to":{"q":10,"r":12},"msg":"findPath: no valid path found"}
{"level":30,"time":1774382619545,"pid":1603455,"hostname":"TempleOfZyminx","from":{"q":0,"r":9},"to":{"q":10,"r":13},"msg":"findPath: no valid path found"}
{"level":30,"time":1774382619545,"pid":1603455,"hostname":"TempleOfZyminx","from":{"q":0,"r":9},"to":{"q":10,"r":14},"msg":"findPath: no valid path found"}
{"level":30,"time":1774382619545,"pid":1603455,"hostname":"TempleOfZyminx","from":{"q":0,"r":9},"to":{"q":10,"r":15},"msg":"findPath: no valid path found"}
{"level":30,"time":1774382619545,"pid":1603455,"hostname":"TempleOfZyminx","from":{"q":0,"r":9},"to":{"q":10,"r":16},"msg":"findPath: no valid path found"}
{"level":30,"time":1774382619545,"pid":1603455,"hostname":"TempleOfZyminx","from":{"q":0,"r":9},"to":{"q":10,"r":17},"msg":"findPath: no valid path found"}
{"level":30,"time":1774382619545,"pid":1603455,"hostname":"TempleOfZyminx","from":{"q":0,"r":9},"to":{"q":10,"r":18},"msg":"findPath: no valid path found"}
{"level":30,"time":1774382619545,"pid":1603455,"hostname":"TempleOfZyminx","from":{"q":0,"r":9},"to":{"q":10,"r":19},"msg":"findPath: no valid path found"}
{"level":30,"time":1774382619545,"pid":1603455,"hostname":"TempleOfZyminx","from":{"q":0,"r":9},"to":{"q":10,"r":20},"msg":"findPath: no valid path found"}
{"level":30,"time":1774382619545,"pid":1603455,"hostname":"TempleOfZyminx","from":{"q":0,"r":9},"to":{"q":10,"r":21},"msg":"findPath: no valid path found"}
{"level":30,"time":1774382619545,"pid":1603455,"hostname":"TempleOfZyminx","from":{"q":0,"r":9},"to":{"q":11,"r":0},"msg":"findPath: no valid path found"}
{"level":30,"time":1774382619545,"pid":1603455,"hostname":"TempleOfZyminx","from":{"q":0,"r":9},"to":{"q":11,"r":1},"msg":"findPath: no valid path found"}
{"level":30,"time":1774382619545,"pid":1603455,"hostname":"TempleOfZyminx","from":{"q":0,"r":9},"to":{"q":11,"r":2},"msg":"findPath: no valid path found"}
{"level":30,"time":1774382619546,"pid":1603455,"hostname":"TempleOfZyminx","from":{"q":0,"r":9},"to":{"q":11,"r":3},"msg":"findPath: no valid path found"}
{"level":30,"time":1774382619546,"pid":1603455,"hostname":"TempleOfZyminx","from":{"q":0,"r":9},"to":{"q":11,"r":4},"msg":"findPath: no valid path found"}
{"level":30,"time":1774382619546,"pid":1603455,"hostname":"TempleOfZyminx","from":{"q":0,"r":9},"to":{"q":11,"r":5},"msg":"findPath: no valid path found"}
{"level":30,"time":1774382619546,"pid":1603455,"hostname":"TempleOfZyminx","from":{"q":0,"r":9},"to":{"q":11,"r":6},"msg":"findPath: no valid path found"}
{"level":30,"time":1774382619546,"pid":1603455,"hostname":"TempleOfZyminx","from":{"q":0,"r":9},"to":{"q":11,"r":7},"msg":"findPath: no valid path found"}
{"level":30,"time":1774382619646,"pid":1603455,"hostname":"TempleOfZyminx","from":{"q":0,"r":9},"to":{"q":11,"r":8},"msg":"findPath: no valid path found"}
{"level":30,"time":1774382619646,"pid":1603455,"hostname":"TempleOfZyminx","from":{"q":0,"r":9},"to":{"q":11,"r":9},"msg":"findPath: no valid path found"}
{"level":30,"time":1774382619646,"pid":1603455,"hostname":"TempleOfZyminx","from":{"q":0,"r":9},"to":{"q":11,"r":10},"msg":"findPath: no valid path found"}
{"level":30,"time":1774382619646,"pid":1603455,"hostname":"TempleOfZyminx","from":{"q":0,"r":9},"to":{"q":11,"r":11},"msg":"findPath: no valid path found"}
{"level":30,"time":1774382619647,"pid":1603455,"hostname":"TempleOfZyminx","from":{"q":0,"r":9},"to":{"q":11,"r":12},"msg":"findPath: no valid path found"}
{"level":30,"time":1774382619647,"pid":1603455,"hostname":"TempleOfZyminx","from":{"q":0,"r":9},"to":{"q":11,"r":13},"msg":"findPath: no valid path found"}
{"level":30,"time":1774382619647,"pid":1603455,"hostname":"TempleOfZyminx","from":{"q":0,"r":9},"to":{"q":11,"r":14},"msg":"findPath: no valid path found"}
{"level":30,"time":1774382619647,"pid":1603455,"hostname":"TempleOfZyminx","from":{"q":0,"r":9},"to":{"q":11,"r":15},"msg":"findPath: no valid path found"}
{"level":30,"time":1774382619647,"pid":1603455,"hostname":"TempleOfZyminx","from":{"q":0,"r":9},"to":{"q":11,"r":16},"msg":"findPath: no valid path found"}
{"level":30,"time":1774382619647,"pid":1603455,"hostname":"TempleOfZyminx","from":{"q":0,"r":9},"to":{"q":11,"r":17},"msg":"findPath: no valid path found"}
{"level":30,"time":1774382619647,"pid":1603455,"hostname":"TempleOfZyminx","from":{"q":0,"r":9},"to":{"q":11,"r":18},"msg":"findPath: no valid path found"}
{"level":30,"time":1774382619647,"pid":1603455,"hostname":"TempleOfZyminx","from":{"q":0,"r":9},"to":{"q":11,"r":19},"msg":"findPath: no valid path found"}
{"level":30,"time":1774382619647,"pid":1603455,"hostname":"TempleOfZyminx","from":{"q":0,"r":9},"to":{"q":11,"r":20},"msg":"findPath: no valid path found"}
{"level":30,"time":1774382619647,"pid":1603455,"hostname":"TempleOfZyminx","from":{"q":0,"r":9},"to":{"q":11,"r":21},"msg":"findPath: no valid path found"}
{"level":30,"time":1774382619647,"pid":1603455,"hostname":"TempleOfZyminx","from":{"q":0,"r":9},"to":{"q":12,"r":0},"msg":"findPath: no valid path found"}
{"level":30,"time":1774382619647,"pid":1603455,"hostname":"TempleOfZyminx","from":{"q":0,"r":9},"to":{"q":12,"r":1},"msg":"findPath: no valid path found"}
{"level":30,"time":1774382619647,"pid":1603455,"hostname":"TempleOfZyminx","from":{"q":0,"r":9},"to":{"q":12,"r":2},"msg":"findPath: no valid path found"}
{"level":30,"time":1774382619647,"pid":1603455,"hostname":"TempleOfZyminx","from":{"q":0,"r":9},"to":{"q":12,"r":3},"msg":"findPath: no valid path found"}
{"level":30,"time":1774382619648,"pid":1603455,"hostname":"TempleOfZyminx","from":{"q":0,"r":9},"to":{"q":12,"r":4},"msg":"findPath: no valid path found"}
{"level":30,"time":1774382619648,"pid":1603455,"hostname":"TempleOfZyminx","from":{"q":0,"r":9},"to":{"q":12,"r":5},"msg":"findPath: no valid path found"}
{"level":30,"time":1774382619648,"pid":1603455,"hostname":"TempleOfZyminx","from":{"q":0,"r":9},"to":{"q":12,"r":6},"msg":"findPath: no valid path found"}
{"level":30,"time":1774382619648,"pid":1603455,"hostname":"TempleOfZyminx","from":{"q":0,"r":9},"to":{"q":12,"r":7},"msg":"findPath: no valid path found"}
{"level":30,"time":1774382619648,"pid":1603455,"hostname":"TempleOfZyminx","from":{"q":0,"r":9},"to":{"q":12,"r":8},"msg":"findPath: no valid path found"}
{"level":30,"time":1774382619648,"pid":1603455,"hostname":"TempleOfZyminx","from":{"q":0,"r":9},"to":{"q":12,"r":9},"msg":"findPath: no valid path found"}
{"level":30,"time":1774382619648,"pid":1603455,"hostname":"TempleOfZyminx","from":{"q":0,"r":9},"to":{"q":12,"r":10},"msg":"findPath: no valid path found"}
{"level":30,"time":1774382619648,"pid":1603455,"hostname":"TempleOfZyminx","from":{"q":0,"r":9},"to":{"q":12,"r":11},"msg":"findPath: no valid path found"}
{"level":30,"time":1774382619648,"pid":1603455,"hostname":"TempleOfZyminx","from":{"q":0,"r":9},"to":{"q":12,"r":12},"msg":"findPath: no valid path found"}
{"level":30,"time":1774382619648,"pid":1603455,"hostname":"TempleOfZyminx","from":{"q":0,"r":9},"to":{"q":12,"r":13},"msg":"findPath: no valid path found"}
{"level":30,"time":1774382619648,"pid":1603455,"hostname":"TempleOfZyminx","from":{"q":0,"r":9},"to":{"q":12,"r":14},"msg":"findPath: no valid path found"}
{"level":30,"time":1774382619648,"pid":1603455,"hostname":"TempleOfZyminx","from":{"q":0,"r":9},"to":{"q":12,"r":15},"msg":"findPath: no valid path found"}
{"level":30,"time":1774382619648,"pid":1603455,"hostname":"TempleOfZyminx","from":{"q":0,"r":9},"to":{"q":12,"r":16},"msg":"findPath: no valid path found"}
{"level":30,"time":1774382619648,"pid":1603455,"hostname":"TempleOfZyminx","from":{"q":0,"r":9},"to":{"q":12,"r":17},"msg":"findPath: no valid path found"}
{"level":30,"time":1774382619648,"pid":1603455,"hostname":"TempleOfZyminx","from":{"q":0,"r":9},"to":{"q":12,"r":18},"msg":"findPath: no valid path found"}
{"level":30,"time":1774382619648,"pid":1603455,"hostname":"TempleOfZyminx","from":{"q":0,"r":9},"to":{"q":12,"r":19},"msg":"findPath: no valid path found"}
{"level":30,"time":1774382619649,"pid":1603455,"hostname":"TempleOfZyminx","from":{"q":0,"r":9},"to":{"q":12,"r":20},"msg":"findPath: no valid path found"}
{"level":30,"time":1774382619649,"pid":1603455,"hostname":"TempleOfZyminx","from":{"q":0,"r":9},"to":{"q":12,"r":21},"msg":"findPath: no valid path found"}
{"level":30,"time":1774382619649,"pid":1603455,"hostname":"TempleOfZyminx","from":{"q":0,"r":9},"to":{"q":13,"r":0},"msg":"findPath: no valid path found"}
{"level":30,"time":1774382619649,"pid":1603455,"hostname":"TempleOfZyminx","from":{"q":0,"r":9},"to":{"q":13,"r":1},"msg":"findPath: no valid path found"}
{"level":30,"time":1774382619649,"pid":1603455,"hostname":"TempleOfZyminx","from":{"q":0,"r":9},"to":{"q":13,"r":2},"msg":"findPath: no valid path found"}
{"level":30,"time":1774382619649,"pid":1603455,"hostname":"TempleOfZyminx","from":{"q":0,"r":9},"to":{"q":13,"r":3},"msg":"findPath: no valid path found"}
{"level":30,"time":1774382619649,"pid":1603455,"hostname":"TempleOfZyminx","from":{"q":0,"r":9},"to":{"q":13,"r":4},"msg":"findPath: no valid path found"}
{"level":30,"time":1774382619649,"pid":1603455,"hostname":"TempleOfZyminx","from":{"q":0,"r":9},"to":{"q":13,"r":5},"msg":"findPath: no valid path found"}
{"level":30,"time":1774382619650,"pid":1603455,"hostname":"TempleOfZyminx","from":{"q":0,"r":9},"to":{"q":13,"r":6},"msg":"findPath: no valid path found"}
{"level":30,"time":1774382619650,"pid":1603455,"hostname":"TempleOfZyminx","from":{"q":0,"r":9},"to":{"q":13,"r":7},"msg":"findPath: no valid path found"}
{"level":30,"time":1774382619650,"pid":1603455,"hostname":"TempleOfZyminx","from":{"q":0,"r":9},"to":{"q":13,"r":8},"msg":"findPath: no valid path found"}
{"level":30,"time":1774382619650,"pid":1603455,"hostname":"TempleOfZyminx","from":{"q":0,"r":9},"to":{"q":13,"r":9},"msg":"findPath: no valid path found"}
{"level":30,"time":1774382619650,"pid":1603455,"hostname":"TempleOfZyminx","from":{"q":0,"r":9},"to":{"q":13,"r":10},"msg":"findPath: no valid path found"}
{"level":30,"time":1774382619650,"pid":1603455,"hostname":"TempleOfZyminx","from":{"q":0,"r":9},"to":{"q":13,"r":11},"msg":"findPath: no valid path found"}
{"level":30,"time":1774382619651,"pid":1603455,"hostname":"TempleOfZyminx","from":{"q":0,"r":9},"to":{"q":13,"r":12},"msg":"findPath: no valid path found"}
{"level":30,"time":1774382619651,"pid":1603455,"hostname":"TempleOfZyminx","from":{"q":0,"r":9},"to":{"q":13,"r":13},"msg":"findPath: no valid path found"}
{"level":30,"time":1774382619651,"pid":1603455,"hostname":"TempleOfZyminx","from":{"q":0,"r":9},"to":{"q":13,"r":14},"msg":"findPath: no valid path found"}
{"level":30,"time":1774382619651,"pid":1603455,"hostname":"TempleOfZyminx","from":{"q":0,"r":9},"to":{"q":13,"r":15},"msg":"findPath: no valid path found"}
{"level":30,"time":1774382619651,"pid":1603455,"hostname":"TempleOfZyminx","from":{"q":0,"r":9},"to":{"q":13,"r":16},"msg":"findPath: no valid path found"}
{"level":30,"time":1774382619651,"pid":1603455,"hostname":"TempleOfZyminx","from":{"q":0,"r":9},"to":{"q":13,"r":17},"msg":"findPath: no valid path found"}
{"level":30,"time":1774382619651,"pid":1603455,"hostname":"TempleOfZyminx","from":{"q":0,"r":9},"to":{"q":13,"r":18},"msg":"findPath: no valid path found"}
{"level":30,"time":1774382619651,"pid":1603455,"hostname":"TempleOfZyminx","from":{"q":0,"r":9},"to":{"q":13,"r":19},"msg":"findPath: no valid path found"}
{"level":30,"time":1774382619651,"pid":1603455,"hostname":"TempleOfZyminx","from":{"q":0,"r":9},"to":{"q":13,"r":20},"msg":"findPath: no valid path found"}
{"level":30,"time":1774382619651,"pid":1603455,"hostname":"TempleOfZyminx","from":{"q":0,"r":9},"to":{"q":13,"r":21},"msg":"findPath: no valid path found"}
{"level":30,"time":1774382619651,"pid":1603455,"hostname":"TempleOfZyminx","from":{"q":0,"r":9},"to":{"q":14,"r":0},"msg":"findPath: no valid path found"}
{"level":30,"time":1774382619651,"pid":1603455,"hostname":"TempleOfZyminx","from":{"q":0,"r":9},"to":{"q":14,"r":1},"msg":"findPath: no valid path found"}
{"level":30,"time":1774382619651,"pid":1603455,"hostname":"TempleOfZyminx","from":{"q":0,"r":9},"to":{"q":14,"r":2},"msg":"findPath: no valid path found"}
{"level":30,"time":1774382619651,"pid":1603455,"hostname":"TempleOfZyminx","from":{"q":0,"r":9},"to":{"q":14,"r":3},"msg":"findPath: no valid path found"}
{"level":30,"time":1774382619651,"pid":1603455,"hostname":"TempleOfZyminx","from":{"q":0,"r":9},"to":{"q":14,"r":4},"msg":"findPath: no valid path found"}
{"level":30,"time":1774382619652,"pid":1603455,"hostname":"TempleOfZyminx","from":{"q":0,"r":9},"to":{"q":14,"r":5},"msg":"findPath: no valid path found"}
{"level":30,"time":1774382619652,"pid":1603455,"hostname":"TempleOfZyminx","from":{"q":0,"r":9},"to":{"q":14,"r":6},"msg":"findPath: no valid path found"}
{"level":30,"time":1774382619652,"pid":1603455,"hostname":"TempleOfZyminx","from":{"q":0,"r":9},"to":{"q":14,"r":7},"msg":"findPath: no valid path found"}
{"level":30,"time":1774382619652,"pid":1603455,"hostname":"TempleOfZyminx","from":{"q":0,"r":9},"to":{"q":14,"r":8},"msg":"findPath: no valid path found"}
{"level":30,"time":1774382619652,"pid":1603455,"hostname":"TempleOfZyminx","from":{"q":0,"r":9},"to":{"q":14,"r":9},"msg":"findPath: no valid path found"}
{"level":30,"time":1774382619652,"pid":1603455,"hostname":"TempleOfZyminx","from":{"q":0,"r":9},"to":{"q":14,"r":10},"msg":"findPath: no valid path found"}
{"level":30,"time":1774382619652,"pid":1603455,"hostname":"TempleOfZyminx","from":{"q":0,"r":9},"to":{"q":14,"r":11},"msg":"findPath: no valid path found"}
{"level":30,"time":1774382619652,"pid":1603455,"hostname":"TempleOfZyminx","from":{"q":0,"r":9},"to":{"q":14,"r":12},"msg":"findPath: no valid path found"}
{"level":30,"time":1774382619652,"pid":1603455,"hostname":"TempleOfZyminx","from":{"q":0,"r":9},"to":{"q":14,"r":13},"msg":"findPath: no valid path found"}
{"level":30,"time":1774382619652,"pid":1603455,"hostname":"TempleOfZyminx","from":{"q":0,"r":9},"to":{"q":14,"r":14},"msg":"findPath: no valid path found"}
{"level":30,"time":1774382619652,"pid":1603455,"hostname":"TempleOfZyminx","from":{"q":0,"r":9},"to":{"q":14,"r":15},"msg":"findPath: no valid path found"}
{"level":30,"time":1774382619652,"pid":1603455,"hostname":"TempleOfZyminx","from":{"q":0,"r":9},"to":{"q":14,"r":16},"msg":"findPath: no valid path found"}
{"level":30,"time":1774382619652,"pid":1603455,"hostname":"TempleOfZyminx","from":{"q":0,"r":9},"to":{"q":14,"r":17},"msg":"findPath: no valid path found"}
{"level":30,"time":1774382619652,"pid":1603455,"hostname":"TempleOfZyminx","from":{"q":0,"r":9},"to":{"q":14,"r":18},"msg":"findPath: no valid path found"}
{"level":30,"time":1774382619652,"pid":1603455,"hostname":"TempleOfZyminx","from":{"q":0,"r":9},"to":{"q":14,"r":19},"msg":"findPath: no valid path found"}
{"level":30,"time":1774382619653,"pid":1603455,"hostname":"TempleOfZyminx","from":{"q":0,"r":9},"to":{"q":14,"r":20},"msg":"findPath: no valid path found"}
{"level":30,"time":1774382619653,"pid":1603455,"hostname":"TempleOfZyminx","from":{"q":0,"r":9},"to":{"q":14,"r":21},"msg":"findPath: no valid path found"}
{"level":30,"time":1774382619653,"pid":1603455,"hostname":"TempleOfZyminx","id":"a93fcf5b-e901-4464-8fe2-c07b8bc58aa4","command":"MOVE","msg":"Submitting game action"}
{"level":30,"time":1774382619653,"pid":1603455,"hostname":"TempleOfZyminx","gameId":"a93fcf5b-e901-4464-8fe2-c07b8bc58aa4","unitId":"wolf-1","msg":"Processing MOVE command"}
{"level":30,"time":1774382619656,"pid":1603455,"hostname":"TempleOfZyminx","from":{"q":3,"r":6},"to":{"q":0,"r":0},"msg":"findPath: no valid path found"}
{"level":30,"time":1774382619656,"pid":1603455,"hostname":"TempleOfZyminx","from":{"q":3,"r":6},"to":{"q":0,"r":1},"msg":"findPath: no valid path found"}
{"level":30,"time":1774382619656,"pid":1603455,"hostname":"TempleOfZyminx","from":{"q":3,"r":6},"to":{"q":0,"r":2},"msg":"findPath: no valid path found"}
{"level":30,"time":1774382619656,"pid":1603455,"hostname":"TempleOfZyminx","from":{"q":3,"r":6},"to":{"q":0,"r":3},"msg":"findPath: no valid path found"}
{"level":30,"time":1774382619656,"pid":1603455,"hostname":"TempleOfZyminx","from":{"q":3,"r":6},"to":{"q":0,"r":4},"msg":"findPath: no valid path found"}
{"level":30,"time":1774382619657,"pid":1603455,"hostname":"TempleOfZyminx","from":{"q":3,"r":6},"to":{"q":0,"r":11},"msg":"findPath: no valid path found"}
{"level":30,"time":1774382619657,"pid":1603455,"hostname":"TempleOfZyminx","from":{"q":3,"r":6},"to":{"q":0,"r":12},"msg":"findPath: no valid path found"}
{"level":30,"time":1774382619657,"pid":1603455,"hostname":"TempleOfZyminx","from":{"q":3,"r":6},"to":{"q":0,"r":13},"msg":"findPath: no valid path found"}
{"level":30,"time":1774382619657,"pid":1603455,"hostname":"TempleOfZyminx","from":{"q":3,"r":6},"to":{"q":0,"r":14},"msg":"findPath: no valid path found"}
{"level":30,"time":1774382619657,"pid":1603455,"hostname":"TempleOfZyminx","from":{"q":3,"r":6},"to":{"q":0,"r":15},"msg":"findPath: no valid path found"}
{"level":30,"time":1774382619657,"pid":1603455,"hostname":"TempleOfZyminx","from":{"q":3,"r":6},"to":{"q":0,"r":16},"msg":"findPath: no valid path found"}
{"level":30,"time":1774382619658,"pid":1603455,"hostname":"TempleOfZyminx","from":{"q":3,"r":6},"to":{"q":0,"r":17},"msg":"findPath: no valid path found"}
{"level":30,"time":1774382619658,"pid":1603455,"hostname":"TempleOfZyminx","from":{"q":3,"r":6},"to":{"q":0,"r":18},"msg":"findPath: no valid path found"}
{"level":30,"time":1774382619658,"pid":1603455,"hostname":"TempleOfZyminx","from":{"q":3,"r":6},"to":{"q":0,"r":19},"msg":"findPath: no valid path found"}
{"level":30,"time":1774382619658,"pid":1603455,"hostname":"TempleOfZyminx","from":{"q":3,"r":6},"to":{"q":0,"r":20},"msg":"findPath: no valid path found"}
{"level":30,"time":1774382619658,"pid":1603455,"hostname":"TempleOfZyminx","from":{"q":3,"r":6},"to":{"q":0,"r":21},"msg":"findPath: no valid path found"}
{"level":30,"time":1774382619658,"pid":1603455,"hostname":"TempleOfZyminx","from":{"q":3,"r":6},"to":{"q":1,"r":0},"msg":"findPath: no valid path found"}
{"level":30,"time":1774382619658,"pid":1603455,"hostname":"TempleOfZyminx","from":{"q":3,"r":6},"to":{"q":1,"r":1},"msg":"findPath: no valid path found"}
{"level":30,"time":1774382619658,"pid":1603455,"hostname":"TempleOfZyminx","from":{"q":3,"r":6},"to":{"q":1,"r":2},"msg":"findPath: no valid path found"}
{"level":30,"time":1774382619659,"pid":1603455,"hostname":"TempleOfZyminx","from":{"q":3,"r":6},"to":{"q":1,"r":3},"msg":"findPath: no valid path found"}
{"level":30,"time":1774382619660,"pid":1603455,"hostname":"TempleOfZyminx","from":{"q":3,"r":6},"to":{"q":1,"r":11},"msg":"findPath: no valid path found"}
{"level":30,"time":1774382619660,"pid":1603455,"hostname":"TempleOfZyminx","from":{"q":3,"r":6},"to":{"q":1,"r":12},"msg":"findPath: no valid path found"}
{"level":30,"time":1774382619660,"pid":1603455,"hostname":"TempleOfZyminx","from":{"q":3,"r":6},"to":{"q":1,"r":13},"msg":"findPath: no valid path found"}
{"level":30,"time":1774382619660,"pid":1603455,"hostname":"TempleOfZyminx","from":{"q":3,"r":6},"to":{"q":1,"r":14},"msg":"findPath: no valid path found"}
{"level":30,"time":1774382619661,"pid":1603455,"hostname":"TempleOfZyminx","from":{"q":3,"r":6},"to":{"q":1,"r":15},"msg":"findPath: no valid path found"}
{"level":30,"time":1774382619661,"pid":1603455,"hostname":"TempleOfZyminx","from":{"q":3,"r":6},"to":{"q":1,"r":16},"msg":"findPath: no valid path found"}
{"level":30,"time":1774382619661,"pid":1603455,"hostname":"TempleOfZyminx","from":{"q":3,"r":6},"to":{"q":1,"r":17},"msg":"findPath: no valid path found"}
{"level":30,"time":1774382619661,"pid":1603455,"hostname":"TempleOfZyminx","from":{"q":3,"r":6},"to":{"q":1,"r":18},"msg":"findPath: no valid path found"}
{"level":30,"time":1774382619661,"pid":1603455,"hostname":"TempleOfZyminx","from":{"q":3,"r":6},"to":{"q":1,"r":19},"msg":"findPath: no valid path found"}
{"level":30,"time":1774382619654,"pid":1603593,"hostname":"TempleOfZyminx","scenarioId":"swamp-siege-01","role":"onion","msg":"Creating new game match"}
{"level":30,"time":1774382619654,"pid":1603593,"hostname":"TempleOfZyminx","gameId":"b7c246ba-19f6-47a2-bde2-59810d10e0af","role":"onion","msg":"Game match created"}
{"level":30,"time":1774382619655,"pid":1603593,"hostname":"TempleOfZyminx","id":"b7c246ba-19f6-47a2-bde2-59810d10e0af","msg":"User joining game"}
{"level":30,"time":1774382619655,"pid":1603593,"hostname":"TempleOfZyminx","gameId":"b7c246ba-19f6-47a2-bde2-59810d10e0af","role":"defender","msg":"User joined game"}
{"level":30,"time":1774382619656,"pid":1603593,"hostname":"TempleOfZyminx","id":"b7c246ba-19f6-47a2-bde2-59810d10e0af","msg":"Fetching game state"}
{"level":30,"time":1774382619657,"pid":1603593,"hostname":"TempleOfZyminx","id":"b7c246ba-19f6-47a2-bde2-59810d10e0af","msg":"Fetching game state"}
{"level":30,"time":1774382619658,"pid":1603593,"hostname":"TempleOfZyminx","id":"b7c246ba-19f6-47a2-bde2-59810d10e0af","command":"FIRE","msg":"Submitting game action"}
{"level":30,"time":1774382619658,"pid":1603593,"hostname":"TempleOfZyminx","gameId":"b7c246ba-19f6-47a2-bde2-59810d10e0af","type":"FIRE","msg":"Processing combat command"}
{"level":30,"time":1774382619658,"pid":1603593,"hostname":"TempleOfZyminx","commandType":"FIRE","msg":"Validating combat action"}
{"level":30,"time":1774382619658,"pid":1603593,"hostname":"TempleOfZyminx","gameId":"b7c246ba-19f6-47a2-bde2-59810d10e0af","error":"Not a combat phase","msg":"Invalid combat command"}
{"level":30,"time":1774382619658,"pid":1603593,"hostname":"TempleOfZyminx","id":"b7c246ba-19f6-47a2-bde2-59810d10e0af","msg":"Fetching game state"}
{"level":30,"time":1774382619659,"pid":1603593,"hostname":"TempleOfZyminx","id":"b7c246ba-19f6-47a2-bde2-59810d10e0af","command":"END_PHASE","msg":"Submitting game action"}
{"level":30,"time":1774382619659,"pid":1603593,"hostname":"TempleOfZyminx","gameId":"b7c246ba-19f6-47a2-bde2-59810d10e0af","phase":"ONION_MOVE","msg":"Advancing phase"}
{"level":30,"time":1774382619659,"pid":1603593,"hostname":"TempleOfZyminx","phase":"ONION_MOVE","turnNumber":1,"msg":"Advancing phase in engine"}
{"level":30,"time":1774382619660,"pid":1603593,"hostname":"TempleOfZyminx","id":"b7c246ba-19f6-47a2-bde2-59810d10e0af","msg":"Fetching game state"}
{"level":30,"time":1774382619661,"pid":1603593,"hostname":"TempleOfZyminx","id":"b7c246ba-19f6-47a2-bde2-59810d10e0af","command":"MOVE","msg":"Submitting game action"}
{"level":30,"time":1774382619661,"pid":1603593,"hostname":"TempleOfZyminx","gameId":"b7c246ba-19f6-47a2-bde2-59810d10e0af","unitId":"onion-1","msg":"Processing MOVE command"}
{"level":30,"time":1774382619661,"pid":1603593,"hostname":"TempleOfZyminx","gameId":"b7c246ba-19f6-47a2-bde2-59810d10e0af","error":"Not the Onion movement phase","msg":"Invalid move command"}
{"level":30,"time":1774382619661,"pid":1603455,"hostname":"TempleOfZyminx","from":{"q":3,"r":6},"to":{"q":1,"r":20},"msg":"findPath: no valid path found"}
{"level":30,"time":1774382619661,"pid":1603455,"hostname":"TempleOfZyminx","from":{"q":3,"r":6},"to":{"q":1,"r":21},"msg":"findPath: no valid path found"}
{"level":30,"time":1774382619661,"pid":1603455,"hostname":"TempleOfZyminx","from":{"q":3,"r":6},"to":{"q":2,"r":0},"msg":"findPath: no valid path found"}
{"level":30,"time":1774382619661,"pid":1603455,"hostname":"TempleOfZyminx","from":{"q":3,"r":6},"to":{"q":2,"r":1},"msg":"findPath: no valid path found"}
{"level":30,"time":1774382619662,"pid":1603455,"hostname":"TempleOfZyminx","from":{"q":3,"r":6},"to":{"q":2,"r":2},"msg":"findPath: no valid path found"}
{"level":30,"time":1774382619663,"pid":1603455,"hostname":"TempleOfZyminx","from":{"q":3,"r":6},"to":{"q":2,"r":11},"msg":"findPath: no valid path found"}
{"level":30,"time":1774382619664,"pid":1603455,"hostname":"TempleOfZyminx","from":{"q":3,"r":6},"to":{"q":2,"r":12},"msg":"findPath: no valid path found"}
{"level":30,"time":1774382619664,"pid":1603455,"hostname":"TempleOfZyminx","from":{"q":3,"r":6},"to":{"q":2,"r":13},"msg":"findPath: no valid path found"}
{"level":30,"time":1774382619664,"pid":1603455,"hostname":"TempleOfZyminx","from":{"q":3,"r":6},"to":{"q":2,"r":14},"msg":"findPath: no valid path found"}
{"level":30,"time":1774382619664,"pid":1603455,"hostname":"TempleOfZyminx","from":{"q":3,"r":6},"to":{"q":2,"r":15},"msg":"findPath: no valid path found"}
{"level":30,"time":1774382619664,"pid":1603455,"hostname":"TempleOfZyminx","from":{"q":3,"r":6},"to":{"q":2,"r":16},"msg":"findPath: no valid path found"}
{"level":30,"time":1774382619664,"pid":1603455,"hostname":"TempleOfZyminx","from":{"q":3,"r":6},"to":{"q":2,"r":17},"msg":"findPath: no valid path found"}
{"level":30,"time":1774382619664,"pid":1603455,"hostname":"TempleOfZyminx","from":{"q":3,"r":6},"to":{"q":2,"r":18},"msg":"findPath: no valid path found"}
{"level":30,"time":1774382619665,"pid":1603455,"hostname":"TempleOfZyminx","from":{"q":3,"r":6},"to":{"q":2,"r":19},"msg":"findPath: no valid path found"}
{"level":30,"time":1774382619665,"pid":1603455,"hostname":"TempleOfZyminx","from":{"q":3,"r":6},"to":{"q":2,"r":20},"msg":"findPath: no valid path found"}
{"level":30,"time":1774382619665,"pid":1603455,"hostname":"TempleOfZyminx","from":{"q":3,"r":6},"to":{"q":2,"r":21},"msg":"findPath: no valid path found"}
{"level":30,"time":1774382619665,"pid":1603455,"hostname":"TempleOfZyminx","from":{"q":3,"r":6},"to":{"q":3,"r":0},"msg":"findPath: no valid path found"}
{"level":30,"time":1774382619665,"pid":1603455,"hostname":"TempleOfZyminx","from":{"q":3,"r":6},"to":{"q":3,"r":1},"msg":"findPath: no valid path found"}
{"level":30,"time":1774382619665,"pid":1603455,"hostname":"TempleOfZyminx","from":{"q":3,"r":6},"to":{"q":3,"r":8},"msg":"findPath: no valid path found"}
{"level":30,"time":1774382619666,"pid":1603455,"hostname":"TempleOfZyminx","from":{"q":3,"r":6},"to":{"q":3,"r":10},"msg":"findPath: no valid path found"}
{"level":30,"time":1774382619666,"pid":1603455,"hostname":"TempleOfZyminx","from":{"q":3,"r":6},"to":{"q":3,"r":11},"msg":"findPath: no valid path found"}
{"level":30,"time":1774382619666,"pid":1603455,"hostname":"TempleOfZyminx","from":{"q":3,"r":6},"to":{"q":3,"r":12},"msg":"findPath: no valid path found"}
{"level":30,"time":1774382619666,"pid":1603455,"hostname":"TempleOfZyminx","from":{"q":3,"r":6},"to":{"q":3,"r":13},"msg":"findPath: no valid path found"}
{"level":30,"time":1774382619666,"pid":1603455,"hostname":"TempleOfZyminx","from":{"q":3,"r":6},"to":{"q":3,"r":14},"msg":"findPath: no valid path found"}
{"level":30,"time":1774382619666,"pid":1603455,"hostname":"TempleOfZyminx","from":{"q":3,"r":6},"to":{"q":3,"r":15},"msg":"findPath: no valid path found"}
{"level":30,"time":1774382619666,"pid":1603455,"hostname":"TempleOfZyminx","from":{"q":3,"r":6},"to":{"q":3,"r":16},"msg":"findPath: no valid path found"}
{"level":30,"time":1774382619666,"pid":1603455,"hostname":"TempleOfZyminx","from":{"q":3,"r":6},"to":{"q":3,"r":17},"msg":"findPath: no valid path found"}
{"level":30,"time":1774382619666,"pid":1603455,"hostname":"TempleOfZyminx","from":{"q":3,"r":6},"to":{"q":3,"r":18},"msg":"findPath: no valid path found"}
{"level":30,"time":1774382619666,"pid":1603455,"hostname":"TempleOfZyminx","from":{"q":3,"r":6},"to":{"q":3,"r":19},"msg":"findPath: no valid path found"}
{"level":30,"time":1774382619667,"pid":1603455,"hostname":"TempleOfZyminx","from":{"q":3,"r":6},"to":{"q":3,"r":20},"msg":"findPath: no valid path found"}
{"level":30,"time":1774382619667,"pid":1603455,"hostname":"TempleOfZyminx","from":{"q":3,"r":6},"to":{"q":3,"r":21},"msg":"findPath: no valid path found"}
{"level":30,"time":1774382619667,"pid":1603455,"hostname":"TempleOfZyminx","from":{"q":3,"r":6},"to":{"q":4,"r":0},"msg":"findPath: no valid path found"}
{"level":30,"time":1774382619667,"pid":1603455,"hostname":"TempleOfZyminx","from":{"q":3,"r":6},"to":{"q":4,"r":1},"msg":"findPath: no valid path found"}
{"level":30,"time":1774382619668,"pid":1603455,"hostname":"TempleOfZyminx","from":{"q":3,"r":6},"to":{"q":4,"r":8},"msg":"findPath: no valid path found"}
{"level":30,"time":1774382619668,"pid":1603455,"hostname":"TempleOfZyminx","from":{"q":3,"r":6},"to":{"q":4,"r":9},"msg":"findPath: no valid path found"}
{"level":30,"time":1774382619668,"pid":1603455,"hostname":"TempleOfZyminx","from":{"q":3,"r":6},"to":{"q":4,"r":10},"msg":"findPath: no valid path found"}
{"level":30,"time":1774382619668,"pid":1603455,"hostname":"TempleOfZyminx","from":{"q":3,"r":6},"to":{"q":4,"r":11},"msg":"findPath: no valid path found"}
{"level":30,"time":1774382619668,"pid":1603455,"hostname":"TempleOfZyminx","from":{"q":3,"r":6},"to":{"q":4,"r":12},"msg":"findPath: no valid path found"}
{"level":30,"time":1774382619668,"pid":1603455,"hostname":"TempleOfZyminx","from":{"q":3,"r":6},"to":{"q":4,"r":13},"msg":"findPath: no valid path found"}
{"level":30,"time":1774382619669,"pid":1603455,"hostname":"TempleOfZyminx","from":{"q":3,"r":6},"to":{"q":4,"r":14},"msg":"findPath: no valid path found"}
{"level":30,"time":1774382619669,"pid":1603455,"hostname":"TempleOfZyminx","from":{"q":3,"r":6},"to":{"q":4,"r":15},"msg":"findPath: no valid path found"}
{"level":30,"time":1774382619669,"pid":1603455,"hostname":"TempleOfZyminx","from":{"q":3,"r":6},"to":{"q":4,"r":16},"msg":"findPath: no valid path found"}
{"level":30,"time":1774382619669,"pid":1603455,"hostname":"TempleOfZyminx","from":{"q":3,"r":6},"to":{"q":4,"r":17},"msg":"findPath: no valid path found"}
{"level":30,"time":1774382619669,"pid":1603455,"hostname":"TempleOfZyminx","from":{"q":3,"r":6},"to":{"q":4,"r":18},"msg":"findPath: no valid path found"}
{"level":30,"time":1774382619669,"pid":1603455,"hostname":"TempleOfZyminx","from":{"q":3,"r":6},"to":{"q":4,"r":19},"msg":"findPath: no valid path found"}
{"level":30,"time":1774382619670,"pid":1603455,"hostname":"TempleOfZyminx","from":{"q":3,"r":6},"to":{"q":4,"r":20},"msg":"findPath: no valid path found"}
{"level":30,"time":1774382619670,"pid":1603455,"hostname":"TempleOfZyminx","from":{"q":3,"r":6},"to":{"q":4,"r":21},"msg":"findPath: no valid path found"}
{"level":30,"time":1774382619670,"pid":1603455,"hostname":"TempleOfZyminx","from":{"q":3,"r":6},"to":{"q":5,"r":0},"msg":"findPath: no valid path found"}
{"level":30,"time":1774382619670,"pid":1603455,"hostname":"TempleOfZyminx","from":{"q":3,"r":6},"to":{"q":5,"r":1},"msg":"findPath: no valid path found"}
{"level":30,"time":1774382619670,"pid":1603455,"hostname":"TempleOfZyminx","from":{"q":3,"r":6},"to":{"q":5,"r":2},"msg":"findPath: no valid path found"}
{"level":30,"time":1774382619671,"pid":1603455,"hostname":"TempleOfZyminx","from":{"q":3,"r":6},"to":{"q":5,"r":9},"msg":"findPath: no valid path found"}
{"level":30,"time":1774382619671,"pid":1603455,"hostname":"TempleOfZyminx","from":{"q":3,"r":6},"to":{"q":5,"r":10},"msg":"findPath: no valid path found"}
{"level":30,"time":1774382619671,"pid":1603455,"hostname":"TempleOfZyminx","from":{"q":3,"r":6},"to":{"q":5,"r":11},"msg":"findPath: no valid path found"}
{"level":30,"time":1774382619671,"pid":1603455,"hostname":"TempleOfZyminx","from":{"q":3,"r":6},"to":{"q":5,"r":12},"msg":"findPath: no valid path found"}
{"level":30,"time":1774382619671,"pid":1603455,"hostname":"TempleOfZyminx","from":{"q":3,"r":6},"to":{"q":5,"r":13},"msg":"findPath: no valid path found"}
{"level":30,"time":1774382619671,"pid":1603455,"hostname":"TempleOfZyminx","from":{"q":3,"r":6},"to":{"q":5,"r":14},"msg":"findPath: no valid path found"}
{"level":30,"time":1774382619671,"pid":1603455,"hostname":"TempleOfZyminx","from":{"q":3,"r":6},"to":{"q":5,"r":15},"msg":"findPath: no valid path found"}
{"level":30,"time":1774382619671,"pid":1603455,"hostname":"TempleOfZyminx","from":{"q":3,"r":6},"to":{"q":5,"r":16},"msg":"findPath: no valid path found"}
{"level":30,"time":1774382619672,"pid":1603455,"hostname":"TempleOfZyminx","from":{"q":3,"r":6},"to":{"q":5,"r":17},"msg":"findPath: no valid path found"}
{"level":30,"time":1774382619672,"pid":1603455,"hostname":"TempleOfZyminx","from":{"q":3,"r":6},"to":{"q":5,"r":18},"msg":"findPath: no valid path found"}
{"level":30,"time":1774382619672,"pid":1603455,"hostname":"TempleOfZyminx","from":{"q":3,"r":6},"to":{"q":5,"r":19},"msg":"findPath: no valid path found"}
{"level":30,"time":1774382619672,"pid":1603455,"hostname":"TempleOfZyminx","from":{"q":3,"r":6},"to":{"q":5,"r":20},"msg":"findPath: no valid path found"}
{"level":30,"time":1774382619672,"pid":1603455,"hostname":"TempleOfZyminx","from":{"q":3,"r":6},"to":{"q":5,"r":21},"msg":"findPath: no valid path found"}
{"level":30,"time":1774382619672,"pid":1603455,"hostname":"TempleOfZyminx","from":{"q":3,"r":6},"to":{"q":6,"r":0},"msg":"findPath: no valid path found"}
{"level":30,"time":1774382619672,"pid":1603455,"hostname":"TempleOfZyminx","from":{"q":3,"r":6},"to":{"q":6,"r":1},"msg":"findPath: no valid path found"}
{"level":30,"time":1774382619672,"pid":1603455,"hostname":"TempleOfZyminx","from":{"q":3,"r":6},"to":{"q":6,"r":8},"msg":"findPath: no valid path found"}
{"level":30,"time":1774382619672,"pid":1603455,"hostname":"TempleOfZyminx","from":{"q":3,"r":6},"to":{"q":6,"r":9},"msg":"findPath: no valid path found"}
{"level":30,"time":1774382619672,"pid":1603455,"hostname":"TempleOfZyminx","from":{"q":3,"r":6},"to":{"q":6,"r":10},"msg":"findPath: no valid path found"}
{"level":30,"time":1774382619673,"pid":1603455,"hostname":"TempleOfZyminx","from":{"q":3,"r":6},"to":{"q":6,"r":11},"msg":"findPath: no valid path found"}
{"level":30,"time":1774382619673,"pid":1603455,"hostname":"TempleOfZyminx","from":{"q":3,"r":6},"to":{"q":6,"r":12},"msg":"findPath: no valid path found"}
{"level":30,"time":1774382619673,"pid":1603455,"hostname":"TempleOfZyminx","from":{"q":3,"r":6},"to":{"q":6,"r":13},"msg":"findPath: no valid path found"}
{"level":30,"time":1774382619673,"pid":1603455,"hostname":"TempleOfZyminx","from":{"q":3,"r":6},"to":{"q":6,"r":14},"msg":"findPath: no valid path found"}
{"level":30,"time":1774382619673,"pid":1603455,"hostname":"TempleOfZyminx","from":{"q":3,"r":6},"to":{"q":6,"r":15},"msg":"findPath: no valid path found"}
{"level":30,"time":1774382619673,"pid":1603455,"hostname":"TempleOfZyminx","from":{"q":3,"r":6},"to":{"q":6,"r":16},"msg":"findPath: no valid path found"}
{"level":30,"time":1774382619673,"pid":1603455,"hostname":"TempleOfZyminx","from":{"q":3,"r":6},"to":{"q":6,"r":17},"msg":"findPath: no valid path found"}
{"level":30,"time":1774382619673,"pid":1603455,"hostname":"TempleOfZyminx","from":{"q":3,"r":6},"to":{"q":6,"r":18},"msg":"findPath: no valid path found"}
{"level":30,"time":1774382619673,"pid":1603455,"hostname":"TempleOfZyminx","from":{"q":3,"r":6},"to":{"q":6,"r":19},"msg":"findPath: no valid path found"}
{"level":30,"time":1774382619673,"pid":1603455,"hostname":"TempleOfZyminx","from":{"q":3,"r":6},"to":{"q":6,"r":20},"msg":"findPath: no valid path found"}
{"level":30,"time":1774382619673,"pid":1603455,"hostname":"TempleOfZyminx","from":{"q":3,"r":6},"to":{"q":6,"r":21},"msg":"findPath: no valid path found"}
{"level":30,"time":1774382619673,"pid":1603455,"hostname":"TempleOfZyminx","from":{"q":3,"r":6},"to":{"q":7,"r":0},"msg":"findPath: no valid path found"}
{"level":30,"time":1774382619673,"pid":1603455,"hostname":"TempleOfZyminx","from":{"q":3,"r":6},"to":{"q":7,"r":1},"msg":"findPath: no valid path found"}
{"level":30,"time":1774382619674,"pid":1603455,"hostname":"TempleOfZyminx","from":{"q":3,"r":6},"to":{"q":7,"r":7},"msg":"findPath: no valid path found"}
{"level":30,"time":1774382619674,"pid":1603455,"hostname":"TempleOfZyminx","from":{"q":3,"r":6},"to":{"q":7,"r":8},"msg":"findPath: no valid path found"}
{"level":30,"time":1774382619674,"pid":1603455,"hostname":"TempleOfZyminx","from":{"q":3,"r":6},"to":{"q":7,"r":9},"msg":"findPath: no valid path found"}
{"level":30,"time":1774382619674,"pid":1603455,"hostname":"TempleOfZyminx","from":{"q":3,"r":6},"to":{"q":7,"r":10},"msg":"findPath: no valid path found"}
{"level":30,"time":1774382619674,"pid":1603455,"hostname":"TempleOfZyminx","from":{"q":3,"r":6},"to":{"q":7,"r":11},"msg":"findPath: no valid path found"}
{"level":30,"time":1774382619674,"pid":1603455,"hostname":"TempleOfZyminx","from":{"q":3,"r":6},"to":{"q":7,"r":12},"msg":"findPath: no valid path found"}
{"level":30,"time":1774382619674,"pid":1603455,"hostname":"TempleOfZyminx","from":{"q":3,"r":6},"to":{"q":7,"r":13},"msg":"findPath: no valid path found"}
{"level":30,"time":1774382619674,"pid":1603455,"hostname":"TempleOfZyminx","from":{"q":3,"r":6},"to":{"q":7,"r":14},"msg":"findPath: no valid path found"}
{"level":30,"time":1774382619674,"pid":1603455,"hostname":"TempleOfZyminx","from":{"q":3,"r":6},"to":{"q":7,"r":15},"msg":"findPath: no valid path found"}
{"level":30,"time":1774382619674,"pid":1603455,"hostname":"TempleOfZyminx","from":{"q":3,"r":6},"to":{"q":7,"r":16},"msg":"findPath: no valid path found"}
{"level":30,"time":1774382619674,"pid":1603455,"hostname":"TempleOfZyminx","from":{"q":3,"r":6},"to":{"q":7,"r":17},"msg":"findPath: no valid path found"}
{"level":30,"time":1774382619674,"pid":1603455,"hostname":"TempleOfZyminx","from":{"q":3,"r":6},"to":{"q":7,"r":18},"msg":"findPath: no valid path found"}
{"level":30,"time":1774382619674,"pid":1603455,"hostname":"TempleOfZyminx","from":{"q":3,"r":6},"to":{"q":7,"r":19},"msg":"findPath: no valid path found"}
{"level":30,"time":1774382619674,"pid":1603455,"hostname":"TempleOfZyminx","from":{"q":3,"r":6},"to":{"q":7,"r":20},"msg":"findPath: no valid path found"}
{"level":30,"time":1774382619674,"pid":1603455,"hostname":"TempleOfZyminx","from":{"q":3,"r":6},"to":{"q":7,"r":21},"msg":"findPath: no valid path found"}
{"level":30,"time":1774382619675,"pid":1603455,"hostname":"TempleOfZyminx","from":{"q":3,"r":6},"to":{"q":8,"r":0},"msg":"findPath: no valid path found"}
{"level":30,"time":1774382619675,"pid":1603455,"hostname":"TempleOfZyminx","from":{"q":3,"r":6},"to":{"q":8,"r":1},"msg":"findPath: no valid path found"}
{"level":30,"time":1774382619675,"pid":1603455,"hostname":"TempleOfZyminx","from":{"q":3,"r":6},"to":{"q":8,"r":2},"msg":"findPath: no valid path found"}
{"level":30,"time":1774382619675,"pid":1603455,"hostname":"TempleOfZyminx","from":{"q":3,"r":6},"to":{"q":8,"r":3},"msg":"findPath: no valid path found"}
{"level":30,"time":1774382619675,"pid":1603455,"hostname":"TempleOfZyminx","from":{"q":3,"r":6},"to":{"q":8,"r":4},"msg":"findPath: no valid path found"}
{"level":30,"time":1774382619675,"pid":1603455,"hostname":"TempleOfZyminx","from":{"q":3,"r":6},"to":{"q":8,"r":5},"msg":"findPath: no valid path found"}
{"level":30,"time":1774382619675,"pid":1603455,"hostname":"TempleOfZyminx","from":{"q":3,"r":6},"to":{"q":8,"r":6},"msg":"findPath: no valid path found"}
{"level":30,"time":1774382619675,"pid":1603455,"hostname":"TempleOfZyminx","from":{"q":3,"r":6},"to":{"q":8,"r":7},"msg":"findPath: no valid path found"}
{"level":30,"time":1774382619675,"pid":1603455,"hostname":"TempleOfZyminx","from":{"q":3,"r":6},"to":{"q":8,"r":8},"msg":"findPath: no valid path found"}
{"level":30,"time":1774382619675,"pid":1603455,"hostname":"TempleOfZyminx","from":{"q":3,"r":6},"to":{"q":8,"r":9},"msg":"findPath: no valid path found"}
{"level":30,"time":1774382619675,"pid":1603455,"hostname":"TempleOfZyminx","from":{"q":3,"r":6},"to":{"q":8,"r":10},"msg":"findPath: no valid path found"}
{"level":30,"time":1774382619675,"pid":1603455,"hostname":"TempleOfZyminx","from":{"q":3,"r":6},"to":{"q":8,"r":11},"msg":"findPath: no valid path found"}
{"level":30,"time":1774382619675,"pid":1603455,"hostname":"TempleOfZyminx","from":{"q":3,"r":6},"to":{"q":8,"r":12},"msg":"findPath: no valid path found"}
{"level":30,"time":1774382619675,"pid":1603455,"hostname":"TempleOfZyminx","from":{"q":3,"r":6},"to":{"q":8,"r":13},"msg":"findPath: no valid path found"}
{"level":30,"time":1774382619675,"pid":1603455,"hostname":"TempleOfZyminx","from":{"q":3,"r":6},"to":{"q":8,"r":14},"msg":"findPath: no valid path found"}
{"level":30,"time":1774382619675,"pid":1603455,"hostname":"TempleOfZyminx","from":{"q":3,"r":6},"to":{"q":8,"r":15},"msg":"findPath: no valid path found"}
{"level":30,"time":1774382619675,"pid":1603455,"hostname":"TempleOfZyminx","from":{"q":3,"r":6},"to":{"q":8,"r":16},"msg":"findPath: no valid path found"}
{"level":30,"time":1774382619676,"pid":1603455,"hostname":"TempleOfZyminx","from":{"q":3,"r":6},"to":{"q":8,"r":17},"msg":"findPath: no valid path found"}
{"level":30,"time":1774382619676,"pid":1603455,"hostname":"TempleOfZyminx","from":{"q":3,"r":6},"to":{"q":8,"r":18},"msg":"findPath: no valid path found"}
{"level":30,"time":1774382619676,"pid":1603455,"hostname":"TempleOfZyminx","from":{"q":3,"r":6},"to":{"q":8,"r":19},"msg":"findPath: no valid path found"}
{"level":30,"time":1774382619677,"pid":1603455,"hostname":"TempleOfZyminx","from":{"q":3,"r":6},"to":{"q":8,"r":20},"msg":"findPath: no valid path found"}
{"level":30,"time":1774382619677,"pid":1603455,"hostname":"TempleOfZyminx","from":{"q":3,"r":6},"to":{"q":8,"r":21},"msg":"findPath: no valid path found"}
{"level":30,"time":1774382619677,"pid":1603455,"hostname":"TempleOfZyminx","from":{"q":3,"r":6},"to":{"q":9,"r":0},"msg":"findPath: no valid path found"}
{"level":30,"time":1774382619677,"pid":1603455,"hostname":"TempleOfZyminx","from":{"q":3,"r":6},"to":{"q":9,"r":1},"msg":"findPath: no valid path found"}
{"level":30,"time":1774382619677,"pid":1603455,"hostname":"TempleOfZyminx","from":{"q":3,"r":6},"to":{"q":9,"r":2},"msg":"findPath: no valid path found"}
{"level":30,"time":1774382619677,"pid":1603455,"hostname":"TempleOfZyminx","from":{"q":3,"r":6},"to":{"q":9,"r":3},"msg":"findPath: no valid path found"}
{"level":30,"time":1774382619677,"pid":1603455,"hostname":"TempleOfZyminx","from":{"q":3,"r":6},"to":{"q":9,"r":4},"msg":"findPath: no valid path found"}
{"level":30,"time":1774382619677,"pid":1603455,"hostname":"TempleOfZyminx","from":{"q":3,"r":6},"to":{"q":9,"r":5},"msg":"findPath: no valid path found"}
{"level":30,"time":1774382619677,"pid":1603455,"hostname":"TempleOfZyminx","from":{"q":3,"r":6},"to":{"q":9,"r":6},"msg":"findPath: no valid path found"}
{"level":30,"time":1774382619677,"pid":1603455,"hostname":"TempleOfZyminx","from":{"q":3,"r":6},"to":{"q":9,"r":7},"msg":"findPath: no valid path found"}
{"level":30,"time":1774382619677,"pid":1603455,"hostname":"TempleOfZyminx","from":{"q":3,"r":6},"to":{"q":9,"r":8},"msg":"findPath: no valid path found"}
{"level":30,"time":1774382619677,"pid":1603455,"hostname":"TempleOfZyminx","from":{"q":3,"r":6},"to":{"q":9,"r":9},"msg":"findPath: no valid path found"}
{"level":30,"time":1774382619678,"pid":1603455,"hostname":"TempleOfZyminx","from":{"q":3,"r":6},"to":{"q":9,"r":10},"msg":"findPath: no valid path found"}
{"level":30,"time":1774382619678,"pid":1603455,"hostname":"TempleOfZyminx","from":{"q":3,"r":6},"to":{"q":9,"r":11},"msg":"findPath: no valid path found"}
{"level":30,"time":1774382619678,"pid":1603455,"hostname":"TempleOfZyminx","from":{"q":3,"r":6},"to":{"q":9,"r":12},"msg":"findPath: no valid path found"}
{"level":30,"time":1774382619678,"pid":1603455,"hostname":"TempleOfZyminx","from":{"q":3,"r":6},"to":{"q":9,"r":13},"msg":"findPath: no valid path found"}
{"level":30,"time":1774382619678,"pid":1603455,"hostname":"TempleOfZyminx","from":{"q":3,"r":6},"to":{"q":9,"r":14},"msg":"findPath: no valid path found"}
{"level":30,"time":1774382619678,"pid":1603455,"hostname":"TempleOfZyminx","from":{"q":3,"r":6},"to":{"q":9,"r":15},"msg":"findPath: no valid path found"}
{"level":30,"time":1774382619678,"pid":1603455,"hostname":"TempleOfZyminx","from":{"q":3,"r":6},"to":{"q":9,"r":16},"msg":"findPath: no valid path found"}
{"level":30,"time":1774382619678,"pid":1603455,"hostname":"TempleOfZyminx","from":{"q":3,"r":6},"to":{"q":9,"r":17},"msg":"findPath: no valid path found"}
{"level":30,"time":1774382619678,"pid":1603455,"hostname":"TempleOfZyminx","from":{"q":3,"r":6},"to":{"q":9,"r":18},"msg":"findPath: no valid path found"}
{"level":30,"time":1774382619678,"pid":1603455,"hostname":"TempleOfZyminx","from":{"q":3,"r":6},"to":{"q":9,"r":19},"msg":"findPath: no valid path found"}
{"level":30,"time":1774382619678,"pid":1603455,"hostname":"TempleOfZyminx","from":{"q":3,"r":6},"to":{"q":9,"r":20},"msg":"findPath: no valid path found"}
{"level":30,"time":1774382619678,"pid":1603455,"hostname":"TempleOfZyminx","from":{"q":3,"r":6},"to":{"q":9,"r":21},"msg":"findPath: no valid path found"}
{"level":30,"time":1774382619678,"pid":1603455,"hostname":"TempleOfZyminx","from":{"q":3,"r":6},"to":{"q":10,"r":0},"msg":"findPath: no valid path found"}
{"level":30,"time":1774382619678,"pid":1603455,"hostname":"TempleOfZyminx","from":{"q":3,"r":6},"to":{"q":10,"r":1},"msg":"findPath: no valid path found"}
{"level":30,"time":1774382619678,"pid":1603455,"hostname":"TempleOfZyminx","from":{"q":3,"r":6},"to":{"q":10,"r":2},"msg":"findPath: no valid path found"}
{"level":30,"time":1774382619679,"pid":1603455,"hostname":"TempleOfZyminx","from":{"q":3,"r":6},"to":{"q":10,"r":3},"msg":"findPath: no valid path found"}
{"level":30,"time":1774382619679,"pid":1603455,"hostname":"TempleOfZyminx","from":{"q":3,"r":6},"to":{"q":10,"r":4},"msg":"findPath: no valid path found"}
{"level":30,"time":1774382619679,"pid":1603455,"hostname":"TempleOfZyminx","from":{"q":3,"r":6},"to":{"q":10,"r":5},"msg":"findPath: no valid path found"}
{"level":30,"time":1774382619679,"pid":1603455,"hostname":"TempleOfZyminx","from":{"q":3,"r":6},"to":{"q":10,"r":6},"msg":"findPath: no valid path found"}
{"level":30,"time":1774382619679,"pid":1603455,"hostname":"TempleOfZyminx","from":{"q":3,"r":6},"to":{"q":10,"r":7},"msg":"findPath: no valid path found"}
{"level":30,"time":1774382619679,"pid":1603455,"hostname":"TempleOfZyminx","from":{"q":3,"r":6},"to":{"q":10,"r":8},"msg":"findPath: no valid path found"}
{"level":30,"time":1774382619679,"pid":1603455,"hostname":"TempleOfZyminx","from":{"q":3,"r":6},"to":{"q":10,"r":9},"msg":"findPath: no valid path found"}
{"level":30,"time":1774382619680,"pid":1603455,"hostname":"TempleOfZyminx","from":{"q":3,"r":6},"to":{"q":10,"r":10},"msg":"findPath: no valid path found"}
{"level":30,"time":1774382619680,"pid":1603455,"hostname":"TempleOfZyminx","from":{"q":3,"r":6},"to":{"q":10,"r":11},"msg":"findPath: no valid path found"}
{"level":30,"time":1774382619680,"pid":1603455,"hostname":"TempleOfZyminx","from":{"q":3,"r":6},"to":{"q":10,"r":12},"msg":"findPath: no valid path found"}
{"level":30,"time":1774382619680,"pid":1603455,"hostname":"TempleOfZyminx","from":{"q":3,"r":6},"to":{"q":10,"r":13},"msg":"findPath: no valid path found"}
{"level":30,"time":1774382619680,"pid":1603455,"hostname":"TempleOfZyminx","from":{"q":3,"r":6},"to":{"q":10,"r":14},"msg":"findPath: no valid path found"}
{"level":30,"time":1774382619680,"pid":1603455,"hostname":"TempleOfZyminx","from":{"q":3,"r":6},"to":{"q":10,"r":15},"msg":"findPath: no valid path found"}
{"level":30,"time":1774382619680,"pid":1603455,"hostname":"TempleOfZyminx","from":{"q":3,"r":6},"to":{"q":10,"r":16},"msg":"findPath: no valid path found"}
{"level":30,"time":1774382619680,"pid":1603455,"hostname":"TempleOfZyminx","from":{"q":3,"r":6},"to":{"q":10,"r":17},"msg":"findPath: no valid path found"}
{"level":30,"time":1774382619680,"pid":1603455,"hostname":"TempleOfZyminx","from":{"q":3,"r":6},"to":{"q":10,"r":18},"msg":"findPath: no valid path found"}
{"level":30,"time":1774382619680,"pid":1603455,"hostname":"TempleOfZyminx","from":{"q":3,"r":6},"to":{"q":10,"r":19},"msg":"findPath: no valid path found"}
{"level":30,"time":1774382619680,"pid":1603455,"hostname":"TempleOfZyminx","from":{"q":3,"r":6},"to":{"q":10,"r":20},"msg":"findPath: no valid path found"}
{"level":30,"time":1774382619680,"pid":1603455,"hostname":"TempleOfZyminx","from":{"q":3,"r":6},"to":{"q":10,"r":21},"msg":"findPath: no valid path found"}
{"level":30,"time":1774382619680,"pid":1603455,"hostname":"TempleOfZyminx","from":{"q":3,"r":6},"to":{"q":11,"r":0},"msg":"findPath: no valid path found"}
{"level":30,"time":1774382619680,"pid":1603455,"hostname":"TempleOfZyminx","from":{"q":3,"r":6},"to":{"q":11,"r":1},"msg":"findPath: no valid path found"}
{"level":30,"time":1774382619680,"pid":1603455,"hostname":"TempleOfZyminx","from":{"q":3,"r":6},"to":{"q":11,"r":2},"msg":"findPath: no valid path found"}
{"level":30,"time":1774382619680,"pid":1603455,"hostname":"TempleOfZyminx","from":{"q":3,"r":6},"to":{"q":11,"r":3},"msg":"findPath: no valid path found"}
{"level":30,"time":1774382619680,"pid":1603455,"hostname":"TempleOfZyminx","from":{"q":3,"r":6},"to":{"q":11,"r":4},"msg":"findPath: no valid path found"}
{"level":30,"time":1774382619680,"pid":1603455,"hostname":"TempleOfZyminx","from":{"q":3,"r":6},"to":{"q":11,"r":5},"msg":"findPath: no valid path found"}
{"level":30,"time":1774382619681,"pid":1603455,"hostname":"TempleOfZyminx","from":{"q":3,"r":6},"to":{"q":11,"r":6},"msg":"findPath: no valid path found"}
{"level":30,"time":1774382619681,"pid":1603455,"hostname":"TempleOfZyminx","from":{"q":3,"r":6},"to":{"q":11,"r":7},"msg":"findPath: no valid path found"}
{"level":30,"time":1774382619681,"pid":1603455,"hostname":"TempleOfZyminx","from":{"q":3,"r":6},"to":{"q":11,"r":8},"msg":"findPath: no valid path found"}
{"level":30,"time":1774382619681,"pid":1603455,"hostname":"TempleOfZyminx","from":{"q":3,"r":6},"to":{"q":11,"r":9},"msg":"findPath: no valid path found"}
{"level":30,"time":1774382619681,"pid":1603455,"hostname":"TempleOfZyminx","from":{"q":3,"r":6},"to":{"q":11,"r":10},"msg":"findPath: no valid path found"}
{"level":30,"time":1774382619681,"pid":1603455,"hostname":"TempleOfZyminx","from":{"q":3,"r":6},"to":{"q":11,"r":11},"msg":"findPath: no valid path found"}
{"level":30,"time":1774382619681,"pid":1603455,"hostname":"TempleOfZyminx","from":{"q":3,"r":6},"to":{"q":11,"r":12},"msg":"findPath: no valid path found"}
{"level":30,"time":1774382619681,"pid":1603455,"hostname":"TempleOfZyminx","from":{"q":3,"r":6},"to":{"q":11,"r":13},"msg":"findPath: no valid path found"}
{"level":30,"time":1774382619681,"pid":1603455,"hostname":"TempleOfZyminx","from":{"q":3,"r":6},"to":{"q":11,"r":14},"msg":"findPath: no valid path found"}
{"level":30,"time":1774382619681,"pid":1603455,"hostname":"TempleOfZyminx","from":{"q":3,"r":6},"to":{"q":11,"r":15},"msg":"findPath: no valid path found"}
{"level":30,"time":1774382619681,"pid":1603455,"hostname":"TempleOfZyminx","from":{"q":3,"r":6},"to":{"q":11,"r":16},"msg":"findPath: no valid path found"}
{"level":30,"time":1774382619681,"pid":1603455,"hostname":"TempleOfZyminx","from":{"q":3,"r":6},"to":{"q":11,"r":17},"msg":"findPath: no valid path found"}
{"level":30,"time":1774382619681,"pid":1603455,"hostname":"TempleOfZyminx","from":{"q":3,"r":6},"to":{"q":11,"r":18},"msg":"findPath: no valid path found"}
{"level":30,"time":1774382619681,"pid":1603455,"hostname":"TempleOfZyminx","from":{"q":3,"r":6},"to":{"q":11,"r":19},"msg":"findPath: no valid path found"}
{"level":30,"time":1774382619681,"pid":1603455,"hostname":"TempleOfZyminx","from":{"q":3,"r":6},"to":{"q":11,"r":20},"msg":"findPath: no valid path found"}
{"level":30,"time":1774382619682,"pid":1603455,"hostname":"TempleOfZyminx","from":{"q":3,"r":6},"to":{"q":11,"r":21},"msg":"findPath: no valid path found"}
{"level":30,"time":1774382619682,"pid":1603455,"hostname":"TempleOfZyminx","from":{"q":3,"r":6},"to":{"q":12,"r":0},"msg":"findPath: no valid path found"}
{"level":30,"time":1774382619682,"pid":1603455,"hostname":"TempleOfZyminx","from":{"q":3,"r":6},"to":{"q":12,"r":1},"msg":"findPath: no valid path found"}
{"level":30,"time":1774382619682,"pid":1603455,"hostname":"TempleOfZyminx","from":{"q":3,"r":6},"to":{"q":12,"r":2},"msg":"findPath: no valid path found"}
{"level":30,"time":1774382619682,"pid":1603455,"hostname":"TempleOfZyminx","from":{"q":3,"r":6},"to":{"q":12,"r":3},"msg":"findPath: no valid path found"}
{"level":30,"time":1774382619682,"pid":1603455,"hostname":"TempleOfZyminx","from":{"q":3,"r":6},"to":{"q":12,"r":4},"msg":"findPath: no valid path found"}
{"level":30,"time":1774382619682,"pid":1603455,"hostname":"TempleOfZyminx","from":{"q":3,"r":6},"to":{"q":12,"r":5},"msg":"findPath: no valid path found"}
{"level":30,"time":1774382619682,"pid":1603455,"hostname":"TempleOfZyminx","from":{"q":3,"r":6},"to":{"q":12,"r":6},"msg":"findPath: no valid path found"}
{"level":30,"time":1774382619682,"pid":1603455,"hostname":"TempleOfZyminx","from":{"q":3,"r":6},"to":{"q":12,"r":7},"msg":"findPath: no valid path found"}
{"level":30,"time":1774382619682,"pid":1603455,"hostname":"TempleOfZyminx","from":{"q":3,"r":6},"to":{"q":12,"r":8},"msg":"findPath: no valid path found"}
{"level":30,"time":1774382619682,"pid":1603455,"hostname":"TempleOfZyminx","from":{"q":3,"r":6},"to":{"q":12,"r":9},"msg":"findPath: no valid path found"}
{"level":30,"time":1774382619682,"pid":1603455,"hostname":"TempleOfZyminx","from":{"q":3,"r":6},"to":{"q":12,"r":10},"msg":"findPath: no valid path found"}
{"level":30,"time":1774382619682,"pid":1603455,"hostname":"TempleOfZyminx","from":{"q":3,"r":6},"to":{"q":12,"r":11},"msg":"findPath: no valid path found"}
{"level":30,"time":1774382619683,"pid":1603455,"hostname":"TempleOfZyminx","from":{"q":3,"r":6},"to":{"q":12,"r":12},"msg":"findPath: no valid path found"}
{"level":30,"time":1774382619683,"pid":1603455,"hostname":"TempleOfZyminx","from":{"q":3,"r":6},"to":{"q":12,"r":13},"msg":"findPath: no valid path found"}
{"level":30,"time":1774382619684,"pid":1603455,"hostname":"TempleOfZyminx","from":{"q":3,"r":6},"to":{"q":12,"r":14},"msg":"findPath: no valid path found"}
{"level":30,"time":1774382619684,"pid":1603455,"hostname":"TempleOfZyminx","from":{"q":3,"r":6},"to":{"q":12,"r":15},"msg":"findPath: no valid path found"}
{"level":30,"time":1774382619684,"pid":1603455,"hostname":"TempleOfZyminx","from":{"q":3,"r":6},"to":{"q":12,"r":16},"msg":"findPath: no valid path found"}
{"level":30,"time":1774382619684,"pid":1603455,"hostname":"TempleOfZyminx","from":{"q":3,"r":6},"to":{"q":12,"r":17},"msg":"findPath: no valid path found"}
{"level":30,"time":1774382619684,"pid":1603455,"hostname":"TempleOfZyminx","from":{"q":3,"r":6},"to":{"q":12,"r":18},"msg":"findPath: no valid path found"}
{"level":30,"time":1774382619684,"pid":1603455,"hostname":"TempleOfZyminx","from":{"q":3,"r":6},"to":{"q":12,"r":19},"msg":"findPath: no valid path found"}
{"level":30,"time":1774382619684,"pid":1603455,"hostname":"TempleOfZyminx","from":{"q":3,"r":6},"to":{"q":12,"r":20},"msg":"findPath: no valid path found"}
{"level":30,"time":1774382619684,"pid":1603455,"hostname":"TempleOfZyminx","from":{"q":3,"r":6},"to":{"q":12,"r":21},"msg":"findPath: no valid path found"}
{"level":30,"time":1774382619684,"pid":1603455,"hostname":"TempleOfZyminx","from":{"q":3,"r":6},"to":{"q":13,"r":0},"msg":"findPath: no valid path found"}
{"level":30,"time":1774382619684,"pid":1603455,"hostname":"TempleOfZyminx","from":{"q":3,"r":6},"to":{"q":13,"r":1},"msg":"findPath: no valid path found"}
{"level":30,"time":1774382619684,"pid":1603455,"hostname":"TempleOfZyminx","from":{"q":3,"r":6},"to":{"q":13,"r":2},"msg":"findPath: no valid path found"}
{"level":30,"time":1774382619684,"pid":1603455,"hostname":"TempleOfZyminx","from":{"q":3,"r":6},"to":{"q":13,"r":3},"msg":"findPath: no valid path found"}
{"level":30,"time":1774382619684,"pid":1603455,"hostname":"TempleOfZyminx","from":{"q":3,"r":6},"to":{"q":13,"r":4},"msg":"findPath: no valid path found"}
{"level":30,"time":1774382619684,"pid":1603455,"hostname":"TempleOfZyminx","from":{"q":3,"r":6},"to":{"q":13,"r":5},"msg":"findPath: no valid path found"}
{"level":30,"time":1774382619684,"pid":1603455,"hostname":"TempleOfZyminx","from":{"q":3,"r":6},"to":{"q":13,"r":6},"msg":"findPath: no valid path found"}
{"level":30,"time":1774382619685,"pid":1603455,"hostname":"TempleOfZyminx","from":{"q":3,"r":6},"to":{"q":13,"r":7},"msg":"findPath: no valid path found"}
{"level":30,"time":1774382619685,"pid":1603455,"hostname":"TempleOfZyminx","from":{"q":3,"r":6},"to":{"q":13,"r":8},"msg":"findPath: no valid path found"}
{"level":30,"time":1774382619685,"pid":1603455,"hostname":"TempleOfZyminx","from":{"q":3,"r":6},"to":{"q":13,"r":9},"msg":"findPath: no valid path found"}
{"level":30,"time":1774382619685,"pid":1603455,"hostname":"TempleOfZyminx","from":{"q":3,"r":6},"to":{"q":13,"r":10},"msg":"findPath: no valid path found"}
{"level":30,"time":1774382619685,"pid":1603455,"hostname":"TempleOfZyminx","from":{"q":3,"r":6},"to":{"q":13,"r":11},"msg":"findPath: no valid path found"}
{"level":30,"time":1774382619685,"pid":1603455,"hostname":"TempleOfZyminx","from":{"q":3,"r":6},"to":{"q":13,"r":12},"msg":"findPath: no valid path found"}
{"level":30,"time":1774382619685,"pid":1603455,"hostname":"TempleOfZyminx","from":{"q":3,"r":6},"to":{"q":13,"r":13},"msg":"findPath: no valid path found"}
{"level":30,"time":1774382619685,"pid":1603455,"hostname":"TempleOfZyminx","from":{"q":3,"r":6},"to":{"q":13,"r":14},"msg":"findPath: no valid path found"}
{"level":30,"time":1774382619685,"pid":1603455,"hostname":"TempleOfZyminx","from":{"q":3,"r":6},"to":{"q":13,"r":15},"msg":"findPath: no valid path found"}
{"level":30,"time":1774382619685,"pid":1603455,"hostname":"TempleOfZyminx","from":{"q":3,"r":6},"to":{"q":13,"r":16},"msg":"findPath: no valid path found"}
{"level":30,"time":1774382619685,"pid":1603455,"hostname":"TempleOfZyminx","from":{"q":3,"r":6},"to":{"q":13,"r":17},"msg":"findPath: no valid path found"}
{"level":30,"time":1774382619685,"pid":1603455,"hostname":"TempleOfZyminx","from":{"q":3,"r":6},"to":{"q":13,"r":18},"msg":"findPath: no valid path found"}
{"level":30,"time":1774382619685,"pid":1603455,"hostname":"TempleOfZyminx","from":{"q":3,"r":6},"to":{"q":13,"r":19},"msg":"findPath: no valid path found"}
{"level":30,"time":1774382619685,"pid":1603455,"hostname":"TempleOfZyminx","from":{"q":3,"r":6},"to":{"q":13,"r":20},"msg":"findPath: no valid path found"}
{"level":30,"time":1774382619685,"pid":1603455,"hostname":"TempleOfZyminx","from":{"q":3,"r":6},"to":{"q":13,"r":21},"msg":"findPath: no valid path found"}
{"level":30,"time":1774382619685,"pid":1603455,"hostname":"TempleOfZyminx","from":{"q":3,"r":6},"to":{"q":14,"r":0},"msg":"findPath: no valid path found"}
{"level":30,"time":1774382619686,"pid":1603455,"hostname":"TempleOfZyminx","from":{"q":3,"r":6},"to":{"q":14,"r":1},"msg":"findPath: no valid path found"}
{"level":30,"time":1774382619686,"pid":1603455,"hostname":"TempleOfZyminx","from":{"q":3,"r":6},"to":{"q":14,"r":2},"msg":"findPath: no valid path found"}
{"level":30,"time":1774382619686,"pid":1603455,"hostname":"TempleOfZyminx","from":{"q":3,"r":6},"to":{"q":14,"r":3},"msg":"findPath: no valid path found"}
{"level":30,"time":1774382619686,"pid":1603455,"hostname":"TempleOfZyminx","from":{"q":3,"r":6},"to":{"q":14,"r":4},"msg":"findPath: no valid path found"}
{"level":30,"time":1774382619686,"pid":1603455,"hostname":"TempleOfZyminx","from":{"q":3,"r":6},"to":{"q":14,"r":5},"msg":"findPath: no valid path found"}
{"level":30,"time":1774382619686,"pid":1603455,"hostname":"TempleOfZyminx","from":{"q":3,"r":6},"to":{"q":14,"r":6},"msg":"findPath: no valid path found"}
{"level":30,"time":1774382619686,"pid":1603455,"hostname":"TempleOfZyminx","from":{"q":3,"r":6},"to":{"q":14,"r":7},"msg":"findPath: no valid path found"}
{"level":30,"time":1774382619686,"pid":1603455,"hostname":"TempleOfZyminx","from":{"q":3,"r":6},"to":{"q":14,"r":8},"msg":"findPath: no valid path found"}
{"level":30,"time":1774382619686,"pid":1603455,"hostname":"TempleOfZyminx","from":{"q":3,"r":6},"to":{"q":14,"r":9},"msg":"findPath: no valid path found"}
{"level":30,"time":1774382619686,"pid":1603455,"hostname":"TempleOfZyminx","from":{"q":3,"r":6},"to":{"q":14,"r":10},"msg":"findPath: no valid path found"}
{"level":30,"time":1774382619686,"pid":1603455,"hostname":"TempleOfZyminx","from":{"q":3,"r":6},"to":{"q":14,"r":11},"msg":"findPath: no valid path found"}
{"level":30,"time":1774382619686,"pid":1603455,"hostname":"TempleOfZyminx","from":{"q":3,"r":6},"to":{"q":14,"r":12},"msg":"findPath: no valid path found"}
{"level":30,"time":1774382619686,"pid":1603455,"hostname":"TempleOfZyminx","from":{"q":3,"r":6},"to":{"q":14,"r":13},"msg":"findPath: no valid path found"}
{"level":30,"time":1774382619686,"pid":1603455,"hostname":"TempleOfZyminx","from":{"q":3,"r":6},"to":{"q":14,"r":14},"msg":"findPath: no valid path found"}
{"level":30,"time":1774382619686,"pid":1603455,"hostname":"TempleOfZyminx","from":{"q":3,"r":6},"to":{"q":14,"r":15},"msg":"findPath: no valid path found"}
{"level":30,"time":1774382619687,"pid":1603455,"hostname":"TempleOfZyminx","from":{"q":3,"r":6},"to":{"q":14,"r":16},"msg":"findPath: no valid path found"}
{"level":30,"time":1774382619687,"pid":1603455,"hostname":"TempleOfZyminx","from":{"q":3,"r":6},"to":{"q":14,"r":17},"msg":"findPath: no valid path found"}
{"level":30,"time":1774382619687,"pid":1603455,"hostname":"TempleOfZyminx","from":{"q":3,"r":6},"to":{"q":14,"r":18},"msg":"findPath: no valid path found"}
{"level":30,"time":1774382619687,"pid":1603455,"hostname":"TempleOfZyminx","from":{"q":3,"r":6},"to":{"q":14,"r":19},"msg":"findPath: no valid path found"}
{"level":30,"time":1774382619687,"pid":1603455,"hostname":"TempleOfZyminx","from":{"q":3,"r":6},"to":{"q":14,"r":20},"msg":"findPath: no valid path found"}
{"level":30,"time":1774382619687,"pid":1603455,"hostname":"TempleOfZyminx","from":{"q":3,"r":6},"to":{"q":14,"r":21},"msg":"findPath: no valid path found"}
{"level":30,"time":1774382619687,"pid":1603455,"hostname":"TempleOfZyminx","id":"a93fcf5b-e901-4464-8fe2-c07b8bc58aa4","command":"MOVE","msg":"Submitting game action"}
{"level":30,"time":1774382619687,"pid":1603455,"hostname":"TempleOfZyminx","gameId":"a93fcf5b-e901-4464-8fe2-c07b8bc58aa4","unitId":"wolf-2","msg":"Processing MOVE command"}
{"level":30,"time":1774382619692,"pid":1603455,"hostname":"TempleOfZyminx","id":"a93fcf5b-e901-4464-8fe2-c07b8bc58aa4","msg":"Fetching game state"}
{"level":30,"time":1774382619693,"pid":1603455,"hostname":"TempleOfZyminx","id":"a93fcf5b-e901-4464-8fe2-c07b8bc58aa4","msg":"Fetching game state"}
{"level":30,"time":1774382619693,"pid":1603455,"hostname":"TempleOfZyminx","id":"a93fcf5b-e901-4464-8fe2-c07b8bc58aa4","command":"END_PHASE","msg":"Submitting game action"}
{"level":30,"time":1774382619694,"pid":1603455,"hostname":"TempleOfZyminx","gameId":"a93fcf5b-e901-4464-8fe2-c07b8bc58aa4","phase":"DEFENDER_MOVE","msg":"Advancing phase"}
{"level":30,"time":1774382619694,"pid":1603455,"hostname":"TempleOfZyminx","phase":"DEFENDER_MOVE","turnNumber":4,"msg":"Advancing phase in engine"}
{"level":30,"time":1774382619694,"pid":1603455,"hostname":"TempleOfZyminx","id":"a93fcf5b-e901-4464-8fe2-c07b8bc58aa4","msg":"Fetching game state"}
{"level":30,"time":1774382619695,"pid":1603455,"hostname":"TempleOfZyminx","id":"a93fcf5b-e901-4464-8fe2-c07b8bc58aa4","msg":"Fetching game state"}
{"level":30,"time":1774382619696,"pid":1603455,"hostname":"TempleOfZyminx","id":"a93fcf5b-e901-4464-8fe2-c07b8bc58aa4","command":"FIRE","msg":"Submitting game action"}
{"level":30,"time":1774382619697,"pid":1603455,"hostname":"TempleOfZyminx","gameId":"a93fcf5b-e901-4464-8fe2-c07b8bc58aa4","type":"FIRE","msg":"Processing combat command"}
{"level":30,"time":1774382619697,"pid":1603455,"hostname":"TempleOfZyminx","commandType":"FIRE","msg":"Validating combat action"}
{"level":30,"time":1774382619697,"pid":1603455,"hostname":"TempleOfZyminx","plan":{"actionType":"FIRE","actor":"defender","attackerIds":["wolf-1"],"target":{"kind":"treads","id":"onion-1"},"attackStrength":2,"defense":0},"msg":"Executing combat action"}
{"level":30,"time":1774382619700,"pid":1603455,"hostname":"TempleOfZyminx","id":"a93fcf5b-e901-4464-8fe2-c07b8bc58aa4","command":"FIRE","msg":"Submitting game action"}
{"level":30,"time":1774382619701,"pid":1603455,"hostname":"TempleOfZyminx","gameId":"a93fcf5b-e901-4464-8fe2-c07b8bc58aa4","type":"FIRE","msg":"Processing combat command"}
{"level":30,"time":1774382619701,"pid":1603455,"hostname":"TempleOfZyminx","commandType":"FIRE","msg":"Validating combat action"}
{"level":30,"time":1774382619701,"pid":1603455,"hostname":"TempleOfZyminx","plan":{"actionType":"FIRE","actor":"defender","attackerIds":["wolf-2"],"target":{"kind":"weapon","id":"main"},"attackStrength":2,"defense":4},"msg":"Executing combat action"}
{"level":30,"time":1774382619703,"pid":1603455,"hostname":"TempleOfZyminx","id":"a93fcf5b-e901-4464-8fe2-c07b8bc58aa4","msg":"Fetching game state"}
{"level":30,"time":1774382619704,"pid":1603455,"hostname":"TempleOfZyminx","id":"a93fcf5b-e901-4464-8fe2-c07b8bc58aa4","command":"END_PHASE","msg":"Submitting game action"}
{"level":30,"time":1774382619705,"pid":1603455,"hostname":"TempleOfZyminx","gameId":"a93fcf5b-e901-4464-8fe2-c07b8bc58aa4","phase":"DEFENDER_COMBAT","msg":"Advancing phase"}
{"level":30,"time":1774382619705,"pid":1603455,"hostname":"TempleOfZyminx","phase":"DEFENDER_COMBAT","turnNumber":4,"msg":"Advancing phase in engine"}
{"level":30,"time":1774382619706,"pid":1603455,"hostname":"TempleOfZyminx","id":"a93fcf5b-e901-4464-8fe2-c07b8bc58aa4","msg":"Fetching game state"}
{"level":30,"time":1774382619707,"pid":1603455,"hostname":"TempleOfZyminx","id":"a93fcf5b-e901-4464-8fe2-c07b8bc58aa4","msg":"Fetching game state"}
{"level":30,"time":1774382619708,"pid":1603455,"hostname":"TempleOfZyminx","from":{"q":1,"r":8},"to":{"q":0,"r":0},"msg":"findPath: no valid path found"}
{"level":30,"time":1774382619709,"pid":1603455,"hostname":"TempleOfZyminx","from":{"q":1,"r":8},"to":{"q":0,"r":1},"msg":"findPath: no valid path found"}
{"level":30,"time":1774382619709,"pid":1603455,"hostname":"TempleOfZyminx","from":{"q":1,"r":8},"to":{"q":0,"r":2},"msg":"findPath: no valid path found"}
{"level":30,"time":1774382619709,"pid":1603455,"hostname":"TempleOfZyminx","from":{"q":1,"r":8},"to":{"q":0,"r":3},"msg":"findPath: no valid path found"}
{"level":30,"time":1774382619709,"pid":1603455,"hostname":"TempleOfZyminx","from":{"q":1,"r":8},"to":{"q":0,"r":4},"msg":"findPath: no valid path found"}
{"level":30,"time":1774382619709,"pid":1603455,"hostname":"TempleOfZyminx","from":{"q":1,"r":8},"to":{"q":0,"r":13},"msg":"findPath: no valid path found"}
{"level":30,"time":1774382619710,"pid":1603455,"hostname":"TempleOfZyminx","from":{"q":1,"r":8},"to":{"q":0,"r":14},"msg":"findPath: no valid path found"}
{"level":30,"time":1774382619710,"pid":1603455,"hostname":"TempleOfZyminx","from":{"q":1,"r":8},"to":{"q":0,"r":15},"msg":"findPath: no valid path found"}
{"level":30,"time":1774382619710,"pid":1603455,"hostname":"TempleOfZyminx","from":{"q":1,"r":8},"to":{"q":0,"r":16},"msg":"findPath: no valid path found"}
{"level":30,"time":1774382619710,"pid":1603455,"hostname":"TempleOfZyminx","from":{"q":1,"r":8},"to":{"q":0,"r":17},"msg":"findPath: no valid path found"}
{"level":30,"time":1774382619710,"pid":1603455,"hostname":"TempleOfZyminx","from":{"q":1,"r":8},"to":{"q":0,"r":18},"msg":"findPath: no valid path found"}
{"level":30,"time":1774382619710,"pid":1603455,"hostname":"TempleOfZyminx","from":{"q":1,"r":8},"to":{"q":0,"r":19},"msg":"findPath: no valid path found"}
{"level":30,"time":1774382619710,"pid":1603455,"hostname":"TempleOfZyminx","from":{"q":1,"r":8},"to":{"q":0,"r":20},"msg":"findPath: no valid path found"}
{"level":30,"time":1774382619710,"pid":1603455,"hostname":"TempleOfZyminx","from":{"q":1,"r":8},"to":{"q":0,"r":21},"msg":"findPath: no valid path found"}
{"level":30,"time":1774382619711,"pid":1603455,"hostname":"TempleOfZyminx","from":{"q":1,"r":8},"to":{"q":1,"r":0},"msg":"findPath: no valid path found"}
{"level":30,"time":1774382619711,"pid":1603455,"hostname":"TempleOfZyminx","from":{"q":1,"r":8},"to":{"q":1,"r":1},"msg":"findPath: no valid path found"}
{"level":30,"time":1774382619711,"pid":1603455,"hostname":"TempleOfZyminx","from":{"q":1,"r":8},"to":{"q":1,"r":2},"msg":"findPath: no valid path found"}
{"level":30,"time":1774382619711,"pid":1603455,"hostname":"TempleOfZyminx","from":{"q":1,"r":8},"to":{"q":1,"r":3},"msg":"findPath: no valid path found"}
{"level":30,"time":1774382619712,"pid":1603455,"hostname":"TempleOfZyminx","from":{"q":1,"r":8},"to":{"q":1,"r":13},"msg":"findPath: no valid path found"}
{"level":30,"time":1774382619712,"pid":1603455,"hostname":"TempleOfZyminx","from":{"q":1,"r":8},"to":{"q":1,"r":14},"msg":"findPath: no valid path found"}
{"level":30,"time":1774382619712,"pid":1603455,"hostname":"TempleOfZyminx","from":{"q":1,"r":8},"to":{"q":1,"r":15},"msg":"findPath: no valid path found"}
{"level":30,"time":1774382619712,"pid":1603455,"hostname":"TempleOfZyminx","from":{"q":1,"r":8},"to":{"q":1,"r":16},"msg":"findPath: no valid path found"}
{"level":30,"time":1774382619712,"pid":1603455,"hostname":"TempleOfZyminx","from":{"q":1,"r":8},"to":{"q":1,"r":17},"msg":"findPath: no valid path found"}
{"level":30,"time":1774382619712,"pid":1603455,"hostname":"TempleOfZyminx","from":{"q":1,"r":8},"to":{"q":1,"r":18},"msg":"findPath: no valid path found"}
{"level":30,"time":1774382619712,"pid":1603455,"hostname":"TempleOfZyminx","from":{"q":1,"r":8},"to":{"q":1,"r":19},"msg":"findPath: no valid path found"}
{"level":30,"time":1774382619712,"pid":1603455,"hostname":"TempleOfZyminx","from":{"q":1,"r":8},"to":{"q":1,"r":20},"msg":"findPath: no valid path found"}
{"level":30,"time":1774382619713,"pid":1603455,"hostname":"TempleOfZyminx","from":{"q":1,"r":8},"to":{"q":1,"r":21},"msg":"findPath: no valid path found"}
{"level":30,"time":1774382619713,"pid":1603455,"hostname":"TempleOfZyminx","from":{"q":1,"r":8},"to":{"q":2,"r":0},"msg":"findPath: no valid path found"}
{"level":30,"time":1774382619713,"pid":1603455,"hostname":"TempleOfZyminx","from":{"q":1,"r":8},"to":{"q":2,"r":1},"msg":"findPath: no valid path found"}
{"level":30,"time":1774382619713,"pid":1603455,"hostname":"TempleOfZyminx","from":{"q":1,"r":8},"to":{"q":2,"r":2},"msg":"findPath: no valid path found"}
{"level":30,"time":1774382619713,"pid":1603455,"hostname":"TempleOfZyminx","from":{"q":1,"r":8},"to":{"q":2,"r":3},"msg":"findPath: no valid path found"}
{"level":30,"time":1774382619714,"pid":1603455,"hostname":"TempleOfZyminx","from":{"q":1,"r":8},"to":{"q":2,"r":12},"msg":"findPath: no valid path found"}
{"level":30,"time":1774382619714,"pid":1603455,"hostname":"TempleOfZyminx","from":{"q":1,"r":8},"to":{"q":2,"r":13},"msg":"findPath: no valid path found"}
{"level":30,"time":1774382619714,"pid":1603455,"hostname":"TempleOfZyminx","from":{"q":1,"r":8},"to":{"q":2,"r":14},"msg":"findPath: no valid path found"}
{"level":30,"time":1774382619714,"pid":1603455,"hostname":"TempleOfZyminx","from":{"q":1,"r":8},"to":{"q":2,"r":15},"msg":"findPath: no valid path found"}
{"level":30,"time":1774382619714,"pid":1603455,"hostname":"TempleOfZyminx","from":{"q":1,"r":8},"to":{"q":2,"r":16},"msg":"findPath: no valid path found"}
{"level":30,"time":1774382619715,"pid":1603455,"hostname":"TempleOfZyminx","from":{"q":1,"r":8},"to":{"q":2,"r":17},"msg":"findPath: no valid path found"}
{"level":30,"time":1774382619715,"pid":1603455,"hostname":"TempleOfZyminx","from":{"q":1,"r":8},"to":{"q":2,"r":18},"msg":"findPath: no valid path found"}
{"level":30,"time":1774382619716,"pid":1603455,"hostname":"TempleOfZyminx","from":{"q":1,"r":8},"to":{"q":2,"r":19},"msg":"findPath: no valid path found"}
{"level":30,"time":1774382619716,"pid":1603455,"hostname":"TempleOfZyminx","from":{"q":1,"r":8},"to":{"q":2,"r":20},"msg":"findPath: no valid path found"}
{"level":30,"time":1774382619716,"pid":1603455,"hostname":"TempleOfZyminx","from":{"q":1,"r":8},"to":{"q":2,"r":21},"msg":"findPath: no valid path found"}
{"level":30,"time":1774382619716,"pid":1603455,"hostname":"TempleOfZyminx","from":{"q":1,"r":8},"to":{"q":3,"r":0},"msg":"findPath: no valid path found"}
{"level":30,"time":1774382619716,"pid":1603455,"hostname":"TempleOfZyminx","from":{"q":1,"r":8},"to":{"q":3,"r":1},"msg":"findPath: no valid path found"}
{"level":30,"time":1774382619716,"pid":1603455,"hostname":"TempleOfZyminx","from":{"q":1,"r":8},"to":{"q":3,"r":2},"msg":"findPath: no valid path found"}
{"level":30,"time":1774382619716,"pid":1603455,"hostname":"TempleOfZyminx","from":{"q":1,"r":8},"to":{"q":3,"r":3},"msg":"findPath: no valid path found"}
{"level":30,"time":1774382619717,"pid":1603455,"hostname":"TempleOfZyminx","from":{"q":1,"r":8},"to":{"q":3,"r":8},"msg":"findPath: no valid path found"}
{"level":30,"time":1774382619717,"pid":1603455,"hostname":"TempleOfZyminx","from":{"q":1,"r":8},"to":{"q":3,"r":11},"msg":"findPath: no valid path found"}
{"level":30,"time":1774382619717,"pid":1603455,"hostname":"TempleOfZyminx","from":{"q":1,"r":8},"to":{"q":3,"r":12},"msg":"findPath: no valid path found"}
{"level":30,"time":1774382619717,"pid":1603455,"hostname":"TempleOfZyminx","from":{"q":1,"r":8},"to":{"q":3,"r":13},"msg":"findPath: no valid path found"}
{"level":30,"time":1774382619717,"pid":1603455,"hostname":"TempleOfZyminx","from":{"q":1,"r":8},"to":{"q":3,"r":14},"msg":"findPath: no valid path found"}
{"level":30,"time":1774382619717,"pid":1603455,"hostname":"TempleOfZyminx","from":{"q":1,"r":8},"to":{"q":3,"r":15},"msg":"findPath: no valid path found"}
{"level":30,"time":1774382619717,"pid":1603455,"hostname":"TempleOfZyminx","from":{"q":1,"r":8},"to":{"q":3,"r":16},"msg":"findPath: no valid path found"}
{"level":30,"time":1774382619717,"pid":1603455,"hostname":"TempleOfZyminx","from":{"q":1,"r":8},"to":{"q":3,"r":17},"msg":"findPath: no valid path found"}
{"level":30,"time":1774382619717,"pid":1603455,"hostname":"TempleOfZyminx","from":{"q":1,"r":8},"to":{"q":3,"r":18},"msg":"findPath: no valid path found"}
{"level":30,"time":1774382619717,"pid":1603455,"hostname":"TempleOfZyminx","from":{"q":1,"r":8},"to":{"q":3,"r":19},"msg":"findPath: no valid path found"}
{"level":30,"time":1774382619717,"pid":1603455,"hostname":"TempleOfZyminx","from":{"q":1,"r":8},"to":{"q":3,"r":20},"msg":"findPath: no valid path found"}
{"level":30,"time":1774382619718,"pid":1603455,"hostname":"TempleOfZyminx","from":{"q":1,"r":8},"to":{"q":3,"r":21},"msg":"findPath: no valid path found"}
{"level":30,"time":1774382619718,"pid":1603455,"hostname":"TempleOfZyminx","from":{"q":1,"r":8},"to":{"q":4,"r":0},"msg":"findPath: no valid path found"}
{"level":30,"time":1774382619718,"pid":1603455,"hostname":"TempleOfZyminx","from":{"q":1,"r":8},"to":{"q":4,"r":1},"msg":"findPath: no valid path found"}
{"level":30,"time":1774382619718,"pid":1603455,"hostname":"TempleOfZyminx","from":{"q":1,"r":8},"to":{"q":4,"r":2},"msg":"findPath: no valid path found"}
{"level":30,"time":1774382619718,"pid":1603455,"hostname":"TempleOfZyminx","from":{"q":1,"r":8},"to":{"q":4,"r":3},"msg":"findPath: no valid path found"}
{"level":30,"time":1774382619718,"pid":1603455,"hostname":"TempleOfZyminx","from":{"q":1,"r":8},"to":{"q":4,"r":8},"msg":"findPath: no valid path found"}
{"level":30,"time":1774382619719,"pid":1603455,"hostname":"TempleOfZyminx","from":{"q":1,"r":8},"to":{"q":4,"r":10},"msg":"findPath: no valid path found"}
{"level":30,"time":1774382619719,"pid":1603455,"hostname":"TempleOfZyminx","from":{"q":1,"r":8},"to":{"q":4,"r":11},"msg":"findPath: no valid path found"}
{"level":30,"time":1774382619719,"pid":1603455,"hostname":"TempleOfZyminx","from":{"q":1,"r":8},"to":{"q":4,"r":12},"msg":"findPath: no valid path found"}
{"level":30,"time":1774382619719,"pid":1603455,"hostname":"TempleOfZyminx","from":{"q":1,"r":8},"to":{"q":4,"r":13},"msg":"findPath: no valid path found"}
{"level":30,"time":1774382619719,"pid":1603455,"hostname":"TempleOfZyminx","from":{"q":1,"r":8},"to":{"q":4,"r":14},"msg":"findPath: no valid path found"}
{"level":30,"time":1774382619719,"pid":1603455,"hostname":"TempleOfZyminx","from":{"q":1,"r":8},"to":{"q":4,"r":15},"msg":"findPath: no valid path found"}
{"level":30,"time":1774382619719,"pid":1603455,"hostname":"TempleOfZyminx","from":{"q":1,"r":8},"to":{"q":4,"r":16},"msg":"findPath: no valid path found"}
{"level":30,"time":1774382619719,"pid":1603455,"hostname":"TempleOfZyminx","from":{"q":1,"r":8},"to":{"q":4,"r":17},"msg":"findPath: no valid path found"}
{"level":30,"time":1774382619719,"pid":1603455,"hostname":"TempleOfZyminx","from":{"q":1,"r":8},"to":{"q":4,"r":18},"msg":"findPath: no valid path found"}
{"level":30,"time":1774382619720,"pid":1603455,"hostname":"TempleOfZyminx","from":{"q":1,"r":8},"to":{"q":4,"r":19},"msg":"findPath: no valid path found"}
{"level":30,"time":1774382619720,"pid":1603455,"hostname":"TempleOfZyminx","from":{"q":1,"r":8},"to":{"q":4,"r":20},"msg":"findPath: no valid path found"}
{"level":30,"time":1774382619720,"pid":1603455,"hostname":"TempleOfZyminx","from":{"q":1,"r":8},"to":{"q":4,"r":21},"msg":"findPath: no valid path found"}
{"level":30,"time":1774382619720,"pid":1603455,"hostname":"TempleOfZyminx","from":{"q":1,"r":8},"to":{"q":5,"r":0},"msg":"findPath: no valid path found"}
{"level":30,"time":1774382619720,"pid":1603455,"hostname":"TempleOfZyminx","from":{"q":1,"r":8},"to":{"q":5,"r":1},"msg":"findPath: no valid path found"}
{"level":30,"time":1774382619720,"pid":1603455,"hostname":"TempleOfZyminx","from":{"q":1,"r":8},"to":{"q":5,"r":2},"msg":"findPath: no valid path found"}
{"level":30,"time":1774382619720,"pid":1603455,"hostname":"TempleOfZyminx","from":{"q":1,"r":8},"to":{"q":5,"r":3},"msg":"findPath: no valid path found"}
{"level":30,"time":1774382619721,"pid":1603455,"hostname":"TempleOfZyminx","from":{"q":1,"r":8},"to":{"q":5,"r":8},"msg":"findPath: no valid path found"}
{"level":30,"time":1774382619721,"pid":1603455,"hostname":"TempleOfZyminx","from":{"q":1,"r":8},"to":{"q":5,"r":9},"msg":"findPath: no valid path found"}
{"level":30,"time":1774382619721,"pid":1603455,"hostname":"TempleOfZyminx","from":{"q":1,"r":8},"to":{"q":5,"r":10},"msg":"findPath: no valid path found"}
{"level":30,"time":1774382619721,"pid":1603455,"hostname":"TempleOfZyminx","from":{"q":1,"r":8},"to":{"q":5,"r":11},"msg":"findPath: no valid path found"}
{"level":30,"time":1774382619721,"pid":1603455,"hostname":"TempleOfZyminx","from":{"q":1,"r":8},"to":{"q":5,"r":12},"msg":"findPath: no valid path found"}
{"level":30,"time":1774382619721,"pid":1603455,"hostname":"TempleOfZyminx","from":{"q":1,"r":8},"to":{"q":5,"r":13},"msg":"findPath: no valid path found"}
{"level":30,"time":1774382619721,"pid":1603455,"hostname":"TempleOfZyminx","from":{"q":1,"r":8},"to":{"q":5,"r":14},"msg":"findPath: no valid path found"}
{"level":30,"time":1774382619721,"pid":1603455,"hostname":"TempleOfZyminx","from":{"q":1,"r":8},"to":{"q":5,"r":15},"msg":"findPath: no valid path found"}
{"level":30,"time":1774382619722,"pid":1603455,"hostname":"TempleOfZyminx","from":{"q":1,"r":8},"to":{"q":5,"r":16},"msg":"findPath: no valid path found"}
{"level":30,"time":1774382619722,"pid":1603455,"hostname":"TempleOfZyminx","from":{"q":1,"r":8},"to":{"q":5,"r":17},"msg":"findPath: no valid path found"}
{"level":30,"time":1774382619722,"pid":1603455,"hostname":"TempleOfZyminx","from":{"q":1,"r":8},"to":{"q":5,"r":18},"msg":"findPath: no valid path found"}
{"level":30,"time":1774382619722,"pid":1603455,"hostname":"TempleOfZyminx","from":{"q":1,"r":8},"to":{"q":5,"r":19},"msg":"findPath: no valid path found"}
{"level":30,"time":1774382619722,"pid":1603455,"hostname":"TempleOfZyminx","from":{"q":1,"r":8},"to":{"q":5,"r":20},"msg":"findPath: no valid path found"}
{"level":30,"time":1774382619722,"pid":1603455,"hostname":"TempleOfZyminx","from":{"q":1,"r":8},"to":{"q":5,"r":21},"msg":"findPath: no valid path found"}
{"level":30,"time":1774382619722,"pid":1603455,"hostname":"TempleOfZyminx","from":{"q":1,"r":8},"to":{"q":6,"r":0},"msg":"findPath: no valid path found"}
{"level":30,"time":1774382619723,"pid":1603455,"hostname":"TempleOfZyminx","from":{"q":1,"r":8},"to":{"q":6,"r":1},"msg":"findPath: no valid path found"}
{"level":30,"time":1774382619723,"pid":1603455,"hostname":"TempleOfZyminx","from":{"q":1,"r":8},"to":{"q":6,"r":2},"msg":"findPath: no valid path found"}
{"level":30,"time":1774382619723,"pid":1603455,"hostname":"TempleOfZyminx","from":{"q":1,"r":8},"to":{"q":6,"r":3},"msg":"findPath: no valid path found"}
{"level":30,"time":1774382619723,"pid":1603455,"hostname":"TempleOfZyminx","from":{"q":1,"r":8},"to":{"q":6,"r":5},"msg":"findPath: no valid path found"}
{"level":30,"time":1774382619723,"pid":1603455,"hostname":"TempleOfZyminx","from":{"q":1,"r":8},"to":{"q":6,"r":6},"msg":"findPath: no valid path found"}
{"level":30,"time":1774382619723,"pid":1603455,"hostname":"TempleOfZyminx","from":{"q":1,"r":8},"to":{"q":6,"r":7},"msg":"findPath: no valid path found"}
{"level":30,"time":1774382619723,"pid":1603455,"hostname":"TempleOfZyminx","from":{"q":1,"r":8},"to":{"q":6,"r":8},"msg":"findPath: no valid path found"}
{"level":30,"time":1774382619723,"pid":1603455,"hostname":"TempleOfZyminx","from":{"q":1,"r":8},"to":{"q":6,"r":9},"msg":"findPath: no valid path found"}
{"level":30,"time":1774382619723,"pid":1603455,"hostname":"TempleOfZyminx","from":{"q":1,"r":8},"to":{"q":6,"r":10},"msg":"findPath: no valid path found"}
{"level":30,"time":1774382619723,"pid":1603455,"hostname":"TempleOfZyminx","from":{"q":1,"r":8},"to":{"q":6,"r":11},"msg":"findPath: no valid path found"}
{"level":30,"time":1774382619723,"pid":1603455,"hostname":"TempleOfZyminx","from":{"q":1,"r":8},"to":{"q":6,"r":12},"msg":"findPath: no valid path found"}
{"level":30,"time":1774382619723,"pid":1603455,"hostname":"TempleOfZyminx","from":{"q":1,"r":8},"to":{"q":6,"r":13},"msg":"findPath: no valid path found"}
{"level":30,"time":1774382619723,"pid":1603455,"hostname":"TempleOfZyminx","from":{"q":1,"r":8},"to":{"q":6,"r":14},"msg":"findPath: no valid path found"}
{"level":30,"time":1774382619724,"pid":1603455,"hostname":"TempleOfZyminx","from":{"q":1,"r":8},"to":{"q":6,"r":15},"msg":"findPath: no valid path found"}
{"level":30,"time":1774382619724,"pid":1603455,"hostname":"TempleOfZyminx","from":{"q":1,"r":8},"to":{"q":6,"r":16},"msg":"findPath: no valid path found"}
{"level":30,"time":1774382619724,"pid":1603455,"hostname":"TempleOfZyminx","from":{"q":1,"r":8},"to":{"q":6,"r":17},"msg":"findPath: no valid path found"}
{"level":30,"time":1774382619724,"pid":1603455,"hostname":"TempleOfZyminx","from":{"q":1,"r":8},"to":{"q":6,"r":18},"msg":"findPath: no valid path found"}
{"level":30,"time":1774382619724,"pid":1603455,"hostname":"TempleOfZyminx","from":{"q":1,"r":8},"to":{"q":6,"r":19},"msg":"findPath: no valid path found"}
{"level":30,"time":1774382619724,"pid":1603455,"hostname":"TempleOfZyminx","from":{"q":1,"r":8},"to":{"q":6,"r":20},"msg":"findPath: no valid path found"}
{"level":30,"time":1774382619724,"pid":1603455,"hostname":"TempleOfZyminx","from":{"q":1,"r":8},"to":{"q":6,"r":21},"msg":"findPath: no valid path found"}
{"level":30,"time":1774382619724,"pid":1603455,"hostname":"TempleOfZyminx","from":{"q":1,"r":8},"to":{"q":7,"r":0},"msg":"findPath: no valid path found"}
{"level":30,"time":1774382619724,"pid":1603455,"hostname":"TempleOfZyminx","from":{"q":1,"r":8},"to":{"q":7,"r":1},"msg":"findPath: no valid path found"}
{"level":30,"time":1774382619724,"pid":1603455,"hostname":"TempleOfZyminx","from":{"q":1,"r":8},"to":{"q":7,"r":2},"msg":"findPath: no valid path found"}
{"level":30,"time":1774382619724,"pid":1603455,"hostname":"TempleOfZyminx","from":{"q":1,"r":8},"to":{"q":7,"r":4},"msg":"findPath: no valid path found"}
{"level":30,"time":1774382619724,"pid":1603455,"hostname":"TempleOfZyminx","from":{"q":1,"r":8},"to":{"q":7,"r":5},"msg":"findPath: no valid path found"}
{"level":30,"time":1774382619725,"pid":1603455,"hostname":"TempleOfZyminx","from":{"q":1,"r":8},"to":{"q":7,"r":6},"msg":"findPath: no valid path found"}
{"level":30,"time":1774382619725,"pid":1603455,"hostname":"TempleOfZyminx","from":{"q":1,"r":8},"to":{"q":7,"r":7},"msg":"findPath: no valid path found"}
{"level":30,"time":1774382619725,"pid":1603455,"hostname":"TempleOfZyminx","from":{"q":1,"r":8},"to":{"q":7,"r":8},"msg":"findPath: no valid path found"}
{"level":30,"time":1774382619725,"pid":1603455,"hostname":"TempleOfZyminx","from":{"q":1,"r":8},"to":{"q":7,"r":9},"msg":"findPath: no valid path found"}
{"level":30,"time":1774382619725,"pid":1603455,"hostname":"TempleOfZyminx","from":{"q":1,"r":8},"to":{"q":7,"r":10},"msg":"findPath: no valid path found"}
{"level":30,"time":1774382619725,"pid":1603455,"hostname":"TempleOfZyminx","from":{"q":1,"r":8},"to":{"q":7,"r":11},"msg":"findPath: no valid path found"}
{"level":30,"time":1774382619725,"pid":1603455,"hostname":"TempleOfZyminx","from":{"q":1,"r":8},"to":{"q":7,"r":12},"msg":"findPath: no valid path found"}
{"level":30,"time":1774382619725,"pid":1603455,"hostname":"TempleOfZyminx","from":{"q":1,"r":8},"to":{"q":7,"r":13},"msg":"findPath: no valid path found"}
{"level":30,"time":1774382619725,"pid":1603455,"hostname":"TempleOfZyminx","from":{"q":1,"r":8},"to":{"q":7,"r":14},"msg":"findPath: no valid path found"}
{"level":30,"time":1774382619725,"pid":1603455,"hostname":"TempleOfZyminx","from":{"q":1,"r":8},"to":{"q":7,"r":15},"msg":"findPath: no valid path found"}
{"level":30,"time":1774382619726,"pid":1603455,"hostname":"TempleOfZyminx","from":{"q":1,"r":8},"to":{"q":7,"r":16},"msg":"findPath: no valid path found"}
{"level":30,"time":1774382619726,"pid":1603455,"hostname":"TempleOfZyminx","from":{"q":1,"r":8},"to":{"q":7,"r":17},"msg":"findPath: no valid path found"}
{"level":30,"time":1774382619726,"pid":1603455,"hostname":"TempleOfZyminx","from":{"q":1,"r":8},"to":{"q":7,"r":18},"msg":"findPath: no valid path found"}
{"level":30,"time":1774382619726,"pid":1603455,"hostname":"TempleOfZyminx","from":{"q":1,"r":8},"to":{"q":7,"r":19},"msg":"findPath: no valid path found"}
{"level":30,"time":1774382619726,"pid":1603455,"hostname":"TempleOfZyminx","from":{"q":1,"r":8},"to":{"q":7,"r":20},"msg":"findPath: no valid path found"}
{"level":30,"time":1774382619726,"pid":1603455,"hostname":"TempleOfZyminx","from":{"q":1,"r":8},"to":{"q":7,"r":21},"msg":"findPath: no valid path found"}
{"level":30,"time":1774382619726,"pid":1603455,"hostname":"TempleOfZyminx","from":{"q":1,"r":8},"to":{"q":8,"r":0},"msg":"findPath: no valid path found"}
{"level":30,"time":1774382619726,"pid":1603455,"hostname":"TempleOfZyminx","from":{"q":1,"r":8},"to":{"q":8,"r":1},"msg":"findPath: no valid path found"}
{"level":30,"time":1774382619726,"pid":1603455,"hostname":"TempleOfZyminx","from":{"q":1,"r":8},"to":{"q":8,"r":2},"msg":"findPath: no valid path found"}
{"level":30,"time":1774382619728,"pid":1603455,"hostname":"TempleOfZyminx","from":{"q":1,"r":8},"to":{"q":8,"r":3},"msg":"findPath: no valid path found"}
{"level":30,"time":1774382619728,"pid":1603455,"hostname":"TempleOfZyminx","from":{"q":1,"r":8},"to":{"q":8,"r":4},"msg":"findPath: no valid path found"}
{"level":30,"time":1774382619728,"pid":1603455,"hostname":"TempleOfZyminx","from":{"q":1,"r":8},"to":{"q":8,"r":5},"msg":"findPath: no valid path found"}
{"level":30,"time":1774382619728,"pid":1603455,"hostname":"TempleOfZyminx","from":{"q":1,"r":8},"to":{"q":8,"r":6},"msg":"findPath: no valid path found"}
{"level":30,"time":1774382619728,"pid":1603455,"hostname":"TempleOfZyminx","from":{"q":1,"r":8},"to":{"q":8,"r":7},"msg":"findPath: no valid path found"}
{"level":30,"time":1774382619728,"pid":1603455,"hostname":"TempleOfZyminx","from":{"q":1,"r":8},"to":{"q":8,"r":8},"msg":"findPath: no valid path found"}
{"level":30,"time":1774382619728,"pid":1603455,"hostname":"TempleOfZyminx","from":{"q":1,"r":8},"to":{"q":8,"r":9},"msg":"findPath: no valid path found"}
{"level":30,"time":1774382619728,"pid":1603455,"hostname":"TempleOfZyminx","from":{"q":1,"r":8},"to":{"q":8,"r":10},"msg":"findPath: no valid path found"}
{"level":30,"time":1774382619729,"pid":1603455,"hostname":"TempleOfZyminx","from":{"q":1,"r":8},"to":{"q":8,"r":11},"msg":"findPath: no valid path found"}
{"level":30,"time":1774382619729,"pid":1603455,"hostname":"TempleOfZyminx","from":{"q":1,"r":8},"to":{"q":8,"r":12},"msg":"findPath: no valid path found"}
{"level":30,"time":1774382619729,"pid":1603455,"hostname":"TempleOfZyminx","from":{"q":1,"r":8},"to":{"q":8,"r":13},"msg":"findPath: no valid path found"}
{"level":30,"time":1774382619731,"pid":1603455,"hostname":"TempleOfZyminx","from":{"q":1,"r":8},"to":{"q":8,"r":14},"msg":"findPath: no valid path found"}
{"level":30,"time":1774382619731,"pid":1603455,"hostname":"TempleOfZyminx","from":{"q":1,"r":8},"to":{"q":8,"r":15},"msg":"findPath: no valid path found"}
{"level":30,"time":1774382619731,"pid":1603455,"hostname":"TempleOfZyminx","from":{"q":1,"r":8},"to":{"q":8,"r":16},"msg":"findPath: no valid path found"}
{"level":30,"time":1774382619731,"pid":1603455,"hostname":"TempleOfZyminx","from":{"q":1,"r":8},"to":{"q":8,"r":17},"msg":"findPath: no valid path found"}
{"level":30,"time":1774382619731,"pid":1603455,"hostname":"TempleOfZyminx","from":{"q":1,"r":8},"to":{"q":8,"r":18},"msg":"findPath: no valid path found"}
{"level":30,"time":1774382619731,"pid":1603455,"hostname":"TempleOfZyminx","from":{"q":1,"r":8},"to":{"q":8,"r":19},"msg":"findPath: no valid path found"}
{"level":30,"time":1774382619731,"pid":1603455,"hostname":"TempleOfZyminx","from":{"q":1,"r":8},"to":{"q":8,"r":20},"msg":"findPath: no valid path found"}
{"level":30,"time":1774382619732,"pid":1603455,"hostname":"TempleOfZyminx","from":{"q":1,"r":8},"to":{"q":8,"r":21},"msg":"findPath: no valid path found"}
{"level":30,"time":1774382619732,"pid":1603455,"hostname":"TempleOfZyminx","from":{"q":1,"r":8},"to":{"q":9,"r":0},"msg":"findPath: no valid path found"}
{"level":30,"time":1774382619732,"pid":1603455,"hostname":"TempleOfZyminx","from":{"q":1,"r":8},"to":{"q":9,"r":1},"msg":"findPath: no valid path found"}
{"level":30,"time":1774382619732,"pid":1603455,"hostname":"TempleOfZyminx","from":{"q":1,"r":8},"to":{"q":9,"r":2},"msg":"findPath: no valid path found"}
{"level":30,"time":1774382619732,"pid":1603455,"hostname":"TempleOfZyminx","from":{"q":1,"r":8},"to":{"q":9,"r":3},"msg":"findPath: no valid path found"}
{"level":30,"time":1774382619732,"pid":1603455,"hostname":"TempleOfZyminx","from":{"q":1,"r":8},"to":{"q":9,"r":4},"msg":"findPath: no valid path found"}
{"level":30,"time":1774382619732,"pid":1603455,"hostname":"TempleOfZyminx","from":{"q":1,"r":8},"to":{"q":9,"r":5},"msg":"findPath: no valid path found"}
{"level":30,"time":1774382619732,"pid":1603455,"hostname":"TempleOfZyminx","from":{"q":1,"r":8},"to":{"q":9,"r":6},"msg":"findPath: no valid path found"}
{"level":30,"time":1774382619732,"pid":1603455,"hostname":"TempleOfZyminx","from":{"q":1,"r":8},"to":{"q":9,"r":7},"msg":"findPath: no valid path found"}
{"level":30,"time":1774382619733,"pid":1603455,"hostname":"TempleOfZyminx","from":{"q":1,"r":8},"to":{"q":9,"r":8},"msg":"findPath: no valid path found"}
{"level":30,"time":1774382619733,"pid":1603455,"hostname":"TempleOfZyminx","from":{"q":1,"r":8},"to":{"q":9,"r":9},"msg":"findPath: no valid path found"}
{"level":30,"time":1774382619733,"pid":1603455,"hostname":"TempleOfZyminx","from":{"q":1,"r":8},"to":{"q":9,"r":10},"msg":"findPath: no valid path found"}
{"level":30,"time":1774382619733,"pid":1603455,"hostname":"TempleOfZyminx","from":{"q":1,"r":8},"to":{"q":9,"r":11},"msg":"findPath: no valid path found"}
{"level":30,"time":1774382619733,"pid":1603455,"hostname":"TempleOfZyminx","from":{"q":1,"r":8},"to":{"q":9,"r":12},"msg":"findPath: no valid path found"}
{"level":30,"time":1774382619733,"pid":1603455,"hostname":"TempleOfZyminx","from":{"q":1,"r":8},"to":{"q":9,"r":13},"msg":"findPath: no valid path found"}
{"level":30,"time":1774382619733,"pid":1603455,"hostname":"TempleOfZyminx","from":{"q":1,"r":8},"to":{"q":9,"r":14},"msg":"findPath: no valid path found"}
{"level":30,"time":1774382619733,"pid":1603455,"hostname":"TempleOfZyminx","from":{"q":1,"r":8},"to":{"q":9,"r":15},"msg":"findPath: no valid path found"}
{"level":30,"time":1774382619733,"pid":1603455,"hostname":"TempleOfZyminx","from":{"q":1,"r":8},"to":{"q":9,"r":16},"msg":"findPath: no valid path found"}
{"level":30,"time":1774382619734,"pid":1603455,"hostname":"TempleOfZyminx","from":{"q":1,"r":8},"to":{"q":9,"r":17},"msg":"findPath: no valid path found"}
{"level":30,"time":1774382619734,"pid":1603455,"hostname":"TempleOfZyminx","from":{"q":1,"r":8},"to":{"q":9,"r":18},"msg":"findPath: no valid path found"}
{"level":30,"time":1774382619734,"pid":1603455,"hostname":"TempleOfZyminx","from":{"q":1,"r":8},"to":{"q":9,"r":19},"msg":"findPath: no valid path found"}
{"level":30,"time":1774382619734,"pid":1603455,"hostname":"TempleOfZyminx","from":{"q":1,"r":8},"to":{"q":9,"r":20},"msg":"findPath: no valid path found"}
{"level":30,"time":1774382619734,"pid":1603455,"hostname":"TempleOfZyminx","from":{"q":1,"r":8},"to":{"q":9,"r":21},"msg":"findPath: no valid path found"}
{"level":30,"time":1774382619734,"pid":1603455,"hostname":"TempleOfZyminx","from":{"q":1,"r":8},"to":{"q":10,"r":0},"msg":"findPath: no valid path found"}
{"level":30,"time":1774382619734,"pid":1603455,"hostname":"TempleOfZyminx","from":{"q":1,"r":8},"to":{"q":10,"r":1},"msg":"findPath: no valid path found"}
{"level":30,"time":1774382619735,"pid":1603455,"hostname":"TempleOfZyminx","from":{"q":1,"r":8},"to":{"q":10,"r":2},"msg":"findPath: no valid path found"}
{"level":30,"time":1774382619735,"pid":1603455,"hostname":"TempleOfZyminx","from":{"q":1,"r":8},"to":{"q":10,"r":3},"msg":"findPath: no valid path found"}
{"level":30,"time":1774382619735,"pid":1603455,"hostname":"TempleOfZyminx","from":{"q":1,"r":8},"to":{"q":10,"r":4},"msg":"findPath: no valid path found"}
{"level":30,"time":1774382619735,"pid":1603455,"hostname":"TempleOfZyminx","from":{"q":1,"r":8},"to":{"q":10,"r":5},"msg":"findPath: no valid path found"}
{"level":30,"time":1774382619735,"pid":1603455,"hostname":"TempleOfZyminx","from":{"q":1,"r":8},"to":{"q":10,"r":6},"msg":"findPath: no valid path found"}
{"level":30,"time":1774382619735,"pid":1603455,"hostname":"TempleOfZyminx","from":{"q":1,"r":8},"to":{"q":10,"r":7},"msg":"findPath: no valid path found"}
{"level":30,"time":1774382619735,"pid":1603455,"hostname":"TempleOfZyminx","from":{"q":1,"r":8},"to":{"q":10,"r":8},"msg":"findPath: no valid path found"}
{"level":30,"time":1774382619736,"pid":1603455,"hostname":"TempleOfZyminx","from":{"q":1,"r":8},"to":{"q":10,"r":9},"msg":"findPath: no valid path found"}
{"level":30,"time":1774382619736,"pid":1603455,"hostname":"TempleOfZyminx","from":{"q":1,"r":8},"to":{"q":10,"r":10},"msg":"findPath: no valid path found"}
{"level":30,"time":1774382619736,"pid":1603455,"hostname":"TempleOfZyminx","from":{"q":1,"r":8},"to":{"q":10,"r":11},"msg":"findPath: no valid path found"}
{"level":30,"time":1774382619736,"pid":1603455,"hostname":"TempleOfZyminx","from":{"q":1,"r":8},"to":{"q":10,"r":12},"msg":"findPath: no valid path found"}
{"level":30,"time":1774382619736,"pid":1603455,"hostname":"TempleOfZyminx","from":{"q":1,"r":8},"to":{"q":10,"r":13},"msg":"findPath: no valid path found"}
{"level":30,"time":1774382619736,"pid":1603455,"hostname":"TempleOfZyminx","from":{"q":1,"r":8},"to":{"q":10,"r":14},"msg":"findPath: no valid path found"}
{"level":30,"time":1774382619737,"pid":1603455,"hostname":"TempleOfZyminx","from":{"q":1,"r":8},"to":{"q":10,"r":15},"msg":"findPath: no valid path found"}
{"level":30,"time":1774382619737,"pid":1603455,"hostname":"TempleOfZyminx","from":{"q":1,"r":8},"to":{"q":10,"r":16},"msg":"findPath: no valid path found"}
{"level":30,"time":1774382619737,"pid":1603455,"hostname":"TempleOfZyminx","from":{"q":1,"r":8},"to":{"q":10,"r":17},"msg":"findPath: no valid path found"}
{"level":30,"time":1774382619738,"pid":1603455,"hostname":"TempleOfZyminx","from":{"q":1,"r":8},"to":{"q":10,"r":18},"msg":"findPath: no valid path found"}
{"level":30,"time":1774382619738,"pid":1603455,"hostname":"TempleOfZyminx","from":{"q":1,"r":8},"to":{"q":10,"r":19},"msg":"findPath: no valid path found"}
{"level":30,"time":1774382619738,"pid":1603455,"hostname":"TempleOfZyminx","from":{"q":1,"r":8},"to":{"q":10,"r":20},"msg":"findPath: no valid path found"}
{"level":30,"time":1774382619738,"pid":1603455,"hostname":"TempleOfZyminx","from":{"q":1,"r":8},"to":{"q":10,"r":21},"msg":"findPath: no valid path found"}
{"level":30,"time":1774382619738,"pid":1603455,"hostname":"TempleOfZyminx","from":{"q":1,"r":8},"to":{"q":11,"r":0},"msg":"findPath: no valid path found"}
{"level":30,"time":1774382619738,"pid":1603455,"hostname":"TempleOfZyminx","from":{"q":1,"r":8},"to":{"q":11,"r":1},"msg":"findPath: no valid path found"}
{"level":30,"time":1774382619738,"pid":1603455,"hostname":"TempleOfZyminx","from":{"q":1,"r":8},"to":{"q":11,"r":2},"msg":"findPath: no valid path found"}
{"level":30,"time":1774382619738,"pid":1603455,"hostname":"TempleOfZyminx","from":{"q":1,"r":8},"to":{"q":11,"r":3},"msg":"findPath: no valid path found"}
{"level":30,"time":1774382619738,"pid":1603455,"hostname":"TempleOfZyminx","from":{"q":1,"r":8},"to":{"q":11,"r":4},"msg":"findPath: no valid path found"}
{"level":30,"time":1774382619739,"pid":1603455,"hostname":"TempleOfZyminx","from":{"q":1,"r":8},"to":{"q":11,"r":5},"msg":"findPath: no valid path found"}
{"level":30,"time":1774382619739,"pid":1603455,"hostname":"TempleOfZyminx","from":{"q":1,"r":8},"to":{"q":11,"r":6},"msg":"findPath: no valid path found"}
{"level":30,"time":1774382619739,"pid":1603455,"hostname":"TempleOfZyminx","from":{"q":1,"r":8},"to":{"q":11,"r":7},"msg":"findPath: no valid path found"}
{"level":30,"time":1774382619739,"pid":1603455,"hostname":"TempleOfZyminx","from":{"q":1,"r":8},"to":{"q":11,"r":8},"msg":"findPath: no valid path found"}
{"level":30,"time":1774382619739,"pid":1603455,"hostname":"TempleOfZyminx","from":{"q":1,"r":8},"to":{"q":11,"r":9},"msg":"findPath: no valid path found"}
{"level":30,"time":1774382619739,"pid":1603455,"hostname":"TempleOfZyminx","from":{"q":1,"r":8},"to":{"q":11,"r":10},"msg":"findPath: no valid path found"}
{"level":30,"time":1774382619739,"pid":1603455,"hostname":"TempleOfZyminx","from":{"q":1,"r":8},"to":{"q":11,"r":11},"msg":"findPath: no valid path found"}
{"level":30,"time":1774382619739,"pid":1603455,"hostname":"TempleOfZyminx","from":{"q":1,"r":8},"to":{"q":11,"r":12},"msg":"findPath: no valid path found"}
{"level":30,"time":1774382619740,"pid":1603455,"hostname":"TempleOfZyminx","from":{"q":1,"r":8},"to":{"q":11,"r":13},"msg":"findPath: no valid path found"}
{"level":30,"time":1774382619740,"pid":1603455,"hostname":"TempleOfZyminx","from":{"q":1,"r":8},"to":{"q":11,"r":14},"msg":"findPath: no valid path found"}
{"level":30,"time":1774382619740,"pid":1603455,"hostname":"TempleOfZyminx","from":{"q":1,"r":8},"to":{"q":11,"r":15},"msg":"findPath: no valid path found"}
{"level":30,"time":1774382619740,"pid":1603455,"hostname":"TempleOfZyminx","from":{"q":1,"r":8},"to":{"q":11,"r":16},"msg":"findPath: no valid path found"}
{"level":30,"time":1774382619740,"pid":1603455,"hostname":"TempleOfZyminx","from":{"q":1,"r":8},"to":{"q":11,"r":17},"msg":"findPath: no valid path found"}
{"level":30,"time":1774382619740,"pid":1603455,"hostname":"TempleOfZyminx","from":{"q":1,"r":8},"to":{"q":11,"r":18},"msg":"findPath: no valid path found"}
{"level":30,"time":1774382619740,"pid":1603455,"hostname":"TempleOfZyminx","from":{"q":1,"r":8},"to":{"q":11,"r":19},"msg":"findPath: no valid path found"}
{"level":30,"time":1774382619740,"pid":1603455,"hostname":"TempleOfZyminx","from":{"q":1,"r":8},"to":{"q":11,"r":20},"msg":"findPath: no valid path found"}
{"level":30,"time":1774382619740,"pid":1603455,"hostname":"TempleOfZyminx","from":{"q":1,"r":8},"to":{"q":11,"r":21},"msg":"findPath: no valid path found"}
{"level":30,"time":1774382619741,"pid":1603455,"hostname":"TempleOfZyminx","from":{"q":1,"r":8},"to":{"q":12,"r":0},"msg":"findPath: no valid path found"}
{"level":30,"time":1774382619741,"pid":1603455,"hostname":"TempleOfZyminx","from":{"q":1,"r":8},"to":{"q":12,"r":1},"msg":"findPath: no valid path found"}
{"level":30,"time":1774382619741,"pid":1603455,"hostname":"TempleOfZyminx","from":{"q":1,"r":8},"to":{"q":12,"r":2},"msg":"findPath: no valid path found"}
{"level":30,"time":1774382619741,"pid":1603455,"hostname":"TempleOfZyminx","from":{"q":1,"r":8},"to":{"q":12,"r":3},"msg":"findPath: no valid path found"}
{"level":30,"time":1774382619741,"pid":1603455,"hostname":"TempleOfZyminx","from":{"q":1,"r":8},"to":{"q":12,"r":4},"msg":"findPath: no valid path found"}
{"level":30,"time":1774382619741,"pid":1603455,"hostname":"TempleOfZyminx","from":{"q":1,"r":8},"to":{"q":12,"r":5},"msg":"findPath: no valid path found"}
{"level":30,"time":1774382619742,"pid":1603455,"hostname":"TempleOfZyminx","from":{"q":1,"r":8},"to":{"q":12,"r":6},"msg":"findPath: no valid path found"}
{"level":30,"time":1774382619742,"pid":1603455,"hostname":"TempleOfZyminx","from":{"q":1,"r":8},"to":{"q":12,"r":7},"msg":"findPath: no valid path found"}
{"level":30,"time":1774382619742,"pid":1603455,"hostname":"TempleOfZyminx","from":{"q":1,"r":8},"to":{"q":12,"r":8},"msg":"findPath: no valid path found"}
{"level":30,"time":1774382619742,"pid":1603455,"hostname":"TempleOfZyminx","from":{"q":1,"r":8},"to":{"q":12,"r":9},"msg":"findPath: no valid path found"}
{"level":30,"time":1774382619742,"pid":1603455,"hostname":"TempleOfZyminx","from":{"q":1,"r":8},"to":{"q":12,"r":10},"msg":"findPath: no valid path found"}
{"level":30,"time":1774382619742,"pid":1603455,"hostname":"TempleOfZyminx","from":{"q":1,"r":8},"to":{"q":12,"r":11},"msg":"findPath: no valid path found"}
{"level":30,"time":1774382619743,"pid":1603455,"hostname":"TempleOfZyminx","from":{"q":1,"r":8},"to":{"q":12,"r":12},"msg":"findPath: no valid path found"}
{"level":30,"time":1774382619744,"pid":1603455,"hostname":"TempleOfZyminx","from":{"q":1,"r":8},"to":{"q":12,"r":13},"msg":"findPath: no valid path found"}
{"level":30,"time":1774382619744,"pid":1603455,"hostname":"TempleOfZyminx","from":{"q":1,"r":8},"to":{"q":12,"r":14},"msg":"findPath: no valid path found"}
{"level":30,"time":1774382619744,"pid":1603455,"hostname":"TempleOfZyminx","from":{"q":1,"r":8},"to":{"q":12,"r":15},"msg":"findPath: no valid path found"}
{"level":30,"time":1774382619744,"pid":1603455,"hostname":"TempleOfZyminx","from":{"q":1,"r":8},"to":{"q":12,"r":16},"msg":"findPath: no valid path found"}
{"level":30,"time":1774382619744,"pid":1603455,"hostname":"TempleOfZyminx","from":{"q":1,"r":8},"to":{"q":12,"r":17},"msg":"findPath: no valid path found"}
{"level":30,"time":1774382619744,"pid":1603455,"hostname":"TempleOfZyminx","from":{"q":1,"r":8},"to":{"q":12,"r":18},"msg":"findPath: no valid path found"}
{"level":30,"time":1774382619745,"pid":1603455,"hostname":"TempleOfZyminx","from":{"q":1,"r":8},"to":{"q":12,"r":19},"msg":"findPath: no valid path found"}
{"level":30,"time":1774382619745,"pid":1603455,"hostname":"TempleOfZyminx","from":{"q":1,"r":8},"to":{"q":12,"r":20},"msg":"findPath: no valid path found"}
{"level":30,"time":1774382619745,"pid":1603455,"hostname":"TempleOfZyminx","from":{"q":1,"r":8},"to":{"q":12,"r":21},"msg":"findPath: no valid path found"}
{"level":30,"time":1774382619745,"pid":1603455,"hostname":"TempleOfZyminx","from":{"q":1,"r":8},"to":{"q":13,"r":0},"msg":"findPath: no valid path found"}
{"level":30,"time":1774382619745,"pid":1603455,"hostname":"TempleOfZyminx","from":{"q":1,"r":8},"to":{"q":13,"r":1},"msg":"findPath: no valid path found"}
{"level":30,"time":1774382619745,"pid":1603455,"hostname":"TempleOfZyminx","from":{"q":1,"r":8},"to":{"q":13,"r":2},"msg":"findPath: no valid path found"}
{"level":30,"time":1774382619746,"pid":1603455,"hostname":"TempleOfZyminx","from":{"q":1,"r":8},"to":{"q":13,"r":3},"msg":"findPath: no valid path found"}
{"level":30,"time":1774382619746,"pid":1603455,"hostname":"TempleOfZyminx","from":{"q":1,"r":8},"to":{"q":13,"r":4},"msg":"findPath: no valid path found"}
{"level":30,"time":1774382619746,"pid":1603455,"hostname":"TempleOfZyminx","from":{"q":1,"r":8},"to":{"q":13,"r":5},"msg":"findPath: no valid path found"}
{"level":30,"time":1774382619746,"pid":1603455,"hostname":"TempleOfZyminx","from":{"q":1,"r":8},"to":{"q":13,"r":6},"msg":"findPath: no valid path found"}
{"level":30,"time":1774382619746,"pid":1603455,"hostname":"TempleOfZyminx","from":{"q":1,"r":8},"to":{"q":13,"r":7},"msg":"findPath: no valid path found"}
{"level":30,"time":1774382619746,"pid":1603455,"hostname":"TempleOfZyminx","from":{"q":1,"r":8},"to":{"q":13,"r":8},"msg":"findPath: no valid path found"}
{"level":30,"time":1774382619746,"pid":1603455,"hostname":"TempleOfZyminx","from":{"q":1,"r":8},"to":{"q":13,"r":9},"msg":"findPath: no valid path found"}
{"level":30,"time":1774382619746,"pid":1603455,"hostname":"TempleOfZyminx","from":{"q":1,"r":8},"to":{"q":13,"r":10},"msg":"findPath: no valid path found"}
{"level":30,"time":1774382619746,"pid":1603455,"hostname":"TempleOfZyminx","from":{"q":1,"r":8},"to":{"q":13,"r":11},"msg":"findPath: no valid path found"}
{"level":30,"time":1774382619746,"pid":1603455,"hostname":"TempleOfZyminx","from":{"q":1,"r":8},"to":{"q":13,"r":12},"msg":"findPath: no valid path found"}
{"level":30,"time":1774382619746,"pid":1603455,"hostname":"TempleOfZyminx","from":{"q":1,"r":8},"to":{"q":13,"r":13},"msg":"findPath: no valid path found"}
{"level":30,"time":1774382619747,"pid":1603455,"hostname":"TempleOfZyminx","from":{"q":1,"r":8},"to":{"q":13,"r":14},"msg":"findPath: no valid path found"}
{"level":30,"time":1774382619747,"pid":1603455,"hostname":"TempleOfZyminx","from":{"q":1,"r":8},"to":{"q":13,"r":15},"msg":"findPath: no valid path found"}
{"level":30,"time":1774382619747,"pid":1603455,"hostname":"TempleOfZyminx","from":{"q":1,"r":8},"to":{"q":13,"r":16},"msg":"findPath: no valid path found"}
{"level":30,"time":1774382619747,"pid":1603455,"hostname":"TempleOfZyminx","from":{"q":1,"r":8},"to":{"q":13,"r":17},"msg":"findPath: no valid path found"}
{"level":30,"time":1774382619747,"pid":1603455,"hostname":"TempleOfZyminx","from":{"q":1,"r":8},"to":{"q":13,"r":18},"msg":"findPath: no valid path found"}
{"level":30,"time":1774382619747,"pid":1603455,"hostname":"TempleOfZyminx","from":{"q":1,"r":8},"to":{"q":13,"r":19},"msg":"findPath: no valid path found"}
{"level":30,"time":1774382619747,"pid":1603455,"hostname":"TempleOfZyminx","from":{"q":1,"r":8},"to":{"q":13,"r":20},"msg":"findPath: no valid path found"}
{"level":30,"time":1774382619747,"pid":1603455,"hostname":"TempleOfZyminx","from":{"q":1,"r":8},"to":{"q":13,"r":21},"msg":"findPath: no valid path found"}
{"level":30,"time":1774382619747,"pid":1603455,"hostname":"TempleOfZyminx","from":{"q":1,"r":8},"to":{"q":14,"r":0},"msg":"findPath: no valid path found"}
{"level":30,"time":1774382619747,"pid":1603455,"hostname":"TempleOfZyminx","from":{"q":1,"r":8},"to":{"q":14,"r":1},"msg":"findPath: no valid path found"}
{"level":30,"time":1774382619748,"pid":1603455,"hostname":"TempleOfZyminx","from":{"q":1,"r":8},"to":{"q":14,"r":2},"msg":"findPath: no valid path found"}
{"level":30,"time":1774382619748,"pid":1603455,"hostname":"TempleOfZyminx","from":{"q":1,"r":8},"to":{"q":14,"r":3},"msg":"findPath: no valid path found"}
{"level":30,"time":1774382619748,"pid":1603455,"hostname":"TempleOfZyminx","from":{"q":1,"r":8},"to":{"q":14,"r":4},"msg":"findPath: no valid path found"}
{"level":30,"time":1774382619748,"pid":1603455,"hostname":"TempleOfZyminx","from":{"q":1,"r":8},"to":{"q":14,"r":5},"msg":"findPath: no valid path found"}
{"level":30,"time":1774382619748,"pid":1603455,"hostname":"TempleOfZyminx","from":{"q":1,"r":8},"to":{"q":14,"r":6},"msg":"findPath: no valid path found"}
{"level":30,"time":1774382619748,"pid":1603455,"hostname":"TempleOfZyminx","from":{"q":1,"r":8},"to":{"q":14,"r":7},"msg":"findPath: no valid path found"}
{"level":30,"time":1774382619748,"pid":1603455,"hostname":"TempleOfZyminx","from":{"q":1,"r":8},"to":{"q":14,"r":8},"msg":"findPath: no valid path found"}
{"level":30,"time":1774382619748,"pid":1603455,"hostname":"TempleOfZyminx","from":{"q":1,"r":8},"to":{"q":14,"r":9},"msg":"findPath: no valid path found"}
{"level":30,"time":1774382619748,"pid":1603455,"hostname":"TempleOfZyminx","from":{"q":1,"r":8},"to":{"q":14,"r":10},"msg":"findPath: no valid path found"}
{"level":30,"time":1774382619748,"pid":1603455,"hostname":"TempleOfZyminx","from":{"q":1,"r":8},"to":{"q":14,"r":11},"msg":"findPath: no valid path found"}
{"level":30,"time":1774382619749,"pid":1603455,"hostname":"TempleOfZyminx","from":{"q":1,"r":8},"to":{"q":14,"r":12},"msg":"findPath: no valid path found"}
{"level":30,"time":1774382619749,"pid":1603455,"hostname":"TempleOfZyminx","from":{"q":1,"r":8},"to":{"q":14,"r":13},"msg":"findPath: no valid path found"}
{"level":30,"time":1774382619749,"pid":1603455,"hostname":"TempleOfZyminx","from":{"q":1,"r":8},"to":{"q":14,"r":14},"msg":"findPath: no valid path found"}
{"level":30,"time":1774382619749,"pid":1603455,"hostname":"TempleOfZyminx","from":{"q":1,"r":8},"to":{"q":14,"r":15},"msg":"findPath: no valid path found"}
{"level":30,"time":1774382619749,"pid":1603455,"hostname":"TempleOfZyminx","from":{"q":1,"r":8},"to":{"q":14,"r":16},"msg":"findPath: no valid path found"}
{"level":30,"time":1774382619749,"pid":1603455,"hostname":"TempleOfZyminx","from":{"q":1,"r":8},"to":{"q":14,"r":17},"msg":"findPath: no valid path found"}
{"level":30,"time":1774382619750,"pid":1603455,"hostname":"TempleOfZyminx","from":{"q":1,"r":8},"to":{"q":14,"r":18},"msg":"findPath: no valid path found"}
{"level":30,"time":1774382619750,"pid":1603455,"hostname":"TempleOfZyminx","from":{"q":1,"r":8},"to":{"q":14,"r":19},"msg":"findPath: no valid path found"}
{"level":30,"time":1774382619751,"pid":1603455,"hostname":"TempleOfZyminx","from":{"q":1,"r":8},"to":{"q":14,"r":20},"msg":"findPath: no valid path found"}
{"level":30,"time":1774382619751,"pid":1603455,"hostname":"TempleOfZyminx","from":{"q":1,"r":8},"to":{"q":14,"r":21},"msg":"findPath: no valid path found"}
{"level":30,"time":1774382619752,"pid":1603455,"hostname":"TempleOfZyminx","id":"a93fcf5b-e901-4464-8fe2-c07b8bc58aa4","command":"MOVE","msg":"Submitting game action"}
{"level":30,"time":1774382619752,"pid":1603455,"hostname":"TempleOfZyminx","gameId":"a93fcf5b-e901-4464-8fe2-c07b8bc58aa4","unitId":"wolf-1","msg":"Processing MOVE command"}
{"level":30,"time":1774382619753,"pid":1603455,"hostname":"TempleOfZyminx","id":"a93fcf5b-e901-4464-8fe2-c07b8bc58aa4","msg":"Fetching game state"}
{"level":30,"time":1774382619754,"pid":1603455,"hostname":"TempleOfZyminx","id":"a93fcf5b-e901-4464-8fe2-c07b8bc58aa4","command":"END_PHASE","msg":"Submitting game action"}
{"level":30,"time":1774382619754,"pid":1603455,"hostname":"TempleOfZyminx","gameId":"a93fcf5b-e901-4464-8fe2-c07b8bc58aa4","phase":"GEV_SECOND_MOVE","msg":"Advancing phase"}
{"level":30,"time":1774382619754,"pid":1603455,"hostname":"TempleOfZyminx","phase":"GEV_SECOND_MOVE","turnNumber":4,"msg":"Advancing phase in engine"}
{"level":30,"time":1774382619755,"pid":1603455,"hostname":"TempleOfZyminx","id":"a93fcf5b-e901-4464-8fe2-c07b8bc58aa4","msg":"Fetching game state"}
{"level":30,"time":1774382619756,"pid":1603455,"hostname":"TempleOfZyminx","id":"a93fcf5b-e901-4464-8fe2-c07b8bc58aa4","msg":"Fetching game state"}
{"level":30,"time":1774382619757,"pid":1603455,"hostname":"TempleOfZyminx","id":"a93fcf5b-e901-4464-8fe2-c07b8bc58aa4","msg":"Fetching game state"}
{"level":30,"time":1774382619758,"pid":1603455,"hostname":"TempleOfZyminx","id":"a93fcf5b-e901-4464-8fe2-c07b8bc58aa4","msg":"Fetching game state"}
{"level":30,"time":1774382619758,"pid":1603455,"hostname":"TempleOfZyminx","id":"a93fcf5b-e901-4464-8fe2-c07b8bc58aa4","msg":"Fetching game state"}
{"level":30,"time":1774382619762,"pid":1603455,"hostname":"TempleOfZyminx","from":{"q":0,"r":8},"to":{"q":0,"r":0},"msg":"findPath: no valid path found"}
{"level":30,"time":1774382619762,"pid":1603455,"hostname":"TempleOfZyminx","from":{"q":0,"r":8},"to":{"q":0,"r":1},"msg":"findPath: no valid path found"}
{"level":30,"time":1774382619762,"pid":1603455,"hostname":"TempleOfZyminx","from":{"q":0,"r":8},"to":{"q":0,"r":2},"msg":"findPath: no valid path found"}
{"level":30,"time":1774382619762,"pid":1603455,"hostname":"TempleOfZyminx","from":{"q":0,"r":8},"to":{"q":0,"r":3},"msg":"findPath: no valid path found"}
{"level":30,"time":1774382619763,"pid":1603455,"hostname":"TempleOfZyminx","from":{"q":0,"r":8},"to":{"q":0,"r":4},"msg":"findPath: no valid path found"}
{"level":30,"time":1774382619763,"pid":1603455,"hostname":"TempleOfZyminx","from":{"q":0,"r":8},"to":{"q":0,"r":12},"msg":"findPath: no valid path found"}
{"level":30,"time":1774382619763,"pid":1603455,"hostname":"TempleOfZyminx","from":{"q":0,"r":8},"to":{"q":0,"r":13},"msg":"findPath: no valid path found"}
{"level":30,"time":1774382619763,"pid":1603455,"hostname":"TempleOfZyminx","from":{"q":0,"r":8},"to":{"q":0,"r":14},"msg":"findPath: no valid path found"}
{"level":30,"time":1774382619763,"pid":1603455,"hostname":"TempleOfZyminx","from":{"q":0,"r":8},"to":{"q":0,"r":15},"msg":"findPath: no valid path found"}
{"level":30,"time":1774382619763,"pid":1603455,"hostname":"TempleOfZyminx","from":{"q":0,"r":8},"to":{"q":0,"r":16},"msg":"findPath: no valid path found"}
{"level":30,"time":1774382619763,"pid":1603455,"hostname":"TempleOfZyminx","from":{"q":0,"r":8},"to":{"q":0,"r":17},"msg":"findPath: no valid path found"}
{"level":30,"time":1774382619763,"pid":1603455,"hostname":"TempleOfZyminx","from":{"q":0,"r":8},"to":{"q":0,"r":18},"msg":"findPath: no valid path found"}
{"level":30,"time":1774382619763,"pid":1603455,"hostname":"TempleOfZyminx","from":{"q":0,"r":8},"to":{"q":0,"r":19},"msg":"findPath: no valid path found"}
{"level":30,"time":1774382619763,"pid":1603455,"hostname":"TempleOfZyminx","from":{"q":0,"r":8},"to":{"q":0,"r":20},"msg":"findPath: no valid path found"}
{"level":30,"time":1774382619763,"pid":1603455,"hostname":"TempleOfZyminx","from":{"q":0,"r":8},"to":{"q":0,"r":21},"msg":"findPath: no valid path found"}
{"level":30,"time":1774382619764,"pid":1603455,"hostname":"TempleOfZyminx","from":{"q":0,"r":8},"to":{"q":1,"r":0},"msg":"findPath: no valid path found"}
{"level":30,"time":1774382619764,"pid":1603455,"hostname":"TempleOfZyminx","from":{"q":0,"r":8},"to":{"q":1,"r":1},"msg":"findPath: no valid path found"}
{"level":30,"time":1774382619764,"pid":1603455,"hostname":"TempleOfZyminx","from":{"q":0,"r":8},"to":{"q":1,"r":2},"msg":"findPath: no valid path found"}
{"level":30,"time":1774382619764,"pid":1603455,"hostname":"TempleOfZyminx","from":{"q":0,"r":8},"to":{"q":1,"r":3},"msg":"findPath: no valid path found"}
{"level":30,"time":1774382619764,"pid":1603455,"hostname":"TempleOfZyminx","from":{"q":0,"r":8},"to":{"q":1,"r":4},"msg":"findPath: no valid path found"}
{"level":30,"time":1774382619764,"pid":1603455,"hostname":"TempleOfZyminx","from":{"q":0,"r":8},"to":{"q":1,"r":11},"msg":"findPath: no valid path found"}
{"level":30,"time":1774382619764,"pid":1603455,"hostname":"TempleOfZyminx","from":{"q":0,"r":8},"to":{"q":1,"r":12},"msg":"findPath: no valid path found"}
{"level":30,"time":1774382619764,"pid":1603455,"hostname":"TempleOfZyminx","from":{"q":0,"r":8},"to":{"q":1,"r":13},"msg":"findPath: no valid path found"}
{"level":30,"time":1774382619764,"pid":1603455,"hostname":"TempleOfZyminx","from":{"q":0,"r":8},"to":{"q":1,"r":14},"msg":"findPath: no valid path found"}
{"level":30,"time":1774382619764,"pid":1603455,"hostname":"TempleOfZyminx","from":{"q":0,"r":8},"to":{"q":1,"r":15},"msg":"findPath: no valid path found"}
{"level":30,"time":1774382619764,"pid":1603455,"hostname":"TempleOfZyminx","from":{"q":0,"r":8},"to":{"q":1,"r":16},"msg":"findPath: no valid path found"}
{"level":30,"time":1774382619764,"pid":1603455,"hostname":"TempleOfZyminx","from":{"q":0,"r":8},"to":{"q":1,"r":17},"msg":"findPath: no valid path found"}
{"level":30,"time":1774382619764,"pid":1603455,"hostname":"TempleOfZyminx","from":{"q":0,"r":8},"to":{"q":1,"r":18},"msg":"findPath: no valid path found"}
{"level":30,"time":1774382619767,"pid":1603455,"hostname":"TempleOfZyminx","from":{"q":0,"r":8},"to":{"q":1,"r":19},"msg":"findPath: no valid path found"}
{"level":30,"time":1774382619767,"pid":1603455,"hostname":"TempleOfZyminx","from":{"q":0,"r":8},"to":{"q":1,"r":20},"msg":"findPath: no valid path found"}
{"level":30,"time":1774382619767,"pid":1603455,"hostname":"TempleOfZyminx","from":{"q":0,"r":8},"to":{"q":1,"r":21},"msg":"findPath: no valid path found"}
{"level":30,"time":1774382619767,"pid":1603455,"hostname":"TempleOfZyminx","from":{"q":0,"r":8},"to":{"q":2,"r":0},"msg":"findPath: no valid path found"}
{"level":30,"time":1774382619767,"pid":1603455,"hostname":"TempleOfZyminx","from":{"q":0,"r":8},"to":{"q":2,"r":1},"msg":"findPath: no valid path found"}
{"level":30,"time":1774382619767,"pid":1603455,"hostname":"TempleOfZyminx","from":{"q":0,"r":8},"to":{"q":2,"r":2},"msg":"findPath: no valid path found"}
{"level":30,"time":1774382619767,"pid":1603455,"hostname":"TempleOfZyminx","from":{"q":0,"r":8},"to":{"q":2,"r":3},"msg":"findPath: no valid path found"}
{"level":30,"time":1774382619767,"pid":1603455,"hostname":"TempleOfZyminx","from":{"q":0,"r":8},"to":{"q":2,"r":4},"msg":"findPath: no valid path found"}
{"level":30,"time":1774382619767,"pid":1603455,"hostname":"TempleOfZyminx","from":{"q":0,"r":8},"to":{"q":2,"r":10},"msg":"findPath: no valid path found"}
{"level":30,"time":1774382619767,"pid":1603455,"hostname":"TempleOfZyminx","from":{"q":0,"r":8},"to":{"q":2,"r":11},"msg":"findPath: no valid path found"}
{"level":30,"time":1774382619767,"pid":1603455,"hostname":"TempleOfZyminx","from":{"q":0,"r":8},"to":{"q":2,"r":12},"msg":"findPath: no valid path found"}
{"level":30,"time":1774382619767,"pid":1603455,"hostname":"TempleOfZyminx","from":{"q":0,"r":8},"to":{"q":2,"r":13},"msg":"findPath: no valid path found"}
{"level":30,"time":1774382619767,"pid":1603455,"hostname":"TempleOfZyminx","from":{"q":0,"r":8},"to":{"q":2,"r":14},"msg":"findPath: no valid path found"}
{"level":30,"time":1774382619767,"pid":1603455,"hostname":"TempleOfZyminx","from":{"q":0,"r":8},"to":{"q":2,"r":15},"msg":"findPath: no valid path found"}
{"level":30,"time":1774382619767,"pid":1603455,"hostname":"TempleOfZyminx","from":{"q":0,"r":8},"to":{"q":2,"r":16},"msg":"findPath: no valid path found"}
{"level":30,"time":1774382619770,"pid":1603455,"hostname":"TempleOfZyminx","from":{"q":0,"r":8},"to":{"q":2,"r":17},"msg":"findPath: no valid path found"}
{"level":30,"time":1774382619770,"pid":1603455,"hostname":"TempleOfZyminx","from":{"q":0,"r":8},"to":{"q":2,"r":18},"msg":"findPath: no valid path found"}
{"level":30,"time":1774382619770,"pid":1603455,"hostname":"TempleOfZyminx","from":{"q":0,"r":8},"to":{"q":2,"r":19},"msg":"findPath: no valid path found"}
{"level":30,"time":1774382619770,"pid":1603455,"hostname":"TempleOfZyminx","from":{"q":0,"r":8},"to":{"q":2,"r":20},"msg":"findPath: no valid path found"}
{"level":30,"time":1774382619770,"pid":1603455,"hostname":"TempleOfZyminx","from":{"q":0,"r":8},"to":{"q":2,"r":21},"msg":"findPath: no valid path found"}
{"level":30,"time":1774382619771,"pid":1603455,"hostname":"TempleOfZyminx","from":{"q":0,"r":8},"to":{"q":3,"r":0},"msg":"findPath: no valid path found"}
{"level":30,"time":1774382619771,"pid":1603455,"hostname":"TempleOfZyminx","from":{"q":0,"r":8},"to":{"q":3,"r":1},"msg":"findPath: no valid path found"}
{"level":30,"time":1774382619771,"pid":1603455,"hostname":"TempleOfZyminx","from":{"q":0,"r":8},"to":{"q":3,"r":2},"msg":"findPath: no valid path found"}
{"level":30,"time":1774382619771,"pid":1603455,"hostname":"TempleOfZyminx","from":{"q":0,"r":8},"to":{"q":3,"r":3},"msg":"findPath: no valid path found"}
{"level":30,"time":1774382619771,"pid":1603455,"hostname":"TempleOfZyminx","from":{"q":0,"r":8},"to":{"q":3,"r":4},"msg":"findPath: no valid path found"}
{"level":30,"time":1774382619771,"pid":1603455,"hostname":"TempleOfZyminx","from":{"q":0,"r":8},"to":{"q":3,"r":8},"msg":"findPath: no valid path found"}
{"level":30,"time":1774382619771,"pid":1603455,"hostname":"TempleOfZyminx","from":{"q":0,"r":8},"to":{"q":3,"r":9},"msg":"findPath: no valid path found"}
{"level":30,"time":1774382619771,"pid":1603455,"hostname":"TempleOfZyminx","from":{"q":0,"r":8},"to":{"q":3,"r":10},"msg":"findPath: no valid path found"}
{"level":30,"time":1774382619771,"pid":1603455,"hostname":"TempleOfZyminx","from":{"q":0,"r":8},"to":{"q":3,"r":11},"msg":"findPath: no valid path found"}
{"level":30,"time":1774382619771,"pid":1603455,"hostname":"TempleOfZyminx","from":{"q":0,"r":8},"to":{"q":3,"r":12},"msg":"findPath: no valid path found"}
{"level":30,"time":1774382619771,"pid":1603455,"hostname":"TempleOfZyminx","from":{"q":0,"r":8},"to":{"q":3,"r":13},"msg":"findPath: no valid path found"}
{"level":30,"time":1774382619771,"pid":1603455,"hostname":"TempleOfZyminx","from":{"q":0,"r":8},"to":{"q":3,"r":14},"msg":"findPath: no valid path found"}
{"level":30,"time":1774382619771,"pid":1603455,"hostname":"TempleOfZyminx","from":{"q":0,"r":8},"to":{"q":3,"r":15},"msg":"findPath: no valid path found"}
{"level":30,"time":1774382619771,"pid":1603455,"hostname":"TempleOfZyminx","from":{"q":0,"r":8},"to":{"q":3,"r":16},"msg":"findPath: no valid path found"}
{"level":30,"time":1774382619771,"pid":1603455,"hostname":"TempleOfZyminx","from":{"q":0,"r":8},"to":{"q":3,"r":17},"msg":"findPath: no valid path found"}
{"level":30,"time":1774382619771,"pid":1603455,"hostname":"TempleOfZyminx","from":{"q":0,"r":8},"to":{"q":3,"r":18},"msg":"findPath: no valid path found"}
{"level":30,"time":1774382619772,"pid":1603455,"hostname":"TempleOfZyminx","from":{"q":0,"r":8},"to":{"q":3,"r":19},"msg":"findPath: no valid path found"}
{"level":30,"time":1774382619772,"pid":1603455,"hostname":"TempleOfZyminx","from":{"q":0,"r":8},"to":{"q":3,"r":20},"msg":"findPath: no valid path found"}
{"level":30,"time":1774382619772,"pid":1603455,"hostname":"TempleOfZyminx","from":{"q":0,"r":8},"to":{"q":3,"r":21},"msg":"findPath: no valid path found"}
{"level":30,"time":1774382619772,"pid":1603455,"hostname":"TempleOfZyminx","from":{"q":0,"r":8},"to":{"q":4,"r":0},"msg":"findPath: no valid path found"}
{"level":30,"time":1774382619772,"pid":1603455,"hostname":"TempleOfZyminx","from":{"q":0,"r":8},"to":{"q":4,"r":1},"msg":"findPath: no valid path found"}
{"level":30,"time":1774382619772,"pid":1603455,"hostname":"TempleOfZyminx","from":{"q":0,"r":8},"to":{"q":4,"r":2},"msg":"findPath: no valid path found"}
{"level":30,"time":1774382619772,"pid":1603455,"hostname":"TempleOfZyminx","from":{"q":0,"r":8},"to":{"q":4,"r":3},"msg":"findPath: no valid path found"}
{"level":30,"time":1774382619772,"pid":1603455,"hostname":"TempleOfZyminx","from":{"q":0,"r":8},"to":{"q":4,"r":4},"msg":"findPath: no valid path found"}
{"level":30,"time":1774382619772,"pid":1603455,"hostname":"TempleOfZyminx","from":{"q":0,"r":8},"to":{"q":4,"r":5},"msg":"findPath: no valid path found"}
{"level":30,"time":1774382619772,"pid":1603455,"hostname":"TempleOfZyminx","from":{"q":0,"r":8},"to":{"q":4,"r":6},"msg":"findPath: no valid path found"}
{"level":30,"time":1774382619772,"pid":1603455,"hostname":"TempleOfZyminx","from":{"q":0,"r":8},"to":{"q":4,"r":8},"msg":"findPath: no valid path found"}
{"level":30,"time":1774382619772,"pid":1603455,"hostname":"TempleOfZyminx","from":{"q":0,"r":8},"to":{"q":4,"r":9},"msg":"findPath: no valid path found"}
{"level":30,"time":1774382619772,"pid":1603455,"hostname":"TempleOfZyminx","from":{"q":0,"r":8},"to":{"q":4,"r":10},"msg":"findPath: no valid path found"}
{"level":30,"time":1774382619772,"pid":1603455,"hostname":"TempleOfZyminx","from":{"q":0,"r":8},"to":{"q":4,"r":11},"msg":"findPath: no valid path found"}
{"level":30,"time":1774382619772,"pid":1603455,"hostname":"TempleOfZyminx","from":{"q":0,"r":8},"to":{"q":4,"r":12},"msg":"findPath: no valid path found"}
{"level":30,"time":1774382619772,"pid":1603455,"hostname":"TempleOfZyminx","from":{"q":0,"r":8},"to":{"q":4,"r":13},"msg":"findPath: no valid path found"}
{"level":30,"time":1774382619772,"pid":1603455,"hostname":"TempleOfZyminx","from":{"q":0,"r":8},"to":{"q":4,"r":14},"msg":"findPath: no valid path found"}
{"level":30,"time":1774382619772,"pid":1603455,"hostname":"TempleOfZyminx","from":{"q":0,"r":8},"to":{"q":4,"r":15},"msg":"findPath: no valid path found"}
{"level":30,"time":1774382619772,"pid":1603455,"hostname":"TempleOfZyminx","from":{"q":0,"r":8},"to":{"q":4,"r":16},"msg":"findPath: no valid path found"}
{"level":30,"time":1774382619772,"pid":1603455,"hostname":"TempleOfZyminx","from":{"q":0,"r":8},"to":{"q":4,"r":17},"msg":"findPath: no valid path found"}
{"level":30,"time":1774382619772,"pid":1603455,"hostname":"TempleOfZyminx","from":{"q":0,"r":8},"to":{"q":4,"r":18},"msg":"findPath: no valid path found"}
{"level":30,"time":1774382619772,"pid":1603455,"hostname":"TempleOfZyminx","from":{"q":0,"r":8},"to":{"q":4,"r":19},"msg":"findPath: no valid path found"}
{"level":30,"time":1774382619772,"pid":1603455,"hostname":"TempleOfZyminx","from":{"q":0,"r":8},"to":{"q":4,"r":20},"msg":"findPath: no valid path found"}
{"level":30,"time":1774382619773,"pid":1603455,"hostname":"TempleOfZyminx","from":{"q":0,"r":8},"to":{"q":4,"r":21},"msg":"findPath: no valid path found"}
{"level":30,"time":1774382619773,"pid":1603455,"hostname":"TempleOfZyminx","from":{"q":0,"r":8},"to":{"q":5,"r":0},"msg":"findPath: no valid path found"}
{"level":30,"time":1774382619773,"pid":1603455,"hostname":"TempleOfZyminx","from":{"q":0,"r":8},"to":{"q":5,"r":1},"msg":"findPath: no valid path found"}
{"level":30,"time":1774382619773,"pid":1603455,"hostname":"TempleOfZyminx","from":{"q":0,"r":8},"to":{"q":5,"r":2},"msg":"findPath: no valid path found"}
{"level":30,"time":1774382619773,"pid":1603455,"hostname":"TempleOfZyminx","from":{"q":0,"r":8},"to":{"q":5,"r":3},"msg":"findPath: no valid path found"}
{"level":30,"time":1774382619773,"pid":1603455,"hostname":"TempleOfZyminx","from":{"q":0,"r":8},"to":{"q":5,"r":4},"msg":"findPath: no valid path found"}
{"level":30,"time":1774382619773,"pid":1603455,"hostname":"TempleOfZyminx","from":{"q":0,"r":8},"to":{"q":5,"r":5},"msg":"findPath: no valid path found"}
{"level":30,"time":1774382619773,"pid":1603455,"hostname":"TempleOfZyminx","from":{"q":0,"r":8},"to":{"q":5,"r":6},"msg":"findPath: no valid path found"}
{"level":30,"time":1774382619773,"pid":1603455,"hostname":"TempleOfZyminx","from":{"q":0,"r":8},"to":{"q":5,"r":8},"msg":"findPath: no valid path found"}
{"level":30,"time":1774382619773,"pid":1603455,"hostname":"TempleOfZyminx","from":{"q":0,"r":8},"to":{"q":5,"r":9},"msg":"findPath: no valid path found"}
{"level":30,"time":1774382619773,"pid":1603455,"hostname":"TempleOfZyminx","from":{"q":0,"r":8},"to":{"q":5,"r":10},"msg":"findPath: no valid path found"}
{"level":30,"time":1774382619773,"pid":1603455,"hostname":"TempleOfZyminx","from":{"q":0,"r":8},"to":{"q":5,"r":11},"msg":"findPath: no valid path found"}
{"level":30,"time":1774382619773,"pid":1603455,"hostname":"TempleOfZyminx","from":{"q":0,"r":8},"to":{"q":5,"r":12},"msg":"findPath: no valid path found"}
{"level":30,"time":1774382619773,"pid":1603455,"hostname":"TempleOfZyminx","from":{"q":0,"r":8},"to":{"q":5,"r":13},"msg":"findPath: no valid path found"}
{"level":30,"time":1774382619773,"pid":1603455,"hostname":"TempleOfZyminx","from":{"q":0,"r":8},"to":{"q":5,"r":14},"msg":"findPath: no valid path found"}
{"level":30,"time":1774382619773,"pid":1603455,"hostname":"TempleOfZyminx","from":{"q":0,"r":8},"to":{"q":5,"r":15},"msg":"findPath: no valid path found"}
{"level":30,"time":1774382619773,"pid":1603455,"hostname":"TempleOfZyminx","from":{"q":0,"r":8},"to":{"q":5,"r":16},"msg":"findPath: no valid path found"}
{"level":30,"time":1774382619773,"pid":1603455,"hostname":"TempleOfZyminx","from":{"q":0,"r":8},"to":{"q":5,"r":17},"msg":"findPath: no valid path found"}
{"level":30,"time":1774382619773,"pid":1603455,"hostname":"TempleOfZyminx","from":{"q":0,"r":8},"to":{"q":5,"r":18},"msg":"findPath: no valid path found"}
{"level":30,"time":1774382619773,"pid":1603455,"hostname":"TempleOfZyminx","from":{"q":0,"r":8},"to":{"q":5,"r":19},"msg":"findPath: no valid path found"}
{"level":30,"time":1774382619773,"pid":1603455,"hostname":"TempleOfZyminx","from":{"q":0,"r":8},"to":{"q":5,"r":20},"msg":"findPath: no valid path found"}
{"level":30,"time":1774382619773,"pid":1603455,"hostname":"TempleOfZyminx","from":{"q":0,"r":8},"to":{"q":5,"r":21},"msg":"findPath: no valid path found"}
{"level":30,"time":1774382619774,"pid":1603455,"hostname":"TempleOfZyminx","from":{"q":0,"r":8},"to":{"q":6,"r":0},"msg":"findPath: no valid path found"}
{"level":30,"time":1774382619774,"pid":1603455,"hostname":"TempleOfZyminx","from":{"q":0,"r":8},"to":{"q":6,"r":1},"msg":"findPath: no valid path found"}
{"level":30,"time":1774382619774,"pid":1603455,"hostname":"TempleOfZyminx","from":{"q":0,"r":8},"to":{"q":6,"r":2},"msg":"findPath: no valid path found"}
{"level":30,"time":1774382619774,"pid":1603455,"hostname":"TempleOfZyminx","from":{"q":0,"r":8},"to":{"q":6,"r":3},"msg":"findPath: no valid path found"}
{"level":30,"time":1774382619774,"pid":1603455,"hostname":"TempleOfZyminx","from":{"q":0,"r":8},"to":{"q":6,"r":5},"msg":"findPath: no valid path found"}
{"level":30,"time":1774382619774,"pid":1603455,"hostname":"TempleOfZyminx","from":{"q":0,"r":8},"to":{"q":6,"r":6},"msg":"findPath: no valid path found"}
{"level":30,"time":1774382619774,"pid":1603455,"hostname":"TempleOfZyminx","from":{"q":0,"r":8},"to":{"q":6,"r":7},"msg":"findPath: no valid path found"}
{"level":30,"time":1774382619774,"pid":1603455,"hostname":"TempleOfZyminx","from":{"q":0,"r":8},"to":{"q":6,"r":8},"msg":"findPath: no valid path found"}
{"level":30,"time":1774382619774,"pid":1603455,"hostname":"TempleOfZyminx","from":{"q":0,"r":8},"to":{"q":6,"r":9},"msg":"findPath: no valid path found"}
{"level":30,"time":1774382619774,"pid":1603455,"hostname":"TempleOfZyminx","from":{"q":0,"r":8},"to":{"q":6,"r":10},"msg":"findPath: no valid path found"}
{"level":30,"time":1774382619774,"pid":1603455,"hostname":"TempleOfZyminx","from":{"q":0,"r":8},"to":{"q":6,"r":11},"msg":"findPath: no valid path found"}
{"level":30,"time":1774382619775,"pid":1603455,"hostname":"TempleOfZyminx","from":{"q":0,"r":8},"to":{"q":6,"r":12},"msg":"findPath: no valid path found"}
{"level":30,"time":1774382619775,"pid":1603455,"hostname":"TempleOfZyminx","from":{"q":0,"r":8},"to":{"q":6,"r":13},"msg":"findPath: no valid path found"}
{"level":30,"time":1774382619775,"pid":1603455,"hostname":"TempleOfZyminx","from":{"q":0,"r":8},"to":{"q":6,"r":14},"msg":"findPath: no valid path found"}
{"level":30,"time":1774382619775,"pid":1603455,"hostname":"TempleOfZyminx","from":{"q":0,"r":8},"to":{"q":6,"r":15},"msg":"findPath: no valid path found"}
{"level":30,"time":1774382619775,"pid":1603455,"hostname":"TempleOfZyminx","from":{"q":0,"r":8},"to":{"q":6,"r":16},"msg":"findPath: no valid path found"}
{"level":30,"time":1774382619775,"pid":1603455,"hostname":"TempleOfZyminx","from":{"q":0,"r":8},"to":{"q":6,"r":17},"msg":"findPath: no valid path found"}
{"level":30,"time":1774382619775,"pid":1603455,"hostname":"TempleOfZyminx","from":{"q":0,"r":8},"to":{"q":6,"r":18},"msg":"findPath: no valid path found"}
{"level":30,"time":1774382619775,"pid":1603455,"hostname":"TempleOfZyminx","from":{"q":0,"r":8},"to":{"q":6,"r":19},"msg":"findPath: no valid path found"}
{"level":30,"time":1774382619775,"pid":1603455,"hostname":"TempleOfZyminx","from":{"q":0,"r":8},"to":{"q":6,"r":20},"msg":"findPath: no valid path found"}
{"level":30,"time":1774382619775,"pid":1603455,"hostname":"TempleOfZyminx","from":{"q":0,"r":8},"to":{"q":6,"r":21},"msg":"findPath: no valid path found"}
{"level":30,"time":1774382619775,"pid":1603455,"hostname":"TempleOfZyminx","from":{"q":0,"r":8},"to":{"q":7,"r":0},"msg":"findPath: no valid path found"}
{"level":30,"time":1774382619775,"pid":1603455,"hostname":"TempleOfZyminx","from":{"q":0,"r":8},"to":{"q":7,"r":1},"msg":"findPath: no valid path found"}
{"level":30,"time":1774382619776,"pid":1603455,"hostname":"TempleOfZyminx","from":{"q":0,"r":8},"to":{"q":7,"r":2},"msg":"findPath: no valid path found"}
{"level":30,"time":1774382619776,"pid":1603455,"hostname":"TempleOfZyminx","from":{"q":0,"r":8},"to":{"q":7,"r":4},"msg":"findPath: no valid path found"}
{"level":30,"time":1774382619776,"pid":1603455,"hostname":"TempleOfZyminx","from":{"q":0,"r":8},"to":{"q":7,"r":5},"msg":"findPath: no valid path found"}
{"level":30,"time":1774382619776,"pid":1603455,"hostname":"TempleOfZyminx","from":{"q":0,"r":8},"to":{"q":7,"r":6},"msg":"findPath: no valid path found"}
{"level":30,"time":1774382619776,"pid":1603455,"hostname":"TempleOfZyminx","from":{"q":0,"r":8},"to":{"q":7,"r":7},"msg":"findPath: no valid path found"}
{"level":30,"time":1774382619776,"pid":1603455,"hostname":"TempleOfZyminx","from":{"q":0,"r":8},"to":{"q":7,"r":8},"msg":"findPath: no valid path found"}
{"level":30,"time":1774382619776,"pid":1603455,"hostname":"TempleOfZyminx","from":{"q":0,"r":8},"to":{"q":7,"r":9},"msg":"findPath: no valid path found"}
{"level":30,"time":1774382619776,"pid":1603455,"hostname":"TempleOfZyminx","from":{"q":0,"r":8},"to":{"q":7,"r":10},"msg":"findPath: no valid path found"}
{"level":30,"time":1774382619776,"pid":1603455,"hostname":"TempleOfZyminx","from":{"q":0,"r":8},"to":{"q":7,"r":11},"msg":"findPath: no valid path found"}
{"level":30,"time":1774382619776,"pid":1603455,"hostname":"TempleOfZyminx","from":{"q":0,"r":8},"to":{"q":7,"r":12},"msg":"findPath: no valid path found"}
{"level":30,"time":1774382619776,"pid":1603455,"hostname":"TempleOfZyminx","from":{"q":0,"r":8},"to":{"q":7,"r":13},"msg":"findPath: no valid path found"}
{"level":30,"time":1774382619776,"pid":1603455,"hostname":"TempleOfZyminx","from":{"q":0,"r":8},"to":{"q":7,"r":14},"msg":"findPath: no valid path found"}
{"level":30,"time":1774382619776,"pid":1603455,"hostname":"TempleOfZyminx","from":{"q":0,"r":8},"to":{"q":7,"r":15},"msg":"findPath: no valid path found"}
{"level":30,"time":1774382619776,"pid":1603455,"hostname":"TempleOfZyminx","from":{"q":0,"r":8},"to":{"q":7,"r":16},"msg":"findPath: no valid path found"}
{"level":30,"time":1774382619776,"pid":1603455,"hostname":"TempleOfZyminx","from":{"q":0,"r":8},"to":{"q":7,"r":17},"msg":"findPath: no valid path found"}
{"level":30,"time":1774382619776,"pid":1603455,"hostname":"TempleOfZyminx","from":{"q":0,"r":8},"to":{"q":7,"r":18},"msg":"findPath: no valid path found"}
{"level":30,"time":1774382619776,"pid":1603455,"hostname":"TempleOfZyminx","from":{"q":0,"r":8},"to":{"q":7,"r":19},"msg":"findPath: no valid path found"}
{"level":30,"time":1774382619776,"pid":1603455,"hostname":"TempleOfZyminx","from":{"q":0,"r":8},"to":{"q":7,"r":20},"msg":"findPath: no valid path found"}
{"level":30,"time":1774382619776,"pid":1603455,"hostname":"TempleOfZyminx","from":{"q":0,"r":8},"to":{"q":7,"r":21},"msg":"findPath: no valid path found"}
{"level":30,"time":1774382619776,"pid":1603455,"hostname":"TempleOfZyminx","from":{"q":0,"r":8},"to":{"q":8,"r":0},"msg":"findPath: no valid path found"}
{"level":30,"time":1774382619776,"pid":1603455,"hostname":"TempleOfZyminx","from":{"q":0,"r":8},"to":{"q":8,"r":1},"msg":"findPath: no valid path found"}
{"level":30,"time":1774382619776,"pid":1603455,"hostname":"TempleOfZyminx","from":{"q":0,"r":8},"to":{"q":8,"r":2},"msg":"findPath: no valid path found"}
{"level":30,"time":1774382619776,"pid":1603455,"hostname":"TempleOfZyminx","from":{"q":0,"r":8},"to":{"q":8,"r":3},"msg":"findPath: no valid path found"}
{"level":30,"time":1774382619776,"pid":1603455,"hostname":"TempleOfZyminx","from":{"q":0,"r":8},"to":{"q":8,"r":4},"msg":"findPath: no valid path found"}
{"level":30,"time":1774382619777,"pid":1603455,"hostname":"TempleOfZyminx","from":{"q":0,"r":8},"to":{"q":8,"r":5},"msg":"findPath: no valid path found"}
{"level":30,"time":1774382619777,"pid":1603455,"hostname":"TempleOfZyminx","from":{"q":0,"r":8},"to":{"q":8,"r":6},"msg":"findPath: no valid path found"}
{"level":30,"time":1774382619777,"pid":1603455,"hostname":"TempleOfZyminx","from":{"q":0,"r":8},"to":{"q":8,"r":7},"msg":"findPath: no valid path found"}
{"level":30,"time":1774382619777,"pid":1603455,"hostname":"TempleOfZyminx","from":{"q":0,"r":8},"to":{"q":8,"r":8},"msg":"findPath: no valid path found"}
{"level":30,"time":1774382619777,"pid":1603455,"hostname":"TempleOfZyminx","from":{"q":0,"r":8},"to":{"q":8,"r":9},"msg":"findPath: no valid path found"}
{"level":30,"time":1774382619777,"pid":1603455,"hostname":"TempleOfZyminx","from":{"q":0,"r":8},"to":{"q":8,"r":10},"msg":"findPath: no valid path found"}
{"level":30,"time":1774382619777,"pid":1603455,"hostname":"TempleOfZyminx","from":{"q":0,"r":8},"to":{"q":8,"r":11},"msg":"findPath: no valid path found"}
{"level":30,"time":1774382619777,"pid":1603455,"hostname":"TempleOfZyminx","from":{"q":0,"r":8},"to":{"q":8,"r":12},"msg":"findPath: no valid path found"}
{"level":30,"time":1774382619777,"pid":1603455,"hostname":"TempleOfZyminx","from":{"q":0,"r":8},"to":{"q":8,"r":13},"msg":"findPath: no valid path found"}
{"level":30,"time":1774382619777,"pid":1603455,"hostname":"TempleOfZyminx","from":{"q":0,"r":8},"to":{"q":8,"r":14},"msg":"findPath: no valid path found"}
{"level":30,"time":1774382619777,"pid":1603455,"hostname":"TempleOfZyminx","from":{"q":0,"r":8},"to":{"q":8,"r":15},"msg":"findPath: no valid path found"}
{"level":30,"time":1774382619777,"pid":1603455,"hostname":"TempleOfZyminx","from":{"q":0,"r":8},"to":{"q":8,"r":16},"msg":"findPath: no valid path found"}
{"level":30,"time":1774382619777,"pid":1603455,"hostname":"TempleOfZyminx","from":{"q":0,"r":8},"to":{"q":8,"r":17},"msg":"findPath: no valid path found"}
{"level":30,"time":1774382619777,"pid":1603455,"hostname":"TempleOfZyminx","from":{"q":0,"r":8},"to":{"q":8,"r":18},"msg":"findPath: no valid path found"}
{"level":30,"time":1774382619777,"pid":1603455,"hostname":"TempleOfZyminx","from":{"q":0,"r":8},"to":{"q":8,"r":19},"msg":"findPath: no valid path found"}
{"level":30,"time":1774382619777,"pid":1603455,"hostname":"TempleOfZyminx","from":{"q":0,"r":8},"to":{"q":8,"r":20},"msg":"findPath: no valid path found"}
{"level":30,"time":1774382619777,"pid":1603455,"hostname":"TempleOfZyminx","from":{"q":0,"r":8},"to":{"q":8,"r":21},"msg":"findPath: no valid path found"}
{"level":30,"time":1774382619777,"pid":1603455,"hostname":"TempleOfZyminx","from":{"q":0,"r":8},"to":{"q":9,"r":0},"msg":"findPath: no valid path found"}
{"level":30,"time":1774382619777,"pid":1603455,"hostname":"TempleOfZyminx","from":{"q":0,"r":8},"to":{"q":9,"r":1},"msg":"findPath: no valid path found"}
{"level":30,"time":1774382619777,"pid":1603455,"hostname":"TempleOfZyminx","from":{"q":0,"r":8},"to":{"q":9,"r":2},"msg":"findPath: no valid path found"}
{"level":30,"time":1774382619777,"pid":1603455,"hostname":"TempleOfZyminx","from":{"q":0,"r":8},"to":{"q":9,"r":3},"msg":"findPath: no valid path found"}
{"level":30,"time":1774382619777,"pid":1603455,"hostname":"TempleOfZyminx","from":{"q":0,"r":8},"to":{"q":9,"r":4},"msg":"findPath: no valid path found"}
{"level":30,"time":1774382619777,"pid":1603455,"hostname":"TempleOfZyminx","from":{"q":0,"r":8},"to":{"q":9,"r":5},"msg":"findPath: no valid path found"}
{"level":30,"time":1774382619778,"pid":1603455,"hostname":"TempleOfZyminx","from":{"q":0,"r":8},"to":{"q":9,"r":6},"msg":"findPath: no valid path found"}
{"level":30,"time":1774382619778,"pid":1603455,"hostname":"TempleOfZyminx","from":{"q":0,"r":8},"to":{"q":9,"r":7},"msg":"findPath: no valid path found"}
{"level":30,"time":1774382619778,"pid":1603455,"hostname":"TempleOfZyminx","from":{"q":0,"r":8},"to":{"q":9,"r":8},"msg":"findPath: no valid path found"}
{"level":30,"time":1774382619778,"pid":1603455,"hostname":"TempleOfZyminx","from":{"q":0,"r":8},"to":{"q":9,"r":9},"msg":"findPath: no valid path found"}
{"level":30,"time":1774382619778,"pid":1603455,"hostname":"TempleOfZyminx","from":{"q":0,"r":8},"to":{"q":9,"r":10},"msg":"findPath: no valid path found"}
{"level":30,"time":1774382619778,"pid":1603455,"hostname":"TempleOfZyminx","from":{"q":0,"r":8},"to":{"q":9,"r":11},"msg":"findPath: no valid path found"}
{"level":30,"time":1774382619778,"pid":1603455,"hostname":"TempleOfZyminx","from":{"q":0,"r":8},"to":{"q":9,"r":12},"msg":"findPath: no valid path found"}
{"level":30,"time":1774382619778,"pid":1603455,"hostname":"TempleOfZyminx","from":{"q":0,"r":8},"to":{"q":9,"r":13},"msg":"findPath: no valid path found"}
{"level":30,"time":1774382619778,"pid":1603455,"hostname":"TempleOfZyminx","from":{"q":0,"r":8},"to":{"q":9,"r":14},"msg":"findPath: no valid path found"}
{"level":30,"time":1774382619778,"pid":1603455,"hostname":"TempleOfZyminx","from":{"q":0,"r":8},"to":{"q":9,"r":15},"msg":"findPath: no valid path found"}
{"level":30,"time":1774382619778,"pid":1603455,"hostname":"TempleOfZyminx","from":{"q":0,"r":8},"to":{"q":9,"r":16},"msg":"findPath: no valid path found"}
{"level":30,"time":1774382619778,"pid":1603455,"hostname":"TempleOfZyminx","from":{"q":0,"r":8},"to":{"q":9,"r":17},"msg":"findPath: no valid path found"}
{"level":30,"time":1774382619778,"pid":1603455,"hostname":"TempleOfZyminx","from":{"q":0,"r":8},"to":{"q":9,"r":18},"msg":"findPath: no valid path found"}
{"level":30,"time":1774382619778,"pid":1603455,"hostname":"TempleOfZyminx","from":{"q":0,"r":8},"to":{"q":9,"r":19},"msg":"findPath: no valid path found"}
{"level":30,"time":1774382619778,"pid":1603455,"hostname":"TempleOfZyminx","from":{"q":0,"r":8},"to":{"q":9,"r":20},"msg":"findPath: no valid path found"}
{"level":30,"time":1774382619778,"pid":1603455,"hostname":"TempleOfZyminx","from":{"q":0,"r":8},"to":{"q":9,"r":21},"msg":"findPath: no valid path found"}
{"level":30,"time":1774382619778,"pid":1603455,"hostname":"TempleOfZyminx","from":{"q":0,"r":8},"to":{"q":10,"r":0},"msg":"findPath: no valid path found"}
{"level":30,"time":1774382619778,"pid":1603455,"hostname":"TempleOfZyminx","from":{"q":0,"r":8},"to":{"q":10,"r":1},"msg":"findPath: no valid path found"}
{"level":30,"time":1774382619778,"pid":1603455,"hostname":"TempleOfZyminx","from":{"q":0,"r":8},"to":{"q":10,"r":2},"msg":"findPath: no valid path found"}
{"level":30,"time":1774382619778,"pid":1603455,"hostname":"TempleOfZyminx","from":{"q":0,"r":8},"to":{"q":10,"r":3},"msg":"findPath: no valid path found"}
{"level":30,"time":1774382619778,"pid":1603455,"hostname":"TempleOfZyminx","from":{"q":0,"r":8},"to":{"q":10,"r":4},"msg":"findPath: no valid path found"}
{"level":30,"time":1774382619779,"pid":1603455,"hostname":"TempleOfZyminx","from":{"q":0,"r":8},"to":{"q":10,"r":5},"msg":"findPath: no valid path found"}
{"level":30,"time":1774382619779,"pid":1603455,"hostname":"TempleOfZyminx","from":{"q":0,"r":8},"to":{"q":10,"r":6},"msg":"findPath: no valid path found"}
{"level":30,"time":1774382619779,"pid":1603455,"hostname":"TempleOfZyminx","from":{"q":0,"r":8},"to":{"q":10,"r":7},"msg":"findPath: no valid path found"}
{"level":30,"time":1774382619779,"pid":1603455,"hostname":"TempleOfZyminx","from":{"q":0,"r":8},"to":{"q":10,"r":8},"msg":"findPath: no valid path found"}
{"level":30,"time":1774382619779,"pid":1603455,"hostname":"TempleOfZyminx","from":{"q":0,"r":8},"to":{"q":10,"r":9},"msg":"findPath: no valid path found"}
{"level":30,"time":1774382619779,"pid":1603455,"hostname":"TempleOfZyminx","from":{"q":0,"r":8},"to":{"q":10,"r":10},"msg":"findPath: no valid path found"}
{"level":30,"time":1774382619779,"pid":1603455,"hostname":"TempleOfZyminx","from":{"q":0,"r":8},"to":{"q":10,"r":11},"msg":"findPath: no valid path found"}
{"level":30,"time":1774382619779,"pid":1603455,"hostname":"TempleOfZyminx","from":{"q":0,"r":8},"to":{"q":10,"r":12},"msg":"findPath: no valid path found"}
{"level":30,"time":1774382619779,"pid":1603455,"hostname":"TempleOfZyminx","from":{"q":0,"r":8},"to":{"q":10,"r":13},"msg":"findPath: no valid path found"}
{"level":30,"time":1774382619779,"pid":1603455,"hostname":"TempleOfZyminx","from":{"q":0,"r":8},"to":{"q":10,"r":14},"msg":"findPath: no valid path found"}
{"level":30,"time":1774382619779,"pid":1603455,"hostname":"TempleOfZyminx","from":{"q":0,"r":8},"to":{"q":10,"r":15},"msg":"findPath: no valid path found"}
{"level":30,"time":1774382619779,"pid":1603455,"hostname":"TempleOfZyminx","from":{"q":0,"r":8},"to":{"q":10,"r":16},"msg":"findPath: no valid path found"}
{"level":30,"time":1774382619779,"pid":1603455,"hostname":"TempleOfZyminx","from":{"q":0,"r":8},"to":{"q":10,"r":17},"msg":"findPath: no valid path found"}
{"level":30,"time":1774382619779,"pid":1603455,"hostname":"TempleOfZyminx","from":{"q":0,"r":8},"to":{"q":10,"r":18},"msg":"findPath: no valid path found"}
{"level":30,"time":1774382619779,"pid":1603455,"hostname":"TempleOfZyminx","from":{"q":0,"r":8},"to":{"q":10,"r":19},"msg":"findPath: no valid path found"}
{"level":30,"time":1774382619779,"pid":1603455,"hostname":"TempleOfZyminx","from":{"q":0,"r":8},"to":{"q":10,"r":20},"msg":"findPath: no valid path found"}
{"level":30,"time":1774382619779,"pid":1603455,"hostname":"TempleOfZyminx","from":{"q":0,"r":8},"to":{"q":10,"r":21},"msg":"findPath: no valid path found"}
{"level":30,"time":1774382619779,"pid":1603455,"hostname":"TempleOfZyminx","from":{"q":0,"r":8},"to":{"q":11,"r":0},"msg":"findPath: no valid path found"}
{"level":30,"time":1774382619779,"pid":1603455,"hostname":"TempleOfZyminx","from":{"q":0,"r":8},"to":{"q":11,"r":1},"msg":"findPath: no valid path found"}
{"level":30,"time":1774382619779,"pid":1603455,"hostname":"TempleOfZyminx","from":{"q":0,"r":8},"to":{"q":11,"r":2},"msg":"findPath: no valid path found"}
{"level":30,"time":1774382619779,"pid":1603455,"hostname":"TempleOfZyminx","from":{"q":0,"r":8},"to":{"q":11,"r":3},"msg":"findPath: no valid path found"}
{"level":30,"time":1774382619779,"pid":1603455,"hostname":"TempleOfZyminx","from":{"q":0,"r":8},"to":{"q":11,"r":4},"msg":"findPath: no valid path found"}
{"level":30,"time":1774382619779,"pid":1603455,"hostname":"TempleOfZyminx","from":{"q":0,"r":8},"to":{"q":11,"r":5},"msg":"findPath: no valid path found"}
{"level":30,"time":1774382619780,"pid":1603455,"hostname":"TempleOfZyminx","from":{"q":0,"r":8},"to":{"q":11,"r":6},"msg":"findPath: no valid path found"}
{"level":30,"time":1774382619780,"pid":1603455,"hostname":"TempleOfZyminx","from":{"q":0,"r":8},"to":{"q":11,"r":7},"msg":"findPath: no valid path found"}
{"level":30,"time":1774382619780,"pid":1603455,"hostname":"TempleOfZyminx","from":{"q":0,"r":8},"to":{"q":11,"r":8},"msg":"findPath: no valid path found"}
{"level":30,"time":1774382619780,"pid":1603455,"hostname":"TempleOfZyminx","from":{"q":0,"r":8},"to":{"q":11,"r":9},"msg":"findPath: no valid path found"}
{"level":30,"time":1774382619780,"pid":1603455,"hostname":"TempleOfZyminx","from":{"q":0,"r":8},"to":{"q":11,"r":10},"msg":"findPath: no valid path found"}
{"level":30,"time":1774382619780,"pid":1603455,"hostname":"TempleOfZyminx","from":{"q":0,"r":8},"to":{"q":11,"r":11},"msg":"findPath: no valid path found"}
{"level":30,"time":1774382619780,"pid":1603455,"hostname":"TempleOfZyminx","from":{"q":0,"r":8},"to":{"q":11,"r":12},"msg":"findPath: no valid path found"}
{"level":30,"time":1774382619780,"pid":1603455,"hostname":"TempleOfZyminx","from":{"q":0,"r":8},"to":{"q":11,"r":13},"msg":"findPath: no valid path found"}
{"level":30,"time":1774382619780,"pid":1603455,"hostname":"TempleOfZyminx","from":{"q":0,"r":8},"to":{"q":11,"r":14},"msg":"findPath: no valid path found"}
{"level":30,"time":1774382619780,"pid":1603455,"hostname":"TempleOfZyminx","from":{"q":0,"r":8},"to":{"q":11,"r":15},"msg":"findPath: no valid path found"}
{"level":30,"time":1774382619780,"pid":1603455,"hostname":"TempleOfZyminx","from":{"q":0,"r":8},"to":{"q":11,"r":16},"msg":"findPath: no valid path found"}
{"level":30,"time":1774382619780,"pid":1603455,"hostname":"TempleOfZyminx","from":{"q":0,"r":8},"to":{"q":11,"r":17},"msg":"findPath: no valid path found"}
{"level":30,"time":1774382619780,"pid":1603455,"hostname":"TempleOfZyminx","from":{"q":0,"r":8},"to":{"q":11,"r":18},"msg":"findPath: no valid path found"}
{"level":30,"time":1774382619780,"pid":1603455,"hostname":"TempleOfZyminx","from":{"q":0,"r":8},"to":{"q":11,"r":19},"msg":"findPath: no valid path found"}
{"level":30,"time":1774382619780,"pid":1603455,"hostname":"TempleOfZyminx","from":{"q":0,"r":8},"to":{"q":11,"r":20},"msg":"findPath: no valid path found"}
{"level":30,"time":1774382619780,"pid":1603455,"hostname":"TempleOfZyminx","from":{"q":0,"r":8},"to":{"q":11,"r":21},"msg":"findPath: no valid path found"}
{"level":30,"time":1774382619780,"pid":1603455,"hostname":"TempleOfZyminx","from":{"q":0,"r":8},"to":{"q":12,"r":0},"msg":"findPath: no valid path found"}
{"level":30,"time":1774382619780,"pid":1603455,"hostname":"TempleOfZyminx","from":{"q":0,"r":8},"to":{"q":12,"r":1},"msg":"findPath: no valid path found"}
{"level":30,"time":1774382619780,"pid":1603455,"hostname":"TempleOfZyminx","from":{"q":0,"r":8},"to":{"q":12,"r":2},"msg":"findPath: no valid path found"}
{"level":30,"time":1774382619780,"pid":1603455,"hostname":"TempleOfZyminx","from":{"q":0,"r":8},"to":{"q":12,"r":3},"msg":"findPath: no valid path found"}
{"level":30,"time":1774382619780,"pid":1603455,"hostname":"TempleOfZyminx","from":{"q":0,"r":8},"to":{"q":12,"r":4},"msg":"findPath: no valid path found"}
{"level":30,"time":1774382619781,"pid":1603455,"hostname":"TempleOfZyminx","from":{"q":0,"r":8},"to":{"q":12,"r":5},"msg":"findPath: no valid path found"}
{"level":30,"time":1774382619781,"pid":1603455,"hostname":"TempleOfZyminx","from":{"q":0,"r":8},"to":{"q":12,"r":6},"msg":"findPath: no valid path found"}
{"level":30,"time":1774382619781,"pid":1603455,"hostname":"TempleOfZyminx","from":{"q":0,"r":8},"to":{"q":12,"r":7},"msg":"findPath: no valid path found"}
{"level":30,"time":1774382619781,"pid":1603455,"hostname":"TempleOfZyminx","from":{"q":0,"r":8},"to":{"q":12,"r":8},"msg":"findPath: no valid path found"}
{"level":30,"time":1774382619781,"pid":1603455,"hostname":"TempleOfZyminx","from":{"q":0,"r":8},"to":{"q":12,"r":9},"msg":"findPath: no valid path found"}
{"level":30,"time":1774382619781,"pid":1603455,"hostname":"TempleOfZyminx","from":{"q":0,"r":8},"to":{"q":12,"r":10},"msg":"findPath: no valid path found"}
{"level":30,"time":1774382619781,"pid":1603455,"hostname":"TempleOfZyminx","from":{"q":0,"r":8},"to":{"q":12,"r":11},"msg":"findPath: no valid path found"}
{"level":30,"time":1774382619781,"pid":1603455,"hostname":"TempleOfZyminx","from":{"q":0,"r":8},"to":{"q":12,"r":12},"msg":"findPath: no valid path found"}
{"level":30,"time":1774382619781,"pid":1603455,"hostname":"TempleOfZyminx","from":{"q":0,"r":8},"to":{"q":12,"r":13},"msg":"findPath: no valid path found"}
{"level":30,"time":1774382619781,"pid":1603455,"hostname":"TempleOfZyminx","from":{"q":0,"r":8},"to":{"q":12,"r":14},"msg":"findPath: no valid path found"}
{"level":30,"time":1774382619781,"pid":1603455,"hostname":"TempleOfZyminx","from":{"q":0,"r":8},"to":{"q":12,"r":15},"msg":"findPath: no valid path found"}
{"level":30,"time":1774382619781,"pid":1603455,"hostname":"TempleOfZyminx","from":{"q":0,"r":8},"to":{"q":12,"r":16},"msg":"findPath: no valid path found"}
{"level":30,"time":1774382619781,"pid":1603455,"hostname":"TempleOfZyminx","from":{"q":0,"r":8},"to":{"q":12,"r":17},"msg":"findPath: no valid path found"}
{"level":30,"time":1774382619781,"pid":1603455,"hostname":"TempleOfZyminx","from":{"q":0,"r":8},"to":{"q":12,"r":18},"msg":"findPath: no valid path found"}
{"level":30,"time":1774382619781,"pid":1603455,"hostname":"TempleOfZyminx","from":{"q":0,"r":8},"to":{"q":12,"r":19},"msg":"findPath: no valid path found"}
{"level":30,"time":1774382619781,"pid":1603455,"hostname":"TempleOfZyminx","from":{"q":0,"r":8},"to":{"q":12,"r":20},"msg":"findPath: no valid path found"}
{"level":30,"time":1774382619782,"pid":1603455,"hostname":"TempleOfZyminx","from":{"q":0,"r":8},"to":{"q":12,"r":21},"msg":"findPath: no valid path found"}
{"level":30,"time":1774382619782,"pid":1603455,"hostname":"TempleOfZyminx","from":{"q":0,"r":8},"to":{"q":13,"r":0},"msg":"findPath: no valid path found"}
{"level":30,"time":1774382619782,"pid":1603455,"hostname":"TempleOfZyminx","from":{"q":0,"r":8},"to":{"q":13,"r":1},"msg":"findPath: no valid path found"}
{"level":30,"time":1774382619782,"pid":1603455,"hostname":"TempleOfZyminx","from":{"q":0,"r":8},"to":{"q":13,"r":2},"msg":"findPath: no valid path found"}
{"level":30,"time":1774382619782,"pid":1603455,"hostname":"TempleOfZyminx","from":{"q":0,"r":8},"to":{"q":13,"r":3},"msg":"findPath: no valid path found"}
{"level":30,"time":1774382619782,"pid":1603455,"hostname":"TempleOfZyminx","from":{"q":0,"r":8},"to":{"q":13,"r":4},"msg":"findPath: no valid path found"}
{"level":30,"time":1774382619782,"pid":1603455,"hostname":"TempleOfZyminx","from":{"q":0,"r":8},"to":{"q":13,"r":5},"msg":"findPath: no valid path found"}
{"level":30,"time":1774382619782,"pid":1603455,"hostname":"TempleOfZyminx","from":{"q":0,"r":8},"to":{"q":13,"r":6},"msg":"findPath: no valid path found"}
{"level":30,"time":1774382619782,"pid":1603455,"hostname":"TempleOfZyminx","from":{"q":0,"r":8},"to":{"q":13,"r":7},"msg":"findPath: no valid path found"}
{"level":30,"time":1774382619782,"pid":1603455,"hostname":"TempleOfZyminx","from":{"q":0,"r":8},"to":{"q":13,"r":8},"msg":"findPath: no valid path found"}
{"level":30,"time":1774382619782,"pid":1603455,"hostname":"TempleOfZyminx","from":{"q":0,"r":8},"to":{"q":13,"r":9},"msg":"findPath: no valid path found"}
{"level":30,"time":1774382619782,"pid":1603455,"hostname":"TempleOfZyminx","from":{"q":0,"r":8},"to":{"q":13,"r":10},"msg":"findPath: no valid path found"}
{"level":30,"time":1774382619782,"pid":1603455,"hostname":"TempleOfZyminx","from":{"q":0,"r":8},"to":{"q":13,"r":11},"msg":"findPath: no valid path found"}
{"level":30,"time":1774382619782,"pid":1603455,"hostname":"TempleOfZyminx","from":{"q":0,"r":8},"to":{"q":13,"r":12},"msg":"findPath: no valid path found"}
{"level":30,"time":1774382619783,"pid":1603455,"hostname":"TempleOfZyminx","from":{"q":0,"r":8},"to":{"q":13,"r":13},"msg":"findPath: no valid path found"}
{"level":30,"time":1774382619783,"pid":1603455,"hostname":"TempleOfZyminx","from":{"q":0,"r":8},"to":{"q":13,"r":14},"msg":"findPath: no valid path found"}
{"level":30,"time":1774382619783,"pid":1603455,"hostname":"TempleOfZyminx","from":{"q":0,"r":8},"to":{"q":13,"r":15},"msg":"findPath: no valid path found"}
{"level":30,"time":1774382619783,"pid":1603455,"hostname":"TempleOfZyminx","from":{"q":0,"r":8},"to":{"q":13,"r":16},"msg":"findPath: no valid path found"}
{"level":30,"time":1774382619783,"pid":1603455,"hostname":"TempleOfZyminx","from":{"q":0,"r":8},"to":{"q":13,"r":17},"msg":"findPath: no valid path found"}
{"level":30,"time":1774382619783,"pid":1603455,"hostname":"TempleOfZyminx","from":{"q":0,"r":8},"to":{"q":13,"r":18},"msg":"findPath: no valid path found"}
{"level":30,"time":1774382619783,"pid":1603455,"hostname":"TempleOfZyminx","from":{"q":0,"r":8},"to":{"q":13,"r":19},"msg":"findPath: no valid path found"}
{"level":30,"time":1774382619783,"pid":1603455,"hostname":"TempleOfZyminx","from":{"q":0,"r":8},"to":{"q":13,"r":20},"msg":"findPath: no valid path found"}
{"level":30,"time":1774382619783,"pid":1603455,"hostname":"TempleOfZyminx","from":{"q":0,"r":8},"to":{"q":13,"r":21},"msg":"findPath: no valid path found"}
{"level":30,"time":1774382619783,"pid":1603455,"hostname":"TempleOfZyminx","from":{"q":0,"r":8},"to":{"q":14,"r":0},"msg":"findPath: no valid path found"}
{"level":30,"time":1774382619783,"pid":1603455,"hostname":"TempleOfZyminx","from":{"q":0,"r":8},"to":{"q":14,"r":1},"msg":"findPath: no valid path found"}
{"level":30,"time":1774382619783,"pid":1603455,"hostname":"TempleOfZyminx","from":{"q":0,"r":8},"to":{"q":14,"r":2},"msg":"findPath: no valid path found"}
{"level":30,"time":1774382619783,"pid":1603455,"hostname":"TempleOfZyminx","from":{"q":0,"r":8},"to":{"q":14,"r":3},"msg":"findPath: no valid path found"}
{"level":30,"time":1774382619783,"pid":1603455,"hostname":"TempleOfZyminx","from":{"q":0,"r":8},"to":{"q":14,"r":4},"msg":"findPath: no valid path found"}
{"level":30,"time":1774382619783,"pid":1603455,"hostname":"TempleOfZyminx","from":{"q":0,"r":8},"to":{"q":14,"r":5},"msg":"findPath: no valid path found"}
{"level":30,"time":1774382619783,"pid":1603455,"hostname":"TempleOfZyminx","from":{"q":0,"r":8},"to":{"q":14,"r":6},"msg":"findPath: no valid path found"}
{"level":30,"time":1774382619783,"pid":1603455,"hostname":"TempleOfZyminx","from":{"q":0,"r":8},"to":{"q":14,"r":7},"msg":"findPath: no valid path found"}
{"level":30,"time":1774382619783,"pid":1603455,"hostname":"TempleOfZyminx","from":{"q":0,"r":8},"to":{"q":14,"r":8},"msg":"findPath: no valid path found"}
{"level":30,"time":1774382619784,"pid":1603455,"hostname":"TempleOfZyminx","from":{"q":0,"r":8},"to":{"q":14,"r":9},"msg":"findPath: no valid path found"}
{"level":30,"time":1774382619784,"pid":1603455,"hostname":"TempleOfZyminx","from":{"q":0,"r":8},"to":{"q":14,"r":10},"msg":"findPath: no valid path found"}
{"level":30,"time":1774382619784,"pid":1603455,"hostname":"TempleOfZyminx","from":{"q":0,"r":8},"to":{"q":14,"r":11},"msg":"findPath: no valid path found"}
{"level":30,"time":1774382619784,"pid":1603455,"hostname":"TempleOfZyminx","from":{"q":0,"r":8},"to":{"q":14,"r":12},"msg":"findPath: no valid path found"}
{"level":30,"time":1774382619784,"pid":1603455,"hostname":"TempleOfZyminx","from":{"q":0,"r":8},"to":{"q":14,"r":13},"msg":"findPath: no valid path found"}
{"level":30,"time":1774382619784,"pid":1603455,"hostname":"TempleOfZyminx","from":{"q":0,"r":8},"to":{"q":14,"r":14},"msg":"findPath: no valid path found"}
{"level":30,"time":1774382619784,"pid":1603455,"hostname":"TempleOfZyminx","from":{"q":0,"r":8},"to":{"q":14,"r":15},"msg":"findPath: no valid path found"}
{"level":30,"time":1774382619784,"pid":1603455,"hostname":"TempleOfZyminx","from":{"q":0,"r":8},"to":{"q":14,"r":16},"msg":"findPath: no valid path found"}
{"level":30,"time":1774382619784,"pid":1603455,"hostname":"TempleOfZyminx","from":{"q":0,"r":8},"to":{"q":14,"r":17},"msg":"findPath: no valid path found"}
{"level":30,"time":1774382619784,"pid":1603455,"hostname":"TempleOfZyminx","from":{"q":0,"r":8},"to":{"q":14,"r":18},"msg":"findPath: no valid path found"}
{"level":30,"time":1774382619784,"pid":1603455,"hostname":"TempleOfZyminx","from":{"q":0,"r":8},"to":{"q":14,"r":19},"msg":"findPath: no valid path found"}
{"level":30,"time":1774382619784,"pid":1603455,"hostname":"TempleOfZyminx","from":{"q":0,"r":8},"to":{"q":14,"r":20},"msg":"findPath: no valid path found"}
{"level":30,"time":1774382619784,"pid":1603455,"hostname":"TempleOfZyminx","from":{"q":0,"r":8},"to":{"q":14,"r":21},"msg":"findPath: no valid path found"}
{"level":30,"time":1774382619785,"pid":1603455,"hostname":"TempleOfZyminx","id":"a93fcf5b-e901-4464-8fe2-c07b8bc58aa4","command":"MOVE","msg":"Submitting game action"}
{"level":30,"time":1774382619785,"pid":1603455,"hostname":"TempleOfZyminx","gameId":"a93fcf5b-e901-4464-8fe2-c07b8bc58aa4","unitId":"onion-1","msg":"Processing MOVE command"}
{"level":30,"time":1774382619786,"pid":1603455,"hostname":"TempleOfZyminx","id":"a93fcf5b-e901-4464-8fe2-c07b8bc58aa4","msg":"Fetching game state"}
{"level":30,"time":1774382619787,"pid":1603455,"hostname":"TempleOfZyminx","id":"a93fcf5b-e901-4464-8fe2-c07b8bc58aa4","msg":"Fetching game state"}
{"level":30,"time":1774382619788,"pid":1603455,"hostname":"TempleOfZyminx","id":"a93fcf5b-e901-4464-8fe2-c07b8bc58aa4","command":"END_PHASE","msg":"Submitting game action"}
{"level":30,"time":1774382619788,"pid":1603455,"hostname":"TempleOfZyminx","gameId":"a93fcf5b-e901-4464-8fe2-c07b8bc58aa4","phase":"ONION_MOVE","msg":"Advancing phase"}
{"level":30,"time":1774382619788,"pid":1603455,"hostname":"TempleOfZyminx","phase":"ONION_MOVE","turnNumber":5,"msg":"Advancing phase in engine"}
{"level":30,"time":1774382619789,"pid":1603455,"hostname":"TempleOfZyminx","id":"a93fcf5b-e901-4464-8fe2-c07b8bc58aa4","msg":"Fetching game state"}
{"level":30,"time":1774382619790,"pid":1603455,"hostname":"TempleOfZyminx","id":"a93fcf5b-e901-4464-8fe2-c07b8bc58aa4","msg":"Fetching game state"}
{"level":30,"time":1774382619792,"pid":1603455,"hostname":"TempleOfZyminx","id":"a93fcf5b-e901-4464-8fe2-c07b8bc58aa4","command":"FIRE","msg":"Submitting game action"}
{"level":30,"time":1774382619792,"pid":1603455,"hostname":"TempleOfZyminx","gameId":"a93fcf5b-e901-4464-8fe2-c07b8bc58aa4","type":"FIRE","msg":"Processing combat command"}
{"level":30,"time":1774382619792,"pid":1603455,"hostname":"TempleOfZyminx","commandType":"FIRE","msg":"Validating combat action"}
{"level":30,"time":1774382619792,"pid":1603455,"hostname":"TempleOfZyminx","gameId":"a93fcf5b-e901-4464-8fe2-c07b8bc58aa4","error":"Attacker 'missile_1' is already destroyed or exhausted","msg":"Invalid combat command"}
{"level":30,"time":1774382619793,"pid":1603455,"hostname":"TempleOfZyminx","id":"a93fcf5b-e901-4464-8fe2-c07b8bc58aa4","msg":"Fetching game state"}
{"level":30,"time":1774382619793,"pid":1603455,"hostname":"TempleOfZyminx","id":"a93fcf5b-e901-4464-8fe2-c07b8bc58aa4","msg":"Fetching game state"}
{"level":30,"time":1774382619794,"pid":1603455,"hostname":"TempleOfZyminx","id":"a93fcf5b-e901-4464-8fe2-c07b8bc58aa4","command":"END_PHASE","msg":"Submitting game action"}
{"level":30,"time":1774382619795,"pid":1603455,"hostname":"TempleOfZyminx","gameId":"a93fcf5b-e901-4464-8fe2-c07b8bc58aa4","phase":"ONION_COMBAT","msg":"Advancing phase"}
{"level":30,"time":1774382619795,"pid":1603455,"hostname":"TempleOfZyminx","phase":"ONION_COMBAT","turnNumber":5,"msg":"Advancing phase in engine"}
{"level":30,"time":1774382619795,"pid":1603455,"hostname":"TempleOfZyminx","id":"a93fcf5b-e901-4464-8fe2-c07b8bc58aa4","msg":"Fetching game state"}
{"level":30,"time":1774382619796,"pid":1603455,"hostname":"TempleOfZyminx","id":"a93fcf5b-e901-4464-8fe2-c07b8bc58aa4","msg":"Fetching game state"}
{"level":30,"time":1774382619798,"pid":1603455,"hostname":"TempleOfZyminx","from":{"q":0,"r":9},"to":{"q":0,"r":0},"msg":"findPath: no valid path found"}
{"level":30,"time":1774382619798,"pid":1603455,"hostname":"TempleOfZyminx","from":{"q":0,"r":9},"to":{"q":0,"r":1},"msg":"findPath: no valid path found"}
{"level":30,"time":1774382619798,"pid":1603455,"hostname":"TempleOfZyminx","from":{"q":0,"r":9},"to":{"q":0,"r":2},"msg":"findPath: no valid path found"}
{"level":30,"time":1774382619798,"pid":1603455,"hostname":"TempleOfZyminx","from":{"q":0,"r":9},"to":{"q":0,"r":3},"msg":"findPath: no valid path found"}
{"level":30,"time":1774382619798,"pid":1603455,"hostname":"TempleOfZyminx","from":{"q":0,"r":9},"to":{"q":0,"r":4},"msg":"findPath: no valid path found"}
{"level":30,"time":1774382619798,"pid":1603455,"hostname":"TempleOfZyminx","from":{"q":0,"r":9},"to":{"q":0,"r":14},"msg":"findPath: no valid path found"}
{"level":30,"time":1774382619798,"pid":1603455,"hostname":"TempleOfZyminx","from":{"q":0,"r":9},"to":{"q":0,"r":15},"msg":"findPath: no valid path found"}
{"level":30,"time":1774382619798,"pid":1603455,"hostname":"TempleOfZyminx","from":{"q":0,"r":9},"to":{"q":0,"r":16},"msg":"findPath: no valid path found"}
{"level":30,"time":1774382619798,"pid":1603455,"hostname":"TempleOfZyminx","from":{"q":0,"r":9},"to":{"q":0,"r":17},"msg":"findPath: no valid path found"}
{"level":30,"time":1774382619798,"pid":1603455,"hostname":"TempleOfZyminx","from":{"q":0,"r":9},"to":{"q":0,"r":18},"msg":"findPath: no valid path found"}
{"level":30,"time":1774382619798,"pid":1603455,"hostname":"TempleOfZyminx","from":{"q":0,"r":9},"to":{"q":0,"r":19},"msg":"findPath: no valid path found"}
{"level":30,"time":1774382619798,"pid":1603455,"hostname":"TempleOfZyminx","from":{"q":0,"r":9},"to":{"q":0,"r":20},"msg":"findPath: no valid path found"}
{"level":30,"time":1774382619798,"pid":1603455,"hostname":"TempleOfZyminx","from":{"q":0,"r":9},"to":{"q":0,"r":21},"msg":"findPath: no valid path found"}
{"level":30,"time":1774382619798,"pid":1603455,"hostname":"TempleOfZyminx","from":{"q":0,"r":9},"to":{"q":1,"r":0},"msg":"findPath: no valid path found"}
{"level":30,"time":1774382619799,"pid":1603455,"hostname":"TempleOfZyminx","from":{"q":0,"r":9},"to":{"q":1,"r":1},"msg":"findPath: no valid path found"}
{"level":30,"time":1774382619799,"pid":1603455,"hostname":"TempleOfZyminx","from":{"q":0,"r":9},"to":{"q":1,"r":2},"msg":"findPath: no valid path found"}
{"level":30,"time":1774382619799,"pid":1603455,"hostname":"TempleOfZyminx","from":{"q":0,"r":9},"to":{"q":1,"r":3},"msg":"findPath: no valid path found"}
{"level":30,"time":1774382619799,"pid":1603455,"hostname":"TempleOfZyminx","from":{"q":0,"r":9},"to":{"q":1,"r":4},"msg":"findPath: no valid path found"}
{"level":30,"time":1774382619799,"pid":1603455,"hostname":"TempleOfZyminx","from":{"q":0,"r":9},"to":{"q":1,"r":13},"msg":"findPath: no valid path found"}
{"level":30,"time":1774382619799,"pid":1603455,"hostname":"TempleOfZyminx","from":{"q":0,"r":9},"to":{"q":1,"r":14},"msg":"findPath: no valid path found"}
{"level":30,"time":1774382619799,"pid":1603455,"hostname":"TempleOfZyminx","from":{"q":0,"r":9},"to":{"q":1,"r":15},"msg":"findPath: no valid path found"}
{"level":30,"time":1774382619799,"pid":1603455,"hostname":"TempleOfZyminx","from":{"q":0,"r":9},"to":{"q":1,"r":16},"msg":"findPath: no valid path found"}
{"level":30,"time":1774382619799,"pid":1603455,"hostname":"TempleOfZyminx","from":{"q":0,"r":9},"to":{"q":1,"r":17},"msg":"findPath: no valid path found"}
{"level":30,"time":1774382619799,"pid":1603455,"hostname":"TempleOfZyminx","from":{"q":0,"r":9},"to":{"q":1,"r":18},"msg":"findPath: no valid path found"}
{"level":30,"time":1774382619799,"pid":1603455,"hostname":"TempleOfZyminx","from":{"q":0,"r":9},"to":{"q":1,"r":19},"msg":"findPath: no valid path found"}
{"level":30,"time":1774382619799,"pid":1603455,"hostname":"TempleOfZyminx","from":{"q":0,"r":9},"to":{"q":1,"r":20},"msg":"findPath: no valid path found"}
{"level":30,"time":1774382619799,"pid":1603455,"hostname":"TempleOfZyminx","from":{"q":0,"r":9},"to":{"q":1,"r":21},"msg":"findPath: no valid path found"}
{"level":30,"time":1774382619799,"pid":1603455,"hostname":"TempleOfZyminx","from":{"q":0,"r":9},"to":{"q":2,"r":0},"msg":"findPath: no valid path found"}
{"level":30,"time":1774382619799,"pid":1603455,"hostname":"TempleOfZyminx","from":{"q":0,"r":9},"to":{"q":2,"r":1},"msg":"findPath: no valid path found"}
{"level":30,"time":1774382619800,"pid":1603455,"hostname":"TempleOfZyminx","from":{"q":0,"r":9},"to":{"q":2,"r":2},"msg":"findPath: no valid path found"}
{"level":30,"time":1774382619800,"pid":1603455,"hostname":"TempleOfZyminx","from":{"q":0,"r":9},"to":{"q":2,"r":3},"msg":"findPath: no valid path found"}
{"level":30,"time":1774382619800,"pid":1603455,"hostname":"TempleOfZyminx","from":{"q":0,"r":9},"to":{"q":2,"r":4},"msg":"findPath: no valid path found"}
{"level":30,"time":1774382619800,"pid":1603455,"hostname":"TempleOfZyminx","from":{"q":0,"r":9},"to":{"q":2,"r":12},"msg":"findPath: no valid path found"}
{"level":30,"time":1774382619800,"pid":1603455,"hostname":"TempleOfZyminx","from":{"q":0,"r":9},"to":{"q":2,"r":13},"msg":"findPath: no valid path found"}
{"level":30,"time":1774382619800,"pid":1603455,"hostname":"TempleOfZyminx","from":{"q":0,"r":9},"to":{"q":2,"r":14},"msg":"findPath: no valid path found"}
{"level":30,"time":1774382619800,"pid":1603455,"hostname":"TempleOfZyminx","from":{"q":0,"r":9},"to":{"q":2,"r":15},"msg":"findPath: no valid path found"}
{"level":30,"time":1774382619800,"pid":1603455,"hostname":"TempleOfZyminx","from":{"q":0,"r":9},"to":{"q":2,"r":16},"msg":"findPath: no valid path found"}
{"level":30,"time":1774382619800,"pid":1603455,"hostname":"TempleOfZyminx","from":{"q":0,"r":9},"to":{"q":2,"r":17},"msg":"findPath: no valid path found"}
{"level":30,"time":1774382619800,"pid":1603455,"hostname":"TempleOfZyminx","from":{"q":0,"r":9},"to":{"q":2,"r":18},"msg":"findPath: no valid path found"}
{"level":30,"time":1774382619800,"pid":1603455,"hostname":"TempleOfZyminx","from":{"q":0,"r":9},"to":{"q":2,"r":19},"msg":"findPath: no valid path found"}
{"level":30,"time":1774382619800,"pid":1603455,"hostname":"TempleOfZyminx","from":{"q":0,"r":9},"to":{"q":2,"r":20},"msg":"findPath: no valid path found"}
{"level":30,"time":1774382619800,"pid":1603455,"hostname":"TempleOfZyminx","from":{"q":0,"r":9},"to":{"q":2,"r":21},"msg":"findPath: no valid path found"}
{"level":30,"time":1774382619800,"pid":1603455,"hostname":"TempleOfZyminx","from":{"q":0,"r":9},"to":{"q":3,"r":0},"msg":"findPath: no valid path found"}
{"level":30,"time":1774382619800,"pid":1603455,"hostname":"TempleOfZyminx","from":{"q":0,"r":9},"to":{"q":3,"r":1},"msg":"findPath: no valid path found"}
{"level":30,"time":1774382619800,"pid":1603455,"hostname":"TempleOfZyminx","from":{"q":0,"r":9},"to":{"q":3,"r":2},"msg":"findPath: no valid path found"}
{"level":30,"time":1774382619801,"pid":1603455,"hostname":"TempleOfZyminx","from":{"q":0,"r":9},"to":{"q":3,"r":3},"msg":"findPath: no valid path found"}
{"level":30,"time":1774382619801,"pid":1603455,"hostname":"TempleOfZyminx","from":{"q":0,"r":9},"to":{"q":3,"r":4},"msg":"findPath: no valid path found"}
{"level":30,"time":1774382619801,"pid":1603455,"hostname":"TempleOfZyminx","from":{"q":0,"r":9},"to":{"q":3,"r":8},"msg":"findPath: no valid path found"}
{"level":30,"time":1774382619801,"pid":1603455,"hostname":"TempleOfZyminx","from":{"q":0,"r":9},"to":{"q":3,"r":11},"msg":"findPath: no valid path found"}
{"level":30,"time":1774382619801,"pid":1603455,"hostname":"TempleOfZyminx","from":{"q":0,"r":9},"to":{"q":3,"r":12},"msg":"findPath: no valid path found"}
{"level":30,"time":1774382619801,"pid":1603455,"hostname":"TempleOfZyminx","from":{"q":0,"r":9},"to":{"q":3,"r":13},"msg":"findPath: no valid path found"}
{"level":30,"time":1774382619801,"pid":1603455,"hostname":"TempleOfZyminx","from":{"q":0,"r":9},"to":{"q":3,"r":14},"msg":"findPath: no valid path found"}
{"level":30,"time":1774382619801,"pid":1603455,"hostname":"TempleOfZyminx","from":{"q":0,"r":9},"to":{"q":3,"r":15},"msg":"findPath: no valid path found"}
{"level":30,"time":1774382619801,"pid":1603455,"hostname":"TempleOfZyminx","from":{"q":0,"r":9},"to":{"q":3,"r":16},"msg":"findPath: no valid path found"}
{"level":30,"time":1774382619801,"pid":1603455,"hostname":"TempleOfZyminx","from":{"q":0,"r":9},"to":{"q":3,"r":17},"msg":"findPath: no valid path found"}
{"level":30,"time":1774382619801,"pid":1603455,"hostname":"TempleOfZyminx","from":{"q":0,"r":9},"to":{"q":3,"r":18},"msg":"findPath: no valid path found"}
{"level":30,"time":1774382619801,"pid":1603455,"hostname":"TempleOfZyminx","from":{"q":0,"r":9},"to":{"q":3,"r":19},"msg":"findPath: no valid path found"}
{"level":30,"time":1774382619801,"pid":1603455,"hostname":"TempleOfZyminx","from":{"q":0,"r":9},"to":{"q":3,"r":20},"msg":"findPath: no valid path found"}
{"level":30,"time":1774382619801,"pid":1603455,"hostname":"TempleOfZyminx","from":{"q":0,"r":9},"to":{"q":3,"r":21},"msg":"findPath: no valid path found"}
{"level":30,"time":1774382619801,"pid":1603455,"hostname":"TempleOfZyminx","from":{"q":0,"r":9},"to":{"q":4,"r":0},"msg":"findPath: no valid path found"}
{"level":30,"time":1774382619801,"pid":1603455,"hostname":"TempleOfZyminx","from":{"q":0,"r":9},"to":{"q":4,"r":1},"msg":"findPath: no valid path found"}
{"level":30,"time":1774382619801,"pid":1603455,"hostname":"TempleOfZyminx","from":{"q":0,"r":9},"to":{"q":4,"r":2},"msg":"findPath: no valid path found"}
{"level":30,"time":1774382619801,"pid":1603455,"hostname":"TempleOfZyminx","from":{"q":0,"r":9},"to":{"q":4,"r":3},"msg":"findPath: no valid path found"}
{"level":30,"time":1774382619801,"pid":1603455,"hostname":"TempleOfZyminx","from":{"q":0,"r":9},"to":{"q":4,"r":4},"msg":"findPath: no valid path found"}
{"level":30,"time":1774382619802,"pid":1603455,"hostname":"TempleOfZyminx","from":{"q":0,"r":9},"to":{"q":4,"r":8},"msg":"findPath: no valid path found"}
{"level":30,"time":1774382619802,"pid":1603455,"hostname":"TempleOfZyminx","from":{"q":0,"r":9},"to":{"q":4,"r":10},"msg":"findPath: no valid path found"}
{"level":30,"time":1774382619802,"pid":1603455,"hostname":"TempleOfZyminx","from":{"q":0,"r":9},"to":{"q":4,"r":11},"msg":"findPath: no valid path found"}
{"level":30,"time":1774382619802,"pid":1603455,"hostname":"TempleOfZyminx","from":{"q":0,"r":9},"to":{"q":4,"r":12},"msg":"findPath: no valid path found"}
{"level":30,"time":1774382619802,"pid":1603455,"hostname":"TempleOfZyminx","from":{"q":0,"r":9},"to":{"q":4,"r":13},"msg":"findPath: no valid path found"}
{"level":30,"time":1774382619802,"pid":1603455,"hostname":"TempleOfZyminx","from":{"q":0,"r":9},"to":{"q":4,"r":14},"msg":"findPath: no valid path found"}
{"level":30,"time":1774382619802,"pid":1603455,"hostname":"TempleOfZyminx","from":{"q":0,"r":9},"to":{"q":4,"r":15},"msg":"findPath: no valid path found"}
{"level":30,"time":1774382619802,"pid":1603455,"hostname":"TempleOfZyminx","from":{"q":0,"r":9},"to":{"q":4,"r":16},"msg":"findPath: no valid path found"}
{"level":30,"time":1774382619802,"pid":1603455,"hostname":"TempleOfZyminx","from":{"q":0,"r":9},"to":{"q":4,"r":17},"msg":"findPath: no valid path found"}
{"level":30,"time":1774382619802,"pid":1603455,"hostname":"TempleOfZyminx","from":{"q":0,"r":9},"to":{"q":4,"r":18},"msg":"findPath: no valid path found"}
{"level":30,"time":1774382619802,"pid":1603455,"hostname":"TempleOfZyminx","from":{"q":0,"r":9},"to":{"q":4,"r":19},"msg":"findPath: no valid path found"}
{"level":30,"time":1774382619802,"pid":1603455,"hostname":"TempleOfZyminx","from":{"q":0,"r":9},"to":{"q":4,"r":20},"msg":"findPath: no valid path found"}
{"level":30,"time":1774382619802,"pid":1603455,"hostname":"TempleOfZyminx","from":{"q":0,"r":9},"to":{"q":4,"r":21},"msg":"findPath: no valid path found"}
{"level":30,"time":1774382619802,"pid":1603455,"hostname":"TempleOfZyminx","from":{"q":0,"r":9},"to":{"q":5,"r":0},"msg":"findPath: no valid path found"}
{"level":30,"time":1774382619802,"pid":1603455,"hostname":"TempleOfZyminx","from":{"q":0,"r":9},"to":{"q":5,"r":1},"msg":"findPath: no valid path found"}
{"level":30,"time":1774382619802,"pid":1603455,"hostname":"TempleOfZyminx","from":{"q":0,"r":9},"to":{"q":5,"r":2},"msg":"findPath: no valid path found"}
{"level":30,"time":1774382619802,"pid":1603455,"hostname":"TempleOfZyminx","from":{"q":0,"r":9},"to":{"q":5,"r":3},"msg":"findPath: no valid path found"}
{"level":30,"time":1774382619802,"pid":1603455,"hostname":"TempleOfZyminx","from":{"q":0,"r":9},"to":{"q":5,"r":4},"msg":"findPath: no valid path found"}
{"level":30,"time":1774382619802,"pid":1603455,"hostname":"TempleOfZyminx","from":{"q":0,"r":9},"to":{"q":5,"r":5},"msg":"findPath: no valid path found"}
{"level":30,"time":1774382619802,"pid":1603455,"hostname":"TempleOfZyminx","from":{"q":0,"r":9},"to":{"q":5,"r":6},"msg":"findPath: no valid path found"}
{"level":30,"time":1774382619802,"pid":1603455,"hostname":"TempleOfZyminx","from":{"q":0,"r":9},"to":{"q":5,"r":8},"msg":"findPath: no valid path found"}
{"level":30,"time":1774382619803,"pid":1603455,"hostname":"TempleOfZyminx","from":{"q":0,"r":9},"to":{"q":5,"r":9},"msg":"findPath: no valid path found"}
{"level":30,"time":1774382619803,"pid":1603455,"hostname":"TempleOfZyminx","from":{"q":0,"r":9},"to":{"q":5,"r":10},"msg":"findPath: no valid path found"}
{"level":30,"time":1774382619803,"pid":1603455,"hostname":"TempleOfZyminx","from":{"q":0,"r":9},"to":{"q":5,"r":11},"msg":"findPath: no valid path found"}
{"level":30,"time":1774382619803,"pid":1603455,"hostname":"TempleOfZyminx","from":{"q":0,"r":9},"to":{"q":5,"r":12},"msg":"findPath: no valid path found"}
{"level":30,"time":1774382619803,"pid":1603455,"hostname":"TempleOfZyminx","from":{"q":0,"r":9},"to":{"q":5,"r":13},"msg":"findPath: no valid path found"}
{"level":30,"time":1774382619803,"pid":1603455,"hostname":"TempleOfZyminx","from":{"q":0,"r":9},"to":{"q":5,"r":14},"msg":"findPath: no valid path found"}
{"level":30,"time":1774382619803,"pid":1603455,"hostname":"TempleOfZyminx","from":{"q":0,"r":9},"to":{"q":5,"r":15},"msg":"findPath: no valid path found"}
{"level":30,"time":1774382619803,"pid":1603455,"hostname":"TempleOfZyminx","from":{"q":0,"r":9},"to":{"q":5,"r":16},"msg":"findPath: no valid path found"}
{"level":30,"time":1774382619803,"pid":1603455,"hostname":"TempleOfZyminx","from":{"q":0,"r":9},"to":{"q":5,"r":17},"msg":"findPath: no valid path found"}
{"level":30,"time":1774382619803,"pid":1603455,"hostname":"TempleOfZyminx","from":{"q":0,"r":9},"to":{"q":5,"r":18},"msg":"findPath: no valid path found"}
{"level":30,"time":1774382619803,"pid":1603455,"hostname":"TempleOfZyminx","from":{"q":0,"r":9},"to":{"q":5,"r":19},"msg":"findPath: no valid path found"}
{"level":30,"time":1774382619803,"pid":1603455,"hostname":"TempleOfZyminx","from":{"q":0,"r":9},"to":{"q":5,"r":20},"msg":"findPath: no valid path found"}
{"level":30,"time":1774382619803,"pid":1603455,"hostname":"TempleOfZyminx","from":{"q":0,"r":9},"to":{"q":5,"r":21},"msg":"findPath: no valid path found"}
{"level":30,"time":1774382619803,"pid":1603455,"hostname":"TempleOfZyminx","from":{"q":0,"r":9},"to":{"q":6,"r":0},"msg":"findPath: no valid path found"}
{"level":30,"time":1774382619803,"pid":1603455,"hostname":"TempleOfZyminx","from":{"q":0,"r":9},"to":{"q":6,"r":1},"msg":"findPath: no valid path found"}
{"level":30,"time":1774382619803,"pid":1603455,"hostname":"TempleOfZyminx","from":{"q":0,"r":9},"to":{"q":6,"r":2},"msg":"findPath: no valid path found"}
{"level":30,"time":1774382619803,"pid":1603455,"hostname":"TempleOfZyminx","from":{"q":0,"r":9},"to":{"q":6,"r":3},"msg":"findPath: no valid path found"}
{"level":30,"time":1774382619803,"pid":1603455,"hostname":"TempleOfZyminx","from":{"q":0,"r":9},"to":{"q":6,"r":5},"msg":"findPath: no valid path found"}
{"level":30,"time":1774382619803,"pid":1604033,"hostname":"TempleOfZyminx","scenarioId":"swamp-siege-01","role":"onion","msg":"Creating new game match"}
{"level":30,"time":1774382619803,"pid":1603455,"hostname":"TempleOfZyminx","from":{"q":0,"r":9},"to":{"q":6,"r":6},"msg":"findPath: no valid path found"}
{"level":30,"time":1774382619803,"pid":1603455,"hostname":"TempleOfZyminx","from":{"q":0,"r":9},"to":{"q":6,"r":7},"msg":"findPath: no valid path found"}
{"level":30,"time":1774382619803,"pid":1603455,"hostname":"TempleOfZyminx","from":{"q":0,"r":9},"to":{"q":6,"r":8},"msg":"findPath: no valid path found"}
{"level":30,"time":1774382619803,"pid":1603455,"hostname":"TempleOfZyminx","from":{"q":0,"r":9},"to":{"q":6,"r":9},"msg":"findPath: no valid path found"}
{"level":30,"time":1774382619803,"pid":1603455,"hostname":"TempleOfZyminx","from":{"q":0,"r":9},"to":{"q":6,"r":10},"msg":"findPath: no valid path found"}
{"level":30,"time":1774382619804,"pid":1603455,"hostname":"TempleOfZyminx","from":{"q":0,"r":9},"to":{"q":6,"r":11},"msg":"findPath: no valid path found"}
{"level":30,"time":1774382619804,"pid":1603455,"hostname":"TempleOfZyminx","from":{"q":0,"r":9},"to":{"q":6,"r":12},"msg":"findPath: no valid path found"}
{"level":30,"time":1774382619804,"pid":1603455,"hostname":"TempleOfZyminx","from":{"q":0,"r":9},"to":{"q":6,"r":13},"msg":"findPath: no valid path found"}
{"level":30,"time":1774382619804,"pid":1603455,"hostname":"TempleOfZyminx","from":{"q":0,"r":9},"to":{"q":6,"r":14},"msg":"findPath: no valid path found"}
{"level":30,"time":1774382619805,"pid":1603455,"hostname":"TempleOfZyminx","from":{"q":0,"r":9},"to":{"q":6,"r":15},"msg":"findPath: no valid path found"}
{"level":30,"time":1774382619805,"pid":1603455,"hostname":"TempleOfZyminx","from":{"q":0,"r":9},"to":{"q":6,"r":16},"msg":"findPath: no valid path found"}
{"level":30,"time":1774382619805,"pid":1603455,"hostname":"TempleOfZyminx","from":{"q":0,"r":9},"to":{"q":6,"r":17},"msg":"findPath: no valid path found"}
{"level":30,"time":1774382619805,"pid":1603455,"hostname":"TempleOfZyminx","from":{"q":0,"r":9},"to":{"q":6,"r":18},"msg":"findPath: no valid path found"}
{"level":30,"time":1774382619805,"pid":1603455,"hostname":"TempleOfZyminx","from":{"q":0,"r":9},"to":{"q":6,"r":19},"msg":"findPath: no valid path found"}
{"level":30,"time":1774382619805,"pid":1603455,"hostname":"TempleOfZyminx","from":{"q":0,"r":9},"to":{"q":6,"r":20},"msg":"findPath: no valid path found"}
{"level":30,"time":1774382619805,"pid":1603455,"hostname":"TempleOfZyminx","from":{"q":0,"r":9},"to":{"q":6,"r":21},"msg":"findPath: no valid path found"}
{"level":30,"time":1774382619805,"pid":1603455,"hostname":"TempleOfZyminx","from":{"q":0,"r":9},"to":{"q":7,"r":0},"msg":"findPath: no valid path found"}
{"level":30,"time":1774382619805,"pid":1603455,"hostname":"TempleOfZyminx","from":{"q":0,"r":9},"to":{"q":7,"r":1},"msg":"findPath: no valid path found"}
{"level":30,"time":1774382619805,"pid":1603455,"hostname":"TempleOfZyminx","from":{"q":0,"r":9},"to":{"q":7,"r":2},"msg":"findPath: no valid path found"}
{"level":30,"time":1774382619805,"pid":1603455,"hostname":"TempleOfZyminx","from":{"q":0,"r":9},"to":{"q":7,"r":4},"msg":"findPath: no valid path found"}
{"level":30,"time":1774382619805,"pid":1603455,"hostname":"TempleOfZyminx","from":{"q":0,"r":9},"to":{"q":7,"r":5},"msg":"findPath: no valid path found"}
{"level":30,"time":1774382619805,"pid":1603455,"hostname":"TempleOfZyminx","from":{"q":0,"r":9},"to":{"q":7,"r":6},"msg":"findPath: no valid path found"}
{"level":30,"time":1774382619805,"pid":1603455,"hostname":"TempleOfZyminx","from":{"q":0,"r":9},"to":{"q":7,"r":7},"msg":"findPath: no valid path found"}
{"level":30,"time":1774382619805,"pid":1603455,"hostname":"TempleOfZyminx","from":{"q":0,"r":9},"to":{"q":7,"r":8},"msg":"findPath: no valid path found"}
{"level":30,"time":1774382619805,"pid":1603455,"hostname":"TempleOfZyminx","from":{"q":0,"r":9},"to":{"q":7,"r":9},"msg":"findPath: no valid path found"}
{"level":30,"time":1774382619805,"pid":1603455,"hostname":"TempleOfZyminx","from":{"q":0,"r":9},"to":{"q":7,"r":10},"msg":"findPath: no valid path found"}
{"level":30,"time":1774382619805,"pid":1603455,"hostname":"TempleOfZyminx","from":{"q":0,"r":9},"to":{"q":7,"r":11},"msg":"findPath: no valid path found"}
{"level":30,"time":1774382619805,"pid":1603455,"hostname":"TempleOfZyminx","from":{"q":0,"r":9},"to":{"q":7,"r":12},"msg":"findPath: no valid path found"}
{"level":30,"time":1774382619805,"pid":1603455,"hostname":"TempleOfZyminx","from":{"q":0,"r":9},"to":{"q":7,"r":13},"msg":"findPath: no valid path found"}
{"level":30,"time":1774382619805,"pid":1603455,"hostname":"TempleOfZyminx","from":{"q":0,"r":9},"to":{"q":7,"r":14},"msg":"findPath: no valid path found"}
{"level":30,"time":1774382619805,"pid":1603455,"hostname":"TempleOfZyminx","from":{"q":0,"r":9},"to":{"q":7,"r":15},"msg":"findPath: no valid path found"}
{"level":30,"time":1774382619805,"pid":1603455,"hostname":"TempleOfZyminx","from":{"q":0,"r":9},"to":{"q":7,"r":16},"msg":"findPath: no valid path found"}
{"level":30,"time":1774382619806,"pid":1603455,"hostname":"TempleOfZyminx","from":{"q":0,"r":9},"to":{"q":7,"r":17},"msg":"findPath: no valid path found"}
{"level":30,"time":1774382619806,"pid":1603455,"hostname":"TempleOfZyminx","from":{"q":0,"r":9},"to":{"q":7,"r":18},"msg":"findPath: no valid path found"}
{"level":30,"time":1774382619806,"pid":1604033,"hostname":"TempleOfZyminx","gameId":"ad537dea-39cd-423f-a560-554cff41261c","role":"onion","msg":"Game match created"}
{"level":30,"time":1774382619806,"pid":1603455,"hostname":"TempleOfZyminx","from":{"q":0,"r":9},"to":{"q":7,"r":19},"msg":"findPath: no valid path found"}
{"level":30,"time":1774382619806,"pid":1603455,"hostname":"TempleOfZyminx","from":{"q":0,"r":9},"to":{"q":7,"r":20},"msg":"findPath: no valid path found"}
{"level":30,"time":1774382619806,"pid":1603455,"hostname":"TempleOfZyminx","from":{"q":0,"r":9},"to":{"q":7,"r":21},"msg":"findPath: no valid path found"}
{"level":30,"time":1774382619806,"pid":1603455,"hostname":"TempleOfZyminx","from":{"q":0,"r":9},"to":{"q":8,"r":0},"msg":"findPath: no valid path found"}
{"level":30,"time":1774382619806,"pid":1603455,"hostname":"TempleOfZyminx","from":{"q":0,"r":9},"to":{"q":8,"r":1},"msg":"findPath: no valid path found"}
{"level":30,"time":1774382619806,"pid":1603455,"hostname":"TempleOfZyminx","from":{"q":0,"r":9},"to":{"q":8,"r":2},"msg":"findPath: no valid path found"}
{"level":30,"time":1774382619806,"pid":1603455,"hostname":"TempleOfZyminx","from":{"q":0,"r":9},"to":{"q":8,"r":3},"msg":"findPath: no valid path found"}
{"level":30,"time":1774382619806,"pid":1603455,"hostname":"TempleOfZyminx","from":{"q":0,"r":9},"to":{"q":8,"r":4},"msg":"findPath: no valid path found"}
{"level":30,"time":1774382619806,"pid":1603455,"hostname":"TempleOfZyminx","from":{"q":0,"r":9},"to":{"q":8,"r":5},"msg":"findPath: no valid path found"}
{"level":30,"time":1774382619806,"pid":1603455,"hostname":"TempleOfZyminx","from":{"q":0,"r":9},"to":{"q":8,"r":6},"msg":"findPath: no valid path found"}
{"level":30,"time":1774382619806,"pid":1603455,"hostname":"TempleOfZyminx","from":{"q":0,"r":9},"to":{"q":8,"r":7},"msg":"findPath: no valid path found"}
{"level":30,"time":1774382619806,"pid":1603455,"hostname":"TempleOfZyminx","from":{"q":0,"r":9},"to":{"q":8,"r":8},"msg":"findPath: no valid path found"}
{"level":30,"time":1774382619806,"pid":1603455,"hostname":"TempleOfZyminx","from":{"q":0,"r":9},"to":{"q":8,"r":9},"msg":"findPath: no valid path found"}
{"level":30,"time":1774382619806,"pid":1603455,"hostname":"TempleOfZyminx","from":{"q":0,"r":9},"to":{"q":8,"r":10},"msg":"findPath: no valid path found"}
{"level":30,"time":1774382619806,"pid":1603455,"hostname":"TempleOfZyminx","from":{"q":0,"r":9},"to":{"q":8,"r":11},"msg":"findPath: no valid path found"}
{"level":30,"time":1774382619807,"pid":1603455,"hostname":"TempleOfZyminx","from":{"q":0,"r":9},"to":{"q":8,"r":12},"msg":"findPath: no valid path found"}
{"level":30,"time":1774382619807,"pid":1603455,"hostname":"TempleOfZyminx","from":{"q":0,"r":9},"to":{"q":8,"r":13},"msg":"findPath: no valid path found"}
{"level":30,"time":1774382619807,"pid":1603455,"hostname":"TempleOfZyminx","from":{"q":0,"r":9},"to":{"q":8,"r":14},"msg":"findPath: no valid path found"}
{"level":30,"time":1774382619807,"pid":1603455,"hostname":"TempleOfZyminx","from":{"q":0,"r":9},"to":{"q":8,"r":15},"msg":"findPath: no valid path found"}
{"level":30,"time":1774382619807,"pid":1603455,"hostname":"TempleOfZyminx","from":{"q":0,"r":9},"to":{"q":8,"r":16},"msg":"findPath: no valid path found"}
{"level":30,"time":1774382619807,"pid":1603455,"hostname":"TempleOfZyminx","from":{"q":0,"r":9},"to":{"q":8,"r":17},"msg":"findPath: no valid path found"}
{"level":30,"time":1774382619807,"pid":1603455,"hostname":"TempleOfZyminx","from":{"q":0,"r":9},"to":{"q":8,"r":18},"msg":"findPath: no valid path found"}
{"level":30,"time":1774382619807,"pid":1603455,"hostname":"TempleOfZyminx","from":{"q":0,"r":9},"to":{"q":8,"r":19},"msg":"findPath: no valid path found"}
{"level":30,"time":1774382619807,"pid":1603455,"hostname":"TempleOfZyminx","from":{"q":0,"r":9},"to":{"q":8,"r":20},"msg":"findPath: no valid path found"}
{"level":30,"time":1774382619807,"pid":1603455,"hostname":"TempleOfZyminx","from":{"q":0,"r":9},"to":{"q":8,"r":21},"msg":"findPath: no valid path found"}
{"level":30,"time":1774382619807,"pid":1604033,"hostname":"TempleOfZyminx","id":"ad537dea-39cd-423f-a560-554cff41261c","msg":"User joining game"}
{"level":30,"time":1774382619807,"pid":1603455,"hostname":"TempleOfZyminx","from":{"q":0,"r":9},"to":{"q":9,"r":0},"msg":"findPath: no valid path found"}
{"level":30,"time":1774382619807,"pid":1603455,"hostname":"TempleOfZyminx","from":{"q":0,"r":9},"to":{"q":9,"r":1},"msg":"findPath: no valid path found"}
{"level":30,"time":1774382619807,"pid":1603455,"hostname":"TempleOfZyminx","from":{"q":0,"r":9},"to":{"q":9,"r":2},"msg":"findPath: no valid path found"}
{"level":30,"time":1774382619807,"pid":1603455,"hostname":"TempleOfZyminx","from":{"q":0,"r":9},"to":{"q":9,"r":3},"msg":"findPath: no valid path found"}
{"level":30,"time":1774382619807,"pid":1603455,"hostname":"TempleOfZyminx","from":{"q":0,"r":9},"to":{"q":9,"r":4},"msg":"findPath: no valid path found"}
{"level":30,"time":1774382619807,"pid":1603455,"hostname":"TempleOfZyminx","from":{"q":0,"r":9},"to":{"q":9,"r":5},"msg":"findPath: no valid path found"}
{"level":30,"time":1774382619807,"pid":1603455,"hostname":"TempleOfZyminx","from":{"q":0,"r":9},"to":{"q":9,"r":6},"msg":"findPath: no valid path found"}
{"level":30,"time":1774382619807,"pid":1603455,"hostname":"TempleOfZyminx","from":{"q":0,"r":9},"to":{"q":9,"r":7},"msg":"findPath: no valid path found"}
{"level":30,"time":1774382619807,"pid":1603455,"hostname":"TempleOfZyminx","from":{"q":0,"r":9},"to":{"q":9,"r":8},"msg":"findPath: no valid path found"}
{"level":30,"time":1774382619807,"pid":1603455,"hostname":"TempleOfZyminx","from":{"q":0,"r":9},"to":{"q":9,"r":9},"msg":"findPath: no valid path found"}
{"level":30,"time":1774382619807,"pid":1603455,"hostname":"TempleOfZyminx","from":{"q":0,"r":9},"to":{"q":9,"r":10},"msg":"findPath: no valid path found"}
{"level":30,"time":1774382619807,"pid":1604033,"hostname":"TempleOfZyminx","gameId":"ad537dea-39cd-423f-a560-554cff41261c","role":"defender","msg":"User joined game"}
{"level":30,"time":1774382619807,"pid":1603455,"hostname":"TempleOfZyminx","from":{"q":0,"r":9},"to":{"q":9,"r":11},"msg":"findPath: no valid path found"}
{"level":30,"time":1774382619807,"pid":1603455,"hostname":"TempleOfZyminx","from":{"q":0,"r":9},"to":{"q":9,"r":12},"msg":"findPath: no valid path found"}
{"level":30,"time":1774382619807,"pid":1603455,"hostname":"TempleOfZyminx","from":{"q":0,"r":9},"to":{"q":9,"r":13},"msg":"findPath: no valid path found"}
{"level":30,"time":1774382619807,"pid":1603455,"hostname":"TempleOfZyminx","from":{"q":0,"r":9},"to":{"q":9,"r":14},"msg":"findPath: no valid path found"}
{"level":30,"time":1774382619807,"pid":1603455,"hostname":"TempleOfZyminx","from":{"q":0,"r":9},"to":{"q":9,"r":15},"msg":"findPath: no valid path found"}
{"level":30,"time":1774382619807,"pid":1603455,"hostname":"TempleOfZyminx","from":{"q":0,"r":9},"to":{"q":9,"r":16},"msg":"findPath: no valid path found"}
{"level":30,"time":1774382619808,"pid":1603455,"hostname":"TempleOfZyminx","from":{"q":0,"r":9},"to":{"q":9,"r":17},"msg":"findPath: no valid path found"}
{"level":30,"time":1774382619808,"pid":1603455,"hostname":"TempleOfZyminx","from":{"q":0,"r":9},"to":{"q":9,"r":18},"msg":"findPath: no valid path found"}
{"level":30,"time":1774382619808,"pid":1603455,"hostname":"TempleOfZyminx","from":{"q":0,"r":9},"to":{"q":9,"r":19},"msg":"findPath: no valid path found"}
{"level":30,"time":1774382619808,"pid":1603455,"hostname":"TempleOfZyminx","from":{"q":0,"r":9},"to":{"q":9,"r":20},"msg":"findPath: no valid path found"}
{"level":30,"time":1774382619808,"pid":1603455,"hostname":"TempleOfZyminx","from":{"q":0,"r":9},"to":{"q":9,"r":21},"msg":"findPath: no valid path found"}
{"level":30,"time":1774382619808,"pid":1603455,"hostname":"TempleOfZyminx","from":{"q":0,"r":9},"to":{"q":10,"r":0},"msg":"findPath: no valid path found"}
{"level":30,"time":1774382619808,"pid":1603455,"hostname":"TempleOfZyminx","from":{"q":0,"r":9},"to":{"q":10,"r":1},"msg":"findPath: no valid path found"}
{"level":30,"time":1774382619808,"pid":1603455,"hostname":"TempleOfZyminx","from":{"q":0,"r":9},"to":{"q":10,"r":2},"msg":"findPath: no valid path found"}
{"level":30,"time":1774382619808,"pid":1603455,"hostname":"TempleOfZyminx","from":{"q":0,"r":9},"to":{"q":10,"r":3},"msg":"findPath: no valid path found"}
{"level":30,"time":1774382619808,"pid":1603455,"hostname":"TempleOfZyminx","from":{"q":0,"r":9},"to":{"q":10,"r":4},"msg":"findPath: no valid path found"}
{"level":30,"time":1774382619808,"pid":1603455,"hostname":"TempleOfZyminx","from":{"q":0,"r":9},"to":{"q":10,"r":5},"msg":"findPath: no valid path found"}
{"level":30,"time":1774382619808,"pid":1603455,"hostname":"TempleOfZyminx","from":{"q":0,"r":9},"to":{"q":10,"r":6},"msg":"findPath: no valid path found"}
{"level":30,"time":1774382619808,"pid":1603455,"hostname":"TempleOfZyminx","from":{"q":0,"r":9},"to":{"q":10,"r":7},"msg":"findPath: no valid path found"}
{"level":30,"time":1774382619808,"pid":1603455,"hostname":"TempleOfZyminx","from":{"q":0,"r":9},"to":{"q":10,"r":8},"msg":"findPath: no valid path found"}
{"level":30,"time":1774382619809,"pid":1603455,"hostname":"TempleOfZyminx","from":{"q":0,"r":9},"to":{"q":10,"r":9},"msg":"findPath: no valid path found"}
{"level":30,"time":1774382619809,"pid":1603455,"hostname":"TempleOfZyminx","from":{"q":0,"r":9},"to":{"q":10,"r":10},"msg":"findPath: no valid path found"}
{"level":30,"time":1774382619809,"pid":1603455,"hostname":"TempleOfZyminx","from":{"q":0,"r":9},"to":{"q":10,"r":11},"msg":"findPath: no valid path found"}
{"level":30,"time":1774382619809,"pid":1603455,"hostname":"TempleOfZyminx","from":{"q":0,"r":9},"to":{"q":10,"r":12},"msg":"findPath: no valid path found"}
{"level":30,"time":1774382619809,"pid":1604033,"hostname":"TempleOfZyminx","id":"ad537dea-39cd-423f-a560-554cff41261c","command":"END_PHASE","msg":"Submitting game action"}
{"level":30,"time":1774382619809,"pid":1603455,"hostname":"TempleOfZyminx","from":{"q":0,"r":9},"to":{"q":10,"r":13},"msg":"findPath: no valid path found"}
{"level":30,"time":1774382619809,"pid":1603455,"hostname":"TempleOfZyminx","from":{"q":0,"r":9},"to":{"q":10,"r":14},"msg":"findPath: no valid path found"}
{"level":30,"time":1774382619809,"pid":1603455,"hostname":"TempleOfZyminx","from":{"q":0,"r":9},"to":{"q":10,"r":15},"msg":"findPath: no valid path found"}
{"level":30,"time":1774382619809,"pid":1603455,"hostname":"TempleOfZyminx","from":{"q":0,"r":9},"to":{"q":10,"r":16},"msg":"findPath: no valid path found"}
{"level":30,"time":1774382619809,"pid":1603455,"hostname":"TempleOfZyminx","from":{"q":0,"r":9},"to":{"q":10,"r":17},"msg":"findPath: no valid path found"}
{"level":30,"time":1774382619809,"pid":1603455,"hostname":"TempleOfZyminx","from":{"q":0,"r":9},"to":{"q":10,"r":18},"msg":"findPath: no valid path found"}
{"level":30,"time":1774382619809,"pid":1603455,"hostname":"TempleOfZyminx","from":{"q":0,"r":9},"to":{"q":10,"r":19},"msg":"findPath: no valid path found"}
{"level":30,"time":1774382619809,"pid":1603455,"hostname":"TempleOfZyminx","from":{"q":0,"r":9},"to":{"q":10,"r":20},"msg":"findPath: no valid path found"}
{"level":30,"time":1774382619809,"pid":1604033,"hostname":"TempleOfZyminx","gameId":"ad537dea-39cd-423f-a560-554cff41261c","phase":"ONION_MOVE","msg":"Advancing phase"}
{"level":30,"time":1774382619809,"pid":1603455,"hostname":"TempleOfZyminx","from":{"q":0,"r":9},"to":{"q":10,"r":21},"msg":"findPath: no valid path found"}
{"level":30,"time":1774382619809,"pid":1603455,"hostname":"TempleOfZyminx","from":{"q":0,"r":9},"to":{"q":11,"r":0},"msg":"findPath: no valid path found"}
{"level":30,"time":1774382619809,"pid":1603455,"hostname":"TempleOfZyminx","from":{"q":0,"r":9},"to":{"q":11,"r":1},"msg":"findPath: no valid path found"}
{"level":30,"time":1774382619809,"pid":1604033,"hostname":"TempleOfZyminx","phase":"ONION_MOVE","turnNumber":1,"msg":"Advancing phase in engine"}
{"level":30,"time":1774382619809,"pid":1603455,"hostname":"TempleOfZyminx","from":{"q":0,"r":9},"to":{"q":11,"r":2},"msg":"findPath: no valid path found"}
{"level":30,"time":1774382619809,"pid":1603455,"hostname":"TempleOfZyminx","from":{"q":0,"r":9},"to":{"q":11,"r":3},"msg":"findPath: no valid path found"}
{"level":30,"time":1774382619809,"pid":1603455,"hostname":"TempleOfZyminx","from":{"q":0,"r":9},"to":{"q":11,"r":4},"msg":"findPath: no valid path found"}
{"level":30,"time":1774382619809,"pid":1603455,"hostname":"TempleOfZyminx","from":{"q":0,"r":9},"to":{"q":11,"r":5},"msg":"findPath: no valid path found"}
{"level":30,"time":1774382619809,"pid":1603455,"hostname":"TempleOfZyminx","from":{"q":0,"r":9},"to":{"q":11,"r":6},"msg":"findPath: no valid path found"}
{"level":30,"time":1774382619810,"pid":1603455,"hostname":"TempleOfZyminx","from":{"q":0,"r":9},"to":{"q":11,"r":7},"msg":"findPath: no valid path found"}
{"level":30,"time":1774382619810,"pid":1603455,"hostname":"TempleOfZyminx","from":{"q":0,"r":9},"to":{"q":11,"r":8},"msg":"findPath: no valid path found"}
{"level":30,"time":1774382619810,"pid":1603455,"hostname":"TempleOfZyminx","from":{"q":0,"r":9},"to":{"q":11,"r":9},"msg":"findPath: no valid path found"}
{"level":30,"time":1774382619810,"pid":1603455,"hostname":"TempleOfZyminx","from":{"q":0,"r":9},"to":{"q":11,"r":10},"msg":"findPath: no valid path found"}
{"level":30,"time":1774382619810,"pid":1603455,"hostname":"TempleOfZyminx","from":{"q":0,"r":9},"to":{"q":11,"r":11},"msg":"findPath: no valid path found"}
{"level":30,"time":1774382619810,"pid":1603455,"hostname":"TempleOfZyminx","from":{"q":0,"r":9},"to":{"q":11,"r":12},"msg":"findPath: no valid path found"}
{"level":30,"time":1774382619810,"pid":1603455,"hostname":"TempleOfZyminx","from":{"q":0,"r":9},"to":{"q":11,"r":13},"msg":"findPath: no valid path found"}
{"level":30,"time":1774382619810,"pid":1603455,"hostname":"TempleOfZyminx","from":{"q":0,"r":9},"to":{"q":11,"r":14},"msg":"findPath: no valid path found"}
{"level":30,"time":1774382619810,"pid":1603455,"hostname":"TempleOfZyminx","from":{"q":0,"r":9},"to":{"q":11,"r":15},"msg":"findPath: no valid path found"}
{"level":30,"time":1774382619810,"pid":1603455,"hostname":"TempleOfZyminx","from":{"q":0,"r":9},"to":{"q":11,"r":16},"msg":"findPath: no valid path found"}
{"level":30,"time":1774382619810,"pid":1603455,"hostname":"TempleOfZyminx","from":{"q":0,"r":9},"to":{"q":11,"r":17},"msg":"findPath: no valid path found"}
{"level":30,"time":1774382619811,"pid":1603455,"hostname":"TempleOfZyminx","from":{"q":0,"r":9},"to":{"q":11,"r":18},"msg":"findPath: no valid path found"}
{"level":30,"time":1774382619811,"pid":1603455,"hostname":"TempleOfZyminx","from":{"q":0,"r":9},"to":{"q":11,"r":19},"msg":"findPath: no valid path found"}
{"level":30,"time":1774382619811,"pid":1603455,"hostname":"TempleOfZyminx","from":{"q":0,"r":9},"to":{"q":11,"r":20},"msg":"findPath: no valid path found"}
{"level":30,"time":1774382619811,"pid":1603455,"hostname":"TempleOfZyminx","from":{"q":0,"r":9},"to":{"q":11,"r":21},"msg":"findPath: no valid path found"}
{"level":30,"time":1774382619811,"pid":1603455,"hostname":"TempleOfZyminx","from":{"q":0,"r":9},"to":{"q":12,"r":0},"msg":"findPath: no valid path found"}
{"level":30,"time":1774382619811,"pid":1603455,"hostname":"TempleOfZyminx","from":{"q":0,"r":9},"to":{"q":12,"r":1},"msg":"findPath: no valid path found"}
{"level":30,"time":1774382619811,"pid":1603455,"hostname":"TempleOfZyminx","from":{"q":0,"r":9},"to":{"q":12,"r":2},"msg":"findPath: no valid path found"}
{"level":30,"time":1774382619812,"pid":1603455,"hostname":"TempleOfZyminx","from":{"q":0,"r":9},"to":{"q":12,"r":3},"msg":"findPath: no valid path found"}
{"level":30,"time":1774382619812,"pid":1603455,"hostname":"TempleOfZyminx","from":{"q":0,"r":9},"to":{"q":12,"r":4},"msg":"findPath: no valid path found"}
{"level":30,"time":1774382619812,"pid":1603455,"hostname":"TempleOfZyminx","from":{"q":0,"r":9},"to":{"q":12,"r":5},"msg":"findPath: no valid path found"}
{"level":30,"time":1774382619812,"pid":1603455,"hostname":"TempleOfZyminx","from":{"q":0,"r":9},"to":{"q":12,"r":6},"msg":"findPath: no valid path found"}
{"level":30,"time":1774382619812,"pid":1603455,"hostname":"TempleOfZyminx","from":{"q":0,"r":9},"to":{"q":12,"r":7},"msg":"findPath: no valid path found"}
{"level":30,"time":1774382619812,"pid":1603455,"hostname":"TempleOfZyminx","from":{"q":0,"r":9},"to":{"q":12,"r":8},"msg":"findPath: no valid path found"}
{"level":30,"time":1774382619812,"pid":1603455,"hostname":"TempleOfZyminx","from":{"q":0,"r":9},"to":{"q":12,"r":9},"msg":"findPath: no valid path found"}
{"level":30,"time":1774382619812,"pid":1603455,"hostname":"TempleOfZyminx","from":{"q":0,"r":9},"to":{"q":12,"r":10},"msg":"findPath: no valid path found"}
{"level":30,"time":1774382619812,"pid":1603455,"hostname":"TempleOfZyminx","from":{"q":0,"r":9},"to":{"q":12,"r":11},"msg":"findPath: no valid path found"}
{"level":30,"time":1774382619812,"pid":1603455,"hostname":"TempleOfZyminx","from":{"q":0,"r":9},"to":{"q":12,"r":12},"msg":"findPath: no valid path found"}
{"level":30,"time":1774382619812,"pid":1603455,"hostname":"TempleOfZyminx","from":{"q":0,"r":9},"to":{"q":12,"r":13},"msg":"findPath: no valid path found"}
{"level":30,"time":1774382619812,"pid":1603455,"hostname":"TempleOfZyminx","from":{"q":0,"r":9},"to":{"q":12,"r":14},"msg":"findPath: no valid path found"}
{"level":30,"time":1774382619812,"pid":1603455,"hostname":"TempleOfZyminx","from":{"q":0,"r":9},"to":{"q":12,"r":15},"msg":"findPath: no valid path found"}
{"level":30,"time":1774382619812,"pid":1603455,"hostname":"TempleOfZyminx","from":{"q":0,"r":9},"to":{"q":12,"r":16},"msg":"findPath: no valid path found"}
{"level":30,"time":1774382619812,"pid":1603455,"hostname":"TempleOfZyminx","from":{"q":0,"r":9},"to":{"q":12,"r":17},"msg":"findPath: no valid path found"}
{"level":30,"time":1774382619813,"pid":1603455,"hostname":"TempleOfZyminx","from":{"q":0,"r":9},"to":{"q":12,"r":18},"msg":"findPath: no valid path found"}
{"level":30,"time":1774382619813,"pid":1603455,"hostname":"TempleOfZyminx","from":{"q":0,"r":9},"to":{"q":12,"r":19},"msg":"findPath: no valid path found"}
{"level":30,"time":1774382619813,"pid":1603455,"hostname":"TempleOfZyminx","from":{"q":0,"r":9},"to":{"q":12,"r":20},"msg":"findPath: no valid path found"}
{"level":30,"time":1774382619813,"pid":1603455,"hostname":"TempleOfZyminx","from":{"q":0,"r":9},"to":{"q":12,"r":21},"msg":"findPath: no valid path found"}
{"level":30,"time":1774382619813,"pid":1603455,"hostname":"TempleOfZyminx","from":{"q":0,"r":9},"to":{"q":13,"r":0},"msg":"findPath: no valid path found"}
{"level":30,"time":1774382619813,"pid":1603455,"hostname":"TempleOfZyminx","from":{"q":0,"r":9},"to":{"q":13,"r":1},"msg":"findPath: no valid path found"}
{"level":30,"time":1774382619813,"pid":1603455,"hostname":"TempleOfZyminx","from":{"q":0,"r":9},"to":{"q":13,"r":2},"msg":"findPath: no valid path found"}
{"level":30,"time":1774382619813,"pid":1603455,"hostname":"TempleOfZyminx","from":{"q":0,"r":9},"to":{"q":13,"r":3},"msg":"findPath: no valid path found"}
{"level":30,"time":1774382619813,"pid":1603455,"hostname":"TempleOfZyminx","from":{"q":0,"r":9},"to":{"q":13,"r":4},"msg":"findPath: no valid path found"}
{"level":30,"time":1774382619813,"pid":1603455,"hostname":"TempleOfZyminx","from":{"q":0,"r":9},"to":{"q":13,"r":5},"msg":"findPath: no valid path found"}
{"level":30,"time":1774382619813,"pid":1603455,"hostname":"TempleOfZyminx","from":{"q":0,"r":9},"to":{"q":13,"r":6},"msg":"findPath: no valid path found"}
{"level":30,"time":1774382619813,"pid":1603455,"hostname":"TempleOfZyminx","from":{"q":0,"r":9},"to":{"q":13,"r":7},"msg":"findPath: no valid path found"}
{"level":30,"time":1774382619813,"pid":1603455,"hostname":"TempleOfZyminx","from":{"q":0,"r":9},"to":{"q":13,"r":8},"msg":"findPath: no valid path found"}
{"level":30,"time":1774382619813,"pid":1603455,"hostname":"TempleOfZyminx","from":{"q":0,"r":9},"to":{"q":13,"r":9},"msg":"findPath: no valid path found"}
{"level":30,"time":1774382619813,"pid":1603455,"hostname":"TempleOfZyminx","from":{"q":0,"r":9},"to":{"q":13,"r":10},"msg":"findPath: no valid path found"}
{"level":30,"time":1774382619813,"pid":1603455,"hostname":"TempleOfZyminx","from":{"q":0,"r":9},"to":{"q":13,"r":11},"msg":"findPath: no valid path found"}
{"level":30,"time":1774382619813,"pid":1603455,"hostname":"TempleOfZyminx","from":{"q":0,"r":9},"to":{"q":13,"r":12},"msg":"findPath: no valid path found"}
{"level":30,"time":1774382619814,"pid":1603455,"hostname":"TempleOfZyminx","from":{"q":0,"r":9},"to":{"q":13,"r":13},"msg":"findPath: no valid path found"}
{"level":30,"time":1774382619814,"pid":1603455,"hostname":"TempleOfZyminx","from":{"q":0,"r":9},"to":{"q":13,"r":14},"msg":"findPath: no valid path found"}
{"level":30,"time":1774382619814,"pid":1603455,"hostname":"TempleOfZyminx","from":{"q":0,"r":9},"to":{"q":13,"r":15},"msg":"findPath: no valid path found"}
{"level":30,"time":1774382619814,"pid":1603455,"hostname":"TempleOfZyminx","from":{"q":0,"r":9},"to":{"q":13,"r":16},"msg":"findPath: no valid path found"}
{"level":30,"time":1774382619814,"pid":1603455,"hostname":"TempleOfZyminx","from":{"q":0,"r":9},"to":{"q":13,"r":17},"msg":"findPath: no valid path found"}
{"level":30,"time":1774382619814,"pid":1603455,"hostname":"TempleOfZyminx","from":{"q":0,"r":9},"to":{"q":13,"r":18},"msg":"findPath: no valid path found"}
{"level":30,"time":1774382619814,"pid":1603455,"hostname":"TempleOfZyminx","from":{"q":0,"r":9},"to":{"q":13,"r":19},"msg":"findPath: no valid path found"}
{"level":30,"time":1774382619814,"pid":1603455,"hostname":"TempleOfZyminx","from":{"q":0,"r":9},"to":{"q":13,"r":20},"msg":"findPath: no valid path found"}
{"level":30,"time":1774382619814,"pid":1603455,"hostname":"TempleOfZyminx","from":{"q":0,"r":9},"to":{"q":13,"r":21},"msg":"findPath: no valid path found"}
{"level":30,"time":1774382619814,"pid":1603455,"hostname":"TempleOfZyminx","from":{"q":0,"r":9},"to":{"q":14,"r":0},"msg":"findPath: no valid path found"}
{"level":30,"time":1774382619814,"pid":1603455,"hostname":"TempleOfZyminx","from":{"q":0,"r":9},"to":{"q":14,"r":1},"msg":"findPath: no valid path found"}
{"level":30,"time":1774382619814,"pid":1603455,"hostname":"TempleOfZyminx","from":{"q":0,"r":9},"to":{"q":14,"r":2},"msg":"findPath: no valid path found"}
{"level":30,"time":1774382619814,"pid":1603455,"hostname":"TempleOfZyminx","from":{"q":0,"r":9},"to":{"q":14,"r":3},"msg":"findPath: no valid path found"}
{"level":30,"time":1774382619814,"pid":1603455,"hostname":"TempleOfZyminx","from":{"q":0,"r":9},"to":{"q":14,"r":4},"msg":"findPath: no valid path found"}
{"level":30,"time":1774382619814,"pid":1603455,"hostname":"TempleOfZyminx","from":{"q":0,"r":9},"to":{"q":14,"r":5},"msg":"findPath: no valid path found"}
{"level":30,"time":1774382619815,"pid":1603455,"hostname":"TempleOfZyminx","from":{"q":0,"r":9},"to":{"q":14,"r":6},"msg":"findPath: no valid path found"}
{"level":30,"time":1774382619815,"pid":1603455,"hostname":"TempleOfZyminx","from":{"q":0,"r":9},"to":{"q":14,"r":7},"msg":"findPath: no valid path found"}
{"level":30,"time":1774382619815,"pid":1603455,"hostname":"TempleOfZyminx","from":{"q":0,"r":9},"to":{"q":14,"r":8},"msg":"findPath: no valid path found"}
{"level":30,"time":1774382619815,"pid":1603455,"hostname":"TempleOfZyminx","from":{"q":0,"r":9},"to":{"q":14,"r":9},"msg":"findPath: no valid path found"}
{"level":30,"time":1774382619815,"pid":1603455,"hostname":"TempleOfZyminx","from":{"q":0,"r":9},"to":{"q":14,"r":10},"msg":"findPath: no valid path found"}
{"level":30,"time":1774382619815,"pid":1603455,"hostname":"TempleOfZyminx","from":{"q":0,"r":9},"to":{"q":14,"r":11},"msg":"findPath: no valid path found"}
{"level":30,"time":1774382619815,"pid":1603455,"hostname":"TempleOfZyminx","from":{"q":0,"r":9},"to":{"q":14,"r":12},"msg":"findPath: no valid path found"}
{"level":30,"time":1774382619815,"pid":1603455,"hostname":"TempleOfZyminx","from":{"q":0,"r":9},"to":{"q":14,"r":13},"msg":"findPath: no valid path found"}
{"level":30,"time":1774382619815,"pid":1603455,"hostname":"TempleOfZyminx","from":{"q":0,"r":9},"to":{"q":14,"r":14},"msg":"findPath: no valid path found"}
{"level":30,"time":1774382619815,"pid":1603455,"hostname":"TempleOfZyminx","from":{"q":0,"r":9},"to":{"q":14,"r":15},"msg":"findPath: no valid path found"}
{"level":30,"time":1774382619815,"pid":1603455,"hostname":"TempleOfZyminx","from":{"q":0,"r":9},"to":{"q":14,"r":16},"msg":"findPath: no valid path found"}
{"level":30,"time":1774382619815,"pid":1603455,"hostname":"TempleOfZyminx","from":{"q":0,"r":9},"to":{"q":14,"r":17},"msg":"findPath: no valid path found"}
{"level":30,"time":1774382619815,"pid":1603455,"hostname":"TempleOfZyminx","from":{"q":0,"r":9},"to":{"q":14,"r":18},"msg":"findPath: no valid path found"}
{"level":30,"time":1774382619815,"pid":1603455,"hostname":"TempleOfZyminx","from":{"q":0,"r":9},"to":{"q":14,"r":19},"msg":"findPath: no valid path found"}
{"level":30,"time":1774382619815,"pid":1603455,"hostname":"TempleOfZyminx","from":{"q":0,"r":9},"to":{"q":14,"r":20},"msg":"findPath: no valid path found"}
{"level":30,"time":1774382619815,"pid":1603455,"hostname":"TempleOfZyminx","from":{"q":0,"r":9},"to":{"q":14,"r":21},"msg":"findPath: no valid path found"}
{"level":30,"time":1774382619816,"pid":1603455,"hostname":"TempleOfZyminx","id":"a93fcf5b-e901-4464-8fe2-c07b8bc58aa4","command":"MOVE","msg":"Submitting game action"}
{"level":30,"time":1774382619816,"pid":1603455,"hostname":"TempleOfZyminx","gameId":"a93fcf5b-e901-4464-8fe2-c07b8bc58aa4","unitId":"wolf-1","msg":"Processing MOVE command"}
{"level":30,"time":1774382619816,"pid":1603455,"hostname":"TempleOfZyminx","id":"a93fcf5b-e901-4464-8fe2-c07b8bc58aa4","msg":"Fetching game state"}
{"level":30,"time":1774382619818,"pid":1603455,"hostname":"TempleOfZyminx","id":"a93fcf5b-e901-4464-8fe2-c07b8bc58aa4","msg":"Fetching game state"}
{"level":30,"time":1774382619818,"pid":1603455,"hostname":"TempleOfZyminx","id":"a93fcf5b-e901-4464-8fe2-c07b8bc58aa4","command":"END_PHASE","msg":"Submitting game action"}
{"level":30,"time":1774382619819,"pid":1603455,"hostname":"TempleOfZyminx","gameId":"a93fcf5b-e901-4464-8fe2-c07b8bc58aa4","phase":"DEFENDER_MOVE","msg":"Advancing phase"}
{"level":30,"time":1774382619819,"pid":1603455,"hostname":"TempleOfZyminx","phase":"DEFENDER_MOVE","turnNumber":5,"msg":"Advancing phase in engine"}
{"level":30,"time":1774382619819,"pid":1603455,"hostname":"TempleOfZyminx","id":"a93fcf5b-e901-4464-8fe2-c07b8bc58aa4","msg":"Fetching game state"}
{"level":30,"time":1774382619820,"pid":1603455,"hostname":"TempleOfZyminx","id":"a93fcf5b-e901-4464-8fe2-c07b8bc58aa4","msg":"Fetching game state"}
{"level":30,"time":1774382619820,"pid":1603455,"hostname":"TempleOfZyminx","id":"a93fcf5b-e901-4464-8fe2-c07b8bc58aa4","command":"FIRE","msg":"Submitting game action"}
{"level":30,"time":1774382619821,"pid":1603455,"hostname":"TempleOfZyminx","gameId":"a93fcf5b-e901-4464-8fe2-c07b8bc58aa4","type":"FIRE","msg":"Processing combat command"}
{"level":30,"time":1774382619821,"pid":1603455,"hostname":"TempleOfZyminx","commandType":"FIRE","msg":"Validating combat action"}
{"level":30,"time":1774382619821,"pid":1603455,"hostname":"TempleOfZyminx","plan":{"actionType":"FIRE","actor":"defender","attackerIds":["wolf-1"],"target":{"kind":"treads","id":"onion-1"},"attackStrength":2,"defense":0},"msg":"Executing combat action"}
{"level":30,"time":1774382619822,"pid":1603455,"hostname":"TempleOfZyminx","id":"a93fcf5b-e901-4464-8fe2-c07b8bc58aa4","command":"FIRE","msg":"Submitting game action"}
{"level":30,"time":1774382619822,"pid":1603455,"hostname":"TempleOfZyminx","gameId":"a93fcf5b-e901-4464-8fe2-c07b8bc58aa4","type":"FIRE","msg":"Processing combat command"}
{"level":30,"time":1774382619822,"pid":1603455,"hostname":"TempleOfZyminx","commandType":"FIRE","msg":"Validating combat action"}
{"level":30,"time":1774382619822,"pid":1603455,"hostname":"TempleOfZyminx","plan":{"actionType":"FIRE","actor":"defender","attackerIds":["wolf-2"],"target":{"kind":"weapon","id":"main"},"attackStrength":2,"defense":4},"msg":"Executing combat action"}
{"level":30,"time":1774382619823,"pid":1603455,"hostname":"TempleOfZyminx","id":"a93fcf5b-e901-4464-8fe2-c07b8bc58aa4","msg":"Fetching game state"}
{"level":30,"time":1774382619823,"pid":1603455,"hostname":"TempleOfZyminx","id":"a93fcf5b-e901-4464-8fe2-c07b8bc58aa4","command":"END_PHASE","msg":"Submitting game action"}
{"level":30,"time":1774382619824,"pid":1603455,"hostname":"TempleOfZyminx","gameId":"a93fcf5b-e901-4464-8fe2-c07b8bc58aa4","phase":"DEFENDER_COMBAT","msg":"Advancing phase"}
{"level":30,"time":1774382619824,"pid":1603455,"hostname":"TempleOfZyminx","phase":"DEFENDER_COMBAT","turnNumber":5,"msg":"Advancing phase in engine"}
{"level":30,"time":1774382619826,"pid":1603455,"hostname":"TempleOfZyminx","id":"a93fcf5b-e901-4464-8fe2-c07b8bc58aa4","msg":"Fetching game state"}
{"level":30,"time":1774382619826,"pid":1603455,"hostname":"TempleOfZyminx","id":"a93fcf5b-e901-4464-8fe2-c07b8bc58aa4","msg":"Fetching game state"}
{"level":30,"time":1774382619827,"pid":1603455,"hostname":"TempleOfZyminx","from":{"q":0,"r":8},"to":{"q":0,"r":0},"msg":"findPath: no valid path found"}
{"level":30,"time":1774382619827,"pid":1603455,"hostname":"TempleOfZyminx","from":{"q":0,"r":8},"to":{"q":0,"r":1},"msg":"findPath: no valid path found"}
{"level":30,"time":1774382619827,"pid":1603455,"hostname":"TempleOfZyminx","from":{"q":0,"r":8},"to":{"q":0,"r":2},"msg":"findPath: no valid path found"}
{"level":30,"time":1774382619827,"pid":1603455,"hostname":"TempleOfZyminx","from":{"q":0,"r":8},"to":{"q":0,"r":3},"msg":"findPath: no valid path found"}
{"level":30,"time":1774382619827,"pid":1603593,"hostname":"TempleOfZyminx","scenarioId":"swamp-siege-01","role":"onion","msg":"Creating new game match"}
{"level":30,"time":1774382619827,"pid":1603455,"hostname":"TempleOfZyminx","from":{"q":0,"r":8},"to":{"q":0,"r":13},"msg":"findPath: no valid path found"}
{"level":30,"time":1774382619827,"pid":1603455,"hostname":"TempleOfZyminx","from":{"q":0,"r":8},"to":{"q":0,"r":14},"msg":"findPath: no valid path found"}
{"level":30,"time":1774382619827,"pid":1603455,"hostname":"TempleOfZyminx","from":{"q":0,"r":8},"to":{"q":0,"r":15},"msg":"findPath: no valid path found"}
{"level":30,"time":1774382619827,"pid":1603455,"hostname":"TempleOfZyminx","from":{"q":0,"r":8},"to":{"q":0,"r":16},"msg":"findPath: no valid path found"}
{"level":30,"time":1774382619827,"pid":1603455,"hostname":"TempleOfZyminx","from":{"q":0,"r":8},"to":{"q":0,"r":17},"msg":"findPath: no valid path found"}
{"level":30,"time":1774382619827,"pid":1603455,"hostname":"TempleOfZyminx","from":{"q":0,"r":8},"to":{"q":0,"r":18},"msg":"findPath: no valid path found"}
{"level":30,"time":1774382619827,"pid":1603455,"hostname":"TempleOfZyminx","from":{"q":0,"r":8},"to":{"q":0,"r":19},"msg":"findPath: no valid path found"}
{"level":30,"time":1774382619827,"pid":1603455,"hostname":"TempleOfZyminx","from":{"q":0,"r":8},"to":{"q":0,"r":20},"msg":"findPath: no valid path found"}
{"level":30,"time":1774382619827,"pid":1603455,"hostname":"TempleOfZyminx","from":{"q":0,"r":8},"to":{"q":0,"r":21},"msg":"findPath: no valid path found"}
{"level":30,"time":1774382619827,"pid":1603455,"hostname":"TempleOfZyminx","from":{"q":0,"r":8},"to":{"q":1,"r":0},"msg":"findPath: no valid path found"}
{"level":30,"time":1774382619827,"pid":1603455,"hostname":"TempleOfZyminx","from":{"q":0,"r":8},"to":{"q":1,"r":1},"msg":"findPath: no valid path found"}
{"level":30,"time":1774382619827,"pid":1603593,"hostname":"TempleOfZyminx","gameId":"6cb5f8be-50c7-4c1a-8ab3-3087ef7c6a7e","role":"onion","msg":"Game match created"}
{"level":30,"time":1774382619827,"pid":1603455,"hostname":"TempleOfZyminx","from":{"q":0,"r":8},"to":{"q":1,"r":2},"msg":"findPath: no valid path found"}
{"level":30,"time":1774382619828,"pid":1603455,"hostname":"TempleOfZyminx","from":{"q":0,"r":8},"to":{"q":1,"r":3},"msg":"findPath: no valid path found"}
{"level":30,"time":1774382619828,"pid":1603455,"hostname":"TempleOfZyminx","from":{"q":0,"r":8},"to":{"q":1,"r":12},"msg":"findPath: no valid path found"}
{"level":30,"time":1774382619828,"pid":1603455,"hostname":"TempleOfZyminx","from":{"q":0,"r":8},"to":{"q":1,"r":13},"msg":"findPath: no valid path found"}
{"level":30,"time":1774382619828,"pid":1603455,"hostname":"TempleOfZyminx","from":{"q":0,"r":8},"to":{"q":1,"r":14},"msg":"findPath: no valid path found"}
{"level":30,"time":1774382619828,"pid":1603593,"hostname":"TempleOfZyminx","id":"6cb5f8be-50c7-4c1a-8ab3-3087ef7c6a7e","msg":"User joining game"}
{"level":30,"time":1774382619828,"pid":1603455,"hostname":"TempleOfZyminx","from":{"q":0,"r":8},"to":{"q":1,"r":15},"msg":"findPath: no valid path found"}
{"level":30,"time":1774382619828,"pid":1603455,"hostname":"TempleOfZyminx","from":{"q":0,"r":8},"to":{"q":1,"r":16},"msg":"findPath: no valid path found"}
{"level":30,"time":1774382619828,"pid":1603593,"hostname":"TempleOfZyminx","gameId":"6cb5f8be-50c7-4c1a-8ab3-3087ef7c6a7e","role":"defender","msg":"User joined game"}
{"level":30,"time":1774382619828,"pid":1603455,"hostname":"TempleOfZyminx","from":{"q":0,"r":8},"to":{"q":1,"r":17},"msg":"findPath: no valid path found"}
{"level":30,"time":1774382619828,"pid":1603455,"hostname":"TempleOfZyminx","from":{"q":0,"r":8},"to":{"q":1,"r":18},"msg":"findPath: no valid path found"}
{"level":30,"time":1774382619828,"pid":1603455,"hostname":"TempleOfZyminx","from":{"q":0,"r":8},"to":{"q":1,"r":19},"msg":"findPath: no valid path found"}
{"level":30,"time":1774382619828,"pid":1603455,"hostname":"TempleOfZyminx","from":{"q":0,"r":8},"to":{"q":1,"r":20},"msg":"findPath: no valid path found"}
{"level":30,"time":1774382619828,"pid":1603455,"hostname":"TempleOfZyminx","from":{"q":0,"r":8},"to":{"q":1,"r":21},"msg":"findPath: no valid path found"}
{"level":30,"time":1774382619828,"pid":1603455,"hostname":"TempleOfZyminx","from":{"q":0,"r":8},"to":{"q":2,"r":0},"msg":"findPath: no valid path found"}
{"level":30,"time":1774382619828,"pid":1603455,"hostname":"TempleOfZyminx","from":{"q":0,"r":8},"to":{"q":2,"r":1},"msg":"findPath: no valid path found"}
{"level":30,"time":1774382619828,"pid":1603455,"hostname":"TempleOfZyminx","from":{"q":0,"r":8},"to":{"q":2,"r":2},"msg":"findPath: no valid path found"}
{"level":30,"time":1774382619828,"pid":1603455,"hostname":"TempleOfZyminx","from":{"q":0,"r":8},"to":{"q":2,"r":3},"msg":"findPath: no valid path found"}
{"level":30,"time":1774382619828,"pid":1603455,"hostname":"TempleOfZyminx","from":{"q":0,"r":8},"to":{"q":2,"r":11},"msg":"findPath: no valid path found"}
{"level":30,"time":1774382619828,"pid":1603455,"hostname":"TempleOfZyminx","from":{"q":0,"r":8},"to":{"q":2,"r":12},"msg":"findPath: no valid path found"}
{"level":30,"time":1774382619828,"pid":1603593,"hostname":"TempleOfZyminx","id":"6cb5f8be-50c7-4c1a-8ab3-3087ef7c6a7e","msg":"Fetching game state"}
{"level":30,"time":1774382619828,"pid":1603455,"hostname":"TempleOfZyminx","from":{"q":0,"r":8},"to":{"q":2,"r":13},"msg":"findPath: no valid path found"}
{"level":30,"time":1774382619828,"pid":1603455,"hostname":"TempleOfZyminx","from":{"q":0,"r":8},"to":{"q":2,"r":14},"msg":"findPath: no valid path found"}
{"level":30,"time":1774382619829,"pid":1603455,"hostname":"TempleOfZyminx","from":{"q":0,"r":8},"to":{"q":2,"r":15},"msg":"findPath: no valid path found"}
{"level":30,"time":1774382619829,"pid":1603455,"hostname":"TempleOfZyminx","from":{"q":0,"r":8},"to":{"q":2,"r":16},"msg":"findPath: no valid path found"}
{"level":30,"time":1774382619829,"pid":1603455,"hostname":"TempleOfZyminx","from":{"q":0,"r":8},"to":{"q":2,"r":17},"msg":"findPath: no valid path found"}
{"level":30,"time":1774382619829,"pid":1603455,"hostname":"TempleOfZyminx","from":{"q":0,"r":8},"to":{"q":2,"r":18},"msg":"findPath: no valid path found"}
{"level":30,"time":1774382619829,"pid":1603455,"hostname":"TempleOfZyminx","from":{"q":0,"r":8},"to":{"q":2,"r":19},"msg":"findPath: no valid path found"}
{"level":30,"time":1774382619829,"pid":1603455,"hostname":"TempleOfZyminx","from":{"q":0,"r":8},"to":{"q":2,"r":20},"msg":"findPath: no valid path found"}
{"level":30,"time":1774382619829,"pid":1603455,"hostname":"TempleOfZyminx","from":{"q":0,"r":8},"to":{"q":2,"r":21},"msg":"findPath: no valid path found"}
{"level":30,"time":1774382619829,"pid":1603455,"hostname":"TempleOfZyminx","from":{"q":0,"r":8},"to":{"q":3,"r":0},"msg":"findPath: no valid path found"}
{"level":30,"time":1774382619829,"pid":1603455,"hostname":"TempleOfZyminx","from":{"q":0,"r":8},"to":{"q":3,"r":1},"msg":"findPath: no valid path found"}
{"level":30,"time":1774382619829,"pid":1603455,"hostname":"TempleOfZyminx","from":{"q":0,"r":8},"to":{"q":3,"r":2},"msg":"findPath: no valid path found"}
{"level":30,"time":1774382619829,"pid":1603455,"hostname":"TempleOfZyminx","from":{"q":0,"r":8},"to":{"q":3,"r":3},"msg":"findPath: no valid path found"}
{"level":30,"time":1774382619829,"pid":1603593,"hostname":"TempleOfZyminx","id":"6cb5f8be-50c7-4c1a-8ab3-3087ef7c6a7e","msg":"Fetching game state"}
{"level":30,"time":1774382619829,"pid":1603455,"hostname":"TempleOfZyminx","from":{"q":0,"r":8},"to":{"q":3,"r":8},"msg":"findPath: no valid path found"}
{"level":30,"time":1774382619829,"pid":1603455,"hostname":"TempleOfZyminx","from":{"q":0,"r":8},"to":{"q":3,"r":10},"msg":"findPath: no valid path found"}
{"level":30,"time":1774382619829,"pid":1603455,"hostname":"TempleOfZyminx","from":{"q":0,"r":8},"to":{"q":3,"r":11},"msg":"findPath: no valid path found"}
{"level":30,"time":1774382619829,"pid":1603593,"hostname":"TempleOfZyminx","id":"6cb5f8be-50c7-4c1a-8ab3-3087ef7c6a7e","msg":"Fetching game state"}
{"level":30,"time":1774382619829,"pid":1603455,"hostname":"TempleOfZyminx","from":{"q":0,"r":8},"to":{"q":3,"r":12},"msg":"findPath: no valid path found"}
{"level":30,"time":1774382619829,"pid":1603455,"hostname":"TempleOfZyminx","from":{"q":0,"r":8},"to":{"q":3,"r":13},"msg":"findPath: no valid path found"}
{"level":30,"time":1774382619829,"pid":1603455,"hostname":"TempleOfZyminx","from":{"q":0,"r":8},"to":{"q":3,"r":14},"msg":"findPath: no valid path found"}
{"level":30,"time":1774382619829,"pid":1603455,"hostname":"TempleOfZyminx","from":{"q":0,"r":8},"to":{"q":3,"r":15},"msg":"findPath: no valid path found"}
{"level":30,"time":1774382619829,"pid":1603455,"hostname":"TempleOfZyminx","from":{"q":0,"r":8},"to":{"q":3,"r":16},"msg":"findPath: no valid path found"}
{"level":30,"time":1774382619829,"pid":1603455,"hostname":"TempleOfZyminx","from":{"q":0,"r":8},"to":{"q":3,"r":17},"msg":"findPath: no valid path found"}
{"level":30,"time":1774382619829,"pid":1603455,"hostname":"TempleOfZyminx","from":{"q":0,"r":8},"to":{"q":3,"r":18},"msg":"findPath: no valid path found"}
{"level":30,"time":1774382619830,"pid":1603455,"hostname":"TempleOfZyminx","from":{"q":0,"r":8},"to":{"q":3,"r":19},"msg":"findPath: no valid path found"}
{"level":30,"time":1774382619830,"pid":1603593,"hostname":"TempleOfZyminx","from":{"q":0,"r":10},"to":{"q":0,"r":0},"msg":"findPath: no valid path found"}
{"level":30,"time":1774382619830,"pid":1603455,"hostname":"TempleOfZyminx","from":{"q":0,"r":8},"to":{"q":3,"r":20},"msg":"findPath: no valid path found"}
{"level":30,"time":1774382619830,"pid":1603593,"hostname":"TempleOfZyminx","from":{"q":0,"r":10},"to":{"q":0,"r":1},"msg":"findPath: no valid path found"}
{"level":30,"time":1774382619830,"pid":1603593,"hostname":"TempleOfZyminx","from":{"q":0,"r":10},"to":{"q":0,"r":2},"msg":"findPath: no valid path found"}
{"level":30,"time":1774382619830,"pid":1603455,"hostname":"TempleOfZyminx","from":{"q":0,"r":8},"to":{"q":3,"r":21},"msg":"findPath: no valid path found"}
{"level":30,"time":1774382619830,"pid":1603593,"hostname":"TempleOfZyminx","from":{"q":0,"r":10},"to":{"q":0,"r":3},"msg":"findPath: no valid path found"}
{"level":30,"time":1774382619830,"pid":1603593,"hostname":"TempleOfZyminx","from":{"q":0,"r":10},"to":{"q":0,"r":4},"msg":"findPath: no valid path found"}
{"level":30,"time":1774382619830,"pid":1603593,"hostname":"TempleOfZyminx","from":{"q":0,"r":10},"to":{"q":0,"r":5},"msg":"findPath: no valid path found"}
{"level":30,"time":1774382619830,"pid":1603455,"hostname":"TempleOfZyminx","from":{"q":0,"r":8},"to":{"q":4,"r":0},"msg":"findPath: no valid path found"}
{"level":30,"time":1774382619830,"pid":1603455,"hostname":"TempleOfZyminx","from":{"q":0,"r":8},"to":{"q":4,"r":1},"msg":"findPath: no valid path found"}
{"level":30,"time":1774382619830,"pid":1603455,"hostname":"TempleOfZyminx","from":{"q":0,"r":8},"to":{"q":4,"r":2},"msg":"findPath: no valid path found"}
{"level":30,"time":1774382619830,"pid":1603455,"hostname":"TempleOfZyminx","from":{"q":0,"r":8},"to":{"q":4,"r":3},"msg":"findPath: no valid path found"}
{"level":30,"time":1774382619830,"pid":1603593,"hostname":"TempleOfZyminx","from":{"q":0,"r":10},"to":{"q":0,"r":6},"msg":"findPath: no valid path found"}
{"level":30,"time":1774382619830,"pid":1603455,"hostname":"TempleOfZyminx","from":{"q":0,"r":8},"to":{"q":4,"r":8},"msg":"findPath: no valid path found"}
{"level":30,"time":1774382619830,"pid":1603455,"hostname":"TempleOfZyminx","from":{"q":0,"r":8},"to":{"q":4,"r":9},"msg":"findPath: no valid path found"}
{"level":30,"time":1774382619830,"pid":1603593,"hostname":"TempleOfZyminx","from":{"q":0,"r":10},"to":{"q":0,"r":14},"msg":"findPath: no valid path found"}
{"level":30,"time":1774382619830,"pid":1603455,"hostname":"TempleOfZyminx","from":{"q":0,"r":8},"to":{"q":4,"r":10},"msg":"findPath: no valid path found"}
{"level":30,"time":1774382619830,"pid":1603593,"hostname":"TempleOfZyminx","from":{"q":0,"r":10},"to":{"q":0,"r":15},"msg":"findPath: no valid path found"}
{"level":30,"time":1774382619830,"pid":1603455,"hostname":"TempleOfZyminx","from":{"q":0,"r":8},"to":{"q":4,"r":11},"msg":"findPath: no valid path found"}
{"level":30,"time":1774382619830,"pid":1603593,"hostname":"TempleOfZyminx","from":{"q":0,"r":10},"to":{"q":0,"r":16},"msg":"findPath: no valid path found"}
{"level":30,"time":1774382619830,"pid":1603455,"hostname":"TempleOfZyminx","from":{"q":0,"r":8},"to":{"q":4,"r":12},"msg":"findPath: no valid path found"}
{"level":30,"time":1774382619830,"pid":1603593,"hostname":"TempleOfZyminx","from":{"q":0,"r":10},"to":{"q":0,"r":17},"msg":"findPath: no valid path found"}
{"level":30,"time":1774382619830,"pid":1603455,"hostname":"TempleOfZyminx","from":{"q":0,"r":8},"to":{"q":4,"r":13},"msg":"findPath: no valid path found"}
{"level":30,"time":1774382619830,"pid":1603593,"hostname":"TempleOfZyminx","from":{"q":0,"r":10},"to":{"q":0,"r":18},"msg":"findPath: no valid path found"}
{"level":30,"time":1774382619830,"pid":1603455,"hostname":"TempleOfZyminx","from":{"q":0,"r":8},"to":{"q":4,"r":14},"msg":"findPath: no valid path found"}
{"level":30,"time":1774382619830,"pid":1603593,"hostname":"TempleOfZyminx","from":{"q":0,"r":10},"to":{"q":0,"r":19},"msg":"findPath: no valid path found"}
{"level":30,"time":1774382619830,"pid":1603455,"hostname":"TempleOfZyminx","from":{"q":0,"r":8},"to":{"q":4,"r":15},"msg":"findPath: no valid path found"}
{"level":30,"time":1774382619830,"pid":1603593,"hostname":"TempleOfZyminx","from":{"q":0,"r":10},"to":{"q":0,"r":20},"msg":"findPath: no valid path found"}
{"level":30,"time":1774382619830,"pid":1603455,"hostname":"TempleOfZyminx","from":{"q":0,"r":8},"to":{"q":4,"r":16},"msg":"findPath: no valid path found"}
{"level":30,"time":1774382619830,"pid":1603593,"hostname":"TempleOfZyminx","from":{"q":0,"r":10},"to":{"q":0,"r":21},"msg":"findPath: no valid path found"}
{"level":30,"time":1774382619830,"pid":1603593,"hostname":"TempleOfZyminx","from":{"q":0,"r":10},"to":{"q":1,"r":0},"msg":"findPath: no valid path found"}
{"level":30,"time":1774382619830,"pid":1603593,"hostname":"TempleOfZyminx","from":{"q":0,"r":10},"to":{"q":1,"r":1},"msg":"findPath: no valid path found"}
{"level":30,"time":1774382619830,"pid":1603593,"hostname":"TempleOfZyminx","from":{"q":0,"r":10},"to":{"q":1,"r":2},"msg":"findPath: no valid path found"}
{"level":30,"time":1774382619830,"pid":1603593,"hostname":"TempleOfZyminx","from":{"q":0,"r":10},"to":{"q":1,"r":3},"msg":"findPath: no valid path found"}
{"level":30,"time":1774382619830,"pid":1603593,"hostname":"TempleOfZyminx","from":{"q":0,"r":10},"to":{"q":1,"r":4},"msg":"findPath: no valid path found"}
{"level":30,"time":1774382619831,"pid":1603593,"hostname":"TempleOfZyminx","from":{"q":0,"r":10},"to":{"q":1,"r":5},"msg":"findPath: no valid path found"}
{"level":30,"time":1774382619831,"pid":1603593,"hostname":"TempleOfZyminx","from":{"q":0,"r":10},"to":{"q":1,"r":6},"msg":"findPath: no valid path found"}
{"level":30,"time":1774382619831,"pid":1603593,"hostname":"TempleOfZyminx","from":{"q":0,"r":10},"to":{"q":1,"r":13},"msg":"findPath: no valid path found"}
{"level":30,"time":1774382619831,"pid":1603593,"hostname":"TempleOfZyminx","from":{"q":0,"r":10},"to":{"q":1,"r":14},"msg":"findPath: no valid path found"}
{"level":30,"time":1774382619831,"pid":1603593,"hostname":"TempleOfZyminx","from":{"q":0,"r":10},"to":{"q":1,"r":15},"msg":"findPath: no valid path found"}
{"level":30,"time":1774382619831,"pid":1603593,"hostname":"TempleOfZyminx","from":{"q":0,"r":10},"to":{"q":1,"r":16},"msg":"findPath: no valid path found"}
{"level":30,"time":1774382619831,"pid":1603593,"hostname":"TempleOfZyminx","from":{"q":0,"r":10},"to":{"q":1,"r":17},"msg":"findPath: no valid path found"}
{"level":30,"time":1774382619831,"pid":1603593,"hostname":"TempleOfZyminx","from":{"q":0,"r":10},"to":{"q":1,"r":18},"msg":"findPath: no valid path found"}
{"level":30,"time":1774382619831,"pid":1603593,"hostname":"TempleOfZyminx","from":{"q":0,"r":10},"to":{"q":1,"r":19},"msg":"findPath: no valid path found"}
{"level":30,"time":1774382619831,"pid":1603593,"hostname":"TempleOfZyminx","from":{"q":0,"r":10},"to":{"q":1,"r":20},"msg":"findPath: no valid path found"}
{"level":30,"time":1774382619831,"pid":1603593,"hostname":"TempleOfZyminx","from":{"q":0,"r":10},"to":{"q":1,"r":21},"msg":"findPath: no valid path found"}
{"level":30,"time":1774382619831,"pid":1603593,"hostname":"TempleOfZyminx","from":{"q":0,"r":10},"to":{"q":2,"r":0},"msg":"findPath: no valid path found"}
{"level":30,"time":1774382619831,"pid":1603593,"hostname":"TempleOfZyminx","from":{"q":0,"r":10},"to":{"q":2,"r":1},"msg":"findPath: no valid path found"}
{"level":30,"time":1774382619831,"pid":1603455,"hostname":"TempleOfZyminx","from":{"q":0,"r":8},"to":{"q":4,"r":17},"msg":"findPath: no valid path found"}
{"level":30,"time":1774382619831,"pid":1603593,"hostname":"TempleOfZyminx","from":{"q":0,"r":10},"to":{"q":2,"r":2},"msg":"findPath: no valid path found"}
{"level":30,"time":1774382619831,"pid":1603455,"hostname":"TempleOfZyminx","from":{"q":0,"r":8},"to":{"q":4,"r":18},"msg":"findPath: no valid path found"}
{"level":30,"time":1774382619831,"pid":1603593,"hostname":"TempleOfZyminx","from":{"q":0,"r":10},"to":{"q":2,"r":3},"msg":"findPath: no valid path found"}
{"level":30,"time":1774382619831,"pid":1603593,"hostname":"TempleOfZyminx","from":{"q":0,"r":10},"to":{"q":2,"r":4},"msg":"findPath: no valid path found"}
{"level":30,"time":1774382619831,"pid":1603455,"hostname":"TempleOfZyminx","from":{"q":0,"r":8},"to":{"q":4,"r":19},"msg":"findPath: no valid path found"}
{"level":30,"time":1774382619831,"pid":1603593,"hostname":"TempleOfZyminx","from":{"q":0,"r":10},"to":{"q":2,"r":5},"msg":"findPath: no valid path found"}
{"level":30,"time":1774382619831,"pid":1603455,"hostname":"TempleOfZyminx","from":{"q":0,"r":8},"to":{"q":4,"r":20},"msg":"findPath: no valid path found"}
{"level":30,"time":1774382619831,"pid":1603593,"hostname":"TempleOfZyminx","from":{"q":0,"r":10},"to":{"q":2,"r":6},"msg":"findPath: no valid path found"}
{"level":30,"time":1774382619831,"pid":1603455,"hostname":"TempleOfZyminx","from":{"q":0,"r":8},"to":{"q":4,"r":21},"msg":"findPath: no valid path found"}
{"level":30,"time":1774382619831,"pid":1603455,"hostname":"TempleOfZyminx","from":{"q":0,"r":8},"to":{"q":5,"r":0},"msg":"findPath: no valid path found"}
{"level":30,"time":1774382619831,"pid":1603593,"hostname":"TempleOfZyminx","from":{"q":0,"r":10},"to":{"q":2,"r":12},"msg":"findPath: no valid path found"}
{"level":30,"time":1774382619831,"pid":1603455,"hostname":"TempleOfZyminx","from":{"q":0,"r":8},"to":{"q":5,"r":1},"msg":"findPath: no valid path found"}
{"level":30,"time":1774382619831,"pid":1603593,"hostname":"TempleOfZyminx","from":{"q":0,"r":10},"to":{"q":2,"r":13},"msg":"findPath: no valid path found"}
{"level":30,"time":1774382619832,"pid":1603593,"hostname":"TempleOfZyminx","from":{"q":0,"r":10},"to":{"q":2,"r":14},"msg":"findPath: no valid path found"}
{"level":30,"time":1774382619832,"pid":1603455,"hostname":"TempleOfZyminx","from":{"q":0,"r":8},"to":{"q":5,"r":2},"msg":"findPath: no valid path found"}
{"level":30,"time":1774382619832,"pid":1603593,"hostname":"TempleOfZyminx","from":{"q":0,"r":10},"to":{"q":2,"r":15},"msg":"findPath: no valid path found"}
{"level":30,"time":1774382619832,"pid":1603455,"hostname":"TempleOfZyminx","from":{"q":0,"r":8},"to":{"q":5,"r":3},"msg":"findPath: no valid path found"}
{"level":30,"time":1774382619832,"pid":1603593,"hostname":"TempleOfZyminx","from":{"q":0,"r":10},"to":{"q":2,"r":16},"msg":"findPath: no valid path found"}
{"level":30,"time":1774382619832,"pid":1603593,"hostname":"TempleOfZyminx","from":{"q":0,"r":10},"to":{"q":2,"r":17},"msg":"findPath: no valid path found"}
{"level":30,"time":1774382619832,"pid":1603455,"hostname":"TempleOfZyminx","from":{"q":0,"r":8},"to":{"q":5,"r":4},"msg":"findPath: no valid path found"}
{"level":30,"time":1774382619832,"pid":1603455,"hostname":"TempleOfZyminx","from":{"q":0,"r":8},"to":{"q":5,"r":5},"msg":"findPath: no valid path found"}
{"level":30,"time":1774382619832,"pid":1603455,"hostname":"TempleOfZyminx","from":{"q":0,"r":8},"to":{"q":5,"r":6},"msg":"findPath: no valid path found"}
{"level":30,"time":1774382619832,"pid":1603593,"hostname":"TempleOfZyminx","from":{"q":0,"r":10},"to":{"q":2,"r":18},"msg":"findPath: no valid path found"}
{"level":30,"time":1774382619832,"pid":1603455,"hostname":"TempleOfZyminx","from":{"q":0,"r":8},"to":{"q":5,"r":8},"msg":"findPath: no valid path found"}
{"level":30,"time":1774382619832,"pid":1603593,"hostname":"TempleOfZyminx","from":{"q":0,"r":10},"to":{"q":2,"r":19},"msg":"findPath: no valid path found"}
{"level":30,"time":1774382619832,"pid":1603593,"hostname":"TempleOfZyminx","from":{"q":0,"r":10},"to":{"q":2,"r":20},"msg":"findPath: no valid path found"}
{"level":30,"time":1774382619832,"pid":1603593,"hostname":"TempleOfZyminx","from":{"q":0,"r":10},"to":{"q":2,"r":21},"msg":"findPath: no valid path found"}
{"level":30,"time":1774382619832,"pid":1603593,"hostname":"TempleOfZyminx","from":{"q":0,"r":10},"to":{"q":3,"r":0},"msg":"findPath: no valid path found"}
{"level":30,"time":1774382619832,"pid":1603593,"hostname":"TempleOfZyminx","from":{"q":0,"r":10},"to":{"q":3,"r":1},"msg":"findPath: no valid path found"}
{"level":30,"time":1774382619832,"pid":1603593,"hostname":"TempleOfZyminx","from":{"q":0,"r":10},"to":{"q":3,"r":2},"msg":"findPath: no valid path found"}
{"level":30,"time":1774382619832,"pid":1603593,"hostname":"TempleOfZyminx","from":{"q":0,"r":10},"to":{"q":3,"r":3},"msg":"findPath: no valid path found"}
{"level":30,"time":1774382619832,"pid":1603593,"hostname":"TempleOfZyminx","from":{"q":0,"r":10},"to":{"q":3,"r":4},"msg":"findPath: no valid path found"}
{"level":30,"time":1774382619832,"pid":1603593,"hostname":"TempleOfZyminx","from":{"q":0,"r":10},"to":{"q":3,"r":5},"msg":"findPath: no valid path found"}
{"level":30,"time":1774382619832,"pid":1603593,"hostname":"TempleOfZyminx","from":{"q":0,"r":10},"to":{"q":3,"r":6},"msg":"findPath: no valid path found"}
{"level":30,"time":1774382619832,"pid":1603593,"hostname":"TempleOfZyminx","from":{"q":0,"r":10},"to":{"q":3,"r":8},"msg":"findPath: no valid path found"}
{"level":30,"time":1774382619832,"pid":1603455,"hostname":"TempleOfZyminx","from":{"q":0,"r":8},"to":{"q":5,"r":9},"msg":"findPath: no valid path found"}
{"level":30,"time":1774382619832,"pid":1603593,"hostname":"TempleOfZyminx","from":{"q":0,"r":10},"to":{"q":3,"r":11},"msg":"findPath: no valid path found"}
{"level":30,"time":1774382619832,"pid":1603455,"hostname":"TempleOfZyminx","from":{"q":0,"r":8},"to":{"q":5,"r":10},"msg":"findPath: no valid path found"}
{"level":30,"time":1774382619832,"pid":1603593,"hostname":"TempleOfZyminx","from":{"q":0,"r":10},"to":{"q":3,"r":12},"msg":"findPath: no valid path found"}
{"level":30,"time":1774382619832,"pid":1603455,"hostname":"TempleOfZyminx","from":{"q":0,"r":8},"to":{"q":5,"r":11},"msg":"findPath: no valid path found"}
{"level":30,"time":1774382619832,"pid":1603593,"hostname":"TempleOfZyminx","from":{"q":0,"r":10},"to":{"q":3,"r":13},"msg":"findPath: no valid path found"}
{"level":30,"time":1774382619832,"pid":1603455,"hostname":"TempleOfZyminx","from":{"q":0,"r":8},"to":{"q":5,"r":12},"msg":"findPath: no valid path found"}
{"level":30,"time":1774382619832,"pid":1603593,"hostname":"TempleOfZyminx","from":{"q":0,"r":10},"to":{"q":3,"r":14},"msg":"findPath: no valid path found"}
{"level":30,"time":1774382619832,"pid":1603455,"hostname":"TempleOfZyminx","from":{"q":0,"r":8},"to":{"q":5,"r":13},"msg":"findPath: no valid path found"}
{"level":30,"time":1774382619832,"pid":1603593,"hostname":"TempleOfZyminx","from":{"q":0,"r":10},"to":{"q":3,"r":15},"msg":"findPath: no valid path found"}
{"level":30,"time":1774382619832,"pid":1603455,"hostname":"TempleOfZyminx","from":{"q":0,"r":8},"to":{"q":5,"r":14},"msg":"findPath: no valid path found"}
{"level":30,"time":1774382619833,"pid":1603455,"hostname":"TempleOfZyminx","from":{"q":0,"r":8},"to":{"q":5,"r":15},"msg":"findPath: no valid path found"}
{"level":30,"time":1774382619833,"pid":1603593,"hostname":"TempleOfZyminx","from":{"q":0,"r":10},"to":{"q":3,"r":16},"msg":"findPath: no valid path found"}
{"level":30,"time":1774382619833,"pid":1603455,"hostname":"TempleOfZyminx","from":{"q":0,"r":8},"to":{"q":5,"r":16},"msg":"findPath: no valid path found"}
{"level":30,"time":1774382619833,"pid":1603593,"hostname":"TempleOfZyminx","from":{"q":0,"r":10},"to":{"q":3,"r":17},"msg":"findPath: no valid path found"}
{"level":30,"time":1774382619833,"pid":1603455,"hostname":"TempleOfZyminx","from":{"q":0,"r":8},"to":{"q":5,"r":17},"msg":"findPath: no valid path found"}
{"level":30,"time":1774382619833,"pid":1603593,"hostname":"TempleOfZyminx","from":{"q":0,"r":10},"to":{"q":3,"r":18},"msg":"findPath: no valid path found"}
{"level":30,"time":1774382619833,"pid":1603455,"hostname":"TempleOfZyminx","from":{"q":0,"r":8},"to":{"q":5,"r":18},"msg":"findPath: no valid path found"}
{"level":30,"time":1774382619833,"pid":1603593,"hostname":"TempleOfZyminx","from":{"q":0,"r":10},"to":{"q":3,"r":19},"msg":"findPath: no valid path found"}
{"level":30,"time":1774382619833,"pid":1603455,"hostname":"TempleOfZyminx","from":{"q":0,"r":8},"to":{"q":5,"r":19},"msg":"findPath: no valid path found"}
{"level":30,"time":1774382619833,"pid":1603593,"hostname":"TempleOfZyminx","from":{"q":0,"r":10},"to":{"q":3,"r":20},"msg":"findPath: no valid path found"}
{"level":30,"time":1774382619833,"pid":1603455,"hostname":"TempleOfZyminx","from":{"q":0,"r":8},"to":{"q":5,"r":20},"msg":"findPath: no valid path found"}
{"level":30,"time":1774382619833,"pid":1603593,"hostname":"TempleOfZyminx","from":{"q":0,"r":10},"to":{"q":3,"r":21},"msg":"findPath: no valid path found"}
{"level":30,"time":1774382619833,"pid":1603455,"hostname":"TempleOfZyminx","from":{"q":0,"r":8},"to":{"q":5,"r":21},"msg":"findPath: no valid path found"}
{"level":30,"time":1774382619833,"pid":1603593,"hostname":"TempleOfZyminx","from":{"q":0,"r":10},"to":{"q":4,"r":0},"msg":"findPath: no valid path found"}
{"level":30,"time":1774382619833,"pid":1603455,"hostname":"TempleOfZyminx","from":{"q":0,"r":8},"to":{"q":6,"r":0},"msg":"findPath: no valid path found"}
{"level":30,"time":1774382619833,"pid":1603593,"hostname":"TempleOfZyminx","from":{"q":0,"r":10},"to":{"q":4,"r":1},"msg":"findPath: no valid path found"}
{"level":30,"time":1774382619833,"pid":1603455,"hostname":"TempleOfZyminx","from":{"q":0,"r":8},"to":{"q":6,"r":1},"msg":"findPath: no valid path found"}
{"level":30,"time":1774382619833,"pid":1603593,"hostname":"TempleOfZyminx","from":{"q":0,"r":10},"to":{"q":4,"r":2},"msg":"findPath: no valid path found"}
{"level":30,"time":1774382619833,"pid":1603455,"hostname":"TempleOfZyminx","from":{"q":0,"r":8},"to":{"q":6,"r":2},"msg":"findPath: no valid path found"}
{"level":30,"time":1774382619833,"pid":1603593,"hostname":"TempleOfZyminx","from":{"q":0,"r":10},"to":{"q":4,"r":3},"msg":"findPath: no valid path found"}
{"level":30,"time":1774382619833,"pid":1603455,"hostname":"TempleOfZyminx","from":{"q":0,"r":8},"to":{"q":6,"r":3},"msg":"findPath: no valid path found"}
{"level":30,"time":1774382619833,"pid":1603593,"hostname":"TempleOfZyminx","from":{"q":0,"r":10},"to":{"q":4,"r":4},"msg":"findPath: no valid path found"}
{"level":30,"time":1774382619833,"pid":1603455,"hostname":"TempleOfZyminx","from":{"q":0,"r":8},"to":{"q":6,"r":5},"msg":"findPath: no valid path found"}
{"level":30,"time":1774382619833,"pid":1603593,"hostname":"TempleOfZyminx","from":{"q":0,"r":10},"to":{"q":4,"r":5},"msg":"findPath: no valid path found"}
{"level":30,"time":1774382619833,"pid":1603455,"hostname":"TempleOfZyminx","from":{"q":0,"r":8},"to":{"q":6,"r":6},"msg":"findPath: no valid path found"}
{"level":30,"time":1774382619833,"pid":1603593,"hostname":"TempleOfZyminx","from":{"q":0,"r":10},"to":{"q":4,"r":6},"msg":"findPath: no valid path found"}
{"level":30,"time":1774382619833,"pid":1603593,"hostname":"TempleOfZyminx","from":{"q":0,"r":10},"to":{"q":4,"r":8},"msg":"findPath: no valid path found"}
{"level":30,"time":1774382619833,"pid":1603455,"hostname":"TempleOfZyminx","from":{"q":0,"r":8},"to":{"q":6,"r":7},"msg":"findPath: no valid path found"}
{"level":30,"time":1774382619833,"pid":1603593,"hostname":"TempleOfZyminx","from":{"q":0,"r":10},"to":{"q":4,"r":9},"msg":"findPath: no valid path found"}
{"level":30,"time":1774382619833,"pid":1603455,"hostname":"TempleOfZyminx","from":{"q":0,"r":8},"to":{"q":6,"r":8},"msg":"findPath: no valid path found"}
{"level":30,"time":1774382619833,"pid":1603593,"hostname":"TempleOfZyminx","from":{"q":0,"r":10},"to":{"q":4,"r":10},"msg":"findPath: no valid path found"}
{"level":30,"time":1774382619833,"pid":1603455,"hostname":"TempleOfZyminx","from":{"q":0,"r":8},"to":{"q":6,"r":9},"msg":"findPath: no valid path found"}
{"level":30,"time":1774382619833,"pid":1603593,"hostname":"TempleOfZyminx","from":{"q":0,"r":10},"to":{"q":4,"r":11},"msg":"findPath: no valid path found"}
{"level":30,"time":1774382619833,"pid":1603455,"hostname":"TempleOfZyminx","from":{"q":0,"r":8},"to":{"q":6,"r":10},"msg":"findPath: no valid path found"}
{"level":30,"time":1774382619833,"pid":1603593,"hostname":"TempleOfZyminx","from":{"q":0,"r":10},"to":{"q":4,"r":12},"msg":"findPath: no valid path found"}
{"level":30,"time":1774382619833,"pid":1603455,"hostname":"TempleOfZyminx","from":{"q":0,"r":8},"to":{"q":6,"r":11},"msg":"findPath: no valid path found"}
{"level":30,"time":1774382619833,"pid":1603455,"hostname":"TempleOfZyminx","from":{"q":0,"r":8},"to":{"q":6,"r":12},"msg":"findPath: no valid path found"}
{"level":30,"time":1774382619833,"pid":1603455,"hostname":"TempleOfZyminx","from":{"q":0,"r":8},"to":{"q":6,"r":13},"msg":"findPath: no valid path found"}
{"level":30,"time":1774382619833,"pid":1603455,"hostname":"TempleOfZyminx","from":{"q":0,"r":8},"to":{"q":6,"r":14},"msg":"findPath: no valid path found"}
{"level":30,"time":1774382619833,"pid":1603455,"hostname":"TempleOfZyminx","from":{"q":0,"r":8},"to":{"q":6,"r":15},"msg":"findPath: no valid path found"}
{"level":30,"time":1774382619833,"pid":1603455,"hostname":"TempleOfZyminx","from":{"q":0,"r":8},"to":{"q":6,"r":16},"msg":"findPath: no valid path found"}
{"level":30,"time":1774382619833,"pid":1603455,"hostname":"TempleOfZyminx","from":{"q":0,"r":8},"to":{"q":6,"r":17},"msg":"findPath: no valid path found"}
{"level":30,"time":1774382619833,"pid":1603455,"hostname":"TempleOfZyminx","from":{"q":0,"r":8},"to":{"q":6,"r":18},"msg":"findPath: no valid path found"}
{"level":30,"time":1774382619833,"pid":1603455,"hostname":"TempleOfZyminx","from":{"q":0,"r":8},"to":{"q":6,"r":19},"msg":"findPath: no valid path found"}
{"level":30,"time":1774382619833,"pid":1603455,"hostname":"TempleOfZyminx","from":{"q":0,"r":8},"to":{"q":6,"r":20},"msg":"findPath: no valid path found"}
{"level":30,"time":1774382619833,"pid":1603455,"hostname":"TempleOfZyminx","from":{"q":0,"r":8},"to":{"q":6,"r":21},"msg":"findPath: no valid path found"}
{"level":30,"time":1774382619833,"pid":1603455,"hostname":"TempleOfZyminx","from":{"q":0,"r":8},"to":{"q":7,"r":0},"msg":"findPath: no valid path found"}
{"level":30,"time":1774382619833,"pid":1603455,"hostname":"TempleOfZyminx","from":{"q":0,"r":8},"to":{"q":7,"r":1},"msg":"findPath: no valid path found"}
{"level":30,"time":1774382619834,"pid":1603455,"hostname":"TempleOfZyminx","from":{"q":0,"r":8},"to":{"q":7,"r":2},"msg":"findPath: no valid path found"}
{"level":30,"time":1774382619834,"pid":1603455,"hostname":"TempleOfZyminx","from":{"q":0,"r":8},"to":{"q":7,"r":4},"msg":"findPath: no valid path found"}
{"level":30,"time":1774382619834,"pid":1603455,"hostname":"TempleOfZyminx","from":{"q":0,"r":8},"to":{"q":7,"r":5},"msg":"findPath: no valid path found"}
{"level":30,"time":1774382619834,"pid":1603455,"hostname":"TempleOfZyminx","from":{"q":0,"r":8},"to":{"q":7,"r":6},"msg":"findPath: no valid path found"}
{"level":30,"time":1774382619834,"pid":1603455,"hostname":"TempleOfZyminx","from":{"q":0,"r":8},"to":{"q":7,"r":7},"msg":"findPath: no valid path found"}
{"level":30,"time":1774382619834,"pid":1603455,"hostname":"TempleOfZyminx","from":{"q":0,"r":8},"to":{"q":7,"r":8},"msg":"findPath: no valid path found"}
{"level":30,"time":1774382619834,"pid":1603455,"hostname":"TempleOfZyminx","from":{"q":0,"r":8},"to":{"q":7,"r":9},"msg":"findPath: no valid path found"}
{"level":30,"time":1774382619834,"pid":1603455,"hostname":"TempleOfZyminx","from":{"q":0,"r":8},"to":{"q":7,"r":10},"msg":"findPath: no valid path found"}
{"level":30,"time":1774382619834,"pid":1603455,"hostname":"TempleOfZyminx","from":{"q":0,"r":8},"to":{"q":7,"r":11},"msg":"findPath: no valid path found"}
{"level":30,"time":1774382619834,"pid":1603455,"hostname":"TempleOfZyminx","from":{"q":0,"r":8},"to":{"q":7,"r":12},"msg":"findPath: no valid path found"}
{"level":30,"time":1774382619834,"pid":1603455,"hostname":"TempleOfZyminx","from":{"q":0,"r":8},"to":{"q":7,"r":13},"msg":"findPath: no valid path found"}
{"level":30,"time":1774382619834,"pid":1603455,"hostname":"TempleOfZyminx","from":{"q":0,"r":8},"to":{"q":7,"r":14},"msg":"findPath: no valid path found"}
{"level":30,"time":1774382619834,"pid":1603455,"hostname":"TempleOfZyminx","from":{"q":0,"r":8},"to":{"q":7,"r":15},"msg":"findPath: no valid path found"}
{"level":30,"time":1774382619834,"pid":1603455,"hostname":"TempleOfZyminx","from":{"q":0,"r":8},"to":{"q":7,"r":16},"msg":"findPath: no valid path found"}
{"level":30,"time":1774382619834,"pid":1603455,"hostname":"TempleOfZyminx","from":{"q":0,"r":8},"to":{"q":7,"r":17},"msg":"findPath: no valid path found"}
{"level":30,"time":1774382619834,"pid":1603455,"hostname":"TempleOfZyminx","from":{"q":0,"r":8},"to":{"q":7,"r":18},"msg":"findPath: no valid path found"}
{"level":30,"time":1774382619834,"pid":1603455,"hostname":"TempleOfZyminx","from":{"q":0,"r":8},"to":{"q":7,"r":19},"msg":"findPath: no valid path found"}
{"level":30,"time":1774382619834,"pid":1603455,"hostname":"TempleOfZyminx","from":{"q":0,"r":8},"to":{"q":7,"r":20},"msg":"findPath: no valid path found"}
{"level":30,"time":1774382619834,"pid":1603455,"hostname":"TempleOfZyminx","from":{"q":0,"r":8},"to":{"q":7,"r":21},"msg":"findPath: no valid path found"}
{"level":30,"time":1774382619834,"pid":1603455,"hostname":"TempleOfZyminx","from":{"q":0,"r":8},"to":{"q":8,"r":0},"msg":"findPath: no valid path found"}
{"level":30,"time":1774382619834,"pid":1603455,"hostname":"TempleOfZyminx","from":{"q":0,"r":8},"to":{"q":8,"r":1},"msg":"findPath: no valid path found"}
{"level":30,"time":1774382619834,"pid":1603455,"hostname":"TempleOfZyminx","from":{"q":0,"r":8},"to":{"q":8,"r":2},"msg":"findPath: no valid path found"}
{"level":30,"time":1774382619834,"pid":1603455,"hostname":"TempleOfZyminx","from":{"q":0,"r":8},"to":{"q":8,"r":3},"msg":"findPath: no valid path found"}
{"level":30,"time":1774382619834,"pid":1603455,"hostname":"TempleOfZyminx","from":{"q":0,"r":8},"to":{"q":8,"r":4},"msg":"findPath: no valid path found"}
{"level":30,"time":1774382619835,"pid":1603455,"hostname":"TempleOfZyminx","from":{"q":0,"r":8},"to":{"q":8,"r":5},"msg":"findPath: no valid path found"}
{"level":30,"time":1774382619835,"pid":1603455,"hostname":"TempleOfZyminx","from":{"q":0,"r":8},"to":{"q":8,"r":6},"msg":"findPath: no valid path found"}
{"level":30,"time":1774382619835,"pid":1603455,"hostname":"TempleOfZyminx","from":{"q":0,"r":8},"to":{"q":8,"r":7},"msg":"findPath: no valid path found"}
{"level":30,"time":1774382619835,"pid":1603455,"hostname":"TempleOfZyminx","from":{"q":0,"r":8},"to":{"q":8,"r":8},"msg":"findPath: no valid path found"}
{"level":30,"time":1774382619835,"pid":1603455,"hostname":"TempleOfZyminx","from":{"q":0,"r":8},"to":{"q":8,"r":9},"msg":"findPath: no valid path found"}
{"level":30,"time":1774382619835,"pid":1603455,"hostname":"TempleOfZyminx","from":{"q":0,"r":8},"to":{"q":8,"r":10},"msg":"findPath: no valid path found"}
{"level":30,"time":1774382619835,"pid":1603455,"hostname":"TempleOfZyminx","from":{"q":0,"r":8},"to":{"q":8,"r":11},"msg":"findPath: no valid path found"}
{"level":30,"time":1774382619835,"pid":1603455,"hostname":"TempleOfZyminx","from":{"q":0,"r":8},"to":{"q":8,"r":12},"msg":"findPath: no valid path found"}
{"level":30,"time":1774382619835,"pid":1603455,"hostname":"TempleOfZyminx","from":{"q":0,"r":8},"to":{"q":8,"r":13},"msg":"findPath: no valid path found"}
{"level":30,"time":1774382619835,"pid":1603455,"hostname":"TempleOfZyminx","from":{"q":0,"r":8},"to":{"q":8,"r":14},"msg":"findPath: no valid path found"}
{"level":30,"time":1774382619835,"pid":1603455,"hostname":"TempleOfZyminx","from":{"q":0,"r":8},"to":{"q":8,"r":15},"msg":"findPath: no valid path found"}
{"level":30,"time":1774382619835,"pid":1603455,"hostname":"TempleOfZyminx","from":{"q":0,"r":8},"to":{"q":8,"r":16},"msg":"findPath: no valid path found"}
{"level":30,"time":1774382619835,"pid":1603455,"hostname":"TempleOfZyminx","from":{"q":0,"r":8},"to":{"q":8,"r":17},"msg":"findPath: no valid path found"}
{"level":30,"time":1774382619835,"pid":1603455,"hostname":"TempleOfZyminx","from":{"q":0,"r":8},"to":{"q":8,"r":18},"msg":"findPath: no valid path found"}
{"level":30,"time":1774382619835,"pid":1603455,"hostname":"TempleOfZyminx","from":{"q":0,"r":8},"to":{"q":8,"r":19},"msg":"findPath: no valid path found"}
{"level":30,"time":1774382619835,"pid":1603455,"hostname":"TempleOfZyminx","from":{"q":0,"r":8},"to":{"q":8,"r":20},"msg":"findPath: no valid path found"}
{"level":30,"time":1774382619835,"pid":1603455,"hostname":"TempleOfZyminx","from":{"q":0,"r":8},"to":{"q":8,"r":21},"msg":"findPath: no valid path found"}
{"level":30,"time":1774382619835,"pid":1603455,"hostname":"TempleOfZyminx","from":{"q":0,"r":8},"to":{"q":9,"r":0},"msg":"findPath: no valid path found"}
{"level":30,"time":1774382619835,"pid":1603455,"hostname":"TempleOfZyminx","from":{"q":0,"r":8},"to":{"q":9,"r":1},"msg":"findPath: no valid path found"}
{"level":30,"time":1774382619835,"pid":1603455,"hostname":"TempleOfZyminx","from":{"q":0,"r":8},"to":{"q":9,"r":2},"msg":"findPath: no valid path found"}
{"level":30,"time":1774382619835,"pid":1603455,"hostname":"TempleOfZyminx","from":{"q":0,"r":8},"to":{"q":9,"r":3},"msg":"findPath: no valid path found"}
{"level":30,"time":1774382619835,"pid":1603455,"hostname":"TempleOfZyminx","from":{"q":0,"r":8},"to":{"q":9,"r":4},"msg":"findPath: no valid path found"}
{"level":30,"time":1774382619835,"pid":1603455,"hostname":"TempleOfZyminx","from":{"q":0,"r":8},"to":{"q":9,"r":5},"msg":"findPath: no valid path found"}
{"level":30,"time":1774382619835,"pid":1603455,"hostname":"TempleOfZyminx","from":{"q":0,"r":8},"to":{"q":9,"r":6},"msg":"findPath: no valid path found"}
{"level":30,"time":1774382619835,"pid":1603455,"hostname":"TempleOfZyminx","from":{"q":0,"r":8},"to":{"q":9,"r":7},"msg":"findPath: no valid path found"}
{"level":30,"time":1774382619835,"pid":1603455,"hostname":"TempleOfZyminx","from":{"q":0,"r":8},"to":{"q":9,"r":8},"msg":"findPath: no valid path found"}
{"level":30,"time":1774382619835,"pid":1603455,"hostname":"TempleOfZyminx","from":{"q":0,"r":8},"to":{"q":9,"r":9},"msg":"findPath: no valid path found"}
{"level":30,"time":1774382619836,"pid":1603455,"hostname":"TempleOfZyminx","from":{"q":0,"r":8},"to":{"q":9,"r":10},"msg":"findPath: no valid path found"}
{"level":30,"time":1774382619836,"pid":1603455,"hostname":"TempleOfZyminx","from":{"q":0,"r":8},"to":{"q":9,"r":11},"msg":"findPath: no valid path found"}
{"level":30,"time":1774382619836,"pid":1603455,"hostname":"TempleOfZyminx","from":{"q":0,"r":8},"to":{"q":9,"r":12},"msg":"findPath: no valid path found"}
{"level":30,"time":1774382619836,"pid":1603455,"hostname":"TempleOfZyminx","from":{"q":0,"r":8},"to":{"q":9,"r":13},"msg":"findPath: no valid path found"}
{"level":30,"time":1774382619836,"pid":1603455,"hostname":"TempleOfZyminx","from":{"q":0,"r":8},"to":{"q":9,"r":14},"msg":"findPath: no valid path found"}
{"level":30,"time":1774382619836,"pid":1603455,"hostname":"TempleOfZyminx","from":{"q":0,"r":8},"to":{"q":9,"r":15},"msg":"findPath: no valid path found"}
{"level":30,"time":1774382619836,"pid":1603455,"hostname":"TempleOfZyminx","from":{"q":0,"r":8},"to":{"q":9,"r":16},"msg":"findPath: no valid path found"}
{"level":30,"time":1774382619836,"pid":1603455,"hostname":"TempleOfZyminx","from":{"q":0,"r":8},"to":{"q":9,"r":17},"msg":"findPath: no valid path found"}
{"level":30,"time":1774382619836,"pid":1603455,"hostname":"TempleOfZyminx","from":{"q":0,"r":8},"to":{"q":9,"r":18},"msg":"findPath: no valid path found"}
{"level":30,"time":1774382619836,"pid":1603455,"hostname":"TempleOfZyminx","from":{"q":0,"r":8},"to":{"q":9,"r":19},"msg":"findPath: no valid path found"}
{"level":30,"time":1774382619836,"pid":1603455,"hostname":"TempleOfZyminx","from":{"q":0,"r":8},"to":{"q":9,"r":20},"msg":"findPath: no valid path found"}
{"level":30,"time":1774382619836,"pid":1603455,"hostname":"TempleOfZyminx","from":{"q":0,"r":8},"to":{"q":9,"r":21},"msg":"findPath: no valid path found"}
{"level":30,"time":1774382619836,"pid":1603455,"hostname":"TempleOfZyminx","from":{"q":0,"r":8},"to":{"q":10,"r":0},"msg":"findPath: no valid path found"}
{"level":30,"time":1774382619836,"pid":1603455,"hostname":"TempleOfZyminx","from":{"q":0,"r":8},"to":{"q":10,"r":1},"msg":"findPath: no valid path found"}
{"level":30,"time":1774382619836,"pid":1603455,"hostname":"TempleOfZyminx","from":{"q":0,"r":8},"to":{"q":10,"r":2},"msg":"findPath: no valid path found"}
{"level":30,"time":1774382619836,"pid":1603455,"hostname":"TempleOfZyminx","from":{"q":0,"r":8},"to":{"q":10,"r":3},"msg":"findPath: no valid path found"}
{"level":30,"time":1774382619836,"pid":1603455,"hostname":"TempleOfZyminx","from":{"q":0,"r":8},"to":{"q":10,"r":4},"msg":"findPath: no valid path found"}
{"level":30,"time":1774382619836,"pid":1603455,"hostname":"TempleOfZyminx","from":{"q":0,"r":8},"to":{"q":10,"r":5},"msg":"findPath: no valid path found"}
{"level":30,"time":1774382619836,"pid":1603455,"hostname":"TempleOfZyminx","from":{"q":0,"r":8},"to":{"q":10,"r":6},"msg":"findPath: no valid path found"}
{"level":30,"time":1774382619836,"pid":1603455,"hostname":"TempleOfZyminx","from":{"q":0,"r":8},"to":{"q":10,"r":7},"msg":"findPath: no valid path found"}
{"level":30,"time":1774382619836,"pid":1603455,"hostname":"TempleOfZyminx","from":{"q":0,"r":8},"to":{"q":10,"r":8},"msg":"findPath: no valid path found"}
{"level":30,"time":1774382619836,"pid":1603455,"hostname":"TempleOfZyminx","from":{"q":0,"r":8},"to":{"q":10,"r":9},"msg":"findPath: no valid path found"}
{"level":30,"time":1774382619836,"pid":1603455,"hostname":"TempleOfZyminx","from":{"q":0,"r":8},"to":{"q":10,"r":10},"msg":"findPath: no valid path found"}
{"level":30,"time":1774382619836,"pid":1603455,"hostname":"TempleOfZyminx","from":{"q":0,"r":8},"to":{"q":10,"r":11},"msg":"findPath: no valid path found"}
{"level":30,"time":1774382619836,"pid":1603455,"hostname":"TempleOfZyminx","from":{"q":0,"r":8},"to":{"q":10,"r":12},"msg":"findPath: no valid path found"}
{"level":30,"time":1774382619836,"pid":1603455,"hostname":"TempleOfZyminx","from":{"q":0,"r":8},"to":{"q":10,"r":13},"msg":"findPath: no valid path found"}
{"level":30,"time":1774382619836,"pid":1603455,"hostname":"TempleOfZyminx","from":{"q":0,"r":8},"to":{"q":10,"r":14},"msg":"findPath: no valid path found"}
{"level":30,"time":1774382619836,"pid":1603455,"hostname":"TempleOfZyminx","from":{"q":0,"r":8},"to":{"q":10,"r":15},"msg":"findPath: no valid path found"}
{"level":30,"time":1774382619836,"pid":1603455,"hostname":"TempleOfZyminx","from":{"q":0,"r":8},"to":{"q":10,"r":16},"msg":"findPath: no valid path found"}
{"level":30,"time":1774382619836,"pid":1603455,"hostname":"TempleOfZyminx","from":{"q":0,"r":8},"to":{"q":10,"r":17},"msg":"findPath: no valid path found"}
{"level":30,"time":1774382619836,"pid":1603455,"hostname":"TempleOfZyminx","from":{"q":0,"r":8},"to":{"q":10,"r":18},"msg":"findPath: no valid path found"}
{"level":30,"time":1774382619837,"pid":1603455,"hostname":"TempleOfZyminx","from":{"q":0,"r":8},"to":{"q":10,"r":19},"msg":"findPath: no valid path found"}
{"level":30,"time":1774382619837,"pid":1603455,"hostname":"TempleOfZyminx","from":{"q":0,"r":8},"to":{"q":10,"r":20},"msg":"findPath: no valid path found"}
{"level":30,"time":1774382619837,"pid":1603455,"hostname":"TempleOfZyminx","from":{"q":0,"r":8},"to":{"q":10,"r":21},"msg":"findPath: no valid path found"}
{"level":30,"time":1774382619837,"pid":1603455,"hostname":"TempleOfZyminx","from":{"q":0,"r":8},"to":{"q":11,"r":0},"msg":"findPath: no valid path found"}
{"level":30,"time":1774382619837,"pid":1603455,"hostname":"TempleOfZyminx","from":{"q":0,"r":8},"to":{"q":11,"r":1},"msg":"findPath: no valid path found"}
{"level":30,"time":1774382619837,"pid":1603455,"hostname":"TempleOfZyminx","from":{"q":0,"r":8},"to":{"q":11,"r":2},"msg":"findPath: no valid path found"}
{"level":30,"time":1774382619837,"pid":1603455,"hostname":"TempleOfZyminx","from":{"q":0,"r":8},"to":{"q":11,"r":3},"msg":"findPath: no valid path found"}
{"level":30,"time":1774382619837,"pid":1603455,"hostname":"TempleOfZyminx","from":{"q":0,"r":8},"to":{"q":11,"r":4},"msg":"findPath: no valid path found"}
{"level":30,"time":1774382619837,"pid":1603455,"hostname":"TempleOfZyminx","from":{"q":0,"r":8},"to":{"q":11,"r":5},"msg":"findPath: no valid path found"}
{"level":30,"time":1774382619838,"pid":1603455,"hostname":"TempleOfZyminx","from":{"q":0,"r":8},"to":{"q":11,"r":6},"msg":"findPath: no valid path found"}
{"level":30,"time":1774382619838,"pid":1603455,"hostname":"TempleOfZyminx","from":{"q":0,"r":8},"to":{"q":11,"r":7},"msg":"findPath: no valid path found"}
{"level":30,"time":1774382619838,"pid":1603455,"hostname":"TempleOfZyminx","from":{"q":0,"r":8},"to":{"q":11,"r":8},"msg":"findPath: no valid path found"}
{"level":30,"time":1774382619838,"pid":1603455,"hostname":"TempleOfZyminx","from":{"q":0,"r":8},"to":{"q":11,"r":9},"msg":"findPath: no valid path found"}
{"level":30,"time":1774382619838,"pid":1603455,"hostname":"TempleOfZyminx","from":{"q":0,"r":8},"to":{"q":11,"r":10},"msg":"findPath: no valid path found"}
{"level":30,"time":1774382619838,"pid":1603455,"hostname":"TempleOfZyminx","from":{"q":0,"r":8},"to":{"q":11,"r":11},"msg":"findPath: no valid path found"}
{"level":30,"time":1774382619838,"pid":1603455,"hostname":"TempleOfZyminx","from":{"q":0,"r":8},"to":{"q":11,"r":12},"msg":"findPath: no valid path found"}
{"level":30,"time":1774382619838,"pid":1603455,"hostname":"TempleOfZyminx","from":{"q":0,"r":8},"to":{"q":11,"r":13},"msg":"findPath: no valid path found"}
{"level":30,"time":1774382619838,"pid":1603455,"hostname":"TempleOfZyminx","from":{"q":0,"r":8},"to":{"q":11,"r":14},"msg":"findPath: no valid path found"}
{"level":30,"time":1774382619838,"pid":1603455,"hostname":"TempleOfZyminx","from":{"q":0,"r":8},"to":{"q":11,"r":15},"msg":"findPath: no valid path found"}
{"level":30,"time":1774382619838,"pid":1603455,"hostname":"TempleOfZyminx","from":{"q":0,"r":8},"to":{"q":11,"r":16},"msg":"findPath: no valid path found"}
{"level":30,"time":1774382619838,"pid":1603455,"hostname":"TempleOfZyminx","from":{"q":0,"r":8},"to":{"q":11,"r":17},"msg":"findPath: no valid path found"}
{"level":30,"time":1774382619838,"pid":1603455,"hostname":"TempleOfZyminx","from":{"q":0,"r":8},"to":{"q":11,"r":18},"msg":"findPath: no valid path found"}
{"level":30,"time":1774382619838,"pid":1603455,"hostname":"TempleOfZyminx","from":{"q":0,"r":8},"to":{"q":11,"r":19},"msg":"findPath: no valid path found"}
{"level":30,"time":1774382619838,"pid":1603455,"hostname":"TempleOfZyminx","from":{"q":0,"r":8},"to":{"q":11,"r":20},"msg":"findPath: no valid path found"}
{"level":30,"time":1774382619839,"pid":1603455,"hostname":"TempleOfZyminx","from":{"q":0,"r":8},"to":{"q":11,"r":21},"msg":"findPath: no valid path found"}
{"level":30,"time":1774382619839,"pid":1603455,"hostname":"TempleOfZyminx","from":{"q":0,"r":8},"to":{"q":12,"r":0},"msg":"findPath: no valid path found"}
{"level":30,"time":1774382619839,"pid":1603455,"hostname":"TempleOfZyminx","from":{"q":0,"r":8},"to":{"q":12,"r":1},"msg":"findPath: no valid path found"}
{"level":30,"time":1774382619839,"pid":1603455,"hostname":"TempleOfZyminx","from":{"q":0,"r":8},"to":{"q":12,"r":2},"msg":"findPath: no valid path found"}
{"level":30,"time":1774382619839,"pid":1603455,"hostname":"TempleOfZyminx","from":{"q":0,"r":8},"to":{"q":12,"r":3},"msg":"findPath: no valid path found"}
{"level":30,"time":1774382619839,"pid":1603455,"hostname":"TempleOfZyminx","from":{"q":0,"r":8},"to":{"q":12,"r":4},"msg":"findPath: no valid path found"}
{"level":30,"time":1774382619839,"pid":1603455,"hostname":"TempleOfZyminx","from":{"q":0,"r":8},"to":{"q":12,"r":5},"msg":"findPath: no valid path found"}
{"level":30,"time":1774382619839,"pid":1603455,"hostname":"TempleOfZyminx","from":{"q":0,"r":8},"to":{"q":12,"r":6},"msg":"findPath: no valid path found"}
{"level":30,"time":1774382619839,"pid":1603455,"hostname":"TempleOfZyminx","from":{"q":0,"r":8},"to":{"q":12,"r":7},"msg":"findPath: no valid path found"}
{"level":30,"time":1774382619839,"pid":1603455,"hostname":"TempleOfZyminx","from":{"q":0,"r":8},"to":{"q":12,"r":8},"msg":"findPath: no valid path found"}
{"level":30,"time":1774382619839,"pid":1603455,"hostname":"TempleOfZyminx","from":{"q":0,"r":8},"to":{"q":12,"r":9},"msg":"findPath: no valid path found"}
{"level":30,"time":1774382619839,"pid":1603455,"hostname":"TempleOfZyminx","from":{"q":0,"r":8},"to":{"q":12,"r":10},"msg":"findPath: no valid path found"}
{"level":30,"time":1774382619839,"pid":1603455,"hostname":"TempleOfZyminx","from":{"q":0,"r":8},"to":{"q":12,"r":11},"msg":"findPath: no valid path found"}
{"level":30,"time":1774382619839,"pid":1603455,"hostname":"TempleOfZyminx","from":{"q":0,"r":8},"to":{"q":12,"r":12},"msg":"findPath: no valid path found"}
{"level":30,"time":1774382619839,"pid":1603455,"hostname":"TempleOfZyminx","from":{"q":0,"r":8},"to":{"q":12,"r":13},"msg":"findPath: no valid path found"}
{"level":30,"time":1774382619839,"pid":1603455,"hostname":"TempleOfZyminx","from":{"q":0,"r":8},"to":{"q":12,"r":14},"msg":"findPath: no valid path found"}
{"level":30,"time":1774382619839,"pid":1603455,"hostname":"TempleOfZyminx","from":{"q":0,"r":8},"to":{"q":12,"r":15},"msg":"findPath: no valid path found"}
{"level":30,"time":1774382619839,"pid":1603455,"hostname":"TempleOfZyminx","from":{"q":0,"r":8},"to":{"q":12,"r":16},"msg":"findPath: no valid path found"}
{"level":30,"time":1774382619839,"pid":1603455,"hostname":"TempleOfZyminx","from":{"q":0,"r":8},"to":{"q":12,"r":17},"msg":"findPath: no valid path found"}
{"level":30,"time":1774382619839,"pid":1603455,"hostname":"TempleOfZyminx","from":{"q":0,"r":8},"to":{"q":12,"r":18},"msg":"findPath: no valid path found"}
{"level":30,"time":1774382619839,"pid":1603455,"hostname":"TempleOfZyminx","from":{"q":0,"r":8},"to":{"q":12,"r":19},"msg":"findPath: no valid path found"}
{"level":30,"time":1774382619839,"pid":1603455,"hostname":"TempleOfZyminx","from":{"q":0,"r":8},"to":{"q":12,"r":20},"msg":"findPath: no valid path found"}
{"level":30,"time":1774382619839,"pid":1603455,"hostname":"TempleOfZyminx","from":{"q":0,"r":8},"to":{"q":12,"r":21},"msg":"findPath: no valid path found"}
{"level":30,"time":1774382619839,"pid":1603455,"hostname":"TempleOfZyminx","from":{"q":0,"r":8},"to":{"q":13,"r":0},"msg":"findPath: no valid path found"}
{"level":30,"time":1774382619839,"pid":1603455,"hostname":"TempleOfZyminx","from":{"q":0,"r":8},"to":{"q":13,"r":1},"msg":"findPath: no valid path found"}
{"level":30,"time":1774382619839,"pid":1603455,"hostname":"TempleOfZyminx","from":{"q":0,"r":8},"to":{"q":13,"r":2},"msg":"findPath: no valid path found"}
{"level":30,"time":1774382619839,"pid":1603455,"hostname":"TempleOfZyminx","from":{"q":0,"r":8},"to":{"q":13,"r":3},"msg":"findPath: no valid path found"}
{"level":30,"time":1774382619839,"pid":1603455,"hostname":"TempleOfZyminx","from":{"q":0,"r":8},"to":{"q":13,"r":4},"msg":"findPath: no valid path found"}
{"level":30,"time":1774382619839,"pid":1603455,"hostname":"TempleOfZyminx","from":{"q":0,"r":8},"to":{"q":13,"r":5},"msg":"findPath: no valid path found"}
{"level":30,"time":1774382619840,"pid":1603455,"hostname":"TempleOfZyminx","from":{"q":0,"r":8},"to":{"q":13,"r":6},"msg":"findPath: no valid path found"}
{"level":30,"time":1774382619840,"pid":1603455,"hostname":"TempleOfZyminx","from":{"q":0,"r":8},"to":{"q":13,"r":7},"msg":"findPath: no valid path found"}
{"level":30,"time":1774382619840,"pid":1603455,"hostname":"TempleOfZyminx","from":{"q":0,"r":8},"to":{"q":13,"r":8},"msg":"findPath: no valid path found"}
{"level":30,"time":1774382619840,"pid":1603455,"hostname":"TempleOfZyminx","from":{"q":0,"r":8},"to":{"q":13,"r":9},"msg":"findPath: no valid path found"}
{"level":30,"time":1774382619840,"pid":1603455,"hostname":"TempleOfZyminx","from":{"q":0,"r":8},"to":{"q":13,"r":10},"msg":"findPath: no valid path found"}
{"level":30,"time":1774382619840,"pid":1603455,"hostname":"TempleOfZyminx","from":{"q":0,"r":8},"to":{"q":13,"r":11},"msg":"findPath: no valid path found"}
{"level":30,"time":1774382619840,"pid":1603455,"hostname":"TempleOfZyminx","from":{"q":0,"r":8},"to":{"q":13,"r":12},"msg":"findPath: no valid path found"}
{"level":30,"time":1774382619840,"pid":1603455,"hostname":"TempleOfZyminx","from":{"q":0,"r":8},"to":{"q":13,"r":13},"msg":"findPath: no valid path found"}
{"level":30,"time":1774382619840,"pid":1603455,"hostname":"TempleOfZyminx","from":{"q":0,"r":8},"to":{"q":13,"r":14},"msg":"findPath: no valid path found"}
{"level":30,"time":1774382619840,"pid":1603455,"hostname":"TempleOfZyminx","from":{"q":0,"r":8},"to":{"q":13,"r":15},"msg":"findPath: no valid path found"}
{"level":30,"time":1774382619840,"pid":1603455,"hostname":"TempleOfZyminx","from":{"q":0,"r":8},"to":{"q":13,"r":16},"msg":"findPath: no valid path found"}
{"level":30,"time":1774382619840,"pid":1603455,"hostname":"TempleOfZyminx","from":{"q":0,"r":8},"to":{"q":13,"r":17},"msg":"findPath: no valid path found"}
{"level":30,"time":1774382619840,"pid":1603455,"hostname":"TempleOfZyminx","from":{"q":0,"r":8},"to":{"q":13,"r":18},"msg":"findPath: no valid path found"}
{"level":30,"time":1774382619840,"pid":1603455,"hostname":"TempleOfZyminx","from":{"q":0,"r":8},"to":{"q":13,"r":19},"msg":"findPath: no valid path found"}
{"level":30,"time":1774382619840,"pid":1603455,"hostname":"TempleOfZyminx","from":{"q":0,"r":8},"to":{"q":13,"r":20},"msg":"findPath: no valid path found"}
{"level":30,"time":1774382619840,"pid":1603455,"hostname":"TempleOfZyminx","from":{"q":0,"r":8},"to":{"q":13,"r":21},"msg":"findPath: no valid path found"}
{"level":30,"time":1774382619840,"pid":1603455,"hostname":"TempleOfZyminx","from":{"q":0,"r":8},"to":{"q":14,"r":0},"msg":"findPath: no valid path found"}
{"level":30,"time":1774382619840,"pid":1603455,"hostname":"TempleOfZyminx","from":{"q":0,"r":8},"to":{"q":14,"r":1},"msg":"findPath: no valid path found"}
{"level":30,"time":1774382619840,"pid":1603455,"hostname":"TempleOfZyminx","from":{"q":0,"r":8},"to":{"q":14,"r":2},"msg":"findPath: no valid path found"}
{"level":30,"time":1774382619840,"pid":1603455,"hostname":"TempleOfZyminx","from":{"q":0,"r":8},"to":{"q":14,"r":3},"msg":"findPath: no valid path found"}
{"level":30,"time":1774382619840,"pid":1603455,"hostname":"TempleOfZyminx","from":{"q":0,"r":8},"to":{"q":14,"r":4},"msg":"findPath: no valid path found"}
{"level":30,"time":1774382619840,"pid":1603455,"hostname":"TempleOfZyminx","from":{"q":0,"r":8},"to":{"q":14,"r":5},"msg":"findPath: no valid path found"}
{"level":30,"time":1774382619840,"pid":1603455,"hostname":"TempleOfZyminx","from":{"q":0,"r":8},"to":{"q":14,"r":6},"msg":"findPath: no valid path found"}
{"level":30,"time":1774382619840,"pid":1603455,"hostname":"TempleOfZyminx","from":{"q":0,"r":8},"to":{"q":14,"r":7},"msg":"findPath: no valid path found"}
{"level":30,"time":1774382619833,"pid":1603593,"hostname":"TempleOfZyminx","from":{"q":0,"r":10},"to":{"q":4,"r":13},"msg":"findPath: no valid path found"}
{"level":30,"time":1774382619833,"pid":1603593,"hostname":"TempleOfZyminx","from":{"q":0,"r":10},"to":{"q":4,"r":14},"msg":"findPath: no valid path found"}
{"level":30,"time":1774382619833,"pid":1603593,"hostname":"TempleOfZyminx","from":{"q":0,"r":10},"to":{"q":4,"r":15},"msg":"findPath: no valid path found"}
{"level":30,"time":1774382619833,"pid":1603593,"hostname":"TempleOfZyminx","from":{"q":0,"r":10},"to":{"q":4,"r":16},"msg":"findPath: no valid path found"}
{"level":30,"time":1774382619833,"pid":1603593,"hostname":"TempleOfZyminx","from":{"q":0,"r":10},"to":{"q":4,"r":17},"msg":"findPath: no valid path found"}
{"level":30,"time":1774382619833,"pid":1603593,"hostname":"TempleOfZyminx","from":{"q":0,"r":10},"to":{"q":4,"r":18},"msg":"findPath: no valid path found"}
{"level":30,"time":1774382619833,"pid":1603593,"hostname":"TempleOfZyminx","from":{"q":0,"r":10},"to":{"q":4,"r":19},"msg":"findPath: no valid path found"}
{"level":30,"time":1774382619833,"pid":1603593,"hostname":"TempleOfZyminx","from":{"q":0,"r":10},"to":{"q":4,"r":20},"msg":"findPath: no valid path found"}
{"level":30,"time":1774382619833,"pid":1603593,"hostname":"TempleOfZyminx","from":{"q":0,"r":10},"to":{"q":4,"r":21},"msg":"findPath: no valid path found"}
{"level":30,"time":1774382619833,"pid":1603593,"hostname":"TempleOfZyminx","from":{"q":0,"r":10},"to":{"q":5,"r":0},"msg":"findPath: no valid path found"}
{"level":30,"time":1774382619833,"pid":1603593,"hostname":"TempleOfZyminx","from":{"q":0,"r":10},"to":{"q":5,"r":1},"msg":"findPath: no valid path found"}
{"level":30,"time":1774382619834,"pid":1603593,"hostname":"TempleOfZyminx","from":{"q":0,"r":10},"to":{"q":5,"r":2},"msg":"findPath: no valid path found"}
{"level":30,"time":1774382619834,"pid":1603593,"hostname":"TempleOfZyminx","from":{"q":0,"r":10},"to":{"q":5,"r":3},"msg":"findPath: no valid path found"}
{"level":30,"time":1774382619834,"pid":1603593,"hostname":"TempleOfZyminx","from":{"q":0,"r":10},"to":{"q":5,"r":4},"msg":"findPath: no valid path found"}
{"level":30,"time":1774382619834,"pid":1603593,"hostname":"TempleOfZyminx","from":{"q":0,"r":10},"to":{"q":5,"r":5},"msg":"findPath: no valid path found"}
{"level":30,"time":1774382619834,"pid":1603593,"hostname":"TempleOfZyminx","from":{"q":0,"r":10},"to":{"q":5,"r":8},"msg":"findPath: no valid path found"}
{"level":30,"time":1774382619834,"pid":1603593,"hostname":"TempleOfZyminx","from":{"q":0,"r":10},"to":{"q":5,"r":9},"msg":"findPath: no valid path found"}
{"level":30,"time":1774382619834,"pid":1603593,"hostname":"TempleOfZyminx","from":{"q":0,"r":10},"to":{"q":5,"r":10},"msg":"findPath: no valid path found"}
{"level":30,"time":1774382619834,"pid":1603593,"hostname":"TempleOfZyminx","from":{"q":0,"r":10},"to":{"q":5,"r":11},"msg":"findPath: no valid path found"}
{"level":30,"time":1774382619834,"pid":1603593,"hostname":"TempleOfZyminx","from":{"q":0,"r":10},"to":{"q":5,"r":12},"msg":"findPath: no valid path found"}
{"level":30,"time":1774382619835,"pid":1603593,"hostname":"TempleOfZyminx","from":{"q":0,"r":10},"to":{"q":5,"r":13},"msg":"findPath: no valid path found"}
{"level":30,"time":1774382619835,"pid":1603593,"hostname":"TempleOfZyminx","from":{"q":0,"r":10},"to":{"q":5,"r":14},"msg":"findPath: no valid path found"}
{"level":30,"time":1774382619835,"pid":1603593,"hostname":"TempleOfZyminx","from":{"q":0,"r":10},"to":{"q":5,"r":15},"msg":"findPath: no valid path found"}
{"level":30,"time":1774382619835,"pid":1603593,"hostname":"TempleOfZyminx","from":{"q":0,"r":10},"to":{"q":5,"r":16},"msg":"findPath: no valid path found"}
{"level":30,"time":1774382619835,"pid":1603593,"hostname":"TempleOfZyminx","from":{"q":0,"r":10},"to":{"q":5,"r":17},"msg":"findPath: no valid path found"}
{"level":30,"time":1774382619835,"pid":1603593,"hostname":"TempleOfZyminx","from":{"q":0,"r":10},"to":{"q":5,"r":18},"msg":"findPath: no valid path found"}
{"level":30,"time":1774382619835,"pid":1603593,"hostname":"TempleOfZyminx","from":{"q":0,"r":10},"to":{"q":5,"r":19},"msg":"findPath: no valid path found"}
{"level":30,"time":1774382619835,"pid":1603593,"hostname":"TempleOfZyminx","from":{"q":0,"r":10},"to":{"q":5,"r":20},"msg":"findPath: no valid path found"}
{"level":30,"time":1774382619835,"pid":1603593,"hostname":"TempleOfZyminx","from":{"q":0,"r":10},"to":{"q":5,"r":21},"msg":"findPath: no valid path found"}
{"level":30,"time":1774382619835,"pid":1603593,"hostname":"TempleOfZyminx","from":{"q":0,"r":10},"to":{"q":6,"r":0},"msg":"findPath: no valid path found"}
{"level":30,"time":1774382619835,"pid":1603593,"hostname":"TempleOfZyminx","from":{"q":0,"r":10},"to":{"q":6,"r":1},"msg":"findPath: no valid path found"}
{"level":30,"time":1774382619835,"pid":1603593,"hostname":"TempleOfZyminx","from":{"q":0,"r":10},"to":{"q":6,"r":2},"msg":"findPath: no valid path found"}
{"level":30,"time":1774382619835,"pid":1603593,"hostname":"TempleOfZyminx","from":{"q":0,"r":10},"to":{"q":6,"r":3},"msg":"findPath: no valid path found"}
{"level":30,"time":1774382619835,"pid":1603593,"hostname":"TempleOfZyminx","from":{"q":0,"r":10},"to":{"q":6,"r":5},"msg":"findPath: no valid path found"}
{"level":30,"time":1774382619835,"pid":1603593,"hostname":"TempleOfZyminx","from":{"q":0,"r":10},"to":{"q":6,"r":7},"msg":"findPath: no valid path found"}
{"level":30,"time":1774382619835,"pid":1603593,"hostname":"TempleOfZyminx","from":{"q":0,"r":10},"to":{"q":6,"r":8},"msg":"findPath: no valid path found"}
{"level":30,"time":1774382619835,"pid":1603593,"hostname":"TempleOfZyminx","from":{"q":0,"r":10},"to":{"q":6,"r":9},"msg":"findPath: no valid path found"}
{"level":30,"time":1774382619835,"pid":1603593,"hostname":"TempleOfZyminx","from":{"q":0,"r":10},"to":{"q":6,"r":10},"msg":"findPath: no valid path found"}
{"level":30,"time":1774382619835,"pid":1603593,"hostname":"TempleOfZyminx","from":{"q":0,"r":10},"to":{"q":6,"r":11},"msg":"findPath: no valid path found"}
{"level":30,"time":1774382619835,"pid":1603593,"hostname":"TempleOfZyminx","from":{"q":0,"r":10},"to":{"q":6,"r":12},"msg":"findPath: no valid path found"}
{"level":30,"time":1774382619835,"pid":1603593,"hostname":"TempleOfZyminx","from":{"q":0,"r":10},"to":{"q":6,"r":13},"msg":"findPath: no valid path found"}
{"level":30,"time":1774382619835,"pid":1603593,"hostname":"TempleOfZyminx","from":{"q":0,"r":10},"to":{"q":6,"r":14},"msg":"findPath: no valid path found"}
{"level":30,"time":1774382619835,"pid":1603593,"hostname":"TempleOfZyminx","from":{"q":0,"r":10},"to":{"q":6,"r":15},"msg":"findPath: no valid path found"}
{"level":30,"time":1774382619835,"pid":1603593,"hostname":"TempleOfZyminx","from":{"q":0,"r":10},"to":{"q":6,"r":16},"msg":"findPath: no valid path found"}
{"level":30,"time":1774382619835,"pid":1603593,"hostname":"TempleOfZyminx","from":{"q":0,"r":10},"to":{"q":6,"r":17},"msg":"findPath: no valid path found"}
{"level":30,"time":1774382619835,"pid":1603593,"hostname":"TempleOfZyminx","from":{"q":0,"r":10},"to":{"q":6,"r":18},"msg":"findPath: no valid path found"}
{"level":30,"time":1774382619835,"pid":1603593,"hostname":"TempleOfZyminx","from":{"q":0,"r":10},"to":{"q":6,"r":19},"msg":"findPath: no valid path found"}
{"level":30,"time":1774382619835,"pid":1603593,"hostname":"TempleOfZyminx","from":{"q":0,"r":10},"to":{"q":6,"r":20},"msg":"findPath: no valid path found"}
{"level":30,"time":1774382619835,"pid":1603593,"hostname":"TempleOfZyminx","from":{"q":0,"r":10},"to":{"q":6,"r":21},"msg":"findPath: no valid path found"}
{"level":30,"time":1774382619835,"pid":1603593,"hostname":"TempleOfZyminx","from":{"q":0,"r":10},"to":{"q":7,"r":0},"msg":"findPath: no valid path found"}
{"level":30,"time":1774382619835,"pid":1603593,"hostname":"TempleOfZyminx","from":{"q":0,"r":10},"to":{"q":7,"r":1},"msg":"findPath: no valid path found"}
{"level":30,"time":1774382619835,"pid":1603593,"hostname":"TempleOfZyminx","from":{"q":0,"r":10},"to":{"q":7,"r":2},"msg":"findPath: no valid path found"}
{"level":30,"time":1774382619835,"pid":1603593,"hostname":"TempleOfZyminx","from":{"q":0,"r":10},"to":{"q":7,"r":4},"msg":"findPath: no valid path found"}
{"level":30,"time":1774382619835,"pid":1603593,"hostname":"TempleOfZyminx","from":{"q":0,"r":10},"to":{"q":7,"r":5},"msg":"findPath: no valid path found"}
{"level":30,"time":1774382619835,"pid":1603593,"hostname":"TempleOfZyminx","from":{"q":0,"r":10},"to":{"q":7,"r":6},"msg":"findPath: no valid path found"}
{"level":30,"time":1774382619836,"pid":1603593,"hostname":"TempleOfZyminx","from":{"q":0,"r":10},"to":{"q":7,"r":7},"msg":"findPath: no valid path found"}
{"level":30,"time":1774382619836,"pid":1603593,"hostname":"TempleOfZyminx","from":{"q":0,"r":10},"to":{"q":7,"r":8},"msg":"findPath: no valid path found"}
{"level":30,"time":1774382619836,"pid":1603593,"hostname":"TempleOfZyminx","from":{"q":0,"r":10},"to":{"q":7,"r":9},"msg":"findPath: no valid path found"}
{"level":30,"time":1774382619836,"pid":1603593,"hostname":"TempleOfZyminx","from":{"q":0,"r":10},"to":{"q":7,"r":10},"msg":"findPath: no valid path found"}
{"level":30,"time":1774382619836,"pid":1603593,"hostname":"TempleOfZyminx","from":{"q":0,"r":10},"to":{"q":7,"r":11},"msg":"findPath: no valid path found"}
{"level":30,"time":1774382619836,"pid":1603593,"hostname":"TempleOfZyminx","from":{"q":0,"r":10},"to":{"q":7,"r":12},"msg":"findPath: no valid path found"}
{"level":30,"time":1774382619836,"pid":1603593,"hostname":"TempleOfZyminx","from":{"q":0,"r":10},"to":{"q":7,"r":13},"msg":"findPath: no valid path found"}
{"level":30,"time":1774382619836,"pid":1603593,"hostname":"TempleOfZyminx","from":{"q":0,"r":10},"to":{"q":7,"r":14},"msg":"findPath: no valid path found"}
{"level":30,"time":1774382619836,"pid":1603593,"hostname":"TempleOfZyminx","from":{"q":0,"r":10},"to":{"q":7,"r":15},"msg":"findPath: no valid path found"}
{"level":30,"time":1774382619836,"pid":1603593,"hostname":"TempleOfZyminx","from":{"q":0,"r":10},"to":{"q":7,"r":16},"msg":"findPath: no valid path found"}
{"level":30,"time":1774382619836,"pid":1603593,"hostname":"TempleOfZyminx","from":{"q":0,"r":10},"to":{"q":7,"r":17},"msg":"findPath: no valid path found"}
{"level":30,"time":1774382619836,"pid":1603593,"hostname":"TempleOfZyminx","from":{"q":0,"r":10},"to":{"q":7,"r":18},"msg":"findPath: no valid path found"}
{"level":30,"time":1774382619836,"pid":1603593,"hostname":"TempleOfZyminx","from":{"q":0,"r":10},"to":{"q":7,"r":19},"msg":"findPath: no valid path found"}
{"level":30,"time":1774382619836,"pid":1603593,"hostname":"TempleOfZyminx","from":{"q":0,"r":10},"to":{"q":7,"r":20},"msg":"findPath: no valid path found"}
{"level":30,"time":1774382619836,"pid":1603593,"hostname":"TempleOfZyminx","from":{"q":0,"r":10},"to":{"q":7,"r":21},"msg":"findPath: no valid path found"}
{"level":30,"time":1774382619836,"pid":1603593,"hostname":"TempleOfZyminx","from":{"q":0,"r":10},"to":{"q":8,"r":0},"msg":"findPath: no valid path found"}
{"level":30,"time":1774382619836,"pid":1603593,"hostname":"TempleOfZyminx","from":{"q":0,"r":10},"to":{"q":8,"r":1},"msg":"findPath: no valid path found"}
{"level":30,"time":1774382619836,"pid":1603593,"hostname":"TempleOfZyminx","from":{"q":0,"r":10},"to":{"q":8,"r":2},"msg":"findPath: no valid path found"}
{"level":30,"time":1774382619836,"pid":1603593,"hostname":"TempleOfZyminx","from":{"q":0,"r":10},"to":{"q":8,"r":3},"msg":"findPath: no valid path found"}
{"level":30,"time":1774382619836,"pid":1603593,"hostname":"TempleOfZyminx","from":{"q":0,"r":10},"to":{"q":8,"r":4},"msg":"findPath: no valid path found"}
{"level":30,"time":1774382619836,"pid":1603593,"hostname":"TempleOfZyminx","from":{"q":0,"r":10},"to":{"q":8,"r":5},"msg":"findPath: no valid path found"}
{"level":30,"time":1774382619836,"pid":1603593,"hostname":"TempleOfZyminx","from":{"q":0,"r":10},"to":{"q":8,"r":6},"msg":"findPath: no valid path found"}
{"level":30,"time":1774382619836,"pid":1603593,"hostname":"TempleOfZyminx","from":{"q":0,"r":10},"to":{"q":8,"r":7},"msg":"findPath: no valid path found"}
{"level":30,"time":1774382619836,"pid":1603593,"hostname":"TempleOfZyminx","from":{"q":0,"r":10},"to":{"q":8,"r":8},"msg":"findPath: no valid path found"}
{"level":30,"time":1774382619836,"pid":1603593,"hostname":"TempleOfZyminx","from":{"q":0,"r":10},"to":{"q":8,"r":9},"msg":"findPath: no valid path found"}
{"level":30,"time":1774382619836,"pid":1603593,"hostname":"TempleOfZyminx","from":{"q":0,"r":10},"to":{"q":8,"r":10},"msg":"findPath: no valid path found"}
{"level":30,"time":1774382619836,"pid":1603593,"hostname":"TempleOfZyminx","from":{"q":0,"r":10},"to":{"q":8,"r":11},"msg":"findPath: no valid path found"}
{"level":30,"time":1774382619836,"pid":1603593,"hostname":"TempleOfZyminx","from":{"q":0,"r":10},"to":{"q":8,"r":12},"msg":"findPath: no valid path found"}
{"level":30,"time":1774382619837,"pid":1603593,"hostname":"TempleOfZyminx","from":{"q":0,"r":10},"to":{"q":8,"r":13},"msg":"findPath: no valid path found"}
{"level":30,"time":1774382619837,"pid":1603593,"hostname":"TempleOfZyminx","from":{"q":0,"r":10},"to":{"q":8,"r":14},"msg":"findPath: no valid path found"}
{"level":30,"time":1774382619837,"pid":1603593,"hostname":"TempleOfZyminx","from":{"q":0,"r":10},"to":{"q":8,"r":15},"msg":"findPath: no valid path found"}
{"level":30,"time":1774382619837,"pid":1603593,"hostname":"TempleOfZyminx","from":{"q":0,"r":10},"to":{"q":8,"r":16},"msg":"findPath: no valid path found"}
{"level":30,"time":1774382619837,"pid":1603593,"hostname":"TempleOfZyminx","from":{"q":0,"r":10},"to":{"q":8,"r":17},"msg":"findPath: no valid path found"}
{"level":30,"time":1774382619837,"pid":1603593,"hostname":"TempleOfZyminx","from":{"q":0,"r":10},"to":{"q":8,"r":18},"msg":"findPath: no valid path found"}
{"level":30,"time":1774382619837,"pid":1603593,"hostname":"TempleOfZyminx","from":{"q":0,"r":10},"to":{"q":8,"r":19},"msg":"findPath: no valid path found"}
{"level":30,"time":1774382619837,"pid":1603593,"hostname":"TempleOfZyminx","from":{"q":0,"r":10},"to":{"q":8,"r":20},"msg":"findPath: no valid path found"}
{"level":30,"time":1774382619837,"pid":1603593,"hostname":"TempleOfZyminx","from":{"q":0,"r":10},"to":{"q":8,"r":21},"msg":"findPath: no valid path found"}
{"level":30,"time":1774382619837,"pid":1603593,"hostname":"TempleOfZyminx","from":{"q":0,"r":10},"to":{"q":9,"r":0},"msg":"findPath: no valid path found"}
{"level":30,"time":1774382619837,"pid":1603593,"hostname":"TempleOfZyminx","from":{"q":0,"r":10},"to":{"q":9,"r":1},"msg":"findPath: no valid path found"}
{"level":30,"time":1774382619837,"pid":1603593,"hostname":"TempleOfZyminx","from":{"q":0,"r":10},"to":{"q":9,"r":2},"msg":"findPath: no valid path found"}
{"level":30,"time":1774382619837,"pid":1603593,"hostname":"TempleOfZyminx","from":{"q":0,"r":10},"to":{"q":9,"r":3},"msg":"findPath: no valid path found"}
{"level":30,"time":1774382619837,"pid":1603593,"hostname":"TempleOfZyminx","from":{"q":0,"r":10},"to":{"q":9,"r":4},"msg":"findPath: no valid path found"}
{"level":30,"time":1774382619837,"pid":1603593,"hostname":"TempleOfZyminx","from":{"q":0,"r":10},"to":{"q":9,"r":5},"msg":"findPath: no valid path found"}
{"level":30,"time":1774382619837,"pid":1603593,"hostname":"TempleOfZyminx","from":{"q":0,"r":10},"to":{"q":9,"r":6},"msg":"findPath: no valid path found"}
{"level":30,"time":1774382619837,"pid":1603593,"hostname":"TempleOfZyminx","from":{"q":0,"r":10},"to":{"q":9,"r":7},"msg":"findPath: no valid path found"}
{"level":30,"time":1774382619837,"pid":1603593,"hostname":"TempleOfZyminx","from":{"q":0,"r":10},"to":{"q":9,"r":8},"msg":"findPath: no valid path found"}
{"level":30,"time":1774382619837,"pid":1603593,"hostname":"TempleOfZyminx","from":{"q":0,"r":10},"to":{"q":9,"r":9},"msg":"findPath: no valid path found"}
{"level":30,"time":1774382619837,"pid":1603593,"hostname":"TempleOfZyminx","from":{"q":0,"r":10},"to":{"q":9,"r":10},"msg":"findPath: no valid path found"}
{"level":30,"time":1774382619837,"pid":1603593,"hostname":"TempleOfZyminx","from":{"q":0,"r":10},"to":{"q":9,"r":11},"msg":"findPath: no valid path found"}
{"level":30,"time":1774382619837,"pid":1603593,"hostname":"TempleOfZyminx","from":{"q":0,"r":10},"to":{"q":9,"r":12},"msg":"findPath: no valid path found"}
{"level":30,"time":1774382619837,"pid":1603593,"hostname":"TempleOfZyminx","from":{"q":0,"r":10},"to":{"q":9,"r":13},"msg":"findPath: no valid path found"}
{"level":30,"time":1774382619837,"pid":1603593,"hostname":"TempleOfZyminx","from":{"q":0,"r":10},"to":{"q":9,"r":14},"msg":"findPath: no valid path found"}
{"level":30,"time":1774382619837,"pid":1603593,"hostname":"TempleOfZyminx","from":{"q":0,"r":10},"to":{"q":9,"r":15},"msg":"findPath: no valid path found"}
{"level":30,"time":1774382619837,"pid":1603593,"hostname":"TempleOfZyminx","from":{"q":0,"r":10},"to":{"q":9,"r":16},"msg":"findPath: no valid path found"}
{"level":30,"time":1774382619838,"pid":1603593,"hostname":"TempleOfZyminx","from":{"q":0,"r":10},"to":{"q":9,"r":17},"msg":"findPath: no valid path found"}
{"level":30,"time":1774382619838,"pid":1603593,"hostname":"TempleOfZyminx","from":{"q":0,"r":10},"to":{"q":9,"r":18},"msg":"findPath: no valid path found"}
{"level":30,"time":1774382619838,"pid":1603593,"hostname":"TempleOfZyminx","from":{"q":0,"r":10},"to":{"q":9,"r":19},"msg":"findPath: no valid path found"}
{"level":30,"time":1774382619838,"pid":1603593,"hostname":"TempleOfZyminx","from":{"q":0,"r":10},"to":{"q":9,"r":20},"msg":"findPath: no valid path found"}
{"level":30,"time":1774382619838,"pid":1603593,"hostname":"TempleOfZyminx","from":{"q":0,"r":10},"to":{"q":9,"r":21},"msg":"findPath: no valid path found"}
{"level":30,"time":1774382619838,"pid":1603593,"hostname":"TempleOfZyminx","from":{"q":0,"r":10},"to":{"q":10,"r":0},"msg":"findPath: no valid path found"}
{"level":30,"time":1774382619838,"pid":1603593,"hostname":"TempleOfZyminx","from":{"q":0,"r":10},"to":{"q":10,"r":1},"msg":"findPath: no valid path found"}
{"level":30,"time":1774382619838,"pid":1603593,"hostname":"TempleOfZyminx","from":{"q":0,"r":10},"to":{"q":10,"r":2},"msg":"findPath: no valid path found"}
{"level":30,"time":1774382619838,"pid":1603593,"hostname":"TempleOfZyminx","from":{"q":0,"r":10},"to":{"q":10,"r":3},"msg":"findPath: no valid path found"}
{"level":30,"time":1774382619838,"pid":1603593,"hostname":"TempleOfZyminx","from":{"q":0,"r":10},"to":{"q":10,"r":4},"msg":"findPath: no valid path found"}
{"level":30,"time":1774382619838,"pid":1603593,"hostname":"TempleOfZyminx","from":{"q":0,"r":10},"to":{"q":10,"r":5},"msg":"findPath: no valid path found"}
{"level":30,"time":1774382619838,"pid":1603593,"hostname":"TempleOfZyminx","from":{"q":0,"r":10},"to":{"q":10,"r":6},"msg":"findPath: no valid path found"}
{"level":30,"time":1774382619838,"pid":1603593,"hostname":"TempleOfZyminx","from":{"q":0,"r":10},"to":{"q":10,"r":7},"msg":"findPath: no valid path found"}
{"level":30,"time":1774382619838,"pid":1603593,"hostname":"TempleOfZyminx","from":{"q":0,"r":10},"to":{"q":10,"r":8},"msg":"findPath: no valid path found"}
{"level":30,"time":1774382619838,"pid":1603593,"hostname":"TempleOfZyminx","from":{"q":0,"r":10},"to":{"q":10,"r":9},"msg":"findPath: no valid path found"}
{"level":30,"time":1774382619838,"pid":1603593,"hostname":"TempleOfZyminx","from":{"q":0,"r":10},"to":{"q":10,"r":10},"msg":"findPath: no valid path found"}
{"level":30,"time":1774382619838,"pid":1603593,"hostname":"TempleOfZyminx","from":{"q":0,"r":10},"to":{"q":10,"r":11},"msg":"findPath: no valid path found"}
{"level":30,"time":1774382619838,"pid":1603593,"hostname":"TempleOfZyminx","from":{"q":0,"r":10},"to":{"q":10,"r":12},"msg":"findPath: no valid path found"}
{"level":30,"time":1774382619838,"pid":1603593,"hostname":"TempleOfZyminx","from":{"q":0,"r":10},"to":{"q":10,"r":13},"msg":"findPath: no valid path found"}
{"level":30,"time":1774382619838,"pid":1603593,"hostname":"TempleOfZyminx","from":{"q":0,"r":10},"to":{"q":10,"r":14},"msg":"findPath: no valid path found"}
{"level":30,"time":1774382619838,"pid":1603593,"hostname":"TempleOfZyminx","from":{"q":0,"r":10},"to":{"q":10,"r":15},"msg":"findPath: no valid path found"}
{"level":30,"time":1774382619839,"pid":1603593,"hostname":"TempleOfZyminx","from":{"q":0,"r":10},"to":{"q":10,"r":16},"msg":"findPath: no valid path found"}
{"level":30,"time":1774382619839,"pid":1603593,"hostname":"TempleOfZyminx","from":{"q":0,"r":10},"to":{"q":10,"r":17},"msg":"findPath: no valid path found"}
{"level":30,"time":1774382619839,"pid":1603593,"hostname":"TempleOfZyminx","from":{"q":0,"r":10},"to":{"q":10,"r":18},"msg":"findPath: no valid path found"}
{"level":30,"time":1774382619839,"pid":1603593,"hostname":"TempleOfZyminx","from":{"q":0,"r":10},"to":{"q":10,"r":19},"msg":"findPath: no valid path found"}
{"level":30,"time":1774382619839,"pid":1603593,"hostname":"TempleOfZyminx","from":{"q":0,"r":10},"to":{"q":10,"r":20},"msg":"findPath: no valid path found"}
{"level":30,"time":1774382619839,"pid":1603593,"hostname":"TempleOfZyminx","from":{"q":0,"r":10},"to":{"q":10,"r":21},"msg":"findPath: no valid path found"}
{"level":30,"time":1774382619839,"pid":1603593,"hostname":"TempleOfZyminx","from":{"q":0,"r":10},"to":{"q":11,"r":0},"msg":"findPath: no valid path found"}
{"level":30,"time":1774382619839,"pid":1603593,"hostname":"TempleOfZyminx","from":{"q":0,"r":10},"to":{"q":11,"r":1},"msg":"findPath: no valid path found"}
{"level":30,"time":1774382619839,"pid":1603593,"hostname":"TempleOfZyminx","from":{"q":0,"r":10},"to":{"q":11,"r":2},"msg":"findPath: no valid path found"}
{"level":30,"time":1774382619839,"pid":1603593,"hostname":"TempleOfZyminx","from":{"q":0,"r":10},"to":{"q":11,"r":3},"msg":"findPath: no valid path found"}
{"level":30,"time":1774382619839,"pid":1603593,"hostname":"TempleOfZyminx","from":{"q":0,"r":10},"to":{"q":11,"r":4},"msg":"findPath: no valid path found"}
{"level":30,"time":1774382619839,"pid":1603593,"hostname":"TempleOfZyminx","from":{"q":0,"r":10},"to":{"q":11,"r":5},"msg":"findPath: no valid path found"}
{"level":30,"time":1774382619839,"pid":1603593,"hostname":"TempleOfZyminx","from":{"q":0,"r":10},"to":{"q":11,"r":6},"msg":"findPath: no valid path found"}
{"level":30,"time":1774382619839,"pid":1603593,"hostname":"TempleOfZyminx","from":{"q":0,"r":10},"to":{"q":11,"r":7},"msg":"findPath: no valid path found"}
{"level":30,"time":1774382619839,"pid":1603593,"hostname":"TempleOfZyminx","from":{"q":0,"r":10},"to":{"q":11,"r":8},"msg":"findPath: no valid path found"}
{"level":30,"time":1774382619839,"pid":1603593,"hostname":"TempleOfZyminx","from":{"q":0,"r":10},"to":{"q":11,"r":9},"msg":"findPath: no valid path found"}
{"level":30,"time":1774382619839,"pid":1603593,"hostname":"TempleOfZyminx","from":{"q":0,"r":10},"to":{"q":11,"r":10},"msg":"findPath: no valid path found"}
{"level":30,"time":1774382619839,"pid":1603593,"hostname":"TempleOfZyminx","from":{"q":0,"r":10},"to":{"q":11,"r":11},"msg":"findPath: no valid path found"}
{"level":30,"time":1774382619839,"pid":1603593,"hostname":"TempleOfZyminx","from":{"q":0,"r":10},"to":{"q":11,"r":12},"msg":"findPath: no valid path found"}
{"level":30,"time":1774382619839,"pid":1603593,"hostname":"TempleOfZyminx","from":{"q":0,"r":10},"to":{"q":11,"r":13},"msg":"findPath: no valid path found"}
{"level":30,"time":1774382619839,"pid":1603593,"hostname":"TempleOfZyminx","from":{"q":0,"r":10},"to":{"q":11,"r":14},"msg":"findPath: no valid path found"}
{"level":30,"time":1774382619839,"pid":1603593,"hostname":"TempleOfZyminx","from":{"q":0,"r":10},"to":{"q":11,"r":15},"msg":"findPath: no valid path found"}
{"level":30,"time":1774382619839,"pid":1603593,"hostname":"TempleOfZyminx","from":{"q":0,"r":10},"to":{"q":11,"r":16},"msg":"findPath: no valid path found"}
{"level":30,"time":1774382619839,"pid":1603593,"hostname":"TempleOfZyminx","from":{"q":0,"r":10},"to":{"q":11,"r":17},"msg":"findPath: no valid path found"}
{"level":30,"time":1774382619839,"pid":1603593,"hostname":"TempleOfZyminx","from":{"q":0,"r":10},"to":{"q":11,"r":18},"msg":"findPath: no valid path found"}
{"level":30,"time":1774382619840,"pid":1603593,"hostname":"TempleOfZyminx","from":{"q":0,"r":10},"to":{"q":11,"r":19},"msg":"findPath: no valid path found"}
{"level":30,"time":1774382619840,"pid":1603593,"hostname":"TempleOfZyminx","from":{"q":0,"r":10},"to":{"q":11,"r":20},"msg":"findPath: no valid path found"}
{"level":30,"time":1774382619840,"pid":1603593,"hostname":"TempleOfZyminx","from":{"q":0,"r":10},"to":{"q":11,"r":21},"msg":"findPath: no valid path found"}
{"level":30,"time":1774382619840,"pid":1603593,"hostname":"TempleOfZyminx","from":{"q":0,"r":10},"to":{"q":12,"r":0},"msg":"findPath: no valid path found"}
{"level":30,"time":1774382619840,"pid":1603593,"hostname":"TempleOfZyminx","from":{"q":0,"r":10},"to":{"q":12,"r":1},"msg":"findPath: no valid path found"}
{"level":30,"time":1774382619840,"pid":1603593,"hostname":"TempleOfZyminx","from":{"q":0,"r":10},"to":{"q":12,"r":2},"msg":"findPath: no valid path found"}
{"level":30,"time":1774382619840,"pid":1603593,"hostname":"TempleOfZyminx","from":{"q":0,"r":10},"to":{"q":12,"r":3},"msg":"findPath: no valid path found"}
{"level":30,"time":1774382619840,"pid":1603593,"hostname":"TempleOfZyminx","from":{"q":0,"r":10},"to":{"q":12,"r":4},"msg":"findPath: no valid path found"}
{"level":30,"time":1774382619840,"pid":1603593,"hostname":"TempleOfZyminx","from":{"q":0,"r":10},"to":{"q":12,"r":5},"msg":"findPath: no valid path found"}
{"level":30,"time":1774382619840,"pid":1603593,"hostname":"TempleOfZyminx","from":{"q":0,"r":10},"to":{"q":12,"r":6},"msg":"findPath: no valid path found"}
{"level":30,"time":1774382619840,"pid":1603593,"hostname":"TempleOfZyminx","from":{"q":0,"r":10},"to":{"q":12,"r":7},"msg":"findPath: no valid path found"}
{"level":30,"time":1774382619840,"pid":1603593,"hostname":"TempleOfZyminx","from":{"q":0,"r":10},"to":{"q":12,"r":8},"msg":"findPath: no valid path found"}
{"level":30,"time":1774382619840,"pid":1603593,"hostname":"TempleOfZyminx","from":{"q":0,"r":10},"to":{"q":12,"r":9},"msg":"findPath: no valid path found"}
{"level":30,"time":1774382619840,"pid":1603593,"hostname":"TempleOfZyminx","from":{"q":0,"r":10},"to":{"q":12,"r":10},"msg":"findPath: no valid path found"}
{"level":30,"time":1774382619840,"pid":1603593,"hostname":"TempleOfZyminx","from":{"q":0,"r":10},"to":{"q":12,"r":11},"msg":"findPath: no valid path found"}
{"level":30,"time":1774382619840,"pid":1603593,"hostname":"TempleOfZyminx","from":{"q":0,"r":10},"to":{"q":12,"r":12},"msg":"findPath: no valid path found"}
{"level":30,"time":1774382619884,"pid":1604033,"hostname":"TempleOfZyminx","scenarioId":"swamp-siege-01","role":"onion","msg":"Creating new game match"}
{"level":30,"time":1774382619885,"pid":1604033,"hostname":"TempleOfZyminx","gameId":"0fabd495-4647-4fbe-9971-4dbb5105c876","role":"onion","msg":"Game match created"}
{"level":30,"time":1774382619886,"pid":1604033,"hostname":"TempleOfZyminx","id":"0fabd495-4647-4fbe-9971-4dbb5105c876","msg":"User joining game"}
{"level":30,"time":1774382619886,"pid":1604033,"hostname":"TempleOfZyminx","gameId":"0fabd495-4647-4fbe-9971-4dbb5105c876","role":"defender","msg":"User joined game"}
{"level":30,"time":1774382619887,"pid":1604033,"hostname":"TempleOfZyminx","id":"0fabd495-4647-4fbe-9971-4dbb5105c876","command":"END_PHASE","msg":"Submitting game action"}
{"level":30,"time":1774382619887,"pid":1604033,"hostname":"TempleOfZyminx","gameId":"0fabd495-4647-4fbe-9971-4dbb5105c876","phase":"ONION_MOVE","msg":"Advancing phase"}
{"level":30,"time":1774382619887,"pid":1604033,"hostname":"TempleOfZyminx","phase":"ONION_MOVE","turnNumber":1,"msg":"Advancing phase in engine"}
{"level":30,"time":1774382619888,"pid":1604033,"hostname":"TempleOfZyminx","id":"0fabd495-4647-4fbe-9971-4dbb5105c876","msg":"Fetching game state"}
{"level":30,"time":1774382619840,"pid":1603455,"hostname":"TempleOfZyminx","from":{"q":0,"r":8},"to":{"q":14,"r":8},"msg":"findPath: no valid path found"}
{"level":30,"time":1774382619942,"pid":1603455,"hostname":"TempleOfZyminx","from":{"q":0,"r":8},"to":{"q":14,"r":9},"msg":"findPath: no valid path found"}
{"level":30,"time":1774382619942,"pid":1603455,"hostname":"TempleOfZyminx","from":{"q":0,"r":8},"to":{"q":14,"r":10},"msg":"findPath: no valid path found"}
{"level":30,"time":1774382619942,"pid":1603455,"hostname":"TempleOfZyminx","from":{"q":0,"r":8},"to":{"q":14,"r":11},"msg":"findPath: no valid path found"}
{"level":30,"time":1774382619942,"pid":1603455,"hostname":"TempleOfZyminx","from":{"q":0,"r":8},"to":{"q":14,"r":12},"msg":"findPath: no valid path found"}
{"level":30,"time":1774382619942,"pid":1603455,"hostname":"TempleOfZyminx","from":{"q":0,"r":8},"to":{"q":14,"r":13},"msg":"findPath: no valid path found"}
{"level":30,"time":1774382619942,"pid":1603455,"hostname":"TempleOfZyminx","from":{"q":0,"r":8},"to":{"q":14,"r":14},"msg":"findPath: no valid path found"}
{"level":30,"time":1774382619942,"pid":1603455,"hostname":"TempleOfZyminx","from":{"q":0,"r":8},"to":{"q":14,"r":15},"msg":"findPath: no valid path found"}
{"level":30,"time":1774382619942,"pid":1603455,"hostname":"TempleOfZyminx","from":{"q":0,"r":8},"to":{"q":14,"r":16},"msg":"findPath: no valid path found"}
{"level":30,"time":1774382619942,"pid":1603455,"hostname":"TempleOfZyminx","from":{"q":0,"r":8},"to":{"q":14,"r":17},"msg":"findPath: no valid path found"}
{"level":30,"time":1774382619942,"pid":1603455,"hostname":"TempleOfZyminx","from":{"q":0,"r":8},"to":{"q":14,"r":18},"msg":"findPath: no valid path found"}
{"level":30,"time":1774382619942,"pid":1603455,"hostname":"TempleOfZyminx","from":{"q":0,"r":8},"to":{"q":14,"r":19},"msg":"findPath: no valid path found"}
{"level":30,"time":1774382619942,"pid":1603455,"hostname":"TempleOfZyminx","from":{"q":0,"r":8},"to":{"q":14,"r":20},"msg":"findPath: no valid path found"}
{"level":30,"time":1774382619943,"pid":1603455,"hostname":"TempleOfZyminx","from":{"q":0,"r":8},"to":{"q":14,"r":21},"msg":"findPath: no valid path found"}
{"level":30,"time":1774382619944,"pid":1603455,"hostname":"TempleOfZyminx","id":"a93fcf5b-e901-4464-8fe2-c07b8bc58aa4","command":"MOVE","msg":"Submitting game action"}
{"level":30,"time":1774382619944,"pid":1603455,"hostname":"TempleOfZyminx","gameId":"a93fcf5b-e901-4464-8fe2-c07b8bc58aa4","unitId":"wolf-1","msg":"Processing MOVE command"}
{"level":30,"time":1774382619840,"pid":1603593,"hostname":"TempleOfZyminx","from":{"q":0,"r":10},"to":{"q":12,"r":13},"msg":"findPath: no valid path found"}
{"level":30,"time":1774382619942,"pid":1603593,"hostname":"TempleOfZyminx","from":{"q":0,"r":10},"to":{"q":12,"r":14},"msg":"findPath: no valid path found"}
{"level":30,"time":1774382619942,"pid":1603593,"hostname":"TempleOfZyminx","from":{"q":0,"r":10},"to":{"q":12,"r":15},"msg":"findPath: no valid path found"}
{"level":30,"time":1774382619942,"pid":1603593,"hostname":"TempleOfZyminx","from":{"q":0,"r":10},"to":{"q":12,"r":16},"msg":"findPath: no valid path found"}
{"level":30,"time":1774382619942,"pid":1603593,"hostname":"TempleOfZyminx","from":{"q":0,"r":10},"to":{"q":12,"r":17},"msg":"findPath: no valid path found"}
{"level":30,"time":1774382619942,"pid":1603593,"hostname":"TempleOfZyminx","from":{"q":0,"r":10},"to":{"q":12,"r":18},"msg":"findPath: no valid path found"}
{"level":30,"time":1774382619942,"pid":1603593,"hostname":"TempleOfZyminx","from":{"q":0,"r":10},"to":{"q":12,"r":19},"msg":"findPath: no valid path found"}
{"level":30,"time":1774382619942,"pid":1603593,"hostname":"TempleOfZyminx","from":{"q":0,"r":10},"to":{"q":12,"r":20},"msg":"findPath: no valid path found"}
{"level":30,"time":1774382619942,"pid":1603593,"hostname":"TempleOfZyminx","from":{"q":0,"r":10},"to":{"q":12,"r":21},"msg":"findPath: no valid path found"}
{"level":30,"time":1774382619943,"pid":1603593,"hostname":"TempleOfZyminx","from":{"q":0,"r":10},"to":{"q":13,"r":0},"msg":"findPath: no valid path found"}
{"level":30,"time":1774382619943,"pid":1603593,"hostname":"TempleOfZyminx","from":{"q":0,"r":10},"to":{"q":13,"r":1},"msg":"findPath: no valid path found"}
{"level":30,"time":1774382619943,"pid":1603593,"hostname":"TempleOfZyminx","from":{"q":0,"r":10},"to":{"q":13,"r":2},"msg":"findPath: no valid path found"}
{"level":30,"time":1774382619943,"pid":1603593,"hostname":"TempleOfZyminx","from":{"q":0,"r":10},"to":{"q":13,"r":3},"msg":"findPath: no valid path found"}
{"level":30,"time":1774382619943,"pid":1603593,"hostname":"TempleOfZyminx","from":{"q":0,"r":10},"to":{"q":13,"r":4},"msg":"findPath: no valid path found"}
{"level":30,"time":1774382619943,"pid":1603593,"hostname":"TempleOfZyminx","from":{"q":0,"r":10},"to":{"q":13,"r":5},"msg":"findPath: no valid path found"}
{"level":30,"time":1774382619943,"pid":1603593,"hostname":"TempleOfZyminx","from":{"q":0,"r":10},"to":{"q":13,"r":6},"msg":"findPath: no valid path found"}
{"level":30,"time":1774382619943,"pid":1603593,"hostname":"TempleOfZyminx","from":{"q":0,"r":10},"to":{"q":13,"r":7},"msg":"findPath: no valid path found"}
{"level":30,"time":1774382619943,"pid":1603593,"hostname":"TempleOfZyminx","from":{"q":0,"r":10},"to":{"q":13,"r":8},"msg":"findPath: no valid path found"}
{"level":30,"time":1774382619943,"pid":1603593,"hostname":"TempleOfZyminx","from":{"q":0,"r":10},"to":{"q":13,"r":9},"msg":"findPath: no valid path found"}
{"level":30,"time":1774382619943,"pid":1603593,"hostname":"TempleOfZyminx","from":{"q":0,"r":10},"to":{"q":13,"r":10},"msg":"findPath: no valid path found"}
{"level":30,"time":1774382619943,"pid":1603593,"hostname":"TempleOfZyminx","from":{"q":0,"r":10},"to":{"q":13,"r":11},"msg":"findPath: no valid path found"}
{"level":30,"time":1774382619943,"pid":1603593,"hostname":"TempleOfZyminx","from":{"q":0,"r":10},"to":{"q":13,"r":12},"msg":"findPath: no valid path found"}
{"level":30,"time":1774382619943,"pid":1603593,"hostname":"TempleOfZyminx","from":{"q":0,"r":10},"to":{"q":13,"r":13},"msg":"findPath: no valid path found"}
{"level":30,"time":1774382619943,"pid":1603593,"hostname":"TempleOfZyminx","from":{"q":0,"r":10},"to":{"q":13,"r":14},"msg":"findPath: no valid path found"}
{"level":30,"time":1774382619943,"pid":1603593,"hostname":"TempleOfZyminx","from":{"q":0,"r":10},"to":{"q":13,"r":15},"msg":"findPath: no valid path found"}
{"level":30,"time":1774382619943,"pid":1603593,"hostname":"TempleOfZyminx","from":{"q":0,"r":10},"to":{"q":13,"r":16},"msg":"findPath: no valid path found"}
{"level":30,"time":1774382619943,"pid":1603593,"hostname":"TempleOfZyminx","from":{"q":0,"r":10},"to":{"q":13,"r":17},"msg":"findPath: no valid path found"}
{"level":30,"time":1774382619943,"pid":1603593,"hostname":"TempleOfZyminx","from":{"q":0,"r":10},"to":{"q":13,"r":18},"msg":"findPath: no valid path found"}
{"level":30,"time":1774382619943,"pid":1603593,"hostname":"TempleOfZyminx","from":{"q":0,"r":10},"to":{"q":13,"r":19},"msg":"findPath: no valid path found"}
{"level":30,"time":1774382619943,"pid":1603593,"hostname":"TempleOfZyminx","from":{"q":0,"r":10},"to":{"q":13,"r":20},"msg":"findPath: no valid path found"}
{"level":30,"time":1774382619943,"pid":1603593,"hostname":"TempleOfZyminx","from":{"q":0,"r":10},"to":{"q":13,"r":21},"msg":"findPath: no valid path found"}
{"level":30,"time":1774382619943,"pid":1603593,"hostname":"TempleOfZyminx","from":{"q":0,"r":10},"to":{"q":14,"r":0},"msg":"findPath: no valid path found"}
{"level":30,"time":1774382619943,"pid":1603593,"hostname":"TempleOfZyminx","from":{"q":0,"r":10},"to":{"q":14,"r":1},"msg":"findPath: no valid path found"}
{"level":30,"time":1774382619943,"pid":1603593,"hostname":"TempleOfZyminx","from":{"q":0,"r":10},"to":{"q":14,"r":2},"msg":"findPath: no valid path found"}
{"level":30,"time":1774382619943,"pid":1603593,"hostname":"TempleOfZyminx","from":{"q":0,"r":10},"to":{"q":14,"r":3},"msg":"findPath: no valid path found"}
{"level":30,"time":1774382619943,"pid":1603593,"hostname":"TempleOfZyminx","from":{"q":0,"r":10},"to":{"q":14,"r":4},"msg":"findPath: no valid path found"}
{"level":30,"time":1774382619943,"pid":1603593,"hostname":"TempleOfZyminx","from":{"q":0,"r":10},"to":{"q":14,"r":5},"msg":"findPath: no valid path found"}
{"level":30,"time":1774382619943,"pid":1603593,"hostname":"TempleOfZyminx","from":{"q":0,"r":10},"to":{"q":14,"r":6},"msg":"findPath: no valid path found"}
{"level":30,"time":1774382619944,"pid":1603593,"hostname":"TempleOfZyminx","from":{"q":0,"r":10},"to":{"q":14,"r":7},"msg":"findPath: no valid path found"}
{"level":30,"time":1774382619944,"pid":1603593,"hostname":"TempleOfZyminx","from":{"q":0,"r":10},"to":{"q":14,"r":8},"msg":"findPath: no valid path found"}
{"level":30,"time":1774382619944,"pid":1603593,"hostname":"TempleOfZyminx","from":{"q":0,"r":10},"to":{"q":14,"r":9},"msg":"findPath: no valid path found"}
{"level":30,"time":1774382619944,"pid":1603593,"hostname":"TempleOfZyminx","from":{"q":0,"r":10},"to":{"q":14,"r":10},"msg":"findPath: no valid path found"}
{"level":30,"time":1774382619944,"pid":1603593,"hostname":"TempleOfZyminx","from":{"q":0,"r":10},"to":{"q":14,"r":11},"msg":"findPath: no valid path found"}
{"level":30,"time":1774382619944,"pid":1603593,"hostname":"TempleOfZyminx","from":{"q":0,"r":10},"to":{"q":14,"r":12},"msg":"findPath: no valid path found"}
{"level":30,"time":1774382619944,"pid":1603593,"hostname":"TempleOfZyminx","from":{"q":0,"r":10},"to":{"q":14,"r":13},"msg":"findPath: no valid path found"}
{"level":30,"time":1774382619944,"pid":1603593,"hostname":"TempleOfZyminx","from":{"q":0,"r":10},"to":{"q":14,"r":14},"msg":"findPath: no valid path found"}
{"level":30,"time":1774382619944,"pid":1603593,"hostname":"TempleOfZyminx","from":{"q":0,"r":10},"to":{"q":14,"r":15},"msg":"findPath: no valid path found"}
{"level":30,"time":1774382619944,"pid":1603593,"hostname":"TempleOfZyminx","from":{"q":0,"r":10},"to":{"q":14,"r":16},"msg":"findPath: no valid path found"}
{"level":30,"time":1774382619944,"pid":1603593,"hostname":"TempleOfZyminx","from":{"q":0,"r":10},"to":{"q":14,"r":17},"msg":"findPath: no valid path found"}
{"level":30,"time":1774382619944,"pid":1603593,"hostname":"TempleOfZyminx","from":{"q":0,"r":10},"to":{"q":14,"r":18},"msg":"findPath: no valid path found"}
{"level":30,"time":1774382619944,"pid":1603593,"hostname":"TempleOfZyminx","from":{"q":0,"r":10},"to":{"q":14,"r":19},"msg":"findPath: no valid path found"}
{"level":30,"time":1774382619944,"pid":1603593,"hostname":"TempleOfZyminx","from":{"q":0,"r":10},"to":{"q":14,"r":20},"msg":"findPath: no valid path found"}
{"level":30,"time":1774382619944,"pid":1603593,"hostname":"TempleOfZyminx","from":{"q":0,"r":10},"to":{"q":14,"r":21},"msg":"findPath: no valid path found"}
{"level":30,"time":1774382619945,"pid":1603593,"hostname":"TempleOfZyminx","id":"6cb5f8be-50c7-4c1a-8ab3-3087ef7c6a7e","command":"MOVE","msg":"Submitting game action"}
{"level":30,"time":1774382619945,"pid":1603593,"hostname":"TempleOfZyminx","gameId":"6cb5f8be-50c7-4c1a-8ab3-3087ef7c6a7e","unitId":"onion-1","msg":"Processing MOVE command"}
{"level":30,"time":1774382619946,"pid":1603455,"hostname":"TempleOfZyminx","id":"a93fcf5b-e901-4464-8fe2-c07b8bc58aa4","msg":"Fetching game state"}
{"level":30,"time":1774382619947,"pid":1603593,"hostname":"TempleOfZyminx","id":"6cb5f8be-50c7-4c1a-8ab3-3087ef7c6a7e","msg":"Fetching game state"}
{"level":30,"time":1774382619947,"pid":1603455,"hostname":"TempleOfZyminx","id":"a93fcf5b-e901-4464-8fe2-c07b8bc58aa4","command":"END_PHASE","msg":"Submitting game action"}
{"level":30,"time":1774382619947,"pid":1603455,"hostname":"TempleOfZyminx","gameId":"a93fcf5b-e901-4464-8fe2-c07b8bc58aa4","phase":"GEV_SECOND_MOVE","msg":"Advancing phase"}
{"level":30,"time":1774382619947,"pid":1603455,"hostname":"TempleOfZyminx","phase":"GEV_SECOND_MOVE","turnNumber":5,"msg":"Advancing phase in engine"}
{"level":30,"time":1774382619948,"pid":1603593,"hostname":"TempleOfZyminx","id":"6cb5f8be-50c7-4c1a-8ab3-3087ef7c6a7e","msg":"Fetching game state"}
{"level":30,"time":1774382619948,"pid":1603455,"hostname":"TempleOfZyminx","id":"a93fcf5b-e901-4464-8fe2-c07b8bc58aa4","msg":"Fetching game state"}
{"level":30,"time":1774382619948,"pid":1603455,"hostname":"TempleOfZyminx","id":"a93fcf5b-e901-4464-8fe2-c07b8bc58aa4","msg":"Fetching game state"}
{"level":30,"time":1774382619949,"pid":1603593,"hostname":"TempleOfZyminx","id":"6cb5f8be-50c7-4c1a-8ab3-3087ef7c6a7e","command":"END_PHASE","msg":"Submitting game action"}
{"level":30,"time":1774382619949,"pid":1603593,"hostname":"TempleOfZyminx","gameId":"6cb5f8be-50c7-4c1a-8ab3-3087ef7c6a7e","phase":"ONION_MOVE","msg":"Advancing phase"}
{"level":30,"time":1774382619949,"pid":1603593,"hostname":"TempleOfZyminx","phase":"ONION_MOVE","turnNumber":1,"msg":"Advancing phase in engine"}
{"level":30,"time":1774382619949,"pid":1603455,"hostname":"TempleOfZyminx","id":"a93fcf5b-e901-4464-8fe2-c07b8bc58aa4","msg":"Fetching game state"}
{"level":30,"time":1774382619949,"pid":1603593,"hostname":"TempleOfZyminx","id":"6cb5f8be-50c7-4c1a-8ab3-3087ef7c6a7e","msg":"Fetching game state"}
{"level":30,"time":1774382619950,"pid":1603455,"hostname":"TempleOfZyminx","id":"a93fcf5b-e901-4464-8fe2-c07b8bc58aa4","msg":"Fetching game state"}
{"level":30,"time":1774382619950,"pid":1603593,"hostname":"TempleOfZyminx","id":"6cb5f8be-50c7-4c1a-8ab3-3087ef7c6a7e","msg":"Fetching game state"}
{"level":30,"time":1774382619951,"pid":1603593,"hostname":"TempleOfZyminx","id":"6cb5f8be-50c7-4c1a-8ab3-3087ef7c6a7e","command":"FIRE","msg":"Submitting game action"}
{"level":30,"time":1774382619951,"pid":1603593,"hostname":"TempleOfZyminx","gameId":"6cb5f8be-50c7-4c1a-8ab3-3087ef7c6a7e","type":"FIRE","msg":"Processing combat command"}
{"level":30,"time":1774382619951,"pid":1603593,"hostname":"TempleOfZyminx","commandType":"FIRE","msg":"Validating combat action"}
{"level":30,"time":1774382619951,"pid":1603593,"hostname":"TempleOfZyminx","plan":{"actionType":"FIRE","actor":"onion","attackerIds":["missile_1"],"target":{"kind":"defender","id":"pigs-1"},"attackStrength":6,"defense":3,"weaponIds":["missile_1"]},"msg":"Executing combat action"}
{"level":30,"time":1774382619952,"pid":1603593,"hostname":"TempleOfZyminx","id":"6cb5f8be-50c7-4c1a-8ab3-3087ef7c6a7e","command":"FIRE","msg":"Submitting game action"}
{"level":30,"time":1774382619952,"pid":1603593,"hostname":"TempleOfZyminx","gameId":"6cb5f8be-50c7-4c1a-8ab3-3087ef7c6a7e","type":"FIRE","msg":"Processing combat command"}
{"level":30,"time":1774382619952,"pid":1603593,"hostname":"TempleOfZyminx","commandType":"FIRE","msg":"Validating combat action"}
{"level":30,"time":1774382619952,"pid":1603593,"hostname":"TempleOfZyminx","gameId":"6cb5f8be-50c7-4c1a-8ab3-3087ef7c6a7e","error":"Attacker 'missile_1' is already destroyed or exhausted","msg":"Invalid combat command"}
{"level":30,"time":1774382619953,"pid":1603593,"hostname":"TempleOfZyminx","id":"6cb5f8be-50c7-4c1a-8ab3-3087ef7c6a7e","msg":"Fetching game state"}
{"level":30,"time":1774382619953,"pid":1603593,"hostname":"TempleOfZyminx","id":"6cb5f8be-50c7-4c1a-8ab3-3087ef7c6a7e","command":"END_PHASE","msg":"Submitting game action"}
{"level":30,"time":1774382619954,"pid":1603593,"hostname":"TempleOfZyminx","gameId":"6cb5f8be-50c7-4c1a-8ab3-3087ef7c6a7e","phase":"ONION_COMBAT","msg":"Advancing phase"}
{"level":30,"time":1774382619954,"pid":1603593,"hostname":"TempleOfZyminx","phase":"ONION_COMBAT","turnNumber":1,"msg":"Advancing phase in engine"}
{"level":30,"time":1774382619954,"pid":1603593,"hostname":"TempleOfZyminx","id":"6cb5f8be-50c7-4c1a-8ab3-3087ef7c6a7e","msg":"Fetching game state"}
{"level":30,"time":1774382619956,"pid":1603593,"hostname":"TempleOfZyminx","id":"6cb5f8be-50c7-4c1a-8ab3-3087ef7c6a7e","msg":"Fetching game state"}
{"level":30,"time":1774382619957,"pid":1603593,"hostname":"TempleOfZyminx","from":{"q":5,"r":6},"to":{"q":0,"r":0},"msg":"findPath: no valid path found"}
{"level":30,"time":1774382619957,"pid":1603593,"hostname":"TempleOfZyminx","from":{"q":5,"r":6},"to":{"q":0,"r":1},"msg":"findPath: no valid path found"}
{"level":30,"time":1774382619957,"pid":1603593,"hostname":"TempleOfZyminx","from":{"q":5,"r":6},"to":{"q":0,"r":2},"msg":"findPath: no valid path found"}
{"level":30,"time":1774382619957,"pid":1603593,"hostname":"TempleOfZyminx","from":{"q":5,"r":6},"to":{"q":0,"r":3},"msg":"findPath: no valid path found"}
{"level":30,"time":1774382619957,"pid":1603593,"hostname":"TempleOfZyminx","from":{"q":5,"r":6},"to":{"q":0,"r":4},"msg":"findPath: no valid path found"}
{"level":30,"time":1774382619957,"pid":1603593,"hostname":"TempleOfZyminx","from":{"q":5,"r":6},"to":{"q":0,"r":5},"msg":"findPath: no valid path found"}
{"level":30,"time":1774382619957,"pid":1603593,"hostname":"TempleOfZyminx","from":{"q":5,"r":6},"to":{"q":0,"r":6},"msg":"findPath: no valid path found"}
{"level":30,"time":1774382619957,"pid":1603593,"hostname":"TempleOfZyminx","from":{"q":5,"r":6},"to":{"q":0,"r":7},"msg":"findPath: no valid path found"}
{"level":30,"time":1774382619958,"pid":1603593,"hostname":"TempleOfZyminx","from":{"q":5,"r":6},"to":{"q":0,"r":8},"msg":"findPath: no valid path found"}
{"level":30,"time":1774382619958,"pid":1603593,"hostname":"TempleOfZyminx","from":{"q":5,"r":6},"to":{"q":0,"r":9},"msg":"findPath: no valid path found"}
{"level":30,"time":1774382619958,"pid":1603593,"hostname":"TempleOfZyminx","from":{"q":5,"r":6},"to":{"q":0,"r":10},"msg":"findPath: no valid path found"}
{"level":30,"time":1774382619958,"pid":1603593,"hostname":"TempleOfZyminx","from":{"q":5,"r":6},"to":{"q":0,"r":11},"msg":"findPath: no valid path found"}
{"level":30,"time":1774382619958,"pid":1603593,"hostname":"TempleOfZyminx","from":{"q":5,"r":6},"to":{"q":0,"r":12},"msg":"findPath: no valid path found"}
{"level":30,"time":1774382619958,"pid":1603593,"hostname":"TempleOfZyminx","from":{"q":5,"r":6},"to":{"q":0,"r":13},"msg":"findPath: no valid path found"}
{"level":30,"time":1774382619958,"pid":1603593,"hostname":"TempleOfZyminx","from":{"q":5,"r":6},"to":{"q":0,"r":14},"msg":"findPath: no valid path found"}
{"level":30,"time":1774382619958,"pid":1603593,"hostname":"TempleOfZyminx","from":{"q":5,"r":6},"to":{"q":0,"r":15},"msg":"findPath: no valid path found"}
{"level":30,"time":1774382619958,"pid":1603593,"hostname":"TempleOfZyminx","from":{"q":5,"r":6},"to":{"q":0,"r":16},"msg":"findPath: no valid path found"}
{"level":30,"time":1774382619958,"pid":1603593,"hostname":"TempleOfZyminx","from":{"q":5,"r":6},"to":{"q":0,"r":17},"msg":"findPath: no valid path found"}
{"level":30,"time":1774382619958,"pid":1603593,"hostname":"TempleOfZyminx","from":{"q":5,"r":6},"to":{"q":0,"r":18},"msg":"findPath: no valid path found"}
{"level":30,"time":1774382619958,"pid":1603593,"hostname":"TempleOfZyminx","from":{"q":5,"r":6},"to":{"q":0,"r":19},"msg":"findPath: no valid path found"}
{"level":30,"time":1774382619958,"pid":1603593,"hostname":"TempleOfZyminx","from":{"q":5,"r":6},"to":{"q":0,"r":20},"msg":"findPath: no valid path found"}
{"level":30,"time":1774382619959,"pid":1603593,"hostname":"TempleOfZyminx","from":{"q":5,"r":6},"to":{"q":0,"r":21},"msg":"findPath: no valid path found"}
{"level":30,"time":1774382619959,"pid":1603593,"hostname":"TempleOfZyminx","from":{"q":5,"r":6},"to":{"q":1,"r":0},"msg":"findPath: no valid path found"}
{"level":30,"time":1774382619959,"pid":1603593,"hostname":"TempleOfZyminx","from":{"q":5,"r":6},"to":{"q":1,"r":1},"msg":"findPath: no valid path found"}
{"level":30,"time":1774382619959,"pid":1603593,"hostname":"TempleOfZyminx","from":{"q":5,"r":6},"to":{"q":1,"r":2},"msg":"findPath: no valid path found"}
{"level":30,"time":1774382619959,"pid":1603593,"hostname":"TempleOfZyminx","from":{"q":5,"r":6},"to":{"q":1,"r":3},"msg":"findPath: no valid path found"}
{"level":30,"time":1774382619959,"pid":1603593,"hostname":"TempleOfZyminx","from":{"q":5,"r":6},"to":{"q":1,"r":4},"msg":"findPath: no valid path found"}
{"level":30,"time":1774382619959,"pid":1603593,"hostname":"TempleOfZyminx","from":{"q":5,"r":6},"to":{"q":1,"r":5},"msg":"findPath: no valid path found"}
{"level":30,"time":1774382619960,"pid":1603593,"hostname":"TempleOfZyminx","from":{"q":5,"r":6},"to":{"q":1,"r":10},"msg":"findPath: no valid path found"}
{"level":30,"time":1774382619960,"pid":1603593,"hostname":"TempleOfZyminx","from":{"q":5,"r":6},"to":{"q":1,"r":11},"msg":"findPath: no valid path found"}
{"level":30,"time":1774382619960,"pid":1603593,"hostname":"TempleOfZyminx","from":{"q":5,"r":6},"to":{"q":1,"r":12},"msg":"findPath: no valid path found"}
{"level":30,"time":1774382619960,"pid":1603593,"hostname":"TempleOfZyminx","from":{"q":5,"r":6},"to":{"q":1,"r":13},"msg":"findPath: no valid path found"}
{"level":30,"time":1774382619960,"pid":1603593,"hostname":"TempleOfZyminx","from":{"q":5,"r":6},"to":{"q":1,"r":14},"msg":"findPath: no valid path found"}
{"level":30,"time":1774382619960,"pid":1603593,"hostname":"TempleOfZyminx","from":{"q":5,"r":6},"to":{"q":1,"r":15},"msg":"findPath: no valid path found"}
{"level":30,"time":1774382619960,"pid":1603593,"hostname":"TempleOfZyminx","from":{"q":5,"r":6},"to":{"q":1,"r":16},"msg":"findPath: no valid path found"}
{"level":30,"time":1774382619961,"pid":1603593,"hostname":"TempleOfZyminx","from":{"q":5,"r":6},"to":{"q":1,"r":17},"msg":"findPath: no valid path found"}
{"level":30,"time":1774382619961,"pid":1603593,"hostname":"TempleOfZyminx","from":{"q":5,"r":6},"to":{"q":1,"r":18},"msg":"findPath: no valid path found"}
{"level":30,"time":1774382619961,"pid":1603593,"hostname":"TempleOfZyminx","from":{"q":5,"r":6},"to":{"q":1,"r":19},"msg":"findPath: no valid path found"}
{"level":30,"time":1774382619961,"pid":1603593,"hostname":"TempleOfZyminx","from":{"q":5,"r":6},"to":{"q":1,"r":20},"msg":"findPath: no valid path found"}
{"level":30,"time":1774382619961,"pid":1603593,"hostname":"TempleOfZyminx","from":{"q":5,"r":6},"to":{"q":1,"r":21},"msg":"findPath: no valid path found"}
{"level":30,"time":1774382619961,"pid":1603593,"hostname":"TempleOfZyminx","from":{"q":5,"r":6},"to":{"q":2,"r":0},"msg":"findPath: no valid path found"}
{"level":30,"time":1774382619961,"pid":1603593,"hostname":"TempleOfZyminx","from":{"q":5,"r":6},"to":{"q":2,"r":1},"msg":"findPath: no valid path found"}
{"level":30,"time":1774382619961,"pid":1603593,"hostname":"TempleOfZyminx","from":{"q":5,"r":6},"to":{"q":2,"r":2},"msg":"findPath: no valid path found"}
{"level":30,"time":1774382619961,"pid":1603593,"hostname":"TempleOfZyminx","from":{"q":5,"r":6},"to":{"q":2,"r":3},"msg":"findPath: no valid path found"}
{"level":30,"time":1774382619963,"pid":1603593,"hostname":"TempleOfZyminx","from":{"q":5,"r":6},"to":{"q":2,"r":4},"msg":"findPath: no valid path found"}
{"level":30,"time":1774382619964,"pid":1603593,"hostname":"TempleOfZyminx","from":{"q":5,"r":6},"to":{"q":2,"r":10},"msg":"findPath: no valid path found"}
{"level":30,"time":1774382619964,"pid":1603593,"hostname":"TempleOfZyminx","from":{"q":5,"r":6},"to":{"q":2,"r":11},"msg":"findPath: no valid path found"}
{"level":30,"time":1774382619964,"pid":1603593,"hostname":"TempleOfZyminx","from":{"q":5,"r":6},"to":{"q":2,"r":12},"msg":"findPath: no valid path found"}
{"level":30,"time":1774382619964,"pid":1603593,"hostname":"TempleOfZyminx","from":{"q":5,"r":6},"to":{"q":2,"r":13},"msg":"findPath: no valid path found"}
{"level":30,"time":1774382619965,"pid":1603593,"hostname":"TempleOfZyminx","from":{"q":5,"r":6},"to":{"q":2,"r":14},"msg":"findPath: no valid path found"}
{"level":30,"time":1774382619965,"pid":1603593,"hostname":"TempleOfZyminx","from":{"q":5,"r":6},"to":{"q":2,"r":15},"msg":"findPath: no valid path found"}
{"level":30,"time":1774382619965,"pid":1603593,"hostname":"TempleOfZyminx","from":{"q":5,"r":6},"to":{"q":2,"r":16},"msg":"findPath: no valid path found"}
{"level":30,"time":1774382619965,"pid":1603593,"hostname":"TempleOfZyminx","from":{"q":5,"r":6},"to":{"q":2,"r":17},"msg":"findPath: no valid path found"}
{"level":30,"time":1774382619965,"pid":1603593,"hostname":"TempleOfZyminx","from":{"q":5,"r":6},"to":{"q":2,"r":18},"msg":"findPath: no valid path found"}
{"level":30,"time":1774382619965,"pid":1603593,"hostname":"TempleOfZyminx","from":{"q":5,"r":6},"to":{"q":2,"r":19},"msg":"findPath: no valid path found"}
{"level":30,"time":1774382619965,"pid":1603593,"hostname":"TempleOfZyminx","from":{"q":5,"r":6},"to":{"q":2,"r":20},"msg":"findPath: no valid path found"}
{"level":30,"time":1774382619965,"pid":1603593,"hostname":"TempleOfZyminx","from":{"q":5,"r":6},"to":{"q":2,"r":21},"msg":"findPath: no valid path found"}
{"level":30,"time":1774382619966,"pid":1603593,"hostname":"TempleOfZyminx","from":{"q":5,"r":6},"to":{"q":3,"r":0},"msg":"findPath: no valid path found"}
{"level":30,"time":1774382619966,"pid":1603593,"hostname":"TempleOfZyminx","from":{"q":5,"r":6},"to":{"q":3,"r":1},"msg":"findPath: no valid path found"}
{"level":30,"time":1774382619966,"pid":1603593,"hostname":"TempleOfZyminx","from":{"q":5,"r":6},"to":{"q":3,"r":2},"msg":"findPath: no valid path found"}
{"level":30,"time":1774382619966,"pid":1603593,"hostname":"TempleOfZyminx","from":{"q":5,"r":6},"to":{"q":3,"r":3},"msg":"findPath: no valid path found"}
{"level":30,"time":1774382619967,"pid":1603593,"hostname":"TempleOfZyminx","from":{"q":5,"r":6},"to":{"q":3,"r":8},"msg":"findPath: no valid path found"}
{"level":30,"time":1774382619967,"pid":1603593,"hostname":"TempleOfZyminx","from":{"q":5,"r":6},"to":{"q":3,"r":11},"msg":"findPath: no valid path found"}
{"level":30,"time":1774382619967,"pid":1603593,"hostname":"TempleOfZyminx","from":{"q":5,"r":6},"to":{"q":3,"r":12},"msg":"findPath: no valid path found"}
{"level":30,"time":1774382619967,"pid":1603593,"hostname":"TempleOfZyminx","from":{"q":5,"r":6},"to":{"q":3,"r":13},"msg":"findPath: no valid path found"}
{"level":30,"time":1774382619968,"pid":1603593,"hostname":"TempleOfZyminx","from":{"q":5,"r":6},"to":{"q":3,"r":14},"msg":"findPath: no valid path found"}
{"level":30,"time":1774382619968,"pid":1603593,"hostname":"TempleOfZyminx","from":{"q":5,"r":6},"to":{"q":3,"r":15},"msg":"findPath: no valid path found"}
{"level":30,"time":1774382619968,"pid":1603593,"hostname":"TempleOfZyminx","from":{"q":5,"r":6},"to":{"q":3,"r":16},"msg":"findPath: no valid path found"}
{"level":30,"time":1774382619968,"pid":1603593,"hostname":"TempleOfZyminx","from":{"q":5,"r":6},"to":{"q":3,"r":17},"msg":"findPath: no valid path found"}
{"level":30,"time":1774382619968,"pid":1603593,"hostname":"TempleOfZyminx","from":{"q":5,"r":6},"to":{"q":3,"r":18},"msg":"findPath: no valid path found"}
{"level":30,"time":1774382619968,"pid":1603593,"hostname":"TempleOfZyminx","from":{"q":5,"r":6},"to":{"q":3,"r":19},"msg":"findPath: no valid path found"}
{"level":30,"time":1774382619968,"pid":1603593,"hostname":"TempleOfZyminx","from":{"q":5,"r":6},"to":{"q":3,"r":20},"msg":"findPath: no valid path found"}
{"level":30,"time":1774382619969,"pid":1603593,"hostname":"TempleOfZyminx","from":{"q":5,"r":6},"to":{"q":3,"r":21},"msg":"findPath: no valid path found"}
{"level":30,"time":1774382619969,"pid":1603593,"hostname":"TempleOfZyminx","from":{"q":5,"r":6},"to":{"q":4,"r":0},"msg":"findPath: no valid path found"}
{"level":30,"time":1774382619969,"pid":1603593,"hostname":"TempleOfZyminx","from":{"q":5,"r":6},"to":{"q":4,"r":1},"msg":"findPath: no valid path found"}
{"level":30,"time":1774382619969,"pid":1603593,"hostname":"TempleOfZyminx","from":{"q":5,"r":6},"to":{"q":4,"r":2},"msg":"findPath: no valid path found"}
{"level":30,"time":1774382619969,"pid":1604033,"hostname":"TempleOfZyminx","scenarioId":"swamp-siege-01","role":"onion","msg":"Creating new game match"}
{"level":30,"time":1774382619969,"pid":1603593,"hostname":"TempleOfZyminx","from":{"q":5,"r":6},"to":{"q":4,"r":8},"msg":"findPath: no valid path found"}
{"level":30,"time":1774382619970,"pid":1603593,"hostname":"TempleOfZyminx","from":{"q":5,"r":6},"to":{"q":4,"r":11},"msg":"findPath: no valid path found"}
{"level":30,"time":1774382619970,"pid":1603593,"hostname":"TempleOfZyminx","from":{"q":5,"r":6},"to":{"q":4,"r":12},"msg":"findPath: no valid path found"}
{"level":30,"time":1774382619970,"pid":1603593,"hostname":"TempleOfZyminx","from":{"q":5,"r":6},"to":{"q":4,"r":13},"msg":"findPath: no valid path found"}
{"level":30,"time":1774382619970,"pid":1603593,"hostname":"TempleOfZyminx","from":{"q":5,"r":6},"to":{"q":4,"r":14},"msg":"findPath: no valid path found"}
{"level":30,"time":1774382619970,"pid":1603593,"hostname":"TempleOfZyminx","from":{"q":5,"r":6},"to":{"q":4,"r":15},"msg":"findPath: no valid path found"}
{"level":30,"time":1774382619970,"pid":1603593,"hostname":"TempleOfZyminx","from":{"q":5,"r":6},"to":{"q":4,"r":16},"msg":"findPath: no valid path found"}
{"level":30,"time":1774382619970,"pid":1604033,"hostname":"TempleOfZyminx","gameId":"121f6f8c-1e55-41d5-9aff-0d4660a5c1cc","role":"onion","msg":"Game match created"}
{"level":30,"time":1774382619971,"pid":1603593,"hostname":"TempleOfZyminx","from":{"q":5,"r":6},"to":{"q":4,"r":17},"msg":"findPath: no valid path found"}
{"level":30,"time":1774382619971,"pid":1603593,"hostname":"TempleOfZyminx","from":{"q":5,"r":6},"to":{"q":4,"r":18},"msg":"findPath: no valid path found"}
{"level":30,"time":1774382619971,"pid":1603593,"hostname":"TempleOfZyminx","from":{"q":5,"r":6},"to":{"q":4,"r":19},"msg":"findPath: no valid path found"}
{"level":30,"time":1774382619971,"pid":1604033,"hostname":"TempleOfZyminx","id":"121f6f8c-1e55-41d5-9aff-0d4660a5c1cc","msg":"User joining game"}
{"level":30,"time":1774382619971,"pid":1604033,"hostname":"TempleOfZyminx","gameId":"121f6f8c-1e55-41d5-9aff-0d4660a5c1cc","role":"defender","msg":"User joined game"}
{"level":30,"time":1774382619971,"pid":1604033,"hostname":"TempleOfZyminx","id":"121f6f8c-1e55-41d5-9aff-0d4660a5c1cc","command":"END_PHASE","msg":"Submitting game action"}
{"level":30,"time":1774382619971,"pid":1604033,"hostname":"TempleOfZyminx","gameId":"121f6f8c-1e55-41d5-9aff-0d4660a5c1cc","phase":"ONION_MOVE","msg":"Advancing phase"}
{"level":30,"time":1774382619971,"pid":1604033,"hostname":"TempleOfZyminx","phase":"ONION_MOVE","turnNumber":1,"msg":"Advancing phase in engine"}
{"level":30,"time":1774382619971,"pid":1603593,"hostname":"TempleOfZyminx","from":{"q":5,"r":6},"to":{"q":4,"r":20},"msg":"findPath: no valid path found"}
{"level":30,"time":1774382619971,"pid":1603593,"hostname":"TempleOfZyminx","from":{"q":5,"r":6},"to":{"q":4,"r":21},"msg":"findPath: no valid path found"}
{"level":30,"time":1774382619971,"pid":1603593,"hostname":"TempleOfZyminx","from":{"q":5,"r":6},"to":{"q":5,"r":0},"msg":"findPath: no valid path found"}
{"level":30,"time":1774382619971,"pid":1603593,"hostname":"TempleOfZyminx","from":{"q":5,"r":6},"to":{"q":5,"r":1},"msg":"findPath: no valid path found"}
{"level":30,"time":1774382619972,"pid":1603593,"hostname":"TempleOfZyminx","from":{"q":5,"r":6},"to":{"q":5,"r":2},"msg":"findPath: no valid path found"}
{"level":30,"time":1774382619972,"pid":1603593,"hostname":"TempleOfZyminx","from":{"q":5,"r":6},"to":{"q":5,"r":11},"msg":"findPath: no valid path found"}
{"level":30,"time":1774382619972,"pid":1603593,"hostname":"TempleOfZyminx","from":{"q":5,"r":6},"to":{"q":5,"r":12},"msg":"findPath: no valid path found"}
{"level":30,"time":1774382619972,"pid":1603593,"hostname":"TempleOfZyminx","from":{"q":5,"r":6},"to":{"q":5,"r":13},"msg":"findPath: no valid path found"}
{"level":30,"time":1774382619972,"pid":1604033,"hostname":"TempleOfZyminx","id":"121f6f8c-1e55-41d5-9aff-0d4660a5c1cc","command":"END_PHASE","msg":"Submitting game action"}
{"level":30,"time":1774382619972,"pid":1604033,"hostname":"TempleOfZyminx","gameId":"121f6f8c-1e55-41d5-9aff-0d4660a5c1cc","phase":"ONION_COMBAT","msg":"Advancing phase"}
{"level":30,"time":1774382619972,"pid":1604033,"hostname":"TempleOfZyminx","phase":"ONION_COMBAT","turnNumber":1,"msg":"Advancing phase in engine"}
{"level":30,"time":1774382619972,"pid":1603593,"hostname":"TempleOfZyminx","from":{"q":5,"r":6},"to":{"q":5,"r":14},"msg":"findPath: no valid path found"}
{"level":30,"time":1774382619973,"pid":1603593,"hostname":"TempleOfZyminx","from":{"q":5,"r":6},"to":{"q":5,"r":15},"msg":"findPath: no valid path found"}
{"level":30,"time":1774382619973,"pid":1603593,"hostname":"TempleOfZyminx","from":{"q":5,"r":6},"to":{"q":5,"r":16},"msg":"findPath: no valid path found"}
{"level":30,"time":1774382619973,"pid":1603593,"hostname":"TempleOfZyminx","from":{"q":5,"r":6},"to":{"q":5,"r":17},"msg":"findPath: no valid path found"}
{"level":30,"time":1774382619973,"pid":1603593,"hostname":"TempleOfZyminx","from":{"q":5,"r":6},"to":{"q":5,"r":18},"msg":"findPath: no valid path found"}
{"level":30,"time":1774382619973,"pid":1603593,"hostname":"TempleOfZyminx","from":{"q":5,"r":6},"to":{"q":5,"r":19},"msg":"findPath: no valid path found"}
{"level":30,"time":1774382619973,"pid":1603593,"hostname":"TempleOfZyminx","from":{"q":5,"r":6},"to":{"q":5,"r":20},"msg":"findPath: no valid path found"}
{"level":30,"time":1774382619973,"pid":1603593,"hostname":"TempleOfZyminx","from":{"q":5,"r":6},"to":{"q":5,"r":21},"msg":"findPath: no valid path found"}
{"level":30,"time":1774382619972,"pid":1604033,"hostname":"TempleOfZyminx","id":"121f6f8c-1e55-41d5-9aff-0d4660a5c1cc","msg":"Fetching game state"}
{"level":30,"time":1774382619974,"pid":1603593,"hostname":"TempleOfZyminx","from":{"q":5,"r":6},"to":{"q":6,"r":0},"msg":"findPath: no valid path found"}
{"level":30,"time":1774382619974,"pid":1603593,"hostname":"TempleOfZyminx","from":{"q":5,"r":6},"to":{"q":6,"r":1},"msg":"findPath: no valid path found"}
{"level":30,"time":1774382619974,"pid":1603593,"hostname":"TempleOfZyminx","from":{"q":5,"r":6},"to":{"q":6,"r":10},"msg":"findPath: no valid path found"}
{"level":30,"time":1774382619975,"pid":1603593,"hostname":"TempleOfZyminx","from":{"q":5,"r":6},"to":{"q":6,"r":11},"msg":"findPath: no valid path found"}
{"level":30,"time":1774382619975,"pid":1603593,"hostname":"TempleOfZyminx","from":{"q":5,"r":6},"to":{"q":6,"r":12},"msg":"findPath: no valid path found"}
{"level":30,"time":1774382619975,"pid":1603593,"hostname":"TempleOfZyminx","from":{"q":5,"r":6},"to":{"q":6,"r":13},"msg":"findPath: no valid path found"}
{"level":30,"time":1774382619975,"pid":1603593,"hostname":"TempleOfZyminx","from":{"q":5,"r":6},"to":{"q":6,"r":14},"msg":"findPath: no valid path found"}
{"level":30,"time":1774382619975,"pid":1603593,"hostname":"TempleOfZyminx","from":{"q":5,"r":6},"to":{"q":6,"r":15},"msg":"findPath: no valid path found"}
{"level":30,"time":1774382619975,"pid":1603593,"hostname":"TempleOfZyminx","from":{"q":5,"r":6},"to":{"q":6,"r":16},"msg":"findPath: no valid path found"}
{"level":30,"time":1774382619975,"pid":1603593,"hostname":"TempleOfZyminx","from":{"q":5,"r":6},"to":{"q":6,"r":17},"msg":"findPath: no valid path found"}
{"level":30,"time":1774382619976,"pid":1603593,"hostname":"TempleOfZyminx","from":{"q":5,"r":6},"to":{"q":6,"r":18},"msg":"findPath: no valid path found"}
{"level":30,"time":1774382619976,"pid":1603593,"hostname":"TempleOfZyminx","from":{"q":5,"r":6},"to":{"q":6,"r":19},"msg":"findPath: no valid path found"}
{"level":30,"time":1774382619976,"pid":1603593,"hostname":"TempleOfZyminx","from":{"q":5,"r":6},"to":{"q":6,"r":20},"msg":"findPath: no valid path found"}
{"level":30,"time":1774382619976,"pid":1603593,"hostname":"TempleOfZyminx","from":{"q":5,"r":6},"to":{"q":6,"r":21},"msg":"findPath: no valid path found"}
{"level":30,"time":1774382619976,"pid":1603593,"hostname":"TempleOfZyminx","from":{"q":5,"r":6},"to":{"q":7,"r":0},"msg":"findPath: no valid path found"}
{"level":30,"time":1774382619976,"pid":1603593,"hostname":"TempleOfZyminx","from":{"q":5,"r":6},"to":{"q":7,"r":1},"msg":"findPath: no valid path found"}
{"level":30,"time":1774382619977,"pid":1603593,"hostname":"TempleOfZyminx","from":{"q":5,"r":6},"to":{"q":7,"r":9},"msg":"findPath: no valid path found"}
{"level":30,"time":1774382619977,"pid":1603593,"hostname":"TempleOfZyminx","from":{"q":5,"r":6},"to":{"q":7,"r":10},"msg":"findPath: no valid path found"}
{"level":30,"time":1774382619977,"pid":1603593,"hostname":"TempleOfZyminx","from":{"q":5,"r":6},"to":{"q":7,"r":11},"msg":"findPath: no valid path found"}
{"level":30,"time":1774382619977,"pid":1603593,"hostname":"TempleOfZyminx","from":{"q":5,"r":6},"to":{"q":7,"r":12},"msg":"findPath: no valid path found"}
{"level":30,"time":1774382619977,"pid":1603593,"hostname":"TempleOfZyminx","from":{"q":5,"r":6},"to":{"q":7,"r":13},"msg":"findPath: no valid path found"}
{"level":30,"time":1774382619977,"pid":1603593,"hostname":"TempleOfZyminx","from":{"q":5,"r":6},"to":{"q":7,"r":14},"msg":"findPath: no valid path found"}
{"level":30,"time":1774382619978,"pid":1603593,"hostname":"TempleOfZyminx","from":{"q":5,"r":6},"to":{"q":7,"r":15},"msg":"findPath: no valid path found"}
{"level":30,"time":1774382619978,"pid":1603593,"hostname":"TempleOfZyminx","from":{"q":5,"r":6},"to":{"q":7,"r":16},"msg":"findPath: no valid path found"}
{"level":30,"time":1774382619978,"pid":1603593,"hostname":"TempleOfZyminx","from":{"q":5,"r":6},"to":{"q":7,"r":17},"msg":"findPath: no valid path found"}
{"level":30,"time":1774382619978,"pid":1603593,"hostname":"TempleOfZyminx","from":{"q":5,"r":6},"to":{"q":7,"r":18},"msg":"findPath: no valid path found"}
{"level":30,"time":1774382619978,"pid":1603593,"hostname":"TempleOfZyminx","from":{"q":5,"r":6},"to":{"q":7,"r":19},"msg":"findPath: no valid path found"}
{"level":30,"time":1774382619978,"pid":1603593,"hostname":"TempleOfZyminx","from":{"q":5,"r":6},"to":{"q":7,"r":20},"msg":"findPath: no valid path found"}
{"level":30,"time":1774382619978,"pid":1603593,"hostname":"TempleOfZyminx","from":{"q":5,"r":6},"to":{"q":7,"r":21},"msg":"findPath: no valid path found"}
{"level":30,"time":1774382619978,"pid":1603593,"hostname":"TempleOfZyminx","from":{"q":5,"r":6},"to":{"q":8,"r":0},"msg":"findPath: no valid path found"}
{"level":30,"time":1774382619978,"pid":1603593,"hostname":"TempleOfZyminx","from":{"q":5,"r":6},"to":{"q":8,"r":1},"msg":"findPath: no valid path found"}
{"level":30,"time":1774382619979,"pid":1603593,"hostname":"TempleOfZyminx","from":{"q":5,"r":6},"to":{"q":8,"r":8},"msg":"findPath: no valid path found"}
{"level":30,"time":1774382619979,"pid":1603593,"hostname":"TempleOfZyminx","from":{"q":5,"r":6},"to":{"q":8,"r":9},"msg":"findPath: no valid path found"}
{"level":30,"time":1774382619979,"pid":1603593,"hostname":"TempleOfZyminx","from":{"q":5,"r":6},"to":{"q":8,"r":10},"msg":"findPath: no valid path found"}
{"level":30,"time":1774382619979,"pid":1603593,"hostname":"TempleOfZyminx","from":{"q":5,"r":6},"to":{"q":8,"r":11},"msg":"findPath: no valid path found"}
{"level":30,"time":1774382619980,"pid":1603593,"hostname":"TempleOfZyminx","from":{"q":5,"r":6},"to":{"q":8,"r":12},"msg":"findPath: no valid path found"}
{"level":30,"time":1774382619980,"pid":1603593,"hostname":"TempleOfZyminx","from":{"q":5,"r":6},"to":{"q":8,"r":13},"msg":"findPath: no valid path found"}
{"level":30,"time":1774382619980,"pid":1603593,"hostname":"TempleOfZyminx","from":{"q":5,"r":6},"to":{"q":8,"r":14},"msg":"findPath: no valid path found"}
{"level":30,"time":1774382619980,"pid":1603593,"hostname":"TempleOfZyminx","from":{"q":5,"r":6},"to":{"q":8,"r":15},"msg":"findPath: no valid path found"}
{"level":30,"time":1774382619980,"pid":1603593,"hostname":"TempleOfZyminx","from":{"q":5,"r":6},"to":{"q":8,"r":16},"msg":"findPath: no valid path found"}
{"level":30,"time":1774382619980,"pid":1603593,"hostname":"TempleOfZyminx","from":{"q":5,"r":6},"to":{"q":8,"r":17},"msg":"findPath: no valid path found"}
{"level":30,"time":1774382619980,"pid":1603593,"hostname":"TempleOfZyminx","from":{"q":5,"r":6},"to":{"q":8,"r":18},"msg":"findPath: no valid path found"}
{"level":30,"time":1774382619981,"pid":1603593,"hostname":"TempleOfZyminx","from":{"q":5,"r":6},"to":{"q":8,"r":19},"msg":"findPath: no valid path found"}
{"level":30,"time":1774382619981,"pid":1603593,"hostname":"TempleOfZyminx","from":{"q":5,"r":6},"to":{"q":8,"r":20},"msg":"findPath: no valid path found"}
{"level":30,"time":1774382619981,"pid":1603593,"hostname":"TempleOfZyminx","from":{"q":5,"r":6},"to":{"q":8,"r":21},"msg":"findPath: no valid path found"}
{"level":30,"time":1774382619981,"pid":1603593,"hostname":"TempleOfZyminx","from":{"q":5,"r":6},"to":{"q":9,"r":0},"msg":"findPath: no valid path found"}
{"level":30,"time":1774382619981,"pid":1603593,"hostname":"TempleOfZyminx","from":{"q":5,"r":6},"to":{"q":9,"r":1},"msg":"findPath: no valid path found"}
{"level":30,"time":1774382619982,"pid":1603593,"hostname":"TempleOfZyminx","from":{"q":5,"r":6},"to":{"q":9,"r":7},"msg":"findPath: no valid path found"}
{"level":30,"time":1774382619982,"pid":1603593,"hostname":"TempleOfZyminx","from":{"q":5,"r":6},"to":{"q":9,"r":8},"msg":"findPath: no valid path found"}
{"level":30,"time":1774382619982,"pid":1603593,"hostname":"TempleOfZyminx","from":{"q":5,"r":6},"to":{"q":9,"r":9},"msg":"findPath: no valid path found"}
{"level":30,"time":1774382619982,"pid":1603593,"hostname":"TempleOfZyminx","from":{"q":5,"r":6},"to":{"q":9,"r":10},"msg":"findPath: no valid path found"}
{"level":30,"time":1774382619982,"pid":1603593,"hostname":"TempleOfZyminx","from":{"q":5,"r":6},"to":{"q":9,"r":11},"msg":"findPath: no valid path found"}
{"level":30,"time":1774382619983,"pid":1603593,"hostname":"TempleOfZyminx","from":{"q":5,"r":6},"to":{"q":9,"r":12},"msg":"findPath: no valid path found"}
{"level":30,"time":1774382619983,"pid":1603593,"hostname":"TempleOfZyminx","from":{"q":5,"r":6},"to":{"q":9,"r":13},"msg":"findPath: no valid path found"}
{"level":30,"time":1774382619983,"pid":1603593,"hostname":"TempleOfZyminx","from":{"q":5,"r":6},"to":{"q":9,"r":14},"msg":"findPath: no valid path found"}
{"level":30,"time":1774382619983,"pid":1603593,"hostname":"TempleOfZyminx","from":{"q":5,"r":6},"to":{"q":9,"r":15},"msg":"findPath: no valid path found"}
{"level":30,"time":1774382619983,"pid":1603593,"hostname":"TempleOfZyminx","from":{"q":5,"r":6},"to":{"q":9,"r":16},"msg":"findPath: no valid path found"}
{"level":30,"time":1774382619983,"pid":1603593,"hostname":"TempleOfZyminx","from":{"q":5,"r":6},"to":{"q":9,"r":17},"msg":"findPath: no valid path found"}
{"level":30,"time":1774382619984,"pid":1603593,"hostname":"TempleOfZyminx","from":{"q":5,"r":6},"to":{"q":9,"r":18},"msg":"findPath: no valid path found"}
{"level":30,"time":1774382619984,"pid":1603593,"hostname":"TempleOfZyminx","from":{"q":5,"r":6},"to":{"q":9,"r":19},"msg":"findPath: no valid path found"}
{"level":30,"time":1774382619984,"pid":1603593,"hostname":"TempleOfZyminx","from":{"q":5,"r":6},"to":{"q":9,"r":20},"msg":"findPath: no valid path found"}
{"level":30,"time":1774382619984,"pid":1603593,"hostname":"TempleOfZyminx","from":{"q":5,"r":6},"to":{"q":9,"r":21},"msg":"findPath: no valid path found"}
{"level":30,"time":1774382619985,"pid":1603593,"hostname":"TempleOfZyminx","from":{"q":5,"r":6},"to":{"q":10,"r":0},"msg":"findPath: no valid path found"}
{"level":30,"time":1774382619985,"pid":1603593,"hostname":"TempleOfZyminx","from":{"q":5,"r":6},"to":{"q":10,"r":1},"msg":"findPath: no valid path found"}
{"level":30,"time":1774382619985,"pid":1603593,"hostname":"TempleOfZyminx","from":{"q":5,"r":6},"to":{"q":10,"r":2},"msg":"findPath: no valid path found"}
{"level":30,"time":1774382619985,"pid":1603593,"hostname":"TempleOfZyminx","from":{"q":5,"r":6},"to":{"q":10,"r":3},"msg":"findPath: no valid path found"}
{"level":30,"time":1774382619986,"pid":1603593,"hostname":"TempleOfZyminx","from":{"q":5,"r":6},"to":{"q":10,"r":4},"msg":"findPath: no valid path found"}
{"level":30,"time":1774382619986,"pid":1603593,"hostname":"TempleOfZyminx","from":{"q":5,"r":6},"to":{"q":10,"r":5},"msg":"findPath: no valid path found"}
{"level":30,"time":1774382619986,"pid":1603593,"hostname":"TempleOfZyminx","from":{"q":5,"r":6},"to":{"q":10,"r":6},"msg":"findPath: no valid path found"}
{"level":30,"time":1774382619986,"pid":1603593,"hostname":"TempleOfZyminx","from":{"q":5,"r":6},"to":{"q":10,"r":7},"msg":"findPath: no valid path found"}
{"level":30,"time":1774382619986,"pid":1603593,"hostname":"TempleOfZyminx","from":{"q":5,"r":6},"to":{"q":10,"r":8},"msg":"findPath: no valid path found"}
{"level":30,"time":1774382619986,"pid":1603593,"hostname":"TempleOfZyminx","from":{"q":5,"r":6},"to":{"q":10,"r":9},"msg":"findPath: no valid path found"}
{"level":30,"time":1774382619987,"pid":1603593,"hostname":"TempleOfZyminx","from":{"q":5,"r":6},"to":{"q":10,"r":10},"msg":"findPath: no valid path found"}
{"level":30,"time":1774382619987,"pid":1603593,"hostname":"TempleOfZyminx","from":{"q":5,"r":6},"to":{"q":10,"r":11},"msg":"findPath: no valid path found"}
{"level":30,"time":1774382619987,"pid":1603593,"hostname":"TempleOfZyminx","from":{"q":5,"r":6},"to":{"q":10,"r":12},"msg":"findPath: no valid path found"}
{"level":30,"time":1774382619987,"pid":1603593,"hostname":"TempleOfZyminx","from":{"q":5,"r":6},"to":{"q":10,"r":13},"msg":"findPath: no valid path found"}
{"level":30,"time":1774382619987,"pid":1603593,"hostname":"TempleOfZyminx","from":{"q":5,"r":6},"to":{"q":10,"r":14},"msg":"findPath: no valid path found"}
{"level":30,"time":1774382619987,"pid":1603593,"hostname":"TempleOfZyminx","from":{"q":5,"r":6},"to":{"q":10,"r":15},"msg":"findPath: no valid path found"}
{"level":30,"time":1774382619988,"pid":1603593,"hostname":"TempleOfZyminx","from":{"q":5,"r":6},"to":{"q":10,"r":16},"msg":"findPath: no valid path found"}
{"level":30,"time":1774382619988,"pid":1603593,"hostname":"TempleOfZyminx","from":{"q":5,"r":6},"to":{"q":10,"r":17},"msg":"findPath: no valid path found"}
{"level":30,"time":1774382619988,"pid":1603593,"hostname":"TempleOfZyminx","from":{"q":5,"r":6},"to":{"q":10,"r":18},"msg":"findPath: no valid path found"}
{"level":30,"time":1774382619988,"pid":1603593,"hostname":"TempleOfZyminx","from":{"q":5,"r":6},"to":{"q":10,"r":19},"msg":"findPath: no valid path found"}
{"level":30,"time":1774382619988,"pid":1603593,"hostname":"TempleOfZyminx","from":{"q":5,"r":6},"to":{"q":10,"r":20},"msg":"findPath: no valid path found"}
{"level":30,"time":1774382619988,"pid":1603593,"hostname":"TempleOfZyminx","from":{"q":5,"r":6},"to":{"q":10,"r":21},"msg":"findPath: no valid path found"}
{"level":30,"time":1774382619988,"pid":1603593,"hostname":"TempleOfZyminx","from":{"q":5,"r":6},"to":{"q":11,"r":0},"msg":"findPath: no valid path found"}
{"level":30,"time":1774382619989,"pid":1603593,"hostname":"TempleOfZyminx","from":{"q":5,"r":6},"to":{"q":11,"r":1},"msg":"findPath: no valid path found"}
{"level":30,"time":1774382619989,"pid":1603593,"hostname":"TempleOfZyminx","from":{"q":5,"r":6},"to":{"q":11,"r":2},"msg":"findPath: no valid path found"}
{"level":30,"time":1774382619989,"pid":1603593,"hostname":"TempleOfZyminx","from":{"q":5,"r":6},"to":{"q":11,"r":3},"msg":"findPath: no valid path found"}
{"level":30,"time":1774382619989,"pid":1603593,"hostname":"TempleOfZyminx","from":{"q":5,"r":6},"to":{"q":11,"r":4},"msg":"findPath: no valid path found"}
{"level":30,"time":1774382619989,"pid":1603593,"hostname":"TempleOfZyminx","from":{"q":5,"r":6},"to":{"q":11,"r":5},"msg":"findPath: no valid path found"}
{"level":30,"time":1774382619989,"pid":1603593,"hostname":"TempleOfZyminx","from":{"q":5,"r":6},"to":{"q":11,"r":6},"msg":"findPath: no valid path found"}
{"level":30,"time":1774382619990,"pid":1603593,"hostname":"TempleOfZyminx","from":{"q":5,"r":6},"to":{"q":11,"r":7},"msg":"findPath: no valid path found"}
{"level":30,"time":1774382619990,"pid":1603593,"hostname":"TempleOfZyminx","from":{"q":5,"r":6},"to":{"q":11,"r":8},"msg":"findPath: no valid path found"}
{"level":30,"time":1774382619990,"pid":1603593,"hostname":"TempleOfZyminx","from":{"q":5,"r":6},"to":{"q":11,"r":9},"msg":"findPath: no valid path found"}
{"level":30,"time":1774382619990,"pid":1603593,"hostname":"TempleOfZyminx","from":{"q":5,"r":6},"to":{"q":11,"r":10},"msg":"findPath: no valid path found"}
{"level":30,"time":1774382619990,"pid":1603593,"hostname":"TempleOfZyminx","from":{"q":5,"r":6},"to":{"q":11,"r":11},"msg":"findPath: no valid path found"}
{"level":30,"time":1774382619990,"pid":1603593,"hostname":"TempleOfZyminx","from":{"q":5,"r":6},"to":{"q":11,"r":12},"msg":"findPath: no valid path found"}
{"level":30,"time":1774382619990,"pid":1603593,"hostname":"TempleOfZyminx","from":{"q":5,"r":6},"to":{"q":11,"r":13},"msg":"findPath: no valid path found"}
{"level":30,"time":1774382619991,"pid":1603593,"hostname":"TempleOfZyminx","from":{"q":5,"r":6},"to":{"q":11,"r":14},"msg":"findPath: no valid path found"}
{"level":30,"time":1774382619991,"pid":1603593,"hostname":"TempleOfZyminx","from":{"q":5,"r":6},"to":{"q":11,"r":15},"msg":"findPath: no valid path found"}
{"level":30,"time":1774382619991,"pid":1603593,"hostname":"TempleOfZyminx","from":{"q":5,"r":6},"to":{"q":11,"r":16},"msg":"findPath: no valid path found"}
{"level":30,"time":1774382619991,"pid":1603593,"hostname":"TempleOfZyminx","from":{"q":5,"r":6},"to":{"q":11,"r":17},"msg":"findPath: no valid path found"}
{"level":30,"time":1774382619991,"pid":1603593,"hostname":"TempleOfZyminx","from":{"q":5,"r":6},"to":{"q":11,"r":18},"msg":"findPath: no valid path found"}
{"level":30,"time":1774382619991,"pid":1603593,"hostname":"TempleOfZyminx","from":{"q":5,"r":6},"to":{"q":11,"r":19},"msg":"findPath: no valid path found"}
{"level":30,"time":1774382619991,"pid":1603593,"hostname":"TempleOfZyminx","from":{"q":5,"r":6},"to":{"q":11,"r":20},"msg":"findPath: no valid path found"}
{"level":30,"time":1774382619991,"pid":1603593,"hostname":"TempleOfZyminx","from":{"q":5,"r":6},"to":{"q":11,"r":21},"msg":"findPath: no valid path found"}
{"level":30,"time":1774382619991,"pid":1603593,"hostname":"TempleOfZyminx","from":{"q":5,"r":6},"to":{"q":12,"r":0},"msg":"findPath: no valid path found"}
{"level":30,"time":1774382619991,"pid":1603593,"hostname":"TempleOfZyminx","from":{"q":5,"r":6},"to":{"q":12,"r":1},"msg":"findPath: no valid path found"}
{"level":30,"time":1774382619991,"pid":1603593,"hostname":"TempleOfZyminx","from":{"q":5,"r":6},"to":{"q":12,"r":2},"msg":"findPath: no valid path found"}
{"level":30,"time":1774382619991,"pid":1603593,"hostname":"TempleOfZyminx","from":{"q":5,"r":6},"to":{"q":12,"r":3},"msg":"findPath: no valid path found"}
{"level":30,"time":1774382619991,"pid":1603593,"hostname":"TempleOfZyminx","from":{"q":5,"r":6},"to":{"q":12,"r":4},"msg":"findPath: no valid path found"}
{"level":30,"time":1774382619992,"pid":1603593,"hostname":"TempleOfZyminx","from":{"q":5,"r":6},"to":{"q":12,"r":5},"msg":"findPath: no valid path found"}
{"level":30,"time":1774382619992,"pid":1603593,"hostname":"TempleOfZyminx","from":{"q":5,"r":6},"to":{"q":12,"r":6},"msg":"findPath: no valid path found"}
{"level":30,"time":1774382619992,"pid":1603593,"hostname":"TempleOfZyminx","from":{"q":5,"r":6},"to":{"q":12,"r":7},"msg":"findPath: no valid path found"}
{"level":30,"time":1774382619992,"pid":1603593,"hostname":"TempleOfZyminx","from":{"q":5,"r":6},"to":{"q":12,"r":8},"msg":"findPath: no valid path found"}
{"level":30,"time":1774382619992,"pid":1603593,"hostname":"TempleOfZyminx","from":{"q":5,"r":6},"to":{"q":12,"r":9},"msg":"findPath: no valid path found"}
{"level":30,"time":1774382619992,"pid":1603593,"hostname":"TempleOfZyminx","from":{"q":5,"r":6},"to":{"q":12,"r":10},"msg":"findPath: no valid path found"}
{"level":30,"time":1774382619992,"pid":1603593,"hostname":"TempleOfZyminx","from":{"q":5,"r":6},"to":{"q":12,"r":11},"msg":"findPath: no valid path found"}
{"level":30,"time":1774382619992,"pid":1603593,"hostname":"TempleOfZyminx","from":{"q":5,"r":6},"to":{"q":12,"r":12},"msg":"findPath: no valid path found"}
{"level":30,"time":1774382619992,"pid":1603593,"hostname":"TempleOfZyminx","from":{"q":5,"r":6},"to":{"q":12,"r":13},"msg":"findPath: no valid path found"}
{"level":30,"time":1774382619992,"pid":1603593,"hostname":"TempleOfZyminx","from":{"q":5,"r":6},"to":{"q":12,"r":14},"msg":"findPath: no valid path found"}
{"level":30,"time":1774382619992,"pid":1603593,"hostname":"TempleOfZyminx","from":{"q":5,"r":6},"to":{"q":12,"r":15},"msg":"findPath: no valid path found"}
{"level":30,"time":1774382619993,"pid":1603593,"hostname":"TempleOfZyminx","from":{"q":5,"r":6},"to":{"q":12,"r":16},"msg":"findPath: no valid path found"}
{"level":30,"time":1774382619993,"pid":1603593,"hostname":"TempleOfZyminx","from":{"q":5,"r":6},"to":{"q":12,"r":17},"msg":"findPath: no valid path found"}
{"level":30,"time":1774382619993,"pid":1603593,"hostname":"TempleOfZyminx","from":{"q":5,"r":6},"to":{"q":12,"r":18},"msg":"findPath: no valid path found"}
{"level":30,"time":1774382619993,"pid":1603593,"hostname":"TempleOfZyminx","from":{"q":5,"r":6},"to":{"q":12,"r":19},"msg":"findPath: no valid path found"}
{"level":30,"time":1774382619993,"pid":1603593,"hostname":"TempleOfZyminx","from":{"q":5,"r":6},"to":{"q":12,"r":20},"msg":"findPath: no valid path found"}
{"level":30,"time":1774382619993,"pid":1603593,"hostname":"TempleOfZyminx","from":{"q":5,"r":6},"to":{"q":12,"r":21},"msg":"findPath: no valid path found"}
{"level":30,"time":1774382619993,"pid":1603593,"hostname":"TempleOfZyminx","from":{"q":5,"r":6},"to":{"q":13,"r":0},"msg":"findPath: no valid path found"}
{"level":30,"time":1774382619993,"pid":1603593,"hostname":"TempleOfZyminx","from":{"q":5,"r":6},"to":{"q":13,"r":1},"msg":"findPath: no valid path found"}
{"level":30,"time":1774382619993,"pid":1603593,"hostname":"TempleOfZyminx","from":{"q":5,"r":6},"to":{"q":13,"r":2},"msg":"findPath: no valid path found"}
{"level":30,"time":1774382619993,"pid":1603593,"hostname":"TempleOfZyminx","from":{"q":5,"r":6},"to":{"q":13,"r":3},"msg":"findPath: no valid path found"}
{"level":30,"time":1774382619994,"pid":1603593,"hostname":"TempleOfZyminx","from":{"q":5,"r":6},"to":{"q":13,"r":4},"msg":"findPath: no valid path found"}
{"level":30,"time":1774382619994,"pid":1603593,"hostname":"TempleOfZyminx","from":{"q":5,"r":6},"to":{"q":13,"r":5},"msg":"findPath: no valid path found"}
{"level":30,"time":1774382619994,"pid":1603593,"hostname":"TempleOfZyminx","from":{"q":5,"r":6},"to":{"q":13,"r":6},"msg":"findPath: no valid path found"}
{"level":30,"time":1774382619994,"pid":1603593,"hostname":"TempleOfZyminx","from":{"q":5,"r":6},"to":{"q":13,"r":7},"msg":"findPath: no valid path found"}
{"level":30,"time":1774382619994,"pid":1603593,"hostname":"TempleOfZyminx","from":{"q":5,"r":6},"to":{"q":13,"r":8},"msg":"findPath: no valid path found"}
{"level":30,"time":1774382619994,"pid":1603593,"hostname":"TempleOfZyminx","from":{"q":5,"r":6},"to":{"q":13,"r":9},"msg":"findPath: no valid path found"}
{"level":30,"time":1774382619994,"pid":1603593,"hostname":"TempleOfZyminx","from":{"q":5,"r":6},"to":{"q":13,"r":10},"msg":"findPath: no valid path found"}
{"level":30,"time":1774382619994,"pid":1603593,"hostname":"TempleOfZyminx","from":{"q":5,"r":6},"to":{"q":13,"r":11},"msg":"findPath: no valid path found"}
{"level":30,"time":1774382619994,"pid":1603593,"hostname":"TempleOfZyminx","from":{"q":5,"r":6},"to":{"q":13,"r":12},"msg":"findPath: no valid path found"}
{"level":30,"time":1774382619995,"pid":1603593,"hostname":"TempleOfZyminx","from":{"q":5,"r":6},"to":{"q":13,"r":13},"msg":"findPath: no valid path found"}
{"level":30,"time":1774382619995,"pid":1603593,"hostname":"TempleOfZyminx","from":{"q":5,"r":6},"to":{"q":13,"r":14},"msg":"findPath: no valid path found"}
{"level":30,"time":1774382619995,"pid":1603593,"hostname":"TempleOfZyminx","from":{"q":5,"r":6},"to":{"q":13,"r":15},"msg":"findPath: no valid path found"}
{"level":30,"time":1774382619995,"pid":1603593,"hostname":"TempleOfZyminx","from":{"q":5,"r":6},"to":{"q":13,"r":16},"msg":"findPath: no valid path found"}
{"level":30,"time":1774382619995,"pid":1603593,"hostname":"TempleOfZyminx","from":{"q":5,"r":6},"to":{"q":13,"r":17},"msg":"findPath: no valid path found"}
{"level":30,"time":1774382619995,"pid":1603593,"hostname":"TempleOfZyminx","from":{"q":5,"r":6},"to":{"q":13,"r":18},"msg":"findPath: no valid path found"}
{"level":30,"time":1774382619995,"pid":1603593,"hostname":"TempleOfZyminx","from":{"q":5,"r":6},"to":{"q":13,"r":19},"msg":"findPath: no valid path found"}
{"level":30,"time":1774382619995,"pid":1603593,"hostname":"TempleOfZyminx","from":{"q":5,"r":6},"to":{"q":13,"r":20},"msg":"findPath: no valid path found"}
{"level":30,"time":1774382619995,"pid":1603593,"hostname":"TempleOfZyminx","from":{"q":5,"r":6},"to":{"q":13,"r":21},"msg":"findPath: no valid path found"}
{"level":30,"time":1774382619995,"pid":1603593,"hostname":"TempleOfZyminx","from":{"q":5,"r":6},"to":{"q":14,"r":0},"msg":"findPath: no valid path found"}
{"level":30,"time":1774382619995,"pid":1603593,"hostname":"TempleOfZyminx","from":{"q":5,"r":6},"to":{"q":14,"r":1},"msg":"findPath: no valid path found"}
{"level":30,"time":1774382619995,"pid":1603593,"hostname":"TempleOfZyminx","from":{"q":5,"r":6},"to":{"q":14,"r":2},"msg":"findPath: no valid path found"}
{"level":30,"time":1774382619995,"pid":1603593,"hostname":"TempleOfZyminx","from":{"q":5,"r":6},"to":{"q":14,"r":3},"msg":"findPath: no valid path found"}
{"level":30,"time":1774382619996,"pid":1603593,"hostname":"TempleOfZyminx","from":{"q":5,"r":6},"to":{"q":14,"r":4},"msg":"findPath: no valid path found"}
{"level":30,"time":1774382619996,"pid":1603593,"hostname":"TempleOfZyminx","from":{"q":5,"r":6},"to":{"q":14,"r":5},"msg":"findPath: no valid path found"}
{"level":30,"time":1774382619996,"pid":1603593,"hostname":"TempleOfZyminx","from":{"q":5,"r":6},"to":{"q":14,"r":6},"msg":"findPath: no valid path found"}
{"level":30,"time":1774382619996,"pid":1603593,"hostname":"TempleOfZyminx","from":{"q":5,"r":6},"to":{"q":14,"r":7},"msg":"findPath: no valid path found"}
{"level":30,"time":1774382619996,"pid":1603593,"hostname":"TempleOfZyminx","from":{"q":5,"r":6},"to":{"q":14,"r":8},"msg":"findPath: no valid path found"}
{"level":30,"time":1774382619996,"pid":1603593,"hostname":"TempleOfZyminx","from":{"q":5,"r":6},"to":{"q":14,"r":9},"msg":"findPath: no valid path found"}
{"level":30,"time":1774382619996,"pid":1603593,"hostname":"TempleOfZyminx","from":{"q":5,"r":6},"to":{"q":14,"r":10},"msg":"findPath: no valid path found"}
{"level":30,"time":1774382619996,"pid":1603593,"hostname":"TempleOfZyminx","from":{"q":5,"r":6},"to":{"q":14,"r":11},"msg":"findPath: no valid path found"}
{"level":30,"time":1774382619996,"pid":1603593,"hostname":"TempleOfZyminx","from":{"q":5,"r":6},"to":{"q":14,"r":12},"msg":"findPath: no valid path found"}
{"level":30,"time":1774382619996,"pid":1603593,"hostname":"TempleOfZyminx","from":{"q":5,"r":6},"to":{"q":14,"r":13},"msg":"findPath: no valid path found"}
{"level":30,"time":1774382619996,"pid":1603593,"hostname":"TempleOfZyminx","from":{"q":5,"r":6},"to":{"q":14,"r":14},"msg":"findPath: no valid path found"}
{"level":30,"time":1774382619996,"pid":1603593,"hostname":"TempleOfZyminx","from":{"q":5,"r":6},"to":{"q":14,"r":15},"msg":"findPath: no valid path found"}
{"level":30,"time":1774382619996,"pid":1603593,"hostname":"TempleOfZyminx","from":{"q":5,"r":6},"to":{"q":14,"r":16},"msg":"findPath: no valid path found"}
{"level":30,"time":1774382619997,"pid":1603593,"hostname":"TempleOfZyminx","from":{"q":5,"r":6},"to":{"q":14,"r":17},"msg":"findPath: no valid path found"}
{"level":30,"time":1774382619997,"pid":1603593,"hostname":"TempleOfZyminx","from":{"q":5,"r":6},"to":{"q":14,"r":18},"msg":"findPath: no valid path found"}
{"level":30,"time":1774382619997,"pid":1603593,"hostname":"TempleOfZyminx","from":{"q":5,"r":6},"to":{"q":14,"r":19},"msg":"findPath: no valid path found"}
{"level":30,"time":1774382619997,"pid":1603593,"hostname":"TempleOfZyminx","from":{"q":5,"r":6},"to":{"q":14,"r":20},"msg":"findPath: no valid path found"}
{"level":30,"time":1774382619997,"pid":1603593,"hostname":"TempleOfZyminx","from":{"q":5,"r":6},"to":{"q":14,"r":21},"msg":"findPath: no valid path found"}
{"level":30,"time":1774382619997,"pid":1603593,"hostname":"TempleOfZyminx","id":"6cb5f8be-50c7-4c1a-8ab3-3087ef7c6a7e","command":"MOVE","msg":"Submitting game action"}
{"level":30,"time":1774382619997,"pid":1603593,"hostname":"TempleOfZyminx","gameId":"6cb5f8be-50c7-4c1a-8ab3-3087ef7c6a7e","unitId":"wolf-1","msg":"Processing MOVE command"}
{"level":30,"time":1774382619999,"pid":1603593,"hostname":"TempleOfZyminx","id":"6cb5f8be-50c7-4c1a-8ab3-3087ef7c6a7e","msg":"Fetching game state"}
{"level":30,"time":1774382619999,"pid":1603593,"hostname":"TempleOfZyminx","id":"6cb5f8be-50c7-4c1a-8ab3-3087ef7c6a7e","msg":"Fetching game state"}
{"level":30,"time":1774382620000,"pid":1603593,"hostname":"TempleOfZyminx","id":"6cb5f8be-50c7-4c1a-8ab3-3087ef7c6a7e","command":"END_PHASE","msg":"Submitting game action"}
{"level":30,"time":1774382620000,"pid":1603593,"hostname":"TempleOfZyminx","gameId":"6cb5f8be-50c7-4c1a-8ab3-3087ef7c6a7e","phase":"DEFENDER_MOVE","msg":"Advancing phase"}
{"level":30,"time":1774382620000,"pid":1603593,"hostname":"TempleOfZyminx","phase":"DEFENDER_MOVE","turnNumber":1,"msg":"Advancing phase in engine"}
{"level":30,"time":1774382620001,"pid":1603593,"hostname":"TempleOfZyminx","id":"6cb5f8be-50c7-4c1a-8ab3-3087ef7c6a7e","msg":"Fetching game state"}
{"level":30,"time":1774382620001,"pid":1603593,"hostname":"TempleOfZyminx","id":"6cb5f8be-50c7-4c1a-8ab3-3087ef7c6a7e","msg":"Fetching game state"}
{"level":30,"time":1774382620002,"pid":1603593,"hostname":"TempleOfZyminx","id":"6cb5f8be-50c7-4c1a-8ab3-3087ef7c6a7e","command":"FIRE","msg":"Submitting game action"}
{"level":30,"time":1774382620002,"pid":1603593,"hostname":"TempleOfZyminx","gameId":"6cb5f8be-50c7-4c1a-8ab3-3087ef7c6a7e","type":"FIRE","msg":"Processing combat command"}
{"level":30,"time":1774382620002,"pid":1603593,"hostname":"TempleOfZyminx","commandType":"FIRE","msg":"Validating combat action"}
{"level":30,"time":1774382620002,"pid":1603593,"hostname":"TempleOfZyminx","plan":{"actionType":"FIRE","actor":"defender","attackerIds":["pigs-1"],"target":{"kind":"treads","id":"onion-1"},"attackStrength":1,"defense":0},"msg":"Executing combat action"}
{"level":30,"time":1774382620004,"pid":1603593,"hostname":"TempleOfZyminx","id":"6cb5f8be-50c7-4c1a-8ab3-3087ef7c6a7e","command":"FIRE","msg":"Submitting game action"}
{"level":30,"time":1774382620004,"pid":1603593,"hostname":"TempleOfZyminx","gameId":"6cb5f8be-50c7-4c1a-8ab3-3087ef7c6a7e","type":"FIRE","msg":"Processing combat command"}
{"level":30,"time":1774382620004,"pid":1603593,"hostname":"TempleOfZyminx","commandType":"FIRE","msg":"Validating combat action"}
{"level":30,"time":1774382620004,"pid":1603593,"hostname":"TempleOfZyminx","plan":{"actionType":"FIRE","actor":"defender","attackerIds":["witch-1","wolf-1"],"target":{"kind":"weapon","id":"main"},"attackStrength":5,"defense":4},"msg":"Executing combat action"}
{"level":30,"time":1774382620005,"pid":1603593,"hostname":"TempleOfZyminx","id":"6cb5f8be-50c7-4c1a-8ab3-3087ef7c6a7e","msg":"Fetching game state"}
{"level":30,"time":1774382620005,"pid":1603593,"hostname":"TempleOfZyminx","id":"6cb5f8be-50c7-4c1a-8ab3-3087ef7c6a7e","command":"END_PHASE","msg":"Submitting game action"}
{"level":30,"time":1774382620005,"pid":1603593,"hostname":"TempleOfZyminx","gameId":"6cb5f8be-50c7-4c1a-8ab3-3087ef7c6a7e","phase":"DEFENDER_COMBAT","msg":"Advancing phase"}
{"level":30,"time":1774382620005,"pid":1603593,"hostname":"TempleOfZyminx","phase":"DEFENDER_COMBAT","turnNumber":1,"msg":"Advancing phase in engine"}
{"level":30,"time":1774382620006,"pid":1603593,"hostname":"TempleOfZyminx","id":"6cb5f8be-50c7-4c1a-8ab3-3087ef7c6a7e","msg":"Fetching game state"}
{"level":30,"time":1774382620006,"pid":1603593,"hostname":"TempleOfZyminx","id":"6cb5f8be-50c7-4c1a-8ab3-3087ef7c6a7e","msg":"Fetching game state"}
{"level":30,"time":1774382620007,"pid":1603593,"hostname":"TempleOfZyminx","from":{"q":4,"r":6},"to":{"q":0,"r":0},"msg":"findPath: no valid path found"}
{"level":30,"time":1774382620007,"pid":1603593,"hostname":"TempleOfZyminx","from":{"q":4,"r":6},"to":{"q":0,"r":1},"msg":"findPath: no valid path found"}
{"level":30,"time":1774382620007,"pid":1603593,"hostname":"TempleOfZyminx","from":{"q":4,"r":6},"to":{"q":0,"r":2},"msg":"findPath: no valid path found"}
{"level":30,"time":1774382620007,"pid":1603593,"hostname":"TempleOfZyminx","from":{"q":4,"r":6},"to":{"q":0,"r":3},"msg":"findPath: no valid path found"}
{"level":30,"time":1774382620007,"pid":1603593,"hostname":"TempleOfZyminx","from":{"q":4,"r":6},"to":{"q":0,"r":4},"msg":"findPath: no valid path found"}
{"level":30,"time":1774382620008,"pid":1603593,"hostname":"TempleOfZyminx","from":{"q":4,"r":6},"to":{"q":0,"r":5},"msg":"findPath: no valid path found"}
{"level":30,"time":1774382620008,"pid":1603593,"hostname":"TempleOfZyminx","from":{"q":4,"r":6},"to":{"q":0,"r":11},"msg":"findPath: no valid path found"}
{"level":30,"time":1774382620008,"pid":1603593,"hostname":"TempleOfZyminx","from":{"q":4,"r":6},"to":{"q":0,"r":12},"msg":"findPath: no valid path found"}
{"level":30,"time":1774382620008,"pid":1603593,"hostname":"TempleOfZyminx","from":{"q":4,"r":6},"to":{"q":0,"r":13},"msg":"findPath: no valid path found"}
{"level":30,"time":1774382620008,"pid":1603593,"hostname":"TempleOfZyminx","from":{"q":4,"r":6},"to":{"q":0,"r":14},"msg":"findPath: no valid path found"}
{"level":30,"time":1774382620008,"pid":1603593,"hostname":"TempleOfZyminx","from":{"q":4,"r":6},"to":{"q":0,"r":15},"msg":"findPath: no valid path found"}
{"level":30,"time":1774382620008,"pid":1603593,"hostname":"TempleOfZyminx","from":{"q":4,"r":6},"to":{"q":0,"r":16},"msg":"findPath: no valid path found"}
{"level":30,"time":1774382620008,"pid":1603593,"hostname":"TempleOfZyminx","from":{"q":4,"r":6},"to":{"q":0,"r":17},"msg":"findPath: no valid path found"}
{"level":30,"time":1774382620008,"pid":1603593,"hostname":"TempleOfZyminx","from":{"q":4,"r":6},"to":{"q":0,"r":18},"msg":"findPath: no valid path found"}
{"level":30,"time":1774382620008,"pid":1603593,"hostname":"TempleOfZyminx","from":{"q":4,"r":6},"to":{"q":0,"r":19},"msg":"findPath: no valid path found"}
{"level":30,"time":1774382620009,"pid":1603593,"hostname":"TempleOfZyminx","from":{"q":4,"r":6},"to":{"q":0,"r":20},"msg":"findPath: no valid path found"}
{"level":30,"time":1774382620009,"pid":1603593,"hostname":"TempleOfZyminx","from":{"q":4,"r":6},"to":{"q":0,"r":21},"msg":"findPath: no valid path found"}
{"level":30,"time":1774382620009,"pid":1603593,"hostname":"TempleOfZyminx","from":{"q":4,"r":6},"to":{"q":1,"r":0},"msg":"findPath: no valid path found"}
{"level":30,"time":1774382620009,"pid":1603593,"hostname":"TempleOfZyminx","from":{"q":4,"r":6},"to":{"q":1,"r":1},"msg":"findPath: no valid path found"}
{"level":30,"time":1774382620009,"pid":1603593,"hostname":"TempleOfZyminx","from":{"q":4,"r":6},"to":{"q":1,"r":2},"msg":"findPath: no valid path found"}
{"level":30,"time":1774382620009,"pid":1603593,"hostname":"TempleOfZyminx","from":{"q":4,"r":6},"to":{"q":1,"r":3},"msg":"findPath: no valid path found"}
{"level":30,"time":1774382620009,"pid":1603593,"hostname":"TempleOfZyminx","from":{"q":4,"r":6},"to":{"q":1,"r":4},"msg":"findPath: no valid path found"}
{"level":30,"time":1774382620009,"pid":1603593,"hostname":"TempleOfZyminx","from":{"q":4,"r":6},"to":{"q":1,"r":11},"msg":"findPath: no valid path found"}
{"level":30,"time":1774382620009,"pid":1603593,"hostname":"TempleOfZyminx","from":{"q":4,"r":6},"to":{"q":1,"r":12},"msg":"findPath: no valid path found"}
{"level":30,"time":1774382620010,"pid":1603593,"hostname":"TempleOfZyminx","from":{"q":4,"r":6},"to":{"q":1,"r":13},"msg":"findPath: no valid path found"}
{"level":30,"time":1774382620010,"pid":1603593,"hostname":"TempleOfZyminx","from":{"q":4,"r":6},"to":{"q":1,"r":14},"msg":"findPath: no valid path found"}
{"level":30,"time":1774382620010,"pid":1603593,"hostname":"TempleOfZyminx","from":{"q":4,"r":6},"to":{"q":1,"r":15},"msg":"findPath: no valid path found"}
{"level":30,"time":1774382620010,"pid":1603593,"hostname":"TempleOfZyminx","from":{"q":4,"r":6},"to":{"q":1,"r":16},"msg":"findPath: no valid path found"}
{"level":30,"time":1774382620010,"pid":1603593,"hostname":"TempleOfZyminx","from":{"q":4,"r":6},"to":{"q":1,"r":17},"msg":"findPath: no valid path found"}
{"level":30,"time":1774382620010,"pid":1603593,"hostname":"TempleOfZyminx","from":{"q":4,"r":6},"to":{"q":1,"r":18},"msg":"findPath: no valid path found"}
{"level":30,"time":1774382620010,"pid":1603593,"hostname":"TempleOfZyminx","from":{"q":4,"r":6},"to":{"q":1,"r":19},"msg":"findPath: no valid path found"}
{"level":30,"time":1774382620010,"pid":1603593,"hostname":"TempleOfZyminx","from":{"q":4,"r":6},"to":{"q":1,"r":20},"msg":"findPath: no valid path found"}
{"level":30,"time":1774382620010,"pid":1603593,"hostname":"TempleOfZyminx","from":{"q":4,"r":6},"to":{"q":1,"r":21},"msg":"findPath: no valid path found"}
{"level":30,"time":1774382620010,"pid":1603593,"hostname":"TempleOfZyminx","from":{"q":4,"r":6},"to":{"q":2,"r":0},"msg":"findPath: no valid path found"}
{"level":30,"time":1774382620010,"pid":1603593,"hostname":"TempleOfZyminx","from":{"q":4,"r":6},"to":{"q":2,"r":1},"msg":"findPath: no valid path found"}
{"level":30,"time":1774382620010,"pid":1603593,"hostname":"TempleOfZyminx","from":{"q":4,"r":6},"to":{"q":2,"r":2},"msg":"findPath: no valid path found"}
{"level":30,"time":1774382620011,"pid":1603593,"hostname":"TempleOfZyminx","from":{"q":4,"r":6},"to":{"q":2,"r":3},"msg":"findPath: no valid path found"}
{"level":30,"time":1774382620011,"pid":1603593,"hostname":"TempleOfZyminx","from":{"q":4,"r":6},"to":{"q":2,"r":11},"msg":"findPath: no valid path found"}
{"level":30,"time":1774382620011,"pid":1603593,"hostname":"TempleOfZyminx","from":{"q":4,"r":6},"to":{"q":2,"r":12},"msg":"findPath: no valid path found"}
{"level":30,"time":1774382620011,"pid":1603593,"hostname":"TempleOfZyminx","from":{"q":4,"r":6},"to":{"q":2,"r":13},"msg":"findPath: no valid path found"}
{"level":30,"time":1774382620011,"pid":1603593,"hostname":"TempleOfZyminx","from":{"q":4,"r":6},"to":{"q":2,"r":14},"msg":"findPath: no valid path found"}
{"level":30,"time":1774382620011,"pid":1603593,"hostname":"TempleOfZyminx","from":{"q":4,"r":6},"to":{"q":2,"r":15},"msg":"findPath: no valid path found"}
{"level":30,"time":1774382620011,"pid":1603593,"hostname":"TempleOfZyminx","from":{"q":4,"r":6},"to":{"q":2,"r":16},"msg":"findPath: no valid path found"}
{"level":30,"time":1774382620011,"pid":1603593,"hostname":"TempleOfZyminx","from":{"q":4,"r":6},"to":{"q":2,"r":17},"msg":"findPath: no valid path found"}
{"level":30,"time":1774382620011,"pid":1603593,"hostname":"TempleOfZyminx","from":{"q":4,"r":6},"to":{"q":2,"r":18},"msg":"findPath: no valid path found"}
{"level":30,"time":1774382620011,"pid":1603593,"hostname":"TempleOfZyminx","from":{"q":4,"r":6},"to":{"q":2,"r":19},"msg":"findPath: no valid path found"}
{"level":30,"time":1774382620011,"pid":1603593,"hostname":"TempleOfZyminx","from":{"q":4,"r":6},"to":{"q":2,"r":20},"msg":"findPath: no valid path found"}
{"level":30,"time":1774382620012,"pid":1603593,"hostname":"TempleOfZyminx","from":{"q":4,"r":6},"to":{"q":2,"r":21},"msg":"findPath: no valid path found"}
{"level":30,"time":1774382620012,"pid":1603593,"hostname":"TempleOfZyminx","from":{"q":4,"r":6},"to":{"q":3,"r":0},"msg":"findPath: no valid path found"}
{"level":30,"time":1774382620012,"pid":1603593,"hostname":"TempleOfZyminx","from":{"q":4,"r":6},"to":{"q":3,"r":1},"msg":"findPath: no valid path found"}
{"level":30,"time":1774382620012,"pid":1603593,"hostname":"TempleOfZyminx","from":{"q":4,"r":6},"to":{"q":3,"r":2},"msg":"findPath: no valid path found"}
{"level":30,"time":1774382620012,"pid":1603593,"hostname":"TempleOfZyminx","from":{"q":4,"r":6},"to":{"q":3,"r":8},"msg":"findPath: no valid path found"}
{"level":30,"time":1774382620012,"pid":1603593,"hostname":"TempleOfZyminx","from":{"q":4,"r":6},"to":{"q":3,"r":10},"msg":"findPath: no valid path found"}
{"level":30,"time":1774382620012,"pid":1603593,"hostname":"TempleOfZyminx","from":{"q":4,"r":6},"to":{"q":3,"r":11},"msg":"findPath: no valid path found"}
{"level":30,"time":1774382620012,"pid":1603593,"hostname":"TempleOfZyminx","from":{"q":4,"r":6},"to":{"q":3,"r":12},"msg":"findPath: no valid path found"}
{"level":30,"time":1774382620012,"pid":1603593,"hostname":"TempleOfZyminx","from":{"q":4,"r":6},"to":{"q":3,"r":13},"msg":"findPath: no valid path found"}
{"level":30,"time":1774382620013,"pid":1603593,"hostname":"TempleOfZyminx","from":{"q":4,"r":6},"to":{"q":3,"r":14},"msg":"findPath: no valid path found"}
{"level":30,"time":1774382620013,"pid":1603593,"hostname":"TempleOfZyminx","from":{"q":4,"r":6},"to":{"q":3,"r":15},"msg":"findPath: no valid path found"}
{"level":30,"time":1774382620013,"pid":1603593,"hostname":"TempleOfZyminx","from":{"q":4,"r":6},"to":{"q":3,"r":16},"msg":"findPath: no valid path found"}
{"level":30,"time":1774382620013,"pid":1603593,"hostname":"TempleOfZyminx","from":{"q":4,"r":6},"to":{"q":3,"r":17},"msg":"findPath: no valid path found"}
{"level":30,"time":1774382620013,"pid":1603593,"hostname":"TempleOfZyminx","from":{"q":4,"r":6},"to":{"q":3,"r":18},"msg":"findPath: no valid path found"}
{"level":30,"time":1774382620013,"pid":1603593,"hostname":"TempleOfZyminx","from":{"q":4,"r":6},"to":{"q":3,"r":19},"msg":"findPath: no valid path found"}
{"level":30,"time":1774382620013,"pid":1603593,"hostname":"TempleOfZyminx","from":{"q":4,"r":6},"to":{"q":3,"r":20},"msg":"findPath: no valid path found"}
{"level":30,"time":1774382620013,"pid":1603593,"hostname":"TempleOfZyminx","from":{"q":4,"r":6},"to":{"q":3,"r":21},"msg":"findPath: no valid path found"}
{"level":30,"time":1774382620013,"pid":1603593,"hostname":"TempleOfZyminx","from":{"q":4,"r":6},"to":{"q":4,"r":0},"msg":"findPath: no valid path found"}
{"level":30,"time":1774382620013,"pid":1603593,"hostname":"TempleOfZyminx","from":{"q":4,"r":6},"to":{"q":4,"r":1},"msg":"findPath: no valid path found"}
{"level":30,"time":1774382620014,"pid":1603593,"hostname":"TempleOfZyminx","from":{"q":4,"r":6},"to":{"q":4,"r":8},"msg":"findPath: no valid path found"}
{"level":30,"time":1774382620014,"pid":1603593,"hostname":"TempleOfZyminx","from":{"q":4,"r":6},"to":{"q":4,"r":10},"msg":"findPath: no valid path found"}
{"level":30,"time":1774382620014,"pid":1603593,"hostname":"TempleOfZyminx","from":{"q":4,"r":6},"to":{"q":4,"r":11},"msg":"findPath: no valid path found"}
{"level":30,"time":1774382620014,"pid":1603593,"hostname":"TempleOfZyminx","from":{"q":4,"r":6},"to":{"q":4,"r":12},"msg":"findPath: no valid path found"}
{"level":30,"time":1774382620014,"pid":1603593,"hostname":"TempleOfZyminx","from":{"q":4,"r":6},"to":{"q":4,"r":13},"msg":"findPath: no valid path found"}
{"level":30,"time":1774382620014,"pid":1603593,"hostname":"TempleOfZyminx","from":{"q":4,"r":6},"to":{"q":4,"r":14},"msg":"findPath: no valid path found"}
{"level":30,"time":1774382620014,"pid":1603593,"hostname":"TempleOfZyminx","from":{"q":4,"r":6},"to":{"q":4,"r":15},"msg":"findPath: no valid path found"}
{"level":30,"time":1774382620014,"pid":1603593,"hostname":"TempleOfZyminx","from":{"q":4,"r":6},"to":{"q":4,"r":16},"msg":"findPath: no valid path found"}
{"level":30,"time":1774382620014,"pid":1603593,"hostname":"TempleOfZyminx","from":{"q":4,"r":6},"to":{"q":4,"r":17},"msg":"findPath: no valid path found"}
{"level":30,"time":1774382620015,"pid":1603593,"hostname":"TempleOfZyminx","from":{"q":4,"r":6},"to":{"q":4,"r":18},"msg":"findPath: no valid path found"}
{"level":30,"time":1774382620015,"pid":1603593,"hostname":"TempleOfZyminx","from":{"q":4,"r":6},"to":{"q":4,"r":19},"msg":"findPath: no valid path found"}
{"level":30,"time":1774382620015,"pid":1603593,"hostname":"TempleOfZyminx","from":{"q":4,"r":6},"to":{"q":4,"r":20},"msg":"findPath: no valid path found"}
{"level":30,"time":1774382620015,"pid":1603593,"hostname":"TempleOfZyminx","from":{"q":4,"r":6},"to":{"q":4,"r":21},"msg":"findPath: no valid path found"}
{"level":30,"time":1774382620015,"pid":1603593,"hostname":"TempleOfZyminx","from":{"q":4,"r":6},"to":{"q":5,"r":0},"msg":"findPath: no valid path found"}
{"level":30,"time":1774382620015,"pid":1603593,"hostname":"TempleOfZyminx","from":{"q":4,"r":6},"to":{"q":5,"r":1},"msg":"findPath: no valid path found"}
{"level":30,"time":1774382620015,"pid":1603593,"hostname":"TempleOfZyminx","from":{"q":4,"r":6},"to":{"q":5,"r":2},"msg":"findPath: no valid path found"}
{"level":30,"time":1774382620015,"pid":1603593,"hostname":"TempleOfZyminx","from":{"q":4,"r":6},"to":{"q":5,"r":10},"msg":"findPath: no valid path found"}
{"level":30,"time":1774382620015,"pid":1603593,"hostname":"TempleOfZyminx","from":{"q":4,"r":6},"to":{"q":5,"r":11},"msg":"findPath: no valid path found"}
{"level":30,"time":1774382620015,"pid":1603593,"hostname":"TempleOfZyminx","from":{"q":4,"r":6},"to":{"q":5,"r":12},"msg":"findPath: no valid path found"}
{"level":30,"time":1774382620015,"pid":1603593,"hostname":"TempleOfZyminx","from":{"q":4,"r":6},"to":{"q":5,"r":13},"msg":"findPath: no valid path found"}
{"level":30,"time":1774382620015,"pid":1603593,"hostname":"TempleOfZyminx","from":{"q":4,"r":6},"to":{"q":5,"r":14},"msg":"findPath: no valid path found"}
{"level":30,"time":1774382620016,"pid":1603593,"hostname":"TempleOfZyminx","from":{"q":4,"r":6},"to":{"q":5,"r":15},"msg":"findPath: no valid path found"}
{"level":30,"time":1774382620016,"pid":1603593,"hostname":"TempleOfZyminx","from":{"q":4,"r":6},"to":{"q":5,"r":16},"msg":"findPath: no valid path found"}
{"level":30,"time":1774382620016,"pid":1603593,"hostname":"TempleOfZyminx","from":{"q":4,"r":6},"to":{"q":5,"r":17},"msg":"findPath: no valid path found"}
{"level":30,"time":1774382620016,"pid":1603593,"hostname":"TempleOfZyminx","from":{"q":4,"r":6},"to":{"q":5,"r":18},"msg":"findPath: no valid path found"}
{"level":30,"time":1774382620016,"pid":1603593,"hostname":"TempleOfZyminx","from":{"q":4,"r":6},"to":{"q":5,"r":19},"msg":"findPath: no valid path found"}
{"level":30,"time":1774382620016,"pid":1603593,"hostname":"TempleOfZyminx","from":{"q":4,"r":6},"to":{"q":5,"r":20},"msg":"findPath: no valid path found"}
{"level":30,"time":1774382620016,"pid":1603593,"hostname":"TempleOfZyminx","from":{"q":4,"r":6},"to":{"q":5,"r":21},"msg":"findPath: no valid path found"}
{"level":30,"time":1774382620016,"pid":1603593,"hostname":"TempleOfZyminx","from":{"q":4,"r":6},"to":{"q":6,"r":0},"msg":"findPath: no valid path found"}
{"level":30,"time":1774382620016,"pid":1603593,"hostname":"TempleOfZyminx","from":{"q":4,"r":6},"to":{"q":6,"r":1},"msg":"findPath: no valid path found"}
{"level":30,"time":1774382620016,"pid":1603593,"hostname":"TempleOfZyminx","from":{"q":4,"r":6},"to":{"q":6,"r":9},"msg":"findPath: no valid path found"}
{"level":30,"time":1774382620017,"pid":1603593,"hostname":"TempleOfZyminx","from":{"q":4,"r":6},"to":{"q":6,"r":10},"msg":"findPath: no valid path found"}
{"level":30,"time":1774382620017,"pid":1603593,"hostname":"TempleOfZyminx","from":{"q":4,"r":6},"to":{"q":6,"r":11},"msg":"findPath: no valid path found"}
{"level":30,"time":1774382620017,"pid":1603593,"hostname":"TempleOfZyminx","from":{"q":4,"r":6},"to":{"q":6,"r":12},"msg":"findPath: no valid path found"}
{"level":30,"time":1774382620017,"pid":1603593,"hostname":"TempleOfZyminx","from":{"q":4,"r":6},"to":{"q":6,"r":13},"msg":"findPath: no valid path found"}
{"level":30,"time":1774382620017,"pid":1603593,"hostname":"TempleOfZyminx","from":{"q":4,"r":6},"to":{"q":6,"r":14},"msg":"findPath: no valid path found"}
{"level":30,"time":1774382620017,"pid":1603593,"hostname":"TempleOfZyminx","from":{"q":4,"r":6},"to":{"q":6,"r":15},"msg":"findPath: no valid path found"}
{"level":30,"time":1774382620017,"pid":1603593,"hostname":"TempleOfZyminx","from":{"q":4,"r":6},"to":{"q":6,"r":16},"msg":"findPath: no valid path found"}
{"level":30,"time":1774382620017,"pid":1603593,"hostname":"TempleOfZyminx","from":{"q":4,"r":6},"to":{"q":6,"r":17},"msg":"findPath: no valid path found"}
{"level":30,"time":1774382620017,"pid":1603593,"hostname":"TempleOfZyminx","from":{"q":4,"r":6},"to":{"q":6,"r":18},"msg":"findPath: no valid path found"}
{"level":30,"time":1774382620017,"pid":1603593,"hostname":"TempleOfZyminx","from":{"q":4,"r":6},"to":{"q":6,"r":19},"msg":"findPath: no valid path found"}
{"level":30,"time":1774382620017,"pid":1603593,"hostname":"TempleOfZyminx","from":{"q":4,"r":6},"to":{"q":6,"r":20},"msg":"findPath: no valid path found"}
{"level":30,"time":1774382620017,"pid":1603593,"hostname":"TempleOfZyminx","from":{"q":4,"r":6},"to":{"q":6,"r":21},"msg":"findPath: no valid path found"}
{"level":30,"time":1774382620017,"pid":1603593,"hostname":"TempleOfZyminx","from":{"q":4,"r":6},"to":{"q":7,"r":0},"msg":"findPath: no valid path found"}
{"level":30,"time":1774382620018,"pid":1603593,"hostname":"TempleOfZyminx","from":{"q":4,"r":6},"to":{"q":7,"r":1},"msg":"findPath: no valid path found"}
{"level":30,"time":1774382620018,"pid":1603593,"hostname":"TempleOfZyminx","from":{"q":4,"r":6},"to":{"q":7,"r":8},"msg":"findPath: no valid path found"}
{"level":30,"time":1774382620018,"pid":1603593,"hostname":"TempleOfZyminx","from":{"q":4,"r":6},"to":{"q":7,"r":9},"msg":"findPath: no valid path found"}
{"level":30,"time":1774382620018,"pid":1603593,"hostname":"TempleOfZyminx","from":{"q":4,"r":6},"to":{"q":7,"r":10},"msg":"findPath: no valid path found"}
{"level":30,"time":1774382620018,"pid":1603593,"hostname":"TempleOfZyminx","from":{"q":4,"r":6},"to":{"q":7,"r":11},"msg":"findPath: no valid path found"}
{"level":30,"time":1774382620019,"pid":1603593,"hostname":"TempleOfZyminx","from":{"q":4,"r":6},"to":{"q":7,"r":12},"msg":"findPath: no valid path found"}
{"level":30,"time":1774382620019,"pid":1603593,"hostname":"TempleOfZyminx","from":{"q":4,"r":6},"to":{"q":7,"r":13},"msg":"findPath: no valid path found"}
{"level":30,"time":1774382620019,"pid":1603593,"hostname":"TempleOfZyminx","from":{"q":4,"r":6},"to":{"q":7,"r":14},"msg":"findPath: no valid path found"}
{"level":30,"time":1774382620019,"pid":1603593,"hostname":"TempleOfZyminx","from":{"q":4,"r":6},"to":{"q":7,"r":15},"msg":"findPath: no valid path found"}
{"level":30,"time":1774382620019,"pid":1603593,"hostname":"TempleOfZyminx","from":{"q":4,"r":6},"to":{"q":7,"r":16},"msg":"findPath: no valid path found"}
{"level":30,"time":1774382620019,"pid":1603593,"hostname":"TempleOfZyminx","from":{"q":4,"r":6},"to":{"q":7,"r":17},"msg":"findPath: no valid path found"}
{"level":30,"time":1774382620019,"pid":1603593,"hostname":"TempleOfZyminx","from":{"q":4,"r":6},"to":{"q":7,"r":18},"msg":"findPath: no valid path found"}
{"level":30,"time":1774382620019,"pid":1603593,"hostname":"TempleOfZyminx","from":{"q":4,"r":6},"to":{"q":7,"r":19},"msg":"findPath: no valid path found"}
{"level":30,"time":1774382620019,"pid":1603593,"hostname":"TempleOfZyminx","from":{"q":4,"r":6},"to":{"q":7,"r":20},"msg":"findPath: no valid path found"}
{"level":30,"time":1774382620019,"pid":1603593,"hostname":"TempleOfZyminx","from":{"q":4,"r":6},"to":{"q":7,"r":21},"msg":"findPath: no valid path found"}
{"level":30,"time":1774382620019,"pid":1603593,"hostname":"TempleOfZyminx","from":{"q":4,"r":6},"to":{"q":8,"r":0},"msg":"findPath: no valid path found"}
{"level":30,"time":1774382620019,"pid":1603593,"hostname":"TempleOfZyminx","from":{"q":4,"r":6},"to":{"q":8,"r":1},"msg":"findPath: no valid path found"}
{"level":30,"time":1774382620020,"pid":1603593,"hostname":"TempleOfZyminx","from":{"q":4,"r":6},"to":{"q":8,"r":7},"msg":"findPath: no valid path found"}
{"level":30,"time":1774382620020,"pid":1603593,"hostname":"TempleOfZyminx","from":{"q":4,"r":6},"to":{"q":8,"r":8},"msg":"findPath: no valid path found"}
{"level":30,"time":1774382620020,"pid":1603593,"hostname":"TempleOfZyminx","from":{"q":4,"r":6},"to":{"q":8,"r":9},"msg":"findPath: no valid path found"}
{"level":30,"time":1774382620020,"pid":1603593,"hostname":"TempleOfZyminx","from":{"q":4,"r":6},"to":{"q":8,"r":10},"msg":"findPath: no valid path found"}
{"level":30,"time":1774382620020,"pid":1603593,"hostname":"TempleOfZyminx","from":{"q":4,"r":6},"to":{"q":8,"r":11},"msg":"findPath: no valid path found"}
{"level":30,"time":1774382620020,"pid":1603593,"hostname":"TempleOfZyminx","from":{"q":4,"r":6},"to":{"q":8,"r":12},"msg":"findPath: no valid path found"}
{"level":30,"time":1774382620020,"pid":1603593,"hostname":"TempleOfZyminx","from":{"q":4,"r":6},"to":{"q":8,"r":13},"msg":"findPath: no valid path found"}
{"level":30,"time":1774382620020,"pid":1603593,"hostname":"TempleOfZyminx","from":{"q":4,"r":6},"to":{"q":8,"r":14},"msg":"findPath: no valid path found"}
{"level":30,"time":1774382620020,"pid":1603593,"hostname":"TempleOfZyminx","from":{"q":4,"r":6},"to":{"q":8,"r":15},"msg":"findPath: no valid path found"}
{"level":30,"time":1774382620021,"pid":1603593,"hostname":"TempleOfZyminx","from":{"q":4,"r":6},"to":{"q":8,"r":16},"msg":"findPath: no valid path found"}
{"level":30,"time":1774382620021,"pid":1603593,"hostname":"TempleOfZyminx","from":{"q":4,"r":6},"to":{"q":8,"r":17},"msg":"findPath: no valid path found"}
{"level":30,"time":1774382620021,"pid":1603593,"hostname":"TempleOfZyminx","from":{"q":4,"r":6},"to":{"q":8,"r":18},"msg":"findPath: no valid path found"}
{"level":30,"time":1774382620021,"pid":1603593,"hostname":"TempleOfZyminx","from":{"q":4,"r":6},"to":{"q":8,"r":19},"msg":"findPath: no valid path found"}
{"level":30,"time":1774382620021,"pid":1603593,"hostname":"TempleOfZyminx","from":{"q":4,"r":6},"to":{"q":8,"r":20},"msg":"findPath: no valid path found"}
{"level":30,"time":1774382620021,"pid":1603593,"hostname":"TempleOfZyminx","from":{"q":4,"r":6},"to":{"q":8,"r":21},"msg":"findPath: no valid path found"}
{"level":30,"time":1774382620021,"pid":1603593,"hostname":"TempleOfZyminx","from":{"q":4,"r":6},"to":{"q":9,"r":0},"msg":"findPath: no valid path found"}
{"level":30,"time":1774382620021,"pid":1603593,"hostname":"TempleOfZyminx","from":{"q":4,"r":6},"to":{"q":9,"r":1},"msg":"findPath: no valid path found"}
{"level":30,"time":1774382620021,"pid":1603593,"hostname":"TempleOfZyminx","from":{"q":4,"r":6},"to":{"q":9,"r":2},"msg":"findPath: no valid path found"}
{"level":30,"time":1774382620021,"pid":1603593,"hostname":"TempleOfZyminx","from":{"q":4,"r":6},"to":{"q":9,"r":3},"msg":"findPath: no valid path found"}
{"level":30,"time":1774382620021,"pid":1603593,"hostname":"TempleOfZyminx","from":{"q":4,"r":6},"to":{"q":9,"r":4},"msg":"findPath: no valid path found"}
{"level":30,"time":1774382620022,"pid":1603593,"hostname":"TempleOfZyminx","from":{"q":4,"r":6},"to":{"q":9,"r":5},"msg":"findPath: no valid path found"}
{"level":30,"time":1774382620022,"pid":1603593,"hostname":"TempleOfZyminx","from":{"q":4,"r":6},"to":{"q":9,"r":6},"msg":"findPath: no valid path found"}
{"level":30,"time":1774382620022,"pid":1603593,"hostname":"TempleOfZyminx","from":{"q":4,"r":6},"to":{"q":9,"r":7},"msg":"findPath: no valid path found"}
{"level":30,"time":1774382620022,"pid":1603593,"hostname":"TempleOfZyminx","from":{"q":4,"r":6},"to":{"q":9,"r":8},"msg":"findPath: no valid path found"}
{"level":30,"time":1774382620022,"pid":1603593,"hostname":"TempleOfZyminx","from":{"q":4,"r":6},"to":{"q":9,"r":9},"msg":"findPath: no valid path found"}
{"level":30,"time":1774382620022,"pid":1603593,"hostname":"TempleOfZyminx","from":{"q":4,"r":6},"to":{"q":9,"r":10},"msg":"findPath: no valid path found"}
{"level":30,"time":1774382620022,"pid":1603593,"hostname":"TempleOfZyminx","from":{"q":4,"r":6},"to":{"q":9,"r":11},"msg":"findPath: no valid path found"}
{"level":30,"time":1774382620022,"pid":1603593,"hostname":"TempleOfZyminx","from":{"q":4,"r":6},"to":{"q":9,"r":12},"msg":"findPath: no valid path found"}
{"level":30,"time":1774382620022,"pid":1603593,"hostname":"TempleOfZyminx","from":{"q":4,"r":6},"to":{"q":9,"r":13},"msg":"findPath: no valid path found"}
{"level":30,"time":1774382620022,"pid":1603593,"hostname":"TempleOfZyminx","from":{"q":4,"r":6},"to":{"q":9,"r":14},"msg":"findPath: no valid path found"}
{"level":30,"time":1774382620022,"pid":1603593,"hostname":"TempleOfZyminx","from":{"q":4,"r":6},"to":{"q":9,"r":15},"msg":"findPath: no valid path found"}
{"level":30,"time":1774382620022,"pid":1603593,"hostname":"TempleOfZyminx","from":{"q":4,"r":6},"to":{"q":9,"r":16},"msg":"findPath: no valid path found"}
{"level":30,"time":1774382620022,"pid":1603593,"hostname":"TempleOfZyminx","from":{"q":4,"r":6},"to":{"q":9,"r":17},"msg":"findPath: no valid path found"}
{"level":30,"time":1774382620022,"pid":1603593,"hostname":"TempleOfZyminx","from":{"q":4,"r":6},"to":{"q":9,"r":18},"msg":"findPath: no valid path found"}
{"level":30,"time":1774382620023,"pid":1603593,"hostname":"TempleOfZyminx","from":{"q":4,"r":6},"to":{"q":9,"r":19},"msg":"findPath: no valid path found"}
{"level":30,"time":1774382620023,"pid":1603593,"hostname":"TempleOfZyminx","from":{"q":4,"r":6},"to":{"q":9,"r":20},"msg":"findPath: no valid path found"}
{"level":30,"time":1774382620023,"pid":1603593,"hostname":"TempleOfZyminx","from":{"q":4,"r":6},"to":{"q":9,"r":21},"msg":"findPath: no valid path found"}
{"level":30,"time":1774382620023,"pid":1603593,"hostname":"TempleOfZyminx","from":{"q":4,"r":6},"to":{"q":10,"r":0},"msg":"findPath: no valid path found"}
{"level":30,"time":1774382620023,"pid":1603593,"hostname":"TempleOfZyminx","from":{"q":4,"r":6},"to":{"q":10,"r":1},"msg":"findPath: no valid path found"}
{"level":30,"time":1774382620023,"pid":1603593,"hostname":"TempleOfZyminx","from":{"q":4,"r":6},"to":{"q":10,"r":2},"msg":"findPath: no valid path found"}
{"level":30,"time":1774382620023,"pid":1603593,"hostname":"TempleOfZyminx","from":{"q":4,"r":6},"to":{"q":10,"r":3},"msg":"findPath: no valid path found"}
{"level":30,"time":1774382620023,"pid":1603593,"hostname":"TempleOfZyminx","from":{"q":4,"r":6},"to":{"q":10,"r":4},"msg":"findPath: no valid path found"}
{"level":30,"time":1774382620023,"pid":1603593,"hostname":"TempleOfZyminx","from":{"q":4,"r":6},"to":{"q":10,"r":5},"msg":"findPath: no valid path found"}
{"level":30,"time":1774382620023,"pid":1603593,"hostname":"TempleOfZyminx","from":{"q":4,"r":6},"to":{"q":10,"r":6},"msg":"findPath: no valid path found"}
{"level":30,"time":1774382620023,"pid":1603593,"hostname":"TempleOfZyminx","from":{"q":4,"r":6},"to":{"q":10,"r":7},"msg":"findPath: no valid path found"}
{"level":30,"time":1774382620023,"pid":1603593,"hostname":"TempleOfZyminx","from":{"q":4,"r":6},"to":{"q":10,"r":8},"msg":"findPath: no valid path found"}
{"level":30,"time":1774382620023,"pid":1603593,"hostname":"TempleOfZyminx","from":{"q":4,"r":6},"to":{"q":10,"r":9},"msg":"findPath: no valid path found"}
{"level":30,"time":1774382620024,"pid":1603593,"hostname":"TempleOfZyminx","from":{"q":4,"r":6},"to":{"q":10,"r":10},"msg":"findPath: no valid path found"}
{"level":30,"time":1774382620024,"pid":1603593,"hostname":"TempleOfZyminx","from":{"q":4,"r":6},"to":{"q":10,"r":11},"msg":"findPath: no valid path found"}
{"level":30,"time":1774382620024,"pid":1603593,"hostname":"TempleOfZyminx","from":{"q":4,"r":6},"to":{"q":10,"r":12},"msg":"findPath: no valid path found"}
{"level":30,"time":1774382620024,"pid":1603593,"hostname":"TempleOfZyminx","from":{"q":4,"r":6},"to":{"q":10,"r":13},"msg":"findPath: no valid path found"}
{"level":30,"time":1774382620024,"pid":1603593,"hostname":"TempleOfZyminx","from":{"q":4,"r":6},"to":{"q":10,"r":14},"msg":"findPath: no valid path found"}
{"level":30,"time":1774382620024,"pid":1603593,"hostname":"TempleOfZyminx","from":{"q":4,"r":6},"to":{"q":10,"r":15},"msg":"findPath: no valid path found"}
{"level":30,"time":1774382620024,"pid":1603593,"hostname":"TempleOfZyminx","from":{"q":4,"r":6},"to":{"q":10,"r":16},"msg":"findPath: no valid path found"}
{"level":30,"time":1774382620024,"pid":1603593,"hostname":"TempleOfZyminx","from":{"q":4,"r":6},"to":{"q":10,"r":17},"msg":"findPath: no valid path found"}
{"level":30,"time":1774382620024,"pid":1603593,"hostname":"TempleOfZyminx","from":{"q":4,"r":6},"to":{"q":10,"r":18},"msg":"findPath: no valid path found"}
{"level":30,"time":1774382620024,"pid":1603593,"hostname":"TempleOfZyminx","from":{"q":4,"r":6},"to":{"q":10,"r":19},"msg":"findPath: no valid path found"}
{"level":30,"time":1774382620024,"pid":1603593,"hostname":"TempleOfZyminx","from":{"q":4,"r":6},"to":{"q":10,"r":20},"msg":"findPath: no valid path found"}
{"level":30,"time":1774382620024,"pid":1603593,"hostname":"TempleOfZyminx","from":{"q":4,"r":6},"to":{"q":10,"r":21},"msg":"findPath: no valid path found"}
{"level":30,"time":1774382620024,"pid":1603593,"hostname":"TempleOfZyminx","from":{"q":4,"r":6},"to":{"q":11,"r":0},"msg":"findPath: no valid path found"}
{"level":30,"time":1774382620024,"pid":1603593,"hostname":"TempleOfZyminx","from":{"q":4,"r":6},"to":{"q":11,"r":1},"msg":"findPath: no valid path found"}
{"level":30,"time":1774382620025,"pid":1603593,"hostname":"TempleOfZyminx","from":{"q":4,"r":6},"to":{"q":11,"r":2},"msg":"findPath: no valid path found"}
{"level":30,"time":1774382620025,"pid":1603593,"hostname":"TempleOfZyminx","from":{"q":4,"r":6},"to":{"q":11,"r":3},"msg":"findPath: no valid path found"}
{"level":30,"time":1774382620025,"pid":1603593,"hostname":"TempleOfZyminx","from":{"q":4,"r":6},"to":{"q":11,"r":4},"msg":"findPath: no valid path found"}
{"level":30,"time":1774382620025,"pid":1603593,"hostname":"TempleOfZyminx","from":{"q":4,"r":6},"to":{"q":11,"r":5},"msg":"findPath: no valid path found"}
{"level":30,"time":1774382620025,"pid":1603593,"hostname":"TempleOfZyminx","from":{"q":4,"r":6},"to":{"q":11,"r":6},"msg":"findPath: no valid path found"}
{"level":30,"time":1774382620025,"pid":1603593,"hostname":"TempleOfZyminx","from":{"q":4,"r":6},"to":{"q":11,"r":7},"msg":"findPath: no valid path found"}
{"level":30,"time":1774382620025,"pid":1603593,"hostname":"TempleOfZyminx","from":{"q":4,"r":6},"to":{"q":11,"r":8},"msg":"findPath: no valid path found"}
{"level":30,"time":1774382620025,"pid":1603593,"hostname":"TempleOfZyminx","from":{"q":4,"r":6},"to":{"q":11,"r":9},"msg":"findPath: no valid path found"}
{"level":30,"time":1774382620025,"pid":1603593,"hostname":"TempleOfZyminx","from":{"q":4,"r":6},"to":{"q":11,"r":10},"msg":"findPath: no valid path found"}
{"level":30,"time":1774382620025,"pid":1603593,"hostname":"TempleOfZyminx","from":{"q":4,"r":6},"to":{"q":11,"r":11},"msg":"findPath: no valid path found"}
{"level":30,"time":1774382620025,"pid":1603593,"hostname":"TempleOfZyminx","from":{"q":4,"r":6},"to":{"q":11,"r":12},"msg":"findPath: no valid path found"}
{"level":30,"time":1774382620025,"pid":1603593,"hostname":"TempleOfZyminx","from":{"q":4,"r":6},"to":{"q":11,"r":13},"msg":"findPath: no valid path found"}
{"level":30,"time":1774382620025,"pid":1603593,"hostname":"TempleOfZyminx","from":{"q":4,"r":6},"to":{"q":11,"r":14},"msg":"findPath: no valid path found"}
{"level":30,"time":1774382620025,"pid":1603593,"hostname":"TempleOfZyminx","from":{"q":4,"r":6},"to":{"q":11,"r":15},"msg":"findPath: no valid path found"}
{"level":30,"time":1774382620025,"pid":1603593,"hostname":"TempleOfZyminx","from":{"q":4,"r":6},"to":{"q":11,"r":16},"msg":"findPath: no valid path found"}
{"level":30,"time":1774382620026,"pid":1603593,"hostname":"TempleOfZyminx","from":{"q":4,"r":6},"to":{"q":11,"r":17},"msg":"findPath: no valid path found"}
{"level":30,"time":1774382620026,"pid":1603593,"hostname":"TempleOfZyminx","from":{"q":4,"r":6},"to":{"q":11,"r":18},"msg":"findPath: no valid path found"}
{"level":30,"time":1774382620026,"pid":1603593,"hostname":"TempleOfZyminx","from":{"q":4,"r":6},"to":{"q":11,"r":19},"msg":"findPath: no valid path found"}
{"level":30,"time":1774382620026,"pid":1603593,"hostname":"TempleOfZyminx","from":{"q":4,"r":6},"to":{"q":11,"r":20},"msg":"findPath: no valid path found"}
{"level":30,"time":1774382620026,"pid":1603593,"hostname":"TempleOfZyminx","from":{"q":4,"r":6},"to":{"q":11,"r":21},"msg":"findPath: no valid path found"}
{"level":30,"time":1774382620026,"pid":1603593,"hostname":"TempleOfZyminx","from":{"q":4,"r":6},"to":{"q":12,"r":0},"msg":"findPath: no valid path found"}
{"level":30,"time":1774382620026,"pid":1603593,"hostname":"TempleOfZyminx","from":{"q":4,"r":6},"to":{"q":12,"r":1},"msg":"findPath: no valid path found"}
{"level":30,"time":1774382620026,"pid":1603593,"hostname":"TempleOfZyminx","from":{"q":4,"r":6},"to":{"q":12,"r":2},"msg":"findPath: no valid path found"}
{"level":30,"time":1774382620026,"pid":1603593,"hostname":"TempleOfZyminx","from":{"q":4,"r":6},"to":{"q":12,"r":3},"msg":"findPath: no valid path found"}
{"level":30,"time":1774382620026,"pid":1603593,"hostname":"TempleOfZyminx","from":{"q":4,"r":6},"to":{"q":12,"r":4},"msg":"findPath: no valid path found"}
{"level":30,"time":1774382620027,"pid":1603593,"hostname":"TempleOfZyminx","from":{"q":4,"r":6},"to":{"q":12,"r":5},"msg":"findPath: no valid path found"}
{"level":30,"time":1774382620027,"pid":1603593,"hostname":"TempleOfZyminx","from":{"q":4,"r":6},"to":{"q":12,"r":6},"msg":"findPath: no valid path found"}
{"level":30,"time":1774382620027,"pid":1603593,"hostname":"TempleOfZyminx","from":{"q":4,"r":6},"to":{"q":12,"r":7},"msg":"findPath: no valid path found"}
{"level":30,"time":1774382620027,"pid":1603593,"hostname":"TempleOfZyminx","from":{"q":4,"r":6},"to":{"q":12,"r":8},"msg":"findPath: no valid path found"}
{"level":30,"time":1774382620027,"pid":1603593,"hostname":"TempleOfZyminx","from":{"q":4,"r":6},"to":{"q":12,"r":9},"msg":"findPath: no valid path found"}
{"level":30,"time":1774382620027,"pid":1603593,"hostname":"TempleOfZyminx","from":{"q":4,"r":6},"to":{"q":12,"r":10},"msg":"findPath: no valid path found"}
{"level":30,"time":1774382620027,"pid":1603593,"hostname":"TempleOfZyminx","from":{"q":4,"r":6},"to":{"q":12,"r":11},"msg":"findPath: no valid path found"}
{"level":30,"time":1774382620027,"pid":1603593,"hostname":"TempleOfZyminx","from":{"q":4,"r":6},"to":{"q":12,"r":12},"msg":"findPath: no valid path found"}
{"level":30,"time":1774382620027,"pid":1603593,"hostname":"TempleOfZyminx","from":{"q":4,"r":6},"to":{"q":12,"r":13},"msg":"findPath: no valid path found"}
{"level":30,"time":1774382620027,"pid":1603593,"hostname":"TempleOfZyminx","from":{"q":4,"r":6},"to":{"q":12,"r":14},"msg":"findPath: no valid path found"}
{"level":30,"time":1774382620027,"pid":1603593,"hostname":"TempleOfZyminx","from":{"q":4,"r":6},"to":{"q":12,"r":15},"msg":"findPath: no valid path found"}
{"level":30,"time":1774382620027,"pid":1603593,"hostname":"TempleOfZyminx","from":{"q":4,"r":6},"to":{"q":12,"r":16},"msg":"findPath: no valid path found"}
{"level":30,"time":1774382620028,"pid":1603593,"hostname":"TempleOfZyminx","from":{"q":4,"r":6},"to":{"q":12,"r":17},"msg":"findPath: no valid path found"}
{"level":30,"time":1774382620028,"pid":1603593,"hostname":"TempleOfZyminx","from":{"q":4,"r":6},"to":{"q":12,"r":18},"msg":"findPath: no valid path found"}
{"level":30,"time":1774382620028,"pid":1603593,"hostname":"TempleOfZyminx","from":{"q":4,"r":6},"to":{"q":12,"r":19},"msg":"findPath: no valid path found"}
{"level":30,"time":1774382620028,"pid":1603593,"hostname":"TempleOfZyminx","from":{"q":4,"r":6},"to":{"q":12,"r":20},"msg":"findPath: no valid path found"}
{"level":30,"time":1774382620028,"pid":1603593,"hostname":"TempleOfZyminx","from":{"q":4,"r":6},"to":{"q":12,"r":21},"msg":"findPath: no valid path found"}
{"level":30,"time":1774382620028,"pid":1603593,"hostname":"TempleOfZyminx","from":{"q":4,"r":6},"to":{"q":13,"r":0},"msg":"findPath: no valid path found"}
{"level":30,"time":1774382620028,"pid":1603593,"hostname":"TempleOfZyminx","from":{"q":4,"r":6},"to":{"q":13,"r":1},"msg":"findPath: no valid path found"}
{"level":30,"time":1774382620028,"pid":1603593,"hostname":"TempleOfZyminx","from":{"q":4,"r":6},"to":{"q":13,"r":2},"msg":"findPath: no valid path found"}
{"level":30,"time":1774382620028,"pid":1603593,"hostname":"TempleOfZyminx","from":{"q":4,"r":6},"to":{"q":13,"r":3},"msg":"findPath: no valid path found"}
{"level":30,"time":1774382620028,"pid":1603593,"hostname":"TempleOfZyminx","from":{"q":4,"r":6},"to":{"q":13,"r":4},"msg":"findPath: no valid path found"}
{"level":30,"time":1774382620028,"pid":1603593,"hostname":"TempleOfZyminx","from":{"q":4,"r":6},"to":{"q":13,"r":5},"msg":"findPath: no valid path found"}
{"level":30,"time":1774382620029,"pid":1603593,"hostname":"TempleOfZyminx","from":{"q":4,"r":6},"to":{"q":13,"r":6},"msg":"findPath: no valid path found"}
{"level":30,"time":1774382620029,"pid":1603593,"hostname":"TempleOfZyminx","from":{"q":4,"r":6},"to":{"q":13,"r":7},"msg":"findPath: no valid path found"}
{"level":30,"time":1774382620029,"pid":1603593,"hostname":"TempleOfZyminx","from":{"q":4,"r":6},"to":{"q":13,"r":8},"msg":"findPath: no valid path found"}
{"level":30,"time":1774382620029,"pid":1603593,"hostname":"TempleOfZyminx","from":{"q":4,"r":6},"to":{"q":13,"r":9},"msg":"findPath: no valid path found"}
{"level":30,"time":1774382620029,"pid":1603593,"hostname":"TempleOfZyminx","from":{"q":4,"r":6},"to":{"q":13,"r":10},"msg":"findPath: no valid path found"}
{"level":30,"time":1774382620029,"pid":1603593,"hostname":"TempleOfZyminx","from":{"q":4,"r":6},"to":{"q":13,"r":11},"msg":"findPath: no valid path found"}
{"level":30,"time":1774382620029,"pid":1603593,"hostname":"TempleOfZyminx","from":{"q":4,"r":6},"to":{"q":13,"r":12},"msg":"findPath: no valid path found"}
{"level":30,"time":1774382620029,"pid":1603593,"hostname":"TempleOfZyminx","from":{"q":4,"r":6},"to":{"q":13,"r":13},"msg":"findPath: no valid path found"}
{"level":30,"time":1774382620029,"pid":1603593,"hostname":"TempleOfZyminx","from":{"q":4,"r":6},"to":{"q":13,"r":14},"msg":"findPath: no valid path found"}
{"level":30,"time":1774382620029,"pid":1603593,"hostname":"TempleOfZyminx","from":{"q":4,"r":6},"to":{"q":13,"r":15},"msg":"findPath: no valid path found"}
{"level":30,"time":1774382620029,"pid":1603593,"hostname":"TempleOfZyminx","from":{"q":4,"r":6},"to":{"q":13,"r":16},"msg":"findPath: no valid path found"}
{"level":30,"time":1774382620029,"pid":1603593,"hostname":"TempleOfZyminx","from":{"q":4,"r":6},"to":{"q":13,"r":17},"msg":"findPath: no valid path found"}
{"level":30,"time":1774382620029,"pid":1603593,"hostname":"TempleOfZyminx","from":{"q":4,"r":6},"to":{"q":13,"r":18},"msg":"findPath: no valid path found"}
{"level":30,"time":1774382620030,"pid":1603593,"hostname":"TempleOfZyminx","from":{"q":4,"r":6},"to":{"q":13,"r":19},"msg":"findPath: no valid path found"}
{"level":30,"time":1774382620030,"pid":1603593,"hostname":"TempleOfZyminx","from":{"q":4,"r":6},"to":{"q":13,"r":20},"msg":"findPath: no valid path found"}
{"level":30,"time":1774382620030,"pid":1603593,"hostname":"TempleOfZyminx","from":{"q":4,"r":6},"to":{"q":13,"r":21},"msg":"findPath: no valid path found"}
{"level":30,"time":1774382620030,"pid":1603593,"hostname":"TempleOfZyminx","from":{"q":4,"r":6},"to":{"q":14,"r":0},"msg":"findPath: no valid path found"}
{"level":30,"time":1774382620030,"pid":1603593,"hostname":"TempleOfZyminx","from":{"q":4,"r":6},"to":{"q":14,"r":1},"msg":"findPath: no valid path found"}
{"level":30,"time":1774382620030,"pid":1603593,"hostname":"TempleOfZyminx","from":{"q":4,"r":6},"to":{"q":14,"r":2},"msg":"findPath: no valid path found"}
{"level":30,"time":1774382620030,"pid":1603593,"hostname":"TempleOfZyminx","from":{"q":4,"r":6},"to":{"q":14,"r":3},"msg":"findPath: no valid path found"}
{"level":30,"time":1774382620030,"pid":1603593,"hostname":"TempleOfZyminx","from":{"q":4,"r":6},"to":{"q":14,"r":4},"msg":"findPath: no valid path found"}
{"level":30,"time":1774382620031,"pid":1603593,"hostname":"TempleOfZyminx","from":{"q":4,"r":6},"to":{"q":14,"r":5},"msg":"findPath: no valid path found"}
{"level":30,"time":1774382620031,"pid":1603593,"hostname":"TempleOfZyminx","from":{"q":4,"r":6},"to":{"q":14,"r":6},"msg":"findPath: no valid path found"}
{"level":30,"time":1774382620031,"pid":1603593,"hostname":"TempleOfZyminx","from":{"q":4,"r":6},"to":{"q":14,"r":7},"msg":"findPath: no valid path found"}
{"level":30,"time":1774382620031,"pid":1603593,"hostname":"TempleOfZyminx","from":{"q":4,"r":6},"to":{"q":14,"r":8},"msg":"findPath: no valid path found"}
{"level":30,"time":1774382620031,"pid":1603593,"hostname":"TempleOfZyminx","from":{"q":4,"r":6},"to":{"q":14,"r":9},"msg":"findPath: no valid path found"}
{"level":30,"time":1774382620031,"pid":1603593,"hostname":"TempleOfZyminx","from":{"q":4,"r":6},"to":{"q":14,"r":10},"msg":"findPath: no valid path found"}
{"level":30,"time":1774382620031,"pid":1603593,"hostname":"TempleOfZyminx","from":{"q":4,"r":6},"to":{"q":14,"r":11},"msg":"findPath: no valid path found"}
{"level":30,"time":1774382620031,"pid":1603593,"hostname":"TempleOfZyminx","from":{"q":4,"r":6},"to":{"q":14,"r":12},"msg":"findPath: no valid path found"}
{"level":30,"time":1774382620032,"pid":1603593,"hostname":"TempleOfZyminx","from":{"q":4,"r":6},"to":{"q":14,"r":13},"msg":"findPath: no valid path found"}
{"level":30,"time":1774382620032,"pid":1603593,"hostname":"TempleOfZyminx","from":{"q":4,"r":6},"to":{"q":14,"r":14},"msg":"findPath: no valid path found"}
{"level":30,"time":1774382620032,"pid":1603593,"hostname":"TempleOfZyminx","from":{"q":4,"r":6},"to":{"q":14,"r":15},"msg":"findPath: no valid path found"}
{"level":30,"time":1774382620032,"pid":1603593,"hostname":"TempleOfZyminx","from":{"q":4,"r":6},"to":{"q":14,"r":16},"msg":"findPath: no valid path found"}
{"level":30,"time":1774382620032,"pid":1603593,"hostname":"TempleOfZyminx","from":{"q":4,"r":6},"to":{"q":14,"r":17},"msg":"findPath: no valid path found"}
{"level":30,"time":1774382620032,"pid":1603593,"hostname":"TempleOfZyminx","from":{"q":4,"r":6},"to":{"q":14,"r":18},"msg":"findPath: no valid path found"}
{"level":30,"time":1774382620032,"pid":1603593,"hostname":"TempleOfZyminx","from":{"q":4,"r":6},"to":{"q":14,"r":19},"msg":"findPath: no valid path found"}
{"level":30,"time":1774382620032,"pid":1603593,"hostname":"TempleOfZyminx","from":{"q":4,"r":6},"to":{"q":14,"r":20},"msg":"findPath: no valid path found"}
{"level":30,"time":1774382620032,"pid":1603593,"hostname":"TempleOfZyminx","from":{"q":4,"r":6},"to":{"q":14,"r":21},"msg":"findPath: no valid path found"}
{"level":30,"time":1774382620033,"pid":1603593,"hostname":"TempleOfZyminx","id":"6cb5f8be-50c7-4c1a-8ab3-3087ef7c6a7e","command":"MOVE","msg":"Submitting game action"}
{"level":30,"time":1774382620033,"pid":1603593,"hostname":"TempleOfZyminx","gameId":"6cb5f8be-50c7-4c1a-8ab3-3087ef7c6a7e","unitId":"wolf-1","msg":"Processing MOVE command"}
{"level":30,"time":1774382620034,"pid":1603593,"hostname":"TempleOfZyminx","id":"6cb5f8be-50c7-4c1a-8ab3-3087ef7c6a7e","msg":"Fetching game state"}
{"level":30,"time":1774382620036,"pid":1603593,"hostname":"TempleOfZyminx","id":"6cb5f8be-50c7-4c1a-8ab3-3087ef7c6a7e","command":"END_PHASE","msg":"Submitting game action"}
{"level":30,"time":1774382620036,"pid":1603593,"hostname":"TempleOfZyminx","gameId":"6cb5f8be-50c7-4c1a-8ab3-3087ef7c6a7e","phase":"GEV_SECOND_MOVE","msg":"Advancing phase"}
{"level":30,"time":1774382620036,"pid":1603593,"hostname":"TempleOfZyminx","phase":"GEV_SECOND_MOVE","turnNumber":1,"msg":"Advancing phase in engine"}
{"level":30,"time":1774382620036,"pid":1603593,"hostname":"TempleOfZyminx","id":"6cb5f8be-50c7-4c1a-8ab3-3087ef7c6a7e","msg":"Fetching game state"}
{"level":30,"time":1774382620037,"pid":1603593,"hostname":"TempleOfZyminx","id":"6cb5f8be-50c7-4c1a-8ab3-3087ef7c6a7e","msg":"Fetching game state"}
{"level":30,"time":1774382620037,"pid":1603593,"hostname":"TempleOfZyminx","id":"6cb5f8be-50c7-4c1a-8ab3-3087ef7c6a7e","msg":"Fetching game state"}
{"level":30,"time":1774382620038,"pid":1603593,"hostname":"TempleOfZyminx","id":"6cb5f8be-50c7-4c1a-8ab3-3087ef7c6a7e","msg":"Fetching game state"}
{"level":30,"time":1774382620074,"pid":1604033,"hostname":"TempleOfZyminx","scenarioId":"swamp-siege-01","role":"onion","msg":"Creating new game match"}
{"level":30,"time":1774382620075,"pid":1604033,"hostname":"TempleOfZyminx","gameId":"3cfa5319-68a8-4e9c-a607-56aa6957518b","role":"onion","msg":"Game match created"}
{"level":30,"time":1774382620076,"pid":1604033,"hostname":"TempleOfZyminx","id":"3cfa5319-68a8-4e9c-a607-56aa6957518b","msg":"User joining game"}
{"level":30,"time":1774382620076,"pid":1604033,"hostname":"TempleOfZyminx","gameId":"3cfa5319-68a8-4e9c-a607-56aa6957518b","role":"defender","msg":"User joined game"}
{"level":30,"time":1774382620076,"pid":1604033,"hostname":"TempleOfZyminx","id":"3cfa5319-68a8-4e9c-a607-56aa6957518b","command":"END_PHASE","msg":"Submitting game action"}
{"level":30,"time":1774382620076,"pid":1604033,"hostname":"TempleOfZyminx","gameId":"3cfa5319-68a8-4e9c-a607-56aa6957518b","phase":"ONION_MOVE","msg":"Advancing phase"}
{"level":30,"time":1774382620076,"pid":1604033,"hostname":"TempleOfZyminx","phase":"ONION_MOVE","turnNumber":1,"msg":"Advancing phase in engine"}
{"level":30,"time":1774382620147,"pid":1603455,"hostname":"TempleOfZyminx","scenarioId":"smoke-endgame-01","role":"onion","msg":"Creating new game match"}
{"level":30,"time":1774382620148,"pid":1603455,"hostname":"TempleOfZyminx","gameId":"682ef2e5-5d73-4243-9c06-e14013f4659f","role":"onion","msg":"Game match created"}
{"level":30,"time":1774382620148,"pid":1603455,"hostname":"TempleOfZyminx","id":"682ef2e5-5d73-4243-9c06-e14013f4659f","msg":"User joining game"}
{"level":30,"time":1774382620148,"pid":1603455,"hostname":"TempleOfZyminx","gameId":"682ef2e5-5d73-4243-9c06-e14013f4659f","role":"defender","msg":"User joined game"}
{"level":30,"time":1774382620149,"pid":1603455,"hostname":"TempleOfZyminx","id":"682ef2e5-5d73-4243-9c06-e14013f4659f","msg":"Fetching game state"}
{"level":30,"time":1774382620150,"pid":1603455,"hostname":"TempleOfZyminx","id":"682ef2e5-5d73-4243-9c06-e14013f4659f","msg":"Fetching game state"}
{"level":30,"time":1774382620151,"pid":1603455,"hostname":"TempleOfZyminx","id":"682ef2e5-5d73-4243-9c06-e14013f4659f","msg":"Fetching game state"}
{"level":30,"time":1774382620152,"pid":1603455,"hostname":"TempleOfZyminx","id":"682ef2e5-5d73-4243-9c06-e14013f4659f","command":"END_PHASE","msg":"Submitting game action"}
{"level":30,"time":1774382620152,"pid":1603455,"hostname":"TempleOfZyminx","gameId":"682ef2e5-5d73-4243-9c06-e14013f4659f","phase":"ONION_MOVE","msg":"Advancing phase"}
{"level":30,"time":1774382620152,"pid":1603455,"hostname":"TempleOfZyminx","phase":"ONION_MOVE","turnNumber":1,"msg":"Advancing phase in engine"}
{"level":30,"time":1774382620152,"pid":1603455,"hostname":"TempleOfZyminx","id":"682ef2e5-5d73-4243-9c06-e14013f4659f","msg":"Fetching game state"}
{"level":30,"time":1774382620153,"pid":1603455,"hostname":"TempleOfZyminx","id":"682ef2e5-5d73-4243-9c06-e14013f4659f","msg":"Fetching game state"}
{"level":30,"time":1774382620154,"pid":1603455,"hostname":"TempleOfZyminx","id":"682ef2e5-5d73-4243-9c06-e14013f4659f","command":"FIRE","msg":"Submitting game action"}
{"level":30,"time":1774382620154,"pid":1603455,"hostname":"TempleOfZyminx","gameId":"682ef2e5-5d73-4243-9c06-e14013f4659f","type":"FIRE","msg":"Processing combat command"}
{"level":30,"time":1774382620154,"pid":1603455,"hostname":"TempleOfZyminx","commandType":"FIRE","msg":"Validating combat action"}
{"level":30,"time":1774382620154,"pid":1603455,"hostname":"TempleOfZyminx","plan":{"actionType":"FIRE","actor":"onion","attackerIds":["main"],"target":{"kind":"defender","id":"wolf-1"},"attackStrength":4,"defense":4,"weaponIds":["main"]},"msg":"Executing combat action"}
{"level":30,"time":1774382620155,"pid":1603455,"hostname":"TempleOfZyminx","id":"682ef2e5-5d73-4243-9c06-e14013f4659f","msg":"Fetching game state"}
{"level":30,"time":1774382620156,"pid":1603455,"hostname":"TempleOfZyminx","id":"682ef2e5-5d73-4243-9c06-e14013f4659f","msg":"Fetching game state"}
{"level":30,"time":1774382620157,"pid":1603455,"hostname":"TempleOfZyminx","id":"682ef2e5-5d73-4243-9c06-e14013f4659f","command":"END_PHASE","msg":"Submitting game action"}
{"level":30,"time":1774382620157,"pid":1603455,"hostname":"TempleOfZyminx","gameId":"682ef2e5-5d73-4243-9c06-e14013f4659f","phase":"ONION_COMBAT","msg":"Advancing phase"}
{"level":30,"time":1774382620157,"pid":1603455,"hostname":"TempleOfZyminx","phase":"ONION_COMBAT","turnNumber":1,"msg":"Advancing phase in engine"}
{"level":30,"time":1774382620158,"pid":1603455,"hostname":"TempleOfZyminx","id":"682ef2e5-5d73-4243-9c06-e14013f4659f","msg":"Fetching game state"}
{"level":30,"time":1774382620158,"pid":1603455,"hostname":"TempleOfZyminx","id":"682ef2e5-5d73-4243-9c06-e14013f4659f","msg":"Fetching game state"}
{"level":30,"time":1774382620159,"pid":1603455,"hostname":"TempleOfZyminx","id":"682ef2e5-5d73-4243-9c06-e14013f4659f","msg":"Fetching game state"}
{"level":30,"time":1774382620160,"pid":1603455,"hostname":"TempleOfZyminx","id":"682ef2e5-5d73-4243-9c06-e14013f4659f","command":"END_PHASE","msg":"Submitting game action"}
{"level":30,"time":1774382620160,"pid":1603455,"hostname":"TempleOfZyminx","gameId":"682ef2e5-5d73-4243-9c06-e14013f4659f","phase":"DEFENDER_MOVE","msg":"Advancing phase"}
{"level":30,"time":1774382620160,"pid":1603455,"hostname":"TempleOfZyminx","phase":"DEFENDER_MOVE","turnNumber":1,"msg":"Advancing phase in engine"}
{"level":30,"time":1774382620161,"pid":1603455,"hostname":"TempleOfZyminx","id":"682ef2e5-5d73-4243-9c06-e14013f4659f","msg":"Fetching game state"}
{"level":30,"time":1774382620161,"pid":1603455,"hostname":"TempleOfZyminx","id":"682ef2e5-5d73-4243-9c06-e14013f4659f","msg":"Fetching game state"}
{"level":30,"time":1774382620164,"pid":1603455,"hostname":"TempleOfZyminx","id":"682ef2e5-5d73-4243-9c06-e14013f4659f","command":"FIRE","msg":"Submitting game action"}
{"level":30,"time":1774382620164,"pid":1603455,"hostname":"TempleOfZyminx","gameId":"682ef2e5-5d73-4243-9c06-e14013f4659f","type":"FIRE","msg":"Processing combat command"}
{"level":30,"time":1774382620165,"pid":1603455,"hostname":"TempleOfZyminx","commandType":"FIRE","msg":"Validating combat action"}
{"level":30,"time":1774382620165,"pid":1603455,"hostname":"TempleOfZyminx","plan":{"actionType":"FIRE","actor":"defender","attackerIds":["wolf-10"],"target":{"kind":"treads","id":"onion-1"},"attackStrength":2,"defense":0},"msg":"Executing combat action"}
{"level":30,"time":1774382620166,"pid":1603455,"hostname":"TempleOfZyminx","id":"682ef2e5-5d73-4243-9c06-e14013f4659f","msg":"Fetching game state"}
{"level":30,"time":1774382620166,"pid":1603455,"hostname":"TempleOfZyminx","id":"682ef2e5-5d73-4243-9c06-e14013f4659f","command":"FIRE","msg":"Submitting game action"}
{"level":30,"time":1774382620167,"pid":1603455,"hostname":"TempleOfZyminx","gameId":"682ef2e5-5d73-4243-9c06-e14013f4659f","type":"FIRE","msg":"Processing combat command"}
{"level":30,"time":1774382620167,"pid":1603455,"hostname":"TempleOfZyminx","commandType":"FIRE","msg":"Validating combat action"}
{"level":30,"time":1774382620167,"pid":1603455,"hostname":"TempleOfZyminx","gameId":"682ef2e5-5d73-4243-9c06-e14013f4659f","error":"Attacker 'wolf-11' is out of range","msg":"Invalid combat command"}
{"level":30,"time":1774382620167,"pid":1603455,"hostname":"TempleOfZyminx","id":"682ef2e5-5d73-4243-9c06-e14013f4659f","msg":"Fetching game state"}
{"level":30,"time":1774382620168,"pid":1603455,"hostname":"TempleOfZyminx","id":"682ef2e5-5d73-4243-9c06-e14013f4659f","command":"FIRE","msg":"Submitting game action"}
{"level":30,"time":1774382620168,"pid":1603455,"hostname":"TempleOfZyminx","gameId":"682ef2e5-5d73-4243-9c06-e14013f4659f","type":"FIRE","msg":"Processing combat command"}
{"level":30,"time":1774382620168,"pid":1603455,"hostname":"TempleOfZyminx","commandType":"FIRE","msg":"Validating combat action"}
{"level":30,"time":1774382620168,"pid":1603455,"hostname":"TempleOfZyminx","gameId":"682ef2e5-5d73-4243-9c06-e14013f4659f","error":"Attacker 'wolf-12' is out of range","msg":"Invalid combat command"}
{"level":30,"time":1774382620168,"pid":1603455,"hostname":"TempleOfZyminx","id":"682ef2e5-5d73-4243-9c06-e14013f4659f","msg":"Fetching game state"}
{"level":30,"time":1774382620169,"pid":1603455,"hostname":"TempleOfZyminx","id":"682ef2e5-5d73-4243-9c06-e14013f4659f","command":"FIRE","msg":"Submitting game action"}
{"level":30,"time":1774382620169,"pid":1603455,"hostname":"TempleOfZyminx","gameId":"682ef2e5-5d73-4243-9c06-e14013f4659f","type":"FIRE","msg":"Processing combat command"}
{"level":30,"time":1774382620169,"pid":1603455,"hostname":"TempleOfZyminx","commandType":"FIRE","msg":"Validating combat action"}
{"level":30,"time":1774382620169,"pid":1603455,"hostname":"TempleOfZyminx","plan":{"actionType":"FIRE","actor":"defender","attackerIds":["wolf-2"],"target":{"kind":"treads","id":"onion-1"},"attackStrength":2,"defense":0},"msg":"Executing combat action"}
{"level":30,"time":1774382620170,"pid":1603455,"hostname":"TempleOfZyminx","id":"682ef2e5-5d73-4243-9c06-e14013f4659f","msg":"Fetching game state"}
{"level":30,"time":1774382620171,"pid":1603455,"hostname":"TempleOfZyminx","id":"682ef2e5-5d73-4243-9c06-e14013f4659f","command":"END_PHASE","msg":"Submitting game action"}
{"level":30,"time":1774382620171,"pid":1603455,"hostname":"TempleOfZyminx","gameId":"682ef2e5-5d73-4243-9c06-e14013f4659f","msg":"Action attempted on finished game"}
{"level":30,"time":1774382620174,"pid":1604033,"hostname":"TempleOfZyminx","scenarioId":"swamp-siege-01","role":"onion","msg":"Creating new game match"}
 ✓ dist/api/integration.test.js (10 tests) 3395ms
   ✓ Integration Phases (Modular) > DEFENDER_ATTACK phase test validates fire/combine behavior and expected state  328ms
   ✓ Integration Orchestrators > game orchestrator setup runs once and supports at least five turns  1088ms
{"level":30,"time":1774382620175,"pid":1604033,"hostname":"TempleOfZyminx","gameId":"f0c52a76-284e-4433-868a-6c2bd41c19fa","role":"onion","msg":"Game match created"}
{"level":30,"time":1774382620175,"pid":1604033,"hostname":"TempleOfZyminx","id":"f0c52a76-284e-4433-868a-6c2bd41c19fa","msg":"User joining game"}
{"level":30,"time":1774382620175,"pid":1604033,"hostname":"TempleOfZyminx","gameId":"f0c52a76-284e-4433-868a-6c2bd41c19fa","role":"defender","msg":"User joined game"}
{"level":30,"time":1774382620176,"pid":1604033,"hostname":"TempleOfZyminx","id":"f0c52a76-284e-4433-868a-6c2bd41c19fa","command":"END_PHASE","msg":"Submitting game action"}
{"level":30,"time":1774382620176,"pid":1604033,"hostname":"TempleOfZyminx","gameId":"f0c52a76-284e-4433-868a-6c2bd41c19fa","phase":"ONION_MOVE","msg":"Advancing phase"}
{"level":30,"time":1774382620176,"pid":1604033,"hostname":"TempleOfZyminx","phase":"ONION_MOVE","turnNumber":1,"msg":"Advancing phase in engine"}
{"level":30,"time":1774382620189,"pid":1603593,"hostname":"TempleOfZyminx","scenarioId":"swamp-siege-01","role":"onion","msg":"Creating new game match"}
{"level":30,"time":1774382620190,"pid":1603593,"hostname":"TempleOfZyminx","gameId":"5a0b0710-4b16-4941-91e6-ae9a2c92bfc5","role":"onion","msg":"Game match created"}
{"level":30,"time":1774382620191,"pid":1603593,"hostname":"TempleOfZyminx","id":"5a0b0710-4b16-4941-91e6-ae9a2c92bfc5","msg":"User joining game"}
{"level":30,"time":1774382620191,"pid":1603593,"hostname":"TempleOfZyminx","gameId":"5a0b0710-4b16-4941-91e6-ae9a2c92bfc5","role":"defender","msg":"User joined game"}
{"level":30,"time":1774382620192,"pid":1603593,"hostname":"TempleOfZyminx","id":"5a0b0710-4b16-4941-91e6-ae9a2c92bfc5","msg":"Fetching game state"}
{"level":30,"time":1774382620192,"pid":1603593,"hostname":"TempleOfZyminx","id":"5a0b0710-4b16-4941-91e6-ae9a2c92bfc5","msg":"Fetching game state"}
{"level":30,"time":1774382620193,"pid":1603593,"hostname":"TempleOfZyminx","id":"5a0b0710-4b16-4941-91e6-ae9a2c92bfc5","msg":"Fetching game state"}
{"level":30,"time":1774382620193,"pid":1603593,"hostname":"TempleOfZyminx","from":{"q":0,"r":10},"to":{"q":0,"r":0},"msg":"findPath: no valid path found"}
{"level":30,"time":1774382620193,"pid":1603593,"hostname":"TempleOfZyminx","from":{"q":0,"r":10},"to":{"q":0,"r":1},"msg":"findPath: no valid path found"}
{"level":30,"time":1774382620193,"pid":1603593,"hostname":"TempleOfZyminx","from":{"q":0,"r":10},"to":{"q":0,"r":2},"msg":"findPath: no valid path found"}
{"level":30,"time":1774382620193,"pid":1603593,"hostname":"TempleOfZyminx","from":{"q":0,"r":10},"to":{"q":0,"r":3},"msg":"findPath: no valid path found"}
{"level":30,"time":1774382620193,"pid":1603593,"hostname":"TempleOfZyminx","from":{"q":0,"r":10},"to":{"q":0,"r":4},"msg":"findPath: no valid path found"}
{"level":30,"time":1774382620193,"pid":1603593,"hostname":"TempleOfZyminx","from":{"q":0,"r":10},"to":{"q":0,"r":5},"msg":"findPath: no valid path found"}
{"level":30,"time":1774382620194,"pid":1603593,"hostname":"TempleOfZyminx","from":{"q":0,"r":10},"to":{"q":0,"r":6},"msg":"findPath: no valid path found"}
{"level":30,"time":1774382620194,"pid":1603593,"hostname":"TempleOfZyminx","from":{"q":0,"r":10},"to":{"q":0,"r":14},"msg":"findPath: no valid path found"}
{"level":30,"time":1774382620194,"pid":1603593,"hostname":"TempleOfZyminx","from":{"q":0,"r":10},"to":{"q":0,"r":15},"msg":"findPath: no valid path found"}
{"level":30,"time":1774382620194,"pid":1603593,"hostname":"TempleOfZyminx","from":{"q":0,"r":10},"to":{"q":0,"r":16},"msg":"findPath: no valid path found"}
{"level":30,"time":1774382620194,"pid":1603593,"hostname":"TempleOfZyminx","from":{"q":0,"r":10},"to":{"q":0,"r":17},"msg":"findPath: no valid path found"}
{"level":30,"time":1774382620194,"pid":1603593,"hostname":"TempleOfZyminx","from":{"q":0,"r":10},"to":{"q":0,"r":18},"msg":"findPath: no valid path found"}
{"level":30,"time":1774382620194,"pid":1603593,"hostname":"TempleOfZyminx","from":{"q":0,"r":10},"to":{"q":0,"r":19},"msg":"findPath: no valid path found"}
{"level":30,"time":1774382620194,"pid":1603593,"hostname":"TempleOfZyminx","from":{"q":0,"r":10},"to":{"q":0,"r":20},"msg":"findPath: no valid path found"}
{"level":30,"time":1774382620194,"pid":1603593,"hostname":"TempleOfZyminx","from":{"q":0,"r":10},"to":{"q":0,"r":21},"msg":"findPath: no valid path found"}
{"level":30,"time":1774382620194,"pid":1603593,"hostname":"TempleOfZyminx","from":{"q":0,"r":10},"to":{"q":1,"r":0},"msg":"findPath: no valid path found"}
{"level":30,"time":1774382620194,"pid":1603593,"hostname":"TempleOfZyminx","from":{"q":0,"r":10},"to":{"q":1,"r":1},"msg":"findPath: no valid path found"}
{"level":30,"time":1774382620194,"pid":1603593,"hostname":"TempleOfZyminx","from":{"q":0,"r":10},"to":{"q":1,"r":2},"msg":"findPath: no valid path found"}
{"level":30,"time":1774382620194,"pid":1603593,"hostname":"TempleOfZyminx","from":{"q":0,"r":10},"to":{"q":1,"r":3},"msg":"findPath: no valid path found"}
{"level":30,"time":1774382620194,"pid":1603593,"hostname":"TempleOfZyminx","from":{"q":0,"r":10},"to":{"q":1,"r":4},"msg":"findPath: no valid path found"}
{"level":30,"time":1774382620194,"pid":1603593,"hostname":"TempleOfZyminx","from":{"q":0,"r":10},"to":{"q":1,"r":5},"msg":"findPath: no valid path found"}
{"level":30,"time":1774382620194,"pid":1603593,"hostname":"TempleOfZyminx","from":{"q":0,"r":10},"to":{"q":1,"r":6},"msg":"findPath: no valid path found"}
{"level":30,"time":1774382620194,"pid":1603593,"hostname":"TempleOfZyminx","from":{"q":0,"r":10},"to":{"q":1,"r":13},"msg":"findPath: no valid path found"}
{"level":30,"time":1774382620194,"pid":1603593,"hostname":"TempleOfZyminx","from":{"q":0,"r":10},"to":{"q":1,"r":14},"msg":"findPath: no valid path found"}
{"level":30,"time":1774382620194,"pid":1603593,"hostname":"TempleOfZyminx","from":{"q":0,"r":10},"to":{"q":1,"r":15},"msg":"findPath: no valid path found"}
{"level":30,"time":1774382620194,"pid":1603593,"hostname":"TempleOfZyminx","from":{"q":0,"r":10},"to":{"q":1,"r":16},"msg":"findPath: no valid path found"}
{"level":30,"time":1774382620195,"pid":1603593,"hostname":"TempleOfZyminx","from":{"q":0,"r":10},"to":{"q":1,"r":17},"msg":"findPath: no valid path found"}
{"level":30,"time":1774382620195,"pid":1603593,"hostname":"TempleOfZyminx","from":{"q":0,"r":10},"to":{"q":1,"r":18},"msg":"findPath: no valid path found"}
{"level":30,"time":1774382620195,"pid":1603593,"hostname":"TempleOfZyminx","from":{"q":0,"r":10},"to":{"q":1,"r":19},"msg":"findPath: no valid path found"}
{"level":30,"time":1774382620195,"pid":1603593,"hostname":"TempleOfZyminx","from":{"q":0,"r":10},"to":{"q":1,"r":20},"msg":"findPath: no valid path found"}
{"level":30,"time":1774382620195,"pid":1603593,"hostname":"TempleOfZyminx","from":{"q":0,"r":10},"to":{"q":1,"r":21},"msg":"findPath: no valid path found"}
{"level":30,"time":1774382620195,"pid":1603593,"hostname":"TempleOfZyminx","from":{"q":0,"r":10},"to":{"q":2,"r":0},"msg":"findPath: no valid path found"}
{"level":30,"time":1774382620195,"pid":1603593,"hostname":"TempleOfZyminx","from":{"q":0,"r":10},"to":{"q":2,"r":1},"msg":"findPath: no valid path found"}
{"level":30,"time":1774382620195,"pid":1603593,"hostname":"TempleOfZyminx","from":{"q":0,"r":10},"to":{"q":2,"r":2},"msg":"findPath: no valid path found"}
{"level":30,"time":1774382620195,"pid":1603593,"hostname":"TempleOfZyminx","from":{"q":0,"r":10},"to":{"q":2,"r":3},"msg":"findPath: no valid path found"}
{"level":30,"time":1774382620195,"pid":1603593,"hostname":"TempleOfZyminx","from":{"q":0,"r":10},"to":{"q":2,"r":4},"msg":"findPath: no valid path found"}
{"level":30,"time":1774382620195,"pid":1603593,"hostname":"TempleOfZyminx","from":{"q":0,"r":10},"to":{"q":2,"r":5},"msg":"findPath: no valid path found"}
{"level":30,"time":1774382620195,"pid":1603593,"hostname":"TempleOfZyminx","from":{"q":0,"r":10},"to":{"q":2,"r":6},"msg":"findPath: no valid path found"}
{"level":30,"time":1774382620195,"pid":1603593,"hostname":"TempleOfZyminx","from":{"q":0,"r":10},"to":{"q":2,"r":12},"msg":"findPath: no valid path found"}
{"level":30,"time":1774382620195,"pid":1603593,"hostname":"TempleOfZyminx","from":{"q":0,"r":10},"to":{"q":2,"r":13},"msg":"findPath: no valid path found"}
{"level":30,"time":1774382620195,"pid":1603593,"hostname":"TempleOfZyminx","from":{"q":0,"r":10},"to":{"q":2,"r":14},"msg":"findPath: no valid path found"}
{"level":30,"time":1774382620195,"pid":1603593,"hostname":"TempleOfZyminx","from":{"q":0,"r":10},"to":{"q":2,"r":15},"msg":"findPath: no valid path found"}
{"level":30,"time":1774382620195,"pid":1603593,"hostname":"TempleOfZyminx","from":{"q":0,"r":10},"to":{"q":2,"r":16},"msg":"findPath: no valid path found"}
{"level":30,"time":1774382620195,"pid":1603593,"hostname":"TempleOfZyminx","from":{"q":0,"r":10},"to":{"q":2,"r":17},"msg":"findPath: no valid path found"}
{"level":30,"time":1774382620195,"pid":1603593,"hostname":"TempleOfZyminx","from":{"q":0,"r":10},"to":{"q":2,"r":18},"msg":"findPath: no valid path found"}
{"level":30,"time":1774382620195,"pid":1603593,"hostname":"TempleOfZyminx","from":{"q":0,"r":10},"to":{"q":2,"r":19},"msg":"findPath: no valid path found"}
{"level":30,"time":1774382620195,"pid":1603593,"hostname":"TempleOfZyminx","from":{"q":0,"r":10},"to":{"q":2,"r":20},"msg":"findPath: no valid path found"}
{"level":30,"time":1774382620195,"pid":1603593,"hostname":"TempleOfZyminx","from":{"q":0,"r":10},"to":{"q":2,"r":21},"msg":"findPath: no valid path found"}
{"level":30,"time":1774382620195,"pid":1603593,"hostname":"TempleOfZyminx","from":{"q":0,"r":10},"to":{"q":3,"r":0},"msg":"findPath: no valid path found"}
{"level":30,"time":1774382620195,"pid":1603593,"hostname":"TempleOfZyminx","from":{"q":0,"r":10},"to":{"q":3,"r":1},"msg":"findPath: no valid path found"}
{"level":30,"time":1774382620196,"pid":1603593,"hostname":"TempleOfZyminx","from":{"q":0,"r":10},"to":{"q":3,"r":2},"msg":"findPath: no valid path found"}
{"level":30,"time":1774382620196,"pid":1603593,"hostname":"TempleOfZyminx","from":{"q":0,"r":10},"to":{"q":3,"r":3},"msg":"findPath: no valid path found"}
{"level":30,"time":1774382620196,"pid":1603593,"hostname":"TempleOfZyminx","from":{"q":0,"r":10},"to":{"q":3,"r":4},"msg":"findPath: no valid path found"}
{"level":30,"time":1774382620196,"pid":1603593,"hostname":"TempleOfZyminx","from":{"q":0,"r":10},"to":{"q":3,"r":5},"msg":"findPath: no valid path found"}
{"level":30,"time":1774382620196,"pid":1603593,"hostname":"TempleOfZyminx","from":{"q":0,"r":10},"to":{"q":3,"r":6},"msg":"findPath: no valid path found"}
{"level":30,"time":1774382620196,"pid":1603593,"hostname":"TempleOfZyminx","from":{"q":0,"r":10},"to":{"q":3,"r":8},"msg":"findPath: no valid path found"}
{"level":30,"time":1774382620196,"pid":1603593,"hostname":"TempleOfZyminx","from":{"q":0,"r":10},"to":{"q":3,"r":11},"msg":"findPath: no valid path found"}
{"level":30,"time":1774382620196,"pid":1603593,"hostname":"TempleOfZyminx","from":{"q":0,"r":10},"to":{"q":3,"r":12},"msg":"findPath: no valid path found"}
{"level":30,"time":1774382620196,"pid":1603593,"hostname":"TempleOfZyminx","from":{"q":0,"r":10},"to":{"q":3,"r":13},"msg":"findPath: no valid path found"}
{"level":30,"time":1774382620196,"pid":1603593,"hostname":"TempleOfZyminx","from":{"q":0,"r":10},"to":{"q":3,"r":14},"msg":"findPath: no valid path found"}
{"level":30,"time":1774382620196,"pid":1603593,"hostname":"TempleOfZyminx","from":{"q":0,"r":10},"to":{"q":3,"r":15},"msg":"findPath: no valid path found"}
{"level":30,"time":1774382620196,"pid":1603593,"hostname":"TempleOfZyminx","from":{"q":0,"r":10},"to":{"q":3,"r":16},"msg":"findPath: no valid path found"}
{"level":30,"time":1774382620196,"pid":1603593,"hostname":"TempleOfZyminx","from":{"q":0,"r":10},"to":{"q":3,"r":17},"msg":"findPath: no valid path found"}
{"level":30,"time":1774382620196,"pid":1603593,"hostname":"TempleOfZyminx","from":{"q":0,"r":10},"to":{"q":3,"r":18},"msg":"findPath: no valid path found"}
{"level":30,"time":1774382620196,"pid":1603593,"hostname":"TempleOfZyminx","from":{"q":0,"r":10},"to":{"q":3,"r":19},"msg":"findPath: no valid path found"}
{"level":30,"time":1774382620196,"pid":1603593,"hostname":"TempleOfZyminx","from":{"q":0,"r":10},"to":{"q":3,"r":20},"msg":"findPath: no valid path found"}
{"level":30,"time":1774382620196,"pid":1603593,"hostname":"TempleOfZyminx","from":{"q":0,"r":10},"to":{"q":3,"r":21},"msg":"findPath: no valid path found"}
{"level":30,"time":1774382620196,"pid":1603593,"hostname":"TempleOfZyminx","from":{"q":0,"r":10},"to":{"q":4,"r":0},"msg":"findPath: no valid path found"}
{"level":30,"time":1774382620196,"pid":1603593,"hostname":"TempleOfZyminx","from":{"q":0,"r":10},"to":{"q":4,"r":1},"msg":"findPath: no valid path found"}
{"level":30,"time":1774382620196,"pid":1603593,"hostname":"TempleOfZyminx","from":{"q":0,"r":10},"to":{"q":4,"r":2},"msg":"findPath: no valid path found"}
{"level":30,"time":1774382620196,"pid":1603593,"hostname":"TempleOfZyminx","from":{"q":0,"r":10},"to":{"q":4,"r":3},"msg":"findPath: no valid path found"}
{"level":30,"time":1774382620196,"pid":1603593,"hostname":"TempleOfZyminx","from":{"q":0,"r":10},"to":{"q":4,"r":4},"msg":"findPath: no valid path found"}
{"level":30,"time":1774382620196,"pid":1603593,"hostname":"TempleOfZyminx","from":{"q":0,"r":10},"to":{"q":4,"r":5},"msg":"findPath: no valid path found"}
{"level":30,"time":1774382620196,"pid":1603593,"hostname":"TempleOfZyminx","from":{"q":0,"r":10},"to":{"q":4,"r":6},"msg":"findPath: no valid path found"}
{"level":30,"time":1774382620197,"pid":1603593,"hostname":"TempleOfZyminx","from":{"q":0,"r":10},"to":{"q":4,"r":8},"msg":"findPath: no valid path found"}
{"level":30,"time":1774382620197,"pid":1603593,"hostname":"TempleOfZyminx","from":{"q":0,"r":10},"to":{"q":4,"r":9},"msg":"findPath: no valid path found"}
{"level":30,"time":1774382620197,"pid":1603593,"hostname":"TempleOfZyminx","from":{"q":0,"r":10},"to":{"q":4,"r":10},"msg":"findPath: no valid path found"}
{"level":30,"time":1774382620197,"pid":1603593,"hostname":"TempleOfZyminx","from":{"q":0,"r":10},"to":{"q":4,"r":11},"msg":"findPath: no valid path found"}
{"level":30,"time":1774382620197,"pid":1603593,"hostname":"TempleOfZyminx","from":{"q":0,"r":10},"to":{"q":4,"r":12},"msg":"findPath: no valid path found"}
{"level":30,"time":1774382620197,"pid":1603593,"hostname":"TempleOfZyminx","from":{"q":0,"r":10},"to":{"q":4,"r":13},"msg":"findPath: no valid path found"}
{"level":30,"time":1774382620197,"pid":1603593,"hostname":"TempleOfZyminx","from":{"q":0,"r":10},"to":{"q":4,"r":14},"msg":"findPath: no valid path found"}
{"level":30,"time":1774382620197,"pid":1603593,"hostname":"TempleOfZyminx","from":{"q":0,"r":10},"to":{"q":4,"r":15},"msg":"findPath: no valid path found"}
{"level":30,"time":1774382620197,"pid":1603593,"hostname":"TempleOfZyminx","from":{"q":0,"r":10},"to":{"q":4,"r":16},"msg":"findPath: no valid path found"}
{"level":30,"time":1774382620197,"pid":1603593,"hostname":"TempleOfZyminx","from":{"q":0,"r":10},"to":{"q":4,"r":17},"msg":"findPath: no valid path found"}
{"level":30,"time":1774382620197,"pid":1603593,"hostname":"TempleOfZyminx","from":{"q":0,"r":10},"to":{"q":4,"r":18},"msg":"findPath: no valid path found"}
{"level":30,"time":1774382620197,"pid":1603593,"hostname":"TempleOfZyminx","from":{"q":0,"r":10},"to":{"q":4,"r":19},"msg":"findPath: no valid path found"}
{"level":30,"time":1774382620197,"pid":1603593,"hostname":"TempleOfZyminx","from":{"q":0,"r":10},"to":{"q":4,"r":20},"msg":"findPath: no valid path found"}
{"level":30,"time":1774382620197,"pid":1603593,"hostname":"TempleOfZyminx","from":{"q":0,"r":10},"to":{"q":4,"r":21},"msg":"findPath: no valid path found"}
{"level":30,"time":1774382620197,"pid":1603593,"hostname":"TempleOfZyminx","from":{"q":0,"r":10},"to":{"q":5,"r":0},"msg":"findPath: no valid path found"}
{"level":30,"time":1774382620197,"pid":1603593,"hostname":"TempleOfZyminx","from":{"q":0,"r":10},"to":{"q":5,"r":1},"msg":"findPath: no valid path found"}
{"level":30,"time":1774382620197,"pid":1603593,"hostname":"TempleOfZyminx","from":{"q":0,"r":10},"to":{"q":5,"r":2},"msg":"findPath: no valid path found"}
{"level":30,"time":1774382620197,"pid":1603593,"hostname":"TempleOfZyminx","from":{"q":0,"r":10},"to":{"q":5,"r":3},"msg":"findPath: no valid path found"}
{"level":30,"time":1774382620197,"pid":1603593,"hostname":"TempleOfZyminx","from":{"q":0,"r":10},"to":{"q":5,"r":4},"msg":"findPath: no valid path found"}
{"level":30,"time":1774382620197,"pid":1603593,"hostname":"TempleOfZyminx","from":{"q":0,"r":10},"to":{"q":5,"r":5},"msg":"findPath: no valid path found"}
{"level":30,"time":1774382620197,"pid":1603593,"hostname":"TempleOfZyminx","from":{"q":0,"r":10},"to":{"q":5,"r":8},"msg":"findPath: no valid path found"}
{"level":30,"time":1774382620197,"pid":1603593,"hostname":"TempleOfZyminx","from":{"q":0,"r":10},"to":{"q":5,"r":9},"msg":"findPath: no valid path found"}
{"level":30,"time":1774382620197,"pid":1603593,"hostname":"TempleOfZyminx","from":{"q":0,"r":10},"to":{"q":5,"r":10},"msg":"findPath: no valid path found"}
{"level":30,"time":1774382620197,"pid":1603593,"hostname":"TempleOfZyminx","from":{"q":0,"r":10},"to":{"q":5,"r":11},"msg":"findPath: no valid path found"}
{"level":30,"time":1774382620197,"pid":1603593,"hostname":"TempleOfZyminx","from":{"q":0,"r":10},"to":{"q":5,"r":12},"msg":"findPath: no valid path found"}
{"level":30,"time":1774382620198,"pid":1603593,"hostname":"TempleOfZyminx","from":{"q":0,"r":10},"to":{"q":5,"r":13},"msg":"findPath: no valid path found"}
{"level":30,"time":1774382620198,"pid":1603593,"hostname":"TempleOfZyminx","from":{"q":0,"r":10},"to":{"q":5,"r":14},"msg":"findPath: no valid path found"}
{"level":30,"time":1774382620198,"pid":1603593,"hostname":"TempleOfZyminx","from":{"q":0,"r":10},"to":{"q":5,"r":15},"msg":"findPath: no valid path found"}
{"level":30,"time":1774382620198,"pid":1603593,"hostname":"TempleOfZyminx","from":{"q":0,"r":10},"to":{"q":5,"r":16},"msg":"findPath: no valid path found"}
{"level":30,"time":1774382620198,"pid":1603593,"hostname":"TempleOfZyminx","from":{"q":0,"r":10},"to":{"q":5,"r":17},"msg":"findPath: no valid path found"}
{"level":30,"time":1774382620198,"pid":1603593,"hostname":"TempleOfZyminx","from":{"q":0,"r":10},"to":{"q":5,"r":18},"msg":"findPath: no valid path found"}
{"level":30,"time":1774382620198,"pid":1603593,"hostname":"TempleOfZyminx","from":{"q":0,"r":10},"to":{"q":5,"r":19},"msg":"findPath: no valid path found"}
{"level":30,"time":1774382620198,"pid":1603593,"hostname":"TempleOfZyminx","from":{"q":0,"r":10},"to":{"q":5,"r":20},"msg":"findPath: no valid path found"}
{"level":30,"time":1774382620198,"pid":1603593,"hostname":"TempleOfZyminx","from":{"q":0,"r":10},"to":{"q":5,"r":21},"msg":"findPath: no valid path found"}
{"level":30,"time":1774382620198,"pid":1603593,"hostname":"TempleOfZyminx","from":{"q":0,"r":10},"to":{"q":6,"r":0},"msg":"findPath: no valid path found"}
{"level":30,"time":1774382620198,"pid":1603593,"hostname":"TempleOfZyminx","from":{"q":0,"r":10},"to":{"q":6,"r":1},"msg":"findPath: no valid path found"}
{"level":30,"time":1774382620198,"pid":1603593,"hostname":"TempleOfZyminx","from":{"q":0,"r":10},"to":{"q":6,"r":2},"msg":"findPath: no valid path found"}
{"level":30,"time":1774382620198,"pid":1603593,"hostname":"TempleOfZyminx","from":{"q":0,"r":10},"to":{"q":6,"r":3},"msg":"findPath: no valid path found"}
{"level":30,"time":1774382620198,"pid":1603593,"hostname":"TempleOfZyminx","from":{"q":0,"r":10},"to":{"q":6,"r":5},"msg":"findPath: no valid path found"}
{"level":30,"time":1774382620198,"pid":1603593,"hostname":"TempleOfZyminx","from":{"q":0,"r":10},"to":{"q":6,"r":7},"msg":"findPath: no valid path found"}
{"level":30,"time":1774382620198,"pid":1603593,"hostname":"TempleOfZyminx","from":{"q":0,"r":10},"to":{"q":6,"r":8},"msg":"findPath: no valid path found"}
{"level":30,"time":1774382620198,"pid":1603593,"hostname":"TempleOfZyminx","from":{"q":0,"r":10},"to":{"q":6,"r":9},"msg":"findPath: no valid path found"}
{"level":30,"time":1774382620198,"pid":1603593,"hostname":"TempleOfZyminx","from":{"q":0,"r":10},"to":{"q":6,"r":10},"msg":"findPath: no valid path found"}
{"level":30,"time":1774382620198,"pid":1603593,"hostname":"TempleOfZyminx","from":{"q":0,"r":10},"to":{"q":6,"r":11},"msg":"findPath: no valid path found"}
{"level":30,"time":1774382620198,"pid":1603593,"hostname":"TempleOfZyminx","from":{"q":0,"r":10},"to":{"q":6,"r":12},"msg":"findPath: no valid path found"}
{"level":30,"time":1774382620198,"pid":1603593,"hostname":"TempleOfZyminx","from":{"q":0,"r":10},"to":{"q":6,"r":13},"msg":"findPath: no valid path found"}
{"level":30,"time":1774382620198,"pid":1603593,"hostname":"TempleOfZyminx","from":{"q":0,"r":10},"to":{"q":6,"r":14},"msg":"findPath: no valid path found"}
{"level":30,"time":1774382620198,"pid":1603593,"hostname":"TempleOfZyminx","from":{"q":0,"r":10},"to":{"q":6,"r":15},"msg":"findPath: no valid path found"}
{"level":30,"time":1774382620198,"pid":1603593,"hostname":"TempleOfZyminx","from":{"q":0,"r":10},"to":{"q":6,"r":16},"msg":"findPath: no valid path found"}
{"level":30,"time":1774382620198,"pid":1603593,"hostname":"TempleOfZyminx","from":{"q":0,"r":10},"to":{"q":6,"r":17},"msg":"findPath: no valid path found"}
{"level":30,"time":1774382620198,"pid":1603593,"hostname":"TempleOfZyminx","from":{"q":0,"r":10},"to":{"q":6,"r":18},"msg":"findPath: no valid path found"}
{"level":30,"time":1774382620198,"pid":1603593,"hostname":"TempleOfZyminx","from":{"q":0,"r":10},"to":{"q":6,"r":19},"msg":"findPath: no valid path found"}
{"level":30,"time":1774382620199,"pid":1603593,"hostname":"TempleOfZyminx","from":{"q":0,"r":10},"to":{"q":6,"r":20},"msg":"findPath: no valid path found"}
{"level":30,"time":1774382620199,"pid":1603593,"hostname":"TempleOfZyminx","from":{"q":0,"r":10},"to":{"q":6,"r":21},"msg":"findPath: no valid path found"}
{"level":30,"time":1774382620199,"pid":1603593,"hostname":"TempleOfZyminx","from":{"q":0,"r":10},"to":{"q":7,"r":0},"msg":"findPath: no valid path found"}
{"level":30,"time":1774382620199,"pid":1603593,"hostname":"TempleOfZyminx","from":{"q":0,"r":10},"to":{"q":7,"r":1},"msg":"findPath: no valid path found"}
{"level":30,"time":1774382620199,"pid":1603593,"hostname":"TempleOfZyminx","from":{"q":0,"r":10},"to":{"q":7,"r":2},"msg":"findPath: no valid path found"}
{"level":30,"time":1774382620199,"pid":1603593,"hostname":"TempleOfZyminx","from":{"q":0,"r":10},"to":{"q":7,"r":4},"msg":"findPath: no valid path found"}
{"level":30,"time":1774382620199,"pid":1603593,"hostname":"TempleOfZyminx","from":{"q":0,"r":10},"to":{"q":7,"r":5},"msg":"findPath: no valid path found"}
{"level":30,"time":1774382620199,"pid":1603593,"hostname":"TempleOfZyminx","from":{"q":0,"r":10},"to":{"q":7,"r":6},"msg":"findPath: no valid path found"}
{"level":30,"time":1774382620199,"pid":1603593,"hostname":"TempleOfZyminx","from":{"q":0,"r":10},"to":{"q":7,"r":7},"msg":"findPath: no valid path found"}
{"level":30,"time":1774382620199,"pid":1603593,"hostname":"TempleOfZyminx","from":{"q":0,"r":10},"to":{"q":7,"r":8},"msg":"findPath: no valid path found"}
{"level":30,"time":1774382620199,"pid":1603593,"hostname":"TempleOfZyminx","from":{"q":0,"r":10},"to":{"q":7,"r":9},"msg":"findPath: no valid path found"}
{"level":30,"time":1774382620199,"pid":1603593,"hostname":"TempleOfZyminx","from":{"q":0,"r":10},"to":{"q":7,"r":10},"msg":"findPath: no valid path found"}
{"level":30,"time":1774382620199,"pid":1603593,"hostname":"TempleOfZyminx","from":{"q":0,"r":10},"to":{"q":7,"r":11},"msg":"findPath: no valid path found"}
{"level":30,"time":1774382620199,"pid":1603593,"hostname":"TempleOfZyminx","from":{"q":0,"r":10},"to":{"q":7,"r":12},"msg":"findPath: no valid path found"}
{"level":30,"time":1774382620199,"pid":1603593,"hostname":"TempleOfZyminx","from":{"q":0,"r":10},"to":{"q":7,"r":13},"msg":"findPath: no valid path found"}
{"level":30,"time":1774382620199,"pid":1603593,"hostname":"TempleOfZyminx","from":{"q":0,"r":10},"to":{"q":7,"r":14},"msg":"findPath: no valid path found"}
{"level":30,"time":1774382620199,"pid":1603593,"hostname":"TempleOfZyminx","from":{"q":0,"r":10},"to":{"q":7,"r":15},"msg":"findPath: no valid path found"}
{"level":30,"time":1774382620199,"pid":1603593,"hostname":"TempleOfZyminx","from":{"q":0,"r":10},"to":{"q":7,"r":16},"msg":"findPath: no valid path found"}
{"level":30,"time":1774382620199,"pid":1603593,"hostname":"TempleOfZyminx","from":{"q":0,"r":10},"to":{"q":7,"r":17},"msg":"findPath: no valid path found"}
{"level":30,"time":1774382620199,"pid":1603593,"hostname":"TempleOfZyminx","from":{"q":0,"r":10},"to":{"q":7,"r":18},"msg":"findPath: no valid path found"}
{"level":30,"time":1774382620199,"pid":1603593,"hostname":"TempleOfZyminx","from":{"q":0,"r":10},"to":{"q":7,"r":19},"msg":"findPath: no valid path found"}
{"level":30,"time":1774382620199,"pid":1603593,"hostname":"TempleOfZyminx","from":{"q":0,"r":10},"to":{"q":7,"r":20},"msg":"findPath: no valid path found"}
{"level":30,"time":1774382620199,"pid":1603593,"hostname":"TempleOfZyminx","from":{"q":0,"r":10},"to":{"q":7,"r":21},"msg":"findPath: no valid path found"}
{"level":30,"time":1774382620199,"pid":1603593,"hostname":"TempleOfZyminx","from":{"q":0,"r":10},"to":{"q":8,"r":0},"msg":"findPath: no valid path found"}
{"level":30,"time":1774382620199,"pid":1603593,"hostname":"TempleOfZyminx","from":{"q":0,"r":10},"to":{"q":8,"r":1},"msg":"findPath: no valid path found"}
{"level":30,"time":1774382620199,"pid":1603593,"hostname":"TempleOfZyminx","from":{"q":0,"r":10},"to":{"q":8,"r":2},"msg":"findPath: no valid path found"}
{"level":30,"time":1774382620199,"pid":1603593,"hostname":"TempleOfZyminx","from":{"q":0,"r":10},"to":{"q":8,"r":3},"msg":"findPath: no valid path found"}
{"level":30,"time":1774382620200,"pid":1603593,"hostname":"TempleOfZyminx","from":{"q":0,"r":10},"to":{"q":8,"r":4},"msg":"findPath: no valid path found"}
{"level":30,"time":1774382620200,"pid":1603593,"hostname":"TempleOfZyminx","from":{"q":0,"r":10},"to":{"q":8,"r":5},"msg":"findPath: no valid path found"}
{"level":30,"time":1774382620200,"pid":1603593,"hostname":"TempleOfZyminx","from":{"q":0,"r":10},"to":{"q":8,"r":6},"msg":"findPath: no valid path found"}
{"level":30,"time":1774382620200,"pid":1603593,"hostname":"TempleOfZyminx","from":{"q":0,"r":10},"to":{"q":8,"r":7},"msg":"findPath: no valid path found"}
{"level":30,"time":1774382620200,"pid":1603593,"hostname":"TempleOfZyminx","from":{"q":0,"r":10},"to":{"q":8,"r":8},"msg":"findPath: no valid path found"}
{"level":30,"time":1774382620200,"pid":1603593,"hostname":"TempleOfZyminx","from":{"q":0,"r":10},"to":{"q":8,"r":9},"msg":"findPath: no valid path found"}
{"level":30,"time":1774382620200,"pid":1603593,"hostname":"TempleOfZyminx","from":{"q":0,"r":10},"to":{"q":8,"r":10},"msg":"findPath: no valid path found"}
{"level":30,"time":1774382620200,"pid":1603593,"hostname":"TempleOfZyminx","from":{"q":0,"r":10},"to":{"q":8,"r":11},"msg":"findPath: no valid path found"}
{"level":30,"time":1774382620200,"pid":1603593,"hostname":"TempleOfZyminx","from":{"q":0,"r":10},"to":{"q":8,"r":12},"msg":"findPath: no valid path found"}
{"level":30,"time":1774382620200,"pid":1603593,"hostname":"TempleOfZyminx","from":{"q":0,"r":10},"to":{"q":8,"r":13},"msg":"findPath: no valid path found"}
{"level":30,"time":1774382620200,"pid":1603593,"hostname":"TempleOfZyminx","from":{"q":0,"r":10},"to":{"q":8,"r":14},"msg":"findPath: no valid path found"}
{"level":30,"time":1774382620200,"pid":1603593,"hostname":"TempleOfZyminx","from":{"q":0,"r":10},"to":{"q":8,"r":15},"msg":"findPath: no valid path found"}
{"level":30,"time":1774382620200,"pid":1603593,"hostname":"TempleOfZyminx","from":{"q":0,"r":10},"to":{"q":8,"r":16},"msg":"findPath: no valid path found"}
{"level":30,"time":1774382620200,"pid":1603593,"hostname":"TempleOfZyminx","from":{"q":0,"r":10},"to":{"q":8,"r":17},"msg":"findPath: no valid path found"}
{"level":30,"time":1774382620200,"pid":1603593,"hostname":"TempleOfZyminx","from":{"q":0,"r":10},"to":{"q":8,"r":18},"msg":"findPath: no valid path found"}
{"level":30,"time":1774382620200,"pid":1603593,"hostname":"TempleOfZyminx","from":{"q":0,"r":10},"to":{"q":8,"r":19},"msg":"findPath: no valid path found"}
{"level":30,"time":1774382620200,"pid":1603593,"hostname":"TempleOfZyminx","from":{"q":0,"r":10},"to":{"q":8,"r":20},"msg":"findPath: no valid path found"}
{"level":30,"time":1774382620200,"pid":1603593,"hostname":"TempleOfZyminx","from":{"q":0,"r":10},"to":{"q":8,"r":21},"msg":"findPath: no valid path found"}
{"level":30,"time":1774382620200,"pid":1603593,"hostname":"TempleOfZyminx","from":{"q":0,"r":10},"to":{"q":9,"r":0},"msg":"findPath: no valid path found"}
{"level":30,"time":1774382620200,"pid":1603593,"hostname":"TempleOfZyminx","from":{"q":0,"r":10},"to":{"q":9,"r":1},"msg":"findPath: no valid path found"}
{"level":30,"time":1774382620200,"pid":1603593,"hostname":"TempleOfZyminx","from":{"q":0,"r":10},"to":{"q":9,"r":2},"msg":"findPath: no valid path found"}
{"level":30,"time":1774382620200,"pid":1603593,"hostname":"TempleOfZyminx","from":{"q":0,"r":10},"to":{"q":9,"r":3},"msg":"findPath: no valid path found"}
{"level":30,"time":1774382620200,"pid":1603593,"hostname":"TempleOfZyminx","from":{"q":0,"r":10},"to":{"q":9,"r":4},"msg":"findPath: no valid path found"}
{"level":30,"time":1774382620200,"pid":1603593,"hostname":"TempleOfZyminx","from":{"q":0,"r":10},"to":{"q":9,"r":5},"msg":"findPath: no valid path found"}
{"level":30,"time":1774382620200,"pid":1603593,"hostname":"TempleOfZyminx","from":{"q":0,"r":10},"to":{"q":9,"r":6},"msg":"findPath: no valid path found"}
{"level":30,"time":1774382620200,"pid":1603593,"hostname":"TempleOfZyminx","from":{"q":0,"r":10},"to":{"q":9,"r":7},"msg":"findPath: no valid path found"}
{"level":30,"time":1774382620201,"pid":1603593,"hostname":"TempleOfZyminx","from":{"q":0,"r":10},"to":{"q":9,"r":8},"msg":"findPath: no valid path found"}
{"level":30,"time":1774382620201,"pid":1603593,"hostname":"TempleOfZyminx","from":{"q":0,"r":10},"to":{"q":9,"r":9},"msg":"findPath: no valid path found"}
{"level":30,"time":1774382620201,"pid":1603593,"hostname":"TempleOfZyminx","from":{"q":0,"r":10},"to":{"q":9,"r":10},"msg":"findPath: no valid path found"}
{"level":30,"time":1774382620201,"pid":1603593,"hostname":"TempleOfZyminx","from":{"q":0,"r":10},"to":{"q":9,"r":11},"msg":"findPath: no valid path found"}
{"level":30,"time":1774382620201,"pid":1603593,"hostname":"TempleOfZyminx","from":{"q":0,"r":10},"to":{"q":9,"r":12},"msg":"findPath: no valid path found"}
{"level":30,"time":1774382620201,"pid":1603593,"hostname":"TempleOfZyminx","from":{"q":0,"r":10},"to":{"q":9,"r":13},"msg":"findPath: no valid path found"}
{"level":30,"time":1774382620201,"pid":1603593,"hostname":"TempleOfZyminx","from":{"q":0,"r":10},"to":{"q":9,"r":14},"msg":"findPath: no valid path found"}
{"level":30,"time":1774382620201,"pid":1603593,"hostname":"TempleOfZyminx","from":{"q":0,"r":10},"to":{"q":9,"r":15},"msg":"findPath: no valid path found"}
{"level":30,"time":1774382620201,"pid":1603593,"hostname":"TempleOfZyminx","from":{"q":0,"r":10},"to":{"q":9,"r":16},"msg":"findPath: no valid path found"}
{"level":30,"time":1774382620201,"pid":1603593,"hostname":"TempleOfZyminx","from":{"q":0,"r":10},"to":{"q":9,"r":17},"msg":"findPath: no valid path found"}
{"level":30,"time":1774382620201,"pid":1603593,"hostname":"TempleOfZyminx","from":{"q":0,"r":10},"to":{"q":9,"r":18},"msg":"findPath: no valid path found"}
{"level":30,"time":1774382620201,"pid":1603593,"hostname":"TempleOfZyminx","from":{"q":0,"r":10},"to":{"q":9,"r":19},"msg":"findPath: no valid path found"}
{"level":30,"time":1774382620201,"pid":1603593,"hostname":"TempleOfZyminx","from":{"q":0,"r":10},"to":{"q":9,"r":20},"msg":"findPath: no valid path found"}
{"level":30,"time":1774382620201,"pid":1603593,"hostname":"TempleOfZyminx","from":{"q":0,"r":10},"to":{"q":9,"r":21},"msg":"findPath: no valid path found"}
{"level":30,"time":1774382620201,"pid":1603593,"hostname":"TempleOfZyminx","from":{"q":0,"r":10},"to":{"q":10,"r":0},"msg":"findPath: no valid path found"}
{"level":30,"time":1774382620201,"pid":1603593,"hostname":"TempleOfZyminx","from":{"q":0,"r":10},"to":{"q":10,"r":1},"msg":"findPath: no valid path found"}
{"level":30,"time":1774382620201,"pid":1603593,"hostname":"TempleOfZyminx","from":{"q":0,"r":10},"to":{"q":10,"r":2},"msg":"findPath: no valid path found"}
{"level":30,"time":1774382620201,"pid":1603593,"hostname":"TempleOfZyminx","from":{"q":0,"r":10},"to":{"q":10,"r":3},"msg":"findPath: no valid path found"}
{"level":30,"time":1774382620201,"pid":1603593,"hostname":"TempleOfZyminx","from":{"q":0,"r":10},"to":{"q":10,"r":4},"msg":"findPath: no valid path found"}
{"level":30,"time":1774382620201,"pid":1603593,"hostname":"TempleOfZyminx","from":{"q":0,"r":10},"to":{"q":10,"r":5},"msg":"findPath: no valid path found"}
{"level":30,"time":1774382620201,"pid":1603593,"hostname":"TempleOfZyminx","from":{"q":0,"r":10},"to":{"q":10,"r":6},"msg":"findPath: no valid path found"}
{"level":30,"time":1774382620201,"pid":1603593,"hostname":"TempleOfZyminx","from":{"q":0,"r":10},"to":{"q":10,"r":7},"msg":"findPath: no valid path found"}
{"level":30,"time":1774382620201,"pid":1603593,"hostname":"TempleOfZyminx","from":{"q":0,"r":10},"to":{"q":10,"r":8},"msg":"findPath: no valid path found"}
{"level":30,"time":1774382620201,"pid":1603593,"hostname":"TempleOfZyminx","from":{"q":0,"r":10},"to":{"q":10,"r":9},"msg":"findPath: no valid path found"}
{"level":30,"time":1774382620201,"pid":1603593,"hostname":"TempleOfZyminx","from":{"q":0,"r":10},"to":{"q":10,"r":10},"msg":"findPath: no valid path found"}
{"level":30,"time":1774382620201,"pid":1603593,"hostname":"TempleOfZyminx","from":{"q":0,"r":10},"to":{"q":10,"r":11},"msg":"findPath: no valid path found"}
{"level":30,"time":1774382620201,"pid":1603593,"hostname":"TempleOfZyminx","from":{"q":0,"r":10},"to":{"q":10,"r":12},"msg":"findPath: no valid path found"}
{"level":30,"time":1774382620202,"pid":1603593,"hostname":"TempleOfZyminx","from":{"q":0,"r":10},"to":{"q":10,"r":13},"msg":"findPath: no valid path found"}
{"level":30,"time":1774382620202,"pid":1603593,"hostname":"TempleOfZyminx","from":{"q":0,"r":10},"to":{"q":10,"r":14},"msg":"findPath: no valid path found"}
{"level":30,"time":1774382620202,"pid":1603593,"hostname":"TempleOfZyminx","from":{"q":0,"r":10},"to":{"q":10,"r":15},"msg":"findPath: no valid path found"}
{"level":30,"time":1774382620202,"pid":1603593,"hostname":"TempleOfZyminx","from":{"q":0,"r":10},"to":{"q":10,"r":16},"msg":"findPath: no valid path found"}
{"level":30,"time":1774382620202,"pid":1603593,"hostname":"TempleOfZyminx","from":{"q":0,"r":10},"to":{"q":10,"r":17},"msg":"findPath: no valid path found"}
{"level":30,"time":1774382620202,"pid":1603593,"hostname":"TempleOfZyminx","from":{"q":0,"r":10},"to":{"q":10,"r":18},"msg":"findPath: no valid path found"}
{"level":30,"time":1774382620202,"pid":1603593,"hostname":"TempleOfZyminx","from":{"q":0,"r":10},"to":{"q":10,"r":19},"msg":"findPath: no valid path found"}
{"level":30,"time":1774382620202,"pid":1603593,"hostname":"TempleOfZyminx","from":{"q":0,"r":10},"to":{"q":10,"r":20},"msg":"findPath: no valid path found"}
{"level":30,"time":1774382620202,"pid":1603593,"hostname":"TempleOfZyminx","from":{"q":0,"r":10},"to":{"q":10,"r":21},"msg":"findPath: no valid path found"}
{"level":30,"time":1774382620202,"pid":1603593,"hostname":"TempleOfZyminx","from":{"q":0,"r":10},"to":{"q":11,"r":0},"msg":"findPath: no valid path found"}
{"level":30,"time":1774382620202,"pid":1603593,"hostname":"TempleOfZyminx","from":{"q":0,"r":10},"to":{"q":11,"r":1},"msg":"findPath: no valid path found"}
{"level":30,"time":1774382620202,"pid":1603593,"hostname":"TempleOfZyminx","from":{"q":0,"r":10},"to":{"q":11,"r":2},"msg":"findPath: no valid path found"}
{"level":30,"time":1774382620202,"pid":1603593,"hostname":"TempleOfZyminx","from":{"q":0,"r":10},"to":{"q":11,"r":3},"msg":"findPath: no valid path found"}
{"level":30,"time":1774382620202,"pid":1603593,"hostname":"TempleOfZyminx","from":{"q":0,"r":10},"to":{"q":11,"r":4},"msg":"findPath: no valid path found"}
{"level":30,"time":1774382620202,"pid":1603593,"hostname":"TempleOfZyminx","from":{"q":0,"r":10},"to":{"q":11,"r":5},"msg":"findPath: no valid path found"}
{"level":30,"time":1774382620202,"pid":1603593,"hostname":"TempleOfZyminx","from":{"q":0,"r":10},"to":{"q":11,"r":6},"msg":"findPath: no valid path found"}
{"level":30,"time":1774382620202,"pid":1603593,"hostname":"TempleOfZyminx","from":{"q":0,"r":10},"to":{"q":11,"r":7},"msg":"findPath: no valid path found"}
{"level":30,"time":1774382620202,"pid":1603593,"hostname":"TempleOfZyminx","from":{"q":0,"r":10},"to":{"q":11,"r":8},"msg":"findPath: no valid path found"}
{"level":30,"time":1774382620202,"pid":1603593,"hostname":"TempleOfZyminx","from":{"q":0,"r":10},"to":{"q":11,"r":9},"msg":"findPath: no valid path found"}
{"level":30,"time":1774382620202,"pid":1603593,"hostname":"TempleOfZyminx","from":{"q":0,"r":10},"to":{"q":11,"r":10},"msg":"findPath: no valid path found"}
{"level":30,"time":1774382620202,"pid":1603593,"hostname":"TempleOfZyminx","from":{"q":0,"r":10},"to":{"q":11,"r":11},"msg":"findPath: no valid path found"}
{"level":30,"time":1774382620202,"pid":1603593,"hostname":"TempleOfZyminx","from":{"q":0,"r":10},"to":{"q":11,"r":12},"msg":"findPath: no valid path found"}
{"level":30,"time":1774382620202,"pid":1603593,"hostname":"TempleOfZyminx","from":{"q":0,"r":10},"to":{"q":11,"r":13},"msg":"findPath: no valid path found"}
{"level":30,"time":1774382620202,"pid":1603593,"hostname":"TempleOfZyminx","from":{"q":0,"r":10},"to":{"q":11,"r":14},"msg":"findPath: no valid path found"}
{"level":30,"time":1774382620202,"pid":1603593,"hostname":"TempleOfZyminx","from":{"q":0,"r":10},"to":{"q":11,"r":15},"msg":"findPath: no valid path found"}
{"level":30,"time":1774382620203,"pid":1603593,"hostname":"TempleOfZyminx","from":{"q":0,"r":10},"to":{"q":11,"r":16},"msg":"findPath: no valid path found"}
{"level":30,"time":1774382620203,"pid":1603593,"hostname":"TempleOfZyminx","from":{"q":0,"r":10},"to":{"q":11,"r":17},"msg":"findPath: no valid path found"}
{"level":30,"time":1774382620203,"pid":1603593,"hostname":"TempleOfZyminx","from":{"q":0,"r":10},"to":{"q":11,"r":18},"msg":"findPath: no valid path found"}
{"level":30,"time":1774382620203,"pid":1603593,"hostname":"TempleOfZyminx","from":{"q":0,"r":10},"to":{"q":11,"r":19},"msg":"findPath: no valid path found"}
{"level":30,"time":1774382620203,"pid":1603593,"hostname":"TempleOfZyminx","from":{"q":0,"r":10},"to":{"q":11,"r":20},"msg":"findPath: no valid path found"}
{"level":30,"time":1774382620203,"pid":1603593,"hostname":"TempleOfZyminx","from":{"q":0,"r":10},"to":{"q":11,"r":21},"msg":"findPath: no valid path found"}
{"level":30,"time":1774382620203,"pid":1603593,"hostname":"TempleOfZyminx","from":{"q":0,"r":10},"to":{"q":12,"r":0},"msg":"findPath: no valid path found"}
{"level":30,"time":1774382620203,"pid":1603593,"hostname":"TempleOfZyminx","from":{"q":0,"r":10},"to":{"q":12,"r":1},"msg":"findPath: no valid path found"}
{"level":30,"time":1774382620203,"pid":1603593,"hostname":"TempleOfZyminx","from":{"q":0,"r":10},"to":{"q":12,"r":2},"msg":"findPath: no valid path found"}
{"level":30,"time":1774382620203,"pid":1603593,"hostname":"TempleOfZyminx","from":{"q":0,"r":10},"to":{"q":12,"r":3},"msg":"findPath: no valid path found"}
{"level":30,"time":1774382620203,"pid":1603593,"hostname":"TempleOfZyminx","from":{"q":0,"r":10},"to":{"q":12,"r":4},"msg":"findPath: no valid path found"}
{"level":30,"time":1774382620203,"pid":1603593,"hostname":"TempleOfZyminx","from":{"q":0,"r":10},"to":{"q":12,"r":5},"msg":"findPath: no valid path found"}
{"level":30,"time":1774382620203,"pid":1603593,"hostname":"TempleOfZyminx","from":{"q":0,"r":10},"to":{"q":12,"r":6},"msg":"findPath: no valid path found"}
{"level":30,"time":1774382620203,"pid":1603593,"hostname":"TempleOfZyminx","from":{"q":0,"r":10},"to":{"q":12,"r":7},"msg":"findPath: no valid path found"}
{"level":30,"time":1774382620203,"pid":1603593,"hostname":"TempleOfZyminx","from":{"q":0,"r":10},"to":{"q":12,"r":8},"msg":"findPath: no valid path found"}
{"level":30,"time":1774382620203,"pid":1603593,"hostname":"TempleOfZyminx","from":{"q":0,"r":10},"to":{"q":12,"r":9},"msg":"findPath: no valid path found"}
{"level":30,"time":1774382620280,"pid":1604033,"hostname":"TempleOfZyminx","scenarioId":"swamp-siege-01","role":"onion","msg":"Creating new game match"}
{"level":30,"time":1774382620299,"pid":1604033,"hostname":"TempleOfZyminx","gameId":"55fbf7d5-2885-4a1c-af18-e20e2b3e4b11","role":"onion","msg":"Game match created"}
{"level":30,"time":1774382620300,"pid":1604033,"hostname":"TempleOfZyminx","id":"55fbf7d5-2885-4a1c-af18-e20e2b3e4b11","msg":"User joining game"}
{"level":30,"time":1774382620300,"pid":1604033,"hostname":"TempleOfZyminx","gameId":"55fbf7d5-2885-4a1c-af18-e20e2b3e4b11","role":"defender","msg":"User joined game"}
{"level":30,"time":1774382620302,"pid":1604033,"hostname":"TempleOfZyminx","id":"55fbf7d5-2885-4a1c-af18-e20e2b3e4b11","command":"END_PHASE","msg":"Submitting game action"}
{"level":40,"time":1774382620303,"pid":1604033,"hostname":"TempleOfZyminx","userId":"3f1e3093-e31d-44bb-a337-2b5471158154","gameId":"55fbf7d5-2885-4a1c-af18-e20e2b3e4b11","msg":"Not user turn"}
{"level":30,"time":1774382620203,"pid":1603593,"hostname":"TempleOfZyminx","from":{"q":0,"r":10},"to":{"q":12,"r":10},"msg":"findPath: no valid path found"}
{"level":30,"time":1774382620303,"pid":1603593,"hostname":"TempleOfZyminx","from":{"q":0,"r":10},"to":{"q":12,"r":11},"msg":"findPath: no valid path found"}
{"level":30,"time":1774382620303,"pid":1603593,"hostname":"TempleOfZyminx","from":{"q":0,"r":10},"to":{"q":12,"r":12},"msg":"findPath: no valid path found"}
{"level":30,"time":1774382620303,"pid":1603593,"hostname":"TempleOfZyminx","from":{"q":0,"r":10},"to":{"q":12,"r":13},"msg":"findPath: no valid path found"}
{"level":30,"time":1774382620304,"pid":1603593,"hostname":"TempleOfZyminx","from":{"q":0,"r":10},"to":{"q":12,"r":14},"msg":"findPath: no valid path found"}
{"level":30,"time":1774382620304,"pid":1603593,"hostname":"TempleOfZyminx","from":{"q":0,"r":10},"to":{"q":12,"r":15},"msg":"findPath: no valid path found"}
{"level":30,"time":1774382620304,"pid":1603593,"hostname":"TempleOfZyminx","from":{"q":0,"r":10},"to":{"q":12,"r":16},"msg":"findPath: no valid path found"}
{"level":30,"time":1774382620304,"pid":1603593,"hostname":"TempleOfZyminx","from":{"q":0,"r":10},"to":{"q":12,"r":17},"msg":"findPath: no valid path found"}
{"level":30,"time":1774382620304,"pid":1603593,"hostname":"TempleOfZyminx","from":{"q":0,"r":10},"to":{"q":12,"r":18},"msg":"findPath: no valid path found"}
{"level":30,"time":1774382620304,"pid":1603593,"hostname":"TempleOfZyminx","from":{"q":0,"r":10},"to":{"q":12,"r":19},"msg":"findPath: no valid path found"}
{"level":30,"time":1774382620304,"pid":1603593,"hostname":"TempleOfZyminx","from":{"q":0,"r":10},"to":{"q":12,"r":20},"msg":"findPath: no valid path found"}
{"level":30,"time":1774382620304,"pid":1603593,"hostname":"TempleOfZyminx","from":{"q":0,"r":10},"to":{"q":12,"r":21},"msg":"findPath: no valid path found"}
{"level":30,"time":1774382620304,"pid":1603593,"hostname":"TempleOfZyminx","from":{"q":0,"r":10},"to":{"q":13,"r":0},"msg":"findPath: no valid path found"}
{"level":30,"time":1774382620304,"pid":1603593,"hostname":"TempleOfZyminx","from":{"q":0,"r":10},"to":{"q":13,"r":1},"msg":"findPath: no valid path found"}
{"level":30,"time":1774382620304,"pid":1603593,"hostname":"TempleOfZyminx","from":{"q":0,"r":10},"to":{"q":13,"r":2},"msg":"findPath: no valid path found"}
{"level":30,"time":1774382620304,"pid":1603593,"hostname":"TempleOfZyminx","from":{"q":0,"r":10},"to":{"q":13,"r":3},"msg":"findPath: no valid path found"}
{"level":30,"time":1774382620304,"pid":1603593,"hostname":"TempleOfZyminx","from":{"q":0,"r":10},"to":{"q":13,"r":4},"msg":"findPath: no valid path found"}
{"level":30,"time":1774382620304,"pid":1603593,"hostname":"TempleOfZyminx","from":{"q":0,"r":10},"to":{"q":13,"r":5},"msg":"findPath: no valid path found"}
{"level":30,"time":1774382620304,"pid":1603593,"hostname":"TempleOfZyminx","from":{"q":0,"r":10},"to":{"q":13,"r":6},"msg":"findPath: no valid path found"}
{"level":30,"time":1774382620304,"pid":1603593,"hostname":"TempleOfZyminx","from":{"q":0,"r":10},"to":{"q":13,"r":7},"msg":"findPath: no valid path found"}
{"level":30,"time":1774382620304,"pid":1603593,"hostname":"TempleOfZyminx","from":{"q":0,"r":10},"to":{"q":13,"r":8},"msg":"findPath: no valid path found"}
{"level":30,"time":1774382620304,"pid":1603593,"hostname":"TempleOfZyminx","from":{"q":0,"r":10},"to":{"q":13,"r":9},"msg":"findPath: no valid path found"}
{"level":30,"time":1774382620304,"pid":1603593,"hostname":"TempleOfZyminx","from":{"q":0,"r":10},"to":{"q":13,"r":10},"msg":"findPath: no valid path found"}
{"level":30,"time":1774382620304,"pid":1603593,"hostname":"TempleOfZyminx","from":{"q":0,"r":10},"to":{"q":13,"r":11},"msg":"findPath: no valid path found"}
{"level":30,"time":1774382620304,"pid":1603593,"hostname":"TempleOfZyminx","from":{"q":0,"r":10},"to":{"q":13,"r":12},"msg":"findPath: no valid path found"}
{"level":30,"time":1774382620305,"pid":1603593,"hostname":"TempleOfZyminx","from":{"q":0,"r":10},"to":{"q":13,"r":13},"msg":"findPath: no valid path found"}
{"level":30,"time":1774382620306,"pid":1603593,"hostname":"TempleOfZyminx","from":{"q":0,"r":10},"to":{"q":13,"r":14},"msg":"findPath: no valid path found"}
{"level":30,"time":1774382620306,"pid":1603593,"hostname":"TempleOfZyminx","from":{"q":0,"r":10},"to":{"q":13,"r":15},"msg":"findPath: no valid path found"}
{"level":30,"time":1774382620306,"pid":1603593,"hostname":"TempleOfZyminx","from":{"q":0,"r":10},"to":{"q":13,"r":16},"msg":"findPath: no valid path found"}
{"level":30,"time":1774382620306,"pid":1603593,"hostname":"TempleOfZyminx","from":{"q":0,"r":10},"to":{"q":13,"r":17},"msg":"findPath: no valid path found"}
{"level":30,"time":1774382620306,"pid":1603593,"hostname":"TempleOfZyminx","from":{"q":0,"r":10},"to":{"q":13,"r":18},"msg":"findPath: no valid path found"}
{"level":30,"time":1774382620306,"pid":1603593,"hostname":"TempleOfZyminx","from":{"q":0,"r":10},"to":{"q":13,"r":19},"msg":"findPath: no valid path found"}
{"level":30,"time":1774382620306,"pid":1603593,"hostname":"TempleOfZyminx","from":{"q":0,"r":10},"to":{"q":13,"r":20},"msg":"findPath: no valid path found"}
{"level":30,"time":1774382620306,"pid":1603593,"hostname":"TempleOfZyminx","from":{"q":0,"r":10},"to":{"q":13,"r":21},"msg":"findPath: no valid path found"}
{"level":30,"time":1774382620306,"pid":1603593,"hostname":"TempleOfZyminx","from":{"q":0,"r":10},"to":{"q":14,"r":0},"msg":"findPath: no valid path found"}
{"level":30,"time":1774382620306,"pid":1603593,"hostname":"TempleOfZyminx","from":{"q":0,"r":10},"to":{"q":14,"r":1},"msg":"findPath: no valid path found"}
{"level":30,"time":1774382620306,"pid":1603593,"hostname":"TempleOfZyminx","from":{"q":0,"r":10},"to":{"q":14,"r":2},"msg":"findPath: no valid path found"}
{"level":30,"time":1774382620306,"pid":1603593,"hostname":"TempleOfZyminx","from":{"q":0,"r":10},"to":{"q":14,"r":3},"msg":"findPath: no valid path found"}
{"level":30,"time":1774382620306,"pid":1603593,"hostname":"TempleOfZyminx","from":{"q":0,"r":10},"to":{"q":14,"r":4},"msg":"findPath: no valid path found"}
{"level":30,"time":1774382620306,"pid":1603593,"hostname":"TempleOfZyminx","from":{"q":0,"r":10},"to":{"q":14,"r":5},"msg":"findPath: no valid path found"}
{"level":30,"time":1774382620306,"pid":1603593,"hostname":"TempleOfZyminx","from":{"q":0,"r":10},"to":{"q":14,"r":6},"msg":"findPath: no valid path found"}
{"level":30,"time":1774382620306,"pid":1603593,"hostname":"TempleOfZyminx","from":{"q":0,"r":10},"to":{"q":14,"r":7},"msg":"findPath: no valid path found"}
{"level":30,"time":1774382620306,"pid":1603593,"hostname":"TempleOfZyminx","from":{"q":0,"r":10},"to":{"q":14,"r":8},"msg":"findPath: no valid path found"}
{"level":30,"time":1774382620306,"pid":1603593,"hostname":"TempleOfZyminx","from":{"q":0,"r":10},"to":{"q":14,"r":9},"msg":"findPath: no valid path found"}
{"level":30,"time":1774382620306,"pid":1603593,"hostname":"TempleOfZyminx","from":{"q":0,"r":10},"to":{"q":14,"r":10},"msg":"findPath: no valid path found"}
{"level":30,"time":1774382620306,"pid":1603593,"hostname":"TempleOfZyminx","from":{"q":0,"r":10},"to":{"q":14,"r":11},"msg":"findPath: no valid path found"}
{"level":30,"time":1774382620306,"pid":1603593,"hostname":"TempleOfZyminx","from":{"q":0,"r":10},"to":{"q":14,"r":12},"msg":"findPath: no valid path found"}
{"level":30,"time":1774382620307,"pid":1603593,"hostname":"TempleOfZyminx","from":{"q":0,"r":10},"to":{"q":14,"r":13},"msg":"findPath: no valid path found"}
{"level":30,"time":1774382620307,"pid":1603593,"hostname":"TempleOfZyminx","from":{"q":0,"r":10},"to":{"q":14,"r":14},"msg":"findPath: no valid path found"}
{"level":30,"time":1774382620307,"pid":1603593,"hostname":"TempleOfZyminx","from":{"q":0,"r":10},"to":{"q":14,"r":15},"msg":"findPath: no valid path found"}
{"level":30,"time":1774382620307,"pid":1603593,"hostname":"TempleOfZyminx","from":{"q":0,"r":10},"to":{"q":14,"r":16},"msg":"findPath: no valid path found"}
{"level":30,"time":1774382620307,"pid":1603593,"hostname":"TempleOfZyminx","from":{"q":0,"r":10},"to":{"q":14,"r":17},"msg":"findPath: no valid path found"}
{"level":30,"time":1774382620307,"pid":1603593,"hostname":"TempleOfZyminx","from":{"q":0,"r":10},"to":{"q":14,"r":18},"msg":"findPath: no valid path found"}
{"level":30,"time":1774382620307,"pid":1603593,"hostname":"TempleOfZyminx","from":{"q":0,"r":10},"to":{"q":14,"r":19},"msg":"findPath: no valid path found"}
{"level":30,"time":1774382620307,"pid":1603593,"hostname":"TempleOfZyminx","from":{"q":0,"r":10},"to":{"q":14,"r":20},"msg":"findPath: no valid path found"}
{"level":30,"time":1774382620307,"pid":1603593,"hostname":"TempleOfZyminx","from":{"q":0,"r":10},"to":{"q":14,"r":21},"msg":"findPath: no valid path found"}
{"level":30,"time":1774382620308,"pid":1603593,"hostname":"TempleOfZyminx","id":"5a0b0710-4b16-4941-91e6-ae9a2c92bfc5","command":"MOVE","msg":"Submitting game action"}
{"level":30,"time":1774382620308,"pid":1603593,"hostname":"TempleOfZyminx","gameId":"5a0b0710-4b16-4941-91e6-ae9a2c92bfc5","unitId":"onion-1","msg":"Processing MOVE command"}
{"level":30,"time":1774382620309,"pid":1603593,"hostname":"TempleOfZyminx","id":"5a0b0710-4b16-4941-91e6-ae9a2c92bfc5","msg":"Fetching game state"}
{"level":30,"time":1774382620310,"pid":1603593,"hostname":"TempleOfZyminx","id":"5a0b0710-4b16-4941-91e6-ae9a2c92bfc5","msg":"Fetching game state"}
{"level":30,"time":1774382620315,"pid":1603593,"hostname":"TempleOfZyminx","id":"5a0b0710-4b16-4941-91e6-ae9a2c92bfc5","command":"END_PHASE","msg":"Submitting game action"}
{"level":30,"time":1774382620316,"pid":1603593,"hostname":"TempleOfZyminx","gameId":"5a0b0710-4b16-4941-91e6-ae9a2c92bfc5","phase":"ONION_MOVE","msg":"Advancing phase"}
{"level":30,"time":1774382620316,"pid":1603593,"hostname":"TempleOfZyminx","phase":"ONION_MOVE","turnNumber":1,"msg":"Advancing phase in engine"}
{"level":30,"time":1774382620316,"pid":1603593,"hostname":"TempleOfZyminx","id":"5a0b0710-4b16-4941-91e6-ae9a2c92bfc5","msg":"Fetching game state"}
{"level":30,"time":1774382620317,"pid":1603593,"hostname":"TempleOfZyminx","id":"5a0b0710-4b16-4941-91e6-ae9a2c92bfc5","msg":"Fetching game state"}
{"level":30,"time":1774382620318,"pid":1603593,"hostname":"TempleOfZyminx","id":"5a0b0710-4b16-4941-91e6-ae9a2c92bfc5","command":"FIRE","msg":"Submitting game action"}
{"level":30,"time":1774382620318,"pid":1603593,"hostname":"TempleOfZyminx","gameId":"5a0b0710-4b16-4941-91e6-ae9a2c92bfc5","type":"FIRE","msg":"Processing combat command"}
{"level":30,"time":1774382620318,"pid":1603593,"hostname":"TempleOfZyminx","commandType":"FIRE","msg":"Validating combat action"}
{"level":30,"time":1774382620318,"pid":1603593,"hostname":"TempleOfZyminx","plan":{"actionType":"FIRE","actor":"onion","attackerIds":["missile_1"],"target":{"kind":"defender","id":"pigs-1"},"attackStrength":6,"defense":3,"weaponIds":["missile_1"]},"msg":"Executing combat action"}
{"level":30,"time":1774382620319,"pid":1603593,"hostname":"TempleOfZyminx","id":"5a0b0710-4b16-4941-91e6-ae9a2c92bfc5","command":"FIRE","msg":"Submitting game action"}
{"level":30,"time":1774382620320,"pid":1603593,"hostname":"TempleOfZyminx","gameId":"5a0b0710-4b16-4941-91e6-ae9a2c92bfc5","type":"FIRE","msg":"Processing combat command"}
{"level":30,"time":1774382620320,"pid":1603593,"hostname":"TempleOfZyminx","commandType":"FIRE","msg":"Validating combat action"}
{"level":30,"time":1774382620320,"pid":1603593,"hostname":"TempleOfZyminx","gameId":"5a0b0710-4b16-4941-91e6-ae9a2c92bfc5","error":"Attacker 'missile_1' is already destroyed or exhausted","msg":"Invalid combat command"}
{"level":30,"time":1774382620320,"pid":1603593,"hostname":"TempleOfZyminx","id":"5a0b0710-4b16-4941-91e6-ae9a2c92bfc5","msg":"Fetching game state"}
{"level":30,"time":1774382620321,"pid":1603593,"hostname":"TempleOfZyminx","id":"5a0b0710-4b16-4941-91e6-ae9a2c92bfc5","command":"END_PHASE","msg":"Submitting game action"}
{"level":30,"time":1774382620321,"pid":1603593,"hostname":"TempleOfZyminx","gameId":"5a0b0710-4b16-4941-91e6-ae9a2c92bfc5","phase":"ONION_COMBAT","msg":"Advancing phase"}
{"level":30,"time":1774382620321,"pid":1603593,"hostname":"TempleOfZyminx","phase":"ONION_COMBAT","turnNumber":1,"msg":"Advancing phase in engine"}
{"level":30,"time":1774382620322,"pid":1603593,"hostname":"TempleOfZyminx","id":"5a0b0710-4b16-4941-91e6-ae9a2c92bfc5","msg":"Fetching game state"}
{"level":30,"time":1774382620323,"pid":1603593,"hostname":"TempleOfZyminx","id":"5a0b0710-4b16-4941-91e6-ae9a2c92bfc5","msg":"Fetching game state"}
{"level":30,"time":1774382620323,"pid":1603593,"hostname":"TempleOfZyminx","from":{"q":5,"r":6},"to":{"q":0,"r":0},"msg":"findPath: no valid path found"}
{"level":30,"time":1774382620323,"pid":1603593,"hostname":"TempleOfZyminx","from":{"q":5,"r":6},"to":{"q":0,"r":1},"msg":"findPath: no valid path found"}
{"level":30,"time":1774382620324,"pid":1603593,"hostname":"TempleOfZyminx","from":{"q":5,"r":6},"to":{"q":0,"r":2},"msg":"findPath: no valid path found"}
{"level":30,"time":1774382620324,"pid":1603593,"hostname":"TempleOfZyminx","from":{"q":5,"r":6},"to":{"q":0,"r":3},"msg":"findPath: no valid path found"}
{"level":30,"time":1774382620324,"pid":1603593,"hostname":"TempleOfZyminx","from":{"q":5,"r":6},"to":{"q":0,"r":4},"msg":"findPath: no valid path found"}
{"level":30,"time":1774382620324,"pid":1603593,"hostname":"TempleOfZyminx","from":{"q":5,"r":6},"to":{"q":0,"r":5},"msg":"findPath: no valid path found"}
{"level":30,"time":1774382620324,"pid":1603593,"hostname":"TempleOfZyminx","from":{"q":5,"r":6},"to":{"q":0,"r":6},"msg":"findPath: no valid path found"}
{"level":30,"time":1774382620324,"pid":1603593,"hostname":"TempleOfZyminx","from":{"q":5,"r":6},"to":{"q":0,"r":7},"msg":"findPath: no valid path found"}
{"level":30,"time":1774382620324,"pid":1603593,"hostname":"TempleOfZyminx","from":{"q":5,"r":6},"to":{"q":0,"r":8},"msg":"findPath: no valid path found"}
{"level":30,"time":1774382620324,"pid":1603593,"hostname":"TempleOfZyminx","from":{"q":5,"r":6},"to":{"q":0,"r":9},"msg":"findPath: no valid path found"}
{"level":30,"time":1774382620324,"pid":1603593,"hostname":"TempleOfZyminx","from":{"q":5,"r":6},"to":{"q":0,"r":10},"msg":"findPath: no valid path found"}
{"level":30,"time":1774382620324,"pid":1603593,"hostname":"TempleOfZyminx","from":{"q":5,"r":6},"to":{"q":0,"r":11},"msg":"findPath: no valid path found"}
{"level":30,"time":1774382620324,"pid":1603593,"hostname":"TempleOfZyminx","from":{"q":5,"r":6},"to":{"q":0,"r":12},"msg":"findPath: no valid path found"}
{"level":30,"time":1774382620325,"pid":1603593,"hostname":"TempleOfZyminx","from":{"q":5,"r":6},"to":{"q":0,"r":13},"msg":"findPath: no valid path found"}
{"level":30,"time":1774382620325,"pid":1603593,"hostname":"TempleOfZyminx","from":{"q":5,"r":6},"to":{"q":0,"r":14},"msg":"findPath: no valid path found"}
{"level":30,"time":1774382620325,"pid":1603593,"hostname":"TempleOfZyminx","from":{"q":5,"r":6},"to":{"q":0,"r":15},"msg":"findPath: no valid path found"}
{"level":30,"time":1774382620325,"pid":1603593,"hostname":"TempleOfZyminx","from":{"q":5,"r":6},"to":{"q":0,"r":16},"msg":"findPath: no valid path found"}
{"level":30,"time":1774382620325,"pid":1603593,"hostname":"TempleOfZyminx","from":{"q":5,"r":6},"to":{"q":0,"r":17},"msg":"findPath: no valid path found"}
{"level":30,"time":1774382620325,"pid":1603593,"hostname":"TempleOfZyminx","from":{"q":5,"r":6},"to":{"q":0,"r":18},"msg":"findPath: no valid path found"}
{"level":30,"time":1774382620325,"pid":1603593,"hostname":"TempleOfZyminx","from":{"q":5,"r":6},"to":{"q":0,"r":19},"msg":"findPath: no valid path found"}
{"level":30,"time":1774382620326,"pid":1603593,"hostname":"TempleOfZyminx","from":{"q":5,"r":6},"to":{"q":0,"r":20},"msg":"findPath: no valid path found"}
{"level":30,"time":1774382620326,"pid":1603593,"hostname":"TempleOfZyminx","from":{"q":5,"r":6},"to":{"q":0,"r":21},"msg":"findPath: no valid path found"}
{"level":30,"time":1774382620326,"pid":1603593,"hostname":"TempleOfZyminx","from":{"q":5,"r":6},"to":{"q":1,"r":0},"msg":"findPath: no valid path found"}
{"level":30,"time":1774382620326,"pid":1603593,"hostname":"TempleOfZyminx","from":{"q":5,"r":6},"to":{"q":1,"r":1},"msg":"findPath: no valid path found"}
{"level":30,"time":1774382620326,"pid":1603593,"hostname":"TempleOfZyminx","from":{"q":5,"r":6},"to":{"q":1,"r":2},"msg":"findPath: no valid path found"}
{"level":30,"time":1774382620326,"pid":1603593,"hostname":"TempleOfZyminx","from":{"q":5,"r":6},"to":{"q":1,"r":3},"msg":"findPath: no valid path found"}
{"level":30,"time":1774382620326,"pid":1603593,"hostname":"TempleOfZyminx","from":{"q":5,"r":6},"to":{"q":1,"r":4},"msg":"findPath: no valid path found"}
{"level":30,"time":1774382620327,"pid":1603593,"hostname":"TempleOfZyminx","from":{"q":5,"r":6},"to":{"q":1,"r":5},"msg":"findPath: no valid path found"}
{"level":30,"time":1774382620327,"pid":1603593,"hostname":"TempleOfZyminx","from":{"q":5,"r":6},"to":{"q":1,"r":10},"msg":"findPath: no valid path found"}
{"level":30,"time":1774382620327,"pid":1603593,"hostname":"TempleOfZyminx","from":{"q":5,"r":6},"to":{"q":1,"r":11},"msg":"findPath: no valid path found"}
{"level":30,"time":1774382620327,"pid":1603593,"hostname":"TempleOfZyminx","from":{"q":5,"r":6},"to":{"q":1,"r":12},"msg":"findPath: no valid path found"}
{"level":30,"time":1774382620328,"pid":1603593,"hostname":"TempleOfZyminx","from":{"q":5,"r":6},"to":{"q":1,"r":13},"msg":"findPath: no valid path found"}
{"level":30,"time":1774382620328,"pid":1603593,"hostname":"TempleOfZyminx","from":{"q":5,"r":6},"to":{"q":1,"r":14},"msg":"findPath: no valid path found"}
{"level":30,"time":1774382620328,"pid":1603593,"hostname":"TempleOfZyminx","from":{"q":5,"r":6},"to":{"q":1,"r":15},"msg":"findPath: no valid path found"}
{"level":30,"time":1774382620328,"pid":1603593,"hostname":"TempleOfZyminx","from":{"q":5,"r":6},"to":{"q":1,"r":16},"msg":"findPath: no valid path found"}
{"level":30,"time":1774382620328,"pid":1603593,"hostname":"TempleOfZyminx","from":{"q":5,"r":6},"to":{"q":1,"r":17},"msg":"findPath: no valid path found"}
{"level":30,"time":1774382620328,"pid":1603593,"hostname":"TempleOfZyminx","from":{"q":5,"r":6},"to":{"q":1,"r":18},"msg":"findPath: no valid path found"}
{"level":30,"time":1774382620328,"pid":1603593,"hostname":"TempleOfZyminx","from":{"q":5,"r":6},"to":{"q":1,"r":19},"msg":"findPath: no valid path found"}
{"level":30,"time":1774382620329,"pid":1603593,"hostname":"TempleOfZyminx","from":{"q":5,"r":6},"to":{"q":1,"r":20},"msg":"findPath: no valid path found"}
{"level":30,"time":1774382620329,"pid":1603593,"hostname":"TempleOfZyminx","from":{"q":5,"r":6},"to":{"q":1,"r":21},"msg":"findPath: no valid path found"}
{"level":30,"time":1774382620329,"pid":1603593,"hostname":"TempleOfZyminx","from":{"q":5,"r":6},"to":{"q":2,"r":0},"msg":"findPath: no valid path found"}
{"level":30,"time":1774382620329,"pid":1603593,"hostname":"TempleOfZyminx","from":{"q":5,"r":6},"to":{"q":2,"r":1},"msg":"findPath: no valid path found"}
{"level":30,"time":1774382620329,"pid":1603593,"hostname":"TempleOfZyminx","from":{"q":5,"r":6},"to":{"q":2,"r":2},"msg":"findPath: no valid path found"}
{"level":30,"time":1774382620329,"pid":1603593,"hostname":"TempleOfZyminx","from":{"q":5,"r":6},"to":{"q":2,"r":3},"msg":"findPath: no valid path found"}
{"level":30,"time":1774382620329,"pid":1603593,"hostname":"TempleOfZyminx","from":{"q":5,"r":6},"to":{"q":2,"r":4},"msg":"findPath: no valid path found"}
{"level":30,"time":1774382620330,"pid":1603593,"hostname":"TempleOfZyminx","from":{"q":5,"r":6},"to":{"q":2,"r":10},"msg":"findPath: no valid path found"}
{"level":30,"time":1774382620330,"pid":1603593,"hostname":"TempleOfZyminx","from":{"q":5,"r":6},"to":{"q":2,"r":11},"msg":"findPath: no valid path found"}
{"level":30,"time":1774382620330,"pid":1603593,"hostname":"TempleOfZyminx","from":{"q":5,"r":6},"to":{"q":2,"r":12},"msg":"findPath: no valid path found"}
{"level":30,"time":1774382620330,"pid":1603593,"hostname":"TempleOfZyminx","from":{"q":5,"r":6},"to":{"q":2,"r":13},"msg":"findPath: no valid path found"}
{"level":30,"time":1774382620331,"pid":1603593,"hostname":"TempleOfZyminx","from":{"q":5,"r":6},"to":{"q":2,"r":14},"msg":"findPath: no valid path found"}
{"level":30,"time":1774382620331,"pid":1603593,"hostname":"TempleOfZyminx","from":{"q":5,"r":6},"to":{"q":2,"r":15},"msg":"findPath: no valid path found"}
{"level":30,"time":1774382620331,"pid":1603593,"hostname":"TempleOfZyminx","from":{"q":5,"r":6},"to":{"q":2,"r":16},"msg":"findPath: no valid path found"}
{"level":30,"time":1774382620331,"pid":1603593,"hostname":"TempleOfZyminx","from":{"q":5,"r":6},"to":{"q":2,"r":17},"msg":"findPath: no valid path found"}
{"level":30,"time":1774382620331,"pid":1603593,"hostname":"TempleOfZyminx","from":{"q":5,"r":6},"to":{"q":2,"r":18},"msg":"findPath: no valid path found"}
{"level":30,"time":1774382620331,"pid":1603593,"hostname":"TempleOfZyminx","from":{"q":5,"r":6},"to":{"q":2,"r":19},"msg":"findPath: no valid path found"}
{"level":30,"time":1774382620331,"pid":1603593,"hostname":"TempleOfZyminx","from":{"q":5,"r":6},"to":{"q":2,"r":20},"msg":"findPath: no valid path found"}
{"level":30,"time":1774382620331,"pid":1603593,"hostname":"TempleOfZyminx","from":{"q":5,"r":6},"to":{"q":2,"r":21},"msg":"findPath: no valid path found"}
{"level":30,"time":1774382620332,"pid":1603593,"hostname":"TempleOfZyminx","from":{"q":5,"r":6},"to":{"q":3,"r":0},"msg":"findPath: no valid path found"}
{"level":30,"time":1774382620332,"pid":1603593,"hostname":"TempleOfZyminx","from":{"q":5,"r":6},"to":{"q":3,"r":1},"msg":"findPath: no valid path found"}
{"level":30,"time":1774382620332,"pid":1603593,"hostname":"TempleOfZyminx","from":{"q":5,"r":6},"to":{"q":3,"r":2},"msg":"findPath: no valid path found"}
{"level":30,"time":1774382620332,"pid":1603593,"hostname":"TempleOfZyminx","from":{"q":5,"r":6},"to":{"q":3,"r":3},"msg":"findPath: no valid path found"}
{"level":30,"time":1774382620332,"pid":1603593,"hostname":"TempleOfZyminx","from":{"q":5,"r":6},"to":{"q":3,"r":8},"msg":"findPath: no valid path found"}
{"level":30,"time":1774382620333,"pid":1603593,"hostname":"TempleOfZyminx","from":{"q":5,"r":6},"to":{"q":3,"r":11},"msg":"findPath: no valid path found"}
{"level":30,"time":1774382620333,"pid":1603593,"hostname":"TempleOfZyminx","from":{"q":5,"r":6},"to":{"q":3,"r":12},"msg":"findPath: no valid path found"}
{"level":30,"time":1774382620333,"pid":1603593,"hostname":"TempleOfZyminx","from":{"q":5,"r":6},"to":{"q":3,"r":13},"msg":"findPath: no valid path found"}
{"level":30,"time":1774382620333,"pid":1603593,"hostname":"TempleOfZyminx","from":{"q":5,"r":6},"to":{"q":3,"r":14},"msg":"findPath: no valid path found"}
{"level":30,"time":1774382620333,"pid":1603593,"hostname":"TempleOfZyminx","from":{"q":5,"r":6},"to":{"q":3,"r":15},"msg":"findPath: no valid path found"}
{"level":30,"time":1774382620333,"pid":1603593,"hostname":"TempleOfZyminx","from":{"q":5,"r":6},"to":{"q":3,"r":16},"msg":"findPath: no valid path found"}
{"level":30,"time":1774382620333,"pid":1603593,"hostname":"TempleOfZyminx","from":{"q":5,"r":6},"to":{"q":3,"r":17},"msg":"findPath: no valid path found"}
{"level":30,"time":1774382620333,"pid":1603593,"hostname":"TempleOfZyminx","from":{"q":5,"r":6},"to":{"q":3,"r":18},"msg":"findPath: no valid path found"}
{"level":30,"time":1774382620333,"pid":1603593,"hostname":"TempleOfZyminx","from":{"q":5,"r":6},"to":{"q":3,"r":19},"msg":"findPath: no valid path found"}
{"level":30,"time":1774382620334,"pid":1603593,"hostname":"TempleOfZyminx","from":{"q":5,"r":6},"to":{"q":3,"r":20},"msg":"findPath: no valid path found"}
{"level":30,"time":1774382620334,"pid":1603593,"hostname":"TempleOfZyminx","from":{"q":5,"r":6},"to":{"q":3,"r":21},"msg":"findPath: no valid path found"}
{"level":30,"time":1774382620334,"pid":1603593,"hostname":"TempleOfZyminx","from":{"q":5,"r":6},"to":{"q":4,"r":0},"msg":"findPath: no valid path found"}
{"level":30,"time":1774382620334,"pid":1603593,"hostname":"TempleOfZyminx","from":{"q":5,"r":6},"to":{"q":4,"r":1},"msg":"findPath: no valid path found"}
{"level":30,"time":1774382620334,"pid":1603593,"hostname":"TempleOfZyminx","from":{"q":5,"r":6},"to":{"q":4,"r":2},"msg":"findPath: no valid path found"}
{"level":30,"time":1774382620335,"pid":1603593,"hostname":"TempleOfZyminx","from":{"q":5,"r":6},"to":{"q":4,"r":8},"msg":"findPath: no valid path found"}
{"level":30,"time":1774382620335,"pid":1603593,"hostname":"TempleOfZyminx","from":{"q":5,"r":6},"to":{"q":4,"r":11},"msg":"findPath: no valid path found"}
{"level":30,"time":1774382620335,"pid":1603593,"hostname":"TempleOfZyminx","from":{"q":5,"r":6},"to":{"q":4,"r":12},"msg":"findPath: no valid path found"}
{"level":30,"time":1774382620335,"pid":1603593,"hostname":"TempleOfZyminx","from":{"q":5,"r":6},"to":{"q":4,"r":13},"msg":"findPath: no valid path found"}
{"level":30,"time":1774382620335,"pid":1603593,"hostname":"TempleOfZyminx","from":{"q":5,"r":6},"to":{"q":4,"r":14},"msg":"findPath: no valid path found"}
{"level":30,"time":1774382620335,"pid":1603593,"hostname":"TempleOfZyminx","from":{"q":5,"r":6},"to":{"q":4,"r":15},"msg":"findPath: no valid path found"}
{"level":30,"time":1774382620336,"pid":1603593,"hostname":"TempleOfZyminx","from":{"q":5,"r":6},"to":{"q":4,"r":16},"msg":"findPath: no valid path found"}
{"level":30,"time":1774382620336,"pid":1603593,"hostname":"TempleOfZyminx","from":{"q":5,"r":6},"to":{"q":4,"r":17},"msg":"findPath: no valid path found"}
{"level":30,"time":1774382620336,"pid":1603593,"hostname":"TempleOfZyminx","from":{"q":5,"r":6},"to":{"q":4,"r":18},"msg":"findPath: no valid path found"}
{"level":30,"time":1774382620336,"pid":1603593,"hostname":"TempleOfZyminx","from":{"q":5,"r":6},"to":{"q":4,"r":19},"msg":"findPath: no valid path found"}
{"level":30,"time":1774382620336,"pid":1603593,"hostname":"TempleOfZyminx","from":{"q":5,"r":6},"to":{"q":4,"r":20},"msg":"findPath: no valid path found"}
{"level":30,"time":1774382620336,"pid":1603593,"hostname":"TempleOfZyminx","from":{"q":5,"r":6},"to":{"q":4,"r":21},"msg":"findPath: no valid path found"}
{"level":30,"time":1774382620336,"pid":1603593,"hostname":"TempleOfZyminx","from":{"q":5,"r":6},"to":{"q":5,"r":0},"msg":"findPath: no valid path found"}
{"level":30,"time":1774382620337,"pid":1603593,"hostname":"TempleOfZyminx","from":{"q":5,"r":6},"to":{"q":5,"r":1},"msg":"findPath: no valid path found"}
{"level":30,"time":1774382620337,"pid":1603593,"hostname":"TempleOfZyminx","from":{"q":5,"r":6},"to":{"q":5,"r":2},"msg":"findPath: no valid path found"}
{"level":30,"time":1774382620337,"pid":1603593,"hostname":"TempleOfZyminx","from":{"q":5,"r":6},"to":{"q":5,"r":11},"msg":"findPath: no valid path found"}
{"level":30,"time":1774382620337,"pid":1603593,"hostname":"TempleOfZyminx","from":{"q":5,"r":6},"to":{"q":5,"r":12},"msg":"findPath: no valid path found"}
{"level":30,"time":1774382620338,"pid":1603593,"hostname":"TempleOfZyminx","from":{"q":5,"r":6},"to":{"q":5,"r":13},"msg":"findPath: no valid path found"}
{"level":30,"time":1774382620338,"pid":1603593,"hostname":"TempleOfZyminx","from":{"q":5,"r":6},"to":{"q":5,"r":14},"msg":"findPath: no valid path found"}
{"level":30,"time":1774382620338,"pid":1603593,"hostname":"TempleOfZyminx","from":{"q":5,"r":6},"to":{"q":5,"r":15},"msg":"findPath: no valid path found"}
{"level":30,"time":1774382620338,"pid":1603593,"hostname":"TempleOfZyminx","from":{"q":5,"r":6},"to":{"q":5,"r":16},"msg":"findPath: no valid path found"}
{"level":30,"time":1774382620338,"pid":1603593,"hostname":"TempleOfZyminx","from":{"q":5,"r":6},"to":{"q":5,"r":17},"msg":"findPath: no valid path found"}
{"level":30,"time":1774382620340,"pid":1603593,"hostname":"TempleOfZyminx","from":{"q":5,"r":6},"to":{"q":5,"r":18},"msg":"findPath: no valid path found"}
{"level":30,"time":1774382620340,"pid":1603593,"hostname":"TempleOfZyminx","from":{"q":5,"r":6},"to":{"q":5,"r":19},"msg":"findPath: no valid path found"}
{"level":30,"time":1774382620340,"pid":1603593,"hostname":"TempleOfZyminx","from":{"q":5,"r":6},"to":{"q":5,"r":20},"msg":"findPath: no valid path found"}
{"level":30,"time":1774382620340,"pid":1603593,"hostname":"TempleOfZyminx","from":{"q":5,"r":6},"to":{"q":5,"r":21},"msg":"findPath: no valid path found"}
{"level":30,"time":1774382620340,"pid":1603593,"hostname":"TempleOfZyminx","from":{"q":5,"r":6},"to":{"q":6,"r":0},"msg":"findPath: no valid path found"}
{"level":30,"time":1774382620340,"pid":1603593,"hostname":"TempleOfZyminx","from":{"q":5,"r":6},"to":{"q":6,"r":1},"msg":"findPath: no valid path found"}
{"level":30,"time":1774382620341,"pid":1603593,"hostname":"TempleOfZyminx","from":{"q":5,"r":6},"to":{"q":6,"r":10},"msg":"findPath: no valid path found"}
{"level":30,"time":1774382620341,"pid":1603593,"hostname":"TempleOfZyminx","from":{"q":5,"r":6},"to":{"q":6,"r":11},"msg":"findPath: no valid path found"}
{"level":30,"time":1774382620341,"pid":1603593,"hostname":"TempleOfZyminx","from":{"q":5,"r":6},"to":{"q":6,"r":12},"msg":"findPath: no valid path found"}
{"level":30,"time":1774382620341,"pid":1603593,"hostname":"TempleOfZyminx","from":{"q":5,"r":6},"to":{"q":6,"r":13},"msg":"findPath: no valid path found"}
{"level":30,"time":1774382620342,"pid":1603593,"hostname":"TempleOfZyminx","from":{"q":5,"r":6},"to":{"q":6,"r":14},"msg":"findPath: no valid path found"}
{"level":30,"time":1774382620342,"pid":1603593,"hostname":"TempleOfZyminx","from":{"q":5,"r":6},"to":{"q":6,"r":15},"msg":"findPath: no valid path found"}
{"level":30,"time":1774382620342,"pid":1603593,"hostname":"TempleOfZyminx","from":{"q":5,"r":6},"to":{"q":6,"r":16},"msg":"findPath: no valid path found"}
{"level":30,"time":1774382620342,"pid":1603593,"hostname":"TempleOfZyminx","from":{"q":5,"r":6},"to":{"q":6,"r":17},"msg":"findPath: no valid path found"}
{"level":30,"time":1774382620342,"pid":1603593,"hostname":"TempleOfZyminx","from":{"q":5,"r":6},"to":{"q":6,"r":18},"msg":"findPath: no valid path found"}
{"level":30,"time":1774382620342,"pid":1603593,"hostname":"TempleOfZyminx","from":{"q":5,"r":6},"to":{"q":6,"r":19},"msg":"findPath: no valid path found"}
{"level":30,"time":1774382620342,"pid":1603593,"hostname":"TempleOfZyminx","from":{"q":5,"r":6},"to":{"q":6,"r":20},"msg":"findPath: no valid path found"}
{"level":30,"time":1774382620342,"pid":1603593,"hostname":"TempleOfZyminx","from":{"q":5,"r":6},"to":{"q":6,"r":21},"msg":"findPath: no valid path found"}
{"level":30,"time":1774382620343,"pid":1603593,"hostname":"TempleOfZyminx","from":{"q":5,"r":6},"to":{"q":7,"r":0},"msg":"findPath: no valid path found"}
{"level":30,"time":1774382620343,"pid":1603593,"hostname":"TempleOfZyminx","from":{"q":5,"r":6},"to":{"q":7,"r":1},"msg":"findPath: no valid path found"}
{"level":30,"time":1774382620343,"pid":1603593,"hostname":"TempleOfZyminx","from":{"q":5,"r":6},"to":{"q":7,"r":9},"msg":"findPath: no valid path found"}
{"level":30,"time":1774382620343,"pid":1603593,"hostname":"TempleOfZyminx","from":{"q":5,"r":6},"to":{"q":7,"r":10},"msg":"findPath: no valid path found"}
{"level":30,"time":1774382620343,"pid":1603593,"hostname":"TempleOfZyminx","from":{"q":5,"r":6},"to":{"q":7,"r":11},"msg":"findPath: no valid path found"}
{"level":30,"time":1774382620344,"pid":1603593,"hostname":"TempleOfZyminx","from":{"q":5,"r":6},"to":{"q":7,"r":12},"msg":"findPath: no valid path found"}
{"level":30,"time":1774382620344,"pid":1603593,"hostname":"TempleOfZyminx","from":{"q":5,"r":6},"to":{"q":7,"r":13},"msg":"findPath: no valid path found"}
{"level":30,"time":1774382620344,"pid":1603593,"hostname":"TempleOfZyminx","from":{"q":5,"r":6},"to":{"q":7,"r":14},"msg":"findPath: no valid path found"}
{"level":30,"time":1774382620344,"pid":1603593,"hostname":"TempleOfZyminx","from":{"q":5,"r":6},"to":{"q":7,"r":15},"msg":"findPath: no valid path found"}
{"level":30,"time":1774382620344,"pid":1603593,"hostname":"TempleOfZyminx","from":{"q":5,"r":6},"to":{"q":7,"r":16},"msg":"findPath: no valid path found"}
{"level":30,"time":1774382620344,"pid":1603593,"hostname":"TempleOfZyminx","from":{"q":5,"r":6},"to":{"q":7,"r":17},"msg":"findPath: no valid path found"}
{"level":30,"time":1774382620344,"pid":1603593,"hostname":"TempleOfZyminx","from":{"q":5,"r":6},"to":{"q":7,"r":18},"msg":"findPath: no valid path found"}
{"level":30,"time":1774382620344,"pid":1603593,"hostname":"TempleOfZyminx","from":{"q":5,"r":6},"to":{"q":7,"r":19},"msg":"findPath: no valid path found"}
{"level":30,"time":1774382620345,"pid":1603593,"hostname":"TempleOfZyminx","from":{"q":5,"r":6},"to":{"q":7,"r":20},"msg":"findPath: no valid path found"}
{"level":30,"time":1774382620345,"pid":1603593,"hostname":"TempleOfZyminx","from":{"q":5,"r":6},"to":{"q":7,"r":21},"msg":"findPath: no valid path found"}
{"level":30,"time":1774382620345,"pid":1603593,"hostname":"TempleOfZyminx","from":{"q":5,"r":6},"to":{"q":8,"r":0},"msg":"findPath: no valid path found"}
{"level":30,"time":1774382620345,"pid":1603593,"hostname":"TempleOfZyminx","from":{"q":5,"r":6},"to":{"q":8,"r":1},"msg":"findPath: no valid path found"}
{"level":30,"time":1774382620346,"pid":1603593,"hostname":"TempleOfZyminx","from":{"q":5,"r":6},"to":{"q":8,"r":8},"msg":"findPath: no valid path found"}
{"level":30,"time":1774382620346,"pid":1603593,"hostname":"TempleOfZyminx","from":{"q":5,"r":6},"to":{"q":8,"r":9},"msg":"findPath: no valid path found"}
{"level":30,"time":1774382620346,"pid":1603593,"hostname":"TempleOfZyminx","from":{"q":5,"r":6},"to":{"q":8,"r":10},"msg":"findPath: no valid path found"}
{"level":30,"time":1774382620346,"pid":1603593,"hostname":"TempleOfZyminx","from":{"q":5,"r":6},"to":{"q":8,"r":11},"msg":"findPath: no valid path found"}
{"level":30,"time":1774382620346,"pid":1603593,"hostname":"TempleOfZyminx","from":{"q":5,"r":6},"to":{"q":8,"r":12},"msg":"findPath: no valid path found"}
{"level":30,"time":1774382620346,"pid":1603593,"hostname":"TempleOfZyminx","from":{"q":5,"r":6},"to":{"q":8,"r":13},"msg":"findPath: no valid path found"}
{"level":30,"time":1774382620346,"pid":1603593,"hostname":"TempleOfZyminx","from":{"q":5,"r":6},"to":{"q":8,"r":14},"msg":"findPath: no valid path found"}
{"level":30,"time":1774382620347,"pid":1603593,"hostname":"TempleOfZyminx","from":{"q":5,"r":6},"to":{"q":8,"r":15},"msg":"findPath: no valid path found"}
{"level":30,"time":1774382620347,"pid":1603593,"hostname":"TempleOfZyminx","from":{"q":5,"r":6},"to":{"q":8,"r":16},"msg":"findPath: no valid path found"}
{"level":30,"time":1774382620347,"pid":1603593,"hostname":"TempleOfZyminx","from":{"q":5,"r":6},"to":{"q":8,"r":17},"msg":"findPath: no valid path found"}
{"level":30,"time":1774382620347,"pid":1603593,"hostname":"TempleOfZyminx","from":{"q":5,"r":6},"to":{"q":8,"r":18},"msg":"findPath: no valid path found"}
{"level":30,"time":1774382620347,"pid":1603593,"hostname":"TempleOfZyminx","from":{"q":5,"r":6},"to":{"q":8,"r":19},"msg":"findPath: no valid path found"}
{"level":30,"time":1774382620347,"pid":1603593,"hostname":"TempleOfZyminx","from":{"q":5,"r":6},"to":{"q":8,"r":20},"msg":"findPath: no valid path found"}
{"level":30,"time":1774382620348,"pid":1603593,"hostname":"TempleOfZyminx","from":{"q":5,"r":6},"to":{"q":8,"r":21},"msg":"findPath: no valid path found"}
{"level":30,"time":1774382620348,"pid":1603593,"hostname":"TempleOfZyminx","from":{"q":5,"r":6},"to":{"q":9,"r":0},"msg":"findPath: no valid path found"}
{"level":30,"time":1774382620348,"pid":1603593,"hostname":"TempleOfZyminx","from":{"q":5,"r":6},"to":{"q":9,"r":1},"msg":"findPath: no valid path found"}
{"level":30,"time":1774382620349,"pid":1603593,"hostname":"TempleOfZyminx","from":{"q":5,"r":6},"to":{"q":9,"r":7},"msg":"findPath: no valid path found"}
{"level":30,"time":1774382620349,"pid":1603593,"hostname":"TempleOfZyminx","from":{"q":5,"r":6},"to":{"q":9,"r":8},"msg":"findPath: no valid path found"}
{"level":30,"time":1774382620349,"pid":1603593,"hostname":"TempleOfZyminx","from":{"q":5,"r":6},"to":{"q":9,"r":9},"msg":"findPath: no valid path found"}
{"level":30,"time":1774382620349,"pid":1603593,"hostname":"TempleOfZyminx","from":{"q":5,"r":6},"to":{"q":9,"r":10},"msg":"findPath: no valid path found"}
{"level":30,"time":1774382620349,"pid":1603593,"hostname":"TempleOfZyminx","from":{"q":5,"r":6},"to":{"q":9,"r":11},"msg":"findPath: no valid path found"}
{"level":30,"time":1774382620349,"pid":1603593,"hostname":"TempleOfZyminx","from":{"q":5,"r":6},"to":{"q":9,"r":12},"msg":"findPath: no valid path found"}
{"level":30,"time":1774382620349,"pid":1603593,"hostname":"TempleOfZyminx","from":{"q":5,"r":6},"to":{"q":9,"r":13},"msg":"findPath: no valid path found"}
{"level":30,"time":1774382620350,"pid":1603593,"hostname":"TempleOfZyminx","from":{"q":5,"r":6},"to":{"q":9,"r":14},"msg":"findPath: no valid path found"}
{"level":30,"time":1774382620350,"pid":1603593,"hostname":"TempleOfZyminx","from":{"q":5,"r":6},"to":{"q":9,"r":15},"msg":"findPath: no valid path found"}
{"level":30,"time":1774382620350,"pid":1603593,"hostname":"TempleOfZyminx","from":{"q":5,"r":6},"to":{"q":9,"r":16},"msg":"findPath: no valid path found"}
{"level":30,"time":1774382620350,"pid":1603593,"hostname":"TempleOfZyminx","from":{"q":5,"r":6},"to":{"q":9,"r":17},"msg":"findPath: no valid path found"}
{"level":30,"time":1774382620350,"pid":1603593,"hostname":"TempleOfZyminx","from":{"q":5,"r":6},"to":{"q":9,"r":18},"msg":"findPath: no valid path found"}
{"level":30,"time":1774382620350,"pid":1603593,"hostname":"TempleOfZyminx","from":{"q":5,"r":6},"to":{"q":9,"r":19},"msg":"findPath: no valid path found"}
{"level":30,"time":1774382620350,"pid":1603593,"hostname":"TempleOfZyminx","from":{"q":5,"r":6},"to":{"q":9,"r":20},"msg":"findPath: no valid path found"}
{"level":30,"time":1774382620351,"pid":1603593,"hostname":"TempleOfZyminx","from":{"q":5,"r":6},"to":{"q":9,"r":21},"msg":"findPath: no valid path found"}
{"level":30,"time":1774382620351,"pid":1603593,"hostname":"TempleOfZyminx","from":{"q":5,"r":6},"to":{"q":10,"r":0},"msg":"findPath: no valid path found"}
{"level":30,"time":1774382620351,"pid":1603593,"hostname":"TempleOfZyminx","from":{"q":5,"r":6},"to":{"q":10,"r":1},"msg":"findPath: no valid path found"}
{"level":30,"time":1774382620351,"pid":1603593,"hostname":"TempleOfZyminx","from":{"q":5,"r":6},"to":{"q":10,"r":2},"msg":"findPath: no valid path found"}
{"level":30,"time":1774382620351,"pid":1603593,"hostname":"TempleOfZyminx","from":{"q":5,"r":6},"to":{"q":10,"r":3},"msg":"findPath: no valid path found"}
{"level":30,"time":1774382620351,"pid":1603593,"hostname":"TempleOfZyminx","from":{"q":5,"r":6},"to":{"q":10,"r":4},"msg":"findPath: no valid path found"}
{"level":30,"time":1774382620351,"pid":1603593,"hostname":"TempleOfZyminx","from":{"q":5,"r":6},"to":{"q":10,"r":5},"msg":"findPath: no valid path found"}
{"level":30,"time":1774382620351,"pid":1603593,"hostname":"TempleOfZyminx","from":{"q":5,"r":6},"to":{"q":10,"r":6},"msg":"findPath: no valid path found"}
{"level":30,"time":1774382620352,"pid":1603593,"hostname":"TempleOfZyminx","from":{"q":5,"r":6},"to":{"q":10,"r":7},"msg":"findPath: no valid path found"}
{"level":30,"time":1774382620352,"pid":1603593,"hostname":"TempleOfZyminx","from":{"q":5,"r":6},"to":{"q":10,"r":8},"msg":"findPath: no valid path found"}
{"level":30,"time":1774382620352,"pid":1603593,"hostname":"TempleOfZyminx","from":{"q":5,"r":6},"to":{"q":10,"r":9},"msg":"findPath: no valid path found"}
{"level":30,"time":1774382620352,"pid":1603593,"hostname":"TempleOfZyminx","from":{"q":5,"r":6},"to":{"q":10,"r":10},"msg":"findPath: no valid path found"}
{"level":30,"time":1774382620352,"pid":1603593,"hostname":"TempleOfZyminx","from":{"q":5,"r":6},"to":{"q":10,"r":11},"msg":"findPath: no valid path found"}
{"level":30,"time":1774382620352,"pid":1603593,"hostname":"TempleOfZyminx","from":{"q":5,"r":6},"to":{"q":10,"r":12},"msg":"findPath: no valid path found"}
{"level":30,"time":1774382620352,"pid":1603593,"hostname":"TempleOfZyminx","from":{"q":5,"r":6},"to":{"q":10,"r":13},"msg":"findPath: no valid path found"}
{"level":30,"time":1774382620353,"pid":1603593,"hostname":"TempleOfZyminx","from":{"q":5,"r":6},"to":{"q":10,"r":14},"msg":"findPath: no valid path found"}
{"level":30,"time":1774382620353,"pid":1603593,"hostname":"TempleOfZyminx","from":{"q":5,"r":6},"to":{"q":10,"r":15},"msg":"findPath: no valid path found"}
{"level":30,"time":1774382620353,"pid":1603593,"hostname":"TempleOfZyminx","from":{"q":5,"r":6},"to":{"q":10,"r":16},"msg":"findPath: no valid path found"}
{"level":30,"time":1774382620353,"pid":1603593,"hostname":"TempleOfZyminx","from":{"q":5,"r":6},"to":{"q":10,"r":17},"msg":"findPath: no valid path found"}
{"level":30,"time":1774382620353,"pid":1603593,"hostname":"TempleOfZyminx","from":{"q":5,"r":6},"to":{"q":10,"r":18},"msg":"findPath: no valid path found"}
{"level":30,"time":1774382620353,"pid":1603593,"hostname":"TempleOfZyminx","from":{"q":5,"r":6},"to":{"q":10,"r":19},"msg":"findPath: no valid path found"}
{"level":30,"time":1774382620353,"pid":1603593,"hostname":"TempleOfZyminx","from":{"q":5,"r":6},"to":{"q":10,"r":20},"msg":"findPath: no valid path found"}
{"level":30,"time":1774382620353,"pid":1603593,"hostname":"TempleOfZyminx","from":{"q":5,"r":6},"to":{"q":10,"r":21},"msg":"findPath: no valid path found"}
{"level":30,"time":1774382620354,"pid":1603593,"hostname":"TempleOfZyminx","from":{"q":5,"r":6},"to":{"q":11,"r":0},"msg":"findPath: no valid path found"}
{"level":30,"time":1774382620354,"pid":1603593,"hostname":"TempleOfZyminx","from":{"q":5,"r":6},"to":{"q":11,"r":1},"msg":"findPath: no valid path found"}
{"level":30,"time":1774382620354,"pid":1603593,"hostname":"TempleOfZyminx","from":{"q":5,"r":6},"to":{"q":11,"r":2},"msg":"findPath: no valid path found"}
{"level":30,"time":1774382620354,"pid":1603593,"hostname":"TempleOfZyminx","from":{"q":5,"r":6},"to":{"q":11,"r":3},"msg":"findPath: no valid path found"}
{"level":30,"time":1774382620354,"pid":1603593,"hostname":"TempleOfZyminx","from":{"q":5,"r":6},"to":{"q":11,"r":4},"msg":"findPath: no valid path found"}
{"level":30,"time":1774382620354,"pid":1603593,"hostname":"TempleOfZyminx","from":{"q":5,"r":6},"to":{"q":11,"r":5},"msg":"findPath: no valid path found"}
{"level":30,"time":1774382620355,"pid":1603593,"hostname":"TempleOfZyminx","from":{"q":5,"r":6},"to":{"q":11,"r":6},"msg":"findPath: no valid path found"}
{"level":30,"time":1774382620355,"pid":1603593,"hostname":"TempleOfZyminx","from":{"q":5,"r":6},"to":{"q":11,"r":7},"msg":"findPath: no valid path found"}
{"level":30,"time":1774382620355,"pid":1603593,"hostname":"TempleOfZyminx","from":{"q":5,"r":6},"to":{"q":11,"r":8},"msg":"findPath: no valid path found"}
{"level":30,"time":1774382620355,"pid":1603593,"hostname":"TempleOfZyminx","from":{"q":5,"r":6},"to":{"q":11,"r":9},"msg":"findPath: no valid path found"}
{"level":30,"time":1774382620355,"pid":1603593,"hostname":"TempleOfZyminx","from":{"q":5,"r":6},"to":{"q":11,"r":10},"msg":"findPath: no valid path found"}
{"level":30,"time":1774382620355,"pid":1603593,"hostname":"TempleOfZyminx","from":{"q":5,"r":6},"to":{"q":11,"r":11},"msg":"findPath: no valid path found"}
{"level":30,"time":1774382620355,"pid":1603593,"hostname":"TempleOfZyminx","from":{"q":5,"r":6},"to":{"q":11,"r":12},"msg":"findPath: no valid path found"}
{"level":30,"time":1774382620356,"pid":1603593,"hostname":"TempleOfZyminx","from":{"q":5,"r":6},"to":{"q":11,"r":13},"msg":"findPath: no valid path found"}
{"level":30,"time":1774382620356,"pid":1603593,"hostname":"TempleOfZyminx","from":{"q":5,"r":6},"to":{"q":11,"r":14},"msg":"findPath: no valid path found"}
{"level":30,"time":1774382620356,"pid":1603593,"hostname":"TempleOfZyminx","from":{"q":5,"r":6},"to":{"q":11,"r":15},"msg":"findPath: no valid path found"}
{"level":30,"time":1774382620356,"pid":1603593,"hostname":"TempleOfZyminx","from":{"q":5,"r":6},"to":{"q":11,"r":16},"msg":"findPath: no valid path found"}
{"level":30,"time":1774382620356,"pid":1603593,"hostname":"TempleOfZyminx","from":{"q":5,"r":6},"to":{"q":11,"r":17},"msg":"findPath: no valid path found"}
{"level":30,"time":1774382620356,"pid":1603593,"hostname":"TempleOfZyminx","from":{"q":5,"r":6},"to":{"q":11,"r":18},"msg":"findPath: no valid path found"}
{"level":30,"time":1774382620356,"pid":1603593,"hostname":"TempleOfZyminx","from":{"q":5,"r":6},"to":{"q":11,"r":19},"msg":"findPath: no valid path found"}
{"level":30,"time":1774382620356,"pid":1603593,"hostname":"TempleOfZyminx","from":{"q":5,"r":6},"to":{"q":11,"r":20},"msg":"findPath: no valid path found"}
{"level":30,"time":1774382620357,"pid":1603593,"hostname":"TempleOfZyminx","from":{"q":5,"r":6},"to":{"q":11,"r":21},"msg":"findPath: no valid path found"}
{"level":30,"time":1774382620357,"pid":1603593,"hostname":"TempleOfZyminx","from":{"q":5,"r":6},"to":{"q":12,"r":0},"msg":"findPath: no valid path found"}
{"level":30,"time":1774382620357,"pid":1603593,"hostname":"TempleOfZyminx","from":{"q":5,"r":6},"to":{"q":12,"r":1},"msg":"findPath: no valid path found"}
{"level":30,"time":1774382620357,"pid":1603593,"hostname":"TempleOfZyminx","from":{"q":5,"r":6},"to":{"q":12,"r":2},"msg":"findPath: no valid path found"}
{"level":30,"time":1774382620357,"pid":1603593,"hostname":"TempleOfZyminx","from":{"q":5,"r":6},"to":{"q":12,"r":3},"msg":"findPath: no valid path found"}
{"level":30,"time":1774382620357,"pid":1603593,"hostname":"TempleOfZyminx","from":{"q":5,"r":6},"to":{"q":12,"r":4},"msg":"findPath: no valid path found"}
{"level":30,"time":1774382620357,"pid":1603593,"hostname":"TempleOfZyminx","from":{"q":5,"r":6},"to":{"q":12,"r":5},"msg":"findPath: no valid path found"}
{"level":30,"time":1774382620357,"pid":1603593,"hostname":"TempleOfZyminx","from":{"q":5,"r":6},"to":{"q":12,"r":6},"msg":"findPath: no valid path found"}
{"level":30,"time":1774382620358,"pid":1603593,"hostname":"TempleOfZyminx","from":{"q":5,"r":6},"to":{"q":12,"r":7},"msg":"findPath: no valid path found"}
{"level":30,"time":1774382620358,"pid":1603593,"hostname":"TempleOfZyminx","from":{"q":5,"r":6},"to":{"q":12,"r":8},"msg":"findPath: no valid path found"}
{"level":30,"time":1774382620358,"pid":1603593,"hostname":"TempleOfZyminx","from":{"q":5,"r":6},"to":{"q":12,"r":9},"msg":"findPath: no valid path found"}
{"level":30,"time":1774382620358,"pid":1603593,"hostname":"TempleOfZyminx","from":{"q":5,"r":6},"to":{"q":12,"r":10},"msg":"findPath: no valid path found"}
{"level":30,"time":1774382620358,"pid":1603593,"hostname":"TempleOfZyminx","from":{"q":5,"r":6},"to":{"q":12,"r":11},"msg":"findPath: no valid path found"}
{"level":30,"time":1774382620358,"pid":1603593,"hostname":"TempleOfZyminx","from":{"q":5,"r":6},"to":{"q":12,"r":12},"msg":"findPath: no valid path found"}
{"level":30,"time":1774382620359,"pid":1603593,"hostname":"TempleOfZyminx","from":{"q":5,"r":6},"to":{"q":12,"r":13},"msg":"findPath: no valid path found"}
{"level":30,"time":1774382620359,"pid":1603593,"hostname":"TempleOfZyminx","from":{"q":5,"r":6},"to":{"q":12,"r":14},"msg":"findPath: no valid path found"}
{"level":30,"time":1774382620359,"pid":1603593,"hostname":"TempleOfZyminx","from":{"q":5,"r":6},"to":{"q":12,"r":15},"msg":"findPath: no valid path found"}
{"level":30,"time":1774382620359,"pid":1603593,"hostname":"TempleOfZyminx","from":{"q":5,"r":6},"to":{"q":12,"r":16},"msg":"findPath: no valid path found"}
{"level":30,"time":1774382620359,"pid":1603593,"hostname":"TempleOfZyminx","from":{"q":5,"r":6},"to":{"q":12,"r":17},"msg":"findPath: no valid path found"}
{"level":30,"time":1774382620359,"pid":1603593,"hostname":"TempleOfZyminx","from":{"q":5,"r":6},"to":{"q":12,"r":18},"msg":"findPath: no valid path found"}
{"level":30,"time":1774382620359,"pid":1603593,"hostname":"TempleOfZyminx","from":{"q":5,"r":6},"to":{"q":12,"r":19},"msg":"findPath: no valid path found"}
{"level":30,"time":1774382620359,"pid":1603593,"hostname":"TempleOfZyminx","from":{"q":5,"r":6},"to":{"q":12,"r":20},"msg":"findPath: no valid path found"}
{"level":30,"time":1774382620360,"pid":1603593,"hostname":"TempleOfZyminx","from":{"q":5,"r":6},"to":{"q":12,"r":21},"msg":"findPath: no valid path found"}
{"level":30,"time":1774382620360,"pid":1603593,"hostname":"TempleOfZyminx","from":{"q":5,"r":6},"to":{"q":13,"r":0},"msg":"findPath: no valid path found"}
{"level":30,"time":1774382620367,"pid":1603593,"hostname":"TempleOfZyminx","from":{"q":5,"r":6},"to":{"q":13,"r":1},"msg":"findPath: no valid path found"}
{"level":30,"time":1774382620367,"pid":1603593,"hostname":"TempleOfZyminx","from":{"q":5,"r":6},"to":{"q":13,"r":2},"msg":"findPath: no valid path found"}
{"level":30,"time":1774382620367,"pid":1603593,"hostname":"TempleOfZyminx","from":{"q":5,"r":6},"to":{"q":13,"r":3},"msg":"findPath: no valid path found"}
{"level":30,"time":1774382620367,"pid":1603593,"hostname":"TempleOfZyminx","from":{"q":5,"r":6},"to":{"q":13,"r":4},"msg":"findPath: no valid path found"}
{"level":30,"time":1774382620367,"pid":1603593,"hostname":"TempleOfZyminx","from":{"q":5,"r":6},"to":{"q":13,"r":5},"msg":"findPath: no valid path found"}
{"level":30,"time":1774382620367,"pid":1603593,"hostname":"TempleOfZyminx","from":{"q":5,"r":6},"to":{"q":13,"r":6},"msg":"findPath: no valid path found"}
{"level":30,"time":1774382620367,"pid":1603593,"hostname":"TempleOfZyminx","from":{"q":5,"r":6},"to":{"q":13,"r":7},"msg":"findPath: no valid path found"}
{"level":30,"time":1774382620368,"pid":1603593,"hostname":"TempleOfZyminx","from":{"q":5,"r":6},"to":{"q":13,"r":8},"msg":"findPath: no valid path found"}
{"level":30,"time":1774382620368,"pid":1603593,"hostname":"TempleOfZyminx","from":{"q":5,"r":6},"to":{"q":13,"r":9},"msg":"findPath: no valid path found"}
{"level":30,"time":1774382620368,"pid":1603593,"hostname":"TempleOfZyminx","from":{"q":5,"r":6},"to":{"q":13,"r":10},"msg":"findPath: no valid path found"}
{"level":30,"time":1774382620368,"pid":1603593,"hostname":"TempleOfZyminx","from":{"q":5,"r":6},"to":{"q":13,"r":11},"msg":"findPath: no valid path found"}
{"level":30,"time":1774382620368,"pid":1603593,"hostname":"TempleOfZyminx","from":{"q":5,"r":6},"to":{"q":13,"r":12},"msg":"findPath: no valid path found"}
{"level":30,"time":1774382620368,"pid":1603593,"hostname":"TempleOfZyminx","from":{"q":5,"r":6},"to":{"q":13,"r":13},"msg":"findPath: no valid path found"}
{"level":30,"time":1774382620368,"pid":1603593,"hostname":"TempleOfZyminx","from":{"q":5,"r":6},"to":{"q":13,"r":14},"msg":"findPath: no valid path found"}
{"level":30,"time":1774382620369,"pid":1603593,"hostname":"TempleOfZyminx","from":{"q":5,"r":6},"to":{"q":13,"r":15},"msg":"findPath: no valid path found"}
{"level":30,"time":1774382620369,"pid":1603593,"hostname":"TempleOfZyminx","from":{"q":5,"r":6},"to":{"q":13,"r":16},"msg":"findPath: no valid path found"}
{"level":30,"time":1774382620369,"pid":1603593,"hostname":"TempleOfZyminx","from":{"q":5,"r":6},"to":{"q":13,"r":17},"msg":"findPath: no valid path found"}
{"level":30,"time":1774382620369,"pid":1603593,"hostname":"TempleOfZyminx","from":{"q":5,"r":6},"to":{"q":13,"r":18},"msg":"findPath: no valid path found"}
{"level":30,"time":1774382620369,"pid":1603593,"hostname":"TempleOfZyminx","from":{"q":5,"r":6},"to":{"q":13,"r":19},"msg":"findPath: no valid path found"}
{"level":30,"time":1774382620369,"pid":1603593,"hostname":"TempleOfZyminx","from":{"q":5,"r":6},"to":{"q":13,"r":20},"msg":"findPath: no valid path found"}
{"level":30,"time":1774382620369,"pid":1603593,"hostname":"TempleOfZyminx","from":{"q":5,"r":6},"to":{"q":13,"r":21},"msg":"findPath: no valid path found"}
{"level":30,"time":1774382620369,"pid":1603593,"hostname":"TempleOfZyminx","from":{"q":5,"r":6},"to":{"q":14,"r":0},"msg":"findPath: no valid path found"}
{"level":30,"time":1774382620369,"pid":1603593,"hostname":"TempleOfZyminx","from":{"q":5,"r":6},"to":{"q":14,"r":1},"msg":"findPath: no valid path found"}
{"level":30,"time":1774382620370,"pid":1603593,"hostname":"TempleOfZyminx","from":{"q":5,"r":6},"to":{"q":14,"r":2},"msg":"findPath: no valid path found"}
{"level":30,"time":1774382620370,"pid":1603593,"hostname":"TempleOfZyminx","from":{"q":5,"r":6},"to":{"q":14,"r":3},"msg":"findPath: no valid path found"}
{"level":30,"time":1774382620370,"pid":1603593,"hostname":"TempleOfZyminx","from":{"q":5,"r":6},"to":{"q":14,"r":4},"msg":"findPath: no valid path found"}
{"level":30,"time":1774382620370,"pid":1603593,"hostname":"TempleOfZyminx","from":{"q":5,"r":6},"to":{"q":14,"r":5},"msg":"findPath: no valid path found"}
{"level":30,"time":1774382620370,"pid":1603593,"hostname":"TempleOfZyminx","from":{"q":5,"r":6},"to":{"q":14,"r":6},"msg":"findPath: no valid path found"}
{"level":30,"time":1774382620370,"pid":1603593,"hostname":"TempleOfZyminx","from":{"q":5,"r":6},"to":{"q":14,"r":7},"msg":"findPath: no valid path found"}
{"level":30,"time":1774382620370,"pid":1603593,"hostname":"TempleOfZyminx","from":{"q":5,"r":6},"to":{"q":14,"r":8},"msg":"findPath: no valid path found"}
{"level":30,"time":1774382620370,"pid":1603593,"hostname":"TempleOfZyminx","from":{"q":5,"r":6},"to":{"q":14,"r":9},"msg":"findPath: no valid path found"}
{"level":30,"time":1774382620370,"pid":1603593,"hostname":"TempleOfZyminx","from":{"q":5,"r":6},"to":{"q":14,"r":10},"msg":"findPath: no valid path found"}
{"level":30,"time":1774382620371,"pid":1603593,"hostname":"TempleOfZyminx","from":{"q":5,"r":6},"to":{"q":14,"r":11},"msg":"findPath: no valid path found"}
{"level":30,"time":1774382620371,"pid":1603593,"hostname":"TempleOfZyminx","from":{"q":5,"r":6},"to":{"q":14,"r":12},"msg":"findPath: no valid path found"}
{"level":30,"time":1774382620371,"pid":1603593,"hostname":"TempleOfZyminx","from":{"q":5,"r":6},"to":{"q":14,"r":13},"msg":"findPath: no valid path found"}
{"level":30,"time":1774382620371,"pid":1603593,"hostname":"TempleOfZyminx","from":{"q":5,"r":6},"to":{"q":14,"r":14},"msg":"findPath: no valid path found"}
{"level":30,"time":1774382620371,"pid":1603593,"hostname":"TempleOfZyminx","from":{"q":5,"r":6},"to":{"q":14,"r":15},"msg":"findPath: no valid path found"}
{"level":30,"time":1774382620372,"pid":1603593,"hostname":"TempleOfZyminx","from":{"q":5,"r":6},"to":{"q":14,"r":16},"msg":"findPath: no valid path found"}
{"level":30,"time":1774382620372,"pid":1603593,"hostname":"TempleOfZyminx","from":{"q":5,"r":6},"to":{"q":14,"r":17},"msg":"findPath: no valid path found"}
{"level":30,"time":1774382620372,"pid":1603593,"hostname":"TempleOfZyminx","from":{"q":5,"r":6},"to":{"q":14,"r":18},"msg":"findPath: no valid path found"}
{"level":30,"time":1774382620372,"pid":1603593,"hostname":"TempleOfZyminx","from":{"q":5,"r":6},"to":{"q":14,"r":19},"msg":"findPath: no valid path found"}
{"level":30,"time":1774382620372,"pid":1603593,"hostname":"TempleOfZyminx","from":{"q":5,"r":6},"to":{"q":14,"r":20},"msg":"findPath: no valid path found"}
{"level":30,"time":1774382620373,"pid":1603593,"hostname":"TempleOfZyminx","from":{"q":5,"r":6},"to":{"q":14,"r":21},"msg":"findPath: no valid path found"}
{"level":30,"time":1774382620373,"pid":1603593,"hostname":"TempleOfZyminx","id":"5a0b0710-4b16-4941-91e6-ae9a2c92bfc5","command":"MOVE","msg":"Submitting game action"}
{"level":30,"time":1774382620373,"pid":1603593,"hostname":"TempleOfZyminx","gameId":"5a0b0710-4b16-4941-91e6-ae9a2c92bfc5","unitId":"wolf-1","msg":"Processing MOVE command"}
{"level":30,"time":1774382620374,"pid":1603593,"hostname":"TempleOfZyminx","id":"5a0b0710-4b16-4941-91e6-ae9a2c92bfc5","msg":"Fetching game state"}
{"level":30,"time":1774382620375,"pid":1603593,"hostname":"TempleOfZyminx","id":"5a0b0710-4b16-4941-91e6-ae9a2c92bfc5","msg":"Fetching game state"}
{"level":30,"time":1774382620376,"pid":1603593,"hostname":"TempleOfZyminx","id":"5a0b0710-4b16-4941-91e6-ae9a2c92bfc5","command":"END_PHASE","msg":"Submitting game action"}
{"level":30,"time":1774382620376,"pid":1603593,"hostname":"TempleOfZyminx","gameId":"5a0b0710-4b16-4941-91e6-ae9a2c92bfc5","phase":"DEFENDER_MOVE","msg":"Advancing phase"}
{"level":30,"time":1774382620376,"pid":1603593,"hostname":"TempleOfZyminx","phase":"DEFENDER_MOVE","turnNumber":1,"msg":"Advancing phase in engine"}
{"level":30,"time":1774382620376,"pid":1603593,"hostname":"TempleOfZyminx","id":"5a0b0710-4b16-4941-91e6-ae9a2c92bfc5","msg":"Fetching game state"}
{"level":30,"time":1774382620377,"pid":1603593,"hostname":"TempleOfZyminx","id":"5a0b0710-4b16-4941-91e6-ae9a2c92bfc5","msg":"Fetching game state"}
{"level":30,"time":1774382620377,"pid":1603593,"hostname":"TempleOfZyminx","id":"5a0b0710-4b16-4941-91e6-ae9a2c92bfc5","command":"FIRE","msg":"Submitting game action"}
{"level":30,"time":1774382620378,"pid":1603593,"hostname":"TempleOfZyminx","gameId":"5a0b0710-4b16-4941-91e6-ae9a2c92bfc5","type":"FIRE","msg":"Processing combat command"}
{"level":30,"time":1774382620378,"pid":1603593,"hostname":"TempleOfZyminx","commandType":"FIRE","msg":"Validating combat action"}
{"level":30,"time":1774382620378,"pid":1603593,"hostname":"TempleOfZyminx","plan":{"actionType":"FIRE","actor":"defender","attackerIds":["pigs-1"],"target":{"kind":"treads","id":"onion-1"},"attackStrength":1,"defense":0},"msg":"Executing combat action"}
{"level":30,"time":1774382620379,"pid":1603593,"hostname":"TempleOfZyminx","id":"5a0b0710-4b16-4941-91e6-ae9a2c92bfc5","command":"FIRE","msg":"Submitting game action"}
{"level":30,"time":1774382620379,"pid":1603593,"hostname":"TempleOfZyminx","gameId":"5a0b0710-4b16-4941-91e6-ae9a2c92bfc5","type":"FIRE","msg":"Processing combat command"}
{"level":30,"time":1774382620379,"pid":1603593,"hostname":"TempleOfZyminx","commandType":"FIRE","msg":"Validating combat action"}
{"level":30,"time":1774382620379,"pid":1603593,"hostname":"TempleOfZyminx","plan":{"actionType":"FIRE","actor":"defender","attackerIds":["witch-1","wolf-1"],"target":{"kind":"weapon","id":"main"},"attackStrength":5,"defense":4},"msg":"Executing combat action"}
{"level":30,"time":1774382620380,"pid":1603593,"hostname":"TempleOfZyminx","id":"5a0b0710-4b16-4941-91e6-ae9a2c92bfc5","msg":"Fetching game state"}
{"level":30,"time":1774382620381,"pid":1603593,"hostname":"TempleOfZyminx","id":"5a0b0710-4b16-4941-91e6-ae9a2c92bfc5","command":"END_PHASE","msg":"Submitting game action"}
{"level":30,"time":1774382620381,"pid":1603593,"hostname":"TempleOfZyminx","gameId":"5a0b0710-4b16-4941-91e6-ae9a2c92bfc5","phase":"DEFENDER_COMBAT","msg":"Advancing phase"}
{"level":30,"time":1774382620381,"pid":1603593,"hostname":"TempleOfZyminx","phase":"DEFENDER_COMBAT","turnNumber":1,"msg":"Advancing phase in engine"}
{"level":30,"time":1774382620382,"pid":1603593,"hostname":"TempleOfZyminx","id":"5a0b0710-4b16-4941-91e6-ae9a2c92bfc5","msg":"Fetching game state"}
{"level":30,"time":1774382620382,"pid":1603593,"hostname":"TempleOfZyminx","id":"5a0b0710-4b16-4941-91e6-ae9a2c92bfc5","msg":"Fetching game state"}
{"level":30,"time":1774382620382,"pid":1604033,"hostname":"TempleOfZyminx","scenarioId":"swamp-siege-01","role":"onion","msg":"Creating new game match"}
{"level":30,"time":1774382620383,"pid":1603593,"hostname":"TempleOfZyminx","from":{"q":4,"r":6},"to":{"q":0,"r":0},"msg":"findPath: no valid path found"}
{"level":30,"time":1774382620383,"pid":1603593,"hostname":"TempleOfZyminx","from":{"q":4,"r":6},"to":{"q":0,"r":1},"msg":"findPath: no valid path found"}
{"level":30,"time":1774382620383,"pid":1603593,"hostname":"TempleOfZyminx","from":{"q":4,"r":6},"to":{"q":0,"r":2},"msg":"findPath: no valid path found"}
{"level":30,"time":1774382620383,"pid":1603593,"hostname":"TempleOfZyminx","from":{"q":4,"r":6},"to":{"q":0,"r":3},"msg":"findPath: no valid path found"}
{"level":30,"time":1774382620383,"pid":1603593,"hostname":"TempleOfZyminx","from":{"q":4,"r":6},"to":{"q":0,"r":4},"msg":"findPath: no valid path found"}
{"level":30,"time":1774382620383,"pid":1603593,"hostname":"TempleOfZyminx","from":{"q":4,"r":6},"to":{"q":0,"r":5},"msg":"findPath: no valid path found"}
{"level":30,"time":1774382620384,"pid":1603593,"hostname":"TempleOfZyminx","from":{"q":4,"r":6},"to":{"q":0,"r":11},"msg":"findPath: no valid path found"}
{"level":30,"time":1774382620384,"pid":1603593,"hostname":"TempleOfZyminx","from":{"q":4,"r":6},"to":{"q":0,"r":12},"msg":"findPath: no valid path found"}
{"level":30,"time":1774382620384,"pid":1603593,"hostname":"TempleOfZyminx","from":{"q":4,"r":6},"to":{"q":0,"r":13},"msg":"findPath: no valid path found"}
{"level":30,"time":1774382620384,"pid":1603593,"hostname":"TempleOfZyminx","from":{"q":4,"r":6},"to":{"q":0,"r":14},"msg":"findPath: no valid path found"}
{"level":30,"time":1774382620384,"pid":1603593,"hostname":"TempleOfZyminx","from":{"q":4,"r":6},"to":{"q":0,"r":15},"msg":"findPath: no valid path found"}
{"level":30,"time":1774382620384,"pid":1603593,"hostname":"TempleOfZyminx","from":{"q":4,"r":6},"to":{"q":0,"r":16},"msg":"findPath: no valid path found"}
{"level":30,"time":1774382620384,"pid":1603593,"hostname":"TempleOfZyminx","from":{"q":4,"r":6},"to":{"q":0,"r":17},"msg":"findPath: no valid path found"}
{"level":30,"time":1774382620385,"pid":1603593,"hostname":"TempleOfZyminx","from":{"q":4,"r":6},"to":{"q":0,"r":18},"msg":"findPath: no valid path found"}
{"level":30,"time":1774382620385,"pid":1603593,"hostname":"TempleOfZyminx","from":{"q":4,"r":6},"to":{"q":0,"r":19},"msg":"findPath: no valid path found"}
{"level":30,"time":1774382620385,"pid":1603593,"hostname":"TempleOfZyminx","from":{"q":4,"r":6},"to":{"q":0,"r":20},"msg":"findPath: no valid path found"}
{"level":30,"time":1774382620385,"pid":1603593,"hostname":"TempleOfZyminx","from":{"q":4,"r":6},"to":{"q":0,"r":21},"msg":"findPath: no valid path found"}
{"level":30,"time":1774382620385,"pid":1603593,"hostname":"TempleOfZyminx","from":{"q":4,"r":6},"to":{"q":1,"r":0},"msg":"findPath: no valid path found"}
{"level":30,"time":1774382620385,"pid":1603593,"hostname":"TempleOfZyminx","from":{"q":4,"r":6},"to":{"q":1,"r":1},"msg":"findPath: no valid path found"}
{"level":30,"time":1774382620385,"pid":1603593,"hostname":"TempleOfZyminx","from":{"q":4,"r":6},"to":{"q":1,"r":2},"msg":"findPath: no valid path found"}
{"level":30,"time":1774382620385,"pid":1603593,"hostname":"TempleOfZyminx","from":{"q":4,"r":6},"to":{"q":1,"r":3},"msg":"findPath: no valid path found"}
{"level":30,"time":1774382620385,"pid":1603593,"hostname":"TempleOfZyminx","from":{"q":4,"r":6},"to":{"q":1,"r":4},"msg":"findPath: no valid path found"}
{"level":30,"time":1774382620386,"pid":1603593,"hostname":"TempleOfZyminx","from":{"q":4,"r":6},"to":{"q":1,"r":11},"msg":"findPath: no valid path found"}
{"level":30,"time":1774382620386,"pid":1603593,"hostname":"TempleOfZyminx","from":{"q":4,"r":6},"to":{"q":1,"r":12},"msg":"findPath: no valid path found"}
{"level":30,"time":1774382620383,"pid":1604033,"hostname":"TempleOfZyminx","gameId":"72d1e1a3-864b-4732-b0fe-35f7ba31110d","role":"onion","msg":"Game match created"}
{"level":30,"time":1774382620384,"pid":1604033,"hostname":"TempleOfZyminx","id":"72d1e1a3-864b-4732-b0fe-35f7ba31110d","command":"END_PHASE","msg":"Submitting game action"}
{"level":30,"time":1774382620384,"pid":1604033,"hostname":"TempleOfZyminx","gameId":"72d1e1a3-864b-4732-b0fe-35f7ba31110d","msg":"Action attempted before both players joined"}
{"level":30,"time":1774382620386,"pid":1603593,"hostname":"TempleOfZyminx","from":{"q":4,"r":6},"to":{"q":1,"r":13},"msg":"findPath: no valid path found"}
{"level":30,"time":1774382620386,"pid":1603593,"hostname":"TempleOfZyminx","from":{"q":4,"r":6},"to":{"q":1,"r":14},"msg":"findPath: no valid path found"}
{"level":30,"time":1774382620386,"pid":1603593,"hostname":"TempleOfZyminx","from":{"q":4,"r":6},"to":{"q":1,"r":15},"msg":"findPath: no valid path found"}
{"level":30,"time":1774382620387,"pid":1603593,"hostname":"TempleOfZyminx","from":{"q":4,"r":6},"to":{"q":1,"r":16},"msg":"findPath: no valid path found"}
{"level":30,"time":1774382620387,"pid":1603593,"hostname":"TempleOfZyminx","from":{"q":4,"r":6},"to":{"q":1,"r":17},"msg":"findPath: no valid path found"}
{"level":30,"time":1774382620387,"pid":1603593,"hostname":"TempleOfZyminx","from":{"q":4,"r":6},"to":{"q":1,"r":18},"msg":"findPath: no valid path found"}
{"level":30,"time":1774382620387,"pid":1603593,"hostname":"TempleOfZyminx","from":{"q":4,"r":6},"to":{"q":1,"r":19},"msg":"findPath: no valid path found"}
{"level":30,"time":1774382620387,"pid":1603593,"hostname":"TempleOfZyminx","from":{"q":4,"r":6},"to":{"q":1,"r":20},"msg":"findPath: no valid path found"}
{"level":30,"time":1774382620387,"pid":1603593,"hostname":"TempleOfZyminx","from":{"q":4,"r":6},"to":{"q":1,"r":21},"msg":"findPath: no valid path found"}
{"level":30,"time":1774382620387,"pid":1603593,"hostname":"TempleOfZyminx","from":{"q":4,"r":6},"to":{"q":2,"r":0},"msg":"findPath: no valid path found"}
{"level":30,"time":1774382620387,"pid":1603593,"hostname":"TempleOfZyminx","from":{"q":4,"r":6},"to":{"q":2,"r":1},"msg":"findPath: no valid path found"}
{"level":30,"time":1774382620387,"pid":1603593,"hostname":"TempleOfZyminx","from":{"q":4,"r":6},"to":{"q":2,"r":2},"msg":"findPath: no valid path found"}
{"level":30,"time":1774382620387,"pid":1603593,"hostname":"TempleOfZyminx","from":{"q":4,"r":6},"to":{"q":2,"r":3},"msg":"findPath: no valid path found"}
{"level":30,"time":1774382620388,"pid":1603593,"hostname":"TempleOfZyminx","from":{"q":4,"r":6},"to":{"q":2,"r":11},"msg":"findPath: no valid path found"}
{"level":30,"time":1774382620388,"pid":1603593,"hostname":"TempleOfZyminx","from":{"q":4,"r":6},"to":{"q":2,"r":12},"msg":"findPath: no valid path found"}
{"level":30,"time":1774382620388,"pid":1603593,"hostname":"TempleOfZyminx","from":{"q":4,"r":6},"to":{"q":2,"r":13},"msg":"findPath: no valid path found"}
{"level":30,"time":1774382620388,"pid":1603593,"hostname":"TempleOfZyminx","from":{"q":4,"r":6},"to":{"q":2,"r":14},"msg":"findPath: no valid path found"}
{"level":30,"time":1774382620388,"pid":1603593,"hostname":"TempleOfZyminx","from":{"q":4,"r":6},"to":{"q":2,"r":15},"msg":"findPath: no valid path found"}
{"level":30,"time":1774382620388,"pid":1603593,"hostname":"TempleOfZyminx","from":{"q":4,"r":6},"to":{"q":2,"r":16},"msg":"findPath: no valid path found"}
{"level":30,"time":1774382620388,"pid":1603593,"hostname":"TempleOfZyminx","from":{"q":4,"r":6},"to":{"q":2,"r":17},"msg":"findPath: no valid path found"}
{"level":30,"time":1774382620388,"pid":1603593,"hostname":"TempleOfZyminx","from":{"q":4,"r":6},"to":{"q":2,"r":18},"msg":"findPath: no valid path found"}
{"level":30,"time":1774382620389,"pid":1603593,"hostname":"TempleOfZyminx","from":{"q":4,"r":6},"to":{"q":2,"r":19},"msg":"findPath: no valid path found"}
{"level":30,"time":1774382620389,"pid":1603593,"hostname":"TempleOfZyminx","from":{"q":4,"r":6},"to":{"q":2,"r":20},"msg":"findPath: no valid path found"}
{"level":30,"time":1774382620389,"pid":1603593,"hostname":"TempleOfZyminx","from":{"q":4,"r":6},"to":{"q":2,"r":21},"msg":"findPath: no valid path found"}
{"level":30,"time":1774382620389,"pid":1603593,"hostname":"TempleOfZyminx","from":{"q":4,"r":6},"to":{"q":3,"r":0},"msg":"findPath: no valid path found"}
{"level":30,"time":1774382620389,"pid":1603593,"hostname":"TempleOfZyminx","from":{"q":4,"r":6},"to":{"q":3,"r":1},"msg":"findPath: no valid path found"}
{"level":30,"time":1774382620389,"pid":1603593,"hostname":"TempleOfZyminx","from":{"q":4,"r":6},"to":{"q":3,"r":2},"msg":"findPath: no valid path found"}
{"level":30,"time":1774382620389,"pid":1603593,"hostname":"TempleOfZyminx","from":{"q":4,"r":6},"to":{"q":3,"r":8},"msg":"findPath: no valid path found"}
{"level":30,"time":1774382620390,"pid":1603593,"hostname":"TempleOfZyminx","from":{"q":4,"r":6},"to":{"q":3,"r":10},"msg":"findPath: no valid path found"}
{"level":30,"time":1774382620390,"pid":1603593,"hostname":"TempleOfZyminx","from":{"q":4,"r":6},"to":{"q":3,"r":11},"msg":"findPath: no valid path found"}
{"level":30,"time":1774382620390,"pid":1603593,"hostname":"TempleOfZyminx","from":{"q":4,"r":6},"to":{"q":3,"r":12},"msg":"findPath: no valid path found"}
{"level":30,"time":1774382620390,"pid":1603593,"hostname":"TempleOfZyminx","from":{"q":4,"r":6},"to":{"q":3,"r":13},"msg":"findPath: no valid path found"}
{"level":30,"time":1774382620390,"pid":1603593,"hostname":"TempleOfZyminx","from":{"q":4,"r":6},"to":{"q":3,"r":14},"msg":"findPath: no valid path found"}
{"level":30,"time":1774382620390,"pid":1603593,"hostname":"TempleOfZyminx","from":{"q":4,"r":6},"to":{"q":3,"r":15},"msg":"findPath: no valid path found"}
{"level":30,"time":1774382620390,"pid":1603593,"hostname":"TempleOfZyminx","from":{"q":4,"r":6},"to":{"q":3,"r":16},"msg":"findPath: no valid path found"}
{"level":30,"time":1774382620390,"pid":1603593,"hostname":"TempleOfZyminx","from":{"q":4,"r":6},"to":{"q":3,"r":17},"msg":"findPath: no valid path found"}
{"level":30,"time":1774382620391,"pid":1603593,"hostname":"TempleOfZyminx","from":{"q":4,"r":6},"to":{"q":3,"r":18},"msg":"findPath: no valid path found"}
{"level":30,"time":1774382620391,"pid":1603593,"hostname":"TempleOfZyminx","from":{"q":4,"r":6},"to":{"q":3,"r":19},"msg":"findPath: no valid path found"}
{"level":30,"time":1774382620391,"pid":1603593,"hostname":"TempleOfZyminx","from":{"q":4,"r":6},"to":{"q":3,"r":20},"msg":"findPath: no valid path found"}
{"level":30,"time":1774382620391,"pid":1603593,"hostname":"TempleOfZyminx","from":{"q":4,"r":6},"to":{"q":3,"r":21},"msg":"findPath: no valid path found"}
{"level":30,"time":1774382620391,"pid":1603593,"hostname":"TempleOfZyminx","from":{"q":4,"r":6},"to":{"q":4,"r":0},"msg":"findPath: no valid path found"}
{"level":30,"time":1774382620391,"pid":1603593,"hostname":"TempleOfZyminx","from":{"q":4,"r":6},"to":{"q":4,"r":1},"msg":"findPath: no valid path found"}
{"level":30,"time":1774382620391,"pid":1603593,"hostname":"TempleOfZyminx","from":{"q":4,"r":6},"to":{"q":4,"r":8},"msg":"findPath: no valid path found"}
{"level":30,"time":1774382620392,"pid":1603593,"hostname":"TempleOfZyminx","from":{"q":4,"r":6},"to":{"q":4,"r":10},"msg":"findPath: no valid path found"}
{"level":30,"time":1774382620392,"pid":1603593,"hostname":"TempleOfZyminx","from":{"q":4,"r":6},"to":{"q":4,"r":11},"msg":"findPath: no valid path found"}
{"level":30,"time":1774382620392,"pid":1603593,"hostname":"TempleOfZyminx","from":{"q":4,"r":6},"to":{"q":4,"r":12},"msg":"findPath: no valid path found"}
{"level":30,"time":1774382620392,"pid":1603593,"hostname":"TempleOfZyminx","from":{"q":4,"r":6},"to":{"q":4,"r":13},"msg":"findPath: no valid path found"}
{"level":30,"time":1774382620392,"pid":1603593,"hostname":"TempleOfZyminx","from":{"q":4,"r":6},"to":{"q":4,"r":14},"msg":"findPath: no valid path found"}
{"level":30,"time":1774382620393,"pid":1603593,"hostname":"TempleOfZyminx","from":{"q":4,"r":6},"to":{"q":4,"r":15},"msg":"findPath: no valid path found"}
{"level":30,"time":1774382620393,"pid":1603593,"hostname":"TempleOfZyminx","from":{"q":4,"r":6},"to":{"q":4,"r":16},"msg":"findPath: no valid path found"}
{"level":30,"time":1774382620393,"pid":1603593,"hostname":"TempleOfZyminx","from":{"q":4,"r":6},"to":{"q":4,"r":17},"msg":"findPath: no valid path found"}
{"level":30,"time":1774382620393,"pid":1603593,"hostname":"TempleOfZyminx","from":{"q":4,"r":6},"to":{"q":4,"r":18},"msg":"findPath: no valid path found"}
{"level":30,"time":1774382620393,"pid":1603593,"hostname":"TempleOfZyminx","from":{"q":4,"r":6},"to":{"q":4,"r":19},"msg":"findPath: no valid path found"}
{"level":30,"time":1774382620393,"pid":1603593,"hostname":"TempleOfZyminx","from":{"q":4,"r":6},"to":{"q":4,"r":20},"msg":"findPath: no valid path found"}
{"level":30,"time":1774382620393,"pid":1603593,"hostname":"TempleOfZyminx","from":{"q":4,"r":6},"to":{"q":4,"r":21},"msg":"findPath: no valid path found"}
{"level":30,"time":1774382620393,"pid":1603593,"hostname":"TempleOfZyminx","from":{"q":4,"r":6},"to":{"q":5,"r":0},"msg":"findPath: no valid path found"}
{"level":30,"time":1774382620393,"pid":1603593,"hostname":"TempleOfZyminx","from":{"q":4,"r":6},"to":{"q":5,"r":1},"msg":"findPath: no valid path found"}
{"level":30,"time":1774382620394,"pid":1603593,"hostname":"TempleOfZyminx","from":{"q":4,"r":6},"to":{"q":5,"r":2},"msg":"findPath: no valid path found"}
{"level":30,"time":1774382620394,"pid":1603593,"hostname":"TempleOfZyminx","from":{"q":4,"r":6},"to":{"q":5,"r":10},"msg":"findPath: no valid path found"}
{"level":30,"time":1774382620394,"pid":1603593,"hostname":"TempleOfZyminx","from":{"q":4,"r":6},"to":{"q":5,"r":11},"msg":"findPath: no valid path found"}
{"level":30,"time":1774382620394,"pid":1603593,"hostname":"TempleOfZyminx","from":{"q":4,"r":6},"to":{"q":5,"r":12},"msg":"findPath: no valid path found"}
{"level":30,"time":1774382620394,"pid":1603593,"hostname":"TempleOfZyminx","from":{"q":4,"r":6},"to":{"q":5,"r":13},"msg":"findPath: no valid path found"}
{"level":30,"time":1774382620394,"pid":1603593,"hostname":"TempleOfZyminx","from":{"q":4,"r":6},"to":{"q":5,"r":14},"msg":"findPath: no valid path found"}
{"level":30,"time":1774382620395,"pid":1603593,"hostname":"TempleOfZyminx","from":{"q":4,"r":6},"to":{"q":5,"r":15},"msg":"findPath: no valid path found"}
{"level":30,"time":1774382620395,"pid":1603593,"hostname":"TempleOfZyminx","from":{"q":4,"r":6},"to":{"q":5,"r":16},"msg":"findPath: no valid path found"}
{"level":30,"time":1774382620395,"pid":1603593,"hostname":"TempleOfZyminx","from":{"q":4,"r":6},"to":{"q":5,"r":17},"msg":"findPath: no valid path found"}
{"level":30,"time":1774382620395,"pid":1603593,"hostname":"TempleOfZyminx","from":{"q":4,"r":6},"to":{"q":5,"r":18},"msg":"findPath: no valid path found"}
{"level":30,"time":1774382620395,"pid":1603593,"hostname":"TempleOfZyminx","from":{"q":4,"r":6},"to":{"q":5,"r":19},"msg":"findPath: no valid path found"}
{"level":30,"time":1774382620395,"pid":1603593,"hostname":"TempleOfZyminx","from":{"q":4,"r":6},"to":{"q":5,"r":20},"msg":"findPath: no valid path found"}
{"level":30,"time":1774382620395,"pid":1603593,"hostname":"TempleOfZyminx","from":{"q":4,"r":6},"to":{"q":5,"r":21},"msg":"findPath: no valid path found"}
{"level":30,"time":1774382620395,"pid":1603593,"hostname":"TempleOfZyminx","from":{"q":4,"r":6},"to":{"q":6,"r":0},"msg":"findPath: no valid path found"}
{"level":30,"time":1774382620395,"pid":1603593,"hostname":"TempleOfZyminx","from":{"q":4,"r":6},"to":{"q":6,"r":1},"msg":"findPath: no valid path found"}
{"level":30,"time":1774382620396,"pid":1603593,"hostname":"TempleOfZyminx","from":{"q":4,"r":6},"to":{"q":6,"r":9},"msg":"findPath: no valid path found"}
{"level":30,"time":1774382620396,"pid":1603593,"hostname":"TempleOfZyminx","from":{"q":4,"r":6},"to":{"q":6,"r":10},"msg":"findPath: no valid path found"}
{"level":30,"time":1774382620396,"pid":1603593,"hostname":"TempleOfZyminx","from":{"q":4,"r":6},"to":{"q":6,"r":11},"msg":"findPath: no valid path found"}
{"level":30,"time":1774382620396,"pid":1603593,"hostname":"TempleOfZyminx","from":{"q":4,"r":6},"to":{"q":6,"r":12},"msg":"findPath: no valid path found"}
{"level":30,"time":1774382620396,"pid":1603593,"hostname":"TempleOfZyminx","from":{"q":4,"r":6},"to":{"q":6,"r":13},"msg":"findPath: no valid path found"}
{"level":30,"time":1774382620396,"pid":1603593,"hostname":"TempleOfZyminx","from":{"q":4,"r":6},"to":{"q":6,"r":14},"msg":"findPath: no valid path found"}
{"level":30,"time":1774382620396,"pid":1603593,"hostname":"TempleOfZyminx","from":{"q":4,"r":6},"to":{"q":6,"r":15},"msg":"findPath: no valid path found"}
{"level":30,"time":1774382620396,"pid":1603593,"hostname":"TempleOfZyminx","from":{"q":4,"r":6},"to":{"q":6,"r":16},"msg":"findPath: no valid path found"}
{"level":30,"time":1774382620396,"pid":1603593,"hostname":"TempleOfZyminx","from":{"q":4,"r":6},"to":{"q":6,"r":17},"msg":"findPath: no valid path found"}
{"level":30,"time":1774382620396,"pid":1603593,"hostname":"TempleOfZyminx","from":{"q":4,"r":6},"to":{"q":6,"r":18},"msg":"findPath: no valid path found"}
{"level":30,"time":1774382620397,"pid":1603593,"hostname":"TempleOfZyminx","from":{"q":4,"r":6},"to":{"q":6,"r":19},"msg":"findPath: no valid path found"}
{"level":30,"time":1774382620397,"pid":1603593,"hostname":"TempleOfZyminx","from":{"q":4,"r":6},"to":{"q":6,"r":20},"msg":"findPath: no valid path found"}
{"level":30,"time":1774382620397,"pid":1603593,"hostname":"TempleOfZyminx","from":{"q":4,"r":6},"to":{"q":6,"r":21},"msg":"findPath: no valid path found"}
{"level":30,"time":1774382620397,"pid":1603593,"hostname":"TempleOfZyminx","from":{"q":4,"r":6},"to":{"q":7,"r":0},"msg":"findPath: no valid path found"}
{"level":30,"time":1774382620397,"pid":1603593,"hostname":"TempleOfZyminx","from":{"q":4,"r":6},"to":{"q":7,"r":1},"msg":"findPath: no valid path found"}
{"level":30,"time":1774382620399,"pid":1603593,"hostname":"TempleOfZyminx","from":{"q":4,"r":6},"to":{"q":7,"r":8},"msg":"findPath: no valid path found"}
{"level":30,"time":1774382620399,"pid":1603593,"hostname":"TempleOfZyminx","from":{"q":4,"r":6},"to":{"q":7,"r":9},"msg":"findPath: no valid path found"}
{"level":30,"time":1774382620399,"pid":1603593,"hostname":"TempleOfZyminx","from":{"q":4,"r":6},"to":{"q":7,"r":10},"msg":"findPath: no valid path found"}
{"level":30,"time":1774382620400,"pid":1603593,"hostname":"TempleOfZyminx","from":{"q":4,"r":6},"to":{"q":7,"r":11},"msg":"findPath: no valid path found"}
{"level":30,"time":1774382620400,"pid":1603593,"hostname":"TempleOfZyminx","from":{"q":4,"r":6},"to":{"q":7,"r":12},"msg":"findPath: no valid path found"}
{"level":30,"time":1774382620400,"pid":1603593,"hostname":"TempleOfZyminx","from":{"q":4,"r":6},"to":{"q":7,"r":13},"msg":"findPath: no valid path found"}
{"level":30,"time":1774382620400,"pid":1603593,"hostname":"TempleOfZyminx","from":{"q":4,"r":6},"to":{"q":7,"r":14},"msg":"findPath: no valid path found"}
{"level":30,"time":1774382620400,"pid":1603593,"hostname":"TempleOfZyminx","from":{"q":4,"r":6},"to":{"q":7,"r":15},"msg":"findPath: no valid path found"}
{"level":30,"time":1774382620400,"pid":1603593,"hostname":"TempleOfZyminx","from":{"q":4,"r":6},"to":{"q":7,"r":16},"msg":"findPath: no valid path found"}
{"level":30,"time":1774382620400,"pid":1603593,"hostname":"TempleOfZyminx","from":{"q":4,"r":6},"to":{"q":7,"r":17},"msg":"findPath: no valid path found"}
{"level":30,"time":1774382620400,"pid":1603593,"hostname":"TempleOfZyminx","from":{"q":4,"r":6},"to":{"q":7,"r":18},"msg":"findPath: no valid path found"}
{"level":30,"time":1774382620400,"pid":1603593,"hostname":"TempleOfZyminx","from":{"q":4,"r":6},"to":{"q":7,"r":19},"msg":"findPath: no valid path found"}
{"level":30,"time":1774382620401,"pid":1603593,"hostname":"TempleOfZyminx","from":{"q":4,"r":6},"to":{"q":7,"r":20},"msg":"findPath: no valid path found"}
{"level":30,"time":1774382620401,"pid":1603593,"hostname":"TempleOfZyminx","from":{"q":4,"r":6},"to":{"q":7,"r":21},"msg":"findPath: no valid path found"}
{"level":30,"time":1774382620401,"pid":1603593,"hostname":"TempleOfZyminx","from":{"q":4,"r":6},"to":{"q":8,"r":0},"msg":"findPath: no valid path found"}
{"level":30,"time":1774382620401,"pid":1603593,"hostname":"TempleOfZyminx","from":{"q":4,"r":6},"to":{"q":8,"r":1},"msg":"findPath: no valid path found"}
{"level":30,"time":1774382620401,"pid":1603593,"hostname":"TempleOfZyminx","from":{"q":4,"r":6},"to":{"q":8,"r":7},"msg":"findPath: no valid path found"}
{"level":30,"time":1774382620401,"pid":1603593,"hostname":"TempleOfZyminx","from":{"q":4,"r":6},"to":{"q":8,"r":8},"msg":"findPath: no valid path found"}
{"level":30,"time":1774382620402,"pid":1603593,"hostname":"TempleOfZyminx","from":{"q":4,"r":6},"to":{"q":8,"r":9},"msg":"findPath: no valid path found"}
{"level":30,"time":1774382620402,"pid":1603593,"hostname":"TempleOfZyminx","from":{"q":4,"r":6},"to":{"q":8,"r":10},"msg":"findPath: no valid path found"}
{"level":30,"time":1774382620402,"pid":1603593,"hostname":"TempleOfZyminx","from":{"q":4,"r":6},"to":{"q":8,"r":11},"msg":"findPath: no valid path found"}
{"level":30,"time":1774382620402,"pid":1603593,"hostname":"TempleOfZyminx","from":{"q":4,"r":6},"to":{"q":8,"r":12},"msg":"findPath: no valid path found"}
{"level":30,"time":1774382620402,"pid":1603593,"hostname":"TempleOfZyminx","from":{"q":4,"r":6},"to":{"q":8,"r":13},"msg":"findPath: no valid path found"}
{"level":30,"time":1774382620402,"pid":1603593,"hostname":"TempleOfZyminx","from":{"q":4,"r":6},"to":{"q":8,"r":14},"msg":"findPath: no valid path found"}
{"level":30,"time":1774382620402,"pid":1603593,"hostname":"TempleOfZyminx","from":{"q":4,"r":6},"to":{"q":8,"r":15},"msg":"findPath: no valid path found"}
{"level":30,"time":1774382620402,"pid":1603593,"hostname":"TempleOfZyminx","from":{"q":4,"r":6},"to":{"q":8,"r":16},"msg":"findPath: no valid path found"}
{"level":30,"time":1774382620402,"pid":1603593,"hostname":"TempleOfZyminx","from":{"q":4,"r":6},"to":{"q":8,"r":17},"msg":"findPath: no valid path found"}
{"level":30,"time":1774382620403,"pid":1603593,"hostname":"TempleOfZyminx","from":{"q":4,"r":6},"to":{"q":8,"r":18},"msg":"findPath: no valid path found"}
{"level":30,"time":1774382620403,"pid":1603593,"hostname":"TempleOfZyminx","from":{"q":4,"r":6},"to":{"q":8,"r":19},"msg":"findPath: no valid path found"}
{"level":30,"time":1774382620403,"pid":1603593,"hostname":"TempleOfZyminx","from":{"q":4,"r":6},"to":{"q":8,"r":20},"msg":"findPath: no valid path found"}
{"level":30,"time":1774382620403,"pid":1603593,"hostname":"TempleOfZyminx","from":{"q":4,"r":6},"to":{"q":8,"r":21},"msg":"findPath: no valid path found"}
{"level":30,"time":1774382620403,"pid":1603593,"hostname":"TempleOfZyminx","from":{"q":4,"r":6},"to":{"q":9,"r":0},"msg":"findPath: no valid path found"}
{"level":30,"time":1774382620403,"pid":1603593,"hostname":"TempleOfZyminx","from":{"q":4,"r":6},"to":{"q":9,"r":1},"msg":"findPath: no valid path found"}
{"level":30,"time":1774382620403,"pid":1603593,"hostname":"TempleOfZyminx","from":{"q":4,"r":6},"to":{"q":9,"r":2},"msg":"findPath: no valid path found"}
{"level":30,"time":1774382620403,"pid":1603593,"hostname":"TempleOfZyminx","from":{"q":4,"r":6},"to":{"q":9,"r":3},"msg":"findPath: no valid path found"}
{"level":30,"time":1774382620403,"pid":1603593,"hostname":"TempleOfZyminx","from":{"q":4,"r":6},"to":{"q":9,"r":4},"msg":"findPath: no valid path found"}
{"level":30,"time":1774382620404,"pid":1603593,"hostname":"TempleOfZyminx","from":{"q":4,"r":6},"to":{"q":9,"r":5},"msg":"findPath: no valid path found"}
{"level":30,"time":1774382620404,"pid":1603593,"hostname":"TempleOfZyminx","from":{"q":4,"r":6},"to":{"q":9,"r":6},"msg":"findPath: no valid path found"}
{"level":30,"time":1774382620404,"pid":1603593,"hostname":"TempleOfZyminx","from":{"q":4,"r":6},"to":{"q":9,"r":7},"msg":"findPath: no valid path found"}
{"level":30,"time":1774382620404,"pid":1603593,"hostname":"TempleOfZyminx","from":{"q":4,"r":6},"to":{"q":9,"r":8},"msg":"findPath: no valid path found"}
{"level":30,"time":1774382620404,"pid":1603593,"hostname":"TempleOfZyminx","from":{"q":4,"r":6},"to":{"q":9,"r":9},"msg":"findPath: no valid path found"}
{"level":30,"time":1774382620404,"pid":1603593,"hostname":"TempleOfZyminx","from":{"q":4,"r":6},"to":{"q":9,"r":10},"msg":"findPath: no valid path found"}
{"level":30,"time":1774382620404,"pid":1603593,"hostname":"TempleOfZyminx","from":{"q":4,"r":6},"to":{"q":9,"r":11},"msg":"findPath: no valid path found"}
{"level":30,"time":1774382620404,"pid":1603593,"hostname":"TempleOfZyminx","from":{"q":4,"r":6},"to":{"q":9,"r":12},"msg":"findPath: no valid path found"}
{"level":30,"time":1774382620404,"pid":1603593,"hostname":"TempleOfZyminx","from":{"q":4,"r":6},"to":{"q":9,"r":13},"msg":"findPath: no valid path found"}
{"level":30,"time":1774382620405,"pid":1603593,"hostname":"TempleOfZyminx","from":{"q":4,"r":6},"to":{"q":9,"r":14},"msg":"findPath: no valid path found"}
{"level":30,"time":1774382620405,"pid":1603593,"hostname":"TempleOfZyminx","from":{"q":4,"r":6},"to":{"q":9,"r":15},"msg":"findPath: no valid path found"}
{"level":30,"time":1774382620405,"pid":1603593,"hostname":"TempleOfZyminx","from":{"q":4,"r":6},"to":{"q":9,"r":16},"msg":"findPath: no valid path found"}
{"level":30,"time":1774382620405,"pid":1603593,"hostname":"TempleOfZyminx","from":{"q":4,"r":6},"to":{"q":9,"r":17},"msg":"findPath: no valid path found"}
{"level":30,"time":1774382620405,"pid":1603593,"hostname":"TempleOfZyminx","from":{"q":4,"r":6},"to":{"q":9,"r":18},"msg":"findPath: no valid path found"}
{"level":30,"time":1774382620405,"pid":1603593,"hostname":"TempleOfZyminx","from":{"q":4,"r":6},"to":{"q":9,"r":19},"msg":"findPath: no valid path found"}
{"level":30,"time":1774382620405,"pid":1603593,"hostname":"TempleOfZyminx","from":{"q":4,"r":6},"to":{"q":9,"r":20},"msg":"findPath: no valid path found"}
{"level":30,"time":1774382620406,"pid":1603593,"hostname":"TempleOfZyminx","from":{"q":4,"r":6},"to":{"q":9,"r":21},"msg":"findPath: no valid path found"}
{"level":30,"time":1774382620406,"pid":1603593,"hostname":"TempleOfZyminx","from":{"q":4,"r":6},"to":{"q":10,"r":0},"msg":"findPath: no valid path found"}
{"level":30,"time":1774382620406,"pid":1603593,"hostname":"TempleOfZyminx","from":{"q":4,"r":6},"to":{"q":10,"r":1},"msg":"findPath: no valid path found"}
{"level":30,"time":1774382620406,"pid":1603593,"hostname":"TempleOfZyminx","from":{"q":4,"r":6},"to":{"q":10,"r":2},"msg":"findPath: no valid path found"}
{"level":30,"time":1774382620406,"pid":1603593,"hostname":"TempleOfZyminx","from":{"q":4,"r":6},"to":{"q":10,"r":3},"msg":"findPath: no valid path found"}
{"level":30,"time":1774382620406,"pid":1603593,"hostname":"TempleOfZyminx","from":{"q":4,"r":6},"to":{"q":10,"r":4},"msg":"findPath: no valid path found"}
{"level":30,"time":1774382620406,"pid":1603593,"hostname":"TempleOfZyminx","from":{"q":4,"r":6},"to":{"q":10,"r":5},"msg":"findPath: no valid path found"}
{"level":30,"time":1774382620406,"pid":1603593,"hostname":"TempleOfZyminx","from":{"q":4,"r":6},"to":{"q":10,"r":6},"msg":"findPath: no valid path found"}
{"level":30,"time":1774382620406,"pid":1603593,"hostname":"TempleOfZyminx","from":{"q":4,"r":6},"to":{"q":10,"r":7},"msg":"findPath: no valid path found"}
{"level":30,"time":1774382620406,"pid":1603593,"hostname":"TempleOfZyminx","from":{"q":4,"r":6},"to":{"q":10,"r":8},"msg":"findPath: no valid path found"}
{"level":30,"time":1774382620407,"pid":1603593,"hostname":"TempleOfZyminx","from":{"q":4,"r":6},"to":{"q":10,"r":9},"msg":"findPath: no valid path found"}
{"level":30,"time":1774382620407,"pid":1603593,"hostname":"TempleOfZyminx","from":{"q":4,"r":6},"to":{"q":10,"r":10},"msg":"findPath: no valid path found"}
{"level":30,"time":1774382620407,"pid":1603593,"hostname":"TempleOfZyminx","from":{"q":4,"r":6},"to":{"q":10,"r":11},"msg":"findPath: no valid path found"}
{"level":30,"time":1774382620407,"pid":1603593,"hostname":"TempleOfZyminx","from":{"q":4,"r":6},"to":{"q":10,"r":12},"msg":"findPath: no valid path found"}
{"level":30,"time":1774382620407,"pid":1603593,"hostname":"TempleOfZyminx","from":{"q":4,"r":6},"to":{"q":10,"r":13},"msg":"findPath: no valid path found"}
{"level":30,"time":1774382620407,"pid":1603593,"hostname":"TempleOfZyminx","from":{"q":4,"r":6},"to":{"q":10,"r":14},"msg":"findPath: no valid path found"}
{"level":30,"time":1774382620407,"pid":1603593,"hostname":"TempleOfZyminx","from":{"q":4,"r":6},"to":{"q":10,"r":15},"msg":"findPath: no valid path found"}
{"level":30,"time":1774382620407,"pid":1603593,"hostname":"TempleOfZyminx","from":{"q":4,"r":6},"to":{"q":10,"r":16},"msg":"findPath: no valid path found"}
{"level":30,"time":1774382620408,"pid":1603593,"hostname":"TempleOfZyminx","from":{"q":4,"r":6},"to":{"q":10,"r":17},"msg":"findPath: no valid path found"}
{"level":30,"time":1774382620408,"pid":1603593,"hostname":"TempleOfZyminx","from":{"q":4,"r":6},"to":{"q":10,"r":18},"msg":"findPath: no valid path found"}
{"level":30,"time":1774382620408,"pid":1603593,"hostname":"TempleOfZyminx","from":{"q":4,"r":6},"to":{"q":10,"r":19},"msg":"findPath: no valid path found"}
{"level":30,"time":1774382620408,"pid":1603593,"hostname":"TempleOfZyminx","from":{"q":4,"r":6},"to":{"q":10,"r":20},"msg":"findPath: no valid path found"}
{"level":30,"time":1774382620408,"pid":1603593,"hostname":"TempleOfZyminx","from":{"q":4,"r":6},"to":{"q":10,"r":21},"msg":"findPath: no valid path found"}
{"level":30,"time":1774382620408,"pid":1603593,"hostname":"TempleOfZyminx","from":{"q":4,"r":6},"to":{"q":11,"r":0},"msg":"findPath: no valid path found"}
{"level":30,"time":1774382620408,"pid":1603593,"hostname":"TempleOfZyminx","from":{"q":4,"r":6},"to":{"q":11,"r":1},"msg":"findPath: no valid path found"}
{"level":30,"time":1774382620408,"pid":1603593,"hostname":"TempleOfZyminx","from":{"q":4,"r":6},"to":{"q":11,"r":2},"msg":"findPath: no valid path found"}
{"level":30,"time":1774382620408,"pid":1603593,"hostname":"TempleOfZyminx","from":{"q":4,"r":6},"to":{"q":11,"r":3},"msg":"findPath: no valid path found"}
{"level":30,"time":1774382620409,"pid":1603593,"hostname":"TempleOfZyminx","from":{"q":4,"r":6},"to":{"q":11,"r":4},"msg":"findPath: no valid path found"}
{"level":30,"time":1774382620409,"pid":1603593,"hostname":"TempleOfZyminx","from":{"q":4,"r":6},"to":{"q":11,"r":5},"msg":"findPath: no valid path found"}
{"level":30,"time":1774382620409,"pid":1603593,"hostname":"TempleOfZyminx","from":{"q":4,"r":6},"to":{"q":11,"r":6},"msg":"findPath: no valid path found"}
{"level":30,"time":1774382620409,"pid":1603593,"hostname":"TempleOfZyminx","from":{"q":4,"r":6},"to":{"q":11,"r":7},"msg":"findPath: no valid path found"}
{"level":30,"time":1774382620409,"pid":1603593,"hostname":"TempleOfZyminx","from":{"q":4,"r":6},"to":{"q":11,"r":8},"msg":"findPath: no valid path found"}
{"level":30,"time":1774382620409,"pid":1603593,"hostname":"TempleOfZyminx","from":{"q":4,"r":6},"to":{"q":11,"r":9},"msg":"findPath: no valid path found"}
{"level":30,"time":1774382620409,"pid":1603593,"hostname":"TempleOfZyminx","from":{"q":4,"r":6},"to":{"q":11,"r":10},"msg":"findPath: no valid path found"}
{"level":30,"time":1774382620409,"pid":1603593,"hostname":"TempleOfZyminx","from":{"q":4,"r":6},"to":{"q":11,"r":11},"msg":"findPath: no valid path found"}
{"level":30,"time":1774382620409,"pid":1603593,"hostname":"TempleOfZyminx","from":{"q":4,"r":6},"to":{"q":11,"r":12},"msg":"findPath: no valid path found"}
{"level":30,"time":1774382620409,"pid":1603593,"hostname":"TempleOfZyminx","from":{"q":4,"r":6},"to":{"q":11,"r":13},"msg":"findPath: no valid path found"}
{"level":30,"time":1774382620409,"pid":1603593,"hostname":"TempleOfZyminx","from":{"q":4,"r":6},"to":{"q":11,"r":14},"msg":"findPath: no valid path found"}
{"level":30,"time":1774382620410,"pid":1603593,"hostname":"TempleOfZyminx","from":{"q":4,"r":6},"to":{"q":11,"r":15},"msg":"findPath: no valid path found"}
{"level":30,"time":1774382620410,"pid":1603593,"hostname":"TempleOfZyminx","from":{"q":4,"r":6},"to":{"q":11,"r":16},"msg":"findPath: no valid path found"}
{"level":30,"time":1774382620410,"pid":1603593,"hostname":"TempleOfZyminx","from":{"q":4,"r":6},"to":{"q":11,"r":17},"msg":"findPath: no valid path found"}
{"level":30,"time":1774382620411,"pid":1603593,"hostname":"TempleOfZyminx","from":{"q":4,"r":6},"to":{"q":11,"r":18},"msg":"findPath: no valid path found"}
{"level":30,"time":1774382620411,"pid":1603593,"hostname":"TempleOfZyminx","from":{"q":4,"r":6},"to":{"q":11,"r":19},"msg":"findPath: no valid path found"}
{"level":30,"time":1774382620411,"pid":1603593,"hostname":"TempleOfZyminx","from":{"q":4,"r":6},"to":{"q":11,"r":20},"msg":"findPath: no valid path found"}
{"level":30,"time":1774382620411,"pid":1603593,"hostname":"TempleOfZyminx","from":{"q":4,"r":6},"to":{"q":11,"r":21},"msg":"findPath: no valid path found"}
{"level":30,"time":1774382620411,"pid":1603593,"hostname":"TempleOfZyminx","from":{"q":4,"r":6},"to":{"q":12,"r":0},"msg":"findPath: no valid path found"}
{"level":30,"time":1774382620411,"pid":1603593,"hostname":"TempleOfZyminx","from":{"q":4,"r":6},"to":{"q":12,"r":1},"msg":"findPath: no valid path found"}
{"level":30,"time":1774382620411,"pid":1603593,"hostname":"TempleOfZyminx","from":{"q":4,"r":6},"to":{"q":12,"r":2},"msg":"findPath: no valid path found"}
{"level":30,"time":1774382620411,"pid":1603593,"hostname":"TempleOfZyminx","from":{"q":4,"r":6},"to":{"q":12,"r":3},"msg":"findPath: no valid path found"}
{"level":30,"time":1774382620411,"pid":1603593,"hostname":"TempleOfZyminx","from":{"q":4,"r":6},"to":{"q":12,"r":4},"msg":"findPath: no valid path found"}
{"level":30,"time":1774382620411,"pid":1603593,"hostname":"TempleOfZyminx","from":{"q":4,"r":6},"to":{"q":12,"r":5},"msg":"findPath: no valid path found"}
{"level":30,"time":1774382620411,"pid":1603593,"hostname":"TempleOfZyminx","from":{"q":4,"r":6},"to":{"q":12,"r":6},"msg":"findPath: no valid path found"}
{"level":30,"time":1774382620412,"pid":1603593,"hostname":"TempleOfZyminx","from":{"q":4,"r":6},"to":{"q":12,"r":7},"msg":"findPath: no valid path found"}
{"level":30,"time":1774382620412,"pid":1603593,"hostname":"TempleOfZyminx","from":{"q":4,"r":6},"to":{"q":12,"r":8},"msg":"findPath: no valid path found"}
{"level":30,"time":1774382620412,"pid":1603593,"hostname":"TempleOfZyminx","from":{"q":4,"r":6},"to":{"q":12,"r":9},"msg":"findPath: no valid path found"}
{"level":30,"time":1774382620412,"pid":1603593,"hostname":"TempleOfZyminx","from":{"q":4,"r":6},"to":{"q":12,"r":10},"msg":"findPath: no valid path found"}
{"level":30,"time":1774382620412,"pid":1603593,"hostname":"TempleOfZyminx","from":{"q":4,"r":6},"to":{"q":12,"r":11},"msg":"findPath: no valid path found"}
{"level":30,"time":1774382620412,"pid":1603593,"hostname":"TempleOfZyminx","from":{"q":4,"r":6},"to":{"q":12,"r":12},"msg":"findPath: no valid path found"}
{"level":30,"time":1774382620412,"pid":1603593,"hostname":"TempleOfZyminx","from":{"q":4,"r":6},"to":{"q":12,"r":13},"msg":"findPath: no valid path found"}
{"level":30,"time":1774382620412,"pid":1603593,"hostname":"TempleOfZyminx","from":{"q":4,"r":6},"to":{"q":12,"r":14},"msg":"findPath: no valid path found"}
{"level":30,"time":1774382620412,"pid":1603593,"hostname":"TempleOfZyminx","from":{"q":4,"r":6},"to":{"q":12,"r":15},"msg":"findPath: no valid path found"}
{"level":30,"time":1774382620412,"pid":1603593,"hostname":"TempleOfZyminx","from":{"q":4,"r":6},"to":{"q":12,"r":16},"msg":"findPath: no valid path found"}
{"level":30,"time":1774382620412,"pid":1603593,"hostname":"TempleOfZyminx","from":{"q":4,"r":6},"to":{"q":12,"r":17},"msg":"findPath: no valid path found"}
{"level":30,"time":1774382620412,"pid":1603593,"hostname":"TempleOfZyminx","from":{"q":4,"r":6},"to":{"q":12,"r":18},"msg":"findPath: no valid path found"}
{"level":30,"time":1774382620412,"pid":1603593,"hostname":"TempleOfZyminx","from":{"q":4,"r":6},"to":{"q":12,"r":19},"msg":"findPath: no valid path found"}
{"level":30,"time":1774382620412,"pid":1603593,"hostname":"TempleOfZyminx","from":{"q":4,"r":6},"to":{"q":12,"r":20},"msg":"findPath: no valid path found"}
{"level":30,"time":1774382620412,"pid":1603593,"hostname":"TempleOfZyminx","from":{"q":4,"r":6},"to":{"q":12,"r":21},"msg":"findPath: no valid path found"}
{"level":30,"time":1774382620412,"pid":1603593,"hostname":"TempleOfZyminx","from":{"q":4,"r":6},"to":{"q":13,"r":0},"msg":"findPath: no valid path found"}
{"level":30,"time":1774382620413,"pid":1603593,"hostname":"TempleOfZyminx","from":{"q":4,"r":6},"to":{"q":13,"r":1},"msg":"findPath: no valid path found"}
{"level":30,"time":1774382620413,"pid":1603593,"hostname":"TempleOfZyminx","from":{"q":4,"r":6},"to":{"q":13,"r":2},"msg":"findPath: no valid path found"}
{"level":30,"time":1774382620413,"pid":1603593,"hostname":"TempleOfZyminx","from":{"q":4,"r":6},"to":{"q":13,"r":3},"msg":"findPath: no valid path found"}
{"level":30,"time":1774382620413,"pid":1603593,"hostname":"TempleOfZyminx","from":{"q":4,"r":6},"to":{"q":13,"r":4},"msg":"findPath: no valid path found"}
{"level":30,"time":1774382620413,"pid":1603593,"hostname":"TempleOfZyminx","from":{"q":4,"r":6},"to":{"q":13,"r":5},"msg":"findPath: no valid path found"}
{"level":30,"time":1774382620413,"pid":1603593,"hostname":"TempleOfZyminx","from":{"q":4,"r":6},"to":{"q":13,"r":6},"msg":"findPath: no valid path found"}
{"level":30,"time":1774382620413,"pid":1603593,"hostname":"TempleOfZyminx","from":{"q":4,"r":6},"to":{"q":13,"r":7},"msg":"findPath: no valid path found"}
{"level":30,"time":1774382620413,"pid":1603593,"hostname":"TempleOfZyminx","from":{"q":4,"r":6},"to":{"q":13,"r":8},"msg":"findPath: no valid path found"}
{"level":30,"time":1774382620413,"pid":1603593,"hostname":"TempleOfZyminx","from":{"q":4,"r":6},"to":{"q":13,"r":9},"msg":"findPath: no valid path found"}
{"level":30,"time":1774382620413,"pid":1603593,"hostname":"TempleOfZyminx","from":{"q":4,"r":6},"to":{"q":13,"r":10},"msg":"findPath: no valid path found"}
{"level":30,"time":1774382620413,"pid":1603593,"hostname":"TempleOfZyminx","from":{"q":4,"r":6},"to":{"q":13,"r":11},"msg":"findPath: no valid path found"}
{"level":30,"time":1774382620413,"pid":1603593,"hostname":"TempleOfZyminx","from":{"q":4,"r":6},"to":{"q":13,"r":12},"msg":"findPath: no valid path found"}
{"level":30,"time":1774382620413,"pid":1603593,"hostname":"TempleOfZyminx","from":{"q":4,"r":6},"to":{"q":13,"r":13},"msg":"findPath: no valid path found"}
{"level":30,"time":1774382620414,"pid":1603593,"hostname":"TempleOfZyminx","from":{"q":4,"r":6},"to":{"q":13,"r":14},"msg":"findPath: no valid path found"}
{"level":30,"time":1774382620414,"pid":1603593,"hostname":"TempleOfZyminx","from":{"q":4,"r":6},"to":{"q":13,"r":15},"msg":"findPath: no valid path found"}
{"level":30,"time":1774382620414,"pid":1603593,"hostname":"TempleOfZyminx","from":{"q":4,"r":6},"to":{"q":13,"r":16},"msg":"findPath: no valid path found"}
{"level":30,"time":1774382620414,"pid":1603593,"hostname":"TempleOfZyminx","from":{"q":4,"r":6},"to":{"q":13,"r":17},"msg":"findPath: no valid path found"}
{"level":30,"time":1774382620414,"pid":1603593,"hostname":"TempleOfZyminx","from":{"q":4,"r":6},"to":{"q":13,"r":18},"msg":"findPath: no valid path found"}
{"level":30,"time":1774382620414,"pid":1603593,"hostname":"TempleOfZyminx","from":{"q":4,"r":6},"to":{"q":13,"r":19},"msg":"findPath: no valid path found"}
{"level":30,"time":1774382620414,"pid":1603593,"hostname":"TempleOfZyminx","from":{"q":4,"r":6},"to":{"q":13,"r":20},"msg":"findPath: no valid path found"}
{"level":30,"time":1774382620414,"pid":1603593,"hostname":"TempleOfZyminx","from":{"q":4,"r":6},"to":{"q":13,"r":21},"msg":"findPath: no valid path found"}
{"level":30,"time":1774382620414,"pid":1603593,"hostname":"TempleOfZyminx","from":{"q":4,"r":6},"to":{"q":14,"r":0},"msg":"findPath: no valid path found"}
{"level":30,"time":1774382620414,"pid":1603593,"hostname":"TempleOfZyminx","from":{"q":4,"r":6},"to":{"q":14,"r":1},"msg":"findPath: no valid path found"}
{"level":30,"time":1774382620415,"pid":1603593,"hostname":"TempleOfZyminx","from":{"q":4,"r":6},"to":{"q":14,"r":2},"msg":"findPath: no valid path found"}
{"level":30,"time":1774382620415,"pid":1603593,"hostname":"TempleOfZyminx","from":{"q":4,"r":6},"to":{"q":14,"r":3},"msg":"findPath: no valid path found"}
{"level":30,"time":1774382620415,"pid":1603593,"hostname":"TempleOfZyminx","from":{"q":4,"r":6},"to":{"q":14,"r":4},"msg":"findPath: no valid path found"}
{"level":30,"time":1774382620415,"pid":1603593,"hostname":"TempleOfZyminx","from":{"q":4,"r":6},"to":{"q":14,"r":5},"msg":"findPath: no valid path found"}
{"level":30,"time":1774382620415,"pid":1603593,"hostname":"TempleOfZyminx","from":{"q":4,"r":6},"to":{"q":14,"r":6},"msg":"findPath: no valid path found"}
{"level":30,"time":1774382620415,"pid":1603593,"hostname":"TempleOfZyminx","from":{"q":4,"r":6},"to":{"q":14,"r":7},"msg":"findPath: no valid path found"}
{"level":30,"time":1774382620415,"pid":1603593,"hostname":"TempleOfZyminx","from":{"q":4,"r":6},"to":{"q":14,"r":8},"msg":"findPath: no valid path found"}
{"level":30,"time":1774382620415,"pid":1603593,"hostname":"TempleOfZyminx","from":{"q":4,"r":6},"to":{"q":14,"r":9},"msg":"findPath: no valid path found"}
{"level":30,"time":1774382620415,"pid":1603593,"hostname":"TempleOfZyminx","from":{"q":4,"r":6},"to":{"q":14,"r":10},"msg":"findPath: no valid path found"}
{"level":30,"time":1774382620415,"pid":1603593,"hostname":"TempleOfZyminx","from":{"q":4,"r":6},"to":{"q":14,"r":11},"msg":"findPath: no valid path found"}
{"level":30,"time":1774382620415,"pid":1603593,"hostname":"TempleOfZyminx","from":{"q":4,"r":6},"to":{"q":14,"r":12},"msg":"findPath: no valid path found"}
{"level":30,"time":1774382620415,"pid":1603593,"hostname":"TempleOfZyminx","from":{"q":4,"r":6},"to":{"q":14,"r":13},"msg":"findPath: no valid path found"}
{"level":30,"time":1774382620416,"pid":1603593,"hostname":"TempleOfZyminx","from":{"q":4,"r":6},"to":{"q":14,"r":14},"msg":"findPath: no valid path found"}
{"level":30,"time":1774382620416,"pid":1603593,"hostname":"TempleOfZyminx","from":{"q":4,"r":6},"to":{"q":14,"r":15},"msg":"findPath: no valid path found"}
{"level":30,"time":1774382620416,"pid":1603593,"hostname":"TempleOfZyminx","from":{"q":4,"r":6},"to":{"q":14,"r":16},"msg":"findPath: no valid path found"}
{"level":30,"time":1774382620416,"pid":1603593,"hostname":"TempleOfZyminx","from":{"q":4,"r":6},"to":{"q":14,"r":17},"msg":"findPath: no valid path found"}
{"level":30,"time":1774382620416,"pid":1603593,"hostname":"TempleOfZyminx","from":{"q":4,"r":6},"to":{"q":14,"r":18},"msg":"findPath: no valid path found"}
{"level":30,"time":1774382620416,"pid":1603593,"hostname":"TempleOfZyminx","from":{"q":4,"r":6},"to":{"q":14,"r":19},"msg":"findPath: no valid path found"}
{"level":30,"time":1774382620416,"pid":1603593,"hostname":"TempleOfZyminx","from":{"q":4,"r":6},"to":{"q":14,"r":20},"msg":"findPath: no valid path found"}
{"level":30,"time":1774382620416,"pid":1603593,"hostname":"TempleOfZyminx","from":{"q":4,"r":6},"to":{"q":14,"r":21},"msg":"findPath: no valid path found"}
{"level":30,"time":1774382620417,"pid":1603593,"hostname":"TempleOfZyminx","id":"5a0b0710-4b16-4941-91e6-ae9a2c92bfc5","command":"MOVE","msg":"Submitting game action"}
{"level":30,"time":1774382620417,"pid":1603593,"hostname":"TempleOfZyminx","gameId":"5a0b0710-4b16-4941-91e6-ae9a2c92bfc5","unitId":"wolf-1","msg":"Processing MOVE command"}
{"level":30,"time":1774382620419,"pid":1603593,"hostname":"TempleOfZyminx","id":"5a0b0710-4b16-4941-91e6-ae9a2c92bfc5","msg":"Fetching game state"}
{"level":30,"time":1774382620420,"pid":1603593,"hostname":"TempleOfZyminx","id":"5a0b0710-4b16-4941-91e6-ae9a2c92bfc5","command":"END_PHASE","msg":"Submitting game action"}
{"level":30,"time":1774382620420,"pid":1603593,"hostname":"TempleOfZyminx","gameId":"5a0b0710-4b16-4941-91e6-ae9a2c92bfc5","phase":"GEV_SECOND_MOVE","msg":"Advancing phase"}
{"level":30,"time":1774382620420,"pid":1603593,"hostname":"TempleOfZyminx","phase":"GEV_SECOND_MOVE","turnNumber":1,"msg":"Advancing phase in engine"}
{"level":30,"time":1774382620420,"pid":1603593,"hostname":"TempleOfZyminx","id":"5a0b0710-4b16-4941-91e6-ae9a2c92bfc5","msg":"Fetching game state"}
{"level":30,"time":1774382620421,"pid":1603593,"hostname":"TempleOfZyminx","id":"5a0b0710-4b16-4941-91e6-ae9a2c92bfc5","msg":"Fetching game state"}
{"level":30,"time":1774382620422,"pid":1603593,"hostname":"TempleOfZyminx","id":"5a0b0710-4b16-4941-91e6-ae9a2c92bfc5","msg":"Fetching game state"}
{"level":30,"time":1774382620423,"pid":1603593,"hostname":"TempleOfZyminx","id":"5a0b0710-4b16-4941-91e6-ae9a2c92bfc5","msg":"Fetching game state"}
{"level":30,"time":1774382620423,"pid":1603593,"hostname":"TempleOfZyminx","id":"5a0b0710-4b16-4941-91e6-ae9a2c92bfc5","msg":"Fetching game state"}
{"level":30,"time":1774382620424,"pid":1603593,"hostname":"TempleOfZyminx","from":{"q":3,"r":7},"to":{"q":0,"r":0},"msg":"findPath: no valid path found"}
{"level":30,"time":1774382620424,"pid":1603593,"hostname":"TempleOfZyminx","from":{"q":3,"r":7},"to":{"q":0,"r":1},"msg":"findPath: no valid path found"}
{"level":30,"time":1774382620424,"pid":1603593,"hostname":"TempleOfZyminx","from":{"q":3,"r":7},"to":{"q":0,"r":2},"msg":"findPath: no valid path found"}
{"level":30,"time":1774382620424,"pid":1603593,"hostname":"TempleOfZyminx","from":{"q":3,"r":7},"to":{"q":0,"r":3},"msg":"findPath: no valid path found"}
{"level":30,"time":1774382620424,"pid":1603593,"hostname":"TempleOfZyminx","from":{"q":3,"r":7},"to":{"q":0,"r":4},"msg":"findPath: no valid path found"}
{"level":30,"time":1774382620424,"pid":1603593,"hostname":"TempleOfZyminx","from":{"q":3,"r":7},"to":{"q":0,"r":5},"msg":"findPath: no valid path found"}
{"level":30,"time":1774382620424,"pid":1603593,"hostname":"TempleOfZyminx","from":{"q":3,"r":7},"to":{"q":0,"r":6},"msg":"findPath: no valid path found"}
{"level":30,"time":1774382620424,"pid":1603593,"hostname":"TempleOfZyminx","from":{"q":3,"r":7},"to":{"q":0,"r":11},"msg":"findPath: no valid path found"}
{"level":30,"time":1774382620424,"pid":1603593,"hostname":"TempleOfZyminx","from":{"q":3,"r":7},"to":{"q":0,"r":12},"msg":"findPath: no valid path found"}
{"level":30,"time":1774382620424,"pid":1603593,"hostname":"TempleOfZyminx","from":{"q":3,"r":7},"to":{"q":0,"r":13},"msg":"findPath: no valid path found"}
{"level":30,"time":1774382620424,"pid":1603593,"hostname":"TempleOfZyminx","from":{"q":3,"r":7},"to":{"q":0,"r":14},"msg":"findPath: no valid path found"}
{"level":30,"time":1774382620425,"pid":1603593,"hostname":"TempleOfZyminx","from":{"q":3,"r":7},"to":{"q":0,"r":15},"msg":"findPath: no valid path found"}
{"level":30,"time":1774382620425,"pid":1603593,"hostname":"TempleOfZyminx","from":{"q":3,"r":7},"to":{"q":0,"r":16},"msg":"findPath: no valid path found"}
{"level":30,"time":1774382620425,"pid":1603593,"hostname":"TempleOfZyminx","from":{"q":3,"r":7},"to":{"q":0,"r":17},"msg":"findPath: no valid path found"}
{"level":30,"time":1774382620425,"pid":1603593,"hostname":"TempleOfZyminx","from":{"q":3,"r":7},"to":{"q":0,"r":18},"msg":"findPath: no valid path found"}
{"level":30,"time":1774382620425,"pid":1603593,"hostname":"TempleOfZyminx","from":{"q":3,"r":7},"to":{"q":0,"r":19},"msg":"findPath: no valid path found"}
{"level":30,"time":1774382620425,"pid":1603593,"hostname":"TempleOfZyminx","from":{"q":3,"r":7},"to":{"q":0,"r":20},"msg":"findPath: no valid path found"}
{"level":30,"time":1774382620425,"pid":1603593,"hostname":"TempleOfZyminx","from":{"q":3,"r":7},"to":{"q":0,"r":21},"msg":"findPath: no valid path found"}
{"level":30,"time":1774382620425,"pid":1603593,"hostname":"TempleOfZyminx","from":{"q":3,"r":7},"to":{"q":1,"r":0},"msg":"findPath: no valid path found"}
{"level":30,"time":1774382620425,"pid":1603593,"hostname":"TempleOfZyminx","from":{"q":3,"r":7},"to":{"q":1,"r":1},"msg":"findPath: no valid path found"}
{"level":30,"time":1774382620425,"pid":1603593,"hostname":"TempleOfZyminx","from":{"q":3,"r":7},"to":{"q":1,"r":2},"msg":"findPath: no valid path found"}
{"level":30,"time":1774382620425,"pid":1603593,"hostname":"TempleOfZyminx","from":{"q":3,"r":7},"to":{"q":1,"r":3},"msg":"findPath: no valid path found"}
{"level":30,"time":1774382620425,"pid":1603593,"hostname":"TempleOfZyminx","from":{"q":3,"r":7},"to":{"q":1,"r":4},"msg":"findPath: no valid path found"}
{"level":30,"time":1774382620425,"pid":1603593,"hostname":"TempleOfZyminx","from":{"q":3,"r":7},"to":{"q":1,"r":5},"msg":"findPath: no valid path found"}
{"level":30,"time":1774382620426,"pid":1603593,"hostname":"TempleOfZyminx","from":{"q":3,"r":7},"to":{"q":1,"r":11},"msg":"findPath: no valid path found"}
{"level":30,"time":1774382620426,"pid":1603593,"hostname":"TempleOfZyminx","from":{"q":3,"r":7},"to":{"q":1,"r":12},"msg":"findPath: no valid path found"}
{"level":30,"time":1774382620426,"pid":1603593,"hostname":"TempleOfZyminx","from":{"q":3,"r":7},"to":{"q":1,"r":13},"msg":"findPath: no valid path found"}
{"level":30,"time":1774382620426,"pid":1603593,"hostname":"TempleOfZyminx","from":{"q":3,"r":7},"to":{"q":1,"r":14},"msg":"findPath: no valid path found"}
{"level":30,"time":1774382620426,"pid":1603593,"hostname":"TempleOfZyminx","from":{"q":3,"r":7},"to":{"q":1,"r":15},"msg":"findPath: no valid path found"}
{"level":30,"time":1774382620426,"pid":1603593,"hostname":"TempleOfZyminx","from":{"q":3,"r":7},"to":{"q":1,"r":16},"msg":"findPath: no valid path found"}
{"level":30,"time":1774382620426,"pid":1603593,"hostname":"TempleOfZyminx","from":{"q":3,"r":7},"to":{"q":1,"r":17},"msg":"findPath: no valid path found"}
{"level":30,"time":1774382620426,"pid":1603593,"hostname":"TempleOfZyminx","from":{"q":3,"r":7},"to":{"q":1,"r":18},"msg":"findPath: no valid path found"}
{"level":30,"time":1774382620426,"pid":1603593,"hostname":"TempleOfZyminx","from":{"q":3,"r":7},"to":{"q":1,"r":19},"msg":"findPath: no valid path found"}
{"level":30,"time":1774382620426,"pid":1603593,"hostname":"TempleOfZyminx","from":{"q":3,"r":7},"to":{"q":1,"r":20},"msg":"findPath: no valid path found"}
{"level":30,"time":1774382620426,"pid":1603593,"hostname":"TempleOfZyminx","from":{"q":3,"r":7},"to":{"q":1,"r":21},"msg":"findPath: no valid path found"}
{"level":30,"time":1774382620426,"pid":1603593,"hostname":"TempleOfZyminx","from":{"q":3,"r":7},"to":{"q":2,"r":0},"msg":"findPath: no valid path found"}
{"level":30,"time":1774382620426,"pid":1603593,"hostname":"TempleOfZyminx","from":{"q":3,"r":7},"to":{"q":2,"r":1},"msg":"findPath: no valid path found"}
{"level":30,"time":1774382620427,"pid":1603593,"hostname":"TempleOfZyminx","from":{"q":3,"r":7},"to":{"q":2,"r":2},"msg":"findPath: no valid path found"}
{"level":30,"time":1774382620427,"pid":1603593,"hostname":"TempleOfZyminx","from":{"q":3,"r":7},"to":{"q":2,"r":3},"msg":"findPath: no valid path found"}
{"level":30,"time":1774382620427,"pid":1603593,"hostname":"TempleOfZyminx","from":{"q":3,"r":7},"to":{"q":2,"r":4},"msg":"findPath: no valid path found"}
{"level":30,"time":1774382620427,"pid":1603593,"hostname":"TempleOfZyminx","from":{"q":3,"r":7},"to":{"q":2,"r":11},"msg":"findPath: no valid path found"}
{"level":30,"time":1774382620427,"pid":1603593,"hostname":"TempleOfZyminx","from":{"q":3,"r":7},"to":{"q":2,"r":12},"msg":"findPath: no valid path found"}
{"level":30,"time":1774382620427,"pid":1603593,"hostname":"TempleOfZyminx","from":{"q":3,"r":7},"to":{"q":2,"r":13},"msg":"findPath: no valid path found"}
{"level":30,"time":1774382620427,"pid":1603593,"hostname":"TempleOfZyminx","from":{"q":3,"r":7},"to":{"q":2,"r":14},"msg":"findPath: no valid path found"}
{"level":30,"time":1774382620427,"pid":1603593,"hostname":"TempleOfZyminx","from":{"q":3,"r":7},"to":{"q":2,"r":15},"msg":"findPath: no valid path found"}
{"level":30,"time":1774382620427,"pid":1603593,"hostname":"TempleOfZyminx","from":{"q":3,"r":7},"to":{"q":2,"r":16},"msg":"findPath: no valid path found"}
{"level":30,"time":1774382620427,"pid":1603593,"hostname":"TempleOfZyminx","from":{"q":3,"r":7},"to":{"q":2,"r":17},"msg":"findPath: no valid path found"}
{"level":30,"time":1774382620427,"pid":1603593,"hostname":"TempleOfZyminx","from":{"q":3,"r":7},"to":{"q":2,"r":18},"msg":"findPath: no valid path found"}
{"level":30,"time":1774382620428,"pid":1603593,"hostname":"TempleOfZyminx","from":{"q":3,"r":7},"to":{"q":2,"r":19},"msg":"findPath: no valid path found"}
{"level":30,"time":1774382620428,"pid":1603593,"hostname":"TempleOfZyminx","from":{"q":3,"r":7},"to":{"q":2,"r":20},"msg":"findPath: no valid path found"}
{"level":30,"time":1774382620428,"pid":1603593,"hostname":"TempleOfZyminx","from":{"q":3,"r":7},"to":{"q":2,"r":21},"msg":"findPath: no valid path found"}
{"level":30,"time":1774382620428,"pid":1603593,"hostname":"TempleOfZyminx","from":{"q":3,"r":7},"to":{"q":3,"r":0},"msg":"findPath: no valid path found"}
{"level":30,"time":1774382620428,"pid":1603593,"hostname":"TempleOfZyminx","from":{"q":3,"r":7},"to":{"q":3,"r":1},"msg":"findPath: no valid path found"}
{"level":30,"time":1774382620428,"pid":1603593,"hostname":"TempleOfZyminx","from":{"q":3,"r":7},"to":{"q":3,"r":2},"msg":"findPath: no valid path found"}
{"level":30,"time":1774382620428,"pid":1603593,"hostname":"TempleOfZyminx","from":{"q":3,"r":7},"to":{"q":3,"r":3},"msg":"findPath: no valid path found"}
{"level":30,"time":1774382620428,"pid":1603593,"hostname":"TempleOfZyminx","from":{"q":3,"r":7},"to":{"q":3,"r":8},"msg":"findPath: no valid path found"}
{"level":30,"time":1774382620428,"pid":1603593,"hostname":"TempleOfZyminx","from":{"q":3,"r":7},"to":{"q":3,"r":10},"msg":"findPath: no valid path found"}
{"level":30,"time":1774382620428,"pid":1603593,"hostname":"TempleOfZyminx","from":{"q":3,"r":7},"to":{"q":3,"r":11},"msg":"findPath: no valid path found"}
{"level":30,"time":1774382620428,"pid":1603593,"hostname":"TempleOfZyminx","from":{"q":3,"r":7},"to":{"q":3,"r":12},"msg":"findPath: no valid path found"}
{"level":30,"time":1774382620428,"pid":1603593,"hostname":"TempleOfZyminx","from":{"q":3,"r":7},"to":{"q":3,"r":13},"msg":"findPath: no valid path found"}
{"level":30,"time":1774382620428,"pid":1603593,"hostname":"TempleOfZyminx","from":{"q":3,"r":7},"to":{"q":3,"r":14},"msg":"findPath: no valid path found"}
{"level":30,"time":1774382620429,"pid":1603593,"hostname":"TempleOfZyminx","from":{"q":3,"r":7},"to":{"q":3,"r":15},"msg":"findPath: no valid path found"}
{"level":30,"time":1774382620429,"pid":1603593,"hostname":"TempleOfZyminx","from":{"q":3,"r":7},"to":{"q":3,"r":16},"msg":"findPath: no valid path found"}
{"level":30,"time":1774382620429,"pid":1603593,"hostname":"TempleOfZyminx","from":{"q":3,"r":7},"to":{"q":3,"r":17},"msg":"findPath: no valid path found"}
{"level":30,"time":1774382620429,"pid":1603593,"hostname":"TempleOfZyminx","from":{"q":3,"r":7},"to":{"q":3,"r":18},"msg":"findPath: no valid path found"}
{"level":30,"time":1774382620429,"pid":1603593,"hostname":"TempleOfZyminx","from":{"q":3,"r":7},"to":{"q":3,"r":19},"msg":"findPath: no valid path found"}
{"level":30,"time":1774382620429,"pid":1603593,"hostname":"TempleOfZyminx","from":{"q":3,"r":7},"to":{"q":3,"r":20},"msg":"findPath: no valid path found"}
{"level":30,"time":1774382620429,"pid":1603593,"hostname":"TempleOfZyminx","from":{"q":3,"r":7},"to":{"q":3,"r":21},"msg":"findPath: no valid path found"}
{"level":30,"time":1774382620429,"pid":1603593,"hostname":"TempleOfZyminx","from":{"q":3,"r":7},"to":{"q":4,"r":0},"msg":"findPath: no valid path found"}
{"level":30,"time":1774382620429,"pid":1603593,"hostname":"TempleOfZyminx","from":{"q":3,"r":7},"to":{"q":4,"r":1},"msg":"findPath: no valid path found"}
{"level":30,"time":1774382620429,"pid":1603593,"hostname":"TempleOfZyminx","from":{"q":3,"r":7},"to":{"q":4,"r":2},"msg":"findPath: no valid path found"}
{"level":30,"time":1774382620429,"pid":1603593,"hostname":"TempleOfZyminx","from":{"q":3,"r":7},"to":{"q":4,"r":3},"msg":"findPath: no valid path found"}
{"level":30,"time":1774382620429,"pid":1603593,"hostname":"TempleOfZyminx","from":{"q":3,"r":7},"to":{"q":4,"r":8},"msg":"findPath: no valid path found"}
{"level":30,"time":1774382620429,"pid":1603593,"hostname":"TempleOfZyminx","from":{"q":3,"r":7},"to":{"q":4,"r":9},"msg":"findPath: no valid path found"}
{"level":30,"time":1774382620429,"pid":1603593,"hostname":"TempleOfZyminx","from":{"q":3,"r":7},"to":{"q":4,"r":10},"msg":"findPath: no valid path found"}
{"level":30,"time":1774382620430,"pid":1603593,"hostname":"TempleOfZyminx","from":{"q":3,"r":7},"to":{"q":4,"r":11},"msg":"findPath: no valid path found"}
{"level":30,"time":1774382620430,"pid":1603593,"hostname":"TempleOfZyminx","from":{"q":3,"r":7},"to":{"q":4,"r":12},"msg":"findPath: no valid path found"}
{"level":30,"time":1774382620430,"pid":1603593,"hostname":"TempleOfZyminx","from":{"q":3,"r":7},"to":{"q":4,"r":13},"msg":"findPath: no valid path found"}
{"level":30,"time":1774382620430,"pid":1603593,"hostname":"TempleOfZyminx","from":{"q":3,"r":7},"to":{"q":4,"r":14},"msg":"findPath: no valid path found"}
{"level":30,"time":1774382620430,"pid":1603593,"hostname":"TempleOfZyminx","from":{"q":3,"r":7},"to":{"q":4,"r":15},"msg":"findPath: no valid path found"}
{"level":30,"time":1774382620430,"pid":1603593,"hostname":"TempleOfZyminx","from":{"q":3,"r":7},"to":{"q":4,"r":16},"msg":"findPath: no valid path found"}
{"level":30,"time":1774382620430,"pid":1603593,"hostname":"TempleOfZyminx","from":{"q":3,"r":7},"to":{"q":4,"r":17},"msg":"findPath: no valid path found"}
{"level":30,"time":1774382620430,"pid":1603593,"hostname":"TempleOfZyminx","from":{"q":3,"r":7},"to":{"q":4,"r":18},"msg":"findPath: no valid path found"}
{"level":30,"time":1774382620430,"pid":1603593,"hostname":"TempleOfZyminx","from":{"q":3,"r":7},"to":{"q":4,"r":19},"msg":"findPath: no valid path found"}
{"level":30,"time":1774382620430,"pid":1603593,"hostname":"TempleOfZyminx","from":{"q":3,"r":7},"to":{"q":4,"r":20},"msg":"findPath: no valid path found"}
{"level":30,"time":1774382620430,"pid":1603593,"hostname":"TempleOfZyminx","from":{"q":3,"r":7},"to":{"q":4,"r":21},"msg":"findPath: no valid path found"}
{"level":30,"time":1774382620430,"pid":1603593,"hostname":"TempleOfZyminx","from":{"q":3,"r":7},"to":{"q":5,"r":0},"msg":"findPath: no valid path found"}
{"level":30,"time":1774382620430,"pid":1603593,"hostname":"TempleOfZyminx","from":{"q":3,"r":7},"to":{"q":5,"r":1},"msg":"findPath: no valid path found"}
{"level":30,"time":1774382620430,"pid":1603593,"hostname":"TempleOfZyminx","from":{"q":3,"r":7},"to":{"q":5,"r":2},"msg":"findPath: no valid path found"}
{"level":30,"time":1774382620431,"pid":1603593,"hostname":"TempleOfZyminx","from":{"q":3,"r":7},"to":{"q":5,"r":3},"msg":"findPath: no valid path found"}
{"level":30,"time":1774382620431,"pid":1603593,"hostname":"TempleOfZyminx","from":{"q":3,"r":7},"to":{"q":5,"r":9},"msg":"findPath: no valid path found"}
{"level":30,"time":1774382620431,"pid":1603593,"hostname":"TempleOfZyminx","from":{"q":3,"r":7},"to":{"q":5,"r":10},"msg":"findPath: no valid path found"}
{"level":30,"time":1774382620431,"pid":1603593,"hostname":"TempleOfZyminx","from":{"q":3,"r":7},"to":{"q":5,"r":11},"msg":"findPath: no valid path found"}
{"level":30,"time":1774382620431,"pid":1603593,"hostname":"TempleOfZyminx","from":{"q":3,"r":7},"to":{"q":5,"r":12},"msg":"findPath: no valid path found"}
{"level":30,"time":1774382620431,"pid":1603593,"hostname":"TempleOfZyminx","from":{"q":3,"r":7},"to":{"q":5,"r":13},"msg":"findPath: no valid path found"}
{"level":30,"time":1774382620431,"pid":1603593,"hostname":"TempleOfZyminx","from":{"q":3,"r":7},"to":{"q":5,"r":14},"msg":"findPath: no valid path found"}
{"level":30,"time":1774382620431,"pid":1603593,"hostname":"TempleOfZyminx","from":{"q":3,"r":7},"to":{"q":5,"r":15},"msg":"findPath: no valid path found"}
{"level":30,"time":1774382620431,"pid":1603593,"hostname":"TempleOfZyminx","from":{"q":3,"r":7},"to":{"q":5,"r":16},"msg":"findPath: no valid path found"}
{"level":30,"time":1774382620431,"pid":1603593,"hostname":"TempleOfZyminx","from":{"q":3,"r":7},"to":{"q":5,"r":17},"msg":"findPath: no valid path found"}
{"level":30,"time":1774382620431,"pid":1603593,"hostname":"TempleOfZyminx","from":{"q":3,"r":7},"to":{"q":5,"r":18},"msg":"findPath: no valid path found"}
{"level":30,"time":1774382620431,"pid":1603593,"hostname":"TempleOfZyminx","from":{"q":3,"r":7},"to":{"q":5,"r":19},"msg":"findPath: no valid path found"}
{"level":30,"time":1774382620432,"pid":1603593,"hostname":"TempleOfZyminx","from":{"q":3,"r":7},"to":{"q":5,"r":20},"msg":"findPath: no valid path found"}
{"level":30,"time":1774382620432,"pid":1603593,"hostname":"TempleOfZyminx","from":{"q":3,"r":7},"to":{"q":5,"r":21},"msg":"findPath: no valid path found"}
{"level":30,"time":1774382620432,"pid":1603593,"hostname":"TempleOfZyminx","from":{"q":3,"r":7},"to":{"q":6,"r":0},"msg":"findPath: no valid path found"}
{"level":30,"time":1774382620432,"pid":1603593,"hostname":"TempleOfZyminx","from":{"q":3,"r":7},"to":{"q":6,"r":1},"msg":"findPath: no valid path found"}
{"level":30,"time":1774382620432,"pid":1603593,"hostname":"TempleOfZyminx","from":{"q":3,"r":7},"to":{"q":6,"r":2},"msg":"findPath: no valid path found"}
{"level":30,"time":1774382620432,"pid":1603593,"hostname":"TempleOfZyminx","from":{"q":3,"r":7},"to":{"q":6,"r":3},"msg":"findPath: no valid path found"}
{"level":30,"time":1774382620433,"pid":1603593,"hostname":"TempleOfZyminx","from":{"q":3,"r":7},"to":{"q":6,"r":8},"msg":"findPath: no valid path found"}
{"level":30,"time":1774382620433,"pid":1603593,"hostname":"TempleOfZyminx","from":{"q":3,"r":7},"to":{"q":6,"r":9},"msg":"findPath: no valid path found"}
{"level":30,"time":1774382620433,"pid":1603593,"hostname":"TempleOfZyminx","from":{"q":3,"r":7},"to":{"q":6,"r":10},"msg":"findPath: no valid path found"}
{"level":30,"time":1774382620433,"pid":1603593,"hostname":"TempleOfZyminx","from":{"q":3,"r":7},"to":{"q":6,"r":11},"msg":"findPath: no valid path found"}
{"level":30,"time":1774382620433,"pid":1603593,"hostname":"TempleOfZyminx","from":{"q":3,"r":7},"to":{"q":6,"r":12},"msg":"findPath: no valid path found"}
{"level":30,"time":1774382620433,"pid":1603593,"hostname":"TempleOfZyminx","from":{"q":3,"r":7},"to":{"q":6,"r":13},"msg":"findPath: no valid path found"}
{"level":30,"time":1774382620433,"pid":1603593,"hostname":"TempleOfZyminx","from":{"q":3,"r":7},"to":{"q":6,"r":14},"msg":"findPath: no valid path found"}
{"level":30,"time":1774382620433,"pid":1603593,"hostname":"TempleOfZyminx","from":{"q":3,"r":7},"to":{"q":6,"r":15},"msg":"findPath: no valid path found"}
{"level":30,"time":1774382620433,"pid":1603593,"hostname":"TempleOfZyminx","from":{"q":3,"r":7},"to":{"q":6,"r":16},"msg":"findPath: no valid path found"}
{"level":30,"time":1774382620433,"pid":1603593,"hostname":"TempleOfZyminx","from":{"q":3,"r":7},"to":{"q":6,"r":17},"msg":"findPath: no valid path found"}
{"level":30,"time":1774382620433,"pid":1603593,"hostname":"TempleOfZyminx","from":{"q":3,"r":7},"to":{"q":6,"r":18},"msg":"findPath: no valid path found"}
{"level":30,"time":1774382620433,"pid":1603593,"hostname":"TempleOfZyminx","from":{"q":3,"r":7},"to":{"q":6,"r":19},"msg":"findPath: no valid path found"}
{"level":30,"time":1774382620433,"pid":1603593,"hostname":"TempleOfZyminx","from":{"q":3,"r":7},"to":{"q":6,"r":20},"msg":"findPath: no valid path found"}
{"level":30,"time":1774382620433,"pid":1603593,"hostname":"TempleOfZyminx","from":{"q":3,"r":7},"to":{"q":6,"r":21},"msg":"findPath: no valid path found"}
{"level":30,"time":1774382620433,"pid":1603593,"hostname":"TempleOfZyminx","from":{"q":3,"r":7},"to":{"q":7,"r":0},"msg":"findPath: no valid path found"}
{"level":30,"time":1774382620434,"pid":1603593,"hostname":"TempleOfZyminx","from":{"q":3,"r":7},"to":{"q":7,"r":1},"msg":"findPath: no valid path found"}
{"level":30,"time":1774382620434,"pid":1603593,"hostname":"TempleOfZyminx","from":{"q":3,"r":7},"to":{"q":7,"r":2},"msg":"findPath: no valid path found"}
{"level":30,"time":1774382620434,"pid":1603593,"hostname":"TempleOfZyminx","from":{"q":3,"r":7},"to":{"q":7,"r":4},"msg":"findPath: no valid path found"}
{"level":30,"time":1774382620434,"pid":1603593,"hostname":"TempleOfZyminx","from":{"q":3,"r":7},"to":{"q":7,"r":5},"msg":"findPath: no valid path found"}
{"level":30,"time":1774382620434,"pid":1603593,"hostname":"TempleOfZyminx","from":{"q":3,"r":7},"to":{"q":7,"r":6},"msg":"findPath: no valid path found"}
{"level":30,"time":1774382620434,"pid":1603593,"hostname":"TempleOfZyminx","from":{"q":3,"r":7},"to":{"q":7,"r":7},"msg":"findPath: no valid path found"}
{"level":30,"time":1774382620434,"pid":1603593,"hostname":"TempleOfZyminx","from":{"q":3,"r":7},"to":{"q":7,"r":8},"msg":"findPath: no valid path found"}
{"level":30,"time":1774382620434,"pid":1603593,"hostname":"TempleOfZyminx","from":{"q":3,"r":7},"to":{"q":7,"r":9},"msg":"findPath: no valid path found"}
{"level":30,"time":1774382620434,"pid":1603593,"hostname":"TempleOfZyminx","from":{"q":3,"r":7},"to":{"q":7,"r":10},"msg":"findPath: no valid path found"}
{"level":30,"time":1774382620434,"pid":1603593,"hostname":"TempleOfZyminx","from":{"q":3,"r":7},"to":{"q":7,"r":11},"msg":"findPath: no valid path found"}
{"level":30,"time":1774382620434,"pid":1603593,"hostname":"TempleOfZyminx","from":{"q":3,"r":7},"to":{"q":7,"r":12},"msg":"findPath: no valid path found"}
{"level":30,"time":1774382620434,"pid":1603593,"hostname":"TempleOfZyminx","from":{"q":3,"r":7},"to":{"q":7,"r":13},"msg":"findPath: no valid path found"}
{"level":30,"time":1774382620434,"pid":1603593,"hostname":"TempleOfZyminx","from":{"q":3,"r":7},"to":{"q":7,"r":14},"msg":"findPath: no valid path found"}
{"level":30,"time":1774382620434,"pid":1603593,"hostname":"TempleOfZyminx","from":{"q":3,"r":7},"to":{"q":7,"r":15},"msg":"findPath: no valid path found"}
{"level":30,"time":1774382620434,"pid":1603593,"hostname":"TempleOfZyminx","from":{"q":3,"r":7},"to":{"q":7,"r":16},"msg":"findPath: no valid path found"}
{"level":30,"time":1774382620435,"pid":1603593,"hostname":"TempleOfZyminx","from":{"q":3,"r":7},"to":{"q":7,"r":17},"msg":"findPath: no valid path found"}
{"level":30,"time":1774382620435,"pid":1603593,"hostname":"TempleOfZyminx","from":{"q":3,"r":7},"to":{"q":7,"r":18},"msg":"findPath: no valid path found"}
{"level":30,"time":1774382620435,"pid":1603593,"hostname":"TempleOfZyminx","from":{"q":3,"r":7},"to":{"q":7,"r":19},"msg":"findPath: no valid path found"}
{"level":30,"time":1774382620435,"pid":1603593,"hostname":"TempleOfZyminx","from":{"q":3,"r":7},"to":{"q":7,"r":20},"msg":"findPath: no valid path found"}
{"level":30,"time":1774382620435,"pid":1603593,"hostname":"TempleOfZyminx","from":{"q":3,"r":7},"to":{"q":7,"r":21},"msg":"findPath: no valid path found"}
{"level":30,"time":1774382620435,"pid":1603593,"hostname":"TempleOfZyminx","from":{"q":3,"r":7},"to":{"q":8,"r":0},"msg":"findPath: no valid path found"}
{"level":30,"time":1774382620435,"pid":1603593,"hostname":"TempleOfZyminx","from":{"q":3,"r":7},"to":{"q":8,"r":1},"msg":"findPath: no valid path found"}
{"level":30,"time":1774382620435,"pid":1603593,"hostname":"TempleOfZyminx","from":{"q":3,"r":7},"to":{"q":8,"r":2},"msg":"findPath: no valid path found"}
{"level":30,"time":1774382620435,"pid":1603593,"hostname":"TempleOfZyminx","from":{"q":3,"r":7},"to":{"q":8,"r":3},"msg":"findPath: no valid path found"}
{"level":30,"time":1774382620435,"pid":1603593,"hostname":"TempleOfZyminx","from":{"q":3,"r":7},"to":{"q":8,"r":4},"msg":"findPath: no valid path found"}
{"level":30,"time":1774382620435,"pid":1603593,"hostname":"TempleOfZyminx","from":{"q":3,"r":7},"to":{"q":8,"r":5},"msg":"findPath: no valid path found"}
{"level":30,"time":1774382620435,"pid":1603593,"hostname":"TempleOfZyminx","from":{"q":3,"r":7},"to":{"q":8,"r":6},"msg":"findPath: no valid path found"}
{"level":30,"time":1774382620435,"pid":1603593,"hostname":"TempleOfZyminx","from":{"q":3,"r":7},"to":{"q":8,"r":7},"msg":"findPath: no valid path found"}
{"level":30,"time":1774382620435,"pid":1603593,"hostname":"TempleOfZyminx","from":{"q":3,"r":7},"to":{"q":8,"r":8},"msg":"findPath: no valid path found"}
{"level":30,"time":1774382620436,"pid":1603593,"hostname":"TempleOfZyminx","from":{"q":3,"r":7},"to":{"q":8,"r":9},"msg":"findPath: no valid path found"}
{"level":30,"time":1774382620436,"pid":1603593,"hostname":"TempleOfZyminx","from":{"q":3,"r":7},"to":{"q":8,"r":10},"msg":"findPath: no valid path found"}
{"level":30,"time":1774382620436,"pid":1603593,"hostname":"TempleOfZyminx","from":{"q":3,"r":7},"to":{"q":8,"r":11},"msg":"findPath: no valid path found"}
{"level":30,"time":1774382620436,"pid":1603593,"hostname":"TempleOfZyminx","from":{"q":3,"r":7},"to":{"q":8,"r":12},"msg":"findPath: no valid path found"}
{"level":30,"time":1774382620436,"pid":1603593,"hostname":"TempleOfZyminx","from":{"q":3,"r":7},"to":{"q":8,"r":13},"msg":"findPath: no valid path found"}
{"level":30,"time":1774382620436,"pid":1603593,"hostname":"TempleOfZyminx","from":{"q":3,"r":7},"to":{"q":8,"r":14},"msg":"findPath: no valid path found"}
{"level":30,"time":1774382620436,"pid":1603593,"hostname":"TempleOfZyminx","from":{"q":3,"r":7},"to":{"q":8,"r":15},"msg":"findPath: no valid path found"}
{"level":30,"time":1774382620436,"pid":1603593,"hostname":"TempleOfZyminx","from":{"q":3,"r":7},"to":{"q":8,"r":16},"msg":"findPath: no valid path found"}
{"level":30,"time":1774382620436,"pid":1603593,"hostname":"TempleOfZyminx","from":{"q":3,"r":7},"to":{"q":8,"r":17},"msg":"findPath: no valid path found"}
{"level":30,"time":1774382620436,"pid":1603593,"hostname":"TempleOfZyminx","from":{"q":3,"r":7},"to":{"q":8,"r":18},"msg":"findPath: no valid path found"}
{"level":30,"time":1774382620436,"pid":1603593,"hostname":"TempleOfZyminx","from":{"q":3,"r":7},"to":{"q":8,"r":19},"msg":"findPath: no valid path found"}
{"level":30,"time":1774382620436,"pid":1603593,"hostname":"TempleOfZyminx","from":{"q":3,"r":7},"to":{"q":8,"r":20},"msg":"findPath: no valid path found"}
{"level":30,"time":1774382620436,"pid":1603593,"hostname":"TempleOfZyminx","from":{"q":3,"r":7},"to":{"q":8,"r":21},"msg":"findPath: no valid path found"}
{"level":30,"time":1774382620436,"pid":1603593,"hostname":"TempleOfZyminx","from":{"q":3,"r":7},"to":{"q":9,"r":0},"msg":"findPath: no valid path found"}
{"level":30,"time":1774382620436,"pid":1603593,"hostname":"TempleOfZyminx","from":{"q":3,"r":7},"to":{"q":9,"r":1},"msg":"findPath: no valid path found"}
{"level":30,"time":1774382620437,"pid":1603593,"hostname":"TempleOfZyminx","from":{"q":3,"r":7},"to":{"q":9,"r":2},"msg":"findPath: no valid path found"}
{"level":30,"time":1774382620437,"pid":1603593,"hostname":"TempleOfZyminx","from":{"q":3,"r":7},"to":{"q":9,"r":3},"msg":"findPath: no valid path found"}
{"level":30,"time":1774382620437,"pid":1603593,"hostname":"TempleOfZyminx","from":{"q":3,"r":7},"to":{"q":9,"r":4},"msg":"findPath: no valid path found"}
{"level":30,"time":1774382620437,"pid":1603593,"hostname":"TempleOfZyminx","from":{"q":3,"r":7},"to":{"q":9,"r":5},"msg":"findPath: no valid path found"}
{"level":30,"time":1774382620437,"pid":1603593,"hostname":"TempleOfZyminx","from":{"q":3,"r":7},"to":{"q":9,"r":6},"msg":"findPath: no valid path found"}
{"level":30,"time":1774382620437,"pid":1603593,"hostname":"TempleOfZyminx","from":{"q":3,"r":7},"to":{"q":9,"r":7},"msg":"findPath: no valid path found"}
{"level":30,"time":1774382620437,"pid":1603593,"hostname":"TempleOfZyminx","from":{"q":3,"r":7},"to":{"q":9,"r":8},"msg":"findPath: no valid path found"}
{"level":30,"time":1774382620437,"pid":1603593,"hostname":"TempleOfZyminx","from":{"q":3,"r":7},"to":{"q":9,"r":9},"msg":"findPath: no valid path found"}
{"level":30,"time":1774382620437,"pid":1603593,"hostname":"TempleOfZyminx","from":{"q":3,"r":7},"to":{"q":9,"r":10},"msg":"findPath: no valid path found"}
{"level":30,"time":1774382620437,"pid":1603593,"hostname":"TempleOfZyminx","from":{"q":3,"r":7},"to":{"q":9,"r":11},"msg":"findPath: no valid path found"}
{"level":30,"time":1774382620437,"pid":1603593,"hostname":"TempleOfZyminx","from":{"q":3,"r":7},"to":{"q":9,"r":12},"msg":"findPath: no valid path found"}
{"level":30,"time":1774382620437,"pid":1603593,"hostname":"TempleOfZyminx","from":{"q":3,"r":7},"to":{"q":9,"r":13},"msg":"findPath: no valid path found"}
{"level":30,"time":1774382620437,"pid":1603593,"hostname":"TempleOfZyminx","from":{"q":3,"r":7},"to":{"q":9,"r":14},"msg":"findPath: no valid path found"}
{"level":30,"time":1774382620437,"pid":1603593,"hostname":"TempleOfZyminx","from":{"q":3,"r":7},"to":{"q":9,"r":15},"msg":"findPath: no valid path found"}
{"level":30,"time":1774382620438,"pid":1603593,"hostname":"TempleOfZyminx","from":{"q":3,"r":7},"to":{"q":9,"r":16},"msg":"findPath: no valid path found"}
{"level":30,"time":1774382620438,"pid":1603593,"hostname":"TempleOfZyminx","from":{"q":3,"r":7},"to":{"q":9,"r":17},"msg":"findPath: no valid path found"}
{"level":30,"time":1774382620438,"pid":1603593,"hostname":"TempleOfZyminx","from":{"q":3,"r":7},"to":{"q":9,"r":18},"msg":"findPath: no valid path found"}
{"level":30,"time":1774382620438,"pid":1603593,"hostname":"TempleOfZyminx","from":{"q":3,"r":7},"to":{"q":9,"r":19},"msg":"findPath: no valid path found"}
{"level":30,"time":1774382620438,"pid":1603593,"hostname":"TempleOfZyminx","from":{"q":3,"r":7},"to":{"q":9,"r":20},"msg":"findPath: no valid path found"}
{"level":30,"time":1774382620438,"pid":1603593,"hostname":"TempleOfZyminx","from":{"q":3,"r":7},"to":{"q":9,"r":21},"msg":"findPath: no valid path found"}
{"level":30,"time":1774382620438,"pid":1603593,"hostname":"TempleOfZyminx","from":{"q":3,"r":7},"to":{"q":10,"r":0},"msg":"findPath: no valid path found"}
{"level":30,"time":1774382620438,"pid":1603593,"hostname":"TempleOfZyminx","from":{"q":3,"r":7},"to":{"q":10,"r":1},"msg":"findPath: no valid path found"}
{"level":30,"time":1774382620438,"pid":1603593,"hostname":"TempleOfZyminx","from":{"q":3,"r":7},"to":{"q":10,"r":2},"msg":"findPath: no valid path found"}
{"level":30,"time":1774382620438,"pid":1603593,"hostname":"TempleOfZyminx","from":{"q":3,"r":7},"to":{"q":10,"r":3},"msg":"findPath: no valid path found"}
{"level":30,"time":1774382620438,"pid":1603593,"hostname":"TempleOfZyminx","from":{"q":3,"r":7},"to":{"q":10,"r":4},"msg":"findPath: no valid path found"}
{"level":30,"time":1774382620438,"pid":1603593,"hostname":"TempleOfZyminx","from":{"q":3,"r":7},"to":{"q":10,"r":5},"msg":"findPath: no valid path found"}
{"level":30,"time":1774382620438,"pid":1603593,"hostname":"TempleOfZyminx","from":{"q":3,"r":7},"to":{"q":10,"r":6},"msg":"findPath: no valid path found"}
{"level":30,"time":1774382620438,"pid":1603593,"hostname":"TempleOfZyminx","from":{"q":3,"r":7},"to":{"q":10,"r":7},"msg":"findPath: no valid path found"}
{"level":30,"time":1774382620438,"pid":1603593,"hostname":"TempleOfZyminx","from":{"q":3,"r":7},"to":{"q":10,"r":8},"msg":"findPath: no valid path found"}
{"level":30,"time":1774382620439,"pid":1603593,"hostname":"TempleOfZyminx","from":{"q":3,"r":7},"to":{"q":10,"r":9},"msg":"findPath: no valid path found"}
{"level":30,"time":1774382620439,"pid":1603593,"hostname":"TempleOfZyminx","from":{"q":3,"r":7},"to":{"q":10,"r":10},"msg":"findPath: no valid path found"}
{"level":30,"time":1774382620439,"pid":1603593,"hostname":"TempleOfZyminx","from":{"q":3,"r":7},"to":{"q":10,"r":11},"msg":"findPath: no valid path found"}
{"level":30,"time":1774382620439,"pid":1603593,"hostname":"TempleOfZyminx","from":{"q":3,"r":7},"to":{"q":10,"r":12},"msg":"findPath: no valid path found"}
{"level":30,"time":1774382620439,"pid":1603593,"hostname":"TempleOfZyminx","from":{"q":3,"r":7},"to":{"q":10,"r":13},"msg":"findPath: no valid path found"}
{"level":30,"time":1774382620439,"pid":1603593,"hostname":"TempleOfZyminx","from":{"q":3,"r":7},"to":{"q":10,"r":14},"msg":"findPath: no valid path found"}
{"level":30,"time":1774382620439,"pid":1603593,"hostname":"TempleOfZyminx","from":{"q":3,"r":7},"to":{"q":10,"r":15},"msg":"findPath: no valid path found"}
{"level":30,"time":1774382620439,"pid":1603593,"hostname":"TempleOfZyminx","from":{"q":3,"r":7},"to":{"q":10,"r":16},"msg":"findPath: no valid path found"}
{"level":30,"time":1774382620439,"pid":1603593,"hostname":"TempleOfZyminx","from":{"q":3,"r":7},"to":{"q":10,"r":17},"msg":"findPath: no valid path found"}
{"level":30,"time":1774382620439,"pid":1603593,"hostname":"TempleOfZyminx","from":{"q":3,"r":7},"to":{"q":10,"r":18},"msg":"findPath: no valid path found"}
{"level":30,"time":1774382620439,"pid":1603593,"hostname":"TempleOfZyminx","from":{"q":3,"r":7},"to":{"q":10,"r":19},"msg":"findPath: no valid path found"}
{"level":30,"time":1774382620439,"pid":1603593,"hostname":"TempleOfZyminx","from":{"q":3,"r":7},"to":{"q":10,"r":20},"msg":"findPath: no valid path found"}
{"level":30,"time":1774382620439,"pid":1603593,"hostname":"TempleOfZyminx","from":{"q":3,"r":7},"to":{"q":10,"r":21},"msg":"findPath: no valid path found"}
{"level":30,"time":1774382620439,"pid":1603593,"hostname":"TempleOfZyminx","from":{"q":3,"r":7},"to":{"q":11,"r":0},"msg":"findPath: no valid path found"}
{"level":30,"time":1774382620440,"pid":1603593,"hostname":"TempleOfZyminx","from":{"q":3,"r":7},"to":{"q":11,"r":1},"msg":"findPath: no valid path found"}
{"level":30,"time":1774382620440,"pid":1603593,"hostname":"TempleOfZyminx","from":{"q":3,"r":7},"to":{"q":11,"r":2},"msg":"findPath: no valid path found"}
{"level":30,"time":1774382620440,"pid":1603593,"hostname":"TempleOfZyminx","from":{"q":3,"r":7},"to":{"q":11,"r":3},"msg":"findPath: no valid path found"}
{"level":30,"time":1774382620440,"pid":1603593,"hostname":"TempleOfZyminx","from":{"q":3,"r":7},"to":{"q":11,"r":4},"msg":"findPath: no valid path found"}
{"level":30,"time":1774382620440,"pid":1603593,"hostname":"TempleOfZyminx","from":{"q":3,"r":7},"to":{"q":11,"r":5},"msg":"findPath: no valid path found"}
{"level":30,"time":1774382620440,"pid":1603593,"hostname":"TempleOfZyminx","from":{"q":3,"r":7},"to":{"q":11,"r":6},"msg":"findPath: no valid path found"}
{"level":30,"time":1774382620440,"pid":1603593,"hostname":"TempleOfZyminx","from":{"q":3,"r":7},"to":{"q":11,"r":7},"msg":"findPath: no valid path found"}
{"level":30,"time":1774382620440,"pid":1603593,"hostname":"TempleOfZyminx","from":{"q":3,"r":7},"to":{"q":11,"r":8},"msg":"findPath: no valid path found"}
{"level":30,"time":1774382620440,"pid":1603593,"hostname":"TempleOfZyminx","from":{"q":3,"r":7},"to":{"q":11,"r":9},"msg":"findPath: no valid path found"}
{"level":30,"time":1774382620440,"pid":1603593,"hostname":"TempleOfZyminx","from":{"q":3,"r":7},"to":{"q":11,"r":10},"msg":"findPath: no valid path found"}
{"level":30,"time":1774382620440,"pid":1603593,"hostname":"TempleOfZyminx","from":{"q":3,"r":7},"to":{"q":11,"r":11},"msg":"findPath: no valid path found"}
{"level":30,"time":1774382620440,"pid":1603593,"hostname":"TempleOfZyminx","from":{"q":3,"r":7},"to":{"q":11,"r":12},"msg":"findPath: no valid path found"}
{"level":30,"time":1774382620440,"pid":1603593,"hostname":"TempleOfZyminx","from":{"q":3,"r":7},"to":{"q":11,"r":13},"msg":"findPath: no valid path found"}
{"level":30,"time":1774382620440,"pid":1603593,"hostname":"TempleOfZyminx","from":{"q":3,"r":7},"to":{"q":11,"r":14},"msg":"findPath: no valid path found"}
{"level":30,"time":1774382620441,"pid":1603593,"hostname":"TempleOfZyminx","from":{"q":3,"r":7},"to":{"q":11,"r":15},"msg":"findPath: no valid path found"}
{"level":30,"time":1774382620441,"pid":1603593,"hostname":"TempleOfZyminx","from":{"q":3,"r":7},"to":{"q":11,"r":16},"msg":"findPath: no valid path found"}
{"level":30,"time":1774382620441,"pid":1603593,"hostname":"TempleOfZyminx","from":{"q":3,"r":7},"to":{"q":11,"r":17},"msg":"findPath: no valid path found"}
{"level":30,"time":1774382620441,"pid":1603593,"hostname":"TempleOfZyminx","from":{"q":3,"r":7},"to":{"q":11,"r":18},"msg":"findPath: no valid path found"}
{"level":30,"time":1774382620441,"pid":1603593,"hostname":"TempleOfZyminx","from":{"q":3,"r":7},"to":{"q":11,"r":19},"msg":"findPath: no valid path found"}
{"level":30,"time":1774382620441,"pid":1603593,"hostname":"TempleOfZyminx","from":{"q":3,"r":7},"to":{"q":11,"r":20},"msg":"findPath: no valid path found"}
{"level":30,"time":1774382620441,"pid":1603593,"hostname":"TempleOfZyminx","from":{"q":3,"r":7},"to":{"q":11,"r":21},"msg":"findPath: no valid path found"}
{"level":30,"time":1774382620441,"pid":1603593,"hostname":"TempleOfZyminx","from":{"q":3,"r":7},"to":{"q":12,"r":0},"msg":"findPath: no valid path found"}
{"level":30,"time":1774382620441,"pid":1603593,"hostname":"TempleOfZyminx","from":{"q":3,"r":7},"to":{"q":12,"r":1},"msg":"findPath: no valid path found"}
{"level":30,"time":1774382620441,"pid":1603593,"hostname":"TempleOfZyminx","from":{"q":3,"r":7},"to":{"q":12,"r":2},"msg":"findPath: no valid path found"}
{"level":30,"time":1774382620441,"pid":1603593,"hostname":"TempleOfZyminx","from":{"q":3,"r":7},"to":{"q":12,"r":3},"msg":"findPath: no valid path found"}
{"level":30,"time":1774382620441,"pid":1603593,"hostname":"TempleOfZyminx","from":{"q":3,"r":7},"to":{"q":12,"r":4},"msg":"findPath: no valid path found"}
{"level":30,"time":1774382620441,"pid":1603593,"hostname":"TempleOfZyminx","from":{"q":3,"r":7},"to":{"q":12,"r":5},"msg":"findPath: no valid path found"}
{"level":30,"time":1774382620441,"pid":1603593,"hostname":"TempleOfZyminx","from":{"q":3,"r":7},"to":{"q":12,"r":6},"msg":"findPath: no valid path found"}
{"level":30,"time":1774382620441,"pid":1603593,"hostname":"TempleOfZyminx","from":{"q":3,"r":7},"to":{"q":12,"r":7},"msg":"findPath: no valid path found"}
{"level":30,"time":1774382620442,"pid":1603593,"hostname":"TempleOfZyminx","from":{"q":3,"r":7},"to":{"q":12,"r":8},"msg":"findPath: no valid path found"}
{"level":30,"time":1774382620442,"pid":1603593,"hostname":"TempleOfZyminx","from":{"q":3,"r":7},"to":{"q":12,"r":9},"msg":"findPath: no valid path found"}
{"level":30,"time":1774382620442,"pid":1603593,"hostname":"TempleOfZyminx","from":{"q":3,"r":7},"to":{"q":12,"r":10},"msg":"findPath: no valid path found"}
{"level":30,"time":1774382620442,"pid":1603593,"hostname":"TempleOfZyminx","from":{"q":3,"r":7},"to":{"q":12,"r":11},"msg":"findPath: no valid path found"}
{"level":30,"time":1774382620442,"pid":1603593,"hostname":"TempleOfZyminx","from":{"q":3,"r":7},"to":{"q":12,"r":12},"msg":"findPath: no valid path found"}
{"level":30,"time":1774382620442,"pid":1603593,"hostname":"TempleOfZyminx","from":{"q":3,"r":7},"to":{"q":12,"r":13},"msg":"findPath: no valid path found"}
{"level":30,"time":1774382620442,"pid":1603593,"hostname":"TempleOfZyminx","from":{"q":3,"r":7},"to":{"q":12,"r":14},"msg":"findPath: no valid path found"}
{"level":30,"time":1774382620442,"pid":1603593,"hostname":"TempleOfZyminx","from":{"q":3,"r":7},"to":{"q":12,"r":15},"msg":"findPath: no valid path found"}
{"level":30,"time":1774382620442,"pid":1603593,"hostname":"TempleOfZyminx","from":{"q":3,"r":7},"to":{"q":12,"r":16},"msg":"findPath: no valid path found"}
{"level":30,"time":1774382620442,"pid":1603593,"hostname":"TempleOfZyminx","from":{"q":3,"r":7},"to":{"q":12,"r":17},"msg":"findPath: no valid path found"}
{"level":30,"time":1774382620442,"pid":1603593,"hostname":"TempleOfZyminx","from":{"q":3,"r":7},"to":{"q":12,"r":18},"msg":"findPath: no valid path found"}
{"level":30,"time":1774382620442,"pid":1603593,"hostname":"TempleOfZyminx","from":{"q":3,"r":7},"to":{"q":12,"r":19},"msg":"findPath: no valid path found"}
{"level":30,"time":1774382620442,"pid":1603593,"hostname":"TempleOfZyminx","from":{"q":3,"r":7},"to":{"q":12,"r":20},"msg":"findPath: no valid path found"}
{"level":30,"time":1774382620442,"pid":1603593,"hostname":"TempleOfZyminx","from":{"q":3,"r":7},"to":{"q":12,"r":21},"msg":"findPath: no valid path found"}
{"level":30,"time":1774382620442,"pid":1603593,"hostname":"TempleOfZyminx","from":{"q":3,"r":7},"to":{"q":13,"r":0},"msg":"findPath: no valid path found"}
{"level":30,"time":1774382620443,"pid":1603593,"hostname":"TempleOfZyminx","from":{"q":3,"r":7},"to":{"q":13,"r":1},"msg":"findPath: no valid path found"}
{"level":30,"time":1774382620443,"pid":1603593,"hostname":"TempleOfZyminx","from":{"q":3,"r":7},"to":{"q":13,"r":2},"msg":"findPath: no valid path found"}
{"level":30,"time":1774382620443,"pid":1603593,"hostname":"TempleOfZyminx","from":{"q":3,"r":7},"to":{"q":13,"r":3},"msg":"findPath: no valid path found"}
{"level":30,"time":1774382620443,"pid":1603593,"hostname":"TempleOfZyminx","from":{"q":3,"r":7},"to":{"q":13,"r":4},"msg":"findPath: no valid path found"}
{"level":30,"time":1774382620443,"pid":1603593,"hostname":"TempleOfZyminx","from":{"q":3,"r":7},"to":{"q":13,"r":5},"msg":"findPath: no valid path found"}
{"level":30,"time":1774382620443,"pid":1603593,"hostname":"TempleOfZyminx","from":{"q":3,"r":7},"to":{"q":13,"r":6},"msg":"findPath: no valid path found"}
{"level":30,"time":1774382620443,"pid":1603593,"hostname":"TempleOfZyminx","from":{"q":3,"r":7},"to":{"q":13,"r":7},"msg":"findPath: no valid path found"}
{"level":30,"time":1774382620443,"pid":1603593,"hostname":"TempleOfZyminx","from":{"q":3,"r":7},"to":{"q":13,"r":8},"msg":"findPath: no valid path found"}
{"level":30,"time":1774382620443,"pid":1603593,"hostname":"TempleOfZyminx","from":{"q":3,"r":7},"to":{"q":13,"r":9},"msg":"findPath: no valid path found"}
{"level":30,"time":1774382620443,"pid":1603593,"hostname":"TempleOfZyminx","from":{"q":3,"r":7},"to":{"q":13,"r":10},"msg":"findPath: no valid path found"}
{"level":30,"time":1774382620443,"pid":1603593,"hostname":"TempleOfZyminx","from":{"q":3,"r":7},"to":{"q":13,"r":11},"msg":"findPath: no valid path found"}
{"level":30,"time":1774382620443,"pid":1603593,"hostname":"TempleOfZyminx","from":{"q":3,"r":7},"to":{"q":13,"r":12},"msg":"findPath: no valid path found"}
{"level":30,"time":1774382620443,"pid":1603593,"hostname":"TempleOfZyminx","from":{"q":3,"r":7},"to":{"q":13,"r":13},"msg":"findPath: no valid path found"}
{"level":30,"time":1774382620443,"pid":1603593,"hostname":"TempleOfZyminx","from":{"q":3,"r":7},"to":{"q":13,"r":14},"msg":"findPath: no valid path found"}
{"level":30,"time":1774382620444,"pid":1603593,"hostname":"TempleOfZyminx","from":{"q":3,"r":7},"to":{"q":13,"r":15},"msg":"findPath: no valid path found"}
{"level":30,"time":1774382620444,"pid":1603593,"hostname":"TempleOfZyminx","from":{"q":3,"r":7},"to":{"q":13,"r":16},"msg":"findPath: no valid path found"}
{"level":30,"time":1774382620444,"pid":1603593,"hostname":"TempleOfZyminx","from":{"q":3,"r":7},"to":{"q":13,"r":17},"msg":"findPath: no valid path found"}
{"level":30,"time":1774382620444,"pid":1603593,"hostname":"TempleOfZyminx","from":{"q":3,"r":7},"to":{"q":13,"r":18},"msg":"findPath: no valid path found"}
{"level":30,"time":1774382620444,"pid":1603593,"hostname":"TempleOfZyminx","from":{"q":3,"r":7},"to":{"q":13,"r":19},"msg":"findPath: no valid path found"}
{"level":30,"time":1774382620444,"pid":1603593,"hostname":"TempleOfZyminx","from":{"q":3,"r":7},"to":{"q":13,"r":20},"msg":"findPath: no valid path found"}
{"level":30,"time":1774382620444,"pid":1603593,"hostname":"TempleOfZyminx","from":{"q":3,"r":7},"to":{"q":13,"r":21},"msg":"findPath: no valid path found"}
{"level":30,"time":1774382620444,"pid":1603593,"hostname":"TempleOfZyminx","from":{"q":3,"r":7},"to":{"q":14,"r":0},"msg":"findPath: no valid path found"}
{"level":30,"time":1774382620444,"pid":1603593,"hostname":"TempleOfZyminx","from":{"q":3,"r":7},"to":{"q":14,"r":1},"msg":"findPath: no valid path found"}
{"level":30,"time":1774382620444,"pid":1603593,"hostname":"TempleOfZyminx","from":{"q":3,"r":7},"to":{"q":14,"r":2},"msg":"findPath: no valid path found"}
{"level":30,"time":1774382620444,"pid":1603593,"hostname":"TempleOfZyminx","from":{"q":3,"r":7},"to":{"q":14,"r":3},"msg":"findPath: no valid path found"}
{"level":30,"time":1774382620444,"pid":1603593,"hostname":"TempleOfZyminx","from":{"q":3,"r":7},"to":{"q":14,"r":4},"msg":"findPath: no valid path found"}
{"level":30,"time":1774382620444,"pid":1603593,"hostname":"TempleOfZyminx","from":{"q":3,"r":7},"to":{"q":14,"r":5},"msg":"findPath: no valid path found"}
{"level":30,"time":1774382620444,"pid":1603593,"hostname":"TempleOfZyminx","from":{"q":3,"r":7},"to":{"q":14,"r":6},"msg":"findPath: no valid path found"}
{"level":30,"time":1774382620444,"pid":1603593,"hostname":"TempleOfZyminx","from":{"q":3,"r":7},"to":{"q":14,"r":7},"msg":"findPath: no valid path found"}
{"level":30,"time":1774382620445,"pid":1603593,"hostname":"TempleOfZyminx","from":{"q":3,"r":7},"to":{"q":14,"r":8},"msg":"findPath: no valid path found"}
{"level":30,"time":1774382620445,"pid":1603593,"hostname":"TempleOfZyminx","from":{"q":3,"r":7},"to":{"q":14,"r":9},"msg":"findPath: no valid path found"}
{"level":30,"time":1774382620445,"pid":1603593,"hostname":"TempleOfZyminx","from":{"q":3,"r":7},"to":{"q":14,"r":10},"msg":"findPath: no valid path found"}
{"level":30,"time":1774382620445,"pid":1603593,"hostname":"TempleOfZyminx","from":{"q":3,"r":7},"to":{"q":14,"r":11},"msg":"findPath: no valid path found"}
{"level":30,"time":1774382620445,"pid":1603593,"hostname":"TempleOfZyminx","from":{"q":3,"r":7},"to":{"q":14,"r":12},"msg":"findPath: no valid path found"}
{"level":30,"time":1774382620445,"pid":1603593,"hostname":"TempleOfZyminx","from":{"q":3,"r":7},"to":{"q":14,"r":13},"msg":"findPath: no valid path found"}
{"level":30,"time":1774382620445,"pid":1603593,"hostname":"TempleOfZyminx","from":{"q":3,"r":7},"to":{"q":14,"r":14},"msg":"findPath: no valid path found"}
{"level":30,"time":1774382620445,"pid":1603593,"hostname":"TempleOfZyminx","from":{"q":3,"r":7},"to":{"q":14,"r":15},"msg":"findPath: no valid path found"}
{"level":30,"time":1774382620445,"pid":1603593,"hostname":"TempleOfZyminx","from":{"q":3,"r":7},"to":{"q":14,"r":16},"msg":"findPath: no valid path found"}
{"level":30,"time":1774382620445,"pid":1603593,"hostname":"TempleOfZyminx","from":{"q":3,"r":7},"to":{"q":14,"r":17},"msg":"findPath: no valid path found"}
{"level":30,"time":1774382620445,"pid":1603593,"hostname":"TempleOfZyminx","from":{"q":3,"r":7},"to":{"q":14,"r":18},"msg":"findPath: no valid path found"}
{"level":30,"time":1774382620445,"pid":1603593,"hostname":"TempleOfZyminx","from":{"q":3,"r":7},"to":{"q":14,"r":19},"msg":"findPath: no valid path found"}
{"level":30,"time":1774382620445,"pid":1603593,"hostname":"TempleOfZyminx","from":{"q":3,"r":7},"to":{"q":14,"r":20},"msg":"findPath: no valid path found"}
{"level":30,"time":1774382620445,"pid":1603593,"hostname":"TempleOfZyminx","from":{"q":3,"r":7},"to":{"q":14,"r":21},"msg":"findPath: no valid path found"}
{"level":30,"time":1774382620446,"pid":1603593,"hostname":"TempleOfZyminx","id":"5a0b0710-4b16-4941-91e6-ae9a2c92bfc5","command":"MOVE","msg":"Submitting game action"}
{"level":30,"time":1774382620446,"pid":1603593,"hostname":"TempleOfZyminx","gameId":"5a0b0710-4b16-4941-91e6-ae9a2c92bfc5","unitId":"onion-1","msg":"Processing MOVE command"}
{"level":30,"time":1774382620447,"pid":1603593,"hostname":"TempleOfZyminx","id":"5a0b0710-4b16-4941-91e6-ae9a2c92bfc5","msg":"Fetching game state"}
{"level":30,"time":1774382620452,"pid":1603593,"hostname":"TempleOfZyminx","id":"5a0b0710-4b16-4941-91e6-ae9a2c92bfc5","msg":"Fetching game state"}
{"level":30,"time":1774382620453,"pid":1603593,"hostname":"TempleOfZyminx","id":"5a0b0710-4b16-4941-91e6-ae9a2c92bfc5","command":"END_PHASE","msg":"Submitting game action"}
{"level":30,"time":1774382620453,"pid":1603593,"hostname":"TempleOfZyminx","gameId":"5a0b0710-4b16-4941-91e6-ae9a2c92bfc5","phase":"ONION_MOVE","msg":"Advancing phase"}
{"level":30,"time":1774382620453,"pid":1603593,"hostname":"TempleOfZyminx","phase":"ONION_MOVE","turnNumber":2,"msg":"Advancing phase in engine"}
{"level":30,"time":1774382620453,"pid":1603593,"hostname":"TempleOfZyminx","id":"5a0b0710-4b16-4941-91e6-ae9a2c92bfc5","msg":"Fetching game state"}
{"level":30,"time":1774382620454,"pid":1603593,"hostname":"TempleOfZyminx","id":"5a0b0710-4b16-4941-91e6-ae9a2c92bfc5","msg":"Fetching game state"}
{"level":30,"time":1774382620455,"pid":1603593,"hostname":"TempleOfZyminx","id":"5a0b0710-4b16-4941-91e6-ae9a2c92bfc5","command":"FIRE","msg":"Submitting game action"}
{"level":30,"time":1774382620456,"pid":1603593,"hostname":"TempleOfZyminx","gameId":"5a0b0710-4b16-4941-91e6-ae9a2c92bfc5","type":"FIRE","msg":"Processing combat command"}
{"level":30,"time":1774382620456,"pid":1603593,"hostname":"TempleOfZyminx","commandType":"FIRE","msg":"Validating combat action"}
{"level":30,"time":1774382620456,"pid":1603593,"hostname":"TempleOfZyminx","gameId":"5a0b0710-4b16-4941-91e6-ae9a2c92bfc5","error":"Attacker 'missile_1' is already destroyed or exhausted","msg":"Invalid combat command"}
{"level":30,"time":1774382620456,"pid":1603593,"hostname":"TempleOfZyminx","id":"5a0b0710-4b16-4941-91e6-ae9a2c92bfc5","msg":"Fetching game state"}
{"level":30,"time":1774382620457,"pid":1603593,"hostname":"TempleOfZyminx","id":"5a0b0710-4b16-4941-91e6-ae9a2c92bfc5","msg":"Fetching game state"}
{"level":30,"time":1774382620458,"pid":1603593,"hostname":"TempleOfZyminx","id":"5a0b0710-4b16-4941-91e6-ae9a2c92bfc5","command":"END_PHASE","msg":"Submitting game action"}
{"level":30,"time":1774382620459,"pid":1603593,"hostname":"TempleOfZyminx","gameId":"5a0b0710-4b16-4941-91e6-ae9a2c92bfc5","phase":"ONION_COMBAT","msg":"Advancing phase"}
{"level":30,"time":1774382620459,"pid":1603593,"hostname":"TempleOfZyminx","phase":"ONION_COMBAT","turnNumber":2,"msg":"Advancing phase in engine"}
{"level":30,"time":1774382620459,"pid":1603593,"hostname":"TempleOfZyminx","id":"5a0b0710-4b16-4941-91e6-ae9a2c92bfc5","msg":"Fetching game state"}
{"level":30,"time":1774382620460,"pid":1603593,"hostname":"TempleOfZyminx","id":"5a0b0710-4b16-4941-91e6-ae9a2c92bfc5","msg":"Fetching game state"}
{"level":30,"time":1774382620461,"pid":1603593,"hostname":"TempleOfZyminx","from":{"q":3,"r":6},"to":{"q":0,"r":0},"msg":"findPath: no valid path found"}
{"level":30,"time":1774382620461,"pid":1603593,"hostname":"TempleOfZyminx","from":{"q":3,"r":6},"to":{"q":0,"r":1},"msg":"findPath: no valid path found"}
{"level":30,"time":1774382620461,"pid":1603593,"hostname":"TempleOfZyminx","from":{"q":3,"r":6},"to":{"q":0,"r":2},"msg":"findPath: no valid path found"}
{"level":30,"time":1774382620461,"pid":1603593,"hostname":"TempleOfZyminx","from":{"q":3,"r":6},"to":{"q":0,"r":3},"msg":"findPath: no valid path found"}
{"level":30,"time":1774382620461,"pid":1603593,"hostname":"TempleOfZyminx","from":{"q":3,"r":6},"to":{"q":0,"r":4},"msg":"findPath: no valid path found"}
{"level":30,"time":1774382620462,"pid":1603593,"hostname":"TempleOfZyminx","from":{"q":3,"r":6},"to":{"q":0,"r":11},"msg":"findPath: no valid path found"}
{"level":30,"time":1774382620462,"pid":1603593,"hostname":"TempleOfZyminx","from":{"q":3,"r":6},"to":{"q":0,"r":12},"msg":"findPath: no valid path found"}
{"level":30,"time":1774382620462,"pid":1603593,"hostname":"TempleOfZyminx","from":{"q":3,"r":6},"to":{"q":0,"r":13},"msg":"findPath: no valid path found"}
{"level":30,"time":1774382620462,"pid":1603593,"hostname":"TempleOfZyminx","from":{"q":3,"r":6},"to":{"q":0,"r":14},"msg":"findPath: no valid path found"}
{"level":30,"time":1774382620462,"pid":1603593,"hostname":"TempleOfZyminx","from":{"q":3,"r":6},"to":{"q":0,"r":15},"msg":"findPath: no valid path found"}
{"level":30,"time":1774382620462,"pid":1603593,"hostname":"TempleOfZyminx","from":{"q":3,"r":6},"to":{"q":0,"r":16},"msg":"findPath: no valid path found"}
{"level":30,"time":1774382620463,"pid":1603593,"hostname":"TempleOfZyminx","from":{"q":3,"r":6},"to":{"q":0,"r":17},"msg":"findPath: no valid path found"}
{"level":30,"time":1774382620463,"pid":1603593,"hostname":"TempleOfZyminx","from":{"q":3,"r":6},"to":{"q":0,"r":18},"msg":"findPath: no valid path found"}
{"level":30,"time":1774382620463,"pid":1603593,"hostname":"TempleOfZyminx","from":{"q":3,"r":6},"to":{"q":0,"r":19},"msg":"findPath: no valid path found"}
{"level":30,"time":1774382620463,"pid":1603593,"hostname":"TempleOfZyminx","from":{"q":3,"r":6},"to":{"q":0,"r":20},"msg":"findPath: no valid path found"}
{"level":30,"time":1774382620463,"pid":1603593,"hostname":"TempleOfZyminx","from":{"q":3,"r":6},"to":{"q":0,"r":21},"msg":"findPath: no valid path found"}
{"level":30,"time":1774382620463,"pid":1603593,"hostname":"TempleOfZyminx","from":{"q":3,"r":6},"to":{"q":1,"r":0},"msg":"findPath: no valid path found"}
{"level":30,"time":1774382620463,"pid":1603593,"hostname":"TempleOfZyminx","from":{"q":3,"r":6},"to":{"q":1,"r":1},"msg":"findPath: no valid path found"}
{"level":30,"time":1774382620463,"pid":1603593,"hostname":"TempleOfZyminx","from":{"q":3,"r":6},"to":{"q":1,"r":2},"msg":"findPath: no valid path found"}
{"level":30,"time":1774382620463,"pid":1603593,"hostname":"TempleOfZyminx","from":{"q":3,"r":6},"to":{"q":1,"r":3},"msg":"findPath: no valid path found"}
{"level":30,"time":1774382620464,"pid":1603593,"hostname":"TempleOfZyminx","from":{"q":3,"r":6},"to":{"q":1,"r":11},"msg":"findPath: no valid path found"}
{"level":30,"time":1774382620464,"pid":1603593,"hostname":"TempleOfZyminx","from":{"q":3,"r":6},"to":{"q":1,"r":12},"msg":"findPath: no valid path found"}
{"level":30,"time":1774382620464,"pid":1603593,"hostname":"TempleOfZyminx","from":{"q":3,"r":6},"to":{"q":1,"r":13},"msg":"findPath: no valid path found"}
{"level":30,"time":1774382620464,"pid":1603593,"hostname":"TempleOfZyminx","from":{"q":3,"r":6},"to":{"q":1,"r":14},"msg":"findPath: no valid path found"}
{"level":30,"time":1774382620464,"pid":1603593,"hostname":"TempleOfZyminx","from":{"q":3,"r":6},"to":{"q":1,"r":15},"msg":"findPath: no valid path found"}
{"level":30,"time":1774382620465,"pid":1603593,"hostname":"TempleOfZyminx","from":{"q":3,"r":6},"to":{"q":1,"r":16},"msg":"findPath: no valid path found"}
{"level":30,"time":1774382620465,"pid":1603593,"hostname":"TempleOfZyminx","from":{"q":3,"r":6},"to":{"q":1,"r":17},"msg":"findPath: no valid path found"}
{"level":30,"time":1774382620465,"pid":1603593,"hostname":"TempleOfZyminx","from":{"q":3,"r":6},"to":{"q":1,"r":18},"msg":"findPath: no valid path found"}
{"level":30,"time":1774382620465,"pid":1603593,"hostname":"TempleOfZyminx","from":{"q":3,"r":6},"to":{"q":1,"r":19},"msg":"findPath: no valid path found"}
{"level":30,"time":1774382620465,"pid":1603593,"hostname":"TempleOfZyminx","from":{"q":3,"r":6},"to":{"q":1,"r":20},"msg":"findPath: no valid path found"}
{"level":30,"time":1774382620465,"pid":1603593,"hostname":"TempleOfZyminx","from":{"q":3,"r":6},"to":{"q":1,"r":21},"msg":"findPath: no valid path found"}
{"level":30,"time":1774382620465,"pid":1603593,"hostname":"TempleOfZyminx","from":{"q":3,"r":6},"to":{"q":2,"r":0},"msg":"findPath: no valid path found"}
{"level":30,"time":1774382620465,"pid":1603593,"hostname":"TempleOfZyminx","from":{"q":3,"r":6},"to":{"q":2,"r":1},"msg":"findPath: no valid path found"}
{"level":30,"time":1774382620465,"pid":1603593,"hostname":"TempleOfZyminx","from":{"q":3,"r":6},"to":{"q":2,"r":2},"msg":"findPath: no valid path found"}
{"level":30,"time":1774382620466,"pid":1603593,"hostname":"TempleOfZyminx","from":{"q":3,"r":6},"to":{"q":2,"r":11},"msg":"findPath: no valid path found"}
{"level":30,"time":1774382620466,"pid":1603593,"hostname":"TempleOfZyminx","from":{"q":3,"r":6},"to":{"q":2,"r":12},"msg":"findPath: no valid path found"}
{"level":30,"time":1774382620466,"pid":1603593,"hostname":"TempleOfZyminx","from":{"q":3,"r":6},"to":{"q":2,"r":13},"msg":"findPath: no valid path found"}
{"level":30,"time":1774382620466,"pid":1603593,"hostname":"TempleOfZyminx","from":{"q":3,"r":6},"to":{"q":2,"r":14},"msg":"findPath: no valid path found"}
{"level":30,"time":1774382620466,"pid":1603593,"hostname":"TempleOfZyminx","from":{"q":3,"r":6},"to":{"q":2,"r":15},"msg":"findPath: no valid path found"}
{"level":30,"time":1774382620466,"pid":1603593,"hostname":"TempleOfZyminx","from":{"q":3,"r":6},"to":{"q":2,"r":16},"msg":"findPath: no valid path found"}
{"level":30,"time":1774382620466,"pid":1603593,"hostname":"TempleOfZyminx","from":{"q":3,"r":6},"to":{"q":2,"r":17},"msg":"findPath: no valid path found"}
{"level":30,"time":1774382620467,"pid":1603593,"hostname":"TempleOfZyminx","from":{"q":3,"r":6},"to":{"q":2,"r":18},"msg":"findPath: no valid path found"}
{"level":30,"time":1774382620467,"pid":1603593,"hostname":"TempleOfZyminx","from":{"q":3,"r":6},"to":{"q":2,"r":19},"msg":"findPath: no valid path found"}
{"level":30,"time":1774382620440,"pid":1604033,"hostname":"TempleOfZyminx","scenarioId":"swamp-siege-01","role":"onion","msg":"Creating new game match"}
{"level":30,"time":1774382620441,"pid":1604033,"hostname":"TempleOfZyminx","gameId":"24f0671d-016d-4c7d-af68-d2dd8b194a2a","role":"onion","msg":"Game match created"}
{"level":30,"time":1774382620447,"pid":1604033,"hostname":"TempleOfZyminx","id":"24f0671d-016d-4c7d-af68-d2dd8b194a2a","command":"END_PHASE","msg":"Submitting game action"}
{"level":30,"time":1774382620496,"pid":1604033,"hostname":"TempleOfZyminx","id":"00000000-0000-4000-8000-000000000000","command":"END_PHASE","msg":"Submitting game action"}
{"level":40,"time":1774382620496,"pid":1604033,"hostname":"TempleOfZyminx","id":"00000000-0000-4000-8000-000000000000","msg":"Game not found for action"}
{"level":30,"time":1774382620467,"pid":1603593,"hostname":"TempleOfZyminx","from":{"q":3,"r":6},"to":{"q":2,"r":20},"msg":"findPath: no valid path found"}
{"level":30,"time":1774382620567,"pid":1603593,"hostname":"TempleOfZyminx","from":{"q":3,"r":6},"to":{"q":2,"r":21},"msg":"findPath: no valid path found"}
{"level":30,"time":1774382620567,"pid":1603593,"hostname":"TempleOfZyminx","from":{"q":3,"r":6},"to":{"q":3,"r":0},"msg":"findPath: no valid path found"}
{"level":30,"time":1774382620567,"pid":1603593,"hostname":"TempleOfZyminx","from":{"q":3,"r":6},"to":{"q":3,"r":1},"msg":"findPath: no valid path found"}
{"level":30,"time":1774382620568,"pid":1603593,"hostname":"TempleOfZyminx","from":{"q":3,"r":6},"to":{"q":3,"r":8},"msg":"findPath: no valid path found"}
{"level":30,"time":1774382620568,"pid":1603593,"hostname":"TempleOfZyminx","from":{"q":3,"r":6},"to":{"q":3,"r":10},"msg":"findPath: no valid path found"}
{"level":30,"time":1774382620568,"pid":1603593,"hostname":"TempleOfZyminx","from":{"q":3,"r":6},"to":{"q":3,"r":11},"msg":"findPath: no valid path found"}
{"level":30,"time":1774382620568,"pid":1603593,"hostname":"TempleOfZyminx","from":{"q":3,"r":6},"to":{"q":3,"r":12},"msg":"findPath: no valid path found"}
{"level":30,"time":1774382620568,"pid":1603593,"hostname":"TempleOfZyminx","from":{"q":3,"r":6},"to":{"q":3,"r":13},"msg":"findPath: no valid path found"}
{"level":30,"time":1774382620568,"pid":1603593,"hostname":"TempleOfZyminx","from":{"q":3,"r":6},"to":{"q":3,"r":14},"msg":"findPath: no valid path found"}
{"level":30,"time":1774382620568,"pid":1603593,"hostname":"TempleOfZyminx","from":{"q":3,"r":6},"to":{"q":3,"r":15},"msg":"findPath: no valid path found"}
{"level":30,"time":1774382620569,"pid":1603593,"hostname":"TempleOfZyminx","from":{"q":3,"r":6},"to":{"q":3,"r":16},"msg":"findPath: no valid path found"}
{"level":30,"time":1774382620569,"pid":1603593,"hostname":"TempleOfZyminx","from":{"q":3,"r":6},"to":{"q":3,"r":17},"msg":"findPath: no valid path found"}
{"level":30,"time":1774382620568,"pid":1604033,"hostname":"TempleOfZyminx","scenarioId":"swamp-siege-01","role":"onion","msg":"Creating new game match"}
{"level":30,"time":1774382620569,"pid":1604033,"hostname":"TempleOfZyminx","gameId":"609fd885-45e5-479b-bf77-639871757a68","role":"onion","msg":"Game match created"}
{"level":30,"time":1774382620569,"pid":1603593,"hostname":"TempleOfZyminx","from":{"q":3,"r":6},"to":{"q":3,"r":18},"msg":"findPath: no valid path found"}
{"level":30,"time":1774382620569,"pid":1603593,"hostname":"TempleOfZyminx","from":{"q":3,"r":6},"to":{"q":3,"r":19},"msg":"findPath: no valid path found"}
{"level":30,"time":1774382620569,"pid":1603593,"hostname":"TempleOfZyminx","from":{"q":3,"r":6},"to":{"q":3,"r":20},"msg":"findPath: no valid path found"}
{"level":30,"time":1774382620569,"pid":1603593,"hostname":"TempleOfZyminx","from":{"q":3,"r":6},"to":{"q":3,"r":21},"msg":"findPath: no valid path found"}
{"level":30,"time":1774382620569,"pid":1603593,"hostname":"TempleOfZyminx","from":{"q":3,"r":6},"to":{"q":4,"r":0},"msg":"findPath: no valid path found"}
{"level":30,"time":1774382620569,"pid":1604033,"hostname":"TempleOfZyminx","id":"609fd885-45e5-479b-bf77-639871757a68","msg":"User joining game"}
{"level":30,"time":1774382620570,"pid":1604033,"hostname":"TempleOfZyminx","gameId":"609fd885-45e5-479b-bf77-639871757a68","role":"defender","msg":"User joined game"}
{"level":30,"time":1774382620570,"pid":1604033,"hostname":"TempleOfZyminx","id":"609fd885-45e5-479b-bf77-639871757a68","msg":"Submitting game action"}
{"level":40,"time":1774382620570,"pid":1604033,"hostname":"TempleOfZyminx","command":{},"msg":"Missing command type"}
{"level":30,"time":1774382620569,"pid":1603593,"hostname":"TempleOfZyminx","from":{"q":3,"r":6},"to":{"q":4,"r":1},"msg":"findPath: no valid path found"}
{"level":30,"time":1774382620571,"pid":1603593,"hostname":"TempleOfZyminx","from":{"q":3,"r":6},"to":{"q":4,"r":8},"msg":"findPath: no valid path found"}
{"level":30,"time":1774382620572,"pid":1603593,"hostname":"TempleOfZyminx","from":{"q":3,"r":6},"to":{"q":4,"r":9},"msg":"findPath: no valid path found"}
{"level":30,"time":1774382620572,"pid":1603593,"hostname":"TempleOfZyminx","from":{"q":3,"r":6},"to":{"q":4,"r":10},"msg":"findPath: no valid path found"}
{"level":30,"time":1774382620572,"pid":1603593,"hostname":"TempleOfZyminx","from":{"q":3,"r":6},"to":{"q":4,"r":11},"msg":"findPath: no valid path found"}
{"level":30,"time":1774382620572,"pid":1603593,"hostname":"TempleOfZyminx","from":{"q":3,"r":6},"to":{"q":4,"r":12},"msg":"findPath: no valid path found"}
{"level":30,"time":1774382620572,"pid":1603593,"hostname":"TempleOfZyminx","from":{"q":3,"r":6},"to":{"q":4,"r":13},"msg":"findPath: no valid path found"}
{"level":30,"time":1774382620573,"pid":1603593,"hostname":"TempleOfZyminx","from":{"q":3,"r":6},"to":{"q":4,"r":14},"msg":"findPath: no valid path found"}
{"level":30,"time":1774382620573,"pid":1603593,"hostname":"TempleOfZyminx","from":{"q":3,"r":6},"to":{"q":4,"r":15},"msg":"findPath: no valid path found"}
{"level":30,"time":1774382620573,"pid":1603593,"hostname":"TempleOfZyminx","from":{"q":3,"r":6},"to":{"q":4,"r":16},"msg":"findPath: no valid path found"}
{"level":30,"time":1774382620573,"pid":1603593,"hostname":"TempleOfZyminx","from":{"q":3,"r":6},"to":{"q":4,"r":17},"msg":"findPath: no valid path found"}
{"level":30,"time":1774382620573,"pid":1603593,"hostname":"TempleOfZyminx","from":{"q":3,"r":6},"to":{"q":4,"r":18},"msg":"findPath: no valid path found"}
{"level":30,"time":1774382620573,"pid":1603593,"hostname":"TempleOfZyminx","from":{"q":3,"r":6},"to":{"q":4,"r":19},"msg":"findPath: no valid path found"}
{"level":30,"time":1774382620573,"pid":1603593,"hostname":"TempleOfZyminx","from":{"q":3,"r":6},"to":{"q":4,"r":20},"msg":"findPath: no valid path found"}
{"level":30,"time":1774382620573,"pid":1603593,"hostname":"TempleOfZyminx","from":{"q":3,"r":6},"to":{"q":4,"r":21},"msg":"findPath: no valid path found"}
{"level":30,"time":1774382620574,"pid":1603593,"hostname":"TempleOfZyminx","from":{"q":3,"r":6},"to":{"q":5,"r":0},"msg":"findPath: no valid path found"}
{"level":30,"time":1774382620574,"pid":1603593,"hostname":"TempleOfZyminx","from":{"q":3,"r":6},"to":{"q":5,"r":1},"msg":"findPath: no valid path found"}
{"level":30,"time":1774382620574,"pid":1603593,"hostname":"TempleOfZyminx","from":{"q":3,"r":6},"to":{"q":5,"r":2},"msg":"findPath: no valid path found"}
{"level":30,"time":1774382620574,"pid":1603593,"hostname":"TempleOfZyminx","from":{"q":3,"r":6},"to":{"q":5,"r":9},"msg":"findPath: no valid path found"}
{"level":30,"time":1774382620574,"pid":1603593,"hostname":"TempleOfZyminx","from":{"q":3,"r":6},"to":{"q":5,"r":10},"msg":"findPath: no valid path found"}
{"level":30,"time":1774382620574,"pid":1603593,"hostname":"TempleOfZyminx","from":{"q":3,"r":6},"to":{"q":5,"r":11},"msg":"findPath: no valid path found"}
{"level":30,"time":1774382620575,"pid":1603593,"hostname":"TempleOfZyminx","from":{"q":3,"r":6},"to":{"q":5,"r":12},"msg":"findPath: no valid path found"}
{"level":30,"time":1774382620575,"pid":1603593,"hostname":"TempleOfZyminx","from":{"q":3,"r":6},"to":{"q":5,"r":13},"msg":"findPath: no valid path found"}
{"level":30,"time":1774382620575,"pid":1603593,"hostname":"TempleOfZyminx","from":{"q":3,"r":6},"to":{"q":5,"r":14},"msg":"findPath: no valid path found"}
{"level":30,"time":1774382620575,"pid":1603593,"hostname":"TempleOfZyminx","from":{"q":3,"r":6},"to":{"q":5,"r":15},"msg":"findPath: no valid path found"}
{"level":30,"time":1774382620575,"pid":1603593,"hostname":"TempleOfZyminx","from":{"q":3,"r":6},"to":{"q":5,"r":16},"msg":"findPath: no valid path found"}
{"level":30,"time":1774382620575,"pid":1603593,"hostname":"TempleOfZyminx","from":{"q":3,"r":6},"to":{"q":5,"r":17},"msg":"findPath: no valid path found"}
{"level":30,"time":1774382620575,"pid":1603593,"hostname":"TempleOfZyminx","from":{"q":3,"r":6},"to":{"q":5,"r":18},"msg":"findPath: no valid path found"}
{"level":30,"time":1774382620576,"pid":1603593,"hostname":"TempleOfZyminx","from":{"q":3,"r":6},"to":{"q":5,"r":19},"msg":"findPath: no valid path found"}
{"level":30,"time":1774382620576,"pid":1603593,"hostname":"TempleOfZyminx","from":{"q":3,"r":6},"to":{"q":5,"r":20},"msg":"findPath: no valid path found"}
{"level":30,"time":1774382620576,"pid":1603593,"hostname":"TempleOfZyminx","from":{"q":3,"r":6},"to":{"q":5,"r":21},"msg":"findPath: no valid path found"}
{"level":30,"time":1774382620576,"pid":1603593,"hostname":"TempleOfZyminx","from":{"q":3,"r":6},"to":{"q":6,"r":0},"msg":"findPath: no valid path found"}
{"level":30,"time":1774382620576,"pid":1603593,"hostname":"TempleOfZyminx","from":{"q":3,"r":6},"to":{"q":6,"r":1},"msg":"findPath: no valid path found"}
{"level":30,"time":1774382620576,"pid":1603593,"hostname":"TempleOfZyminx","from":{"q":3,"r":6},"to":{"q":6,"r":8},"msg":"findPath: no valid path found"}
{"level":30,"time":1774382620577,"pid":1603593,"hostname":"TempleOfZyminx","from":{"q":3,"r":6},"to":{"q":6,"r":9},"msg":"findPath: no valid path found"}
{"level":30,"time":1774382620577,"pid":1603593,"hostname":"TempleOfZyminx","from":{"q":3,"r":6},"to":{"q":6,"r":10},"msg":"findPath: no valid path found"}
{"level":30,"time":1774382620577,"pid":1603593,"hostname":"TempleOfZyminx","from":{"q":3,"r":6},"to":{"q":6,"r":11},"msg":"findPath: no valid path found"}
{"level":30,"time":1774382620577,"pid":1603593,"hostname":"TempleOfZyminx","from":{"q":3,"r":6},"to":{"q":6,"r":12},"msg":"findPath: no valid path found"}
{"level":30,"time":1774382620577,"pid":1603593,"hostname":"TempleOfZyminx","from":{"q":3,"r":6},"to":{"q":6,"r":13},"msg":"findPath: no valid path found"}
{"level":30,"time":1774382620577,"pid":1603593,"hostname":"TempleOfZyminx","from":{"q":3,"r":6},"to":{"q":6,"r":14},"msg":"findPath: no valid path found"}
{"level":30,"time":1774382620577,"pid":1603593,"hostname":"TempleOfZyminx","from":{"q":3,"r":6},"to":{"q":6,"r":15},"msg":"findPath: no valid path found"}
{"level":30,"time":1774382620577,"pid":1603593,"hostname":"TempleOfZyminx","from":{"q":3,"r":6},"to":{"q":6,"r":16},"msg":"findPath: no valid path found"}
{"level":30,"time":1774382620577,"pid":1603593,"hostname":"TempleOfZyminx","from":{"q":3,"r":6},"to":{"q":6,"r":17},"msg":"findPath: no valid path found"}
{"level":30,"time":1774382620578,"pid":1603593,"hostname":"TempleOfZyminx","from":{"q":3,"r":6},"to":{"q":6,"r":18},"msg":"findPath: no valid path found"}
{"level":30,"time":1774382620578,"pid":1603593,"hostname":"TempleOfZyminx","from":{"q":3,"r":6},"to":{"q":6,"r":19},"msg":"findPath: no valid path found"}
{"level":30,"time":1774382620578,"pid":1603593,"hostname":"TempleOfZyminx","from":{"q":3,"r":6},"to":{"q":6,"r":20},"msg":"findPath: no valid path found"}
{"level":30,"time":1774382620578,"pid":1603593,"hostname":"TempleOfZyminx","from":{"q":3,"r":6},"to":{"q":6,"r":21},"msg":"findPath: no valid path found"}
{"level":30,"time":1774382620578,"pid":1603593,"hostname":"TempleOfZyminx","from":{"q":3,"r":6},"to":{"q":7,"r":0},"msg":"findPath: no valid path found"}
{"level":30,"time":1774382620578,"pid":1603593,"hostname":"TempleOfZyminx","from":{"q":3,"r":6},"to":{"q":7,"r":1},"msg":"findPath: no valid path found"}
{"level":30,"time":1774382620579,"pid":1603593,"hostname":"TempleOfZyminx","from":{"q":3,"r":6},"to":{"q":7,"r":7},"msg":"findPath: no valid path found"}
{"level":30,"time":1774382620579,"pid":1603593,"hostname":"TempleOfZyminx","from":{"q":3,"r":6},"to":{"q":7,"r":8},"msg":"findPath: no valid path found"}
{"level":30,"time":1774382620579,"pid":1603593,"hostname":"TempleOfZyminx","from":{"q":3,"r":6},"to":{"q":7,"r":9},"msg":"findPath: no valid path found"}
{"level":30,"time":1774382620579,"pid":1603593,"hostname":"TempleOfZyminx","from":{"q":3,"r":6},"to":{"q":7,"r":10},"msg":"findPath: no valid path found"}
{"level":30,"time":1774382620579,"pid":1603593,"hostname":"TempleOfZyminx","from":{"q":3,"r":6},"to":{"q":7,"r":11},"msg":"findPath: no valid path found"}
{"level":30,"time":1774382620579,"pid":1603593,"hostname":"TempleOfZyminx","from":{"q":3,"r":6},"to":{"q":7,"r":12},"msg":"findPath: no valid path found"}
{"level":30,"time":1774382620579,"pid":1603593,"hostname":"TempleOfZyminx","from":{"q":3,"r":6},"to":{"q":7,"r":13},"msg":"findPath: no valid path found"}
{"level":30,"time":1774382620579,"pid":1603593,"hostname":"TempleOfZyminx","from":{"q":3,"r":6},"to":{"q":7,"r":14},"msg":"findPath: no valid path found"}
{"level":30,"time":1774382620580,"pid":1603593,"hostname":"TempleOfZyminx","from":{"q":3,"r":6},"to":{"q":7,"r":15},"msg":"findPath: no valid path found"}
{"level":30,"time":1774382620580,"pid":1603593,"hostname":"TempleOfZyminx","from":{"q":3,"r":6},"to":{"q":7,"r":16},"msg":"findPath: no valid path found"}
{"level":30,"time":1774382620580,"pid":1603593,"hostname":"TempleOfZyminx","from":{"q":3,"r":6},"to":{"q":7,"r":17},"msg":"findPath: no valid path found"}
{"level":30,"time":1774382620580,"pid":1603593,"hostname":"TempleOfZyminx","from":{"q":3,"r":6},"to":{"q":7,"r":18},"msg":"findPath: no valid path found"}
{"level":30,"time":1774382620580,"pid":1603593,"hostname":"TempleOfZyminx","from":{"q":3,"r":6},"to":{"q":7,"r":19},"msg":"findPath: no valid path found"}
{"level":30,"time":1774382620580,"pid":1603593,"hostname":"TempleOfZyminx","from":{"q":3,"r":6},"to":{"q":7,"r":20},"msg":"findPath: no valid path found"}
{"level":30,"time":1774382620580,"pid":1603593,"hostname":"TempleOfZyminx","from":{"q":3,"r":6},"to":{"q":7,"r":21},"msg":"findPath: no valid path found"}
{"level":30,"time":1774382620580,"pid":1603593,"hostname":"TempleOfZyminx","from":{"q":3,"r":6},"to":{"q":8,"r":0},"msg":"findPath: no valid path found"}
{"level":30,"time":1774382620581,"pid":1603593,"hostname":"TempleOfZyminx","from":{"q":3,"r":6},"to":{"q":8,"r":1},"msg":"findPath: no valid path found"}
{"level":30,"time":1774382620582,"pid":1603593,"hostname":"TempleOfZyminx","from":{"q":3,"r":6},"to":{"q":8,"r":2},"msg":"findPath: no valid path found"}
{"level":30,"time":1774382620582,"pid":1603593,"hostname":"TempleOfZyminx","from":{"q":3,"r":6},"to":{"q":8,"r":3},"msg":"findPath: no valid path found"}
{"level":30,"time":1774382620582,"pid":1603593,"hostname":"TempleOfZyminx","from":{"q":3,"r":6},"to":{"q":8,"r":4},"msg":"findPath: no valid path found"}
{"level":30,"time":1774382620582,"pid":1603593,"hostname":"TempleOfZyminx","from":{"q":3,"r":6},"to":{"q":8,"r":5},"msg":"findPath: no valid path found"}
{"level":30,"time":1774382620582,"pid":1603593,"hostname":"TempleOfZyminx","from":{"q":3,"r":6},"to":{"q":8,"r":6},"msg":"findPath: no valid path found"}
{"level":30,"time":1774382620582,"pid":1603593,"hostname":"TempleOfZyminx","from":{"q":3,"r":6},"to":{"q":8,"r":7},"msg":"findPath: no valid path found"}
{"level":30,"time":1774382620582,"pid":1603593,"hostname":"TempleOfZyminx","from":{"q":3,"r":6},"to":{"q":8,"r":8},"msg":"findPath: no valid path found"}
{"level":30,"time":1774382620583,"pid":1603593,"hostname":"TempleOfZyminx","from":{"q":3,"r":6},"to":{"q":8,"r":9},"msg":"findPath: no valid path found"}
{"level":30,"time":1774382620583,"pid":1603593,"hostname":"TempleOfZyminx","from":{"q":3,"r":6},"to":{"q":8,"r":10},"msg":"findPath: no valid path found"}
{"level":30,"time":1774382620583,"pid":1603593,"hostname":"TempleOfZyminx","from":{"q":3,"r":6},"to":{"q":8,"r":11},"msg":"findPath: no valid path found"}
{"level":30,"time":1774382620583,"pid":1603593,"hostname":"TempleOfZyminx","from":{"q":3,"r":6},"to":{"q":8,"r":12},"msg":"findPath: no valid path found"}
{"level":30,"time":1774382620583,"pid":1603593,"hostname":"TempleOfZyminx","from":{"q":3,"r":6},"to":{"q":8,"r":13},"msg":"findPath: no valid path found"}
{"level":30,"time":1774382620583,"pid":1603593,"hostname":"TempleOfZyminx","from":{"q":3,"r":6},"to":{"q":8,"r":14},"msg":"findPath: no valid path found"}
{"level":30,"time":1774382620583,"pid":1603593,"hostname":"TempleOfZyminx","from":{"q":3,"r":6},"to":{"q":8,"r":15},"msg":"findPath: no valid path found"}
{"level":30,"time":1774382620583,"pid":1603593,"hostname":"TempleOfZyminx","from":{"q":3,"r":6},"to":{"q":8,"r":16},"msg":"findPath: no valid path found"}
{"level":30,"time":1774382620583,"pid":1603593,"hostname":"TempleOfZyminx","from":{"q":3,"r":6},"to":{"q":8,"r":17},"msg":"findPath: no valid path found"}
{"level":30,"time":1774382620583,"pid":1603593,"hostname":"TempleOfZyminx","from":{"q":3,"r":6},"to":{"q":8,"r":18},"msg":"findPath: no valid path found"}
{"level":30,"time":1774382620584,"pid":1603593,"hostname":"TempleOfZyminx","from":{"q":3,"r":6},"to":{"q":8,"r":19},"msg":"findPath: no valid path found"}
{"level":30,"time":1774382620584,"pid":1603593,"hostname":"TempleOfZyminx","from":{"q":3,"r":6},"to":{"q":8,"r":20},"msg":"findPath: no valid path found"}
{"level":30,"time":1774382620584,"pid":1603593,"hostname":"TempleOfZyminx","from":{"q":3,"r":6},"to":{"q":8,"r":21},"msg":"findPath: no valid path found"}
{"level":30,"time":1774382620584,"pid":1603593,"hostname":"TempleOfZyminx","from":{"q":3,"r":6},"to":{"q":9,"r":0},"msg":"findPath: no valid path found"}
{"level":30,"time":1774382620584,"pid":1603593,"hostname":"TempleOfZyminx","from":{"q":3,"r":6},"to":{"q":9,"r":1},"msg":"findPath: no valid path found"}
{"level":30,"time":1774382620584,"pid":1603593,"hostname":"TempleOfZyminx","from":{"q":3,"r":6},"to":{"q":9,"r":2},"msg":"findPath: no valid path found"}
{"level":30,"time":1774382620584,"pid":1603593,"hostname":"TempleOfZyminx","from":{"q":3,"r":6},"to":{"q":9,"r":3},"msg":"findPath: no valid path found"}
{"level":30,"time":1774382620584,"pid":1603593,"hostname":"TempleOfZyminx","from":{"q":3,"r":6},"to":{"q":9,"r":4},"msg":"findPath: no valid path found"}
{"level":30,"time":1774382620584,"pid":1603593,"hostname":"TempleOfZyminx","from":{"q":3,"r":6},"to":{"q":9,"r":5},"msg":"findPath: no valid path found"}
{"level":30,"time":1774382620585,"pid":1603593,"hostname":"TempleOfZyminx","from":{"q":3,"r":6},"to":{"q":9,"r":6},"msg":"findPath: no valid path found"}
{"level":30,"time":1774382620585,"pid":1603593,"hostname":"TempleOfZyminx","from":{"q":3,"r":6},"to":{"q":9,"r":7},"msg":"findPath: no valid path found"}
{"level":30,"time":1774382620585,"pid":1603593,"hostname":"TempleOfZyminx","from":{"q":3,"r":6},"to":{"q":9,"r":8},"msg":"findPath: no valid path found"}
{"level":30,"time":1774382620585,"pid":1603593,"hostname":"TempleOfZyminx","from":{"q":3,"r":6},"to":{"q":9,"r":9},"msg":"findPath: no valid path found"}
{"level":30,"time":1774382620585,"pid":1603593,"hostname":"TempleOfZyminx","from":{"q":3,"r":6},"to":{"q":9,"r":10},"msg":"findPath: no valid path found"}
{"level":30,"time":1774382620585,"pid":1603593,"hostname":"TempleOfZyminx","from":{"q":3,"r":6},"to":{"q":9,"r":11},"msg":"findPath: no valid path found"}
{"level":30,"time":1774382620585,"pid":1603593,"hostname":"TempleOfZyminx","from":{"q":3,"r":6},"to":{"q":9,"r":12},"msg":"findPath: no valid path found"}
{"level":30,"time":1774382620586,"pid":1603593,"hostname":"TempleOfZyminx","from":{"q":3,"r":6},"to":{"q":9,"r":13},"msg":"findPath: no valid path found"}
{"level":30,"time":1774382620586,"pid":1603593,"hostname":"TempleOfZyminx","from":{"q":3,"r":6},"to":{"q":9,"r":14},"msg":"findPath: no valid path found"}
{"level":30,"time":1774382620586,"pid":1603593,"hostname":"TempleOfZyminx","from":{"q":3,"r":6},"to":{"q":9,"r":15},"msg":"findPath: no valid path found"}
{"level":30,"time":1774382620587,"pid":1603593,"hostname":"TempleOfZyminx","from":{"q":3,"r":6},"to":{"q":9,"r":16},"msg":"findPath: no valid path found"}
{"level":30,"time":1774382620587,"pid":1603593,"hostname":"TempleOfZyminx","from":{"q":3,"r":6},"to":{"q":9,"r":17},"msg":"findPath: no valid path found"}
{"level":30,"time":1774382620587,"pid":1603593,"hostname":"TempleOfZyminx","from":{"q":3,"r":6},"to":{"q":9,"r":18},"msg":"findPath: no valid path found"}
{"level":30,"time":1774382620587,"pid":1603593,"hostname":"TempleOfZyminx","from":{"q":3,"r":6},"to":{"q":9,"r":19},"msg":"findPath: no valid path found"}
{"level":30,"time":1774382620588,"pid":1603593,"hostname":"TempleOfZyminx","from":{"q":3,"r":6},"to":{"q":9,"r":20},"msg":"findPath: no valid path found"}
{"level":30,"time":1774382620588,"pid":1603593,"hostname":"TempleOfZyminx","from":{"q":3,"r":6},"to":{"q":9,"r":21},"msg":"findPath: no valid path found"}
{"level":30,"time":1774382620588,"pid":1603593,"hostname":"TempleOfZyminx","from":{"q":3,"r":6},"to":{"q":10,"r":0},"msg":"findPath: no valid path found"}
{"level":30,"time":1774382620588,"pid":1603593,"hostname":"TempleOfZyminx","from":{"q":3,"r":6},"to":{"q":10,"r":1},"msg":"findPath: no valid path found"}
{"level":30,"time":1774382620588,"pid":1603593,"hostname":"TempleOfZyminx","from":{"q":3,"r":6},"to":{"q":10,"r":2},"msg":"findPath: no valid path found"}
{"level":30,"time":1774382620588,"pid":1603593,"hostname":"TempleOfZyminx","from":{"q":3,"r":6},"to":{"q":10,"r":3},"msg":"findPath: no valid path found"}
{"level":30,"time":1774382620588,"pid":1603593,"hostname":"TempleOfZyminx","from":{"q":3,"r":6},"to":{"q":10,"r":4},"msg":"findPath: no valid path found"}
{"level":30,"time":1774382620588,"pid":1603593,"hostname":"TempleOfZyminx","from":{"q":3,"r":6},"to":{"q":10,"r":5},"msg":"findPath: no valid path found"}
{"level":30,"time":1774382620588,"pid":1603593,"hostname":"TempleOfZyminx","from":{"q":3,"r":6},"to":{"q":10,"r":6},"msg":"findPath: no valid path found"}
{"level":30,"time":1774382620589,"pid":1603593,"hostname":"TempleOfZyminx","from":{"q":3,"r":6},"to":{"q":10,"r":7},"msg":"findPath: no valid path found"}
{"level":30,"time":1774382620589,"pid":1603593,"hostname":"TempleOfZyminx","from":{"q":3,"r":6},"to":{"q":10,"r":8},"msg":"findPath: no valid path found"}
{"level":30,"time":1774382620589,"pid":1603593,"hostname":"TempleOfZyminx","from":{"q":3,"r":6},"to":{"q":10,"r":9},"msg":"findPath: no valid path found"}
{"level":30,"time":1774382620589,"pid":1603593,"hostname":"TempleOfZyminx","from":{"q":3,"r":6},"to":{"q":10,"r":10},"msg":"findPath: no valid path found"}
{"level":30,"time":1774382620589,"pid":1603593,"hostname":"TempleOfZyminx","from":{"q":3,"r":6},"to":{"q":10,"r":11},"msg":"findPath: no valid path found"}
{"level":30,"time":1774382620589,"pid":1603593,"hostname":"TempleOfZyminx","from":{"q":3,"r":6},"to":{"q":10,"r":12},"msg":"findPath: no valid path found"}
{"level":30,"time":1774382620589,"pid":1603593,"hostname":"TempleOfZyminx","from":{"q":3,"r":6},"to":{"q":10,"r":13},"msg":"findPath: no valid path found"}
{"level":30,"time":1774382620589,"pid":1603593,"hostname":"TempleOfZyminx","from":{"q":3,"r":6},"to":{"q":10,"r":14},"msg":"findPath: no valid path found"}
{"level":30,"time":1774382620590,"pid":1603593,"hostname":"TempleOfZyminx","from":{"q":3,"r":6},"to":{"q":10,"r":15},"msg":"findPath: no valid path found"}
{"level":30,"time":1774382620590,"pid":1603593,"hostname":"TempleOfZyminx","from":{"q":3,"r":6},"to":{"q":10,"r":16},"msg":"findPath: no valid path found"}
{"level":30,"time":1774382620590,"pid":1603593,"hostname":"TempleOfZyminx","from":{"q":3,"r":6},"to":{"q":10,"r":17},"msg":"findPath: no valid path found"}
{"level":30,"time":1774382620590,"pid":1603593,"hostname":"TempleOfZyminx","from":{"q":3,"r":6},"to":{"q":10,"r":18},"msg":"findPath: no valid path found"}
{"level":30,"time":1774382620590,"pid":1603593,"hostname":"TempleOfZyminx","from":{"q":3,"r":6},"to":{"q":10,"r":19},"msg":"findPath: no valid path found"}
{"level":30,"time":1774382620590,"pid":1603593,"hostname":"TempleOfZyminx","from":{"q":3,"r":6},"to":{"q":10,"r":20},"msg":"findPath: no valid path found"}
{"level":30,"time":1774382620590,"pid":1603593,"hostname":"TempleOfZyminx","from":{"q":3,"r":6},"to":{"q":10,"r":21},"msg":"findPath: no valid path found"}
{"level":30,"time":1774382620590,"pid":1603593,"hostname":"TempleOfZyminx","from":{"q":3,"r":6},"to":{"q":11,"r":0},"msg":"findPath: no valid path found"}
{"level":30,"time":1774382620591,"pid":1603593,"hostname":"TempleOfZyminx","from":{"q":3,"r":6},"to":{"q":11,"r":1},"msg":"findPath: no valid path found"}
{"level":30,"time":1774382620591,"pid":1603593,"hostname":"TempleOfZyminx","from":{"q":3,"r":6},"to":{"q":11,"r":2},"msg":"findPath: no valid path found"}
{"level":30,"time":1774382620591,"pid":1603593,"hostname":"TempleOfZyminx","from":{"q":3,"r":6},"to":{"q":11,"r":3},"msg":"findPath: no valid path found"}
{"level":30,"time":1774382620591,"pid":1603593,"hostname":"TempleOfZyminx","from":{"q":3,"r":6},"to":{"q":11,"r":4},"msg":"findPath: no valid path found"}
{"level":30,"time":1774382620591,"pid":1603593,"hostname":"TempleOfZyminx","from":{"q":3,"r":6},"to":{"q":11,"r":5},"msg":"findPath: no valid path found"}
{"level":30,"time":1774382620591,"pid":1603593,"hostname":"TempleOfZyminx","from":{"q":3,"r":6},"to":{"q":11,"r":6},"msg":"findPath: no valid path found"}
{"level":30,"time":1774382620591,"pid":1603593,"hostname":"TempleOfZyminx","from":{"q":3,"r":6},"to":{"q":11,"r":7},"msg":"findPath: no valid path found"}
{"level":30,"time":1774382620591,"pid":1603593,"hostname":"TempleOfZyminx","from":{"q":3,"r":6},"to":{"q":11,"r":8},"msg":"findPath: no valid path found"}
{"level":30,"time":1774382620591,"pid":1603593,"hostname":"TempleOfZyminx","from":{"q":3,"r":6},"to":{"q":11,"r":9},"msg":"findPath: no valid path found"}
{"level":30,"time":1774382620592,"pid":1603593,"hostname":"TempleOfZyminx","from":{"q":3,"r":6},"to":{"q":11,"r":10},"msg":"findPath: no valid path found"}
{"level":30,"time":1774382620592,"pid":1603593,"hostname":"TempleOfZyminx","from":{"q":3,"r":6},"to":{"q":11,"r":11},"msg":"findPath: no valid path found"}
{"level":30,"time":1774382620592,"pid":1603593,"hostname":"TempleOfZyminx","from":{"q":3,"r":6},"to":{"q":11,"r":12},"msg":"findPath: no valid path found"}
{"level":30,"time":1774382620592,"pid":1603593,"hostname":"TempleOfZyminx","from":{"q":3,"r":6},"to":{"q":11,"r":13},"msg":"findPath: no valid path found"}
{"level":30,"time":1774382620592,"pid":1603593,"hostname":"TempleOfZyminx","from":{"q":3,"r":6},"to":{"q":11,"r":14},"msg":"findPath: no valid path found"}
{"level":30,"time":1774382620592,"pid":1603593,"hostname":"TempleOfZyminx","from":{"q":3,"r":6},"to":{"q":11,"r":15},"msg":"findPath: no valid path found"}
{"level":30,"time":1774382620592,"pid":1603593,"hostname":"TempleOfZyminx","from":{"q":3,"r":6},"to":{"q":11,"r":16},"msg":"findPath: no valid path found"}
{"level":30,"time":1774382620592,"pid":1603593,"hostname":"TempleOfZyminx","from":{"q":3,"r":6},"to":{"q":11,"r":17},"msg":"findPath: no valid path found"}
{"level":30,"time":1774382620592,"pid":1603593,"hostname":"TempleOfZyminx","from":{"q":3,"r":6},"to":{"q":11,"r":18},"msg":"findPath: no valid path found"}
{"level":30,"time":1774382620592,"pid":1603593,"hostname":"TempleOfZyminx","from":{"q":3,"r":6},"to":{"q":11,"r":19},"msg":"findPath: no valid path found"}
{"level":30,"time":1774382620593,"pid":1603593,"hostname":"TempleOfZyminx","from":{"q":3,"r":6},"to":{"q":11,"r":20},"msg":"findPath: no valid path found"}
{"level":30,"time":1774382620593,"pid":1603593,"hostname":"TempleOfZyminx","from":{"q":3,"r":6},"to":{"q":11,"r":21},"msg":"findPath: no valid path found"}
{"level":30,"time":1774382620593,"pid":1603593,"hostname":"TempleOfZyminx","from":{"q":3,"r":6},"to":{"q":12,"r":0},"msg":"findPath: no valid path found"}
{"level":30,"time":1774382620593,"pid":1603593,"hostname":"TempleOfZyminx","from":{"q":3,"r":6},"to":{"q":12,"r":1},"msg":"findPath: no valid path found"}
{"level":30,"time":1774382620593,"pid":1603593,"hostname":"TempleOfZyminx","from":{"q":3,"r":6},"to":{"q":12,"r":2},"msg":"findPath: no valid path found"}
{"level":30,"time":1774382620593,"pid":1603593,"hostname":"TempleOfZyminx","from":{"q":3,"r":6},"to":{"q":12,"r":3},"msg":"findPath: no valid path found"}
{"level":30,"time":1774382620593,"pid":1603593,"hostname":"TempleOfZyminx","from":{"q":3,"r":6},"to":{"q":12,"r":4},"msg":"findPath: no valid path found"}
{"level":30,"time":1774382620593,"pid":1603593,"hostname":"TempleOfZyminx","from":{"q":3,"r":6},"to":{"q":12,"r":5},"msg":"findPath: no valid path found"}
{"level":30,"time":1774382620593,"pid":1603593,"hostname":"TempleOfZyminx","from":{"q":3,"r":6},"to":{"q":12,"r":6},"msg":"findPath: no valid path found"}
{"level":30,"time":1774382620594,"pid":1603593,"hostname":"TempleOfZyminx","from":{"q":3,"r":6},"to":{"q":12,"r":7},"msg":"findPath: no valid path found"}
{"level":30,"time":1774382620594,"pid":1603593,"hostname":"TempleOfZyminx","from":{"q":3,"r":6},"to":{"q":12,"r":8},"msg":"findPath: no valid path found"}
{"level":30,"time":1774382620594,"pid":1603593,"hostname":"TempleOfZyminx","from":{"q":3,"r":6},"to":{"q":12,"r":9},"msg":"findPath: no valid path found"}
{"level":30,"time":1774382620594,"pid":1603593,"hostname":"TempleOfZyminx","from":{"q":3,"r":6},"to":{"q":12,"r":10},"msg":"findPath: no valid path found"}
{"level":30,"time":1774382620594,"pid":1603593,"hostname":"TempleOfZyminx","from":{"q":3,"r":6},"to":{"q":12,"r":11},"msg":"findPath: no valid path found"}
{"level":30,"time":1774382620594,"pid":1603593,"hostname":"TempleOfZyminx","from":{"q":3,"r":6},"to":{"q":12,"r":12},"msg":"findPath: no valid path found"}
{"level":30,"time":1774382620594,"pid":1603593,"hostname":"TempleOfZyminx","from":{"q":3,"r":6},"to":{"q":12,"r":13},"msg":"findPath: no valid path found"}
{"level":30,"time":1774382620594,"pid":1603593,"hostname":"TempleOfZyminx","from":{"q":3,"r":6},"to":{"q":12,"r":14},"msg":"findPath: no valid path found"}
{"level":30,"time":1774382620594,"pid":1603593,"hostname":"TempleOfZyminx","from":{"q":3,"r":6},"to":{"q":12,"r":15},"msg":"findPath: no valid path found"}
{"level":30,"time":1774382620595,"pid":1603593,"hostname":"TempleOfZyminx","from":{"q":3,"r":6},"to":{"q":12,"r":16},"msg":"findPath: no valid path found"}
{"level":30,"time":1774382620595,"pid":1603593,"hostname":"TempleOfZyminx","from":{"q":3,"r":6},"to":{"q":12,"r":17},"msg":"findPath: no valid path found"}
{"level":30,"time":1774382620595,"pid":1603593,"hostname":"TempleOfZyminx","from":{"q":3,"r":6},"to":{"q":12,"r":18},"msg":"findPath: no valid path found"}
{"level":30,"time":1774382620595,"pid":1603593,"hostname":"TempleOfZyminx","from":{"q":3,"r":6},"to":{"q":12,"r":19},"msg":"findPath: no valid path found"}
{"level":30,"time":1774382620595,"pid":1603593,"hostname":"TempleOfZyminx","from":{"q":3,"r":6},"to":{"q":12,"r":20},"msg":"findPath: no valid path found"}
{"level":30,"time":1774382620595,"pid":1603593,"hostname":"TempleOfZyminx","from":{"q":3,"r":6},"to":{"q":12,"r":21},"msg":"findPath: no valid path found"}
{"level":30,"time":1774382620595,"pid":1603593,"hostname":"TempleOfZyminx","from":{"q":3,"r":6},"to":{"q":13,"r":0},"msg":"findPath: no valid path found"}
{"level":30,"time":1774382620595,"pid":1603593,"hostname":"TempleOfZyminx","from":{"q":3,"r":6},"to":{"q":13,"r":1},"msg":"findPath: no valid path found"}
{"level":30,"time":1774382620595,"pid":1603593,"hostname":"TempleOfZyminx","from":{"q":3,"r":6},"to":{"q":13,"r":2},"msg":"findPath: no valid path found"}
{"level":30,"time":1774382620595,"pid":1603593,"hostname":"TempleOfZyminx","from":{"q":3,"r":6},"to":{"q":13,"r":3},"msg":"findPath: no valid path found"}
{"level":30,"time":1774382620595,"pid":1603593,"hostname":"TempleOfZyminx","from":{"q":3,"r":6},"to":{"q":13,"r":4},"msg":"findPath: no valid path found"}
{"level":30,"time":1774382620595,"pid":1603593,"hostname":"TempleOfZyminx","from":{"q":3,"r":6},"to":{"q":13,"r":5},"msg":"findPath: no valid path found"}
{"level":30,"time":1774382620595,"pid":1603593,"hostname":"TempleOfZyminx","from":{"q":3,"r":6},"to":{"q":13,"r":6},"msg":"findPath: no valid path found"}
{"level":30,"time":1774382620595,"pid":1603593,"hostname":"TempleOfZyminx","from":{"q":3,"r":6},"to":{"q":13,"r":7},"msg":"findPath: no valid path found"}
{"level":30,"time":1774382620595,"pid":1603593,"hostname":"TempleOfZyminx","from":{"q":3,"r":6},"to":{"q":13,"r":8},"msg":"findPath: no valid path found"}
{"level":30,"time":1774382620595,"pid":1603593,"hostname":"TempleOfZyminx","from":{"q":3,"r":6},"to":{"q":13,"r":9},"msg":"findPath: no valid path found"}
{"level":30,"time":1774382620595,"pid":1603593,"hostname":"TempleOfZyminx","from":{"q":3,"r":6},"to":{"q":13,"r":10},"msg":"findPath: no valid path found"}
{"level":30,"time":1774382620595,"pid":1603593,"hostname":"TempleOfZyminx","from":{"q":3,"r":6},"to":{"q":13,"r":11},"msg":"findPath: no valid path found"}
{"level":30,"time":1774382620596,"pid":1603593,"hostname":"TempleOfZyminx","from":{"q":3,"r":6},"to":{"q":13,"r":12},"msg":"findPath: no valid path found"}
{"level":30,"time":1774382620596,"pid":1603593,"hostname":"TempleOfZyminx","from":{"q":3,"r":6},"to":{"q":13,"r":13},"msg":"findPath: no valid path found"}
{"level":30,"time":1774382620596,"pid":1603593,"hostname":"TempleOfZyminx","from":{"q":3,"r":6},"to":{"q":13,"r":14},"msg":"findPath: no valid path found"}
{"level":30,"time":1774382620596,"pid":1603593,"hostname":"TempleOfZyminx","from":{"q":3,"r":6},"to":{"q":13,"r":15},"msg":"findPath: no valid path found"}
{"level":30,"time":1774382620596,"pid":1603593,"hostname":"TempleOfZyminx","from":{"q":3,"r":6},"to":{"q":13,"r":16},"msg":"findPath: no valid path found"}
{"level":30,"time":1774382620596,"pid":1603593,"hostname":"TempleOfZyminx","from":{"q":3,"r":6},"to":{"q":13,"r":17},"msg":"findPath: no valid path found"}
{"level":30,"time":1774382620596,"pid":1603593,"hostname":"TempleOfZyminx","from":{"q":3,"r":6},"to":{"q":13,"r":18},"msg":"findPath: no valid path found"}
{"level":30,"time":1774382620596,"pid":1603593,"hostname":"TempleOfZyminx","from":{"q":3,"r":6},"to":{"q":13,"r":19},"msg":"findPath: no valid path found"}
{"level":30,"time":1774382620596,"pid":1603593,"hostname":"TempleOfZyminx","from":{"q":3,"r":6},"to":{"q":13,"r":20},"msg":"findPath: no valid path found"}
{"level":30,"time":1774382620596,"pid":1603593,"hostname":"TempleOfZyminx","from":{"q":3,"r":6},"to":{"q":13,"r":21},"msg":"findPath: no valid path found"}
{"level":30,"time":1774382620596,"pid":1603593,"hostname":"TempleOfZyminx","from":{"q":3,"r":6},"to":{"q":14,"r":0},"msg":"findPath: no valid path found"}
{"level":30,"time":1774382620596,"pid":1603593,"hostname":"TempleOfZyminx","from":{"q":3,"r":6},"to":{"q":14,"r":1},"msg":"findPath: no valid path found"}
{"level":30,"time":1774382620596,"pid":1603593,"hostname":"TempleOfZyminx","from":{"q":3,"r":6},"to":{"q":14,"r":2},"msg":"findPath: no valid path found"}
{"level":30,"time":1774382620596,"pid":1603593,"hostname":"TempleOfZyminx","from":{"q":3,"r":6},"to":{"q":14,"r":3},"msg":"findPath: no valid path found"}
{"level":30,"time":1774382620597,"pid":1603593,"hostname":"TempleOfZyminx","from":{"q":3,"r":6},"to":{"q":14,"r":4},"msg":"findPath: no valid path found"}
{"level":30,"time":1774382620597,"pid":1603593,"hostname":"TempleOfZyminx","from":{"q":3,"r":6},"to":{"q":14,"r":5},"msg":"findPath: no valid path found"}
{"level":30,"time":1774382620597,"pid":1603593,"hostname":"TempleOfZyminx","from":{"q":3,"r":6},"to":{"q":14,"r":6},"msg":"findPath: no valid path found"}
{"level":30,"time":1774382620597,"pid":1603593,"hostname":"TempleOfZyminx","from":{"q":3,"r":6},"to":{"q":14,"r":7},"msg":"findPath: no valid path found"}
{"level":30,"time":1774382620597,"pid":1603593,"hostname":"TempleOfZyminx","from":{"q":3,"r":6},"to":{"q":14,"r":8},"msg":"findPath: no valid path found"}
{"level":30,"time":1774382620597,"pid":1603593,"hostname":"TempleOfZyminx","from":{"q":3,"r":6},"to":{"q":14,"r":9},"msg":"findPath: no valid path found"}
{"level":30,"time":1774382620597,"pid":1603593,"hostname":"TempleOfZyminx","from":{"q":3,"r":6},"to":{"q":14,"r":10},"msg":"findPath: no valid path found"}
{"level":30,"time":1774382620597,"pid":1603593,"hostname":"TempleOfZyminx","from":{"q":3,"r":6},"to":{"q":14,"r":11},"msg":"findPath: no valid path found"}
{"level":30,"time":1774382620597,"pid":1603593,"hostname":"TempleOfZyminx","from":{"q":3,"r":6},"to":{"q":14,"r":12},"msg":"findPath: no valid path found"}
{"level":30,"time":1774382620597,"pid":1603593,"hostname":"TempleOfZyminx","from":{"q":3,"r":6},"to":{"q":14,"r":13},"msg":"findPath: no valid path found"}
{"level":30,"time":1774382620597,"pid":1603593,"hostname":"TempleOfZyminx","from":{"q":3,"r":6},"to":{"q":14,"r":14},"msg":"findPath: no valid path found"}
{"level":30,"time":1774382620597,"pid":1603593,"hostname":"TempleOfZyminx","from":{"q":3,"r":6},"to":{"q":14,"r":15},"msg":"findPath: no valid path found"}
{"level":30,"time":1774382620598,"pid":1603593,"hostname":"TempleOfZyminx","from":{"q":3,"r":6},"to":{"q":14,"r":16},"msg":"findPath: no valid path found"}
{"level":30,"time":1774382620598,"pid":1603593,"hostname":"TempleOfZyminx","from":{"q":3,"r":6},"to":{"q":14,"r":17},"msg":"findPath: no valid path found"}
{"level":30,"time":1774382620598,"pid":1603593,"hostname":"TempleOfZyminx","from":{"q":3,"r":6},"to":{"q":14,"r":18},"msg":"findPath: no valid path found"}
{"level":30,"time":1774382620598,"pid":1603593,"hostname":"TempleOfZyminx","from":{"q":3,"r":6},"to":{"q":14,"r":19},"msg":"findPath: no valid path found"}
{"level":30,"time":1774382620598,"pid":1603593,"hostname":"TempleOfZyminx","from":{"q":3,"r":6},"to":{"q":14,"r":20},"msg":"findPath: no valid path found"}
{"level":30,"time":1774382620598,"pid":1603593,"hostname":"TempleOfZyminx","from":{"q":3,"r":6},"to":{"q":14,"r":21},"msg":"findPath: no valid path found"}
{"level":30,"time":1774382620599,"pid":1603593,"hostname":"TempleOfZyminx","id":"5a0b0710-4b16-4941-91e6-ae9a2c92bfc5","command":"MOVE","msg":"Submitting game action"}
{"level":30,"time":1774382620599,"pid":1603593,"hostname":"TempleOfZyminx","gameId":"5a0b0710-4b16-4941-91e6-ae9a2c92bfc5","unitId":"wolf-1","msg":"Processing MOVE command"}
{"level":30,"time":1774382620600,"pid":1603593,"hostname":"TempleOfZyminx","from":{"q":6,"r":6},"to":{"q":0,"r":0},"msg":"findPath: no valid path found"}
{"level":30,"time":1774382620600,"pid":1603593,"hostname":"TempleOfZyminx","from":{"q":6,"r":6},"to":{"q":0,"r":1},"msg":"findPath: no valid path found"}
{"level":30,"time":1774382620600,"pid":1603593,"hostname":"TempleOfZyminx","from":{"q":6,"r":6},"to":{"q":0,"r":2},"msg":"findPath: no valid path found"}
{"level":30,"time":1774382620600,"pid":1603593,"hostname":"TempleOfZyminx","from":{"q":6,"r":6},"to":{"q":0,"r":3},"msg":"findPath: no valid path found"}
{"level":30,"time":1774382620600,"pid":1603593,"hostname":"TempleOfZyminx","from":{"q":6,"r":6},"to":{"q":0,"r":4},"msg":"findPath: no valid path found"}
{"level":30,"time":1774382620600,"pid":1603593,"hostname":"TempleOfZyminx","from":{"q":6,"r":6},"to":{"q":0,"r":5},"msg":"findPath: no valid path found"}
{"level":30,"time":1774382620600,"pid":1603593,"hostname":"TempleOfZyminx","from":{"q":6,"r":6},"to":{"q":0,"r":6},"msg":"findPath: no valid path found"}
{"level":30,"time":1774382620601,"pid":1603593,"hostname":"TempleOfZyminx","from":{"q":6,"r":6},"to":{"q":0,"r":7},"msg":"findPath: no valid path found"}
{"level":30,"time":1774382620601,"pid":1603593,"hostname":"TempleOfZyminx","from":{"q":6,"r":6},"to":{"q":0,"r":8},"msg":"findPath: no valid path found"}
{"level":30,"time":1774382620601,"pid":1603593,"hostname":"TempleOfZyminx","from":{"q":6,"r":6},"to":{"q":0,"r":9},"msg":"findPath: no valid path found"}
{"level":30,"time":1774382620601,"pid":1603593,"hostname":"TempleOfZyminx","from":{"q":6,"r":6},"to":{"q":0,"r":10},"msg":"findPath: no valid path found"}
{"level":30,"time":1774382620601,"pid":1603593,"hostname":"TempleOfZyminx","from":{"q":6,"r":6},"to":{"q":0,"r":11},"msg":"findPath: no valid path found"}
{"level":30,"time":1774382620601,"pid":1603593,"hostname":"TempleOfZyminx","from":{"q":6,"r":6},"to":{"q":0,"r":12},"msg":"findPath: no valid path found"}
{"level":30,"time":1774382620601,"pid":1603593,"hostname":"TempleOfZyminx","from":{"q":6,"r":6},"to":{"q":0,"r":13},"msg":"findPath: no valid path found"}
{"level":30,"time":1774382620601,"pid":1603593,"hostname":"TempleOfZyminx","from":{"q":6,"r":6},"to":{"q":0,"r":14},"msg":"findPath: no valid path found"}
{"level":30,"time":1774382620602,"pid":1603593,"hostname":"TempleOfZyminx","from":{"q":6,"r":6},"to":{"q":0,"r":15},"msg":"findPath: no valid path found"}
{"level":30,"time":1774382620602,"pid":1603593,"hostname":"TempleOfZyminx","from":{"q":6,"r":6},"to":{"q":0,"r":16},"msg":"findPath: no valid path found"}
{"level":30,"time":1774382620602,"pid":1603593,"hostname":"TempleOfZyminx","from":{"q":6,"r":6},"to":{"q":0,"r":17},"msg":"findPath: no valid path found"}
{"level":30,"time":1774382620602,"pid":1603593,"hostname":"TempleOfZyminx","from":{"q":6,"r":6},"to":{"q":0,"r":18},"msg":"findPath: no valid path found"}
{"level":30,"time":1774382620602,"pid":1603593,"hostname":"TempleOfZyminx","from":{"q":6,"r":6},"to":{"q":0,"r":19},"msg":"findPath: no valid path found"}
{"level":30,"time":1774382620602,"pid":1603593,"hostname":"TempleOfZyminx","from":{"q":6,"r":6},"to":{"q":0,"r":20},"msg":"findPath: no valid path found"}
{"level":30,"time":1774382620602,"pid":1603593,"hostname":"TempleOfZyminx","from":{"q":6,"r":6},"to":{"q":0,"r":21},"msg":"findPath: no valid path found"}
{"level":30,"time":1774382620602,"pid":1603593,"hostname":"TempleOfZyminx","from":{"q":6,"r":6},"to":{"q":1,"r":0},"msg":"findPath: no valid path found"}
{"level":30,"time":1774382620602,"pid":1603593,"hostname":"TempleOfZyminx","from":{"q":6,"r":6},"to":{"q":1,"r":1},"msg":"findPath: no valid path found"}
{"level":30,"time":1774382620603,"pid":1603593,"hostname":"TempleOfZyminx","from":{"q":6,"r":6},"to":{"q":1,"r":2},"msg":"findPath: no valid path found"}
{"level":30,"time":1774382620603,"pid":1603593,"hostname":"TempleOfZyminx","from":{"q":6,"r":6},"to":{"q":1,"r":3},"msg":"findPath: no valid path found"}
{"level":30,"time":1774382620603,"pid":1603593,"hostname":"TempleOfZyminx","from":{"q":6,"r":6},"to":{"q":1,"r":4},"msg":"findPath: no valid path found"}
{"level":30,"time":1774382620603,"pid":1603593,"hostname":"TempleOfZyminx","from":{"q":6,"r":6},"to":{"q":1,"r":5},"msg":"findPath: no valid path found"}
{"level":30,"time":1774382620603,"pid":1603593,"hostname":"TempleOfZyminx","from":{"q":6,"r":6},"to":{"q":1,"r":6},"msg":"findPath: no valid path found"}
{"level":30,"time":1774382620603,"pid":1603593,"hostname":"TempleOfZyminx","from":{"q":6,"r":6},"to":{"q":1,"r":7},"msg":"findPath: no valid path found"}
{"level":30,"time":1774382620603,"pid":1603593,"hostname":"TempleOfZyminx","from":{"q":6,"r":6},"to":{"q":1,"r":8},"msg":"findPath: no valid path found"}
{"level":30,"time":1774382620603,"pid":1603593,"hostname":"TempleOfZyminx","from":{"q":6,"r":6},"to":{"q":1,"r":9},"msg":"findPath: no valid path found"}
{"level":30,"time":1774382620603,"pid":1603593,"hostname":"TempleOfZyminx","from":{"q":6,"r":6},"to":{"q":1,"r":10},"msg":"findPath: no valid path found"}
{"level":30,"time":1774382620603,"pid":1603593,"hostname":"TempleOfZyminx","from":{"q":6,"r":6},"to":{"q":1,"r":11},"msg":"findPath: no valid path found"}
{"level":30,"time":1774382620603,"pid":1603593,"hostname":"TempleOfZyminx","from":{"q":6,"r":6},"to":{"q":1,"r":12},"msg":"findPath: no valid path found"}
{"level":30,"time":1774382620604,"pid":1603593,"hostname":"TempleOfZyminx","from":{"q":6,"r":6},"to":{"q":1,"r":13},"msg":"findPath: no valid path found"}
{"level":30,"time":1774382620605,"pid":1603593,"hostname":"TempleOfZyminx","from":{"q":6,"r":6},"to":{"q":1,"r":14},"msg":"findPath: no valid path found"}
{"level":30,"time":1774382620605,"pid":1603593,"hostname":"TempleOfZyminx","from":{"q":6,"r":6},"to":{"q":1,"r":15},"msg":"findPath: no valid path found"}
{"level":30,"time":1774382620605,"pid":1603593,"hostname":"TempleOfZyminx","from":{"q":6,"r":6},"to":{"q":1,"r":16},"msg":"findPath: no valid path found"}
{"level":30,"time":1774382620605,"pid":1603593,"hostname":"TempleOfZyminx","from":{"q":6,"r":6},"to":{"q":1,"r":17},"msg":"findPath: no valid path found"}
{"level":30,"time":1774382620605,"pid":1603593,"hostname":"TempleOfZyminx","from":{"q":6,"r":6},"to":{"q":1,"r":18},"msg":"findPath: no valid path found"}
{"level":30,"time":1774382620605,"pid":1603593,"hostname":"TempleOfZyminx","from":{"q":6,"r":6},"to":{"q":1,"r":19},"msg":"findPath: no valid path found"}
{"level":30,"time":1774382620605,"pid":1603593,"hostname":"TempleOfZyminx","from":{"q":6,"r":6},"to":{"q":1,"r":20},"msg":"findPath: no valid path found"}
{"level":30,"time":1774382620605,"pid":1603593,"hostname":"TempleOfZyminx","from":{"q":6,"r":6},"to":{"q":1,"r":21},"msg":"findPath: no valid path found"}
{"level":30,"time":1774382620605,"pid":1603593,"hostname":"TempleOfZyminx","from":{"q":6,"r":6},"to":{"q":2,"r":0},"msg":"findPath: no valid path found"}
{"level":30,"time":1774382620605,"pid":1603593,"hostname":"TempleOfZyminx","from":{"q":6,"r":6},"to":{"q":2,"r":1},"msg":"findPath: no valid path found"}
{"level":30,"time":1774382620606,"pid":1603593,"hostname":"TempleOfZyminx","from":{"q":6,"r":6},"to":{"q":2,"r":2},"msg":"findPath: no valid path found"}
{"level":30,"time":1774382620606,"pid":1603593,"hostname":"TempleOfZyminx","from":{"q":6,"r":6},"to":{"q":2,"r":3},"msg":"findPath: no valid path found"}
{"level":30,"time":1774382620606,"pid":1603593,"hostname":"TempleOfZyminx","from":{"q":6,"r":6},"to":{"q":2,"r":4},"msg":"findPath: no valid path found"}
{"level":30,"time":1774382620606,"pid":1603593,"hostname":"TempleOfZyminx","from":{"q":6,"r":6},"to":{"q":2,"r":5},"msg":"findPath: no valid path found"}
{"level":30,"time":1774382620606,"pid":1603593,"hostname":"TempleOfZyminx","from":{"q":6,"r":6},"to":{"q":2,"r":9},"msg":"findPath: no valid path found"}
{"level":30,"time":1774382620606,"pid":1603593,"hostname":"TempleOfZyminx","from":{"q":6,"r":6},"to":{"q":2,"r":10},"msg":"findPath: no valid path found"}
{"level":30,"time":1774382620607,"pid":1603593,"hostname":"TempleOfZyminx","from":{"q":6,"r":6},"to":{"q":2,"r":11},"msg":"findPath: no valid path found"}
{"level":30,"time":1774382620607,"pid":1603593,"hostname":"TempleOfZyminx","from":{"q":6,"r":6},"to":{"q":2,"r":12},"msg":"findPath: no valid path found"}
{"level":30,"time":1774382620607,"pid":1603593,"hostname":"TempleOfZyminx","from":{"q":6,"r":6},"to":{"q":2,"r":13},"msg":"findPath: no valid path found"}
{"level":30,"time":1774382620607,"pid":1603593,"hostname":"TempleOfZyminx","from":{"q":6,"r":6},"to":{"q":2,"r":14},"msg":"findPath: no valid path found"}
{"level":30,"time":1774382620607,"pid":1603593,"hostname":"TempleOfZyminx","from":{"q":6,"r":6},"to":{"q":2,"r":15},"msg":"findPath: no valid path found"}
{"level":30,"time":1774382620607,"pid":1603593,"hostname":"TempleOfZyminx","from":{"q":6,"r":6},"to":{"q":2,"r":16},"msg":"findPath: no valid path found"}
{"level":30,"time":1774382620607,"pid":1603593,"hostname":"TempleOfZyminx","from":{"q":6,"r":6},"to":{"q":2,"r":17},"msg":"findPath: no valid path found"}
{"level":30,"time":1774382620607,"pid":1603593,"hostname":"TempleOfZyminx","from":{"q":6,"r":6},"to":{"q":2,"r":18},"msg":"findPath: no valid path found"}
{"level":30,"time":1774382620608,"pid":1603593,"hostname":"TempleOfZyminx","from":{"q":6,"r":6},"to":{"q":2,"r":19},"msg":"findPath: no valid path found"}
{"level":30,"time":1774382620608,"pid":1603593,"hostname":"TempleOfZyminx","from":{"q":6,"r":6},"to":{"q":2,"r":20},"msg":"findPath: no valid path found"}
{"level":30,"time":1774382620608,"pid":1603593,"hostname":"TempleOfZyminx","from":{"q":6,"r":6},"to":{"q":2,"r":21},"msg":"findPath: no valid path found"}
{"level":30,"time":1774382620608,"pid":1603593,"hostname":"TempleOfZyminx","from":{"q":6,"r":6},"to":{"q":3,"r":0},"msg":"findPath: no valid path found"}
{"level":30,"time":1774382620608,"pid":1603593,"hostname":"TempleOfZyminx","from":{"q":6,"r":6},"to":{"q":3,"r":1},"msg":"findPath: no valid path found"}
{"level":30,"time":1774382620608,"pid":1603593,"hostname":"TempleOfZyminx","from":{"q":6,"r":6},"to":{"q":3,"r":2},"msg":"findPath: no valid path found"}
{"level":30,"time":1774382620608,"pid":1603593,"hostname":"TempleOfZyminx","from":{"q":6,"r":6},"to":{"q":3,"r":3},"msg":"findPath: no valid path found"}
{"level":30,"time":1774382620608,"pid":1603593,"hostname":"TempleOfZyminx","from":{"q":6,"r":6},"to":{"q":3,"r":4},"msg":"findPath: no valid path found"}
{"level":30,"time":1774382620608,"pid":1603593,"hostname":"TempleOfZyminx","from":{"q":6,"r":6},"to":{"q":3,"r":8},"msg":"findPath: no valid path found"}
{"level":30,"time":1774382620609,"pid":1603593,"hostname":"TempleOfZyminx","from":{"q":6,"r":6},"to":{"q":3,"r":11},"msg":"findPath: no valid path found"}
{"level":30,"time":1774382620609,"pid":1603593,"hostname":"TempleOfZyminx","from":{"q":6,"r":6},"to":{"q":3,"r":12},"msg":"findPath: no valid path found"}
{"level":30,"time":1774382620609,"pid":1603593,"hostname":"TempleOfZyminx","from":{"q":6,"r":6},"to":{"q":3,"r":13},"msg":"findPath: no valid path found"}
{"level":30,"time":1774382620609,"pid":1603593,"hostname":"TempleOfZyminx","from":{"q":6,"r":6},"to":{"q":3,"r":14},"msg":"findPath: no valid path found"}
{"level":30,"time":1774382620609,"pid":1603593,"hostname":"TempleOfZyminx","from":{"q":6,"r":6},"to":{"q":3,"r":15},"msg":"findPath: no valid path found"}
{"level":30,"time":1774382620609,"pid":1603593,"hostname":"TempleOfZyminx","from":{"q":6,"r":6},"to":{"q":3,"r":16},"msg":"findPath: no valid path found"}
{"level":30,"time":1774382620609,"pid":1603593,"hostname":"TempleOfZyminx","from":{"q":6,"r":6},"to":{"q":3,"r":17},"msg":"findPath: no valid path found"}
{"level":30,"time":1774382620609,"pid":1603593,"hostname":"TempleOfZyminx","from":{"q":6,"r":6},"to":{"q":3,"r":18},"msg":"findPath: no valid path found"}
{"level":30,"time":1774382620609,"pid":1603593,"hostname":"TempleOfZyminx","from":{"q":6,"r":6},"to":{"q":3,"r":19},"msg":"findPath: no valid path found"}
{"level":30,"time":1774382620609,"pid":1603593,"hostname":"TempleOfZyminx","from":{"q":6,"r":6},"to":{"q":3,"r":20},"msg":"findPath: no valid path found"}
{"level":30,"time":1774382620609,"pid":1603593,"hostname":"TempleOfZyminx","from":{"q":6,"r":6},"to":{"q":3,"r":21},"msg":"findPath: no valid path found"}
{"level":30,"time":1774382620609,"pid":1603593,"hostname":"TempleOfZyminx","from":{"q":6,"r":6},"to":{"q":4,"r":0},"msg":"findPath: no valid path found"}
{"level":30,"time":1774382620609,"pid":1603593,"hostname":"TempleOfZyminx","from":{"q":6,"r":6},"to":{"q":4,"r":1},"msg":"findPath: no valid path found"}
{"level":30,"time":1774382620610,"pid":1603593,"hostname":"TempleOfZyminx","from":{"q":6,"r":6},"to":{"q":4,"r":2},"msg":"findPath: no valid path found"}
{"level":30,"time":1774382620610,"pid":1603593,"hostname":"TempleOfZyminx","from":{"q":6,"r":6},"to":{"q":4,"r":3},"msg":"findPath: no valid path found"}
{"level":30,"time":1774382620610,"pid":1603593,"hostname":"TempleOfZyminx","from":{"q":6,"r":6},"to":{"q":4,"r":8},"msg":"findPath: no valid path found"}
{"level":30,"time":1774382620610,"pid":1603593,"hostname":"TempleOfZyminx","from":{"q":6,"r":6},"to":{"q":4,"r":11},"msg":"findPath: no valid path found"}
{"level":30,"time":1774382620610,"pid":1603593,"hostname":"TempleOfZyminx","from":{"q":6,"r":6},"to":{"q":4,"r":12},"msg":"findPath: no valid path found"}
{"level":30,"time":1774382620610,"pid":1603593,"hostname":"TempleOfZyminx","from":{"q":6,"r":6},"to":{"q":4,"r":13},"msg":"findPath: no valid path found"}
{"level":30,"time":1774382620610,"pid":1603593,"hostname":"TempleOfZyminx","from":{"q":6,"r":6},"to":{"q":4,"r":14},"msg":"findPath: no valid path found"}
{"level":30,"time":1774382620610,"pid":1603593,"hostname":"TempleOfZyminx","from":{"q":6,"r":6},"to":{"q":4,"r":15},"msg":"findPath: no valid path found"}
{"level":30,"time":1774382620611,"pid":1603593,"hostname":"TempleOfZyminx","from":{"q":6,"r":6},"to":{"q":4,"r":16},"msg":"findPath: no valid path found"}
{"level":30,"time":1774382620611,"pid":1603593,"hostname":"TempleOfZyminx","from":{"q":6,"r":6},"to":{"q":4,"r":17},"msg":"findPath: no valid path found"}
{"level":30,"time":1774382620611,"pid":1603593,"hostname":"TempleOfZyminx","from":{"q":6,"r":6},"to":{"q":4,"r":18},"msg":"findPath: no valid path found"}
{"level":30,"time":1774382620611,"pid":1603593,"hostname":"TempleOfZyminx","from":{"q":6,"r":6},"to":{"q":4,"r":19},"msg":"findPath: no valid path found"}
{"level":30,"time":1774382620611,"pid":1603593,"hostname":"TempleOfZyminx","from":{"q":6,"r":6},"to":{"q":4,"r":20},"msg":"findPath: no valid path found"}
{"level":30,"time":1774382620611,"pid":1603593,"hostname":"TempleOfZyminx","from":{"q":6,"r":6},"to":{"q":4,"r":21},"msg":"findPath: no valid path found"}
{"level":30,"time":1774382620611,"pid":1603593,"hostname":"TempleOfZyminx","from":{"q":6,"r":6},"to":{"q":5,"r":0},"msg":"findPath: no valid path found"}
{"level":30,"time":1774382620611,"pid":1603593,"hostname":"TempleOfZyminx","from":{"q":6,"r":6},"to":{"q":5,"r":1},"msg":"findPath: no valid path found"}
{"level":30,"time":1774382620611,"pid":1603593,"hostname":"TempleOfZyminx","from":{"q":6,"r":6},"to":{"q":5,"r":2},"msg":"findPath: no valid path found"}
{"level":30,"time":1774382620612,"pid":1603593,"hostname":"TempleOfZyminx","from":{"q":6,"r":6},"to":{"q":5,"r":11},"msg":"findPath: no valid path found"}
{"level":30,"time":1774382620612,"pid":1603593,"hostname":"TempleOfZyminx","from":{"q":6,"r":6},"to":{"q":5,"r":12},"msg":"findPath: no valid path found"}
{"level":30,"time":1774382620612,"pid":1603593,"hostname":"TempleOfZyminx","from":{"q":6,"r":6},"to":{"q":5,"r":13},"msg":"findPath: no valid path found"}
{"level":30,"time":1774382620612,"pid":1603593,"hostname":"TempleOfZyminx","from":{"q":6,"r":6},"to":{"q":5,"r":14},"msg":"findPath: no valid path found"}
{"level":30,"time":1774382620612,"pid":1603593,"hostname":"TempleOfZyminx","from":{"q":6,"r":6},"to":{"q":5,"r":15},"msg":"findPath: no valid path found"}
{"level":30,"time":1774382620612,"pid":1603593,"hostname":"TempleOfZyminx","from":{"q":6,"r":6},"to":{"q":5,"r":16},"msg":"findPath: no valid path found"}
{"level":30,"time":1774382620612,"pid":1603593,"hostname":"TempleOfZyminx","from":{"q":6,"r":6},"to":{"q":5,"r":17},"msg":"findPath: no valid path found"}
{"level":30,"time":1774382620612,"pid":1603593,"hostname":"TempleOfZyminx","from":{"q":6,"r":6},"to":{"q":5,"r":18},"msg":"findPath: no valid path found"}
{"level":30,"time":1774382620612,"pid":1603593,"hostname":"TempleOfZyminx","from":{"q":6,"r":6},"to":{"q":5,"r":19},"msg":"findPath: no valid path found"}
{"level":30,"time":1774382620613,"pid":1603593,"hostname":"TempleOfZyminx","from":{"q":6,"r":6},"to":{"q":5,"r":20},"msg":"findPath: no valid path found"}
{"level":30,"time":1774382620613,"pid":1603593,"hostname":"TempleOfZyminx","from":{"q":6,"r":6},"to":{"q":5,"r":21},"msg":"findPath: no valid path found"}
{"level":30,"time":1774382620613,"pid":1603593,"hostname":"TempleOfZyminx","from":{"q":6,"r":6},"to":{"q":6,"r":0},"msg":"findPath: no valid path found"}
{"level":30,"time":1774382620613,"pid":1603593,"hostname":"TempleOfZyminx","from":{"q":6,"r":6},"to":{"q":6,"r":1},"msg":"findPath: no valid path found"}
{"level":30,"time":1774382620613,"pid":1603593,"hostname":"TempleOfZyminx","from":{"q":6,"r":6},"to":{"q":6,"r":11},"msg":"findPath: no valid path found"}
{"level":30,"time":1774382620613,"pid":1603593,"hostname":"TempleOfZyminx","from":{"q":6,"r":6},"to":{"q":6,"r":12},"msg":"findPath: no valid path found"}
{"level":30,"time":1774382620613,"pid":1603593,"hostname":"TempleOfZyminx","from":{"q":6,"r":6},"to":{"q":6,"r":13},"msg":"findPath: no valid path found"}
{"level":30,"time":1774382620613,"pid":1603593,"hostname":"TempleOfZyminx","from":{"q":6,"r":6},"to":{"q":6,"r":14},"msg":"findPath: no valid path found"}
{"level":30,"time":1774382620613,"pid":1603593,"hostname":"TempleOfZyminx","from":{"q":6,"r":6},"to":{"q":6,"r":15},"msg":"findPath: no valid path found"}
{"level":30,"time":1774382620613,"pid":1603593,"hostname":"TempleOfZyminx","from":{"q":6,"r":6},"to":{"q":6,"r":16},"msg":"findPath: no valid path found"}
{"level":30,"time":1774382620613,"pid":1603593,"hostname":"TempleOfZyminx","from":{"q":6,"r":6},"to":{"q":6,"r":17},"msg":"findPath: no valid path found"}
{"level":30,"time":1774382620613,"pid":1603593,"hostname":"TempleOfZyminx","from":{"q":6,"r":6},"to":{"q":6,"r":18},"msg":"findPath: no valid path found"}
{"level":30,"time":1774382620614,"pid":1603593,"hostname":"TempleOfZyminx","from":{"q":6,"r":6},"to":{"q":6,"r":19},"msg":"findPath: no valid path found"}
{"level":30,"time":1774382620614,"pid":1603593,"hostname":"TempleOfZyminx","from":{"q":6,"r":6},"to":{"q":6,"r":20},"msg":"findPath: no valid path found"}
{"level":30,"time":1774382620614,"pid":1603593,"hostname":"TempleOfZyminx","from":{"q":6,"r":6},"to":{"q":6,"r":21},"msg":"findPath: no valid path found"}
{"level":30,"time":1774382620614,"pid":1603593,"hostname":"TempleOfZyminx","from":{"q":6,"r":6},"to":{"q":7,"r":0},"msg":"findPath: no valid path found"}
{"level":30,"time":1774382620614,"pid":1603593,"hostname":"TempleOfZyminx","from":{"q":6,"r":6},"to":{"q":7,"r":1},"msg":"findPath: no valid path found"}
{"level":30,"time":1774382620614,"pid":1603593,"hostname":"TempleOfZyminx","from":{"q":6,"r":6},"to":{"q":7,"r":10},"msg":"findPath: no valid path found"}
{"level":30,"time":1774382620615,"pid":1603593,"hostname":"TempleOfZyminx","from":{"q":6,"r":6},"to":{"q":7,"r":11},"msg":"findPath: no valid path found"}
{"level":30,"time":1774382620615,"pid":1603593,"hostname":"TempleOfZyminx","from":{"q":6,"r":6},"to":{"q":7,"r":12},"msg":"findPath: no valid path found"}
{"level":30,"time":1774382620615,"pid":1603593,"hostname":"TempleOfZyminx","from":{"q":6,"r":6},"to":{"q":7,"r":13},"msg":"findPath: no valid path found"}
{"level":30,"time":1774382620615,"pid":1603593,"hostname":"TempleOfZyminx","from":{"q":6,"r":6},"to":{"q":7,"r":14},"msg":"findPath: no valid path found"}
{"level":30,"time":1774382620615,"pid":1603593,"hostname":"TempleOfZyminx","from":{"q":6,"r":6},"to":{"q":7,"r":15},"msg":"findPath: no valid path found"}
{"level":30,"time":1774382620615,"pid":1603593,"hostname":"TempleOfZyminx","from":{"q":6,"r":6},"to":{"q":7,"r":16},"msg":"findPath: no valid path found"}
{"level":30,"time":1774382620615,"pid":1603593,"hostname":"TempleOfZyminx","from":{"q":6,"r":6},"to":{"q":7,"r":17},"msg":"findPath: no valid path found"}
{"level":30,"time":1774382620615,"pid":1603593,"hostname":"TempleOfZyminx","from":{"q":6,"r":6},"to":{"q":7,"r":18},"msg":"findPath: no valid path found"}
{"level":30,"time":1774382620616,"pid":1603593,"hostname":"TempleOfZyminx","from":{"q":6,"r":6},"to":{"q":7,"r":19},"msg":"findPath: no valid path found"}
{"level":30,"time":1774382620616,"pid":1603593,"hostname":"TempleOfZyminx","from":{"q":6,"r":6},"to":{"q":7,"r":20},"msg":"findPath: no valid path found"}
{"level":30,"time":1774382620616,"pid":1603593,"hostname":"TempleOfZyminx","from":{"q":6,"r":6},"to":{"q":7,"r":21},"msg":"findPath: no valid path found"}
{"level":30,"time":1774382620616,"pid":1603593,"hostname":"TempleOfZyminx","from":{"q":6,"r":6},"to":{"q":8,"r":0},"msg":"findPath: no valid path found"}
{"level":30,"time":1774382620616,"pid":1603593,"hostname":"TempleOfZyminx","from":{"q":6,"r":6},"to":{"q":8,"r":1},"msg":"findPath: no valid path found"}
{"level":30,"time":1774382620617,"pid":1603593,"hostname":"TempleOfZyminx","from":{"q":6,"r":6},"to":{"q":8,"r":9},"msg":"findPath: no valid path found"}
{"level":30,"time":1774382620617,"pid":1603593,"hostname":"TempleOfZyminx","from":{"q":6,"r":6},"to":{"q":8,"r":10},"msg":"findPath: no valid path found"}
{"level":30,"time":1774382620617,"pid":1603593,"hostname":"TempleOfZyminx","from":{"q":6,"r":6},"to":{"q":8,"r":11},"msg":"findPath: no valid path found"}
{"level":30,"time":1774382620617,"pid":1603593,"hostname":"TempleOfZyminx","from":{"q":6,"r":6},"to":{"q":8,"r":12},"msg":"findPath: no valid path found"}
{"level":30,"time":1774382620617,"pid":1603593,"hostname":"TempleOfZyminx","from":{"q":6,"r":6},"to":{"q":8,"r":13},"msg":"findPath: no valid path found"}
{"level":30,"time":1774382620617,"pid":1603593,"hostname":"TempleOfZyminx","from":{"q":6,"r":6},"to":{"q":8,"r":14},"msg":"findPath: no valid path found"}
{"level":30,"time":1774382620617,"pid":1603593,"hostname":"TempleOfZyminx","from":{"q":6,"r":6},"to":{"q":8,"r":15},"msg":"findPath: no valid path found"}
{"level":30,"time":1774382620618,"pid":1603593,"hostname":"TempleOfZyminx","from":{"q":6,"r":6},"to":{"q":8,"r":16},"msg":"findPath: no valid path found"}
{"level":30,"time":1774382620618,"pid":1603593,"hostname":"TempleOfZyminx","from":{"q":6,"r":6},"to":{"q":8,"r":17},"msg":"findPath: no valid path found"}
{"level":30,"time":1774382620618,"pid":1603593,"hostname":"TempleOfZyminx","from":{"q":6,"r":6},"to":{"q":8,"r":18},"msg":"findPath: no valid path found"}
{"level":30,"time":1774382620618,"pid":1603593,"hostname":"TempleOfZyminx","from":{"q":6,"r":6},"to":{"q":8,"r":19},"msg":"findPath: no valid path found"}
{"level":30,"time":1774382620618,"pid":1603593,"hostname":"TempleOfZyminx","from":{"q":6,"r":6},"to":{"q":8,"r":20},"msg":"findPath: no valid path found"}
{"level":30,"time":1774382620618,"pid":1603593,"hostname":"TempleOfZyminx","from":{"q":6,"r":6},"to":{"q":8,"r":21},"msg":"findPath: no valid path found"}
{"level":30,"time":1774382620618,"pid":1603593,"hostname":"TempleOfZyminx","from":{"q":6,"r":6},"to":{"q":9,"r":0},"msg":"findPath: no valid path found"}
{"level":30,"time":1774382620618,"pid":1603593,"hostname":"TempleOfZyminx","from":{"q":6,"r":6},"to":{"q":9,"r":1},"msg":"findPath: no valid path found"}
{"level":30,"time":1774382620619,"pid":1603593,"hostname":"TempleOfZyminx","from":{"q":6,"r":6},"to":{"q":9,"r":8},"msg":"findPath: no valid path found"}
{"level":30,"time":1774382620619,"pid":1603593,"hostname":"TempleOfZyminx","from":{"q":6,"r":6},"to":{"q":9,"r":9},"msg":"findPath: no valid path found"}
{"level":30,"time":1774382620619,"pid":1603593,"hostname":"TempleOfZyminx","from":{"q":6,"r":6},"to":{"q":9,"r":10},"msg":"findPath: no valid path found"}
{"level":30,"time":1774382620619,"pid":1603593,"hostname":"TempleOfZyminx","from":{"q":6,"r":6},"to":{"q":9,"r":11},"msg":"findPath: no valid path found"}
{"level":30,"time":1774382620619,"pid":1603593,"hostname":"TempleOfZyminx","from":{"q":6,"r":6},"to":{"q":9,"r":12},"msg":"findPath: no valid path found"}
{"level":30,"time":1774382620619,"pid":1603593,"hostname":"TempleOfZyminx","from":{"q":6,"r":6},"to":{"q":9,"r":13},"msg":"findPath: no valid path found"}
{"level":30,"time":1774382620619,"pid":1603593,"hostname":"TempleOfZyminx","from":{"q":6,"r":6},"to":{"q":9,"r":14},"msg":"findPath: no valid path found"}
{"level":30,"time":1774382620620,"pid":1603593,"hostname":"TempleOfZyminx","from":{"q":6,"r":6},"to":{"q":9,"r":15},"msg":"findPath: no valid path found"}
{"level":30,"time":1774382620620,"pid":1603593,"hostname":"TempleOfZyminx","from":{"q":6,"r":6},"to":{"q":9,"r":16},"msg":"findPath: no valid path found"}
{"level":30,"time":1774382620620,"pid":1603593,"hostname":"TempleOfZyminx","from":{"q":6,"r":6},"to":{"q":9,"r":17},"msg":"findPath: no valid path found"}
{"level":30,"time":1774382620620,"pid":1603593,"hostname":"TempleOfZyminx","from":{"q":6,"r":6},"to":{"q":9,"r":18},"msg":"findPath: no valid path found"}
{"level":30,"time":1774382620620,"pid":1603593,"hostname":"TempleOfZyminx","from":{"q":6,"r":6},"to":{"q":9,"r":19},"msg":"findPath: no valid path found"}
{"level":30,"time":1774382620620,"pid":1603593,"hostname":"TempleOfZyminx","from":{"q":6,"r":6},"to":{"q":9,"r":20},"msg":"findPath: no valid path found"}
{"level":30,"time":1774382620620,"pid":1603593,"hostname":"TempleOfZyminx","from":{"q":6,"r":6},"to":{"q":9,"r":21},"msg":"findPath: no valid path found"}
{"level":30,"time":1774382620620,"pid":1603593,"hostname":"TempleOfZyminx","from":{"q":6,"r":6},"to":{"q":10,"r":0},"msg":"findPath: no valid path found"}
{"level":30,"time":1774382620621,"pid":1603593,"hostname":"TempleOfZyminx","from":{"q":6,"r":6},"to":{"q":10,"r":1},"msg":"findPath: no valid path found"}
{"level":30,"time":1774382620621,"pid":1603593,"hostname":"TempleOfZyminx","from":{"q":6,"r":6},"to":{"q":10,"r":7},"msg":"findPath: no valid path found"}
{"level":30,"time":1774382620621,"pid":1603593,"hostname":"TempleOfZyminx","from":{"q":6,"r":6},"to":{"q":10,"r":8},"msg":"findPath: no valid path found"}
{"level":30,"time":1774382620621,"pid":1603593,"hostname":"TempleOfZyminx","from":{"q":6,"r":6},"to":{"q":10,"r":9},"msg":"findPath: no valid path found"}
{"level":30,"time":1774382620621,"pid":1603593,"hostname":"TempleOfZyminx","from":{"q":6,"r":6},"to":{"q":10,"r":10},"msg":"findPath: no valid path found"}
{"level":30,"time":1774382620622,"pid":1603593,"hostname":"TempleOfZyminx","from":{"q":6,"r":6},"to":{"q":10,"r":11},"msg":"findPath: no valid path found"}
{"level":30,"time":1774382620622,"pid":1603593,"hostname":"TempleOfZyminx","from":{"q":6,"r":6},"to":{"q":10,"r":12},"msg":"findPath: no valid path found"}
{"level":30,"time":1774382620622,"pid":1603593,"hostname":"TempleOfZyminx","from":{"q":6,"r":6},"to":{"q":10,"r":13},"msg":"findPath: no valid path found"}
{"level":30,"time":1774382620622,"pid":1603593,"hostname":"TempleOfZyminx","from":{"q":6,"r":6},"to":{"q":10,"r":14},"msg":"findPath: no valid path found"}
{"level":30,"time":1774382620623,"pid":1603593,"hostname":"TempleOfZyminx","from":{"q":6,"r":6},"to":{"q":10,"r":15},"msg":"findPath: no valid path found"}
{"level":30,"time":1774382620623,"pid":1603593,"hostname":"TempleOfZyminx","from":{"q":6,"r":6},"to":{"q":10,"r":16},"msg":"findPath: no valid path found"}
{"level":30,"time":1774382620624,"pid":1603593,"hostname":"TempleOfZyminx","from":{"q":6,"r":6},"to":{"q":10,"r":17},"msg":"findPath: no valid path found"}
{"level":30,"time":1774382620624,"pid":1603593,"hostname":"TempleOfZyminx","from":{"q":6,"r":6},"to":{"q":10,"r":18},"msg":"findPath: no valid path found"}
{"level":30,"time":1774382620624,"pid":1603593,"hostname":"TempleOfZyminx","from":{"q":6,"r":6},"to":{"q":10,"r":19},"msg":"findPath: no valid path found"}
{"level":30,"time":1774382620624,"pid":1603593,"hostname":"TempleOfZyminx","from":{"q":6,"r":6},"to":{"q":10,"r":20},"msg":"findPath: no valid path found"}
{"level":30,"time":1774382620624,"pid":1603593,"hostname":"TempleOfZyminx","from":{"q":6,"r":6},"to":{"q":10,"r":21},"msg":"findPath: no valid path found"}
{"level":30,"time":1774382620624,"pid":1603593,"hostname":"TempleOfZyminx","from":{"q":6,"r":6},"to":{"q":11,"r":0},"msg":"findPath: no valid path found"}
{"level":30,"time":1774382620624,"pid":1603593,"hostname":"TempleOfZyminx","from":{"q":6,"r":6},"to":{"q":11,"r":1},"msg":"findPath: no valid path found"}
{"level":30,"time":1774382620625,"pid":1603593,"hostname":"TempleOfZyminx","from":{"q":6,"r":6},"to":{"q":11,"r":2},"msg":"findPath: no valid path found"}
{"level":30,"time":1774382620625,"pid":1603593,"hostname":"TempleOfZyminx","from":{"q":6,"r":6},"to":{"q":11,"r":3},"msg":"findPath: no valid path found"}
{"level":30,"time":1774382620625,"pid":1603593,"hostname":"TempleOfZyminx","from":{"q":6,"r":6},"to":{"q":11,"r":4},"msg":"findPath: no valid path found"}
{"level":30,"time":1774382620625,"pid":1603593,"hostname":"TempleOfZyminx","from":{"q":6,"r":6},"to":{"q":11,"r":5},"msg":"findPath: no valid path found"}
{"level":30,"time":1774382620625,"pid":1603593,"hostname":"TempleOfZyminx","from":{"q":6,"r":6},"to":{"q":11,"r":6},"msg":"findPath: no valid path found"}
{"level":30,"time":1774382620625,"pid":1603593,"hostname":"TempleOfZyminx","from":{"q":6,"r":6},"to":{"q":11,"r":7},"msg":"findPath: no valid path found"}
{"level":30,"time":1774382620625,"pid":1603593,"hostname":"TempleOfZyminx","from":{"q":6,"r":6},"to":{"q":11,"r":8},"msg":"findPath: no valid path found"}
{"level":30,"time":1774382620625,"pid":1603593,"hostname":"TempleOfZyminx","from":{"q":6,"r":6},"to":{"q":11,"r":9},"msg":"findPath: no valid path found"}
{"level":30,"time":1774382620626,"pid":1603593,"hostname":"TempleOfZyminx","from":{"q":6,"r":6},"to":{"q":11,"r":10},"msg":"findPath: no valid path found"}
{"level":30,"time":1774382620626,"pid":1603593,"hostname":"TempleOfZyminx","from":{"q":6,"r":6},"to":{"q":11,"r":11},"msg":"findPath: no valid path found"}
{"level":30,"time":1774382620626,"pid":1603593,"hostname":"TempleOfZyminx","from":{"q":6,"r":6},"to":{"q":11,"r":12},"msg":"findPath: no valid path found"}
{"level":30,"time":1774382620626,"pid":1603593,"hostname":"TempleOfZyminx","from":{"q":6,"r":6},"to":{"q":11,"r":13},"msg":"findPath: no valid path found"}
{"level":30,"time":1774382620626,"pid":1603593,"hostname":"TempleOfZyminx","from":{"q":6,"r":6},"to":{"q":11,"r":14},"msg":"findPath: no valid path found"}
{"level":30,"time":1774382620626,"pid":1603593,"hostname":"TempleOfZyminx","from":{"q":6,"r":6},"to":{"q":11,"r":15},"msg":"findPath: no valid path found"}
{"level":30,"time":1774382620626,"pid":1603593,"hostname":"TempleOfZyminx","from":{"q":6,"r":6},"to":{"q":11,"r":16},"msg":"findPath: no valid path found"}
{"level":30,"time":1774382620627,"pid":1603593,"hostname":"TempleOfZyminx","from":{"q":6,"r":6},"to":{"q":11,"r":17},"msg":"findPath: no valid path found"}
{"level":30,"time":1774382620627,"pid":1603593,"hostname":"TempleOfZyminx","from":{"q":6,"r":6},"to":{"q":11,"r":18},"msg":"findPath: no valid path found"}
{"level":30,"time":1774382620627,"pid":1603593,"hostname":"TempleOfZyminx","from":{"q":6,"r":6},"to":{"q":11,"r":19},"msg":"findPath: no valid path found"}
{"level":30,"time":1774382620627,"pid":1603593,"hostname":"TempleOfZyminx","from":{"q":6,"r":6},"to":{"q":11,"r":20},"msg":"findPath: no valid path found"}
{"level":30,"time":1774382620627,"pid":1603593,"hostname":"TempleOfZyminx","from":{"q":6,"r":6},"to":{"q":11,"r":21},"msg":"findPath: no valid path found"}
{"level":30,"time":1774382620627,"pid":1603593,"hostname":"TempleOfZyminx","from":{"q":6,"r":6},"to":{"q":12,"r":0},"msg":"findPath: no valid path found"}
{"level":30,"time":1774382620627,"pid":1603593,"hostname":"TempleOfZyminx","from":{"q":6,"r":6},"to":{"q":12,"r":1},"msg":"findPath: no valid path found"}
{"level":30,"time":1774382620627,"pid":1603593,"hostname":"TempleOfZyminx","from":{"q":6,"r":6},"to":{"q":12,"r":2},"msg":"findPath: no valid path found"}
{"level":30,"time":1774382620628,"pid":1603593,"hostname":"TempleOfZyminx","from":{"q":6,"r":6},"to":{"q":12,"r":3},"msg":"findPath: no valid path found"}
{"level":30,"time":1774382620628,"pid":1603593,"hostname":"TempleOfZyminx","from":{"q":6,"r":6},"to":{"q":12,"r":4},"msg":"findPath: no valid path found"}
{"level":30,"time":1774382620628,"pid":1603593,"hostname":"TempleOfZyminx","from":{"q":6,"r":6},"to":{"q":12,"r":5},"msg":"findPath: no valid path found"}
{"level":30,"time":1774382620628,"pid":1603593,"hostname":"TempleOfZyminx","from":{"q":6,"r":6},"to":{"q":12,"r":6},"msg":"findPath: no valid path found"}
{"level":30,"time":1774382620628,"pid":1603593,"hostname":"TempleOfZyminx","from":{"q":6,"r":6},"to":{"q":12,"r":7},"msg":"findPath: no valid path found"}
{"level":30,"time":1774382620628,"pid":1603593,"hostname":"TempleOfZyminx","from":{"q":6,"r":6},"to":{"q":12,"r":8},"msg":"findPath: no valid path found"}
{"level":30,"time":1774382620628,"pid":1603593,"hostname":"TempleOfZyminx","from":{"q":6,"r":6},"to":{"q":12,"r":9},"msg":"findPath: no valid path found"}
{"level":30,"time":1774382620628,"pid":1603593,"hostname":"TempleOfZyminx","from":{"q":6,"r":6},"to":{"q":12,"r":10},"msg":"findPath: no valid path found"}
{"level":30,"time":1774382620629,"pid":1603593,"hostname":"TempleOfZyminx","from":{"q":6,"r":6},"to":{"q":12,"r":11},"msg":"findPath: no valid path found"}
{"level":30,"time":1774382620629,"pid":1603593,"hostname":"TempleOfZyminx","from":{"q":6,"r":6},"to":{"q":12,"r":12},"msg":"findPath: no valid path found"}
{"level":30,"time":1774382620629,"pid":1603593,"hostname":"TempleOfZyminx","from":{"q":6,"r":6},"to":{"q":12,"r":13},"msg":"findPath: no valid path found"}
{"level":30,"time":1774382620629,"pid":1603593,"hostname":"TempleOfZyminx","from":{"q":6,"r":6},"to":{"q":12,"r":14},"msg":"findPath: no valid path found"}
{"level":30,"time":1774382620629,"pid":1603593,"hostname":"TempleOfZyminx","from":{"q":6,"r":6},"to":{"q":12,"r":15},"msg":"findPath: no valid path found"}
{"level":30,"time":1774382620629,"pid":1603593,"hostname":"TempleOfZyminx","from":{"q":6,"r":6},"to":{"q":12,"r":16},"msg":"findPath: no valid path found"}
{"level":30,"time":1774382620629,"pid":1603593,"hostname":"TempleOfZyminx","from":{"q":6,"r":6},"to":{"q":12,"r":17},"msg":"findPath: no valid path found"}
{"level":30,"time":1774382620630,"pid":1603593,"hostname":"TempleOfZyminx","from":{"q":6,"r":6},"to":{"q":12,"r":18},"msg":"findPath: no valid path found"}
{"level":30,"time":1774382620630,"pid":1603593,"hostname":"TempleOfZyminx","from":{"q":6,"r":6},"to":{"q":12,"r":19},"msg":"findPath: no valid path found"}
{"level":30,"time":1774382620630,"pid":1603593,"hostname":"TempleOfZyminx","from":{"q":6,"r":6},"to":{"q":12,"r":20},"msg":"findPath: no valid path found"}
{"level":30,"time":1774382620630,"pid":1603593,"hostname":"TempleOfZyminx","from":{"q":6,"r":6},"to":{"q":12,"r":21},"msg":"findPath: no valid path found"}
{"level":30,"time":1774382620630,"pid":1603593,"hostname":"TempleOfZyminx","from":{"q":6,"r":6},"to":{"q":13,"r":0},"msg":"findPath: no valid path found"}
{"level":30,"time":1774382620630,"pid":1603593,"hostname":"TempleOfZyminx","from":{"q":6,"r":6},"to":{"q":13,"r":1},"msg":"findPath: no valid path found"}
{"level":30,"time":1774382620630,"pid":1603593,"hostname":"TempleOfZyminx","from":{"q":6,"r":6},"to":{"q":13,"r":2},"msg":"findPath: no valid path found"}
{"level":30,"time":1774382620630,"pid":1603593,"hostname":"TempleOfZyminx","from":{"q":6,"r":6},"to":{"q":13,"r":3},"msg":"findPath: no valid path found"}
{"level":30,"time":1774382620631,"pid":1603593,"hostname":"TempleOfZyminx","from":{"q":6,"r":6},"to":{"q":13,"r":4},"msg":"findPath: no valid path found"}
{"level":30,"time":1774382620631,"pid":1603593,"hostname":"TempleOfZyminx","from":{"q":6,"r":6},"to":{"q":13,"r":5},"msg":"findPath: no valid path found"}
{"level":30,"time":1774382620631,"pid":1603593,"hostname":"TempleOfZyminx","from":{"q":6,"r":6},"to":{"q":13,"r":6},"msg":"findPath: no valid path found"}
{"level":30,"time":1774382620631,"pid":1603593,"hostname":"TempleOfZyminx","from":{"q":6,"r":6},"to":{"q":13,"r":7},"msg":"findPath: no valid path found"}
{"level":30,"time":1774382620631,"pid":1603593,"hostname":"TempleOfZyminx","from":{"q":6,"r":6},"to":{"q":13,"r":8},"msg":"findPath: no valid path found"}
{"level":30,"time":1774382620631,"pid":1603593,"hostname":"TempleOfZyminx","from":{"q":6,"r":6},"to":{"q":13,"r":9},"msg":"findPath: no valid path found"}
{"level":30,"time":1774382620631,"pid":1603593,"hostname":"TempleOfZyminx","from":{"q":6,"r":6},"to":{"q":13,"r":10},"msg":"findPath: no valid path found"}
{"level":30,"time":1774382620632,"pid":1603593,"hostname":"TempleOfZyminx","from":{"q":6,"r":6},"to":{"q":13,"r":11},"msg":"findPath: no valid path found"}
{"level":30,"time":1774382620632,"pid":1603593,"hostname":"TempleOfZyminx","from":{"q":6,"r":6},"to":{"q":13,"r":12},"msg":"findPath: no valid path found"}
{"level":30,"time":1774382620632,"pid":1603593,"hostname":"TempleOfZyminx","from":{"q":6,"r":6},"to":{"q":13,"r":13},"msg":"findPath: no valid path found"}
{"level":30,"time":1774382620632,"pid":1603593,"hostname":"TempleOfZyminx","from":{"q":6,"r":6},"to":{"q":13,"r":14},"msg":"findPath: no valid path found"}
{"level":30,"time":1774382620632,"pid":1603593,"hostname":"TempleOfZyminx","from":{"q":6,"r":6},"to":{"q":13,"r":15},"msg":"findPath: no valid path found"}
{"level":30,"time":1774382620632,"pid":1603593,"hostname":"TempleOfZyminx","from":{"q":6,"r":6},"to":{"q":13,"r":16},"msg":"findPath: no valid path found"}
{"level":30,"time":1774382620632,"pid":1603593,"hostname":"TempleOfZyminx","from":{"q":6,"r":6},"to":{"q":13,"r":17},"msg":"findPath: no valid path found"}
{"level":30,"time":1774382620632,"pid":1603593,"hostname":"TempleOfZyminx","from":{"q":6,"r":6},"to":{"q":13,"r":18},"msg":"findPath: no valid path found"}
{"level":30,"time":1774382620633,"pid":1603593,"hostname":"TempleOfZyminx","from":{"q":6,"r":6},"to":{"q":13,"r":19},"msg":"findPath: no valid path found"}
{"level":30,"time":1774382620633,"pid":1603593,"hostname":"TempleOfZyminx","from":{"q":6,"r":6},"to":{"q":13,"r":20},"msg":"findPath: no valid path found"}
{"level":30,"time":1774382620633,"pid":1603593,"hostname":"TempleOfZyminx","from":{"q":6,"r":6},"to":{"q":13,"r":21},"msg":"findPath: no valid path found"}
{"level":30,"time":1774382620633,"pid":1603593,"hostname":"TempleOfZyminx","from":{"q":6,"r":6},"to":{"q":14,"r":0},"msg":"findPath: no valid path found"}
{"level":30,"time":1774382620633,"pid":1603593,"hostname":"TempleOfZyminx","from":{"q":6,"r":6},"to":{"q":14,"r":1},"msg":"findPath: no valid path found"}
{"level":30,"time":1774382620633,"pid":1603593,"hostname":"TempleOfZyminx","from":{"q":6,"r":6},"to":{"q":14,"r":2},"msg":"findPath: no valid path found"}
{"level":30,"time":1774382620633,"pid":1603593,"hostname":"TempleOfZyminx","from":{"q":6,"r":6},"to":{"q":14,"r":3},"msg":"findPath: no valid path found"}
{"level":30,"time":1774382620633,"pid":1603593,"hostname":"TempleOfZyminx","from":{"q":6,"r":6},"to":{"q":14,"r":4},"msg":"findPath: no valid path found"}
{"level":30,"time":1774382620634,"pid":1603593,"hostname":"TempleOfZyminx","from":{"q":6,"r":6},"to":{"q":14,"r":5},"msg":"findPath: no valid path found"}
{"level":30,"time":1774382620634,"pid":1603593,"hostname":"TempleOfZyminx","from":{"q":6,"r":6},"to":{"q":14,"r":6},"msg":"findPath: no valid path found"}
{"level":30,"time":1774382620634,"pid":1603593,"hostname":"TempleOfZyminx","from":{"q":6,"r":6},"to":{"q":14,"r":7},"msg":"findPath: no valid path found"}
{"level":30,"time":1774382620634,"pid":1603593,"hostname":"TempleOfZyminx","from":{"q":6,"r":6},"to":{"q":14,"r":8},"msg":"findPath: no valid path found"}
{"level":30,"time":1774382620634,"pid":1603593,"hostname":"TempleOfZyminx","from":{"q":6,"r":6},"to":{"q":14,"r":9},"msg":"findPath: no valid path found"}
{"level":30,"time":1774382620635,"pid":1603593,"hostname":"TempleOfZyminx","from":{"q":6,"r":6},"to":{"q":14,"r":10},"msg":"findPath: no valid path found"}
{"level":30,"time":1774382620635,"pid":1603593,"hostname":"TempleOfZyminx","from":{"q":6,"r":6},"to":{"q":14,"r":11},"msg":"findPath: no valid path found"}
{"level":30,"time":1774382620635,"pid":1603593,"hostname":"TempleOfZyminx","from":{"q":6,"r":6},"to":{"q":14,"r":12},"msg":"findPath: no valid path found"}
{"level":30,"time":1774382620635,"pid":1603593,"hostname":"TempleOfZyminx","from":{"q":6,"r":6},"to":{"q":14,"r":13},"msg":"findPath: no valid path found"}
{"level":30,"time":1774382620635,"pid":1603593,"hostname":"TempleOfZyminx","from":{"q":6,"r":6},"to":{"q":14,"r":14},"msg":"findPath: no valid path found"}
{"level":30,"time":1774382620635,"pid":1603593,"hostname":"TempleOfZyminx","from":{"q":6,"r":6},"to":{"q":14,"r":15},"msg":"findPath: no valid path found"}
{"level":30,"time":1774382620635,"pid":1603593,"hostname":"TempleOfZyminx","from":{"q":6,"r":6},"to":{"q":14,"r":16},"msg":"findPath: no valid path found"}
{"level":30,"time":1774382620635,"pid":1603593,"hostname":"TempleOfZyminx","from":{"q":6,"r":6},"to":{"q":14,"r":17},"msg":"findPath: no valid path found"}
{"level":30,"time":1774382620635,"pid":1603593,"hostname":"TempleOfZyminx","from":{"q":6,"r":6},"to":{"q":14,"r":18},"msg":"findPath: no valid path found"}
{"level":30,"time":1774382620636,"pid":1603593,"hostname":"TempleOfZyminx","from":{"q":6,"r":6},"to":{"q":14,"r":19},"msg":"findPath: no valid path found"}
{"level":30,"time":1774382620636,"pid":1603593,"hostname":"TempleOfZyminx","from":{"q":6,"r":6},"to":{"q":14,"r":20},"msg":"findPath: no valid path found"}
{"level":30,"time":1774382620636,"pid":1603593,"hostname":"TempleOfZyminx","from":{"q":6,"r":6},"to":{"q":14,"r":21},"msg":"findPath: no valid path found"}
{"level":30,"time":1774382620636,"pid":1603593,"hostname":"TempleOfZyminx","id":"5a0b0710-4b16-4941-91e6-ae9a2c92bfc5","command":"MOVE","msg":"Submitting game action"}
{"level":30,"time":1774382620636,"pid":1603593,"hostname":"TempleOfZyminx","gameId":"5a0b0710-4b16-4941-91e6-ae9a2c92bfc5","unitId":"wolf-2","msg":"Processing MOVE command"}
{"level":30,"time":1774382620638,"pid":1603593,"hostname":"TempleOfZyminx","id":"5a0b0710-4b16-4941-91e6-ae9a2c92bfc5","msg":"Fetching game state"}
{"level":30,"time":1774382620638,"pid":1603593,"hostname":"TempleOfZyminx","id":"5a0b0710-4b16-4941-91e6-ae9a2c92bfc5","msg":"Fetching game state"}
{"level":30,"time":1774382620639,"pid":1603593,"hostname":"TempleOfZyminx","id":"5a0b0710-4b16-4941-91e6-ae9a2c92bfc5","command":"END_PHASE","msg":"Submitting game action"}
{"level":30,"time":1774382620639,"pid":1603593,"hostname":"TempleOfZyminx","gameId":"5a0b0710-4b16-4941-91e6-ae9a2c92bfc5","phase":"DEFENDER_MOVE","msg":"Advancing phase"}
{"level":30,"time":1774382620639,"pid":1603593,"hostname":"TempleOfZyminx","phase":"DEFENDER_MOVE","turnNumber":2,"msg":"Advancing phase in engine"}
{"level":30,"time":1774382620640,"pid":1603593,"hostname":"TempleOfZyminx","id":"5a0b0710-4b16-4941-91e6-ae9a2c92bfc5","msg":"Fetching game state"}
{"level":30,"time":1774382620641,"pid":1603593,"hostname":"TempleOfZyminx","id":"5a0b0710-4b16-4941-91e6-ae9a2c92bfc5","msg":"Fetching game state"}
{"level":30,"time":1774382620641,"pid":1603593,"hostname":"TempleOfZyminx","id":"5a0b0710-4b16-4941-91e6-ae9a2c92bfc5","command":"FIRE","msg":"Submitting game action"}
{"level":30,"time":1774382620641,"pid":1603593,"hostname":"TempleOfZyminx","gameId":"5a0b0710-4b16-4941-91e6-ae9a2c92bfc5","type":"FIRE","msg":"Processing combat command"}
{"level":30,"time":1774382620642,"pid":1603593,"hostname":"TempleOfZyminx","commandType":"FIRE","msg":"Validating combat action"}
{"level":30,"time":1774382620642,"pid":1603593,"hostname":"TempleOfZyminx","plan":{"actionType":"FIRE","actor":"defender","attackerIds":["wolf-1"],"target":{"kind":"treads","id":"onion-1"},"attackStrength":2,"defense":0},"msg":"Executing combat action"}
{"level":30,"time":1774382620643,"pid":1603593,"hostname":"TempleOfZyminx","id":"5a0b0710-4b16-4941-91e6-ae9a2c92bfc5","command":"FIRE","msg":"Submitting game action"}
{"level":30,"time":1774382620643,"pid":1603593,"hostname":"TempleOfZyminx","gameId":"5a0b0710-4b16-4941-91e6-ae9a2c92bfc5","type":"FIRE","msg":"Processing combat command"}
{"level":30,"time":1774382620643,"pid":1603593,"hostname":"TempleOfZyminx","commandType":"FIRE","msg":"Validating combat action"}
{"level":30,"time":1774382620643,"pid":1603593,"hostname":"TempleOfZyminx","plan":{"actionType":"FIRE","actor":"defender","attackerIds":["wolf-2"],"target":{"kind":"weapon","id":"main"},"attackStrength":2,"defense":4},"msg":"Executing combat action"}
{"level":30,"time":1774382620644,"pid":1603593,"hostname":"TempleOfZyminx","id":"5a0b0710-4b16-4941-91e6-ae9a2c92bfc5","msg":"Fetching game state"}
{"level":30,"time":1774382620644,"pid":1603593,"hostname":"TempleOfZyminx","id":"5a0b0710-4b16-4941-91e6-ae9a2c92bfc5","command":"END_PHASE","msg":"Submitting game action"}
{"level":30,"time":1774382620645,"pid":1603593,"hostname":"TempleOfZyminx","gameId":"5a0b0710-4b16-4941-91e6-ae9a2c92bfc5","phase":"DEFENDER_COMBAT","msg":"Advancing phase"}
{"level":30,"time":1774382620645,"pid":1603593,"hostname":"TempleOfZyminx","phase":"DEFENDER_COMBAT","turnNumber":2,"msg":"Advancing phase in engine"}
{"level":30,"time":1774382620645,"pid":1603593,"hostname":"TempleOfZyminx","id":"5a0b0710-4b16-4941-91e6-ae9a2c92bfc5","msg":"Fetching game state"}
{"level":30,"time":1774382620646,"pid":1603593,"hostname":"TempleOfZyminx","id":"5a0b0710-4b16-4941-91e6-ae9a2c92bfc5","msg":"Fetching game state"}
{"level":30,"time":1774382620646,"pid":1603593,"hostname":"TempleOfZyminx","from":{"q":2,"r":6},"to":{"q":0,"r":0},"msg":"findPath: no valid path found"}
{"level":30,"time":1774382620647,"pid":1603593,"hostname":"TempleOfZyminx","from":{"q":2,"r":6},"to":{"q":0,"r":1},"msg":"findPath: no valid path found"}
{"level":30,"time":1774382620647,"pid":1603593,"hostname":"TempleOfZyminx","from":{"q":2,"r":6},"to":{"q":0,"r":2},"msg":"findPath: no valid path found"}
{"level":30,"time":1774382620647,"pid":1603593,"hostname":"TempleOfZyminx","from":{"q":2,"r":6},"to":{"q":0,"r":3},"msg":"findPath: no valid path found"}
{"level":30,"time":1774382620647,"pid":1603593,"hostname":"TempleOfZyminx","from":{"q":2,"r":6},"to":{"q":0,"r":11},"msg":"findPath: no valid path found"}
{"level":30,"time":1774382620647,"pid":1603593,"hostname":"TempleOfZyminx","from":{"q":2,"r":6},"to":{"q":0,"r":12},"msg":"findPath: no valid path found"}
{"level":30,"time":1774382620647,"pid":1603593,"hostname":"TempleOfZyminx","from":{"q":2,"r":6},"to":{"q":0,"r":13},"msg":"findPath: no valid path found"}
{"level":30,"time":1774382620647,"pid":1603593,"hostname":"TempleOfZyminx","from":{"q":2,"r":6},"to":{"q":0,"r":14},"msg":"findPath: no valid path found"}
{"level":30,"time":1774382620648,"pid":1603593,"hostname":"TempleOfZyminx","from":{"q":2,"r":6},"to":{"q":0,"r":15},"msg":"findPath: no valid path found"}
{"level":30,"time":1774382620648,"pid":1603593,"hostname":"TempleOfZyminx","from":{"q":2,"r":6},"to":{"q":0,"r":16},"msg":"findPath: no valid path found"}
{"level":30,"time":1774382620648,"pid":1603593,"hostname":"TempleOfZyminx","from":{"q":2,"r":6},"to":{"q":0,"r":17},"msg":"findPath: no valid path found"}
{"level":30,"time":1774382620649,"pid":1603593,"hostname":"TempleOfZyminx","from":{"q":2,"r":6},"to":{"q":0,"r":18},"msg":"findPath: no valid path found"}
{"level":30,"time":1774382620649,"pid":1603593,"hostname":"TempleOfZyminx","from":{"q":2,"r":6},"to":{"q":0,"r":19},"msg":"findPath: no valid path found"}
{"level":30,"time":1774382620649,"pid":1603593,"hostname":"TempleOfZyminx","from":{"q":2,"r":6},"to":{"q":0,"r":20},"msg":"findPath: no valid path found"}
{"level":30,"time":1774382620649,"pid":1603593,"hostname":"TempleOfZyminx","from":{"q":2,"r":6},"to":{"q":0,"r":21},"msg":"findPath: no valid path found"}
{"level":30,"time":1774382620649,"pid":1603593,"hostname":"TempleOfZyminx","from":{"q":2,"r":6},"to":{"q":1,"r":0},"msg":"findPath: no valid path found"}
{"level":30,"time":1774382620649,"pid":1603593,"hostname":"TempleOfZyminx","from":{"q":2,"r":6},"to":{"q":1,"r":1},"msg":"findPath: no valid path found"}
{"level":30,"time":1774382620649,"pid":1603593,"hostname":"TempleOfZyminx","from":{"q":2,"r":6},"to":{"q":1,"r":2},"msg":"findPath: no valid path found"}
{"level":30,"time":1774382620650,"pid":1603593,"hostname":"TempleOfZyminx","from":{"q":2,"r":6},"to":{"q":1,"r":11},"msg":"findPath: no valid path found"}
{"level":30,"time":1774382620650,"pid":1603593,"hostname":"TempleOfZyminx","from":{"q":2,"r":6},"to":{"q":1,"r":12},"msg":"findPath: no valid path found"}
{"level":30,"time":1774382620650,"pid":1603593,"hostname":"TempleOfZyminx","from":{"q":2,"r":6},"to":{"q":1,"r":13},"msg":"findPath: no valid path found"}
{"level":30,"time":1774382620650,"pid":1603593,"hostname":"TempleOfZyminx","from":{"q":2,"r":6},"to":{"q":1,"r":14},"msg":"findPath: no valid path found"}
{"level":30,"time":1774382620650,"pid":1603593,"hostname":"TempleOfZyminx","from":{"q":2,"r":6},"to":{"q":1,"r":15},"msg":"findPath: no valid path found"}
{"level":30,"time":1774382620650,"pid":1603593,"hostname":"TempleOfZyminx","from":{"q":2,"r":6},"to":{"q":1,"r":16},"msg":"findPath: no valid path found"}
{"level":30,"time":1774382620650,"pid":1603593,"hostname":"TempleOfZyminx","from":{"q":2,"r":6},"to":{"q":1,"r":17},"msg":"findPath: no valid path found"}
{"level":30,"time":1774382620650,"pid":1603593,"hostname":"TempleOfZyminx","from":{"q":2,"r":6},"to":{"q":1,"r":18},"msg":"findPath: no valid path found"}
{"level":30,"time":1774382620650,"pid":1603593,"hostname":"TempleOfZyminx","from":{"q":2,"r":6},"to":{"q":1,"r":19},"msg":"findPath: no valid path found"}
{"level":30,"time":1774382620651,"pid":1603593,"hostname":"TempleOfZyminx","from":{"q":2,"r":6},"to":{"q":1,"r":20},"msg":"findPath: no valid path found"}
{"level":30,"time":1774382620651,"pid":1603593,"hostname":"TempleOfZyminx","from":{"q":2,"r":6},"to":{"q":1,"r":21},"msg":"findPath: no valid path found"}
{"level":30,"time":1774382620651,"pid":1603593,"hostname":"TempleOfZyminx","from":{"q":2,"r":6},"to":{"q":2,"r":0},"msg":"findPath: no valid path found"}
{"level":30,"time":1774382620651,"pid":1604033,"hostname":"TempleOfZyminx","scenarioId":"swamp-siege-01","role":"onion","msg":"Creating new game match"}
{"level":30,"time":1774382620651,"pid":1603593,"hostname":"TempleOfZyminx","from":{"q":2,"r":6},"to":{"q":2,"r":1},"msg":"findPath: no valid path found"}
{"level":30,"time":1774382620651,"pid":1603593,"hostname":"TempleOfZyminx","from":{"q":2,"r":6},"to":{"q":2,"r":11},"msg":"findPath: no valid path found"}
{"level":30,"time":1774382620651,"pid":1603593,"hostname":"TempleOfZyminx","from":{"q":2,"r":6},"to":{"q":2,"r":12},"msg":"findPath: no valid path found"}
{"level":30,"time":1774382620651,"pid":1603593,"hostname":"TempleOfZyminx","from":{"q":2,"r":6},"to":{"q":2,"r":13},"msg":"findPath: no valid path found"}
{"level":30,"time":1774382620652,"pid":1603593,"hostname":"TempleOfZyminx","from":{"q":2,"r":6},"to":{"q":2,"r":14},"msg":"findPath: no valid path found"}
{"level":30,"time":1774382620651,"pid":1604033,"hostname":"TempleOfZyminx","gameId":"0d3dcfc3-5720-4e6d-80d5-5cce27241301","role":"onion","msg":"Game match created"}
{"level":30,"time":1774382620652,"pid":1603593,"hostname":"TempleOfZyminx","from":{"q":2,"r":6},"to":{"q":2,"r":15},"msg":"findPath: no valid path found"}
{"level":30,"time":1774382620652,"pid":1603593,"hostname":"TempleOfZyminx","from":{"q":2,"r":6},"to":{"q":2,"r":16},"msg":"findPath: no valid path found"}
{"level":30,"time":1774382620652,"pid":1603593,"hostname":"TempleOfZyminx","from":{"q":2,"r":6},"to":{"q":2,"r":17},"msg":"findPath: no valid path found"}
{"level":30,"time":1774382620652,"pid":1603593,"hostname":"TempleOfZyminx","from":{"q":2,"r":6},"to":{"q":2,"r":18},"msg":"findPath: no valid path found"}
{"level":30,"time":1774382620652,"pid":1604033,"hostname":"TempleOfZyminx","id":"0d3dcfc3-5720-4e6d-80d5-5cce27241301","msg":"User joining game"}
{"level":30,"time":1774382620652,"pid":1604033,"hostname":"TempleOfZyminx","gameId":"0d3dcfc3-5720-4e6d-80d5-5cce27241301","role":"defender","msg":"User joined game"}
{"level":30,"time":1774382620652,"pid":1603593,"hostname":"TempleOfZyminx","from":{"q":2,"r":6},"to":{"q":2,"r":19},"msg":"findPath: no valid path found"}
{"level":30,"time":1774382620652,"pid":1603593,"hostname":"TempleOfZyminx","from":{"q":2,"r":6},"to":{"q":2,"r":20},"msg":"findPath: no valid path found"}
{"level":30,"time":1774382620652,"pid":1603593,"hostname":"TempleOfZyminx","from":{"q":2,"r":6},"to":{"q":2,"r":21},"msg":"findPath: no valid path found"}
{"level":30,"time":1774382620652,"pid":1603593,"hostname":"TempleOfZyminx","from":{"q":2,"r":6},"to":{"q":3,"r":0},"msg":"findPath: no valid path found"}
{"level":30,"time":1774382620652,"pid":1604033,"hostname":"TempleOfZyminx","id":"0d3dcfc3-5720-4e6d-80d5-5cce27241301","command":"SELF_DESTRUCT","msg":"Submitting game action"}
{"level":40,"time":1774382620653,"pid":1604033,"hostname":"TempleOfZyminx","commandType":"SELF_DESTRUCT","msg":"Unknown command type"}
{"level":30,"time":1774382620652,"pid":1603593,"hostname":"TempleOfZyminx","from":{"q":2,"r":6},"to":{"q":3,"r":1},"msg":"findPath: no valid path found"}
{"level":30,"time":1774382620653,"pid":1603593,"hostname":"TempleOfZyminx","from":{"q":2,"r":6},"to":{"q":3,"r":8},"msg":"findPath: no valid path found"}
{"level":30,"time":1774382620653,"pid":1603593,"hostname":"TempleOfZyminx","from":{"q":2,"r":6},"to":{"q":3,"r":10},"msg":"findPath: no valid path found"}
{"level":30,"time":1774382620653,"pid":1603593,"hostname":"TempleOfZyminx","from":{"q":2,"r":6},"to":{"q":3,"r":11},"msg":"findPath: no valid path found"}
{"level":30,"time":1774382620653,"pid":1603593,"hostname":"TempleOfZyminx","from":{"q":2,"r":6},"to":{"q":3,"r":12},"msg":"findPath: no valid path found"}
{"level":30,"time":1774382620653,"pid":1603593,"hostname":"TempleOfZyminx","from":{"q":2,"r":6},"to":{"q":3,"r":13},"msg":"findPath: no valid path found"}
{"level":30,"time":1774382620653,"pid":1603593,"hostname":"TempleOfZyminx","from":{"q":2,"r":6},"to":{"q":3,"r":14},"msg":"findPath: no valid path found"}
{"level":30,"time":1774382620653,"pid":1603593,"hostname":"TempleOfZyminx","from":{"q":2,"r":6},"to":{"q":3,"r":15},"msg":"findPath: no valid path found"}
{"level":30,"time":1774382620654,"pid":1603593,"hostname":"TempleOfZyminx","from":{"q":2,"r":6},"to":{"q":3,"r":16},"msg":"findPath: no valid path found"}
{"level":30,"time":1774382620654,"pid":1603593,"hostname":"TempleOfZyminx","from":{"q":2,"r":6},"to":{"q":3,"r":17},"msg":"findPath: no valid path found"}
{"level":30,"time":1774382620654,"pid":1603593,"hostname":"TempleOfZyminx","from":{"q":2,"r":6},"to":{"q":3,"r":18},"msg":"findPath: no valid path found"}
{"level":30,"time":1774382620654,"pid":1603593,"hostname":"TempleOfZyminx","from":{"q":2,"r":6},"to":{"q":3,"r":19},"msg":"findPath: no valid path found"}
{"level":30,"time":1774382620654,"pid":1603593,"hostname":"TempleOfZyminx","from":{"q":2,"r":6},"to":{"q":3,"r":20},"msg":"findPath: no valid path found"}
{"level":30,"time":1774382620654,"pid":1603593,"hostname":"TempleOfZyminx","from":{"q":2,"r":6},"to":{"q":3,"r":21},"msg":"findPath: no valid path found"}
{"level":30,"time":1774382620654,"pid":1603593,"hostname":"TempleOfZyminx","from":{"q":2,"r":6},"to":{"q":4,"r":0},"msg":"findPath: no valid path found"}
{"level":30,"time":1774382620654,"pid":1603593,"hostname":"TempleOfZyminx","from":{"q":2,"r":6},"to":{"q":4,"r":1},"msg":"findPath: no valid path found"}
{"level":30,"time":1774382620655,"pid":1603593,"hostname":"TempleOfZyminx","from":{"q":2,"r":6},"to":{"q":4,"r":8},"msg":"findPath: no valid path found"}
{"level":30,"time":1774382620655,"pid":1603593,"hostname":"TempleOfZyminx","from":{"q":2,"r":6},"to":{"q":4,"r":9},"msg":"findPath: no valid path found"}
{"level":30,"time":1774382620655,"pid":1603593,"hostname":"TempleOfZyminx","from":{"q":2,"r":6},"to":{"q":4,"r":10},"msg":"findPath: no valid path found"}
{"level":30,"time":1774382620655,"pid":1603593,"hostname":"TempleOfZyminx","from":{"q":2,"r":6},"to":{"q":4,"r":11},"msg":"findPath: no valid path found"}
{"level":30,"time":1774382620655,"pid":1603593,"hostname":"TempleOfZyminx","from":{"q":2,"r":6},"to":{"q":4,"r":12},"msg":"findPath: no valid path found"}
{"level":30,"time":1774382620655,"pid":1603593,"hostname":"TempleOfZyminx","from":{"q":2,"r":6},"to":{"q":4,"r":13},"msg":"findPath: no valid path found"}
{"level":30,"time":1774382620655,"pid":1603593,"hostname":"TempleOfZyminx","from":{"q":2,"r":6},"to":{"q":4,"r":14},"msg":"findPath: no valid path found"}
{"level":30,"time":1774382620655,"pid":1603593,"hostname":"TempleOfZyminx","from":{"q":2,"r":6},"to":{"q":4,"r":15},"msg":"findPath: no valid path found"}
{"level":30,"time":1774382620655,"pid":1603593,"hostname":"TempleOfZyminx","from":{"q":2,"r":6},"to":{"q":4,"r":16},"msg":"findPath: no valid path found"}
{"level":30,"time":1774382620656,"pid":1603593,"hostname":"TempleOfZyminx","from":{"q":2,"r":6},"to":{"q":4,"r":17},"msg":"findPath: no valid path found"}
{"level":30,"time":1774382620656,"pid":1603593,"hostname":"TempleOfZyminx","from":{"q":2,"r":6},"to":{"q":4,"r":18},"msg":"findPath: no valid path found"}
{"level":30,"time":1774382620656,"pid":1603593,"hostname":"TempleOfZyminx","from":{"q":2,"r":6},"to":{"q":4,"r":19},"msg":"findPath: no valid path found"}
{"level":30,"time":1774382620656,"pid":1603593,"hostname":"TempleOfZyminx","from":{"q":2,"r":6},"to":{"q":4,"r":20},"msg":"findPath: no valid path found"}
{"level":30,"time":1774382620656,"pid":1603593,"hostname":"TempleOfZyminx","from":{"q":2,"r":6},"to":{"q":4,"r":21},"msg":"findPath: no valid path found"}
{"level":30,"time":1774382620656,"pid":1603593,"hostname":"TempleOfZyminx","from":{"q":2,"r":6},"to":{"q":5,"r":0},"msg":"findPath: no valid path found"}
{"level":30,"time":1774382620657,"pid":1603593,"hostname":"TempleOfZyminx","from":{"q":2,"r":6},"to":{"q":5,"r":1},"msg":"findPath: no valid path found"}
{"level":30,"time":1774382620657,"pid":1603593,"hostname":"TempleOfZyminx","from":{"q":2,"r":6},"to":{"q":5,"r":2},"msg":"findPath: no valid path found"}
{"level":30,"time":1774382620657,"pid":1603593,"hostname":"TempleOfZyminx","from":{"q":2,"r":6},"to":{"q":5,"r":8},"msg":"findPath: no valid path found"}
{"level":30,"time":1774382620657,"pid":1603593,"hostname":"TempleOfZyminx","from":{"q":2,"r":6},"to":{"q":5,"r":9},"msg":"findPath: no valid path found"}
{"level":30,"time":1774382620657,"pid":1603593,"hostname":"TempleOfZyminx","from":{"q":2,"r":6},"to":{"q":5,"r":10},"msg":"findPath: no valid path found"}
{"level":30,"time":1774382620657,"pid":1603593,"hostname":"TempleOfZyminx","from":{"q":2,"r":6},"to":{"q":5,"r":11},"msg":"findPath: no valid path found"}
{"level":30,"time":1774382620657,"pid":1603593,"hostname":"TempleOfZyminx","from":{"q":2,"r":6},"to":{"q":5,"r":12},"msg":"findPath: no valid path found"}
{"level":30,"time":1774382620658,"pid":1603593,"hostname":"TempleOfZyminx","from":{"q":2,"r":6},"to":{"q":5,"r":13},"msg":"findPath: no valid path found"}
{"level":30,"time":1774382620658,"pid":1603593,"hostname":"TempleOfZyminx","from":{"q":2,"r":6},"to":{"q":5,"r":14},"msg":"findPath: no valid path found"}
{"level":30,"time":1774382620658,"pid":1603593,"hostname":"TempleOfZyminx","from":{"q":2,"r":6},"to":{"q":5,"r":15},"msg":"findPath: no valid path found"}
{"level":30,"time":1774382620658,"pid":1603593,"hostname":"TempleOfZyminx","from":{"q":2,"r":6},"to":{"q":5,"r":16},"msg":"findPath: no valid path found"}
{"level":30,"time":1774382620658,"pid":1603593,"hostname":"TempleOfZyminx","from":{"q":2,"r":6},"to":{"q":5,"r":17},"msg":"findPath: no valid path found"}
{"level":30,"time":1774382620658,"pid":1603593,"hostname":"TempleOfZyminx","from":{"q":2,"r":6},"to":{"q":5,"r":18},"msg":"findPath: no valid path found"}
{"level":30,"time":1774382620658,"pid":1603593,"hostname":"TempleOfZyminx","from":{"q":2,"r":6},"to":{"q":5,"r":19},"msg":"findPath: no valid path found"}
{"level":30,"time":1774382620659,"pid":1603593,"hostname":"TempleOfZyminx","from":{"q":2,"r":6},"to":{"q":5,"r":20},"msg":"findPath: no valid path found"}
{"level":30,"time":1774382620660,"pid":1603593,"hostname":"TempleOfZyminx","from":{"q":2,"r":6},"to":{"q":5,"r":21},"msg":"findPath: no valid path found"}
{"level":30,"time":1774382620660,"pid":1603593,"hostname":"TempleOfZyminx","from":{"q":2,"r":6},"to":{"q":6,"r":0},"msg":"findPath: no valid path found"}
{"level":30,"time":1774382620660,"pid":1603593,"hostname":"TempleOfZyminx","from":{"q":2,"r":6},"to":{"q":6,"r":1},"msg":"findPath: no valid path found"}
{"level":30,"time":1774382620660,"pid":1603593,"hostname":"TempleOfZyminx","from":{"q":2,"r":6},"to":{"q":6,"r":7},"msg":"findPath: no valid path found"}
{"level":30,"time":1774382620660,"pid":1603593,"hostname":"TempleOfZyminx","from":{"q":2,"r":6},"to":{"q":6,"r":8},"msg":"findPath: no valid path found"}
{"level":30,"time":1774382620660,"pid":1603593,"hostname":"TempleOfZyminx","from":{"q":2,"r":6},"to":{"q":6,"r":9},"msg":"findPath: no valid path found"}
{"level":30,"time":1774382620661,"pid":1603593,"hostname":"TempleOfZyminx","from":{"q":2,"r":6},"to":{"q":6,"r":10},"msg":"findPath: no valid path found"}
{"level":30,"time":1774382620661,"pid":1603593,"hostname":"TempleOfZyminx","from":{"q":2,"r":6},"to":{"q":6,"r":11},"msg":"findPath: no valid path found"}
{"level":30,"time":1774382620661,"pid":1603593,"hostname":"TempleOfZyminx","from":{"q":2,"r":6},"to":{"q":6,"r":12},"msg":"findPath: no valid path found"}
{"level":30,"time":1774382620661,"pid":1603593,"hostname":"TempleOfZyminx","from":{"q":2,"r":6},"to":{"q":6,"r":13},"msg":"findPath: no valid path found"}
{"level":30,"time":1774382620661,"pid":1603593,"hostname":"TempleOfZyminx","from":{"q":2,"r":6},"to":{"q":6,"r":14},"msg":"findPath: no valid path found"}
{"level":30,"time":1774382620661,"pid":1603593,"hostname":"TempleOfZyminx","from":{"q":2,"r":6},"to":{"q":6,"r":15},"msg":"findPath: no valid path found"}
{"level":30,"time":1774382620661,"pid":1603593,"hostname":"TempleOfZyminx","from":{"q":2,"r":6},"to":{"q":6,"r":16},"msg":"findPath: no valid path found"}
{"level":30,"time":1774382620661,"pid":1603593,"hostname":"TempleOfZyminx","from":{"q":2,"r":6},"to":{"q":6,"r":17},"msg":"findPath: no valid path found"}
{"level":30,"time":1774382620661,"pid":1603593,"hostname":"TempleOfZyminx","from":{"q":2,"r":6},"to":{"q":6,"r":18},"msg":"findPath: no valid path found"}
{"level":30,"time":1774382620661,"pid":1603593,"hostname":"TempleOfZyminx","from":{"q":2,"r":6},"to":{"q":6,"r":19},"msg":"findPath: no valid path found"}
{"level":30,"time":1774382620662,"pid":1603593,"hostname":"TempleOfZyminx","from":{"q":2,"r":6},"to":{"q":6,"r":20},"msg":"findPath: no valid path found"}
{"level":30,"time":1774382620662,"pid":1603593,"hostname":"TempleOfZyminx","from":{"q":2,"r":6},"to":{"q":6,"r":21},"msg":"findPath: no valid path found"}
{"level":30,"time":1774382620662,"pid":1603593,"hostname":"TempleOfZyminx","from":{"q":2,"r":6},"to":{"q":7,"r":0},"msg":"findPath: no valid path found"}
{"level":30,"time":1774382620662,"pid":1603593,"hostname":"TempleOfZyminx","from":{"q":2,"r":6},"to":{"q":7,"r":1},"msg":"findPath: no valid path found"}
{"level":30,"time":1774382620662,"pid":1603593,"hostname":"TempleOfZyminx","from":{"q":2,"r":6},"to":{"q":7,"r":2},"msg":"findPath: no valid path found"}
{"level":30,"time":1774382620662,"pid":1603593,"hostname":"TempleOfZyminx","from":{"q":2,"r":6},"to":{"q":7,"r":4},"msg":"findPath: no valid path found"}
{"level":30,"time":1774382620663,"pid":1603593,"hostname":"TempleOfZyminx","from":{"q":2,"r":6},"to":{"q":7,"r":5},"msg":"findPath: no valid path found"}
{"level":30,"time":1774382620663,"pid":1603593,"hostname":"TempleOfZyminx","from":{"q":2,"r":6},"to":{"q":7,"r":6},"msg":"findPath: no valid path found"}
{"level":30,"time":1774382620663,"pid":1603593,"hostname":"TempleOfZyminx","from":{"q":2,"r":6},"to":{"q":7,"r":7},"msg":"findPath: no valid path found"}
{"level":30,"time":1774382620663,"pid":1603593,"hostname":"TempleOfZyminx","from":{"q":2,"r":6},"to":{"q":7,"r":8},"msg":"findPath: no valid path found"}
{"level":30,"time":1774382620663,"pid":1603593,"hostname":"TempleOfZyminx","from":{"q":2,"r":6},"to":{"q":7,"r":9},"msg":"findPath: no valid path found"}
{"level":30,"time":1774382620663,"pid":1603593,"hostname":"TempleOfZyminx","from":{"q":2,"r":6},"to":{"q":7,"r":10},"msg":"findPath: no valid path found"}
{"level":30,"time":1774382620663,"pid":1603593,"hostname":"TempleOfZyminx","from":{"q":2,"r":6},"to":{"q":7,"r":11},"msg":"findPath: no valid path found"}
{"level":30,"time":1774382620663,"pid":1603593,"hostname":"TempleOfZyminx","from":{"q":2,"r":6},"to":{"q":7,"r":12},"msg":"findPath: no valid path found"}
{"level":30,"time":1774382620664,"pid":1603593,"hostname":"TempleOfZyminx","from":{"q":2,"r":6},"to":{"q":7,"r":13},"msg":"findPath: no valid path found"}
{"level":30,"time":1774382620664,"pid":1603593,"hostname":"TempleOfZyminx","from":{"q":2,"r":6},"to":{"q":7,"r":14},"msg":"findPath: no valid path found"}
{"level":30,"time":1774382620664,"pid":1603593,"hostname":"TempleOfZyminx","from":{"q":2,"r":6},"to":{"q":7,"r":15},"msg":"findPath: no valid path found"}
{"level":30,"time":1774382620664,"pid":1603593,"hostname":"TempleOfZyminx","from":{"q":2,"r":6},"to":{"q":7,"r":16},"msg":"findPath: no valid path found"}
{"level":30,"time":1774382620664,"pid":1603593,"hostname":"TempleOfZyminx","from":{"q":2,"r":6},"to":{"q":7,"r":17},"msg":"findPath: no valid path found"}
{"level":30,"time":1774382620664,"pid":1603593,"hostname":"TempleOfZyminx","from":{"q":2,"r":6},"to":{"q":7,"r":18},"msg":"findPath: no valid path found"}
{"level":30,"time":1774382620664,"pid":1603593,"hostname":"TempleOfZyminx","from":{"q":2,"r":6},"to":{"q":7,"r":19},"msg":"findPath: no valid path found"}
{"level":30,"time":1774382620664,"pid":1603593,"hostname":"TempleOfZyminx","from":{"q":2,"r":6},"to":{"q":7,"r":20},"msg":"findPath: no valid path found"}
{"level":30,"time":1774382620664,"pid":1603593,"hostname":"TempleOfZyminx","from":{"q":2,"r":6},"to":{"q":7,"r":21},"msg":"findPath: no valid path found"}
{"level":30,"time":1774382620664,"pid":1603593,"hostname":"TempleOfZyminx","from":{"q":2,"r":6},"to":{"q":8,"r":0},"msg":"findPath: no valid path found"}
{"level":30,"time":1774382620664,"pid":1603593,"hostname":"TempleOfZyminx","from":{"q":2,"r":6},"to":{"q":8,"r":1},"msg":"findPath: no valid path found"}
{"level":30,"time":1774382620664,"pid":1603593,"hostname":"TempleOfZyminx","from":{"q":2,"r":6},"to":{"q":8,"r":2},"msg":"findPath: no valid path found"}
{"level":30,"time":1774382620664,"pid":1603593,"hostname":"TempleOfZyminx","from":{"q":2,"r":6},"to":{"q":8,"r":3},"msg":"findPath: no valid path found"}
{"level":30,"time":1774382620664,"pid":1603593,"hostname":"TempleOfZyminx","from":{"q":2,"r":6},"to":{"q":8,"r":4},"msg":"findPath: no valid path found"}
{"level":30,"time":1774382620664,"pid":1603593,"hostname":"TempleOfZyminx","from":{"q":2,"r":6},"to":{"q":8,"r":5},"msg":"findPath: no valid path found"}
{"level":30,"time":1774382620665,"pid":1603593,"hostname":"TempleOfZyminx","from":{"q":2,"r":6},"to":{"q":8,"r":6},"msg":"findPath: no valid path found"}
{"level":30,"time":1774382620665,"pid":1603593,"hostname":"TempleOfZyminx","from":{"q":2,"r":6},"to":{"q":8,"r":7},"msg":"findPath: no valid path found"}
{"level":30,"time":1774382620665,"pid":1603593,"hostname":"TempleOfZyminx","from":{"q":2,"r":6},"to":{"q":8,"r":8},"msg":"findPath: no valid path found"}
{"level":30,"time":1774382620665,"pid":1603593,"hostname":"TempleOfZyminx","from":{"q":2,"r":6},"to":{"q":8,"r":9},"msg":"findPath: no valid path found"}
{"level":30,"time":1774382620665,"pid":1603593,"hostname":"TempleOfZyminx","from":{"q":2,"r":6},"to":{"q":8,"r":10},"msg":"findPath: no valid path found"}
{"level":30,"time":1774382620665,"pid":1603593,"hostname":"TempleOfZyminx","from":{"q":2,"r":6},"to":{"q":8,"r":11},"msg":"findPath: no valid path found"}
{"level":30,"time":1774382620665,"pid":1603593,"hostname":"TempleOfZyminx","from":{"q":2,"r":6},"to":{"q":8,"r":12},"msg":"findPath: no valid path found"}
{"level":30,"time":1774382620665,"pid":1603593,"hostname":"TempleOfZyminx","from":{"q":2,"r":6},"to":{"q":8,"r":13},"msg":"findPath: no valid path found"}
{"level":30,"time":1774382620665,"pid":1603593,"hostname":"TempleOfZyminx","from":{"q":2,"r":6},"to":{"q":8,"r":14},"msg":"findPath: no valid path found"}
{"level":30,"time":1774382620665,"pid":1603593,"hostname":"TempleOfZyminx","from":{"q":2,"r":6},"to":{"q":8,"r":15},"msg":"findPath: no valid path found"}
{"level":30,"time":1774382620665,"pid":1603593,"hostname":"TempleOfZyminx","from":{"q":2,"r":6},"to":{"q":8,"r":16},"msg":"findPath: no valid path found"}
{"level":30,"time":1774382620665,"pid":1603593,"hostname":"TempleOfZyminx","from":{"q":2,"r":6},"to":{"q":8,"r":17},"msg":"findPath: no valid path found"}
{"level":30,"time":1774382620665,"pid":1603593,"hostname":"TempleOfZyminx","from":{"q":2,"r":6},"to":{"q":8,"r":18},"msg":"findPath: no valid path found"}
{"level":30,"time":1774382620665,"pid":1603593,"hostname":"TempleOfZyminx","from":{"q":2,"r":6},"to":{"q":8,"r":19},"msg":"findPath: no valid path found"}
{"level":30,"time":1774382620665,"pid":1603593,"hostname":"TempleOfZyminx","from":{"q":2,"r":6},"to":{"q":8,"r":20},"msg":"findPath: no valid path found"}
{"level":30,"time":1774382620665,"pid":1603593,"hostname":"TempleOfZyminx","from":{"q":2,"r":6},"to":{"q":8,"r":21},"msg":"findPath: no valid path found"}
{"level":30,"time":1774382620665,"pid":1603593,"hostname":"TempleOfZyminx","from":{"q":2,"r":6},"to":{"q":9,"r":0},"msg":"findPath: no valid path found"}
{"level":30,"time":1774382620666,"pid":1603593,"hostname":"TempleOfZyminx","from":{"q":2,"r":6},"to":{"q":9,"r":1},"msg":"findPath: no valid path found"}
{"level":30,"time":1774382620666,"pid":1603593,"hostname":"TempleOfZyminx","from":{"q":2,"r":6},"to":{"q":9,"r":2},"msg":"findPath: no valid path found"}
{"level":30,"time":1774382620666,"pid":1603593,"hostname":"TempleOfZyminx","from":{"q":2,"r":6},"to":{"q":9,"r":3},"msg":"findPath: no valid path found"}
{"level":30,"time":1774382620666,"pid":1603593,"hostname":"TempleOfZyminx","from":{"q":2,"r":6},"to":{"q":9,"r":4},"msg":"findPath: no valid path found"}
{"level":30,"time":1774382620666,"pid":1603593,"hostname":"TempleOfZyminx","from":{"q":2,"r":6},"to":{"q":9,"r":5},"msg":"findPath: no valid path found"}
{"level":30,"time":1774382620666,"pid":1603593,"hostname":"TempleOfZyminx","from":{"q":2,"r":6},"to":{"q":9,"r":6},"msg":"findPath: no valid path found"}
{"level":30,"time":1774382620666,"pid":1603593,"hostname":"TempleOfZyminx","from":{"q":2,"r":6},"to":{"q":9,"r":7},"msg":"findPath: no valid path found"}
{"level":30,"time":1774382620666,"pid":1603593,"hostname":"TempleOfZyminx","from":{"q":2,"r":6},"to":{"q":9,"r":8},"msg":"findPath: no valid path found"}
{"level":30,"time":1774382620666,"pid":1603593,"hostname":"TempleOfZyminx","from":{"q":2,"r":6},"to":{"q":9,"r":9},"msg":"findPath: no valid path found"}
{"level":30,"time":1774382620666,"pid":1603593,"hostname":"TempleOfZyminx","from":{"q":2,"r":6},"to":{"q":9,"r":10},"msg":"findPath: no valid path found"}
{"level":30,"time":1774382620666,"pid":1603593,"hostname":"TempleOfZyminx","from":{"q":2,"r":6},"to":{"q":9,"r":11},"msg":"findPath: no valid path found"}
{"level":30,"time":1774382620667,"pid":1603593,"hostname":"TempleOfZyminx","from":{"q":2,"r":6},"to":{"q":9,"r":12},"msg":"findPath: no valid path found"}
{"level":30,"time":1774382620667,"pid":1603593,"hostname":"TempleOfZyminx","from":{"q":2,"r":6},"to":{"q":9,"r":13},"msg":"findPath: no valid path found"}
{"level":30,"time":1774382620667,"pid":1603593,"hostname":"TempleOfZyminx","from":{"q":2,"r":6},"to":{"q":9,"r":14},"msg":"findPath: no valid path found"}
{"level":30,"time":1774382620667,"pid":1603593,"hostname":"TempleOfZyminx","from":{"q":2,"r":6},"to":{"q":9,"r":15},"msg":"findPath: no valid path found"}
{"level":30,"time":1774382620667,"pid":1603593,"hostname":"TempleOfZyminx","from":{"q":2,"r":6},"to":{"q":9,"r":16},"msg":"findPath: no valid path found"}
{"level":30,"time":1774382620667,"pid":1603593,"hostname":"TempleOfZyminx","from":{"q":2,"r":6},"to":{"q":9,"r":17},"msg":"findPath: no valid path found"}
{"level":30,"time":1774382620667,"pid":1603593,"hostname":"TempleOfZyminx","from":{"q":2,"r":6},"to":{"q":9,"r":18},"msg":"findPath: no valid path found"}
{"level":30,"time":1774382620667,"pid":1603593,"hostname":"TempleOfZyminx","from":{"q":2,"r":6},"to":{"q":9,"r":19},"msg":"findPath: no valid path found"}
{"level":30,"time":1774382620667,"pid":1603593,"hostname":"TempleOfZyminx","from":{"q":2,"r":6},"to":{"q":9,"r":20},"msg":"findPath: no valid path found"}
{"level":30,"time":1774382620667,"pid":1603593,"hostname":"TempleOfZyminx","from":{"q":2,"r":6},"to":{"q":9,"r":21},"msg":"findPath: no valid path found"}
{"level":30,"time":1774382620667,"pid":1603593,"hostname":"TempleOfZyminx","from":{"q":2,"r":6},"to":{"q":10,"r":0},"msg":"findPath: no valid path found"}
{"level":30,"time":1774382620667,"pid":1603593,"hostname":"TempleOfZyminx","from":{"q":2,"r":6},"to":{"q":10,"r":1},"msg":"findPath: no valid path found"}
{"level":30,"time":1774382620667,"pid":1603593,"hostname":"TempleOfZyminx","from":{"q":2,"r":6},"to":{"q":10,"r":2},"msg":"findPath: no valid path found"}
{"level":30,"time":1774382620668,"pid":1603593,"hostname":"TempleOfZyminx","from":{"q":2,"r":6},"to":{"q":10,"r":3},"msg":"findPath: no valid path found"}
{"level":30,"time":1774382620668,"pid":1603593,"hostname":"TempleOfZyminx","from":{"q":2,"r":6},"to":{"q":10,"r":4},"msg":"findPath: no valid path found"}
{"level":30,"time":1774382620668,"pid":1603593,"hostname":"TempleOfZyminx","from":{"q":2,"r":6},"to":{"q":10,"r":5},"msg":"findPath: no valid path found"}
{"level":30,"time":1774382620668,"pid":1603593,"hostname":"TempleOfZyminx","from":{"q":2,"r":6},"to":{"q":10,"r":6},"msg":"findPath: no valid path found"}
{"level":30,"time":1774382620668,"pid":1603593,"hostname":"TempleOfZyminx","from":{"q":2,"r":6},"to":{"q":10,"r":7},"msg":"findPath: no valid path found"}
{"level":30,"time":1774382620668,"pid":1603593,"hostname":"TempleOfZyminx","from":{"q":2,"r":6},"to":{"q":10,"r":8},"msg":"findPath: no valid path found"}
{"level":30,"time":1774382620668,"pid":1603593,"hostname":"TempleOfZyminx","from":{"q":2,"r":6},"to":{"q":10,"r":9},"msg":"findPath: no valid path found"}
{"level":30,"time":1774382620668,"pid":1603593,"hostname":"TempleOfZyminx","from":{"q":2,"r":6},"to":{"q":10,"r":10},"msg":"findPath: no valid path found"}
{"level":30,"time":1774382620668,"pid":1603593,"hostname":"TempleOfZyminx","from":{"q":2,"r":6},"to":{"q":10,"r":11},"msg":"findPath: no valid path found"}
{"level":30,"time":1774382620668,"pid":1603593,"hostname":"TempleOfZyminx","from":{"q":2,"r":6},"to":{"q":10,"r":12},"msg":"findPath: no valid path found"}
{"level":30,"time":1774382620668,"pid":1603593,"hostname":"TempleOfZyminx","from":{"q":2,"r":6},"to":{"q":10,"r":13},"msg":"findPath: no valid path found"}
{"level":30,"time":1774382620668,"pid":1603593,"hostname":"TempleOfZyminx","from":{"q":2,"r":6},"to":{"q":10,"r":14},"msg":"findPath: no valid path found"}
{"level":30,"time":1774382620668,"pid":1603593,"hostname":"TempleOfZyminx","from":{"q":2,"r":6},"to":{"q":10,"r":15},"msg":"findPath: no valid path found"}
{"level":30,"time":1774382620668,"pid":1603593,"hostname":"TempleOfZyminx","from":{"q":2,"r":6},"to":{"q":10,"r":16},"msg":"findPath: no valid path found"}
{"level":30,"time":1774382620669,"pid":1603593,"hostname":"TempleOfZyminx","from":{"q":2,"r":6},"to":{"q":10,"r":17},"msg":"findPath: no valid path found"}
{"level":30,"time":1774382620669,"pid":1603593,"hostname":"TempleOfZyminx","from":{"q":2,"r":6},"to":{"q":10,"r":18},"msg":"findPath: no valid path found"}
{"level":30,"time":1774382620669,"pid":1603593,"hostname":"TempleOfZyminx","from":{"q":2,"r":6},"to":{"q":10,"r":19},"msg":"findPath: no valid path found"}
{"level":30,"time":1774382620669,"pid":1603593,"hostname":"TempleOfZyminx","from":{"q":2,"r":6},"to":{"q":10,"r":20},"msg":"findPath: no valid path found"}
{"level":30,"time":1774382620669,"pid":1603593,"hostname":"TempleOfZyminx","from":{"q":2,"r":6},"to":{"q":10,"r":21},"msg":"findPath: no valid path found"}
{"level":30,"time":1774382620669,"pid":1603593,"hostname":"TempleOfZyminx","from":{"q":2,"r":6},"to":{"q":11,"r":0},"msg":"findPath: no valid path found"}
{"level":30,"time":1774382620669,"pid":1603593,"hostname":"TempleOfZyminx","from":{"q":2,"r":6},"to":{"q":11,"r":1},"msg":"findPath: no valid path found"}
{"level":30,"time":1774382620669,"pid":1603593,"hostname":"TempleOfZyminx","from":{"q":2,"r":6},"to":{"q":11,"r":2},"msg":"findPath: no valid path found"}
{"level":30,"time":1774382620669,"pid":1603593,"hostname":"TempleOfZyminx","from":{"q":2,"r":6},"to":{"q":11,"r":3},"msg":"findPath: no valid path found"}
{"level":30,"time":1774382620669,"pid":1603593,"hostname":"TempleOfZyminx","from":{"q":2,"r":6},"to":{"q":11,"r":4},"msg":"findPath: no valid path found"}
{"level":30,"time":1774382620669,"pid":1603593,"hostname":"TempleOfZyminx","from":{"q":2,"r":6},"to":{"q":11,"r":5},"msg":"findPath: no valid path found"}
{"level":30,"time":1774382620669,"pid":1603593,"hostname":"TempleOfZyminx","from":{"q":2,"r":6},"to":{"q":11,"r":6},"msg":"findPath: no valid path found"}
{"level":30,"time":1774382620669,"pid":1603593,"hostname":"TempleOfZyminx","from":{"q":2,"r":6},"to":{"q":11,"r":7},"msg":"findPath: no valid path found"}
{"level":30,"time":1774382620670,"pid":1603593,"hostname":"TempleOfZyminx","from":{"q":2,"r":6},"to":{"q":11,"r":8},"msg":"findPath: no valid path found"}
{"level":30,"time":1774382620670,"pid":1603593,"hostname":"TempleOfZyminx","from":{"q":2,"r":6},"to":{"q":11,"r":9},"msg":"findPath: no valid path found"}
{"level":30,"time":1774382620670,"pid":1603593,"hostname":"TempleOfZyminx","from":{"q":2,"r":6},"to":{"q":11,"r":10},"msg":"findPath: no valid path found"}
{"level":30,"time":1774382620670,"pid":1603593,"hostname":"TempleOfZyminx","from":{"q":2,"r":6},"to":{"q":11,"r":11},"msg":"findPath: no valid path found"}
{"level":30,"time":1774382620670,"pid":1603593,"hostname":"TempleOfZyminx","from":{"q":2,"r":6},"to":{"q":11,"r":12},"msg":"findPath: no valid path found"}
{"level":30,"time":1774382620670,"pid":1603593,"hostname":"TempleOfZyminx","from":{"q":2,"r":6},"to":{"q":11,"r":13},"msg":"findPath: no valid path found"}
{"level":30,"time":1774382620670,"pid":1603593,"hostname":"TempleOfZyminx","from":{"q":2,"r":6},"to":{"q":11,"r":14},"msg":"findPath: no valid path found"}
{"level":30,"time":1774382620670,"pid":1603593,"hostname":"TempleOfZyminx","from":{"q":2,"r":6},"to":{"q":11,"r":15},"msg":"findPath: no valid path found"}
{"level":30,"time":1774382620670,"pid":1603593,"hostname":"TempleOfZyminx","from":{"q":2,"r":6},"to":{"q":11,"r":16},"msg":"findPath: no valid path found"}
{"level":30,"time":1774382620670,"pid":1603593,"hostname":"TempleOfZyminx","from":{"q":2,"r":6},"to":{"q":11,"r":17},"msg":"findPath: no valid path found"}
{"level":30,"time":1774382620670,"pid":1603593,"hostname":"TempleOfZyminx","from":{"q":2,"r":6},"to":{"q":11,"r":18},"msg":"findPath: no valid path found"}
{"level":30,"time":1774382620671,"pid":1603593,"hostname":"TempleOfZyminx","from":{"q":2,"r":6},"to":{"q":11,"r":19},"msg":"findPath: no valid path found"}
{"level":30,"time":1774382620671,"pid":1603593,"hostname":"TempleOfZyminx","from":{"q":2,"r":6},"to":{"q":11,"r":20},"msg":"findPath: no valid path found"}
{"level":30,"time":1774382620671,"pid":1603593,"hostname":"TempleOfZyminx","from":{"q":2,"r":6},"to":{"q":11,"r":21},"msg":"findPath: no valid path found"}
{"level":30,"time":1774382620671,"pid":1603593,"hostname":"TempleOfZyminx","from":{"q":2,"r":6},"to":{"q":12,"r":0},"msg":"findPath: no valid path found"}
{"level":30,"time":1774382620671,"pid":1603593,"hostname":"TempleOfZyminx","from":{"q":2,"r":6},"to":{"q":12,"r":1},"msg":"findPath: no valid path found"}
{"level":30,"time":1774382620671,"pid":1603593,"hostname":"TempleOfZyminx","from":{"q":2,"r":6},"to":{"q":12,"r":2},"msg":"findPath: no valid path found"}
{"level":30,"time":1774382620671,"pid":1603593,"hostname":"TempleOfZyminx","from":{"q":2,"r":6},"to":{"q":12,"r":3},"msg":"findPath: no valid path found"}
{"level":30,"time":1774382620671,"pid":1603593,"hostname":"TempleOfZyminx","from":{"q":2,"r":6},"to":{"q":12,"r":4},"msg":"findPath: no valid path found"}
{"level":30,"time":1774382620671,"pid":1603593,"hostname":"TempleOfZyminx","from":{"q":2,"r":6},"to":{"q":12,"r":5},"msg":"findPath: no valid path found"}
{"level":30,"time":1774382620671,"pid":1603593,"hostname":"TempleOfZyminx","from":{"q":2,"r":6},"to":{"q":12,"r":6},"msg":"findPath: no valid path found"}
{"level":30,"time":1774382620672,"pid":1603593,"hostname":"TempleOfZyminx","from":{"q":2,"r":6},"to":{"q":12,"r":7},"msg":"findPath: no valid path found"}
{"level":30,"time":1774382620672,"pid":1603593,"hostname":"TempleOfZyminx","from":{"q":2,"r":6},"to":{"q":12,"r":8},"msg":"findPath: no valid path found"}
{"level":30,"time":1774382620672,"pid":1603593,"hostname":"TempleOfZyminx","from":{"q":2,"r":6},"to":{"q":12,"r":9},"msg":"findPath: no valid path found"}
{"level":30,"time":1774382620672,"pid":1603593,"hostname":"TempleOfZyminx","from":{"q":2,"r":6},"to":{"q":12,"r":10},"msg":"findPath: no valid path found"}
{"level":30,"time":1774382620672,"pid":1603593,"hostname":"TempleOfZyminx","from":{"q":2,"r":6},"to":{"q":12,"r":11},"msg":"findPath: no valid path found"}
{"level":30,"time":1774382620672,"pid":1603593,"hostname":"TempleOfZyminx","from":{"q":2,"r":6},"to":{"q":12,"r":12},"msg":"findPath: no valid path found"}
{"level":30,"time":1774382620672,"pid":1603593,"hostname":"TempleOfZyminx","from":{"q":2,"r":6},"to":{"q":12,"r":13},"msg":"findPath: no valid path found"}
{"level":30,"time":1774382620672,"pid":1603593,"hostname":"TempleOfZyminx","from":{"q":2,"r":6},"to":{"q":12,"r":14},"msg":"findPath: no valid path found"}
{"level":30,"time":1774382620672,"pid":1603593,"hostname":"TempleOfZyminx","from":{"q":2,"r":6},"to":{"q":12,"r":15},"msg":"findPath: no valid path found"}
{"level":30,"time":1774382620672,"pid":1603593,"hostname":"TempleOfZyminx","from":{"q":2,"r":6},"to":{"q":12,"r":16},"msg":"findPath: no valid path found"}
{"level":30,"time":1774382620672,"pid":1603593,"hostname":"TempleOfZyminx","from":{"q":2,"r":6},"to":{"q":12,"r":17},"msg":"findPath: no valid path found"}
{"level":30,"time":1774382620673,"pid":1603593,"hostname":"TempleOfZyminx","from":{"q":2,"r":6},"to":{"q":12,"r":18},"msg":"findPath: no valid path found"}
{"level":30,"time":1774382620673,"pid":1603593,"hostname":"TempleOfZyminx","from":{"q":2,"r":6},"to":{"q":12,"r":19},"msg":"findPath: no valid path found"}
{"level":30,"time":1774382620673,"pid":1603593,"hostname":"TempleOfZyminx","from":{"q":2,"r":6},"to":{"q":12,"r":20},"msg":"findPath: no valid path found"}
{"level":30,"time":1774382620673,"pid":1603593,"hostname":"TempleOfZyminx","from":{"q":2,"r":6},"to":{"q":12,"r":21},"msg":"findPath: no valid path found"}
{"level":30,"time":1774382620673,"pid":1603593,"hostname":"TempleOfZyminx","from":{"q":2,"r":6},"to":{"q":13,"r":0},"msg":"findPath: no valid path found"}
{"level":30,"time":1774382620673,"pid":1603593,"hostname":"TempleOfZyminx","from":{"q":2,"r":6},"to":{"q":13,"r":1},"msg":"findPath: no valid path found"}
{"level":30,"time":1774382620673,"pid":1603593,"hostname":"TempleOfZyminx","from":{"q":2,"r":6},"to":{"q":13,"r":2},"msg":"findPath: no valid path found"}
{"level":30,"time":1774382620673,"pid":1603593,"hostname":"TempleOfZyminx","from":{"q":2,"r":6},"to":{"q":13,"r":3},"msg":"findPath: no valid path found"}
{"level":30,"time":1774382620673,"pid":1603593,"hostname":"TempleOfZyminx","from":{"q":2,"r":6},"to":{"q":13,"r":4},"msg":"findPath: no valid path found"}
{"level":30,"time":1774382620673,"pid":1603593,"hostname":"TempleOfZyminx","from":{"q":2,"r":6},"to":{"q":13,"r":5},"msg":"findPath: no valid path found"}
{"level":30,"time":1774382620673,"pid":1603593,"hostname":"TempleOfZyminx","from":{"q":2,"r":6},"to":{"q":13,"r":6},"msg":"findPath: no valid path found"}
{"level":30,"time":1774382620673,"pid":1603593,"hostname":"TempleOfZyminx","from":{"q":2,"r":6},"to":{"q":13,"r":7},"msg":"findPath: no valid path found"}
{"level":30,"time":1774382620674,"pid":1603593,"hostname":"TempleOfZyminx","from":{"q":2,"r":6},"to":{"q":13,"r":8},"msg":"findPath: no valid path found"}
{"level":30,"time":1774382620674,"pid":1603593,"hostname":"TempleOfZyminx","from":{"q":2,"r":6},"to":{"q":13,"r":9},"msg":"findPath: no valid path found"}
{"level":30,"time":1774382620674,"pid":1603593,"hostname":"TempleOfZyminx","from":{"q":2,"r":6},"to":{"q":13,"r":10},"msg":"findPath: no valid path found"}
{"level":30,"time":1774382620674,"pid":1603593,"hostname":"TempleOfZyminx","from":{"q":2,"r":6},"to":{"q":13,"r":11},"msg":"findPath: no valid path found"}
{"level":30,"time":1774382620674,"pid":1603593,"hostname":"TempleOfZyminx","from":{"q":2,"r":6},"to":{"q":13,"r":12},"msg":"findPath: no valid path found"}
{"level":30,"time":1774382620674,"pid":1603593,"hostname":"TempleOfZyminx","from":{"q":2,"r":6},"to":{"q":13,"r":13},"msg":"findPath: no valid path found"}
{"level":30,"time":1774382620674,"pid":1603593,"hostname":"TempleOfZyminx","from":{"q":2,"r":6},"to":{"q":13,"r":14},"msg":"findPath: no valid path found"}
{"level":30,"time":1774382620674,"pid":1603593,"hostname":"TempleOfZyminx","from":{"q":2,"r":6},"to":{"q":13,"r":15},"msg":"findPath: no valid path found"}
{"level":30,"time":1774382620674,"pid":1603593,"hostname":"TempleOfZyminx","from":{"q":2,"r":6},"to":{"q":13,"r":16},"msg":"findPath: no valid path found"}
{"level":30,"time":1774382620674,"pid":1603593,"hostname":"TempleOfZyminx","from":{"q":2,"r":6},"to":{"q":13,"r":17},"msg":"findPath: no valid path found"}
{"level":30,"time":1774382620674,"pid":1603593,"hostname":"TempleOfZyminx","from":{"q":2,"r":6},"to":{"q":13,"r":18},"msg":"findPath: no valid path found"}
{"level":30,"time":1774382620674,"pid":1603593,"hostname":"TempleOfZyminx","from":{"q":2,"r":6},"to":{"q":13,"r":19},"msg":"findPath: no valid path found"}
{"level":30,"time":1774382620674,"pid":1603593,"hostname":"TempleOfZyminx","from":{"q":2,"r":6},"to":{"q":13,"r":20},"msg":"findPath: no valid path found"}
{"level":30,"time":1774382620675,"pid":1603593,"hostname":"TempleOfZyminx","from":{"q":2,"r":6},"to":{"q":13,"r":21},"msg":"findPath: no valid path found"}
{"level":30,"time":1774382620675,"pid":1603593,"hostname":"TempleOfZyminx","from":{"q":2,"r":6},"to":{"q":14,"r":0},"msg":"findPath: no valid path found"}
{"level":30,"time":1774382620675,"pid":1603593,"hostname":"TempleOfZyminx","from":{"q":2,"r":6},"to":{"q":14,"r":1},"msg":"findPath: no valid path found"}
{"level":30,"time":1774382620675,"pid":1603593,"hostname":"TempleOfZyminx","from":{"q":2,"r":6},"to":{"q":14,"r":2},"msg":"findPath: no valid path found"}
{"level":30,"time":1774382620675,"pid":1603593,"hostname":"TempleOfZyminx","from":{"q":2,"r":6},"to":{"q":14,"r":3},"msg":"findPath: no valid path found"}
{"level":30,"time":1774382620675,"pid":1603593,"hostname":"TempleOfZyminx","from":{"q":2,"r":6},"to":{"q":14,"r":4},"msg":"findPath: no valid path found"}
{"level":30,"time":1774382620675,"pid":1603593,"hostname":"TempleOfZyminx","from":{"q":2,"r":6},"to":{"q":14,"r":5},"msg":"findPath: no valid path found"}
{"level":30,"time":1774382620675,"pid":1603593,"hostname":"TempleOfZyminx","from":{"q":2,"r":6},"to":{"q":14,"r":6},"msg":"findPath: no valid path found"}
{"level":30,"time":1774382620675,"pid":1603593,"hostname":"TempleOfZyminx","from":{"q":2,"r":6},"to":{"q":14,"r":7},"msg":"findPath: no valid path found"}
{"level":30,"time":1774382620675,"pid":1603593,"hostname":"TempleOfZyminx","from":{"q":2,"r":6},"to":{"q":14,"r":8},"msg":"findPath: no valid path found"}
{"level":30,"time":1774382620675,"pid":1603593,"hostname":"TempleOfZyminx","from":{"q":2,"r":6},"to":{"q":14,"r":9},"msg":"findPath: no valid path found"}
{"level":30,"time":1774382620675,"pid":1603593,"hostname":"TempleOfZyminx","from":{"q":2,"r":6},"to":{"q":14,"r":10},"msg":"findPath: no valid path found"}
{"level":30,"time":1774382620675,"pid":1603593,"hostname":"TempleOfZyminx","from":{"q":2,"r":6},"to":{"q":14,"r":11},"msg":"findPath: no valid path found"}
{"level":30,"time":1774382620675,"pid":1603593,"hostname":"TempleOfZyminx","from":{"q":2,"r":6},"to":{"q":14,"r":12},"msg":"findPath: no valid path found"}
{"level":30,"time":1774382620675,"pid":1603593,"hostname":"TempleOfZyminx","from":{"q":2,"r":6},"to":{"q":14,"r":13},"msg":"findPath: no valid path found"}
{"level":30,"time":1774382620675,"pid":1603593,"hostname":"TempleOfZyminx","from":{"q":2,"r":6},"to":{"q":14,"r":14},"msg":"findPath: no valid path found"}
{"level":30,"time":1774382620676,"pid":1603593,"hostname":"TempleOfZyminx","from":{"q":2,"r":6},"to":{"q":14,"r":15},"msg":"findPath: no valid path found"}
{"level":30,"time":1774382620676,"pid":1603593,"hostname":"TempleOfZyminx","from":{"q":2,"r":6},"to":{"q":14,"r":16},"msg":"findPath: no valid path found"}
{"level":30,"time":1774382620676,"pid":1603593,"hostname":"TempleOfZyminx","from":{"q":2,"r":6},"to":{"q":14,"r":17},"msg":"findPath: no valid path found"}
{"level":30,"time":1774382620676,"pid":1603593,"hostname":"TempleOfZyminx","from":{"q":2,"r":6},"to":{"q":14,"r":18},"msg":"findPath: no valid path found"}
{"level":30,"time":1774382620676,"pid":1603593,"hostname":"TempleOfZyminx","from":{"q":2,"r":6},"to":{"q":14,"r":19},"msg":"findPath: no valid path found"}
{"level":30,"time":1774382620676,"pid":1603593,"hostname":"TempleOfZyminx","from":{"q":2,"r":6},"to":{"q":14,"r":20},"msg":"findPath: no valid path found"}
{"level":30,"time":1774382620676,"pid":1603593,"hostname":"TempleOfZyminx","from":{"q":2,"r":6},"to":{"q":14,"r":21},"msg":"findPath: no valid path found"}
{"level":30,"time":1774382620677,"pid":1603593,"hostname":"TempleOfZyminx","id":"5a0b0710-4b16-4941-91e6-ae9a2c92bfc5","command":"MOVE","msg":"Submitting game action"}
{"level":30,"time":1774382620677,"pid":1603593,"hostname":"TempleOfZyminx","gameId":"5a0b0710-4b16-4941-91e6-ae9a2c92bfc5","unitId":"wolf-1","msg":"Processing MOVE command"}
{"level":30,"time":1774382620678,"pid":1603593,"hostname":"TempleOfZyminx","id":"5a0b0710-4b16-4941-91e6-ae9a2c92bfc5","msg":"Fetching game state"}
{"level":30,"time":1774382620679,"pid":1603593,"hostname":"TempleOfZyminx","id":"5a0b0710-4b16-4941-91e6-ae9a2c92bfc5","command":"END_PHASE","msg":"Submitting game action"}
{"level":30,"time":1774382620679,"pid":1603593,"hostname":"TempleOfZyminx","gameId":"5a0b0710-4b16-4941-91e6-ae9a2c92bfc5","phase":"GEV_SECOND_MOVE","msg":"Advancing phase"}
{"level":30,"time":1774382620679,"pid":1603593,"hostname":"TempleOfZyminx","phase":"GEV_SECOND_MOVE","turnNumber":2,"msg":"Advancing phase in engine"}
{"level":30,"time":1774382620680,"pid":1603593,"hostname":"TempleOfZyminx","id":"5a0b0710-4b16-4941-91e6-ae9a2c92bfc5","msg":"Fetching game state"}
{"level":30,"time":1774382620680,"pid":1603593,"hostname":"TempleOfZyminx","id":"5a0b0710-4b16-4941-91e6-ae9a2c92bfc5","msg":"Fetching game state"}
{"level":30,"time":1774382620681,"pid":1603593,"hostname":"TempleOfZyminx","id":"5a0b0710-4b16-4941-91e6-ae9a2c92bfc5","msg":"Fetching game state"}
{"level":30,"time":1774382620682,"pid":1603593,"hostname":"TempleOfZyminx","id":"5a0b0710-4b16-4941-91e6-ae9a2c92bfc5","msg":"Fetching game state"}
{"level":30,"time":1774382620682,"pid":1603593,"hostname":"TempleOfZyminx","id":"5a0b0710-4b16-4941-91e6-ae9a2c92bfc5","msg":"Fetching game state"}
{"level":30,"time":1774382620683,"pid":1603593,"hostname":"TempleOfZyminx","from":{"q":2,"r":7},"to":{"q":0,"r":0},"msg":"findPath: no valid path found"}
{"level":30,"time":1774382620683,"pid":1603593,"hostname":"TempleOfZyminx","from":{"q":2,"r":7},"to":{"q":0,"r":1},"msg":"findPath: no valid path found"}
{"level":30,"time":1774382620683,"pid":1603593,"hostname":"TempleOfZyminx","from":{"q":2,"r":7},"to":{"q":0,"r":2},"msg":"findPath: no valid path found"}
{"level":30,"time":1774382620683,"pid":1603593,"hostname":"TempleOfZyminx","from":{"q":2,"r":7},"to":{"q":0,"r":3},"msg":"findPath: no valid path found"}
{"level":30,"time":1774382620683,"pid":1603593,"hostname":"TempleOfZyminx","from":{"q":2,"r":7},"to":{"q":0,"r":4},"msg":"findPath: no valid path found"}
{"level":30,"time":1774382620683,"pid":1603593,"hostname":"TempleOfZyminx","from":{"q":2,"r":7},"to":{"q":0,"r":5},"msg":"findPath: no valid path found"}
{"level":30,"time":1774382620684,"pid":1603593,"hostname":"TempleOfZyminx","from":{"q":2,"r":7},"to":{"q":0,"r":11},"msg":"findPath: no valid path found"}
{"level":30,"time":1774382620684,"pid":1603593,"hostname":"TempleOfZyminx","from":{"q":2,"r":7},"to":{"q":0,"r":12},"msg":"findPath: no valid path found"}
{"level":30,"time":1774382620684,"pid":1603593,"hostname":"TempleOfZyminx","from":{"q":2,"r":7},"to":{"q":0,"r":13},"msg":"findPath: no valid path found"}
{"level":30,"time":1774382620684,"pid":1603593,"hostname":"TempleOfZyminx","from":{"q":2,"r":7},"to":{"q":0,"r":14},"msg":"findPath: no valid path found"}
{"level":30,"time":1774382620684,"pid":1603593,"hostname":"TempleOfZyminx","from":{"q":2,"r":7},"to":{"q":0,"r":15},"msg":"findPath: no valid path found"}
{"level":30,"time":1774382620684,"pid":1603593,"hostname":"TempleOfZyminx","from":{"q":2,"r":7},"to":{"q":0,"r":16},"msg":"findPath: no valid path found"}
{"level":30,"time":1774382620684,"pid":1603593,"hostname":"TempleOfZyminx","from":{"q":2,"r":7},"to":{"q":0,"r":17},"msg":"findPath: no valid path found"}
{"level":30,"time":1774382620684,"pid":1603593,"hostname":"TempleOfZyminx","from":{"q":2,"r":7},"to":{"q":0,"r":18},"msg":"findPath: no valid path found"}
{"level":30,"time":1774382620684,"pid":1603593,"hostname":"TempleOfZyminx","from":{"q":2,"r":7},"to":{"q":0,"r":19},"msg":"findPath: no valid path found"}
{"level":30,"time":1774382620684,"pid":1603593,"hostname":"TempleOfZyminx","from":{"q":2,"r":7},"to":{"q":0,"r":20},"msg":"findPath: no valid path found"}
{"level":30,"time":1774382620684,"pid":1603593,"hostname":"TempleOfZyminx","from":{"q":2,"r":7},"to":{"q":0,"r":21},"msg":"findPath: no valid path found"}
{"level":30,"time":1774382620684,"pid":1603593,"hostname":"TempleOfZyminx","from":{"q":2,"r":7},"to":{"q":1,"r":0},"msg":"findPath: no valid path found"}
{"level":30,"time":1774382620684,"pid":1603593,"hostname":"TempleOfZyminx","from":{"q":2,"r":7},"to":{"q":1,"r":1},"msg":"findPath: no valid path found"}
{"level":30,"time":1774382620684,"pid":1603593,"hostname":"TempleOfZyminx","from":{"q":2,"r":7},"to":{"q":1,"r":2},"msg":"findPath: no valid path found"}
{"level":30,"time":1774382620684,"pid":1603593,"hostname":"TempleOfZyminx","from":{"q":2,"r":7},"to":{"q":1,"r":3},"msg":"findPath: no valid path found"}
{"level":30,"time":1774382620684,"pid":1603593,"hostname":"TempleOfZyminx","from":{"q":2,"r":7},"to":{"q":1,"r":4},"msg":"findPath: no valid path found"}
{"level":30,"time":1774382620684,"pid":1603593,"hostname":"TempleOfZyminx","from":{"q":2,"r":7},"to":{"q":1,"r":11},"msg":"findPath: no valid path found"}
{"level":30,"time":1774382620684,"pid":1603593,"hostname":"TempleOfZyminx","from":{"q":2,"r":7},"to":{"q":1,"r":12},"msg":"findPath: no valid path found"}
{"level":30,"time":1774382620684,"pid":1603593,"hostname":"TempleOfZyminx","from":{"q":2,"r":7},"to":{"q":1,"r":13},"msg":"findPath: no valid path found"}
{"level":30,"time":1774382620684,"pid":1603593,"hostname":"TempleOfZyminx","from":{"q":2,"r":7},"to":{"q":1,"r":14},"msg":"findPath: no valid path found"}
{"level":30,"time":1774382620684,"pid":1603593,"hostname":"TempleOfZyminx","from":{"q":2,"r":7},"to":{"q":1,"r":15},"msg":"findPath: no valid path found"}
{"level":30,"time":1774382620685,"pid":1603593,"hostname":"TempleOfZyminx","from":{"q":2,"r":7},"to":{"q":1,"r":16},"msg":"findPath: no valid path found"}
{"level":30,"time":1774382620685,"pid":1603593,"hostname":"TempleOfZyminx","from":{"q":2,"r":7},"to":{"q":1,"r":17},"msg":"findPath: no valid path found"}
{"level":30,"time":1774382620685,"pid":1603593,"hostname":"TempleOfZyminx","from":{"q":2,"r":7},"to":{"q":1,"r":18},"msg":"findPath: no valid path found"}
{"level":30,"time":1774382620685,"pid":1603593,"hostname":"TempleOfZyminx","from":{"q":2,"r":7},"to":{"q":1,"r":19},"msg":"findPath: no valid path found"}
{"level":30,"time":1774382620685,"pid":1603593,"hostname":"TempleOfZyminx","from":{"q":2,"r":7},"to":{"q":1,"r":20},"msg":"findPath: no valid path found"}
{"level":30,"time":1774382620685,"pid":1603593,"hostname":"TempleOfZyminx","from":{"q":2,"r":7},"to":{"q":1,"r":21},"msg":"findPath: no valid path found"}
{"level":30,"time":1774382620685,"pid":1603593,"hostname":"TempleOfZyminx","from":{"q":2,"r":7},"to":{"q":2,"r":0},"msg":"findPath: no valid path found"}
{"level":30,"time":1774382620685,"pid":1603593,"hostname":"TempleOfZyminx","from":{"q":2,"r":7},"to":{"q":2,"r":1},"msg":"findPath: no valid path found"}
{"level":30,"time":1774382620685,"pid":1603593,"hostname":"TempleOfZyminx","from":{"q":2,"r":7},"to":{"q":2,"r":2},"msg":"findPath: no valid path found"}
{"level":30,"time":1774382620685,"pid":1603593,"hostname":"TempleOfZyminx","from":{"q":2,"r":7},"to":{"q":2,"r":3},"msg":"findPath: no valid path found"}
{"level":30,"time":1774382620685,"pid":1603593,"hostname":"TempleOfZyminx","from":{"q":2,"r":7},"to":{"q":2,"r":11},"msg":"findPath: no valid path found"}
{"level":30,"time":1774382620685,"pid":1603593,"hostname":"TempleOfZyminx","from":{"q":2,"r":7},"to":{"q":2,"r":12},"msg":"findPath: no valid path found"}
{"level":30,"time":1774382620685,"pid":1603593,"hostname":"TempleOfZyminx","from":{"q":2,"r":7},"to":{"q":2,"r":13},"msg":"findPath: no valid path found"}
{"level":30,"time":1774382620685,"pid":1603593,"hostname":"TempleOfZyminx","from":{"q":2,"r":7},"to":{"q":2,"r":14},"msg":"findPath: no valid path found"}
{"level":30,"time":1774382620685,"pid":1603593,"hostname":"TempleOfZyminx","from":{"q":2,"r":7},"to":{"q":2,"r":15},"msg":"findPath: no valid path found"}
{"level":30,"time":1774382620685,"pid":1603593,"hostname":"TempleOfZyminx","from":{"q":2,"r":7},"to":{"q":2,"r":16},"msg":"findPath: no valid path found"}
{"level":30,"time":1774382620685,"pid":1603593,"hostname":"TempleOfZyminx","from":{"q":2,"r":7},"to":{"q":2,"r":17},"msg":"findPath: no valid path found"}
{"level":30,"time":1774382620685,"pid":1603593,"hostname":"TempleOfZyminx","from":{"q":2,"r":7},"to":{"q":2,"r":18},"msg":"findPath: no valid path found"}
{"level":30,"time":1774382620685,"pid":1603593,"hostname":"TempleOfZyminx","from":{"q":2,"r":7},"to":{"q":2,"r":19},"msg":"findPath: no valid path found"}
{"level":30,"time":1774382620685,"pid":1603593,"hostname":"TempleOfZyminx","from":{"q":2,"r":7},"to":{"q":2,"r":20},"msg":"findPath: no valid path found"}
{"level":30,"time":1774382620685,"pid":1603593,"hostname":"TempleOfZyminx","from":{"q":2,"r":7},"to":{"q":2,"r":21},"msg":"findPath: no valid path found"}
{"level":30,"time":1774382620685,"pid":1603593,"hostname":"TempleOfZyminx","from":{"q":2,"r":7},"to":{"q":3,"r":0},"msg":"findPath: no valid path found"}
{"level":30,"time":1774382620685,"pid":1603593,"hostname":"TempleOfZyminx","from":{"q":2,"r":7},"to":{"q":3,"r":1},"msg":"findPath: no valid path found"}
{"level":30,"time":1774382620686,"pid":1603593,"hostname":"TempleOfZyminx","from":{"q":2,"r":7},"to":{"q":3,"r":2},"msg":"findPath: no valid path found"}
{"level":30,"time":1774382620686,"pid":1603593,"hostname":"TempleOfZyminx","from":{"q":2,"r":7},"to":{"q":3,"r":3},"msg":"findPath: no valid path found"}
{"level":30,"time":1774382620686,"pid":1603593,"hostname":"TempleOfZyminx","from":{"q":2,"r":7},"to":{"q":3,"r":8},"msg":"findPath: no valid path found"}
{"level":30,"time":1774382620686,"pid":1603593,"hostname":"TempleOfZyminx","from":{"q":2,"r":7},"to":{"q":3,"r":10},"msg":"findPath: no valid path found"}
{"level":30,"time":1774382620686,"pid":1603593,"hostname":"TempleOfZyminx","from":{"q":2,"r":7},"to":{"q":3,"r":11},"msg":"findPath: no valid path found"}
{"level":30,"time":1774382620686,"pid":1603593,"hostname":"TempleOfZyminx","from":{"q":2,"r":7},"to":{"q":3,"r":12},"msg":"findPath: no valid path found"}
{"level":30,"time":1774382620686,"pid":1603593,"hostname":"TempleOfZyminx","from":{"q":2,"r":7},"to":{"q":3,"r":13},"msg":"findPath: no valid path found"}
{"level":30,"time":1774382620686,"pid":1603593,"hostname":"TempleOfZyminx","from":{"q":2,"r":7},"to":{"q":3,"r":14},"msg":"findPath: no valid path found"}
{"level":30,"time":1774382620686,"pid":1603593,"hostname":"TempleOfZyminx","from":{"q":2,"r":7},"to":{"q":3,"r":15},"msg":"findPath: no valid path found"}
{"level":30,"time":1774382620686,"pid":1603593,"hostname":"TempleOfZyminx","from":{"q":2,"r":7},"to":{"q":3,"r":16},"msg":"findPath: no valid path found"}
{"level":30,"time":1774382620686,"pid":1603593,"hostname":"TempleOfZyminx","from":{"q":2,"r":7},"to":{"q":3,"r":17},"msg":"findPath: no valid path found"}
{"level":30,"time":1774382620686,"pid":1603593,"hostname":"TempleOfZyminx","from":{"q":2,"r":7},"to":{"q":3,"r":18},"msg":"findPath: no valid path found"}
{"level":30,"time":1774382620686,"pid":1603593,"hostname":"TempleOfZyminx","from":{"q":2,"r":7},"to":{"q":3,"r":19},"msg":"findPath: no valid path found"}
{"level":30,"time":1774382620686,"pid":1603593,"hostname":"TempleOfZyminx","from":{"q":2,"r":7},"to":{"q":3,"r":20},"msg":"findPath: no valid path found"}
{"level":30,"time":1774382620686,"pid":1603593,"hostname":"TempleOfZyminx","from":{"q":2,"r":7},"to":{"q":3,"r":21},"msg":"findPath: no valid path found"}
{"level":30,"time":1774382620686,"pid":1603593,"hostname":"TempleOfZyminx","from":{"q":2,"r":7},"to":{"q":4,"r":0},"msg":"findPath: no valid path found"}
{"level":30,"time":1774382620686,"pid":1603593,"hostname":"TempleOfZyminx","from":{"q":2,"r":7},"to":{"q":4,"r":1},"msg":"findPath: no valid path found"}
{"level":30,"time":1774382620686,"pid":1603593,"hostname":"TempleOfZyminx","from":{"q":2,"r":7},"to":{"q":4,"r":2},"msg":"findPath: no valid path found"}
{"level":30,"time":1774382620686,"pid":1603593,"hostname":"TempleOfZyminx","from":{"q":2,"r":7},"to":{"q":4,"r":3},"msg":"findPath: no valid path found"}
{"level":30,"time":1774382620686,"pid":1603593,"hostname":"TempleOfZyminx","from":{"q":2,"r":7},"to":{"q":4,"r":8},"msg":"findPath: no valid path found"}
{"level":30,"time":1774382620686,"pid":1603593,"hostname":"TempleOfZyminx","from":{"q":2,"r":7},"to":{"q":4,"r":9},"msg":"findPath: no valid path found"}
{"level":30,"time":1774382620686,"pid":1603593,"hostname":"TempleOfZyminx","from":{"q":2,"r":7},"to":{"q":4,"r":10},"msg":"findPath: no valid path found"}
{"level":30,"time":1774382620687,"pid":1603593,"hostname":"TempleOfZyminx","from":{"q":2,"r":7},"to":{"q":4,"r":11},"msg":"findPath: no valid path found"}
{"level":30,"time":1774382620687,"pid":1603593,"hostname":"TempleOfZyminx","from":{"q":2,"r":7},"to":{"q":4,"r":12},"msg":"findPath: no valid path found"}
{"level":30,"time":1774382620687,"pid":1603593,"hostname":"TempleOfZyminx","from":{"q":2,"r":7},"to":{"q":4,"r":13},"msg":"findPath: no valid path found"}
{"level":30,"time":1774382620687,"pid":1603593,"hostname":"TempleOfZyminx","from":{"q":2,"r":7},"to":{"q":4,"r":14},"msg":"findPath: no valid path found"}
{"level":30,"time":1774382620687,"pid":1603593,"hostname":"TempleOfZyminx","from":{"q":2,"r":7},"to":{"q":4,"r":15},"msg":"findPath: no valid path found"}
{"level":30,"time":1774382620687,"pid":1603593,"hostname":"TempleOfZyminx","from":{"q":2,"r":7},"to":{"q":4,"r":16},"msg":"findPath: no valid path found"}
{"level":30,"time":1774382620687,"pid":1603593,"hostname":"TempleOfZyminx","from":{"q":2,"r":7},"to":{"q":4,"r":17},"msg":"findPath: no valid path found"}
{"level":30,"time":1774382620687,"pid":1603593,"hostname":"TempleOfZyminx","from":{"q":2,"r":7},"to":{"q":4,"r":18},"msg":"findPath: no valid path found"}
{"level":30,"time":1774382620687,"pid":1603593,"hostname":"TempleOfZyminx","from":{"q":2,"r":7},"to":{"q":4,"r":19},"msg":"findPath: no valid path found"}
{"level":30,"time":1774382620687,"pid":1603593,"hostname":"TempleOfZyminx","from":{"q":2,"r":7},"to":{"q":4,"r":20},"msg":"findPath: no valid path found"}
{"level":30,"time":1774382620687,"pid":1603593,"hostname":"TempleOfZyminx","from":{"q":2,"r":7},"to":{"q":4,"r":21},"msg":"findPath: no valid path found"}
{"level":30,"time":1774382620687,"pid":1603593,"hostname":"TempleOfZyminx","from":{"q":2,"r":7},"to":{"q":5,"r":0},"msg":"findPath: no valid path found"}
{"level":30,"time":1774382620687,"pid":1603593,"hostname":"TempleOfZyminx","from":{"q":2,"r":7},"to":{"q":5,"r":1},"msg":"findPath: no valid path found"}
{"level":30,"time":1774382620687,"pid":1603593,"hostname":"TempleOfZyminx","from":{"q":2,"r":7},"to":{"q":5,"r":2},"msg":"findPath: no valid path found"}
{"level":30,"time":1774382620687,"pid":1603593,"hostname":"TempleOfZyminx","from":{"q":2,"r":7},"to":{"q":5,"r":3},"msg":"findPath: no valid path found"}
{"level":30,"time":1774382620687,"pid":1603593,"hostname":"TempleOfZyminx","from":{"q":2,"r":7},"to":{"q":5,"r":8},"msg":"findPath: no valid path found"}
{"level":30,"time":1774382620687,"pid":1603593,"hostname":"TempleOfZyminx","from":{"q":2,"r":7},"to":{"q":5,"r":9},"msg":"findPath: no valid path found"}
{"level":30,"time":1774382620687,"pid":1603593,"hostname":"TempleOfZyminx","from":{"q":2,"r":7},"to":{"q":5,"r":10},"msg":"findPath: no valid path found"}
{"level":30,"time":1774382620687,"pid":1603593,"hostname":"TempleOfZyminx","from":{"q":2,"r":7},"to":{"q":5,"r":11},"msg":"findPath: no valid path found"}
{"level":30,"time":1774382620687,"pid":1603593,"hostname":"TempleOfZyminx","from":{"q":2,"r":7},"to":{"q":5,"r":12},"msg":"findPath: no valid path found"}
{"level":30,"time":1774382620687,"pid":1603593,"hostname":"TempleOfZyminx","from":{"q":2,"r":7},"to":{"q":5,"r":13},"msg":"findPath: no valid path found"}
{"level":30,"time":1774382620687,"pid":1603593,"hostname":"TempleOfZyminx","from":{"q":2,"r":7},"to":{"q":5,"r":14},"msg":"findPath: no valid path found"}
{"level":30,"time":1774382620687,"pid":1603593,"hostname":"TempleOfZyminx","from":{"q":2,"r":7},"to":{"q":5,"r":15},"msg":"findPath: no valid path found"}
{"level":30,"time":1774382620687,"pid":1603593,"hostname":"TempleOfZyminx","from":{"q":2,"r":7},"to":{"q":5,"r":16},"msg":"findPath: no valid path found"}
{"level":30,"time":1774382620688,"pid":1603593,"hostname":"TempleOfZyminx","from":{"q":2,"r":7},"to":{"q":5,"r":17},"msg":"findPath: no valid path found"}
{"level":30,"time":1774382620688,"pid":1603593,"hostname":"TempleOfZyminx","from":{"q":2,"r":7},"to":{"q":5,"r":18},"msg":"findPath: no valid path found"}
{"level":30,"time":1774382620688,"pid":1603593,"hostname":"TempleOfZyminx","from":{"q":2,"r":7},"to":{"q":5,"r":19},"msg":"findPath: no valid path found"}
{"level":30,"time":1774382620688,"pid":1603593,"hostname":"TempleOfZyminx","from":{"q":2,"r":7},"to":{"q":5,"r":20},"msg":"findPath: no valid path found"}
{"level":30,"time":1774382620688,"pid":1603593,"hostname":"TempleOfZyminx","from":{"q":2,"r":7},"to":{"q":5,"r":21},"msg":"findPath: no valid path found"}
{"level":30,"time":1774382620688,"pid":1603593,"hostname":"TempleOfZyminx","from":{"q":2,"r":7},"to":{"q":6,"r":0},"msg":"findPath: no valid path found"}
{"level":30,"time":1774382620688,"pid":1603593,"hostname":"TempleOfZyminx","from":{"q":2,"r":7},"to":{"q":6,"r":1},"msg":"findPath: no valid path found"}
{"level":30,"time":1774382620688,"pid":1603593,"hostname":"TempleOfZyminx","from":{"q":2,"r":7},"to":{"q":6,"r":2},"msg":"findPath: no valid path found"}
{"level":30,"time":1774382620688,"pid":1603593,"hostname":"TempleOfZyminx","from":{"q":2,"r":7},"to":{"q":6,"r":3},"msg":"findPath: no valid path found"}
{"level":30,"time":1774382620688,"pid":1603593,"hostname":"TempleOfZyminx","from":{"q":2,"r":7},"to":{"q":6,"r":5},"msg":"findPath: no valid path found"}
{"level":30,"time":1774382620688,"pid":1603593,"hostname":"TempleOfZyminx","from":{"q":2,"r":7},"to":{"q":6,"r":6},"msg":"findPath: no valid path found"}
{"level":30,"time":1774382620688,"pid":1603593,"hostname":"TempleOfZyminx","from":{"q":2,"r":7},"to":{"q":6,"r":7},"msg":"findPath: no valid path found"}
{"level":30,"time":1774382620688,"pid":1603593,"hostname":"TempleOfZyminx","from":{"q":2,"r":7},"to":{"q":6,"r":8},"msg":"findPath: no valid path found"}
{"level":30,"time":1774382620688,"pid":1603593,"hostname":"TempleOfZyminx","from":{"q":2,"r":7},"to":{"q":6,"r":9},"msg":"findPath: no valid path found"}
{"level":30,"time":1774382620688,"pid":1603593,"hostname":"TempleOfZyminx","from":{"q":2,"r":7},"to":{"q":6,"r":10},"msg":"findPath: no valid path found"}
{"level":30,"time":1774382620688,"pid":1603593,"hostname":"TempleOfZyminx","from":{"q":2,"r":7},"to":{"q":6,"r":11},"msg":"findPath: no valid path found"}
{"level":30,"time":1774382620688,"pid":1603593,"hostname":"TempleOfZyminx","from":{"q":2,"r":7},"to":{"q":6,"r":12},"msg":"findPath: no valid path found"}
{"level":30,"time":1774382620688,"pid":1603593,"hostname":"TempleOfZyminx","from":{"q":2,"r":7},"to":{"q":6,"r":13},"msg":"findPath: no valid path found"}
{"level":30,"time":1774382620688,"pid":1603593,"hostname":"TempleOfZyminx","from":{"q":2,"r":7},"to":{"q":6,"r":14},"msg":"findPath: no valid path found"}
{"level":30,"time":1774382620688,"pid":1603593,"hostname":"TempleOfZyminx","from":{"q":2,"r":7},"to":{"q":6,"r":15},"msg":"findPath: no valid path found"}
{"level":30,"time":1774382620688,"pid":1603593,"hostname":"TempleOfZyminx","from":{"q":2,"r":7},"to":{"q":6,"r":16},"msg":"findPath: no valid path found"}
{"level":30,"time":1774382620688,"pid":1603593,"hostname":"TempleOfZyminx","from":{"q":2,"r":7},"to":{"q":6,"r":17},"msg":"findPath: no valid path found"}
{"level":30,"time":1774382620688,"pid":1603593,"hostname":"TempleOfZyminx","from":{"q":2,"r":7},"to":{"q":6,"r":18},"msg":"findPath: no valid path found"}
{"level":30,"time":1774382620689,"pid":1603593,"hostname":"TempleOfZyminx","from":{"q":2,"r":7},"to":{"q":6,"r":19},"msg":"findPath: no valid path found"}
{"level":30,"time":1774382620689,"pid":1603593,"hostname":"TempleOfZyminx","from":{"q":2,"r":7},"to":{"q":6,"r":20},"msg":"findPath: no valid path found"}
{"level":30,"time":1774382620689,"pid":1603593,"hostname":"TempleOfZyminx","from":{"q":2,"r":7},"to":{"q":6,"r":21},"msg":"findPath: no valid path found"}
{"level":30,"time":1774382620689,"pid":1603593,"hostname":"TempleOfZyminx","from":{"q":2,"r":7},"to":{"q":7,"r":0},"msg":"findPath: no valid path found"}
{"level":30,"time":1774382620689,"pid":1603593,"hostname":"TempleOfZyminx","from":{"q":2,"r":7},"to":{"q":7,"r":1},"msg":"findPath: no valid path found"}
{"level":30,"time":1774382620689,"pid":1603593,"hostname":"TempleOfZyminx","from":{"q":2,"r":7},"to":{"q":7,"r":2},"msg":"findPath: no valid path found"}
{"level":30,"time":1774382620689,"pid":1603593,"hostname":"TempleOfZyminx","from":{"q":2,"r":7},"to":{"q":7,"r":4},"msg":"findPath: no valid path found"}
{"level":30,"time":1774382620689,"pid":1603593,"hostname":"TempleOfZyminx","from":{"q":2,"r":7},"to":{"q":7,"r":5},"msg":"findPath: no valid path found"}
{"level":30,"time":1774382620689,"pid":1603593,"hostname":"TempleOfZyminx","from":{"q":2,"r":7},"to":{"q":7,"r":6},"msg":"findPath: no valid path found"}
{"level":30,"time":1774382620689,"pid":1603593,"hostname":"TempleOfZyminx","from":{"q":2,"r":7},"to":{"q":7,"r":7},"msg":"findPath: no valid path found"}
{"level":30,"time":1774382620689,"pid":1603593,"hostname":"TempleOfZyminx","from":{"q":2,"r":7},"to":{"q":7,"r":8},"msg":"findPath: no valid path found"}
{"level":30,"time":1774382620689,"pid":1603593,"hostname":"TempleOfZyminx","from":{"q":2,"r":7},"to":{"q":7,"r":9},"msg":"findPath: no valid path found"}
{"level":30,"time":1774382620689,"pid":1603593,"hostname":"TempleOfZyminx","from":{"q":2,"r":7},"to":{"q":7,"r":10},"msg":"findPath: no valid path found"}
{"level":30,"time":1774382620689,"pid":1603593,"hostname":"TempleOfZyminx","from":{"q":2,"r":7},"to":{"q":7,"r":11},"msg":"findPath: no valid path found"}
{"level":30,"time":1774382620689,"pid":1603593,"hostname":"TempleOfZyminx","from":{"q":2,"r":7},"to":{"q":7,"r":12},"msg":"findPath: no valid path found"}
{"level":30,"time":1774382620689,"pid":1603593,"hostname":"TempleOfZyminx","from":{"q":2,"r":7},"to":{"q":7,"r":13},"msg":"findPath: no valid path found"}
{"level":30,"time":1774382620689,"pid":1603593,"hostname":"TempleOfZyminx","from":{"q":2,"r":7},"to":{"q":7,"r":14},"msg":"findPath: no valid path found"}
{"level":30,"time":1774382620689,"pid":1603593,"hostname":"TempleOfZyminx","from":{"q":2,"r":7},"to":{"q":7,"r":15},"msg":"findPath: no valid path found"}
{"level":30,"time":1774382620689,"pid":1603593,"hostname":"TempleOfZyminx","from":{"q":2,"r":7},"to":{"q":7,"r":16},"msg":"findPath: no valid path found"}
{"level":30,"time":1774382620689,"pid":1603593,"hostname":"TempleOfZyminx","from":{"q":2,"r":7},"to":{"q":7,"r":17},"msg":"findPath: no valid path found"}
{"level":30,"time":1774382620689,"pid":1603593,"hostname":"TempleOfZyminx","from":{"q":2,"r":7},"to":{"q":7,"r":18},"msg":"findPath: no valid path found"}
{"level":30,"time":1774382620689,"pid":1603593,"hostname":"TempleOfZyminx","from":{"q":2,"r":7},"to":{"q":7,"r":19},"msg":"findPath: no valid path found"}
{"level":30,"time":1774382620689,"pid":1603593,"hostname":"TempleOfZyminx","from":{"q":2,"r":7},"to":{"q":7,"r":20},"msg":"findPath: no valid path found"}
{"level":30,"time":1774382620689,"pid":1603593,"hostname":"TempleOfZyminx","from":{"q":2,"r":7},"to":{"q":7,"r":21},"msg":"findPath: no valid path found"}
{"level":30,"time":1774382620689,"pid":1603593,"hostname":"TempleOfZyminx","from":{"q":2,"r":7},"to":{"q":8,"r":0},"msg":"findPath: no valid path found"}
{"level":30,"time":1774382620690,"pid":1603593,"hostname":"TempleOfZyminx","from":{"q":2,"r":7},"to":{"q":8,"r":1},"msg":"findPath: no valid path found"}
{"level":30,"time":1774382620690,"pid":1603593,"hostname":"TempleOfZyminx","from":{"q":2,"r":7},"to":{"q":8,"r":2},"msg":"findPath: no valid path found"}
{"level":30,"time":1774382620690,"pid":1603593,"hostname":"TempleOfZyminx","from":{"q":2,"r":7},"to":{"q":8,"r":3},"msg":"findPath: no valid path found"}
{"level":30,"time":1774382620690,"pid":1603593,"hostname":"TempleOfZyminx","from":{"q":2,"r":7},"to":{"q":8,"r":4},"msg":"findPath: no valid path found"}
{"level":30,"time":1774382620690,"pid":1603593,"hostname":"TempleOfZyminx","from":{"q":2,"r":7},"to":{"q":8,"r":5},"msg":"findPath: no valid path found"}
{"level":30,"time":1774382620690,"pid":1603593,"hostname":"TempleOfZyminx","from":{"q":2,"r":7},"to":{"q":8,"r":6},"msg":"findPath: no valid path found"}
{"level":30,"time":1774382620690,"pid":1603593,"hostname":"TempleOfZyminx","from":{"q":2,"r":7},"to":{"q":8,"r":7},"msg":"findPath: no valid path found"}
{"level":30,"time":1774382620690,"pid":1603593,"hostname":"TempleOfZyminx","from":{"q":2,"r":7},"to":{"q":8,"r":8},"msg":"findPath: no valid path found"}
{"level":30,"time":1774382620690,"pid":1603593,"hostname":"TempleOfZyminx","from":{"q":2,"r":7},"to":{"q":8,"r":9},"msg":"findPath: no valid path found"}
{"level":30,"time":1774382620690,"pid":1603593,"hostname":"TempleOfZyminx","from":{"q":2,"r":7},"to":{"q":8,"r":10},"msg":"findPath: no valid path found"}
{"level":30,"time":1774382620690,"pid":1603593,"hostname":"TempleOfZyminx","from":{"q":2,"r":7},"to":{"q":8,"r":11},"msg":"findPath: no valid path found"}
{"level":30,"time":1774382620690,"pid":1603593,"hostname":"TempleOfZyminx","from":{"q":2,"r":7},"to":{"q":8,"r":12},"msg":"findPath: no valid path found"}
{"level":30,"time":1774382620690,"pid":1603593,"hostname":"TempleOfZyminx","from":{"q":2,"r":7},"to":{"q":8,"r":13},"msg":"findPath: no valid path found"}
{"level":30,"time":1774382620690,"pid":1603593,"hostname":"TempleOfZyminx","from":{"q":2,"r":7},"to":{"q":8,"r":14},"msg":"findPath: no valid path found"}
{"level":30,"time":1774382620690,"pid":1603593,"hostname":"TempleOfZyminx","from":{"q":2,"r":7},"to":{"q":8,"r":15},"msg":"findPath: no valid path found"}
{"level":30,"time":1774382620690,"pid":1603593,"hostname":"TempleOfZyminx","from":{"q":2,"r":7},"to":{"q":8,"r":16},"msg":"findPath: no valid path found"}
{"level":30,"time":1774382620690,"pid":1603593,"hostname":"TempleOfZyminx","from":{"q":2,"r":7},"to":{"q":8,"r":17},"msg":"findPath: no valid path found"}
{"level":30,"time":1774382620690,"pid":1603593,"hostname":"TempleOfZyminx","from":{"q":2,"r":7},"to":{"q":8,"r":18},"msg":"findPath: no valid path found"}
{"level":30,"time":1774382620690,"pid":1603593,"hostname":"TempleOfZyminx","from":{"q":2,"r":7},"to":{"q":8,"r":19},"msg":"findPath: no valid path found"}
{"level":30,"time":1774382620690,"pid":1603593,"hostname":"TempleOfZyminx","from":{"q":2,"r":7},"to":{"q":8,"r":20},"msg":"findPath: no valid path found"}
{"level":30,"time":1774382620690,"pid":1603593,"hostname":"TempleOfZyminx","from":{"q":2,"r":7},"to":{"q":8,"r":21},"msg":"findPath: no valid path found"}
{"level":30,"time":1774382620690,"pid":1603593,"hostname":"TempleOfZyminx","from":{"q":2,"r":7},"to":{"q":9,"r":0},"msg":"findPath: no valid path found"}
{"level":30,"time":1774382620690,"pid":1603593,"hostname":"TempleOfZyminx","from":{"q":2,"r":7},"to":{"q":9,"r":1},"msg":"findPath: no valid path found"}
{"level":30,"time":1774382620690,"pid":1603593,"hostname":"TempleOfZyminx","from":{"q":2,"r":7},"to":{"q":9,"r":2},"msg":"findPath: no valid path found"}
{"level":30,"time":1774382620690,"pid":1603593,"hostname":"TempleOfZyminx","from":{"q":2,"r":7},"to":{"q":9,"r":3},"msg":"findPath: no valid path found"}
{"level":30,"time":1774382620690,"pid":1603593,"hostname":"TempleOfZyminx","from":{"q":2,"r":7},"to":{"q":9,"r":4},"msg":"findPath: no valid path found"}
{"level":30,"time":1774382620690,"pid":1603593,"hostname":"TempleOfZyminx","from":{"q":2,"r":7},"to":{"q":9,"r":5},"msg":"findPath: no valid path found"}
{"level":30,"time":1774382620690,"pid":1603593,"hostname":"TempleOfZyminx","from":{"q":2,"r":7},"to":{"q":9,"r":6},"msg":"findPath: no valid path found"}
{"level":30,"time":1774382620691,"pid":1603593,"hostname":"TempleOfZyminx","from":{"q":2,"r":7},"to":{"q":9,"r":7},"msg":"findPath: no valid path found"}
{"level":30,"time":1774382620691,"pid":1603593,"hostname":"TempleOfZyminx","from":{"q":2,"r":7},"to":{"q":9,"r":8},"msg":"findPath: no valid path found"}
{"level":30,"time":1774382620691,"pid":1603593,"hostname":"TempleOfZyminx","from":{"q":2,"r":7},"to":{"q":9,"r":9},"msg":"findPath: no valid path found"}
{"level":30,"time":1774382620691,"pid":1603593,"hostname":"TempleOfZyminx","from":{"q":2,"r":7},"to":{"q":9,"r":10},"msg":"findPath: no valid path found"}
{"level":30,"time":1774382620691,"pid":1603593,"hostname":"TempleOfZyminx","from":{"q":2,"r":7},"to":{"q":9,"r":11},"msg":"findPath: no valid path found"}
{"level":30,"time":1774382620691,"pid":1603593,"hostname":"TempleOfZyminx","from":{"q":2,"r":7},"to":{"q":9,"r":12},"msg":"findPath: no valid path found"}
{"level":30,"time":1774382620691,"pid":1603593,"hostname":"TempleOfZyminx","from":{"q":2,"r":7},"to":{"q":9,"r":13},"msg":"findPath: no valid path found"}
{"level":30,"time":1774382620691,"pid":1603593,"hostname":"TempleOfZyminx","from":{"q":2,"r":7},"to":{"q":9,"r":14},"msg":"findPath: no valid path found"}
{"level":30,"time":1774382620691,"pid":1603593,"hostname":"TempleOfZyminx","from":{"q":2,"r":7},"to":{"q":9,"r":15},"msg":"findPath: no valid path found"}
{"level":30,"time":1774382620691,"pid":1603593,"hostname":"TempleOfZyminx","from":{"q":2,"r":7},"to":{"q":9,"r":16},"msg":"findPath: no valid path found"}
{"level":30,"time":1774382620691,"pid":1603593,"hostname":"TempleOfZyminx","from":{"q":2,"r":7},"to":{"q":9,"r":17},"msg":"findPath: no valid path found"}
{"level":30,"time":1774382620691,"pid":1603593,"hostname":"TempleOfZyminx","from":{"q":2,"r":7},"to":{"q":9,"r":18},"msg":"findPath: no valid path found"}
{"level":30,"time":1774382620691,"pid":1603593,"hostname":"TempleOfZyminx","from":{"q":2,"r":7},"to":{"q":9,"r":19},"msg":"findPath: no valid path found"}
{"level":30,"time":1774382620691,"pid":1603593,"hostname":"TempleOfZyminx","from":{"q":2,"r":7},"to":{"q":9,"r":20},"msg":"findPath: no valid path found"}
{"level":30,"time":1774382620691,"pid":1603593,"hostname":"TempleOfZyminx","from":{"q":2,"r":7},"to":{"q":9,"r":21},"msg":"findPath: no valid path found"}
{"level":30,"time":1774382620691,"pid":1603593,"hostname":"TempleOfZyminx","from":{"q":2,"r":7},"to":{"q":10,"r":0},"msg":"findPath: no valid path found"}
{"level":30,"time":1774382620691,"pid":1603593,"hostname":"TempleOfZyminx","from":{"q":2,"r":7},"to":{"q":10,"r":1},"msg":"findPath: no valid path found"}
{"level":30,"time":1774382620691,"pid":1603593,"hostname":"TempleOfZyminx","from":{"q":2,"r":7},"to":{"q":10,"r":2},"msg":"findPath: no valid path found"}
{"level":30,"time":1774382620691,"pid":1603593,"hostname":"TempleOfZyminx","from":{"q":2,"r":7},"to":{"q":10,"r":3},"msg":"findPath: no valid path found"}
{"level":30,"time":1774382620691,"pid":1603593,"hostname":"TempleOfZyminx","from":{"q":2,"r":7},"to":{"q":10,"r":4},"msg":"findPath: no valid path found"}
{"level":30,"time":1774382620691,"pid":1603593,"hostname":"TempleOfZyminx","from":{"q":2,"r":7},"to":{"q":10,"r":5},"msg":"findPath: no valid path found"}
{"level":30,"time":1774382620691,"pid":1603593,"hostname":"TempleOfZyminx","from":{"q":2,"r":7},"to":{"q":10,"r":6},"msg":"findPath: no valid path found"}
{"level":30,"time":1774382620691,"pid":1603593,"hostname":"TempleOfZyminx","from":{"q":2,"r":7},"to":{"q":10,"r":7},"msg":"findPath: no valid path found"}
{"level":30,"time":1774382620691,"pid":1603593,"hostname":"TempleOfZyminx","from":{"q":2,"r":7},"to":{"q":10,"r":8},"msg":"findPath: no valid path found"}
{"level":30,"time":1774382620692,"pid":1603593,"hostname":"TempleOfZyminx","from":{"q":2,"r":7},"to":{"q":10,"r":9},"msg":"findPath: no valid path found"}
{"level":30,"time":1774382620692,"pid":1603593,"hostname":"TempleOfZyminx","from":{"q":2,"r":7},"to":{"q":10,"r":10},"msg":"findPath: no valid path found"}
{"level":30,"time":1774382620692,"pid":1603593,"hostname":"TempleOfZyminx","from":{"q":2,"r":7},"to":{"q":10,"r":11},"msg":"findPath: no valid path found"}
{"level":30,"time":1774382620692,"pid":1603593,"hostname":"TempleOfZyminx","from":{"q":2,"r":7},"to":{"q":10,"r":12},"msg":"findPath: no valid path found"}
{"level":30,"time":1774382620692,"pid":1603593,"hostname":"TempleOfZyminx","from":{"q":2,"r":7},"to":{"q":10,"r":13},"msg":"findPath: no valid path found"}
{"level":30,"time":1774382620692,"pid":1603593,"hostname":"TempleOfZyminx","from":{"q":2,"r":7},"to":{"q":10,"r":14},"msg":"findPath: no valid path found"}
{"level":30,"time":1774382620692,"pid":1603593,"hostname":"TempleOfZyminx","from":{"q":2,"r":7},"to":{"q":10,"r":15},"msg":"findPath: no valid path found"}
{"level":30,"time":1774382620692,"pid":1603593,"hostname":"TempleOfZyminx","from":{"q":2,"r":7},"to":{"q":10,"r":16},"msg":"findPath: no valid path found"}
{"level":30,"time":1774382620692,"pid":1603593,"hostname":"TempleOfZyminx","from":{"q":2,"r":7},"to":{"q":10,"r":17},"msg":"findPath: no valid path found"}
{"level":30,"time":1774382620692,"pid":1603593,"hostname":"TempleOfZyminx","from":{"q":2,"r":7},"to":{"q":10,"r":18},"msg":"findPath: no valid path found"}
{"level":30,"time":1774382620692,"pid":1603593,"hostname":"TempleOfZyminx","from":{"q":2,"r":7},"to":{"q":10,"r":19},"msg":"findPath: no valid path found"}
{"level":30,"time":1774382620692,"pid":1603593,"hostname":"TempleOfZyminx","from":{"q":2,"r":7},"to":{"q":10,"r":20},"msg":"findPath: no valid path found"}
{"level":30,"time":1774382620692,"pid":1603593,"hostname":"TempleOfZyminx","from":{"q":2,"r":7},"to":{"q":10,"r":21},"msg":"findPath: no valid path found"}
{"level":30,"time":1774382620692,"pid":1603593,"hostname":"TempleOfZyminx","from":{"q":2,"r":7},"to":{"q":11,"r":0},"msg":"findPath: no valid path found"}
{"level":30,"time":1774382620692,"pid":1603593,"hostname":"TempleOfZyminx","from":{"q":2,"r":7},"to":{"q":11,"r":1},"msg":"findPath: no valid path found"}
{"level":30,"time":1774382620692,"pid":1603593,"hostname":"TempleOfZyminx","from":{"q":2,"r":7},"to":{"q":11,"r":2},"msg":"findPath: no valid path found"}
{"level":30,"time":1774382620692,"pid":1603593,"hostname":"TempleOfZyminx","from":{"q":2,"r":7},"to":{"q":11,"r":3},"msg":"findPath: no valid path found"}
{"level":30,"time":1774382620692,"pid":1603593,"hostname":"TempleOfZyminx","from":{"q":2,"r":7},"to":{"q":11,"r":4},"msg":"findPath: no valid path found"}
{"level":30,"time":1774382620692,"pid":1603593,"hostname":"TempleOfZyminx","from":{"q":2,"r":7},"to":{"q":11,"r":5},"msg":"findPath: no valid path found"}
{"level":30,"time":1774382620692,"pid":1603593,"hostname":"TempleOfZyminx","from":{"q":2,"r":7},"to":{"q":11,"r":6},"msg":"findPath: no valid path found"}
{"level":30,"time":1774382620692,"pid":1603593,"hostname":"TempleOfZyminx","from":{"q":2,"r":7},"to":{"q":11,"r":7},"msg":"findPath: no valid path found"}
{"level":30,"time":1774382620692,"pid":1603593,"hostname":"TempleOfZyminx","from":{"q":2,"r":7},"to":{"q":11,"r":8},"msg":"findPath: no valid path found"}
{"level":30,"time":1774382620692,"pid":1603593,"hostname":"TempleOfZyminx","from":{"q":2,"r":7},"to":{"q":11,"r":9},"msg":"findPath: no valid path found"}
{"level":30,"time":1774382620692,"pid":1603593,"hostname":"TempleOfZyminx","from":{"q":2,"r":7},"to":{"q":11,"r":10},"msg":"findPath: no valid path found"}
{"level":30,"time":1774382620692,"pid":1603593,"hostname":"TempleOfZyminx","from":{"q":2,"r":7},"to":{"q":11,"r":11},"msg":"findPath: no valid path found"}
{"level":30,"time":1774382620692,"pid":1603593,"hostname":"TempleOfZyminx","from":{"q":2,"r":7},"to":{"q":11,"r":12},"msg":"findPath: no valid path found"}
{"level":30,"time":1774382620693,"pid":1603593,"hostname":"TempleOfZyminx","from":{"q":2,"r":7},"to":{"q":11,"r":13},"msg":"findPath: no valid path found"}
{"level":30,"time":1774382620693,"pid":1603593,"hostname":"TempleOfZyminx","from":{"q":2,"r":7},"to":{"q":11,"r":14},"msg":"findPath: no valid path found"}
{"level":30,"time":1774382620693,"pid":1603593,"hostname":"TempleOfZyminx","from":{"q":2,"r":7},"to":{"q":11,"r":15},"msg":"findPath: no valid path found"}
{"level":30,"time":1774382620693,"pid":1603593,"hostname":"TempleOfZyminx","from":{"q":2,"r":7},"to":{"q":11,"r":16},"msg":"findPath: no valid path found"}
{"level":30,"time":1774382620693,"pid":1603593,"hostname":"TempleOfZyminx","from":{"q":2,"r":7},"to":{"q":11,"r":17},"msg":"findPath: no valid path found"}
{"level":30,"time":1774382620693,"pid":1603593,"hostname":"TempleOfZyminx","from":{"q":2,"r":7},"to":{"q":11,"r":18},"msg":"findPath: no valid path found"}
{"level":30,"time":1774382620693,"pid":1603593,"hostname":"TempleOfZyminx","from":{"q":2,"r":7},"to":{"q":11,"r":19},"msg":"findPath: no valid path found"}
{"level":30,"time":1774382620693,"pid":1603593,"hostname":"TempleOfZyminx","from":{"q":2,"r":7},"to":{"q":11,"r":20},"msg":"findPath: no valid path found"}
{"level":30,"time":1774382620693,"pid":1603593,"hostname":"TempleOfZyminx","from":{"q":2,"r":7},"to":{"q":11,"r":21},"msg":"findPath: no valid path found"}
{"level":30,"time":1774382620693,"pid":1603593,"hostname":"TempleOfZyminx","from":{"q":2,"r":7},"to":{"q":12,"r":0},"msg":"findPath: no valid path found"}
{"level":30,"time":1774382620693,"pid":1603593,"hostname":"TempleOfZyminx","from":{"q":2,"r":7},"to":{"q":12,"r":1},"msg":"findPath: no valid path found"}
{"level":30,"time":1774382620693,"pid":1603593,"hostname":"TempleOfZyminx","from":{"q":2,"r":7},"to":{"q":12,"r":2},"msg":"findPath: no valid path found"}
{"level":30,"time":1774382620693,"pid":1603593,"hostname":"TempleOfZyminx","from":{"q":2,"r":7},"to":{"q":12,"r":3},"msg":"findPath: no valid path found"}
{"level":30,"time":1774382620693,"pid":1603593,"hostname":"TempleOfZyminx","from":{"q":2,"r":7},"to":{"q":12,"r":4},"msg":"findPath: no valid path found"}
{"level":30,"time":1774382620693,"pid":1603593,"hostname":"TempleOfZyminx","from":{"q":2,"r":7},"to":{"q":12,"r":5},"msg":"findPath: no valid path found"}
{"level":30,"time":1774382620693,"pid":1603593,"hostname":"TempleOfZyminx","from":{"q":2,"r":7},"to":{"q":12,"r":6},"msg":"findPath: no valid path found"}
{"level":30,"time":1774382620693,"pid":1603593,"hostname":"TempleOfZyminx","from":{"q":2,"r":7},"to":{"q":12,"r":7},"msg":"findPath: no valid path found"}
{"level":30,"time":1774382620693,"pid":1603593,"hostname":"TempleOfZyminx","from":{"q":2,"r":7},"to":{"q":12,"r":8},"msg":"findPath: no valid path found"}
{"level":30,"time":1774382620693,"pid":1603593,"hostname":"TempleOfZyminx","from":{"q":2,"r":7},"to":{"q":12,"r":9},"msg":"findPath: no valid path found"}
{"level":30,"time":1774382620693,"pid":1603593,"hostname":"TempleOfZyminx","from":{"q":2,"r":7},"to":{"q":12,"r":10},"msg":"findPath: no valid path found"}
{"level":30,"time":1774382620694,"pid":1603593,"hostname":"TempleOfZyminx","from":{"q":2,"r":7},"to":{"q":12,"r":11},"msg":"findPath: no valid path found"}
{"level":30,"time":1774382620694,"pid":1603593,"hostname":"TempleOfZyminx","from":{"q":2,"r":7},"to":{"q":12,"r":12},"msg":"findPath: no valid path found"}
{"level":30,"time":1774382620694,"pid":1603593,"hostname":"TempleOfZyminx","from":{"q":2,"r":7},"to":{"q":12,"r":13},"msg":"findPath: no valid path found"}
{"level":30,"time":1774382620694,"pid":1603593,"hostname":"TempleOfZyminx","from":{"q":2,"r":7},"to":{"q":12,"r":14},"msg":"findPath: no valid path found"}
{"level":30,"time":1774382620694,"pid":1603593,"hostname":"TempleOfZyminx","from":{"q":2,"r":7},"to":{"q":12,"r":15},"msg":"findPath: no valid path found"}
{"level":30,"time":1774382620694,"pid":1603593,"hostname":"TempleOfZyminx","from":{"q":2,"r":7},"to":{"q":12,"r":16},"msg":"findPath: no valid path found"}
{"level":30,"time":1774382620694,"pid":1603593,"hostname":"TempleOfZyminx","from":{"q":2,"r":7},"to":{"q":12,"r":17},"msg":"findPath: no valid path found"}
{"level":30,"time":1774382620694,"pid":1603593,"hostname":"TempleOfZyminx","from":{"q":2,"r":7},"to":{"q":12,"r":18},"msg":"findPath: no valid path found"}
{"level":30,"time":1774382620694,"pid":1603593,"hostname":"TempleOfZyminx","from":{"q":2,"r":7},"to":{"q":12,"r":19},"msg":"findPath: no valid path found"}
{"level":30,"time":1774382620694,"pid":1603593,"hostname":"TempleOfZyminx","from":{"q":2,"r":7},"to":{"q":12,"r":20},"msg":"findPath: no valid path found"}
{"level":30,"time":1774382620694,"pid":1603593,"hostname":"TempleOfZyminx","from":{"q":2,"r":7},"to":{"q":12,"r":21},"msg":"findPath: no valid path found"}
{"level":30,"time":1774382620694,"pid":1603593,"hostname":"TempleOfZyminx","from":{"q":2,"r":7},"to":{"q":13,"r":0},"msg":"findPath: no valid path found"}
{"level":30,"time":1774382620694,"pid":1603593,"hostname":"TempleOfZyminx","from":{"q":2,"r":7},"to":{"q":13,"r":1},"msg":"findPath: no valid path found"}
{"level":30,"time":1774382620694,"pid":1603593,"hostname":"TempleOfZyminx","from":{"q":2,"r":7},"to":{"q":13,"r":2},"msg":"findPath: no valid path found"}
{"level":30,"time":1774382620694,"pid":1603593,"hostname":"TempleOfZyminx","from":{"q":2,"r":7},"to":{"q":13,"r":3},"msg":"findPath: no valid path found"}
{"level":30,"time":1774382620694,"pid":1603593,"hostname":"TempleOfZyminx","from":{"q":2,"r":7},"to":{"q":13,"r":4},"msg":"findPath: no valid path found"}
{"level":30,"time":1774382620694,"pid":1603593,"hostname":"TempleOfZyminx","from":{"q":2,"r":7},"to":{"q":13,"r":5},"msg":"findPath: no valid path found"}
{"level":30,"time":1774382620694,"pid":1603593,"hostname":"TempleOfZyminx","from":{"q":2,"r":7},"to":{"q":13,"r":6},"msg":"findPath: no valid path found"}
{"level":30,"time":1774382620694,"pid":1603593,"hostname":"TempleOfZyminx","from":{"q":2,"r":7},"to":{"q":13,"r":7},"msg":"findPath: no valid path found"}
{"level":30,"time":1774382620694,"pid":1603593,"hostname":"TempleOfZyminx","from":{"q":2,"r":7},"to":{"q":13,"r":8},"msg":"findPath: no valid path found"}
{"level":30,"time":1774382620695,"pid":1603593,"hostname":"TempleOfZyminx","from":{"q":2,"r":7},"to":{"q":13,"r":9},"msg":"findPath: no valid path found"}
{"level":30,"time":1774382620695,"pid":1603593,"hostname":"TempleOfZyminx","from":{"q":2,"r":7},"to":{"q":13,"r":10},"msg":"findPath: no valid path found"}
{"level":30,"time":1774382620695,"pid":1603593,"hostname":"TempleOfZyminx","from":{"q":2,"r":7},"to":{"q":13,"r":11},"msg":"findPath: no valid path found"}
{"level":30,"time":1774382620695,"pid":1603593,"hostname":"TempleOfZyminx","from":{"q":2,"r":7},"to":{"q":13,"r":12},"msg":"findPath: no valid path found"}
{"level":30,"time":1774382620695,"pid":1603593,"hostname":"TempleOfZyminx","from":{"q":2,"r":7},"to":{"q":13,"r":13},"msg":"findPath: no valid path found"}
{"level":30,"time":1774382620695,"pid":1603593,"hostname":"TempleOfZyminx","from":{"q":2,"r":7},"to":{"q":13,"r":14},"msg":"findPath: no valid path found"}
{"level":30,"time":1774382620695,"pid":1603593,"hostname":"TempleOfZyminx","from":{"q":2,"r":7},"to":{"q":13,"r":15},"msg":"findPath: no valid path found"}
{"level":30,"time":1774382620695,"pid":1603593,"hostname":"TempleOfZyminx","from":{"q":2,"r":7},"to":{"q":13,"r":16},"msg":"findPath: no valid path found"}
{"level":30,"time":1774382620695,"pid":1603593,"hostname":"TempleOfZyminx","from":{"q":2,"r":7},"to":{"q":13,"r":17},"msg":"findPath: no valid path found"}
{"level":30,"time":1774382620695,"pid":1603593,"hostname":"TempleOfZyminx","from":{"q":2,"r":7},"to":{"q":13,"r":18},"msg":"findPath: no valid path found"}
{"level":30,"time":1774382620695,"pid":1603593,"hostname":"TempleOfZyminx","from":{"q":2,"r":7},"to":{"q":13,"r":19},"msg":"findPath: no valid path found"}
{"level":30,"time":1774382620695,"pid":1603593,"hostname":"TempleOfZyminx","from":{"q":2,"r":7},"to":{"q":13,"r":20},"msg":"findPath: no valid path found"}
{"level":30,"time":1774382620695,"pid":1603593,"hostname":"TempleOfZyminx","from":{"q":2,"r":7},"to":{"q":13,"r":21},"msg":"findPath: no valid path found"}
{"level":30,"time":1774382620695,"pid":1603593,"hostname":"TempleOfZyminx","from":{"q":2,"r":7},"to":{"q":14,"r":0},"msg":"findPath: no valid path found"}
{"level":30,"time":1774382620695,"pid":1603593,"hostname":"TempleOfZyminx","from":{"q":2,"r":7},"to":{"q":14,"r":1},"msg":"findPath: no valid path found"}
{"level":30,"time":1774382620695,"pid":1603593,"hostname":"TempleOfZyminx","from":{"q":2,"r":7},"to":{"q":14,"r":2},"msg":"findPath: no valid path found"}
{"level":30,"time":1774382620695,"pid":1603593,"hostname":"TempleOfZyminx","from":{"q":2,"r":7},"to":{"q":14,"r":3},"msg":"findPath: no valid path found"}
{"level":30,"time":1774382620695,"pid":1603593,"hostname":"TempleOfZyminx","from":{"q":2,"r":7},"to":{"q":14,"r":4},"msg":"findPath: no valid path found"}
{"level":30,"time":1774382620695,"pid":1603593,"hostname":"TempleOfZyminx","from":{"q":2,"r":7},"to":{"q":14,"r":5},"msg":"findPath: no valid path found"}
{"level":30,"time":1774382620695,"pid":1603593,"hostname":"TempleOfZyminx","from":{"q":2,"r":7},"to":{"q":14,"r":6},"msg":"findPath: no valid path found"}
{"level":30,"time":1774382620695,"pid":1603593,"hostname":"TempleOfZyminx","from":{"q":2,"r":7},"to":{"q":14,"r":7},"msg":"findPath: no valid path found"}
{"level":30,"time":1774382620695,"pid":1603593,"hostname":"TempleOfZyminx","from":{"q":2,"r":7},"to":{"q":14,"r":8},"msg":"findPath: no valid path found"}
{"level":30,"time":1774382620695,"pid":1603593,"hostname":"TempleOfZyminx","from":{"q":2,"r":7},"to":{"q":14,"r":9},"msg":"findPath: no valid path found"}
{"level":30,"time":1774382620695,"pid":1603593,"hostname":"TempleOfZyminx","from":{"q":2,"r":7},"to":{"q":14,"r":10},"msg":"findPath: no valid path found"}
{"level":30,"time":1774382620695,"pid":1603593,"hostname":"TempleOfZyminx","from":{"q":2,"r":7},"to":{"q":14,"r":11},"msg":"findPath: no valid path found"}
{"level":30,"time":1774382620696,"pid":1603593,"hostname":"TempleOfZyminx","from":{"q":2,"r":7},"to":{"q":14,"r":12},"msg":"findPath: no valid path found"}
{"level":30,"time":1774382620696,"pid":1603593,"hostname":"TempleOfZyminx","from":{"q":2,"r":7},"to":{"q":14,"r":13},"msg":"findPath: no valid path found"}
{"level":30,"time":1774382620696,"pid":1603593,"hostname":"TempleOfZyminx","from":{"q":2,"r":7},"to":{"q":14,"r":14},"msg":"findPath: no valid path found"}
{"level":30,"time":1774382620696,"pid":1603593,"hostname":"TempleOfZyminx","from":{"q":2,"r":7},"to":{"q":14,"r":15},"msg":"findPath: no valid path found"}
{"level":30,"time":1774382620696,"pid":1603593,"hostname":"TempleOfZyminx","from":{"q":2,"r":7},"to":{"q":14,"r":16},"msg":"findPath: no valid path found"}
{"level":30,"time":1774382620696,"pid":1603593,"hostname":"TempleOfZyminx","from":{"q":2,"r":7},"to":{"q":14,"r":17},"msg":"findPath: no valid path found"}
{"level":30,"time":1774382620696,"pid":1603593,"hostname":"TempleOfZyminx","from":{"q":2,"r":7},"to":{"q":14,"r":18},"msg":"findPath: no valid path found"}
{"level":30,"time":1774382620696,"pid":1603593,"hostname":"TempleOfZyminx","from":{"q":2,"r":7},"to":{"q":14,"r":19},"msg":"findPath: no valid path found"}
{"level":30,"time":1774382620696,"pid":1603593,"hostname":"TempleOfZyminx","from":{"q":2,"r":7},"to":{"q":14,"r":20},"msg":"findPath: no valid path found"}
{"level":30,"time":1774382620696,"pid":1603593,"hostname":"TempleOfZyminx","from":{"q":2,"r":7},"to":{"q":14,"r":21},"msg":"findPath: no valid path found"}
{"level":30,"time":1774382620696,"pid":1603593,"hostname":"TempleOfZyminx","id":"5a0b0710-4b16-4941-91e6-ae9a2c92bfc5","command":"MOVE","msg":"Submitting game action"}
{"level":30,"time":1774382620696,"pid":1603593,"hostname":"TempleOfZyminx","gameId":"5a0b0710-4b16-4941-91e6-ae9a2c92bfc5","unitId":"onion-1","msg":"Processing MOVE command"}
{"level":30,"time":1774382620697,"pid":1603593,"hostname":"TempleOfZyminx","id":"5a0b0710-4b16-4941-91e6-ae9a2c92bfc5","msg":"Fetching game state"}
{"level":30,"time":1774382620698,"pid":1603593,"hostname":"TempleOfZyminx","id":"5a0b0710-4b16-4941-91e6-ae9a2c92bfc5","msg":"Fetching game state"}
{"level":30,"time":1774382620698,"pid":1603593,"hostname":"TempleOfZyminx","id":"5a0b0710-4b16-4941-91e6-ae9a2c92bfc5","command":"END_PHASE","msg":"Submitting game action"}
{"level":30,"time":1774382620698,"pid":1603593,"hostname":"TempleOfZyminx","gameId":"5a0b0710-4b16-4941-91e6-ae9a2c92bfc5","phase":"ONION_MOVE","msg":"Advancing phase"}
{"level":30,"time":1774382620698,"pid":1603593,"hostname":"TempleOfZyminx","phase":"ONION_MOVE","turnNumber":3,"msg":"Advancing phase in engine"}
{"level":30,"time":1774382620699,"pid":1603593,"hostname":"TempleOfZyminx","id":"5a0b0710-4b16-4941-91e6-ae9a2c92bfc5","msg":"Fetching game state"}
{"level":30,"time":1774382620699,"pid":1603593,"hostname":"TempleOfZyminx","id":"5a0b0710-4b16-4941-91e6-ae9a2c92bfc5","msg":"Fetching game state"}
{"level":30,"time":1774382620700,"pid":1603593,"hostname":"TempleOfZyminx","id":"5a0b0710-4b16-4941-91e6-ae9a2c92bfc5","command":"FIRE","msg":"Submitting game action"}
{"level":30,"time":1774382620700,"pid":1603593,"hostname":"TempleOfZyminx","gameId":"5a0b0710-4b16-4941-91e6-ae9a2c92bfc5","type":"FIRE","msg":"Processing combat command"}
{"level":30,"time":1774382620700,"pid":1603593,"hostname":"TempleOfZyminx","commandType":"FIRE","msg":"Validating combat action"}
{"level":30,"time":1774382620700,"pid":1603593,"hostname":"TempleOfZyminx","gameId":"5a0b0710-4b16-4941-91e6-ae9a2c92bfc5","error":"Attacker 'missile_1' is already destroyed or exhausted","msg":"Invalid combat command"}
{"level":30,"time":1774382620700,"pid":1603593,"hostname":"TempleOfZyminx","id":"5a0b0710-4b16-4941-91e6-ae9a2c92bfc5","msg":"Fetching game state"}
{"level":30,"time":1774382620701,"pid":1603593,"hostname":"TempleOfZyminx","id":"5a0b0710-4b16-4941-91e6-ae9a2c92bfc5","msg":"Fetching game state"}
{"level":30,"time":1774382620701,"pid":1603593,"hostname":"TempleOfZyminx","id":"5a0b0710-4b16-4941-91e6-ae9a2c92bfc5","command":"END_PHASE","msg":"Submitting game action"}
{"level":30,"time":1774382620702,"pid":1603593,"hostname":"TempleOfZyminx","gameId":"5a0b0710-4b16-4941-91e6-ae9a2c92bfc5","phase":"ONION_COMBAT","msg":"Advancing phase"}
{"level":30,"time":1774382620702,"pid":1603593,"hostname":"TempleOfZyminx","phase":"ONION_COMBAT","turnNumber":3,"msg":"Advancing phase in engine"}
{"level":30,"time":1774382620702,"pid":1603593,"hostname":"TempleOfZyminx","id":"5a0b0710-4b16-4941-91e6-ae9a2c92bfc5","msg":"Fetching game state"}
{"level":30,"time":1774382620703,"pid":1603593,"hostname":"TempleOfZyminx","id":"5a0b0710-4b16-4941-91e6-ae9a2c92bfc5","msg":"Fetching game state"}
{"level":30,"time":1774382620704,"pid":1603593,"hostname":"TempleOfZyminx","from":{"q":1,"r":7},"to":{"q":0,"r":0},"msg":"findPath: no valid path found"}
{"level":30,"time":1774382620704,"pid":1603593,"hostname":"TempleOfZyminx","from":{"q":1,"r":7},"to":{"q":0,"r":1},"msg":"findPath: no valid path found"}
{"level":30,"time":1774382620704,"pid":1603593,"hostname":"TempleOfZyminx","from":{"q":1,"r":7},"to":{"q":0,"r":2},"msg":"findPath: no valid path found"}
{"level":30,"time":1774382620704,"pid":1603593,"hostname":"TempleOfZyminx","from":{"q":1,"r":7},"to":{"q":0,"r":3},"msg":"findPath: no valid path found"}
{"level":30,"time":1774382620704,"pid":1603593,"hostname":"TempleOfZyminx","from":{"q":1,"r":7},"to":{"q":0,"r":12},"msg":"findPath: no valid path found"}
{"level":30,"time":1774382620704,"pid":1603593,"hostname":"TempleOfZyminx","from":{"q":1,"r":7},"to":{"q":0,"r":13},"msg":"findPath: no valid path found"}
{"level":30,"time":1774382620704,"pid":1603593,"hostname":"TempleOfZyminx","from":{"q":1,"r":7},"to":{"q":0,"r":14},"msg":"findPath: no valid path found"}
{"level":30,"time":1774382620704,"pid":1603593,"hostname":"TempleOfZyminx","from":{"q":1,"r":7},"to":{"q":0,"r":15},"msg":"findPath: no valid path found"}
{"level":30,"time":1774382620704,"pid":1603593,"hostname":"TempleOfZyminx","from":{"q":1,"r":7},"to":{"q":0,"r":16},"msg":"findPath: no valid path found"}
{"level":30,"time":1774382620704,"pid":1603593,"hostname":"TempleOfZyminx","from":{"q":1,"r":7},"to":{"q":0,"r":17},"msg":"findPath: no valid path found"}
{"level":30,"time":1774382620704,"pid":1603593,"hostname":"TempleOfZyminx","from":{"q":1,"r":7},"to":{"q":0,"r":18},"msg":"findPath: no valid path found"}
{"level":30,"time":1774382620704,"pid":1603593,"hostname":"TempleOfZyminx","from":{"q":1,"r":7},"to":{"q":0,"r":19},"msg":"findPath: no valid path found"}
{"level":30,"time":1774382620704,"pid":1603593,"hostname":"TempleOfZyminx","from":{"q":1,"r":7},"to":{"q":0,"r":20},"msg":"findPath: no valid path found"}
{"level":30,"time":1774382620704,"pid":1603593,"hostname":"TempleOfZyminx","from":{"q":1,"r":7},"to":{"q":0,"r":21},"msg":"findPath: no valid path found"}
{"level":30,"time":1774382620705,"pid":1603593,"hostname":"TempleOfZyminx","from":{"q":1,"r":7},"to":{"q":1,"r":0},"msg":"findPath: no valid path found"}
{"level":30,"time":1774382620705,"pid":1603593,"hostname":"TempleOfZyminx","from":{"q":1,"r":7},"to":{"q":1,"r":1},"msg":"findPath: no valid path found"}
{"level":30,"time":1774382620705,"pid":1603593,"hostname":"TempleOfZyminx","from":{"q":1,"r":7},"to":{"q":1,"r":2},"msg":"findPath: no valid path found"}
{"level":30,"time":1774382620705,"pid":1603593,"hostname":"TempleOfZyminx","from":{"q":1,"r":7},"to":{"q":1,"r":12},"msg":"findPath: no valid path found"}
{"level":30,"time":1774382620705,"pid":1603593,"hostname":"TempleOfZyminx","from":{"q":1,"r":7},"to":{"q":1,"r":13},"msg":"findPath: no valid path found"}
{"level":30,"time":1774382620705,"pid":1603593,"hostname":"TempleOfZyminx","from":{"q":1,"r":7},"to":{"q":1,"r":14},"msg":"findPath: no valid path found"}
{"level":30,"time":1774382620705,"pid":1603593,"hostname":"TempleOfZyminx","from":{"q":1,"r":7},"to":{"q":1,"r":15},"msg":"findPath: no valid path found"}
{"level":30,"time":1774382620705,"pid":1603593,"hostname":"TempleOfZyminx","from":{"q":1,"r":7},"to":{"q":1,"r":16},"msg":"findPath: no valid path found"}
{"level":30,"time":1774382620705,"pid":1603593,"hostname":"TempleOfZyminx","from":{"q":1,"r":7},"to":{"q":1,"r":17},"msg":"findPath: no valid path found"}
{"level":30,"time":1774382620705,"pid":1603593,"hostname":"TempleOfZyminx","from":{"q":1,"r":7},"to":{"q":1,"r":18},"msg":"findPath: no valid path found"}
{"level":30,"time":1774382620705,"pid":1603593,"hostname":"TempleOfZyminx","from":{"q":1,"r":7},"to":{"q":1,"r":19},"msg":"findPath: no valid path found"}
{"level":30,"time":1774382620705,"pid":1603593,"hostname":"TempleOfZyminx","from":{"q":1,"r":7},"to":{"q":1,"r":20},"msg":"findPath: no valid path found"}
{"level":30,"time":1774382620705,"pid":1603593,"hostname":"TempleOfZyminx","from":{"q":1,"r":7},"to":{"q":1,"r":21},"msg":"findPath: no valid path found"}
{"level":30,"time":1774382620705,"pid":1603593,"hostname":"TempleOfZyminx","from":{"q":1,"r":7},"to":{"q":2,"r":0},"msg":"findPath: no valid path found"}
{"level":30,"time":1774382620705,"pid":1603593,"hostname":"TempleOfZyminx","from":{"q":1,"r":7},"to":{"q":2,"r":1},"msg":"findPath: no valid path found"}
{"level":30,"time":1774382620706,"pid":1603593,"hostname":"TempleOfZyminx","from":{"q":1,"r":7},"to":{"q":2,"r":2},"msg":"findPath: no valid path found"}
{"level":30,"time":1774382620706,"pid":1603593,"hostname":"TempleOfZyminx","from":{"q":1,"r":7},"to":{"q":2,"r":11},"msg":"findPath: no valid path found"}
{"level":30,"time":1774382620706,"pid":1603593,"hostname":"TempleOfZyminx","from":{"q":1,"r":7},"to":{"q":2,"r":12},"msg":"findPath: no valid path found"}
{"level":30,"time":1774382620706,"pid":1603593,"hostname":"TempleOfZyminx","from":{"q":1,"r":7},"to":{"q":2,"r":13},"msg":"findPath: no valid path found"}
{"level":30,"time":1774382620706,"pid":1603593,"hostname":"TempleOfZyminx","from":{"q":1,"r":7},"to":{"q":2,"r":14},"msg":"findPath: no valid path found"}
{"level":30,"time":1774382620706,"pid":1603593,"hostname":"TempleOfZyminx","from":{"q":1,"r":7},"to":{"q":2,"r":15},"msg":"findPath: no valid path found"}
{"level":30,"time":1774382620706,"pid":1603593,"hostname":"TempleOfZyminx","from":{"q":1,"r":7},"to":{"q":2,"r":16},"msg":"findPath: no valid path found"}
{"level":30,"time":1774382620706,"pid":1603593,"hostname":"TempleOfZyminx","from":{"q":1,"r":7},"to":{"q":2,"r":17},"msg":"findPath: no valid path found"}
{"level":30,"time":1774382620706,"pid":1603593,"hostname":"TempleOfZyminx","from":{"q":1,"r":7},"to":{"q":2,"r":18},"msg":"findPath: no valid path found"}
{"level":30,"time":1774382620706,"pid":1603593,"hostname":"TempleOfZyminx","from":{"q":1,"r":7},"to":{"q":2,"r":19},"msg":"findPath: no valid path found"}
{"level":30,"time":1774382620706,"pid":1603593,"hostname":"TempleOfZyminx","from":{"q":1,"r":7},"to":{"q":2,"r":20},"msg":"findPath: no valid path found"}
{"level":30,"time":1774382620706,"pid":1603593,"hostname":"TempleOfZyminx","from":{"q":1,"r":7},"to":{"q":2,"r":21},"msg":"findPath: no valid path found"}
{"level":30,"time":1774382620706,"pid":1603593,"hostname":"TempleOfZyminx","from":{"q":1,"r":7},"to":{"q":3,"r":0},"msg":"findPath: no valid path found"}
{"level":30,"time":1774382620706,"pid":1603593,"hostname":"TempleOfZyminx","from":{"q":1,"r":7},"to":{"q":3,"r":1},"msg":"findPath: no valid path found"}
{"level":30,"time":1774382620707,"pid":1603593,"hostname":"TempleOfZyminx","from":{"q":1,"r":7},"to":{"q":3,"r":2},"msg":"findPath: no valid path found"}
{"level":30,"time":1774382620707,"pid":1603593,"hostname":"TempleOfZyminx","from":{"q":1,"r":7},"to":{"q":3,"r":8},"msg":"findPath: no valid path found"}
{"level":30,"time":1774382620707,"pid":1603593,"hostname":"TempleOfZyminx","from":{"q":1,"r":7},"to":{"q":3,"r":10},"msg":"findPath: no valid path found"}
{"level":30,"time":1774382620707,"pid":1603593,"hostname":"TempleOfZyminx","from":{"q":1,"r":7},"to":{"q":3,"r":11},"msg":"findPath: no valid path found"}
{"level":30,"time":1774382620707,"pid":1603593,"hostname":"TempleOfZyminx","from":{"q":1,"r":7},"to":{"q":3,"r":12},"msg":"findPath: no valid path found"}
{"level":30,"time":1774382620707,"pid":1603593,"hostname":"TempleOfZyminx","from":{"q":1,"r":7},"to":{"q":3,"r":13},"msg":"findPath: no valid path found"}
{"level":30,"time":1774382620707,"pid":1603593,"hostname":"TempleOfZyminx","from":{"q":1,"r":7},"to":{"q":3,"r":14},"msg":"findPath: no valid path found"}
{"level":30,"time":1774382620707,"pid":1603593,"hostname":"TempleOfZyminx","from":{"q":1,"r":7},"to":{"q":3,"r":15},"msg":"findPath: no valid path found"}
{"level":30,"time":1774382620707,"pid":1603593,"hostname":"TempleOfZyminx","from":{"q":1,"r":7},"to":{"q":3,"r":16},"msg":"findPath: no valid path found"}
{"level":30,"time":1774382620707,"pid":1603593,"hostname":"TempleOfZyminx","from":{"q":1,"r":7},"to":{"q":3,"r":17},"msg":"findPath: no valid path found"}
{"level":30,"time":1774382620707,"pid":1603593,"hostname":"TempleOfZyminx","from":{"q":1,"r":7},"to":{"q":3,"r":18},"msg":"findPath: no valid path found"}
{"level":30,"time":1774382620707,"pid":1603593,"hostname":"TempleOfZyminx","from":{"q":1,"r":7},"to":{"q":3,"r":19},"msg":"findPath: no valid path found"}
{"level":30,"time":1774382620707,"pid":1603593,"hostname":"TempleOfZyminx","from":{"q":1,"r":7},"to":{"q":3,"r":20},"msg":"findPath: no valid path found"}
{"level":30,"time":1774382620707,"pid":1603593,"hostname":"TempleOfZyminx","from":{"q":1,"r":7},"to":{"q":3,"r":21},"msg":"findPath: no valid path found"}
{"level":30,"time":1774382620707,"pid":1603593,"hostname":"TempleOfZyminx","from":{"q":1,"r":7},"to":{"q":4,"r":0},"msg":"findPath: no valid path found"}
{"level":30,"time":1774382620707,"pid":1603593,"hostname":"TempleOfZyminx","from":{"q":1,"r":7},"to":{"q":4,"r":1},"msg":"findPath: no valid path found"}
{"level":30,"time":1774382620707,"pid":1603593,"hostname":"TempleOfZyminx","from":{"q":1,"r":7},"to":{"q":4,"r":2},"msg":"findPath: no valid path found"}
{"level":30,"time":1774382620708,"pid":1603593,"hostname":"TempleOfZyminx","from":{"q":1,"r":7},"to":{"q":4,"r":8},"msg":"findPath: no valid path found"}
{"level":30,"time":1774382620708,"pid":1603593,"hostname":"TempleOfZyminx","from":{"q":1,"r":7},"to":{"q":4,"r":9},"msg":"findPath: no valid path found"}
{"level":30,"time":1774382620708,"pid":1603593,"hostname":"TempleOfZyminx","from":{"q":1,"r":7},"to":{"q":4,"r":10},"msg":"findPath: no valid path found"}
{"level":30,"time":1774382620708,"pid":1603593,"hostname":"TempleOfZyminx","from":{"q":1,"r":7},"to":{"q":4,"r":11},"msg":"findPath: no valid path found"}
{"level":30,"time":1774382620708,"pid":1603593,"hostname":"TempleOfZyminx","from":{"q":1,"r":7},"to":{"q":4,"r":12},"msg":"findPath: no valid path found"}
{"level":30,"time":1774382620708,"pid":1603593,"hostname":"TempleOfZyminx","from":{"q":1,"r":7},"to":{"q":4,"r":13},"msg":"findPath: no valid path found"}
{"level":30,"time":1774382620708,"pid":1603593,"hostname":"TempleOfZyminx","from":{"q":1,"r":7},"to":{"q":4,"r":14},"msg":"findPath: no valid path found"}
{"level":30,"time":1774382620708,"pid":1603593,"hostname":"TempleOfZyminx","from":{"q":1,"r":7},"to":{"q":4,"r":15},"msg":"findPath: no valid path found"}
{"level":30,"time":1774382620708,"pid":1603593,"hostname":"TempleOfZyminx","from":{"q":1,"r":7},"to":{"q":4,"r":16},"msg":"findPath: no valid path found"}
{"level":30,"time":1774382620708,"pid":1603593,"hostname":"TempleOfZyminx","from":{"q":1,"r":7},"to":{"q":4,"r":17},"msg":"findPath: no valid path found"}
{"level":30,"time":1774382620708,"pid":1603593,"hostname":"TempleOfZyminx","from":{"q":1,"r":7},"to":{"q":4,"r":18},"msg":"findPath: no valid path found"}
{"level":30,"time":1774382620708,"pid":1603593,"hostname":"TempleOfZyminx","from":{"q":1,"r":7},"to":{"q":4,"r":19},"msg":"findPath: no valid path found"}
{"level":30,"time":1774382620708,"pid":1603593,"hostname":"TempleOfZyminx","from":{"q":1,"r":7},"to":{"q":4,"r":20},"msg":"findPath: no valid path found"}
{"level":30,"time":1774382620708,"pid":1603593,"hostname":"TempleOfZyminx","from":{"q":1,"r":7},"to":{"q":4,"r":21},"msg":"findPath: no valid path found"}
{"level":30,"time":1774382620708,"pid":1603593,"hostname":"TempleOfZyminx","from":{"q":1,"r":7},"to":{"q":5,"r":0},"msg":"findPath: no valid path found"}
{"level":30,"time":1774382620708,"pid":1603593,"hostname":"TempleOfZyminx","from":{"q":1,"r":7},"to":{"q":5,"r":1},"msg":"findPath: no valid path found"}
{"level":30,"time":1774382620708,"pid":1603593,"hostname":"TempleOfZyminx","from":{"q":1,"r":7},"to":{"q":5,"r":2},"msg":"findPath: no valid path found"}
{"level":30,"time":1774382620709,"pid":1603593,"hostname":"TempleOfZyminx","from":{"q":1,"r":7},"to":{"q":5,"r":8},"msg":"findPath: no valid path found"}
{"level":30,"time":1774382620709,"pid":1603593,"hostname":"TempleOfZyminx","from":{"q":1,"r":7},"to":{"q":5,"r":9},"msg":"findPath: no valid path found"}
{"level":30,"time":1774382620709,"pid":1603593,"hostname":"TempleOfZyminx","from":{"q":1,"r":7},"to":{"q":5,"r":10},"msg":"findPath: no valid path found"}
{"level":30,"time":1774382620709,"pid":1603593,"hostname":"TempleOfZyminx","from":{"q":1,"r":7},"to":{"q":5,"r":11},"msg":"findPath: no valid path found"}
{"level":30,"time":1774382620709,"pid":1603593,"hostname":"TempleOfZyminx","from":{"q":1,"r":7},"to":{"q":5,"r":12},"msg":"findPath: no valid path found"}
{"level":30,"time":1774382620709,"pid":1603593,"hostname":"TempleOfZyminx","from":{"q":1,"r":7},"to":{"q":5,"r":13},"msg":"findPath: no valid path found"}
{"level":30,"time":1774382620709,"pid":1603593,"hostname":"TempleOfZyminx","from":{"q":1,"r":7},"to":{"q":5,"r":14},"msg":"findPath: no valid path found"}
{"level":30,"time":1774382620709,"pid":1603593,"hostname":"TempleOfZyminx","from":{"q":1,"r":7},"to":{"q":5,"r":15},"msg":"findPath: no valid path found"}
{"level":30,"time":1774382620709,"pid":1603593,"hostname":"TempleOfZyminx","from":{"q":1,"r":7},"to":{"q":5,"r":16},"msg":"findPath: no valid path found"}
{"level":30,"time":1774382620709,"pid":1603593,"hostname":"TempleOfZyminx","from":{"q":1,"r":7},"to":{"q":5,"r":17},"msg":"findPath: no valid path found"}
{"level":30,"time":1774382620709,"pid":1603593,"hostname":"TempleOfZyminx","from":{"q":1,"r":7},"to":{"q":5,"r":18},"msg":"findPath: no valid path found"}
{"level":30,"time":1774382620709,"pid":1603593,"hostname":"TempleOfZyminx","from":{"q":1,"r":7},"to":{"q":5,"r":19},"msg":"findPath: no valid path found"}
{"level":30,"time":1774382620709,"pid":1603593,"hostname":"TempleOfZyminx","from":{"q":1,"r":7},"to":{"q":5,"r":20},"msg":"findPath: no valid path found"}
{"level":30,"time":1774382620709,"pid":1603593,"hostname":"TempleOfZyminx","from":{"q":1,"r":7},"to":{"q":5,"r":21},"msg":"findPath: no valid path found"}
{"level":30,"time":1774382620709,"pid":1603593,"hostname":"TempleOfZyminx","from":{"q":1,"r":7},"to":{"q":6,"r":0},"msg":"findPath: no valid path found"}
{"level":30,"time":1774382620709,"pid":1603593,"hostname":"TempleOfZyminx","from":{"q":1,"r":7},"to":{"q":6,"r":1},"msg":"findPath: no valid path found"}
{"level":30,"time":1774382620709,"pid":1603593,"hostname":"TempleOfZyminx","from":{"q":1,"r":7},"to":{"q":6,"r":2},"msg":"findPath: no valid path found"}
{"level":30,"time":1774382620710,"pid":1603593,"hostname":"TempleOfZyminx","from":{"q":1,"r":7},"to":{"q":6,"r":3},"msg":"findPath: no valid path found"}
{"level":30,"time":1774382620710,"pid":1603593,"hostname":"TempleOfZyminx","from":{"q":1,"r":7},"to":{"q":6,"r":5},"msg":"findPath: no valid path found"}
{"level":30,"time":1774382620710,"pid":1603593,"hostname":"TempleOfZyminx","from":{"q":1,"r":7},"to":{"q":6,"r":6},"msg":"findPath: no valid path found"}
{"level":30,"time":1774382620710,"pid":1603593,"hostname":"TempleOfZyminx","from":{"q":1,"r":7},"to":{"q":6,"r":7},"msg":"findPath: no valid path found"}
{"level":30,"time":1774382620710,"pid":1603593,"hostname":"TempleOfZyminx","from":{"q":1,"r":7},"to":{"q":6,"r":8},"msg":"findPath: no valid path found"}
{"level":30,"time":1774382620710,"pid":1603593,"hostname":"TempleOfZyminx","from":{"q":1,"r":7},"to":{"q":6,"r":9},"msg":"findPath: no valid path found"}
{"level":30,"time":1774382620710,"pid":1603593,"hostname":"TempleOfZyminx","from":{"q":1,"r":7},"to":{"q":6,"r":10},"msg":"findPath: no valid path found"}
{"level":30,"time":1774382620710,"pid":1603593,"hostname":"TempleOfZyminx","from":{"q":1,"r":7},"to":{"q":6,"r":11},"msg":"findPath: no valid path found"}
{"level":30,"time":1774382620710,"pid":1603593,"hostname":"TempleOfZyminx","from":{"q":1,"r":7},"to":{"q":6,"r":12},"msg":"findPath: no valid path found"}
{"level":30,"time":1774382620710,"pid":1603593,"hostname":"TempleOfZyminx","from":{"q":1,"r":7},"to":{"q":6,"r":13},"msg":"findPath: no valid path found"}
{"level":30,"time":1774382620710,"pid":1603593,"hostname":"TempleOfZyminx","from":{"q":1,"r":7},"to":{"q":6,"r":14},"msg":"findPath: no valid path found"}
{"level":30,"time":1774382620710,"pid":1603593,"hostname":"TempleOfZyminx","from":{"q":1,"r":7},"to":{"q":6,"r":15},"msg":"findPath: no valid path found"}
{"level":30,"time":1774382620710,"pid":1603593,"hostname":"TempleOfZyminx","from":{"q":1,"r":7},"to":{"q":6,"r":16},"msg":"findPath: no valid path found"}
{"level":30,"time":1774382620710,"pid":1603593,"hostname":"TempleOfZyminx","from":{"q":1,"r":7},"to":{"q":6,"r":17},"msg":"findPath: no valid path found"}
{"level":30,"time":1774382620710,"pid":1603593,"hostname":"TempleOfZyminx","from":{"q":1,"r":7},"to":{"q":6,"r":18},"msg":"findPath: no valid path found"}
{"level":30,"time":1774382620710,"pid":1603593,"hostname":"TempleOfZyminx","from":{"q":1,"r":7},"to":{"q":6,"r":19},"msg":"findPath: no valid path found"}
{"level":30,"time":1774382620710,"pid":1603593,"hostname":"TempleOfZyminx","from":{"q":1,"r":7},"to":{"q":6,"r":20},"msg":"findPath: no valid path found"}
{"level":30,"time":1774382620710,"pid":1603593,"hostname":"TempleOfZyminx","from":{"q":1,"r":7},"to":{"q":6,"r":21},"msg":"findPath: no valid path found"}
{"level":30,"time":1774382620711,"pid":1603593,"hostname":"TempleOfZyminx","from":{"q":1,"r":7},"to":{"q":7,"r":0},"msg":"findPath: no valid path found"}
{"level":30,"time":1774382620711,"pid":1603593,"hostname":"TempleOfZyminx","from":{"q":1,"r":7},"to":{"q":7,"r":1},"msg":"findPath: no valid path found"}
{"level":30,"time":1774382620711,"pid":1603593,"hostname":"TempleOfZyminx","from":{"q":1,"r":7},"to":{"q":7,"r":2},"msg":"findPath: no valid path found"}
{"level":30,"time":1774382620711,"pid":1603593,"hostname":"TempleOfZyminx","from":{"q":1,"r":7},"to":{"q":7,"r":4},"msg":"findPath: no valid path found"}
{"level":30,"time":1774382620711,"pid":1603593,"hostname":"TempleOfZyminx","from":{"q":1,"r":7},"to":{"q":7,"r":5},"msg":"findPath: no valid path found"}
{"level":30,"time":1774382620711,"pid":1603593,"hostname":"TempleOfZyminx","from":{"q":1,"r":7},"to":{"q":7,"r":6},"msg":"findPath: no valid path found"}
{"level":30,"time":1774382620711,"pid":1603593,"hostname":"TempleOfZyminx","from":{"q":1,"r":7},"to":{"q":7,"r":7},"msg":"findPath: no valid path found"}
{"level":30,"time":1774382620711,"pid":1603593,"hostname":"TempleOfZyminx","from":{"q":1,"r":7},"to":{"q":7,"r":8},"msg":"findPath: no valid path found"}
{"level":30,"time":1774382620711,"pid":1603593,"hostname":"TempleOfZyminx","from":{"q":1,"r":7},"to":{"q":7,"r":9},"msg":"findPath: no valid path found"}
{"level":30,"time":1774382620711,"pid":1603593,"hostname":"TempleOfZyminx","from":{"q":1,"r":7},"to":{"q":7,"r":10},"msg":"findPath: no valid path found"}
{"level":30,"time":1774382620712,"pid":1603593,"hostname":"TempleOfZyminx","from":{"q":1,"r":7},"to":{"q":7,"r":11},"msg":"findPath: no valid path found"}
{"level":30,"time":1774382620712,"pid":1603593,"hostname":"TempleOfZyminx","from":{"q":1,"r":7},"to":{"q":7,"r":12},"msg":"findPath: no valid path found"}
{"level":30,"time":1774382620712,"pid":1603593,"hostname":"TempleOfZyminx","from":{"q":1,"r":7},"to":{"q":7,"r":13},"msg":"findPath: no valid path found"}
{"level":30,"time":1774382620712,"pid":1603593,"hostname":"TempleOfZyminx","from":{"q":1,"r":7},"to":{"q":7,"r":14},"msg":"findPath: no valid path found"}
{"level":30,"time":1774382620712,"pid":1603593,"hostname":"TempleOfZyminx","from":{"q":1,"r":7},"to":{"q":7,"r":15},"msg":"findPath: no valid path found"}
{"level":30,"time":1774382620712,"pid":1603593,"hostname":"TempleOfZyminx","from":{"q":1,"r":7},"to":{"q":7,"r":16},"msg":"findPath: no valid path found"}
{"level":30,"time":1774382620712,"pid":1603593,"hostname":"TempleOfZyminx","from":{"q":1,"r":7},"to":{"q":7,"r":17},"msg":"findPath: no valid path found"}
{"level":30,"time":1774382620712,"pid":1603593,"hostname":"TempleOfZyminx","from":{"q":1,"r":7},"to":{"q":7,"r":18},"msg":"findPath: no valid path found"}
{"level":30,"time":1774382620712,"pid":1603593,"hostname":"TempleOfZyminx","from":{"q":1,"r":7},"to":{"q":7,"r":19},"msg":"findPath: no valid path found"}
{"level":30,"time":1774382620712,"pid":1603593,"hostname":"TempleOfZyminx","from":{"q":1,"r":7},"to":{"q":7,"r":20},"msg":"findPath: no valid path found"}
{"level":30,"time":1774382620712,"pid":1603593,"hostname":"TempleOfZyminx","from":{"q":1,"r":7},"to":{"q":7,"r":21},"msg":"findPath: no valid path found"}
{"level":30,"time":1774382620712,"pid":1603593,"hostname":"TempleOfZyminx","from":{"q":1,"r":7},"to":{"q":8,"r":0},"msg":"findPath: no valid path found"}
{"level":30,"time":1774382620712,"pid":1603593,"hostname":"TempleOfZyminx","from":{"q":1,"r":7},"to":{"q":8,"r":1},"msg":"findPath: no valid path found"}
{"level":30,"time":1774382620712,"pid":1603593,"hostname":"TempleOfZyminx","from":{"q":1,"r":7},"to":{"q":8,"r":2},"msg":"findPath: no valid path found"}
{"level":30,"time":1774382620712,"pid":1603593,"hostname":"TempleOfZyminx","from":{"q":1,"r":7},"to":{"q":8,"r":3},"msg":"findPath: no valid path found"}
{"level":30,"time":1774382620712,"pid":1603593,"hostname":"TempleOfZyminx","from":{"q":1,"r":7},"to":{"q":8,"r":4},"msg":"findPath: no valid path found"}
{"level":30,"time":1774382620712,"pid":1603593,"hostname":"TempleOfZyminx","from":{"q":1,"r":7},"to":{"q":8,"r":5},"msg":"findPath: no valid path found"}
{"level":30,"time":1774382620712,"pid":1603593,"hostname":"TempleOfZyminx","from":{"q":1,"r":7},"to":{"q":8,"r":6},"msg":"findPath: no valid path found"}
{"level":30,"time":1774382620713,"pid":1603593,"hostname":"TempleOfZyminx","from":{"q":1,"r":7},"to":{"q":8,"r":7},"msg":"findPath: no valid path found"}
{"level":30,"time":1774382620713,"pid":1603593,"hostname":"TempleOfZyminx","from":{"q":1,"r":7},"to":{"q":8,"r":8},"msg":"findPath: no valid path found"}
{"level":30,"time":1774382620713,"pid":1603593,"hostname":"TempleOfZyminx","from":{"q":1,"r":7},"to":{"q":8,"r":9},"msg":"findPath: no valid path found"}
{"level":30,"time":1774382620713,"pid":1603593,"hostname":"TempleOfZyminx","from":{"q":1,"r":7},"to":{"q":8,"r":10},"msg":"findPath: no valid path found"}
{"level":30,"time":1774382620713,"pid":1603593,"hostname":"TempleOfZyminx","from":{"q":1,"r":7},"to":{"q":8,"r":11},"msg":"findPath: no valid path found"}
{"level":30,"time":1774382620713,"pid":1603593,"hostname":"TempleOfZyminx","from":{"q":1,"r":7},"to":{"q":8,"r":12},"msg":"findPath: no valid path found"}
{"level":30,"time":1774382620713,"pid":1603593,"hostname":"TempleOfZyminx","from":{"q":1,"r":7},"to":{"q":8,"r":13},"msg":"findPath: no valid path found"}
{"level":30,"time":1774382620713,"pid":1603593,"hostname":"TempleOfZyminx","from":{"q":1,"r":7},"to":{"q":8,"r":14},"msg":"findPath: no valid path found"}
{"level":30,"time":1774382620713,"pid":1603593,"hostname":"TempleOfZyminx","from":{"q":1,"r":7},"to":{"q":8,"r":15},"msg":"findPath: no valid path found"}
{"level":30,"time":1774382620713,"pid":1603593,"hostname":"TempleOfZyminx","from":{"q":1,"r":7},"to":{"q":8,"r":16},"msg":"findPath: no valid path found"}
{"level":30,"time":1774382620713,"pid":1603593,"hostname":"TempleOfZyminx","from":{"q":1,"r":7},"to":{"q":8,"r":17},"msg":"findPath: no valid path found"}
{"level":30,"time":1774382620713,"pid":1603593,"hostname":"TempleOfZyminx","from":{"q":1,"r":7},"to":{"q":8,"r":18},"msg":"findPath: no valid path found"}
{"level":30,"time":1774382620713,"pid":1603593,"hostname":"TempleOfZyminx","from":{"q":1,"r":7},"to":{"q":8,"r":19},"msg":"findPath: no valid path found"}
{"level":30,"time":1774382620713,"pid":1603593,"hostname":"TempleOfZyminx","from":{"q":1,"r":7},"to":{"q":8,"r":20},"msg":"findPath: no valid path found"}
{"level":30,"time":1774382620713,"pid":1603593,"hostname":"TempleOfZyminx","from":{"q":1,"r":7},"to":{"q":8,"r":21},"msg":"findPath: no valid path found"}
{"level":30,"time":1774382620713,"pid":1603593,"hostname":"TempleOfZyminx","from":{"q":1,"r":7},"to":{"q":9,"r":0},"msg":"findPath: no valid path found"}
{"level":30,"time":1774382620713,"pid":1603593,"hostname":"TempleOfZyminx","from":{"q":1,"r":7},"to":{"q":9,"r":1},"msg":"findPath: no valid path found"}
{"level":30,"time":1774382620713,"pid":1603593,"hostname":"TempleOfZyminx","from":{"q":1,"r":7},"to":{"q":9,"r":2},"msg":"findPath: no valid path found"}
{"level":30,"time":1774382620714,"pid":1603593,"hostname":"TempleOfZyminx","from":{"q":1,"r":7},"to":{"q":9,"r":3},"msg":"findPath: no valid path found"}
{"level":30,"time":1774382620714,"pid":1603593,"hostname":"TempleOfZyminx","from":{"q":1,"r":7},"to":{"q":9,"r":4},"msg":"findPath: no valid path found"}
{"level":30,"time":1774382620714,"pid":1603593,"hostname":"TempleOfZyminx","from":{"q":1,"r":7},"to":{"q":9,"r":5},"msg":"findPath: no valid path found"}
{"level":30,"time":1774382620714,"pid":1603593,"hostname":"TempleOfZyminx","from":{"q":1,"r":7},"to":{"q":9,"r":6},"msg":"findPath: no valid path found"}
{"level":30,"time":1774382620714,"pid":1603593,"hostname":"TempleOfZyminx","from":{"q":1,"r":7},"to":{"q":9,"r":7},"msg":"findPath: no valid path found"}
{"level":30,"time":1774382620714,"pid":1603593,"hostname":"TempleOfZyminx","from":{"q":1,"r":7},"to":{"q":9,"r":8},"msg":"findPath: no valid path found"}
{"level":30,"time":1774382620714,"pid":1603593,"hostname":"TempleOfZyminx","from":{"q":1,"r":7},"to":{"q":9,"r":9},"msg":"findPath: no valid path found"}
{"level":30,"time":1774382620714,"pid":1603593,"hostname":"TempleOfZyminx","from":{"q":1,"r":7},"to":{"q":9,"r":10},"msg":"findPath: no valid path found"}
{"level":30,"time":1774382620714,"pid":1603593,"hostname":"TempleOfZyminx","from":{"q":1,"r":7},"to":{"q":9,"r":11},"msg":"findPath: no valid path found"}
{"level":30,"time":1774382620714,"pid":1603593,"hostname":"TempleOfZyminx","from":{"q":1,"r":7},"to":{"q":9,"r":12},"msg":"findPath: no valid path found"}
{"level":30,"time":1774382620714,"pid":1603593,"hostname":"TempleOfZyminx","from":{"q":1,"r":7},"to":{"q":9,"r":13},"msg":"findPath: no valid path found"}
{"level":30,"time":1774382620714,"pid":1603593,"hostname":"TempleOfZyminx","from":{"q":1,"r":7},"to":{"q":9,"r":14},"msg":"findPath: no valid path found"}
{"level":30,"time":1774382620714,"pid":1603593,"hostname":"TempleOfZyminx","from":{"q":1,"r":7},"to":{"q":9,"r":15},"msg":"findPath: no valid path found"}
{"level":30,"time":1774382620714,"pid":1603593,"hostname":"TempleOfZyminx","from":{"q":1,"r":7},"to":{"q":9,"r":16},"msg":"findPath: no valid path found"}
{"level":30,"time":1774382620714,"pid":1603593,"hostname":"TempleOfZyminx","from":{"q":1,"r":7},"to":{"q":9,"r":17},"msg":"findPath: no valid path found"}
{"level":30,"time":1774382620714,"pid":1603593,"hostname":"TempleOfZyminx","from":{"q":1,"r":7},"to":{"q":9,"r":18},"msg":"findPath: no valid path found"}
{"level":30,"time":1774382620714,"pid":1603593,"hostname":"TempleOfZyminx","from":{"q":1,"r":7},"to":{"q":9,"r":19},"msg":"findPath: no valid path found"}
{"level":30,"time":1774382620715,"pid":1603593,"hostname":"TempleOfZyminx","from":{"q":1,"r":7},"to":{"q":9,"r":20},"msg":"findPath: no valid path found"}
{"level":30,"time":1774382620715,"pid":1603593,"hostname":"TempleOfZyminx","from":{"q":1,"r":7},"to":{"q":9,"r":21},"msg":"findPath: no valid path found"}
{"level":30,"time":1774382620715,"pid":1603593,"hostname":"TempleOfZyminx","from":{"q":1,"r":7},"to":{"q":10,"r":0},"msg":"findPath: no valid path found"}
{"level":30,"time":1774382620715,"pid":1603593,"hostname":"TempleOfZyminx","from":{"q":1,"r":7},"to":{"q":10,"r":1},"msg":"findPath: no valid path found"}
{"level":30,"time":1774382620715,"pid":1603593,"hostname":"TempleOfZyminx","from":{"q":1,"r":7},"to":{"q":10,"r":2},"msg":"findPath: no valid path found"}
{"level":30,"time":1774382620715,"pid":1603593,"hostname":"TempleOfZyminx","from":{"q":1,"r":7},"to":{"q":10,"r":3},"msg":"findPath: no valid path found"}
{"level":30,"time":1774382620715,"pid":1603593,"hostname":"TempleOfZyminx","from":{"q":1,"r":7},"to":{"q":10,"r":4},"msg":"findPath: no valid path found"}
{"level":30,"time":1774382620715,"pid":1603593,"hostname":"TempleOfZyminx","from":{"q":1,"r":7},"to":{"q":10,"r":5},"msg":"findPath: no valid path found"}
{"level":30,"time":1774382620715,"pid":1603593,"hostname":"TempleOfZyminx","from":{"q":1,"r":7},"to":{"q":10,"r":6},"msg":"findPath: no valid path found"}
{"level":30,"time":1774382620715,"pid":1603593,"hostname":"TempleOfZyminx","from":{"q":1,"r":7},"to":{"q":10,"r":7},"msg":"findPath: no valid path found"}
{"level":30,"time":1774382620715,"pid":1603593,"hostname":"TempleOfZyminx","from":{"q":1,"r":7},"to":{"q":10,"r":8},"msg":"findPath: no valid path found"}
{"level":30,"time":1774382620715,"pid":1603593,"hostname":"TempleOfZyminx","from":{"q":1,"r":7},"to":{"q":10,"r":9},"msg":"findPath: no valid path found"}
{"level":30,"time":1774382620715,"pid":1603593,"hostname":"TempleOfZyminx","from":{"q":1,"r":7},"to":{"q":10,"r":10},"msg":"findPath: no valid path found"}
{"level":30,"time":1774382620715,"pid":1603593,"hostname":"TempleOfZyminx","from":{"q":1,"r":7},"to":{"q":10,"r":11},"msg":"findPath: no valid path found"}
{"level":30,"time":1774382620715,"pid":1603593,"hostname":"TempleOfZyminx","from":{"q":1,"r":7},"to":{"q":10,"r":12},"msg":"findPath: no valid path found"}
{"level":30,"time":1774382620715,"pid":1603593,"hostname":"TempleOfZyminx","from":{"q":1,"r":7},"to":{"q":10,"r":13},"msg":"findPath: no valid path found"}
{"level":30,"time":1774382620715,"pid":1603593,"hostname":"TempleOfZyminx","from":{"q":1,"r":7},"to":{"q":10,"r":14},"msg":"findPath: no valid path found"}
{"level":30,"time":1774382620715,"pid":1603593,"hostname":"TempleOfZyminx","from":{"q":1,"r":7},"to":{"q":10,"r":15},"msg":"findPath: no valid path found"}
{"level":30,"time":1774382620715,"pid":1603593,"hostname":"TempleOfZyminx","from":{"q":1,"r":7},"to":{"q":10,"r":16},"msg":"findPath: no valid path found"}
{"level":30,"time":1774382620716,"pid":1603593,"hostname":"TempleOfZyminx","from":{"q":1,"r":7},"to":{"q":10,"r":17},"msg":"findPath: no valid path found"}
{"level":30,"time":1774382620716,"pid":1603593,"hostname":"TempleOfZyminx","from":{"q":1,"r":7},"to":{"q":10,"r":18},"msg":"findPath: no valid path found"}
{"level":30,"time":1774382620716,"pid":1603593,"hostname":"TempleOfZyminx","from":{"q":1,"r":7},"to":{"q":10,"r":19},"msg":"findPath: no valid path found"}
{"level":30,"time":1774382620716,"pid":1603593,"hostname":"TempleOfZyminx","from":{"q":1,"r":7},"to":{"q":10,"r":20},"msg":"findPath: no valid path found"}
{"level":30,"time":1774382620716,"pid":1603593,"hostname":"TempleOfZyminx","from":{"q":1,"r":7},"to":{"q":10,"r":21},"msg":"findPath: no valid path found"}
{"level":30,"time":1774382620716,"pid":1603593,"hostname":"TempleOfZyminx","from":{"q":1,"r":7},"to":{"q":11,"r":0},"msg":"findPath: no valid path found"}
{"level":30,"time":1774382620716,"pid":1603593,"hostname":"TempleOfZyminx","from":{"q":1,"r":7},"to":{"q":11,"r":1},"msg":"findPath: no valid path found"}
{"level":30,"time":1774382620716,"pid":1603593,"hostname":"TempleOfZyminx","from":{"q":1,"r":7},"to":{"q":11,"r":2},"msg":"findPath: no valid path found"}
{"level":30,"time":1774382620716,"pid":1603593,"hostname":"TempleOfZyminx","from":{"q":1,"r":7},"to":{"q":11,"r":3},"msg":"findPath: no valid path found"}
{"level":30,"time":1774382620716,"pid":1603593,"hostname":"TempleOfZyminx","from":{"q":1,"r":7},"to":{"q":11,"r":4},"msg":"findPath: no valid path found"}
{"level":30,"time":1774382620716,"pid":1603593,"hostname":"TempleOfZyminx","from":{"q":1,"r":7},"to":{"q":11,"r":5},"msg":"findPath: no valid path found"}
{"level":30,"time":1774382620716,"pid":1603593,"hostname":"TempleOfZyminx","from":{"q":1,"r":7},"to":{"q":11,"r":6},"msg":"findPath: no valid path found"}
{"level":30,"time":1774382620716,"pid":1603593,"hostname":"TempleOfZyminx","from":{"q":1,"r":7},"to":{"q":11,"r":7},"msg":"findPath: no valid path found"}
{"level":30,"time":1774382620716,"pid":1603593,"hostname":"TempleOfZyminx","from":{"q":1,"r":7},"to":{"q":11,"r":8},"msg":"findPath: no valid path found"}
{"level":30,"time":1774382620716,"pid":1603593,"hostname":"TempleOfZyminx","from":{"q":1,"r":7},"to":{"q":11,"r":9},"msg":"findPath: no valid path found"}
{"level":30,"time":1774382620716,"pid":1603593,"hostname":"TempleOfZyminx","from":{"q":1,"r":7},"to":{"q":11,"r":10},"msg":"findPath: no valid path found"}
{"level":30,"time":1774382620716,"pid":1603593,"hostname":"TempleOfZyminx","from":{"q":1,"r":7},"to":{"q":11,"r":11},"msg":"findPath: no valid path found"}
{"level":30,"time":1774382620716,"pid":1603593,"hostname":"TempleOfZyminx","from":{"q":1,"r":7},"to":{"q":11,"r":12},"msg":"findPath: no valid path found"}
{"level":30,"time":1774382620716,"pid":1603593,"hostname":"TempleOfZyminx","from":{"q":1,"r":7},"to":{"q":11,"r":13},"msg":"findPath: no valid path found"}
{"level":30,"time":1774382620717,"pid":1603593,"hostname":"TempleOfZyminx","from":{"q":1,"r":7},"to":{"q":11,"r":14},"msg":"findPath: no valid path found"}
{"level":30,"time":1774382620717,"pid":1603593,"hostname":"TempleOfZyminx","from":{"q":1,"r":7},"to":{"q":11,"r":15},"msg":"findPath: no valid path found"}
{"level":30,"time":1774382620717,"pid":1603593,"hostname":"TempleOfZyminx","from":{"q":1,"r":7},"to":{"q":11,"r":16},"msg":"findPath: no valid path found"}
{"level":30,"time":1774382620717,"pid":1603593,"hostname":"TempleOfZyminx","from":{"q":1,"r":7},"to":{"q":11,"r":17},"msg":"findPath: no valid path found"}
{"level":30,"time":1774382620717,"pid":1603593,"hostname":"TempleOfZyminx","from":{"q":1,"r":7},"to":{"q":11,"r":18},"msg":"findPath: no valid path found"}
{"level":30,"time":1774382620717,"pid":1603593,"hostname":"TempleOfZyminx","from":{"q":1,"r":7},"to":{"q":11,"r":19},"msg":"findPath: no valid path found"}
{"level":30,"time":1774382620717,"pid":1603593,"hostname":"TempleOfZyminx","from":{"q":1,"r":7},"to":{"q":11,"r":20},"msg":"findPath: no valid path found"}
{"level":30,"time":1774382620717,"pid":1603593,"hostname":"TempleOfZyminx","from":{"q":1,"r":7},"to":{"q":11,"r":21},"msg":"findPath: no valid path found"}
{"level":30,"time":1774382620717,"pid":1603593,"hostname":"TempleOfZyminx","from":{"q":1,"r":7},"to":{"q":12,"r":0},"msg":"findPath: no valid path found"}
{"level":30,"time":1774382620717,"pid":1603593,"hostname":"TempleOfZyminx","from":{"q":1,"r":7},"to":{"q":12,"r":1},"msg":"findPath: no valid path found"}
{"level":30,"time":1774382620717,"pid":1603593,"hostname":"TempleOfZyminx","from":{"q":1,"r":7},"to":{"q":12,"r":2},"msg":"findPath: no valid path found"}
{"level":30,"time":1774382620717,"pid":1603593,"hostname":"TempleOfZyminx","from":{"q":1,"r":7},"to":{"q":12,"r":3},"msg":"findPath: no valid path found"}
{"level":30,"time":1774382620717,"pid":1603593,"hostname":"TempleOfZyminx","from":{"q":1,"r":7},"to":{"q":12,"r":4},"msg":"findPath: no valid path found"}
{"level":30,"time":1774382620717,"pid":1603593,"hostname":"TempleOfZyminx","from":{"q":1,"r":7},"to":{"q":12,"r":5},"msg":"findPath: no valid path found"}
{"level":30,"time":1774382620717,"pid":1603593,"hostname":"TempleOfZyminx","from":{"q":1,"r":7},"to":{"q":12,"r":6},"msg":"findPath: no valid path found"}
{"level":30,"time":1774382620717,"pid":1603593,"hostname":"TempleOfZyminx","from":{"q":1,"r":7},"to":{"q":12,"r":7},"msg":"findPath: no valid path found"}
{"level":30,"time":1774382620717,"pid":1603593,"hostname":"TempleOfZyminx","from":{"q":1,"r":7},"to":{"q":12,"r":8},"msg":"findPath: no valid path found"}
{"level":30,"time":1774382620717,"pid":1603593,"hostname":"TempleOfZyminx","from":{"q":1,"r":7},"to":{"q":12,"r":9},"msg":"findPath: no valid path found"}
{"level":30,"time":1774382620717,"pid":1603593,"hostname":"TempleOfZyminx","from":{"q":1,"r":7},"to":{"q":12,"r":10},"msg":"findPath: no valid path found"}
{"level":30,"time":1774382620717,"pid":1603593,"hostname":"TempleOfZyminx","from":{"q":1,"r":7},"to":{"q":12,"r":11},"msg":"findPath: no valid path found"}
{"level":30,"time":1774382620718,"pid":1603593,"hostname":"TempleOfZyminx","from":{"q":1,"r":7},"to":{"q":12,"r":12},"msg":"findPath: no valid path found"}
{"level":30,"time":1774382620718,"pid":1603593,"hostname":"TempleOfZyminx","from":{"q":1,"r":7},"to":{"q":12,"r":13},"msg":"findPath: no valid path found"}
{"level":30,"time":1774382620718,"pid":1603593,"hostname":"TempleOfZyminx","from":{"q":1,"r":7},"to":{"q":12,"r":14},"msg":"findPath: no valid path found"}
{"level":30,"time":1774382620718,"pid":1603593,"hostname":"TempleOfZyminx","from":{"q":1,"r":7},"to":{"q":12,"r":15},"msg":"findPath: no valid path found"}
{"level":30,"time":1774382620718,"pid":1603593,"hostname":"TempleOfZyminx","from":{"q":1,"r":7},"to":{"q":12,"r":16},"msg":"findPath: no valid path found"}
{"level":30,"time":1774382620718,"pid":1603593,"hostname":"TempleOfZyminx","from":{"q":1,"r":7},"to":{"q":12,"r":17},"msg":"findPath: no valid path found"}
{"level":30,"time":1774382620718,"pid":1603593,"hostname":"TempleOfZyminx","from":{"q":1,"r":7},"to":{"q":12,"r":18},"msg":"findPath: no valid path found"}
{"level":30,"time":1774382620718,"pid":1603593,"hostname":"TempleOfZyminx","from":{"q":1,"r":7},"to":{"q":12,"r":19},"msg":"findPath: no valid path found"}
{"level":30,"time":1774382620718,"pid":1603593,"hostname":"TempleOfZyminx","from":{"q":1,"r":7},"to":{"q":12,"r":20},"msg":"findPath: no valid path found"}
{"level":30,"time":1774382620718,"pid":1603593,"hostname":"TempleOfZyminx","from":{"q":1,"r":7},"to":{"q":12,"r":21},"msg":"findPath: no valid path found"}
{"level":30,"time":1774382620718,"pid":1603593,"hostname":"TempleOfZyminx","from":{"q":1,"r":7},"to":{"q":13,"r":0},"msg":"findPath: no valid path found"}
{"level":30,"time":1774382620718,"pid":1603593,"hostname":"TempleOfZyminx","from":{"q":1,"r":7},"to":{"q":13,"r":1},"msg":"findPath: no valid path found"}
{"level":30,"time":1774382620718,"pid":1603593,"hostname":"TempleOfZyminx","from":{"q":1,"r":7},"to":{"q":13,"r":2},"msg":"findPath: no valid path found"}
{"level":30,"time":1774382620718,"pid":1603593,"hostname":"TempleOfZyminx","from":{"q":1,"r":7},"to":{"q":13,"r":3},"msg":"findPath: no valid path found"}
{"level":30,"time":1774382620718,"pid":1603593,"hostname":"TempleOfZyminx","from":{"q":1,"r":7},"to":{"q":13,"r":4},"msg":"findPath: no valid path found"}
{"level":30,"time":1774382620718,"pid":1603593,"hostname":"TempleOfZyminx","from":{"q":1,"r":7},"to":{"q":13,"r":5},"msg":"findPath: no valid path found"}
{"level":30,"time":1774382620718,"pid":1603593,"hostname":"TempleOfZyminx","from":{"q":1,"r":7},"to":{"q":13,"r":6},"msg":"findPath: no valid path found"}
{"level":30,"time":1774382620718,"pid":1603593,"hostname":"TempleOfZyminx","from":{"q":1,"r":7},"to":{"q":13,"r":7},"msg":"findPath: no valid path found"}
{"level":30,"time":1774382620719,"pid":1603593,"hostname":"TempleOfZyminx","from":{"q":1,"r":7},"to":{"q":13,"r":8},"msg":"findPath: no valid path found"}
{"level":30,"time":1774382620719,"pid":1603593,"hostname":"TempleOfZyminx","from":{"q":1,"r":7},"to":{"q":13,"r":9},"msg":"findPath: no valid path found"}
{"level":30,"time":1774382620719,"pid":1603593,"hostname":"TempleOfZyminx","from":{"q":1,"r":7},"to":{"q":13,"r":10},"msg":"findPath: no valid path found"}
{"level":30,"time":1774382620719,"pid":1603593,"hostname":"TempleOfZyminx","from":{"q":1,"r":7},"to":{"q":13,"r":11},"msg":"findPath: no valid path found"}
{"level":30,"time":1774382620719,"pid":1603593,"hostname":"TempleOfZyminx","from":{"q":1,"r":7},"to":{"q":13,"r":12},"msg":"findPath: no valid path found"}
{"level":30,"time":1774382620719,"pid":1603593,"hostname":"TempleOfZyminx","from":{"q":1,"r":7},"to":{"q":13,"r":13},"msg":"findPath: no valid path found"}
{"level":30,"time":1774382620719,"pid":1603593,"hostname":"TempleOfZyminx","from":{"q":1,"r":7},"to":{"q":13,"r":14},"msg":"findPath: no valid path found"}
{"level":30,"time":1774382620719,"pid":1603593,"hostname":"TempleOfZyminx","from":{"q":1,"r":7},"to":{"q":13,"r":15},"msg":"findPath: no valid path found"}
{"level":30,"time":1774382620719,"pid":1603593,"hostname":"TempleOfZyminx","from":{"q":1,"r":7},"to":{"q":13,"r":16},"msg":"findPath: no valid path found"}
{"level":30,"time":1774382620719,"pid":1603593,"hostname":"TempleOfZyminx","from":{"q":1,"r":7},"to":{"q":13,"r":17},"msg":"findPath: no valid path found"}
{"level":30,"time":1774382620719,"pid":1603593,"hostname":"TempleOfZyminx","from":{"q":1,"r":7},"to":{"q":13,"r":18},"msg":"findPath: no valid path found"}
{"level":30,"time":1774382620719,"pid":1603593,"hostname":"TempleOfZyminx","from":{"q":1,"r":7},"to":{"q":13,"r":19},"msg":"findPath: no valid path found"}
{"level":30,"time":1774382620719,"pid":1603593,"hostname":"TempleOfZyminx","from":{"q":1,"r":7},"to":{"q":13,"r":20},"msg":"findPath: no valid path found"}
{"level":30,"time":1774382620719,"pid":1603593,"hostname":"TempleOfZyminx","from":{"q":1,"r":7},"to":{"q":13,"r":21},"msg":"findPath: no valid path found"}
{"level":30,"time":1774382620719,"pid":1603593,"hostname":"TempleOfZyminx","from":{"q":1,"r":7},"to":{"q":14,"r":0},"msg":"findPath: no valid path found"}
{"level":30,"time":1774382620719,"pid":1603593,"hostname":"TempleOfZyminx","from":{"q":1,"r":7},"to":{"q":14,"r":1},"msg":"findPath: no valid path found"}
{"level":30,"time":1774382620719,"pid":1603593,"hostname":"TempleOfZyminx","from":{"q":1,"r":7},"to":{"q":14,"r":2},"msg":"findPath: no valid path found"}
{"level":30,"time":1774382620719,"pid":1603593,"hostname":"TempleOfZyminx","from":{"q":1,"r":7},"to":{"q":14,"r":3},"msg":"findPath: no valid path found"}
{"level":30,"time":1774382620719,"pid":1603593,"hostname":"TempleOfZyminx","from":{"q":1,"r":7},"to":{"q":14,"r":4},"msg":"findPath: no valid path found"}
{"level":30,"time":1774382620719,"pid":1603593,"hostname":"TempleOfZyminx","from":{"q":1,"r":7},"to":{"q":14,"r":5},"msg":"findPath: no valid path found"}
{"level":30,"time":1774382620720,"pid":1603593,"hostname":"TempleOfZyminx","from":{"q":1,"r":7},"to":{"q":14,"r":6},"msg":"findPath: no valid path found"}
{"level":30,"time":1774382620720,"pid":1603593,"hostname":"TempleOfZyminx","from":{"q":1,"r":7},"to":{"q":14,"r":7},"msg":"findPath: no valid path found"}
{"level":30,"time":1774382620720,"pid":1603593,"hostname":"TempleOfZyminx","from":{"q":1,"r":7},"to":{"q":14,"r":8},"msg":"findPath: no valid path found"}
{"level":30,"time":1774382620720,"pid":1603593,"hostname":"TempleOfZyminx","from":{"q":1,"r":7},"to":{"q":14,"r":9},"msg":"findPath: no valid path found"}
{"level":30,"time":1774382620720,"pid":1603593,"hostname":"TempleOfZyminx","from":{"q":1,"r":7},"to":{"q":14,"r":10},"msg":"findPath: no valid path found"}
{"level":30,"time":1774382620720,"pid":1603593,"hostname":"TempleOfZyminx","from":{"q":1,"r":7},"to":{"q":14,"r":11},"msg":"findPath: no valid path found"}
{"level":30,"time":1774382620720,"pid":1603593,"hostname":"TempleOfZyminx","from":{"q":1,"r":7},"to":{"q":14,"r":12},"msg":"findPath: no valid path found"}
{"level":30,"time":1774382620720,"pid":1603593,"hostname":"TempleOfZyminx","from":{"q":1,"r":7},"to":{"q":14,"r":13},"msg":"findPath: no valid path found"}
{"level":30,"time":1774382620720,"pid":1603593,"hostname":"TempleOfZyminx","from":{"q":1,"r":7},"to":{"q":14,"r":14},"msg":"findPath: no valid path found"}
{"level":30,"time":1774382620720,"pid":1603593,"hostname":"TempleOfZyminx","from":{"q":1,"r":7},"to":{"q":14,"r":15},"msg":"findPath: no valid path found"}
{"level":30,"time":1774382620720,"pid":1603593,"hostname":"TempleOfZyminx","from":{"q":1,"r":7},"to":{"q":14,"r":16},"msg":"findPath: no valid path found"}
{"level":30,"time":1774382620720,"pid":1603593,"hostname":"TempleOfZyminx","from":{"q":1,"r":7},"to":{"q":14,"r":17},"msg":"findPath: no valid path found"}
{"level":30,"time":1774382620720,"pid":1603593,"hostname":"TempleOfZyminx","from":{"q":1,"r":7},"to":{"q":14,"r":18},"msg":"findPath: no valid path found"}
{"level":30,"time":1774382620720,"pid":1603593,"hostname":"TempleOfZyminx","from":{"q":1,"r":7},"to":{"q":14,"r":19},"msg":"findPath: no valid path found"}
{"level":30,"time":1774382620720,"pid":1603593,"hostname":"TempleOfZyminx","from":{"q":1,"r":7},"to":{"q":14,"r":20},"msg":"findPath: no valid path found"}
{"level":30,"time":1774382620720,"pid":1603593,"hostname":"TempleOfZyminx","from":{"q":1,"r":7},"to":{"q":14,"r":21},"msg":"findPath: no valid path found"}
{"level":30,"time":1774382620721,"pid":1603593,"hostname":"TempleOfZyminx","id":"5a0b0710-4b16-4941-91e6-ae9a2c92bfc5","command":"MOVE","msg":"Submitting game action"}
{"level":30,"time":1774382620721,"pid":1603593,"hostname":"TempleOfZyminx","gameId":"5a0b0710-4b16-4941-91e6-ae9a2c92bfc5","unitId":"wolf-1","msg":"Processing MOVE command"}
{"level":30,"time":1774382620722,"pid":1603593,"hostname":"TempleOfZyminx","id":"5a0b0710-4b16-4941-91e6-ae9a2c92bfc5","msg":"Fetching game state"}
{"level":30,"time":1774382620722,"pid":1603593,"hostname":"TempleOfZyminx","id":"5a0b0710-4b16-4941-91e6-ae9a2c92bfc5","msg":"Fetching game state"}
{"level":30,"time":1774382620723,"pid":1603593,"hostname":"TempleOfZyminx","id":"5a0b0710-4b16-4941-91e6-ae9a2c92bfc5","command":"END_PHASE","msg":"Submitting game action"}
{"level":30,"time":1774382620723,"pid":1603593,"hostname":"TempleOfZyminx","gameId":"5a0b0710-4b16-4941-91e6-ae9a2c92bfc5","phase":"DEFENDER_MOVE","msg":"Advancing phase"}
{"level":30,"time":1774382620723,"pid":1603593,"hostname":"TempleOfZyminx","phase":"DEFENDER_MOVE","turnNumber":3,"msg":"Advancing phase in engine"}
{"level":30,"time":1774382620724,"pid":1603593,"hostname":"TempleOfZyminx","id":"5a0b0710-4b16-4941-91e6-ae9a2c92bfc5","msg":"Fetching game state"}
{"level":30,"time":1774382620724,"pid":1603593,"hostname":"TempleOfZyminx","id":"5a0b0710-4b16-4941-91e6-ae9a2c92bfc5","msg":"Fetching game state"}
{"level":30,"time":1774382620724,"pid":1603593,"hostname":"TempleOfZyminx","id":"5a0b0710-4b16-4941-91e6-ae9a2c92bfc5","command":"FIRE","msg":"Submitting game action"}
{"level":30,"time":1774382620725,"pid":1603593,"hostname":"TempleOfZyminx","gameId":"5a0b0710-4b16-4941-91e6-ae9a2c92bfc5","type":"FIRE","msg":"Processing combat command"}
{"level":30,"time":1774382620725,"pid":1603593,"hostname":"TempleOfZyminx","commandType":"FIRE","msg":"Validating combat action"}
{"level":30,"time":1774382620725,"pid":1603593,"hostname":"TempleOfZyminx","plan":{"actionType":"FIRE","actor":"defender","attackerIds":["wolf-1"],"target":{"kind":"treads","id":"onion-1"},"attackStrength":2,"defense":0},"msg":"Executing combat action"}
{"level":30,"time":1774382620725,"pid":1603593,"hostname":"TempleOfZyminx","id":"5a0b0710-4b16-4941-91e6-ae9a2c92bfc5","command":"FIRE","msg":"Submitting game action"}
{"level":30,"time":1774382620726,"pid":1603593,"hostname":"TempleOfZyminx","gameId":"5a0b0710-4b16-4941-91e6-ae9a2c92bfc5","type":"FIRE","msg":"Processing combat command"}
{"level":30,"time":1774382620726,"pid":1603593,"hostname":"TempleOfZyminx","commandType":"FIRE","msg":"Validating combat action"}
{"level":30,"time":1774382620726,"pid":1603593,"hostname":"TempleOfZyminx","plan":{"actionType":"FIRE","actor":"defender","attackerIds":["wolf-2"],"target":{"kind":"weapon","id":"main"},"attackStrength":2,"defense":4},"msg":"Executing combat action"}
{"level":30,"time":1774382620726,"pid":1603593,"hostname":"TempleOfZyminx","id":"5a0b0710-4b16-4941-91e6-ae9a2c92bfc5","msg":"Fetching game state"}
{"level":30,"time":1774382620727,"pid":1603593,"hostname":"TempleOfZyminx","id":"5a0b0710-4b16-4941-91e6-ae9a2c92bfc5","command":"END_PHASE","msg":"Submitting game action"}
{"level":30,"time":1774382620727,"pid":1603593,"hostname":"TempleOfZyminx","gameId":"5a0b0710-4b16-4941-91e6-ae9a2c92bfc5","phase":"DEFENDER_COMBAT","msg":"Advancing phase"}
{"level":30,"time":1774382620727,"pid":1603593,"hostname":"TempleOfZyminx","phase":"DEFENDER_COMBAT","turnNumber":3,"msg":"Advancing phase in engine"}
{"level":30,"time":1774382620727,"pid":1603593,"hostname":"TempleOfZyminx","id":"5a0b0710-4b16-4941-91e6-ae9a2c92bfc5","msg":"Fetching game state"}
{"level":30,"time":1774382620728,"pid":1604033,"hostname":"TempleOfZyminx","scenarioId":"swamp-siege-01","role":"onion","msg":"Creating new game match"}
{"level":30,"time":1774382620728,"pid":1603593,"hostname":"TempleOfZyminx","id":"5a0b0710-4b16-4941-91e6-ae9a2c92bfc5","msg":"Fetching game state"}
{"level":30,"time":1774382620728,"pid":1603593,"hostname":"TempleOfZyminx","from":{"q":0,"r":8},"to":{"q":0,"r":0},"msg":"findPath: no valid path found"}
{"level":30,"time":1774382620728,"pid":1604033,"hostname":"TempleOfZyminx","gameId":"092b2cb6-eafa-4f26-a0d5-93e55ce85ee4","role":"onion","msg":"Game match created"}
{"level":30,"time":1774382620728,"pid":1603593,"hostname":"TempleOfZyminx","from":{"q":0,"r":8},"to":{"q":0,"r":1},"msg":"findPath: no valid path found"}
{"level":30,"time":1774382620728,"pid":1603593,"hostname":"TempleOfZyminx","from":{"q":0,"r":8},"to":{"q":0,"r":2},"msg":"findPath: no valid path found"}
{"level":30,"time":1774382620728,"pid":1603593,"hostname":"TempleOfZyminx","from":{"q":0,"r":8},"to":{"q":0,"r":3},"msg":"findPath: no valid path found"}
{"level":30,"time":1774382620728,"pid":1603593,"hostname":"TempleOfZyminx","from":{"q":0,"r":8},"to":{"q":0,"r":13},"msg":"findPath: no valid path found"}
{"level":30,"time":1774382620729,"pid":1603593,"hostname":"TempleOfZyminx","from":{"q":0,"r":8},"to":{"q":0,"r":14},"msg":"findPath: no valid path found"}
{"level":30,"time":1774382620729,"pid":1604033,"hostname":"TempleOfZyminx","id":"092b2cb6-eafa-4f26-a0d5-93e55ce85ee4","msg":"User joining game"}
{"level":30,"time":1774382620729,"pid":1603593,"hostname":"TempleOfZyminx","from":{"q":0,"r":8},"to":{"q":0,"r":15},"msg":"findPath: no valid path found"}
{"level":30,"time":1774382620729,"pid":1603593,"hostname":"TempleOfZyminx","from":{"q":0,"r":8},"to":{"q":0,"r":16},"msg":"findPath: no valid path found"}
{"level":30,"time":1774382620729,"pid":1604033,"hostname":"TempleOfZyminx","gameId":"092b2cb6-eafa-4f26-a0d5-93e55ce85ee4","role":"defender","msg":"User joined game"}
{"level":30,"time":1774382620729,"pid":1603593,"hostname":"TempleOfZyminx","from":{"q":0,"r":8},"to":{"q":0,"r":17},"msg":"findPath: no valid path found"}
{"level":30,"time":1774382620729,"pid":1603593,"hostname":"TempleOfZyminx","from":{"q":0,"r":8},"to":{"q":0,"r":18},"msg":"findPath: no valid path found"}
{"level":30,"time":1774382620729,"pid":1603593,"hostname":"TempleOfZyminx","from":{"q":0,"r":8},"to":{"q":0,"r":19},"msg":"findPath: no valid path found"}
{"level":30,"time":1774382620729,"pid":1603593,"hostname":"TempleOfZyminx","from":{"q":0,"r":8},"to":{"q":0,"r":20},"msg":"findPath: no valid path found"}
{"level":30,"time":1774382620729,"pid":1603593,"hostname":"TempleOfZyminx","from":{"q":0,"r":8},"to":{"q":0,"r":21},"msg":"findPath: no valid path found"}
{"level":30,"time":1774382620729,"pid":1603593,"hostname":"TempleOfZyminx","from":{"q":0,"r":8},"to":{"q":1,"r":0},"msg":"findPath: no valid path found"}
{"level":30,"time":1774382620729,"pid":1603593,"hostname":"TempleOfZyminx","from":{"q":0,"r":8},"to":{"q":1,"r":1},"msg":"findPath: no valid path found"}
{"level":30,"time":1774382620729,"pid":1603593,"hostname":"TempleOfZyminx","from":{"q":0,"r":8},"to":{"q":1,"r":2},"msg":"findPath: no valid path found"}
{"level":30,"time":1774382620729,"pid":1603593,"hostname":"TempleOfZyminx","from":{"q":0,"r":8},"to":{"q":1,"r":3},"msg":"findPath: no valid path found"}
{"level":30,"time":1774382620729,"pid":1603593,"hostname":"TempleOfZyminx","from":{"q":0,"r":8},"to":{"q":1,"r":12},"msg":"findPath: no valid path found"}
{"level":30,"time":1774382620729,"pid":1603593,"hostname":"TempleOfZyminx","from":{"q":0,"r":8},"to":{"q":1,"r":13},"msg":"findPath: no valid path found"}
{"level":30,"time":1774382620729,"pid":1603593,"hostname":"TempleOfZyminx","from":{"q":0,"r":8},"to":{"q":1,"r":14},"msg":"findPath: no valid path found"}
{"level":30,"time":1774382620729,"pid":1603593,"hostname":"TempleOfZyminx","from":{"q":0,"r":8},"to":{"q":1,"r":15},"msg":"findPath: no valid path found"}
{"level":30,"time":1774382620729,"pid":1603593,"hostname":"TempleOfZyminx","from":{"q":0,"r":8},"to":{"q":1,"r":16},"msg":"findPath: no valid path found"}
{"level":30,"time":1774382620729,"pid":1603593,"hostname":"TempleOfZyminx","from":{"q":0,"r":8},"to":{"q":1,"r":17},"msg":"findPath: no valid path found"}
{"level":30,"time":1774382620729,"pid":1603593,"hostname":"TempleOfZyminx","from":{"q":0,"r":8},"to":{"q":1,"r":18},"msg":"findPath: no valid path found"}
{"level":30,"time":1774382620729,"pid":1603593,"hostname":"TempleOfZyminx","from":{"q":0,"r":8},"to":{"q":1,"r":19},"msg":"findPath: no valid path found"}
{"level":30,"time":1774382620729,"pid":1604033,"hostname":"TempleOfZyminx","id":"092b2cb6-eafa-4f26-a0d5-93e55ce85ee4","command":"END_PHASE","msg":"Submitting game action"}
{"level":30,"time":1774382620729,"pid":1603593,"hostname":"TempleOfZyminx","from":{"q":0,"r":8},"to":{"q":1,"r":20},"msg":"findPath: no valid path found"}
{"level":30,"time":1774382620730,"pid":1603593,"hostname":"TempleOfZyminx","from":{"q":0,"r":8},"to":{"q":1,"r":21},"msg":"findPath: no valid path found"}
{"level":30,"time":1774382620730,"pid":1603593,"hostname":"TempleOfZyminx","from":{"q":0,"r":8},"to":{"q":2,"r":0},"msg":"findPath: no valid path found"}
{"level":30,"time":1774382620730,"pid":1604033,"hostname":"TempleOfZyminx","gameId":"092b2cb6-eafa-4f26-a0d5-93e55ce85ee4","phase":"ONION_MOVE","msg":"Advancing phase"}
{"level":30,"time":1774382620730,"pid":1603593,"hostname":"TempleOfZyminx","from":{"q":0,"r":8},"to":{"q":2,"r":1},"msg":"findPath: no valid path found"}
{"level":30,"time":1774382620730,"pid":1603593,"hostname":"TempleOfZyminx","from":{"q":0,"r":8},"to":{"q":2,"r":2},"msg":"findPath: no valid path found"}
{"level":30,"time":1774382620730,"pid":1603593,"hostname":"TempleOfZyminx","from":{"q":0,"r":8},"to":{"q":2,"r":3},"msg":"findPath: no valid path found"}
{"level":30,"time":1774382620730,"pid":1603593,"hostname":"TempleOfZyminx","from":{"q":0,"r":8},"to":{"q":2,"r":11},"msg":"findPath: no valid path found"}
{"level":30,"time":1774382620730,"pid":1603593,"hostname":"TempleOfZyminx","from":{"q":0,"r":8},"to":{"q":2,"r":12},"msg":"findPath: no valid path found"}
{"level":30,"time":1774382620730,"pid":1603593,"hostname":"TempleOfZyminx","from":{"q":0,"r":8},"to":{"q":2,"r":13},"msg":"findPath: no valid path found"}
{"level":30,"time":1774382620730,"pid":1603593,"hostname":"TempleOfZyminx","from":{"q":0,"r":8},"to":{"q":2,"r":14},"msg":"findPath: no valid path found"}
{"level":30,"time":1774382620730,"pid":1603593,"hostname":"TempleOfZyminx","from":{"q":0,"r":8},"to":{"q":2,"r":15},"msg":"findPath: no valid path found"}
{"level":30,"time":1774382620730,"pid":1603593,"hostname":"TempleOfZyminx","from":{"q":0,"r":8},"to":{"q":2,"r":16},"msg":"findPath: no valid path found"}
{"level":30,"time":1774382620730,"pid":1603593,"hostname":"TempleOfZyminx","from":{"q":0,"r":8},"to":{"q":2,"r":17},"msg":"findPath: no valid path found"}
{"level":30,"time":1774382620730,"pid":1603593,"hostname":"TempleOfZyminx","from":{"q":0,"r":8},"to":{"q":2,"r":18},"msg":"findPath: no valid path found"}
{"level":30,"time":1774382620730,"pid":1603593,"hostname":"TempleOfZyminx","from":{"q":0,"r":8},"to":{"q":2,"r":19},"msg":"findPath: no valid path found"}
{"level":30,"time":1774382620730,"pid":1603593,"hostname":"TempleOfZyminx","from":{"q":0,"r":8},"to":{"q":2,"r":20},"msg":"findPath: no valid path found"}
{"level":30,"time":1774382620730,"pid":1603593,"hostname":"TempleOfZyminx","from":{"q":0,"r":8},"to":{"q":2,"r":21},"msg":"findPath: no valid path found"}
{"level":30,"time":1774382620730,"pid":1603593,"hostname":"TempleOfZyminx","from":{"q":0,"r":8},"to":{"q":3,"r":0},"msg":"findPath: no valid path found"}
{"level":30,"time":1774382620730,"pid":1603593,"hostname":"TempleOfZyminx","from":{"q":0,"r":8},"to":{"q":3,"r":1},"msg":"findPath: no valid path found"}
{"level":30,"time":1774382620730,"pid":1603593,"hostname":"TempleOfZyminx","from":{"q":0,"r":8},"to":{"q":3,"r":2},"msg":"findPath: no valid path found"}
{"level":30,"time":1774382620730,"pid":1603593,"hostname":"TempleOfZyminx","from":{"q":0,"r":8},"to":{"q":3,"r":3},"msg":"findPath: no valid path found"}
{"level":30,"time":1774382620731,"pid":1603593,"hostname":"TempleOfZyminx","from":{"q":0,"r":8},"to":{"q":3,"r":8},"msg":"findPath: no valid path found"}
{"level":30,"time":1774382620731,"pid":1603593,"hostname":"TempleOfZyminx","from":{"q":0,"r":8},"to":{"q":3,"r":10},"msg":"findPath: no valid path found"}
{"level":30,"time":1774382620731,"pid":1603593,"hostname":"TempleOfZyminx","from":{"q":0,"r":8},"to":{"q":3,"r":11},"msg":"findPath: no valid path found"}
{"level":30,"time":1774382620731,"pid":1603593,"hostname":"TempleOfZyminx","from":{"q":0,"r":8},"to":{"q":3,"r":12},"msg":"findPath: no valid path found"}
{"level":30,"time":1774382620731,"pid":1603593,"hostname":"TempleOfZyminx","from":{"q":0,"r":8},"to":{"q":3,"r":13},"msg":"findPath: no valid path found"}
{"level":30,"time":1774382620731,"pid":1603593,"hostname":"TempleOfZyminx","from":{"q":0,"r":8},"to":{"q":3,"r":14},"msg":"findPath: no valid path found"}
{"level":30,"time":1774382620731,"pid":1603593,"hostname":"TempleOfZyminx","from":{"q":0,"r":8},"to":{"q":3,"r":15},"msg":"findPath: no valid path found"}
{"level":30,"time":1774382620731,"pid":1603593,"hostname":"TempleOfZyminx","from":{"q":0,"r":8},"to":{"q":3,"r":16},"msg":"findPath: no valid path found"}
{"level":30,"time":1774382620731,"pid":1603593,"hostname":"TempleOfZyminx","from":{"q":0,"r":8},"to":{"q":3,"r":17},"msg":"findPath: no valid path found"}
{"level":30,"time":1774382620731,"pid":1603593,"hostname":"TempleOfZyminx","from":{"q":0,"r":8},"to":{"q":3,"r":18},"msg":"findPath: no valid path found"}
{"level":30,"time":1774382620731,"pid":1603593,"hostname":"TempleOfZyminx","from":{"q":0,"r":8},"to":{"q":3,"r":19},"msg":"findPath: no valid path found"}
{"level":30,"time":1774382620731,"pid":1603593,"hostname":"TempleOfZyminx","from":{"q":0,"r":8},"to":{"q":3,"r":20},"msg":"findPath: no valid path found"}
{"level":30,"time":1774382620731,"pid":1603593,"hostname":"TempleOfZyminx","from":{"q":0,"r":8},"to":{"q":3,"r":21},"msg":"findPath: no valid path found"}
{"level":30,"time":1774382620731,"pid":1603593,"hostname":"TempleOfZyminx","from":{"q":0,"r":8},"to":{"q":4,"r":0},"msg":"findPath: no valid path found"}
{"level":30,"time":1774382620731,"pid":1603593,"hostname":"TempleOfZyminx","from":{"q":0,"r":8},"to":{"q":4,"r":1},"msg":"findPath: no valid path found"}
{"level":30,"time":1774382620731,"pid":1603593,"hostname":"TempleOfZyminx","from":{"q":0,"r":8},"to":{"q":4,"r":2},"msg":"findPath: no valid path found"}
{"level":30,"time":1774382620731,"pid":1603593,"hostname":"TempleOfZyminx","from":{"q":0,"r":8},"to":{"q":4,"r":3},"msg":"findPath: no valid path found"}
{"level":30,"time":1774382620731,"pid":1603593,"hostname":"TempleOfZyminx","from":{"q":0,"r":8},"to":{"q":4,"r":8},"msg":"findPath: no valid path found"}
{"level":30,"time":1774382620731,"pid":1603593,"hostname":"TempleOfZyminx","from":{"q":0,"r":8},"to":{"q":4,"r":9},"msg":"findPath: no valid path found"}
{"level":30,"time":1774382620731,"pid":1603593,"hostname":"TempleOfZyminx","from":{"q":0,"r":8},"to":{"q":4,"r":10},"msg":"findPath: no valid path found"}
{"level":30,"time":1774382620731,"pid":1603593,"hostname":"TempleOfZyminx","from":{"q":0,"r":8},"to":{"q":4,"r":11},"msg":"findPath: no valid path found"}
{"level":30,"time":1774382620731,"pid":1603593,"hostname":"TempleOfZyminx","from":{"q":0,"r":8},"to":{"q":4,"r":12},"msg":"findPath: no valid path found"}
{"level":30,"time":1774382620731,"pid":1603593,"hostname":"TempleOfZyminx","from":{"q":0,"r":8},"to":{"q":4,"r":13},"msg":"findPath: no valid path found"}
{"level":30,"time":1774382620731,"pid":1603593,"hostname":"TempleOfZyminx","from":{"q":0,"r":8},"to":{"q":4,"r":14},"msg":"findPath: no valid path found"}
{"level":30,"time":1774382620732,"pid":1603593,"hostname":"TempleOfZyminx","from":{"q":0,"r":8},"to":{"q":4,"r":15},"msg":"findPath: no valid path found"}
{"level":30,"time":1774382620732,"pid":1603593,"hostname":"TempleOfZyminx","from":{"q":0,"r":8},"to":{"q":4,"r":16},"msg":"findPath: no valid path found"}
{"level":30,"time":1774382620732,"pid":1603593,"hostname":"TempleOfZyminx","from":{"q":0,"r":8},"to":{"q":4,"r":17},"msg":"findPath: no valid path found"}
{"level":30,"time":1774382620732,"pid":1603593,"hostname":"TempleOfZyminx","from":{"q":0,"r":8},"to":{"q":4,"r":18},"msg":"findPath: no valid path found"}
{"level":30,"time":1774382620732,"pid":1603593,"hostname":"TempleOfZyminx","from":{"q":0,"r":8},"to":{"q":4,"r":19},"msg":"findPath: no valid path found"}
{"level":30,"time":1774382620732,"pid":1603593,"hostname":"TempleOfZyminx","from":{"q":0,"r":8},"to":{"q":4,"r":20},"msg":"findPath: no valid path found"}
{"level":30,"time":1774382620732,"pid":1603593,"hostname":"TempleOfZyminx","from":{"q":0,"r":8},"to":{"q":4,"r":21},"msg":"findPath: no valid path found"}
{"level":30,"time":1774382620732,"pid":1603593,"hostname":"TempleOfZyminx","from":{"q":0,"r":8},"to":{"q":5,"r":0},"msg":"findPath: no valid path found"}
{"level":30,"time":1774382620732,"pid":1603593,"hostname":"TempleOfZyminx","from":{"q":0,"r":8},"to":{"q":5,"r":1},"msg":"findPath: no valid path found"}
{"level":30,"time":1774382620732,"pid":1603593,"hostname":"TempleOfZyminx","from":{"q":0,"r":8},"to":{"q":5,"r":2},"msg":"findPath: no valid path found"}
{"level":30,"time":1774382620732,"pid":1603593,"hostname":"TempleOfZyminx","from":{"q":0,"r":8},"to":{"q":5,"r":3},"msg":"findPath: no valid path found"}
{"level":30,"time":1774382620732,"pid":1603593,"hostname":"TempleOfZyminx","from":{"q":0,"r":8},"to":{"q":5,"r":4},"msg":"findPath: no valid path found"}
{"level":30,"time":1774382620732,"pid":1603593,"hostname":"TempleOfZyminx","from":{"q":0,"r":8},"to":{"q":5,"r":5},"msg":"findPath: no valid path found"}
{"level":30,"time":1774382620732,"pid":1603593,"hostname":"TempleOfZyminx","from":{"q":0,"r":8},"to":{"q":5,"r":6},"msg":"findPath: no valid path found"}
{"level":30,"time":1774382620732,"pid":1603593,"hostname":"TempleOfZyminx","from":{"q":0,"r":8},"to":{"q":5,"r":8},"msg":"findPath: no valid path found"}
{"level":30,"time":1774382620732,"pid":1603593,"hostname":"TempleOfZyminx","from":{"q":0,"r":8},"to":{"q":5,"r":9},"msg":"findPath: no valid path found"}
{"level":30,"time":1774382620732,"pid":1603593,"hostname":"TempleOfZyminx","from":{"q":0,"r":8},"to":{"q":5,"r":10},"msg":"findPath: no valid path found"}
{"level":30,"time":1774382620732,"pid":1603593,"hostname":"TempleOfZyminx","from":{"q":0,"r":8},"to":{"q":5,"r":11},"msg":"findPath: no valid path found"}
{"level":30,"time":1774382620732,"pid":1603593,"hostname":"TempleOfZyminx","from":{"q":0,"r":8},"to":{"q":5,"r":12},"msg":"findPath: no valid path found"}
{"level":30,"time":1774382620732,"pid":1603593,"hostname":"TempleOfZyminx","from":{"q":0,"r":8},"to":{"q":5,"r":13},"msg":"findPath: no valid path found"}
{"level":30,"time":1774382620732,"pid":1603593,"hostname":"TempleOfZyminx","from":{"q":0,"r":8},"to":{"q":5,"r":14},"msg":"findPath: no valid path found"}
{"level":30,"time":1774382620732,"pid":1603593,"hostname":"TempleOfZyminx","from":{"q":0,"r":8},"to":{"q":5,"r":15},"msg":"findPath: no valid path found"}
{"level":30,"time":1774382620732,"pid":1603593,"hostname":"TempleOfZyminx","from":{"q":0,"r":8},"to":{"q":5,"r":16},"msg":"findPath: no valid path found"}
{"level":30,"time":1774382620733,"pid":1603593,"hostname":"TempleOfZyminx","from":{"q":0,"r":8},"to":{"q":5,"r":17},"msg":"findPath: no valid path found"}
{"level":30,"time":1774382620733,"pid":1603593,"hostname":"TempleOfZyminx","from":{"q":0,"r":8},"to":{"q":5,"r":18},"msg":"findPath: no valid path found"}
{"level":30,"time":1774382620733,"pid":1603593,"hostname":"TempleOfZyminx","from":{"q":0,"r":8},"to":{"q":5,"r":19},"msg":"findPath: no valid path found"}
{"level":30,"time":1774382620733,"pid":1603593,"hostname":"TempleOfZyminx","from":{"q":0,"r":8},"to":{"q":5,"r":20},"msg":"findPath: no valid path found"}
{"level":30,"time":1774382620733,"pid":1603593,"hostname":"TempleOfZyminx","from":{"q":0,"r":8},"to":{"q":5,"r":21},"msg":"findPath: no valid path found"}
{"level":30,"time":1774382620733,"pid":1603593,"hostname":"TempleOfZyminx","from":{"q":0,"r":8},"to":{"q":6,"r":0},"msg":"findPath: no valid path found"}
{"level":30,"time":1774382620733,"pid":1603593,"hostname":"TempleOfZyminx","from":{"q":0,"r":8},"to":{"q":6,"r":1},"msg":"findPath: no valid path found"}
{"level":30,"time":1774382620733,"pid":1603593,"hostname":"TempleOfZyminx","from":{"q":0,"r":8},"to":{"q":6,"r":2},"msg":"findPath: no valid path found"}
{"level":30,"time":1774382620733,"pid":1603593,"hostname":"TempleOfZyminx","from":{"q":0,"r":8},"to":{"q":6,"r":3},"msg":"findPath: no valid path found"}
{"level":30,"time":1774382620733,"pid":1603593,"hostname":"TempleOfZyminx","from":{"q":0,"r":8},"to":{"q":6,"r":5},"msg":"findPath: no valid path found"}
{"level":30,"time":1774382620733,"pid":1603593,"hostname":"TempleOfZyminx","from":{"q":0,"r":8},"to":{"q":6,"r":6},"msg":"findPath: no valid path found"}
{"level":30,"time":1774382620733,"pid":1603593,"hostname":"TempleOfZyminx","from":{"q":0,"r":8},"to":{"q":6,"r":7},"msg":"findPath: no valid path found"}
{"level":30,"time":1774382620733,"pid":1603593,"hostname":"TempleOfZyminx","from":{"q":0,"r":8},"to":{"q":6,"r":8},"msg":"findPath: no valid path found"}
{"level":30,"time":1774382620733,"pid":1603593,"hostname":"TempleOfZyminx","from":{"q":0,"r":8},"to":{"q":6,"r":9},"msg":"findPath: no valid path found"}
{"level":30,"time":1774382620733,"pid":1603593,"hostname":"TempleOfZyminx","from":{"q":0,"r":8},"to":{"q":6,"r":10},"msg":"findPath: no valid path found"}
{"level":30,"time":1774382620733,"pid":1603593,"hostname":"TempleOfZyminx","from":{"q":0,"r":8},"to":{"q":6,"r":11},"msg":"findPath: no valid path found"}
{"level":30,"time":1774382620733,"pid":1603593,"hostname":"TempleOfZyminx","from":{"q":0,"r":8},"to":{"q":6,"r":12},"msg":"findPath: no valid path found"}
{"level":30,"time":1774382620733,"pid":1603593,"hostname":"TempleOfZyminx","from":{"q":0,"r":8},"to":{"q":6,"r":13},"msg":"findPath: no valid path found"}
{"level":30,"time":1774382620733,"pid":1603593,"hostname":"TempleOfZyminx","from":{"q":0,"r":8},"to":{"q":6,"r":14},"msg":"findPath: no valid path found"}
{"level":30,"time":1774382620734,"pid":1603593,"hostname":"TempleOfZyminx","from":{"q":0,"r":8},"to":{"q":6,"r":15},"msg":"findPath: no valid path found"}
{"level":30,"time":1774382620734,"pid":1603593,"hostname":"TempleOfZyminx","from":{"q":0,"r":8},"to":{"q":6,"r":16},"msg":"findPath: no valid path found"}
{"level":30,"time":1774382620734,"pid":1603593,"hostname":"TempleOfZyminx","from":{"q":0,"r":8},"to":{"q":6,"r":17},"msg":"findPath: no valid path found"}
{"level":30,"time":1774382620734,"pid":1603593,"hostname":"TempleOfZyminx","from":{"q":0,"r":8},"to":{"q":6,"r":18},"msg":"findPath: no valid path found"}
{"level":30,"time":1774382620734,"pid":1603593,"hostname":"TempleOfZyminx","from":{"q":0,"r":8},"to":{"q":6,"r":19},"msg":"findPath: no valid path found"}
{"level":30,"time":1774382620734,"pid":1603593,"hostname":"TempleOfZyminx","from":{"q":0,"r":8},"to":{"q":6,"r":20},"msg":"findPath: no valid path found"}
{"level":30,"time":1774382620734,"pid":1603593,"hostname":"TempleOfZyminx","from":{"q":0,"r":8},"to":{"q":6,"r":21},"msg":"findPath: no valid path found"}
{"level":30,"time":1774382620734,"pid":1603593,"hostname":"TempleOfZyminx","from":{"q":0,"r":8},"to":{"q":7,"r":0},"msg":"findPath: no valid path found"}
{"level":30,"time":1774382620734,"pid":1603593,"hostname":"TempleOfZyminx","from":{"q":0,"r":8},"to":{"q":7,"r":1},"msg":"findPath: no valid path found"}
{"level":30,"time":1774382620734,"pid":1603593,"hostname":"TempleOfZyminx","from":{"q":0,"r":8},"to":{"q":7,"r":2},"msg":"findPath: no valid path found"}
{"level":30,"time":1774382620734,"pid":1603593,"hostname":"TempleOfZyminx","from":{"q":0,"r":8},"to":{"q":7,"r":4},"msg":"findPath: no valid path found"}
{"level":30,"time":1774382620734,"pid":1603593,"hostname":"TempleOfZyminx","from":{"q":0,"r":8},"to":{"q":7,"r":5},"msg":"findPath: no valid path found"}
{"level":30,"time":1774382620734,"pid":1603593,"hostname":"TempleOfZyminx","from":{"q":0,"r":8},"to":{"q":7,"r":6},"msg":"findPath: no valid path found"}
{"level":30,"time":1774382620734,"pid":1603593,"hostname":"TempleOfZyminx","from":{"q":0,"r":8},"to":{"q":7,"r":7},"msg":"findPath: no valid path found"}
{"level":30,"time":1774382620734,"pid":1603593,"hostname":"TempleOfZyminx","from":{"q":0,"r":8},"to":{"q":7,"r":8},"msg":"findPath: no valid path found"}
{"level":30,"time":1774382620734,"pid":1603593,"hostname":"TempleOfZyminx","from":{"q":0,"r":8},"to":{"q":7,"r":9},"msg":"findPath: no valid path found"}
{"level":30,"time":1774382620734,"pid":1603593,"hostname":"TempleOfZyminx","from":{"q":0,"r":8},"to":{"q":7,"r":10},"msg":"findPath: no valid path found"}
{"level":30,"time":1774382620734,"pid":1603593,"hostname":"TempleOfZyminx","from":{"q":0,"r":8},"to":{"q":7,"r":11},"msg":"findPath: no valid path found"}
{"level":30,"time":1774382620734,"pid":1603593,"hostname":"TempleOfZyminx","from":{"q":0,"r":8},"to":{"q":7,"r":12},"msg":"findPath: no valid path found"}
{"level":30,"time":1774382620734,"pid":1603593,"hostname":"TempleOfZyminx","from":{"q":0,"r":8},"to":{"q":7,"r":13},"msg":"findPath: no valid path found"}
{"level":30,"time":1774382620734,"pid":1603593,"hostname":"TempleOfZyminx","from":{"q":0,"r":8},"to":{"q":7,"r":14},"msg":"findPath: no valid path found"}
{"level":30,"time":1774382620734,"pid":1603593,"hostname":"TempleOfZyminx","from":{"q":0,"r":8},"to":{"q":7,"r":15},"msg":"findPath: no valid path found"}
{"level":30,"time":1774382620734,"pid":1603593,"hostname":"TempleOfZyminx","from":{"q":0,"r":8},"to":{"q":7,"r":16},"msg":"findPath: no valid path found"}
{"level":30,"time":1774382620734,"pid":1603593,"hostname":"TempleOfZyminx","from":{"q":0,"r":8},"to":{"q":7,"r":17},"msg":"findPath: no valid path found"}
{"level":30,"time":1774382620734,"pid":1603593,"hostname":"TempleOfZyminx","from":{"q":0,"r":8},"to":{"q":7,"r":18},"msg":"findPath: no valid path found"}
{"level":30,"time":1774382620734,"pid":1603593,"hostname":"TempleOfZyminx","from":{"q":0,"r":8},"to":{"q":7,"r":19},"msg":"findPath: no valid path found"}
{"level":30,"time":1774382620734,"pid":1603593,"hostname":"TempleOfZyminx","from":{"q":0,"r":8},"to":{"q":7,"r":20},"msg":"findPath: no valid path found"}
{"level":30,"time":1774382620734,"pid":1603593,"hostname":"TempleOfZyminx","from":{"q":0,"r":8},"to":{"q":7,"r":21},"msg":"findPath: no valid path found"}
{"level":30,"time":1774382620735,"pid":1603593,"hostname":"TempleOfZyminx","from":{"q":0,"r":8},"to":{"q":8,"r":0},"msg":"findPath: no valid path found"}
{"level":30,"time":1774382620735,"pid":1603593,"hostname":"TempleOfZyminx","from":{"q":0,"r":8},"to":{"q":8,"r":1},"msg":"findPath: no valid path found"}
{"level":30,"time":1774382620735,"pid":1603593,"hostname":"TempleOfZyminx","from":{"q":0,"r":8},"to":{"q":8,"r":2},"msg":"findPath: no valid path found"}
{"level":30,"time":1774382620735,"pid":1603593,"hostname":"TempleOfZyminx","from":{"q":0,"r":8},"to":{"q":8,"r":3},"msg":"findPath: no valid path found"}
{"level":30,"time":1774382620735,"pid":1603593,"hostname":"TempleOfZyminx","from":{"q":0,"r":8},"to":{"q":8,"r":4},"msg":"findPath: no valid path found"}
{"level":30,"time":1774382620735,"pid":1603593,"hostname":"TempleOfZyminx","from":{"q":0,"r":8},"to":{"q":8,"r":5},"msg":"findPath: no valid path found"}
{"level":30,"time":1774382620735,"pid":1603593,"hostname":"TempleOfZyminx","from":{"q":0,"r":8},"to":{"q":8,"r":6},"msg":"findPath: no valid path found"}
{"level":30,"time":1774382620735,"pid":1603593,"hostname":"TempleOfZyminx","from":{"q":0,"r":8},"to":{"q":8,"r":7},"msg":"findPath: no valid path found"}
{"level":30,"time":1774382620735,"pid":1603593,"hostname":"TempleOfZyminx","from":{"q":0,"r":8},"to":{"q":8,"r":8},"msg":"findPath: no valid path found"}
{"level":30,"time":1774382620735,"pid":1603593,"hostname":"TempleOfZyminx","from":{"q":0,"r":8},"to":{"q":8,"r":9},"msg":"findPath: no valid path found"}
{"level":30,"time":1774382620735,"pid":1603593,"hostname":"TempleOfZyminx","from":{"q":0,"r":8},"to":{"q":8,"r":10},"msg":"findPath: no valid path found"}
{"level":30,"time":1774382620735,"pid":1603593,"hostname":"TempleOfZyminx","from":{"q":0,"r":8},"to":{"q":8,"r":11},"msg":"findPath: no valid path found"}
{"level":30,"time":1774382620735,"pid":1603593,"hostname":"TempleOfZyminx","from":{"q":0,"r":8},"to":{"q":8,"r":12},"msg":"findPath: no valid path found"}
{"level":30,"time":1774382620735,"pid":1603593,"hostname":"TempleOfZyminx","from":{"q":0,"r":8},"to":{"q":8,"r":13},"msg":"findPath: no valid path found"}
{"level":30,"time":1774382620735,"pid":1603593,"hostname":"TempleOfZyminx","from":{"q":0,"r":8},"to":{"q":8,"r":14},"msg":"findPath: no valid path found"}
{"level":30,"time":1774382620735,"pid":1603593,"hostname":"TempleOfZyminx","from":{"q":0,"r":8},"to":{"q":8,"r":15},"msg":"findPath: no valid path found"}
{"level":30,"time":1774382620735,"pid":1603593,"hostname":"TempleOfZyminx","from":{"q":0,"r":8},"to":{"q":8,"r":16},"msg":"findPath: no valid path found"}
{"level":30,"time":1774382620735,"pid":1603593,"hostname":"TempleOfZyminx","from":{"q":0,"r":8},"to":{"q":8,"r":17},"msg":"findPath: no valid path found"}
{"level":30,"time":1774382620735,"pid":1603593,"hostname":"TempleOfZyminx","from":{"q":0,"r":8},"to":{"q":8,"r":18},"msg":"findPath: no valid path found"}
{"level":30,"time":1774382620735,"pid":1603593,"hostname":"TempleOfZyminx","from":{"q":0,"r":8},"to":{"q":8,"r":19},"msg":"findPath: no valid path found"}
{"level":30,"time":1774382620735,"pid":1603593,"hostname":"TempleOfZyminx","from":{"q":0,"r":8},"to":{"q":8,"r":20},"msg":"findPath: no valid path found"}
{"level":30,"time":1774382620735,"pid":1603593,"hostname":"TempleOfZyminx","from":{"q":0,"r":8},"to":{"q":8,"r":21},"msg":"findPath: no valid path found"}
{"level":30,"time":1774382620735,"pid":1603593,"hostname":"TempleOfZyminx","from":{"q":0,"r":8},"to":{"q":9,"r":0},"msg":"findPath: no valid path found"}
{"level":30,"time":1774382620735,"pid":1603593,"hostname":"TempleOfZyminx","from":{"q":0,"r":8},"to":{"q":9,"r":1},"msg":"findPath: no valid path found"}
{"level":30,"time":1774382620735,"pid":1603593,"hostname":"TempleOfZyminx","from":{"q":0,"r":8},"to":{"q":9,"r":2},"msg":"findPath: no valid path found"}
{"level":30,"time":1774382620735,"pid":1603593,"hostname":"TempleOfZyminx","from":{"q":0,"r":8},"to":{"q":9,"r":3},"msg":"findPath: no valid path found"}
{"level":30,"time":1774382620735,"pid":1603593,"hostname":"TempleOfZyminx","from":{"q":0,"r":8},"to":{"q":9,"r":4},"msg":"findPath: no valid path found"}
{"level":30,"time":1774382620735,"pid":1603593,"hostname":"TempleOfZyminx","from":{"q":0,"r":8},"to":{"q":9,"r":5},"msg":"findPath: no valid path found"}
{"level":30,"time":1774382620735,"pid":1603593,"hostname":"TempleOfZyminx","from":{"q":0,"r":8},"to":{"q":9,"r":6},"msg":"findPath: no valid path found"}
{"level":30,"time":1774382620735,"pid":1603593,"hostname":"TempleOfZyminx","from":{"q":0,"r":8},"to":{"q":9,"r":7},"msg":"findPath: no valid path found"}
{"level":30,"time":1774382620736,"pid":1603593,"hostname":"TempleOfZyminx","from":{"q":0,"r":8},"to":{"q":9,"r":8},"msg":"findPath: no valid path found"}
{"level":30,"time":1774382620736,"pid":1603593,"hostname":"TempleOfZyminx","from":{"q":0,"r":8},"to":{"q":9,"r":9},"msg":"findPath: no valid path found"}
{"level":30,"time":1774382620736,"pid":1603593,"hostname":"TempleOfZyminx","from":{"q":0,"r":8},"to":{"q":9,"r":10},"msg":"findPath: no valid path found"}
{"level":30,"time":1774382620736,"pid":1603593,"hostname":"TempleOfZyminx","from":{"q":0,"r":8},"to":{"q":9,"r":11},"msg":"findPath: no valid path found"}
{"level":30,"time":1774382620736,"pid":1603593,"hostname":"TempleOfZyminx","from":{"q":0,"r":8},"to":{"q":9,"r":12},"msg":"findPath: no valid path found"}
{"level":30,"time":1774382620736,"pid":1603593,"hostname":"TempleOfZyminx","from":{"q":0,"r":8},"to":{"q":9,"r":13},"msg":"findPath: no valid path found"}
{"level":30,"time":1774382620736,"pid":1603593,"hostname":"TempleOfZyminx","from":{"q":0,"r":8},"to":{"q":9,"r":14},"msg":"findPath: no valid path found"}
{"level":30,"time":1774382620736,"pid":1603593,"hostname":"TempleOfZyminx","from":{"q":0,"r":8},"to":{"q":9,"r":15},"msg":"findPath: no valid path found"}
{"level":30,"time":1774382620736,"pid":1603593,"hostname":"TempleOfZyminx","from":{"q":0,"r":8},"to":{"q":9,"r":16},"msg":"findPath: no valid path found"}
{"level":30,"time":1774382620736,"pid":1603593,"hostname":"TempleOfZyminx","from":{"q":0,"r":8},"to":{"q":9,"r":17},"msg":"findPath: no valid path found"}
{"level":30,"time":1774382620736,"pid":1603593,"hostname":"TempleOfZyminx","from":{"q":0,"r":8},"to":{"q":9,"r":18},"msg":"findPath: no valid path found"}
{"level":30,"time":1774382620736,"pid":1603593,"hostname":"TempleOfZyminx","from":{"q":0,"r":8},"to":{"q":9,"r":19},"msg":"findPath: no valid path found"}
{"level":30,"time":1774382620736,"pid":1603593,"hostname":"TempleOfZyminx","from":{"q":0,"r":8},"to":{"q":9,"r":20},"msg":"findPath: no valid path found"}
{"level":30,"time":1774382620736,"pid":1603593,"hostname":"TempleOfZyminx","from":{"q":0,"r":8},"to":{"q":9,"r":21},"msg":"findPath: no valid path found"}
{"level":30,"time":1774382620736,"pid":1603593,"hostname":"TempleOfZyminx","from":{"q":0,"r":8},"to":{"q":10,"r":0},"msg":"findPath: no valid path found"}
{"level":30,"time":1774382620736,"pid":1603593,"hostname":"TempleOfZyminx","from":{"q":0,"r":8},"to":{"q":10,"r":1},"msg":"findPath: no valid path found"}
{"level":30,"time":1774382620736,"pid":1603593,"hostname":"TempleOfZyminx","from":{"q":0,"r":8},"to":{"q":10,"r":2},"msg":"findPath: no valid path found"}
{"level":30,"time":1774382620736,"pid":1603593,"hostname":"TempleOfZyminx","from":{"q":0,"r":8},"to":{"q":10,"r":3},"msg":"findPath: no valid path found"}
{"level":30,"time":1774382620736,"pid":1603593,"hostname":"TempleOfZyminx","from":{"q":0,"r":8},"to":{"q":10,"r":4},"msg":"findPath: no valid path found"}
{"level":30,"time":1774382620736,"pid":1603593,"hostname":"TempleOfZyminx","from":{"q":0,"r":8},"to":{"q":10,"r":5},"msg":"findPath: no valid path found"}
{"level":30,"time":1774382620736,"pid":1603593,"hostname":"TempleOfZyminx","from":{"q":0,"r":8},"to":{"q":10,"r":6},"msg":"findPath: no valid path found"}
{"level":30,"time":1774382620736,"pid":1603593,"hostname":"TempleOfZyminx","from":{"q":0,"r":8},"to":{"q":10,"r":7},"msg":"findPath: no valid path found"}
{"level":30,"time":1774382620736,"pid":1603593,"hostname":"TempleOfZyminx","from":{"q":0,"r":8},"to":{"q":10,"r":8},"msg":"findPath: no valid path found"}
{"level":30,"time":1774382620736,"pid":1603593,"hostname":"TempleOfZyminx","from":{"q":0,"r":8},"to":{"q":10,"r":9},"msg":"findPath: no valid path found"}
{"level":30,"time":1774382620736,"pid":1603593,"hostname":"TempleOfZyminx","from":{"q":0,"r":8},"to":{"q":10,"r":10},"msg":"findPath: no valid path found"}
{"level":30,"time":1774382620736,"pid":1603593,"hostname":"TempleOfZyminx","from":{"q":0,"r":8},"to":{"q":10,"r":11},"msg":"findPath: no valid path found"}
{"level":30,"time":1774382620736,"pid":1603593,"hostname":"TempleOfZyminx","from":{"q":0,"r":8},"to":{"q":10,"r":12},"msg":"findPath: no valid path found"}
{"level":30,"time":1774382620736,"pid":1603593,"hostname":"TempleOfZyminx","from":{"q":0,"r":8},"to":{"q":10,"r":13},"msg":"findPath: no valid path found"}
{"level":30,"time":1774382620736,"pid":1603593,"hostname":"TempleOfZyminx","from":{"q":0,"r":8},"to":{"q":10,"r":14},"msg":"findPath: no valid path found"}
{"level":30,"time":1774382620736,"pid":1603593,"hostname":"TempleOfZyminx","from":{"q":0,"r":8},"to":{"q":10,"r":15},"msg":"findPath: no valid path found"}
{"level":30,"time":1774382620736,"pid":1603593,"hostname":"TempleOfZyminx","from":{"q":0,"r":8},"to":{"q":10,"r":16},"msg":"findPath: no valid path found"}
{"level":30,"time":1774382620737,"pid":1603593,"hostname":"TempleOfZyminx","from":{"q":0,"r":8},"to":{"q":10,"r":17},"msg":"findPath: no valid path found"}
{"level":30,"time":1774382620737,"pid":1603593,"hostname":"TempleOfZyminx","from":{"q":0,"r":8},"to":{"q":10,"r":18},"msg":"findPath: no valid path found"}
{"level":30,"time":1774382620737,"pid":1603593,"hostname":"TempleOfZyminx","from":{"q":0,"r":8},"to":{"q":10,"r":19},"msg":"findPath: no valid path found"}
{"level":30,"time":1774382620737,"pid":1603593,"hostname":"TempleOfZyminx","from":{"q":0,"r":8},"to":{"q":10,"r":20},"msg":"findPath: no valid path found"}
{"level":30,"time":1774382620737,"pid":1603593,"hostname":"TempleOfZyminx","from":{"q":0,"r":8},"to":{"q":10,"r":21},"msg":"findPath: no valid path found"}
{"level":30,"time":1774382620737,"pid":1603593,"hostname":"TempleOfZyminx","from":{"q":0,"r":8},"to":{"q":11,"r":0},"msg":"findPath: no valid path found"}
{"level":30,"time":1774382620737,"pid":1603593,"hostname":"TempleOfZyminx","from":{"q":0,"r":8},"to":{"q":11,"r":1},"msg":"findPath: no valid path found"}
{"level":30,"time":1774382620737,"pid":1603593,"hostname":"TempleOfZyminx","from":{"q":0,"r":8},"to":{"q":11,"r":2},"msg":"findPath: no valid path found"}
{"level":30,"time":1774382620737,"pid":1603593,"hostname":"TempleOfZyminx","from":{"q":0,"r":8},"to":{"q":11,"r":3},"msg":"findPath: no valid path found"}
{"level":30,"time":1774382620737,"pid":1603593,"hostname":"TempleOfZyminx","from":{"q":0,"r":8},"to":{"q":11,"r":4},"msg":"findPath: no valid path found"}
{"level":30,"time":1774382620737,"pid":1603593,"hostname":"TempleOfZyminx","from":{"q":0,"r":8},"to":{"q":11,"r":5},"msg":"findPath: no valid path found"}
{"level":30,"time":1774382620737,"pid":1603593,"hostname":"TempleOfZyminx","from":{"q":0,"r":8},"to":{"q":11,"r":6},"msg":"findPath: no valid path found"}
{"level":30,"time":1774382620738,"pid":1603593,"hostname":"TempleOfZyminx","from":{"q":0,"r":8},"to":{"q":11,"r":7},"msg":"findPath: no valid path found"}
{"level":30,"time":1774382620738,"pid":1603593,"hostname":"TempleOfZyminx","from":{"q":0,"r":8},"to":{"q":11,"r":8},"msg":"findPath: no valid path found"}
{"level":30,"time":1774382620738,"pid":1603593,"hostname":"TempleOfZyminx","from":{"q":0,"r":8},"to":{"q":11,"r":9},"msg":"findPath: no valid path found"}
{"level":30,"time":1774382620738,"pid":1603593,"hostname":"TempleOfZyminx","from":{"q":0,"r":8},"to":{"q":11,"r":10},"msg":"findPath: no valid path found"}
{"level":30,"time":1774382620738,"pid":1603593,"hostname":"TempleOfZyminx","from":{"q":0,"r":8},"to":{"q":11,"r":11},"msg":"findPath: no valid path found"}
{"level":30,"time":1774382620738,"pid":1603593,"hostname":"TempleOfZyminx","from":{"q":0,"r":8},"to":{"q":11,"r":12},"msg":"findPath: no valid path found"}
{"level":30,"time":1774382620738,"pid":1603593,"hostname":"TempleOfZyminx","from":{"q":0,"r":8},"to":{"q":11,"r":13},"msg":"findPath: no valid path found"}
{"level":30,"time":1774382620738,"pid":1603593,"hostname":"TempleOfZyminx","from":{"q":0,"r":8},"to":{"q":11,"r":14},"msg":"findPath: no valid path found"}
{"level":30,"time":1774382620738,"pid":1603593,"hostname":"TempleOfZyminx","from":{"q":0,"r":8},"to":{"q":11,"r":15},"msg":"findPath: no valid path found"}
{"level":30,"time":1774382620738,"pid":1603593,"hostname":"TempleOfZyminx","from":{"q":0,"r":8},"to":{"q":11,"r":16},"msg":"findPath: no valid path found"}
{"level":30,"time":1774382620738,"pid":1603593,"hostname":"TempleOfZyminx","from":{"q":0,"r":8},"to":{"q":11,"r":17},"msg":"findPath: no valid path found"}
{"level":30,"time":1774382620738,"pid":1603593,"hostname":"TempleOfZyminx","from":{"q":0,"r":8},"to":{"q":11,"r":18},"msg":"findPath: no valid path found"}
{"level":30,"time":1774382620738,"pid":1603593,"hostname":"TempleOfZyminx","from":{"q":0,"r":8},"to":{"q":11,"r":19},"msg":"findPath: no valid path found"}
{"level":30,"time":1774382620738,"pid":1603593,"hostname":"TempleOfZyminx","from":{"q":0,"r":8},"to":{"q":11,"r":20},"msg":"findPath: no valid path found"}
{"level":30,"time":1774382620738,"pid":1603593,"hostname":"TempleOfZyminx","from":{"q":0,"r":8},"to":{"q":11,"r":21},"msg":"findPath: no valid path found"}
{"level":30,"time":1774382620738,"pid":1603593,"hostname":"TempleOfZyminx","from":{"q":0,"r":8},"to":{"q":12,"r":0},"msg":"findPath: no valid path found"}
{"level":30,"time":1774382620738,"pid":1603593,"hostname":"TempleOfZyminx","from":{"q":0,"r":8},"to":{"q":12,"r":1},"msg":"findPath: no valid path found"}
{"level":30,"time":1774382620739,"pid":1603593,"hostname":"TempleOfZyminx","from":{"q":0,"r":8},"to":{"q":12,"r":2},"msg":"findPath: no valid path found"}
{"level":30,"time":1774382620739,"pid":1603593,"hostname":"TempleOfZyminx","from":{"q":0,"r":8},"to":{"q":12,"r":3},"msg":"findPath: no valid path found"}
{"level":30,"time":1774382620739,"pid":1603593,"hostname":"TempleOfZyminx","from":{"q":0,"r":8},"to":{"q":12,"r":4},"msg":"findPath: no valid path found"}
{"level":30,"time":1774382620739,"pid":1603593,"hostname":"TempleOfZyminx","from":{"q":0,"r":8},"to":{"q":12,"r":5},"msg":"findPath: no valid path found"}
{"level":30,"time":1774382620739,"pid":1603593,"hostname":"TempleOfZyminx","from":{"q":0,"r":8},"to":{"q":12,"r":6},"msg":"findPath: no valid path found"}
{"level":30,"time":1774382620739,"pid":1603593,"hostname":"TempleOfZyminx","from":{"q":0,"r":8},"to":{"q":12,"r":7},"msg":"findPath: no valid path found"}
{"level":30,"time":1774382620739,"pid":1603593,"hostname":"TempleOfZyminx","from":{"q":0,"r":8},"to":{"q":12,"r":8},"msg":"findPath: no valid path found"}
{"level":30,"time":1774382620739,"pid":1603593,"hostname":"TempleOfZyminx","from":{"q":0,"r":8},"to":{"q":12,"r":9},"msg":"findPath: no valid path found"}
{"level":30,"time":1774382620739,"pid":1603593,"hostname":"TempleOfZyminx","from":{"q":0,"r":8},"to":{"q":12,"r":10},"msg":"findPath: no valid path found"}
{"level":50,"time":1774382620730,"pid":1604033,"hostname":"TempleOfZyminx","err":{"type":"Error","message":"engine fail","stack":"Error: engine fail\n    at /home/zymurge/Dev/onion/src/api/games.actions.phase.test.ts:194:13\n    at mockCall (file:///home/zymurge/Dev/onion/node_modules/.pnpm/@vitest+spy@3.2.4/node_modules/@vitest/spy/dist/index.js:96:15)\n    at advancePhaseWithEvents (file:///home/zymurge/Dev/onion/node_modules/.pnpm/tinyspy@4.0.4/node_modules/tinyspy/dist/index.js:47:80)\n    at Object.<anonymous> (/home/zymurge/Dev/onion/src/api/games.ts:552:24)\n    at processTicksAndRejections (node:internal/process/task_queues:105:5)"},"msg":"Error submitting game action"}
{"level":30,"time":1774382620737,"pid":1604033,"hostname":"TempleOfZyminx","id":"33333333-3333-4333-8333-333333333333","command":"END_PHASE","msg":"Submitting game action"}
{"level":30,"time":1774382620738,"pid":1604033,"hostname":"TempleOfZyminx","gameId":"33333333-3333-4333-8333-333333333333","phase":"ONION_MOVE","msg":"Advancing phase"}
{"level":30,"time":1774382620738,"pid":1604033,"hostname":"TempleOfZyminx","phase":"ONION_MOVE","turnNumber":1,"msg":"Advancing phase in engine"}
{"level":40,"time":1774382620738,"pid":1604033,"hostname":"TempleOfZyminx","err":{"type":"StaleMatchStateError","message":"stale","stack":"StaleMatchStateError: stale\n    at Object.persistMatchProgress (/home/zymurge/Dev/onion/src/api/games.actions.phase.test.ts:238:15)\n    at Object.<anonymous> (/home/zymurge/Dev/onion/src/api/games.ts:556:18)\n    at processTicksAndRejections (node:internal/process/task_queues:105:5)","name":"StaleMatchStateError"},"msg":"Stale match state error"}
 ✓ src/api/games.actions.phase.test.ts (13 tests) 1096ms
{"level":30,"time":1774382620739,"pid":1603593,"hostname":"TempleOfZyminx","from":{"q":0,"r":8},"to":{"q":12,"r":11},"msg":"findPath: no valid path found"}
{"level":30,"time":1774382620839,"pid":1603593,"hostname":"TempleOfZyminx","from":{"q":0,"r":8},"to":{"q":12,"r":12},"msg":"findPath: no valid path found"}
{"level":30,"time":1774382620839,"pid":1603593,"hostname":"TempleOfZyminx","from":{"q":0,"r":8},"to":{"q":12,"r":13},"msg":"findPath: no valid path found"}
{"level":30,"time":1774382620839,"pid":1603593,"hostname":"TempleOfZyminx","from":{"q":0,"r":8},"to":{"q":12,"r":14},"msg":"findPath: no valid path found"}
{"level":30,"time":1774382620839,"pid":1603593,"hostname":"TempleOfZyminx","from":{"q":0,"r":8},"to":{"q":12,"r":15},"msg":"findPath: no valid path found"}
{"level":30,"time":1774382620839,"pid":1603593,"hostname":"TempleOfZyminx","from":{"q":0,"r":8},"to":{"q":12,"r":16},"msg":"findPath: no valid path found"}
{"level":30,"time":1774382620840,"pid":1603593,"hostname":"TempleOfZyminx","from":{"q":0,"r":8},"to":{"q":12,"r":17},"msg":"findPath: no valid path found"}
{"level":30,"time":1774382620840,"pid":1603593,"hostname":"TempleOfZyminx","from":{"q":0,"r":8},"to":{"q":12,"r":18},"msg":"findPath: no valid path found"}
{"level":30,"time":1774382620840,"pid":1603593,"hostname":"TempleOfZyminx","from":{"q":0,"r":8},"to":{"q":12,"r":19},"msg":"findPath: no valid path found"}
{"level":30,"time":1774382620840,"pid":1603593,"hostname":"TempleOfZyminx","from":{"q":0,"r":8},"to":{"q":12,"r":20},"msg":"findPath: no valid path found"}
{"level":30,"time":1774382620840,"pid":1603593,"hostname":"TempleOfZyminx","from":{"q":0,"r":8},"to":{"q":12,"r":21},"msg":"findPath: no valid path found"}
{"level":30,"time":1774382620840,"pid":1603593,"hostname":"TempleOfZyminx","from":{"q":0,"r":8},"to":{"q":13,"r":0},"msg":"findPath: no valid path found"}
{"level":30,"time":1774382620840,"pid":1603593,"hostname":"TempleOfZyminx","from":{"q":0,"r":8},"to":{"q":13,"r":1},"msg":"findPath: no valid path found"}
{"level":30,"time":1774382620840,"pid":1603593,"hostname":"TempleOfZyminx","from":{"q":0,"r":8},"to":{"q":13,"r":2},"msg":"findPath: no valid path found"}
{"level":30,"time":1774382620840,"pid":1603593,"hostname":"TempleOfZyminx","from":{"q":0,"r":8},"to":{"q":13,"r":3},"msg":"findPath: no valid path found"}
{"level":30,"time":1774382620840,"pid":1603593,"hostname":"TempleOfZyminx","from":{"q":0,"r":8},"to":{"q":13,"r":4},"msg":"findPath: no valid path found"}
{"level":30,"time":1774382620840,"pid":1603593,"hostname":"TempleOfZyminx","from":{"q":0,"r":8},"to":{"q":13,"r":5},"msg":"findPath: no valid path found"}
{"level":30,"time":1774382620840,"pid":1603593,"hostname":"TempleOfZyminx","from":{"q":0,"r":8},"to":{"q":13,"r":6},"msg":"findPath: no valid path found"}
{"level":30,"time":1774382620840,"pid":1603593,"hostname":"TempleOfZyminx","from":{"q":0,"r":8},"to":{"q":13,"r":7},"msg":"findPath: no valid path found"}
{"level":30,"time":1774382620840,"pid":1603593,"hostname":"TempleOfZyminx","from":{"q":0,"r":8},"to":{"q":13,"r":8},"msg":"findPath: no valid path found"}
{"level":30,"time":1774382620840,"pid":1603593,"hostname":"TempleOfZyminx","from":{"q":0,"r":8},"to":{"q":13,"r":9},"msg":"findPath: no valid path found"}
{"level":30,"time":1774382620840,"pid":1603593,"hostname":"TempleOfZyminx","from":{"q":0,"r":8},"to":{"q":13,"r":10},"msg":"findPath: no valid path found"}
{"level":30,"time":1774382620841,"pid":1603593,"hostname":"TempleOfZyminx","from":{"q":0,"r":8},"to":{"q":13,"r":11},"msg":"findPath: no valid path found"}
{"level":30,"time":1774382620841,"pid":1603593,"hostname":"TempleOfZyminx","from":{"q":0,"r":8},"to":{"q":13,"r":12},"msg":"findPath: no valid path found"}
{"level":30,"time":1774382620841,"pid":1603593,"hostname":"TempleOfZyminx","from":{"q":0,"r":8},"to":{"q":13,"r":13},"msg":"findPath: no valid path found"}
{"level":30,"time":1774382620841,"pid":1603593,"hostname":"TempleOfZyminx","from":{"q":0,"r":8},"to":{"q":13,"r":14},"msg":"findPath: no valid path found"}
{"level":30,"time":1774382620841,"pid":1603593,"hostname":"TempleOfZyminx","from":{"q":0,"r":8},"to":{"q":13,"r":15},"msg":"findPath: no valid path found"}
{"level":30,"time":1774382620841,"pid":1603593,"hostname":"TempleOfZyminx","from":{"q":0,"r":8},"to":{"q":13,"r":16},"msg":"findPath: no valid path found"}
{"level":30,"time":1774382620841,"pid":1603593,"hostname":"TempleOfZyminx","from":{"q":0,"r":8},"to":{"q":13,"r":17},"msg":"findPath: no valid path found"}
{"level":30,"time":1774382620841,"pid":1603593,"hostname":"TempleOfZyminx","from":{"q":0,"r":8},"to":{"q":13,"r":18},"msg":"findPath: no valid path found"}
{"level":30,"time":1774382620841,"pid":1603593,"hostname":"TempleOfZyminx","from":{"q":0,"r":8},"to":{"q":13,"r":19},"msg":"findPath: no valid path found"}
{"level":30,"time":1774382620841,"pid":1603593,"hostname":"TempleOfZyminx","from":{"q":0,"r":8},"to":{"q":13,"r":20},"msg":"findPath: no valid path found"}
{"level":30,"time":1774382620841,"pid":1603593,"hostname":"TempleOfZyminx","from":{"q":0,"r":8},"to":{"q":13,"r":21},"msg":"findPath: no valid path found"}
{"level":30,"time":1774382620841,"pid":1603593,"hostname":"TempleOfZyminx","from":{"q":0,"r":8},"to":{"q":14,"r":0},"msg":"findPath: no valid path found"}
{"level":30,"time":1774382620842,"pid":1603593,"hostname":"TempleOfZyminx","from":{"q":0,"r":8},"to":{"q":14,"r":1},"msg":"findPath: no valid path found"}
{"level":30,"time":1774382620842,"pid":1603593,"hostname":"TempleOfZyminx","from":{"q":0,"r":8},"to":{"q":14,"r":2},"msg":"findPath: no valid path found"}
{"level":30,"time":1774382620842,"pid":1603593,"hostname":"TempleOfZyminx","from":{"q":0,"r":8},"to":{"q":14,"r":3},"msg":"findPath: no valid path found"}
{"level":30,"time":1774382620842,"pid":1603593,"hostname":"TempleOfZyminx","from":{"q":0,"r":8},"to":{"q":14,"r":4},"msg":"findPath: no valid path found"}
{"level":30,"time":1774382620842,"pid":1603593,"hostname":"TempleOfZyminx","from":{"q":0,"r":8},"to":{"q":14,"r":5},"msg":"findPath: no valid path found"}
{"level":30,"time":1774382620842,"pid":1603593,"hostname":"TempleOfZyminx","from":{"q":0,"r":8},"to":{"q":14,"r":6},"msg":"findPath: no valid path found"}
{"level":30,"time":1774382620842,"pid":1603593,"hostname":"TempleOfZyminx","from":{"q":0,"r":8},"to":{"q":14,"r":7},"msg":"findPath: no valid path found"}
{"level":30,"time":1774382620842,"pid":1603593,"hostname":"TempleOfZyminx","from":{"q":0,"r":8},"to":{"q":14,"r":8},"msg":"findPath: no valid path found"}
{"level":30,"time":1774382620842,"pid":1603593,"hostname":"TempleOfZyminx","from":{"q":0,"r":8},"to":{"q":14,"r":9},"msg":"findPath: no valid path found"}
{"level":30,"time":1774382620842,"pid":1603593,"hostname":"TempleOfZyminx","from":{"q":0,"r":8},"to":{"q":14,"r":10},"msg":"findPath: no valid path found"}
{"level":30,"time":1774382620842,"pid":1603593,"hostname":"TempleOfZyminx","from":{"q":0,"r":8},"to":{"q":14,"r":11},"msg":"findPath: no valid path found"}
{"level":30,"time":1774382620842,"pid":1603593,"hostname":"TempleOfZyminx","from":{"q":0,"r":8},"to":{"q":14,"r":12},"msg":"findPath: no valid path found"}
{"level":30,"time":1774382620842,"pid":1603593,"hostname":"TempleOfZyminx","from":{"q":0,"r":8},"to":{"q":14,"r":13},"msg":"findPath: no valid path found"}
{"level":30,"time":1774382620842,"pid":1603593,"hostname":"TempleOfZyminx","from":{"q":0,"r":8},"to":{"q":14,"r":14},"msg":"findPath: no valid path found"}
{"level":30,"time":1774382620842,"pid":1603593,"hostname":"TempleOfZyminx","from":{"q":0,"r":8},"to":{"q":14,"r":15},"msg":"findPath: no valid path found"}
{"level":30,"time":1774382620842,"pid":1603593,"hostname":"TempleOfZyminx","from":{"q":0,"r":8},"to":{"q":14,"r":16},"msg":"findPath: no valid path found"}
{"level":30,"time":1774382620843,"pid":1603593,"hostname":"TempleOfZyminx","from":{"q":0,"r":8},"to":{"q":14,"r":17},"msg":"findPath: no valid path found"}
{"level":30,"time":1774382620843,"pid":1603593,"hostname":"TempleOfZyminx","from":{"q":0,"r":8},"to":{"q":14,"r":18},"msg":"findPath: no valid path found"}
{"level":30,"time":1774382620843,"pid":1603593,"hostname":"TempleOfZyminx","from":{"q":0,"r":8},"to":{"q":14,"r":19},"msg":"findPath: no valid path found"}
{"level":30,"time":1774382620843,"pid":1603593,"hostname":"TempleOfZyminx","from":{"q":0,"r":8},"to":{"q":14,"r":20},"msg":"findPath: no valid path found"}
{"level":30,"time":1774382620843,"pid":1603593,"hostname":"TempleOfZyminx","from":{"q":0,"r":8},"to":{"q":14,"r":21},"msg":"findPath: no valid path found"}
{"level":30,"time":1774382620843,"pid":1603593,"hostname":"TempleOfZyminx","id":"5a0b0710-4b16-4941-91e6-ae9a2c92bfc5","command":"MOVE","msg":"Submitting game action"}
{"level":30,"time":1774382620844,"pid":1603593,"hostname":"TempleOfZyminx","gameId":"5a0b0710-4b16-4941-91e6-ae9a2c92bfc5","unitId":"wolf-1","msg":"Processing MOVE command"}
{"level":30,"time":1774382620845,"pid":1603593,"hostname":"TempleOfZyminx","id":"5a0b0710-4b16-4941-91e6-ae9a2c92bfc5","msg":"Fetching game state"}
{"level":30,"time":1774382620846,"pid":1603593,"hostname":"TempleOfZyminx","id":"5a0b0710-4b16-4941-91e6-ae9a2c92bfc5","command":"END_PHASE","msg":"Submitting game action"}
{"level":30,"time":1774382620846,"pid":1603593,"hostname":"TempleOfZyminx","gameId":"5a0b0710-4b16-4941-91e6-ae9a2c92bfc5","phase":"GEV_SECOND_MOVE","msg":"Advancing phase"}
{"level":30,"time":1774382620846,"pid":1603593,"hostname":"TempleOfZyminx","phase":"GEV_SECOND_MOVE","turnNumber":3,"msg":"Advancing phase in engine"}
{"level":30,"time":1774382620847,"pid":1603593,"hostname":"TempleOfZyminx","id":"5a0b0710-4b16-4941-91e6-ae9a2c92bfc5","msg":"Fetching game state"}
{"level":30,"time":1774382620847,"pid":1603593,"hostname":"TempleOfZyminx","id":"5a0b0710-4b16-4941-91e6-ae9a2c92bfc5","msg":"Fetching game state"}
{"level":30,"time":1774382620848,"pid":1603593,"hostname":"TempleOfZyminx","id":"5a0b0710-4b16-4941-91e6-ae9a2c92bfc5","msg":"Fetching game state"}
{"level":30,"time":1774382620848,"pid":1603593,"hostname":"TempleOfZyminx","id":"5a0b0710-4b16-4941-91e6-ae9a2c92bfc5","msg":"Fetching game state"}
{"level":30,"time":1774382620849,"pid":1603593,"hostname":"TempleOfZyminx","id":"5a0b0710-4b16-4941-91e6-ae9a2c92bfc5","msg":"Fetching game state"}
{"level":30,"time":1774382620849,"pid":1603593,"hostname":"TempleOfZyminx","from":{"q":1,"r":8},"to":{"q":0,"r":0},"msg":"findPath: no valid path found"}
{"level":30,"time":1774382620849,"pid":1603593,"hostname":"TempleOfZyminx","from":{"q":1,"r":8},"to":{"q":0,"r":1},"msg":"findPath: no valid path found"}
{"level":30,"time":1774382620849,"pid":1603593,"hostname":"TempleOfZyminx","from":{"q":1,"r":8},"to":{"q":0,"r":2},"msg":"findPath: no valid path found"}
{"level":30,"time":1774382620849,"pid":1603593,"hostname":"TempleOfZyminx","from":{"q":1,"r":8},"to":{"q":0,"r":3},"msg":"findPath: no valid path found"}
{"level":30,"time":1774382620849,"pid":1603593,"hostname":"TempleOfZyminx","from":{"q":1,"r":8},"to":{"q":0,"r":4},"msg":"findPath: no valid path found"}
{"level":30,"time":1774382620850,"pid":1603593,"hostname":"TempleOfZyminx","from":{"q":1,"r":8},"to":{"q":0,"r":5},"msg":"findPath: no valid path found"}
{"level":30,"time":1774382620850,"pid":1603593,"hostname":"TempleOfZyminx","from":{"q":1,"r":8},"to":{"q":0,"r":12},"msg":"findPath: no valid path found"}
{"level":30,"time":1774382620850,"pid":1603593,"hostname":"TempleOfZyminx","from":{"q":1,"r":8},"to":{"q":0,"r":13},"msg":"findPath: no valid path found"}
{"level":30,"time":1774382620850,"pid":1603593,"hostname":"TempleOfZyminx","from":{"q":1,"r":8},"to":{"q":0,"r":14},"msg":"findPath: no valid path found"}
{"level":30,"time":1774382620850,"pid":1603593,"hostname":"TempleOfZyminx","from":{"q":1,"r":8},"to":{"q":0,"r":15},"msg":"findPath: no valid path found"}
{"level":30,"time":1774382620850,"pid":1603593,"hostname":"TempleOfZyminx","from":{"q":1,"r":8},"to":{"q":0,"r":16},"msg":"findPath: no valid path found"}
{"level":30,"time":1774382620850,"pid":1603593,"hostname":"TempleOfZyminx","from":{"q":1,"r":8},"to":{"q":0,"r":17},"msg":"findPath: no valid path found"}
{"level":30,"time":1774382620850,"pid":1603593,"hostname":"TempleOfZyminx","from":{"q":1,"r":8},"to":{"q":0,"r":18},"msg":"findPath: no valid path found"}
{"level":30,"time":1774382620850,"pid":1603593,"hostname":"TempleOfZyminx","from":{"q":1,"r":8},"to":{"q":0,"r":19},"msg":"findPath: no valid path found"}
{"level":30,"time":1774382620850,"pid":1603593,"hostname":"TempleOfZyminx","from":{"q":1,"r":8},"to":{"q":0,"r":20},"msg":"findPath: no valid path found"}
{"level":30,"time":1774382620850,"pid":1603593,"hostname":"TempleOfZyminx","from":{"q":1,"r":8},"to":{"q":0,"r":21},"msg":"findPath: no valid path found"}
{"level":30,"time":1774382620850,"pid":1603593,"hostname":"TempleOfZyminx","from":{"q":1,"r":8},"to":{"q":1,"r":0},"msg":"findPath: no valid path found"}
{"level":30,"time":1774382620850,"pid":1603593,"hostname":"TempleOfZyminx","from":{"q":1,"r":8},"to":{"q":1,"r":1},"msg":"findPath: no valid path found"}
{"level":30,"time":1774382620850,"pid":1603593,"hostname":"TempleOfZyminx","from":{"q":1,"r":8},"to":{"q":1,"r":2},"msg":"findPath: no valid path found"}
{"level":30,"time":1774382620850,"pid":1603593,"hostname":"TempleOfZyminx","from":{"q":1,"r":8},"to":{"q":1,"r":3},"msg":"findPath: no valid path found"}
{"level":30,"time":1774382620850,"pid":1603593,"hostname":"TempleOfZyminx","from":{"q":1,"r":8},"to":{"q":1,"r":4},"msg":"findPath: no valid path found"}
{"level":30,"time":1774382620850,"pid":1603593,"hostname":"TempleOfZyminx","from":{"q":1,"r":8},"to":{"q":1,"r":12},"msg":"findPath: no valid path found"}
{"level":30,"time":1774382620850,"pid":1603593,"hostname":"TempleOfZyminx","from":{"q":1,"r":8},"to":{"q":1,"r":13},"msg":"findPath: no valid path found"}
{"level":30,"time":1774382620850,"pid":1603593,"hostname":"TempleOfZyminx","from":{"q":1,"r":8},"to":{"q":1,"r":14},"msg":"findPath: no valid path found"}
{"level":30,"time":1774382620850,"pid":1603593,"hostname":"TempleOfZyminx","from":{"q":1,"r":8},"to":{"q":1,"r":15},"msg":"findPath: no valid path found"}
{"level":30,"time":1774382620850,"pid":1603593,"hostname":"TempleOfZyminx","from":{"q":1,"r":8},"to":{"q":1,"r":16},"msg":"findPath: no valid path found"}
{"level":30,"time":1774382620850,"pid":1603593,"hostname":"TempleOfZyminx","from":{"q":1,"r":8},"to":{"q":1,"r":17},"msg":"findPath: no valid path found"}
{"level":30,"time":1774382620850,"pid":1603593,"hostname":"TempleOfZyminx","from":{"q":1,"r":8},"to":{"q":1,"r":18},"msg":"findPath: no valid path found"}
{"level":30,"time":1774382620850,"pid":1603593,"hostname":"TempleOfZyminx","from":{"q":1,"r":8},"to":{"q":1,"r":19},"msg":"findPath: no valid path found"}
{"level":30,"time":1774382620850,"pid":1603593,"hostname":"TempleOfZyminx","from":{"q":1,"r":8},"to":{"q":1,"r":20},"msg":"findPath: no valid path found"}
{"level":30,"time":1774382620850,"pid":1603593,"hostname":"TempleOfZyminx","from":{"q":1,"r":8},"to":{"q":1,"r":21},"msg":"findPath: no valid path found"}
{"level":30,"time":1774382620850,"pid":1603593,"hostname":"TempleOfZyminx","from":{"q":1,"r":8},"to":{"q":2,"r":0},"msg":"findPath: no valid path found"}
{"level":30,"time":1774382620850,"pid":1603593,"hostname":"TempleOfZyminx","from":{"q":1,"r":8},"to":{"q":2,"r":1},"msg":"findPath: no valid path found"}
{"level":30,"time":1774382620850,"pid":1603593,"hostname":"TempleOfZyminx","from":{"q":1,"r":8},"to":{"q":2,"r":2},"msg":"findPath: no valid path found"}
{"level":30,"time":1774382620851,"pid":1603593,"hostname":"TempleOfZyminx","from":{"q":1,"r":8},"to":{"q":2,"r":3},"msg":"findPath: no valid path found"}
{"level":30,"time":1774382620851,"pid":1603593,"hostname":"TempleOfZyminx","from":{"q":1,"r":8},"to":{"q":2,"r":4},"msg":"findPath: no valid path found"}
{"level":30,"time":1774382620851,"pid":1603593,"hostname":"TempleOfZyminx","from":{"q":1,"r":8},"to":{"q":2,"r":11},"msg":"findPath: no valid path found"}
{"level":30,"time":1774382620851,"pid":1603593,"hostname":"TempleOfZyminx","from":{"q":1,"r":8},"to":{"q":2,"r":12},"msg":"findPath: no valid path found"}
{"level":30,"time":1774382620851,"pid":1603593,"hostname":"TempleOfZyminx","from":{"q":1,"r":8},"to":{"q":2,"r":13},"msg":"findPath: no valid path found"}
{"level":30,"time":1774382620851,"pid":1603593,"hostname":"TempleOfZyminx","from":{"q":1,"r":8},"to":{"q":2,"r":14},"msg":"findPath: no valid path found"}
{"level":30,"time":1774382620851,"pid":1603593,"hostname":"TempleOfZyminx","from":{"q":1,"r":8},"to":{"q":2,"r":15},"msg":"findPath: no valid path found"}
{"level":30,"time":1774382620851,"pid":1603593,"hostname":"TempleOfZyminx","from":{"q":1,"r":8},"to":{"q":2,"r":16},"msg":"findPath: no valid path found"}
{"level":30,"time":1774382620851,"pid":1603593,"hostname":"TempleOfZyminx","from":{"q":1,"r":8},"to":{"q":2,"r":17},"msg":"findPath: no valid path found"}
{"level":30,"time":1774382620851,"pid":1603593,"hostname":"TempleOfZyminx","from":{"q":1,"r":8},"to":{"q":2,"r":18},"msg":"findPath: no valid path found"}
{"level":30,"time":1774382620851,"pid":1603593,"hostname":"TempleOfZyminx","from":{"q":1,"r":8},"to":{"q":2,"r":19},"msg":"findPath: no valid path found"}
{"level":30,"time":1774382620851,"pid":1603593,"hostname":"TempleOfZyminx","from":{"q":1,"r":8},"to":{"q":2,"r":20},"msg":"findPath: no valid path found"}
{"level":30,"time":1774382620851,"pid":1603593,"hostname":"TempleOfZyminx","from":{"q":1,"r":8},"to":{"q":2,"r":21},"msg":"findPath: no valid path found"}
{"level":30,"time":1774382620851,"pid":1603593,"hostname":"TempleOfZyminx","from":{"q":1,"r":8},"to":{"q":3,"r":0},"msg":"findPath: no valid path found"}
{"level":30,"time":1774382620851,"pid":1603593,"hostname":"TempleOfZyminx","from":{"q":1,"r":8},"to":{"q":3,"r":1},"msg":"findPath: no valid path found"}
{"level":30,"time":1774382620851,"pid":1603593,"hostname":"TempleOfZyminx","from":{"q":1,"r":8},"to":{"q":3,"r":2},"msg":"findPath: no valid path found"}
{"level":30,"time":1774382620851,"pid":1603593,"hostname":"TempleOfZyminx","from":{"q":1,"r":8},"to":{"q":3,"r":3},"msg":"findPath: no valid path found"}
{"level":30,"time":1774382620851,"pid":1603593,"hostname":"TempleOfZyminx","from":{"q":1,"r":8},"to":{"q":3,"r":4},"msg":"findPath: no valid path found"}
{"level":30,"time":1774382620851,"pid":1603593,"hostname":"TempleOfZyminx","from":{"q":1,"r":8},"to":{"q":3,"r":8},"msg":"findPath: no valid path found"}
{"level":30,"time":1774382620851,"pid":1603593,"hostname":"TempleOfZyminx","from":{"q":1,"r":8},"to":{"q":3,"r":10},"msg":"findPath: no valid path found"}
{"level":30,"time":1774382620851,"pid":1603593,"hostname":"TempleOfZyminx","from":{"q":1,"r":8},"to":{"q":3,"r":11},"msg":"findPath: no valid path found"}
{"level":30,"time":1774382620851,"pid":1603593,"hostname":"TempleOfZyminx","from":{"q":1,"r":8},"to":{"q":3,"r":12},"msg":"findPath: no valid path found"}
{"level":30,"time":1774382620851,"pid":1603593,"hostname":"TempleOfZyminx","from":{"q":1,"r":8},"to":{"q":3,"r":13},"msg":"findPath: no valid path found"}
{"level":30,"time":1774382620851,"pid":1603593,"hostname":"TempleOfZyminx","from":{"q":1,"r":8},"to":{"q":3,"r":14},"msg":"findPath: no valid path found"}
{"level":30,"time":1774382620851,"pid":1603593,"hostname":"TempleOfZyminx","from":{"q":1,"r":8},"to":{"q":3,"r":15},"msg":"findPath: no valid path found"}
{"level":30,"time":1774382620851,"pid":1603593,"hostname":"TempleOfZyminx","from":{"q":1,"r":8},"to":{"q":3,"r":16},"msg":"findPath: no valid path found"}
{"level":30,"time":1774382620851,"pid":1603593,"hostname":"TempleOfZyminx","from":{"q":1,"r":8},"to":{"q":3,"r":17},"msg":"findPath: no valid path found"}
{"level":30,"time":1774382620851,"pid":1603593,"hostname":"TempleOfZyminx","from":{"q":1,"r":8},"to":{"q":3,"r":18},"msg":"findPath: no valid path found"}
{"level":30,"time":1774382620851,"pid":1603593,"hostname":"TempleOfZyminx","from":{"q":1,"r":8},"to":{"q":3,"r":19},"msg":"findPath: no valid path found"}
{"level":30,"time":1774382620851,"pid":1603593,"hostname":"TempleOfZyminx","from":{"q":1,"r":8},"to":{"q":3,"r":20},"msg":"findPath: no valid path found"}
{"level":30,"time":1774382620851,"pid":1603593,"hostname":"TempleOfZyminx","from":{"q":1,"r":8},"to":{"q":3,"r":21},"msg":"findPath: no valid path found"}
{"level":30,"time":1774382620852,"pid":1603593,"hostname":"TempleOfZyminx","from":{"q":1,"r":8},"to":{"q":4,"r":0},"msg":"findPath: no valid path found"}
{"level":30,"time":1774382620852,"pid":1603593,"hostname":"TempleOfZyminx","from":{"q":1,"r":8},"to":{"q":4,"r":1},"msg":"findPath: no valid path found"}
{"level":30,"time":1774382620852,"pid":1603593,"hostname":"TempleOfZyminx","from":{"q":1,"r":8},"to":{"q":4,"r":2},"msg":"findPath: no valid path found"}
{"level":30,"time":1774382620852,"pid":1603593,"hostname":"TempleOfZyminx","from":{"q":1,"r":8},"to":{"q":4,"r":3},"msg":"findPath: no valid path found"}
{"level":30,"time":1774382620852,"pid":1603593,"hostname":"TempleOfZyminx","from":{"q":1,"r":8},"to":{"q":4,"r":4},"msg":"findPath: no valid path found"}
{"level":30,"time":1774382620852,"pid":1603593,"hostname":"TempleOfZyminx","from":{"q":1,"r":8},"to":{"q":4,"r":8},"msg":"findPath: no valid path found"}
{"level":30,"time":1774382620852,"pid":1603593,"hostname":"TempleOfZyminx","from":{"q":1,"r":8},"to":{"q":4,"r":9},"msg":"findPath: no valid path found"}
{"level":30,"time":1774382620852,"pid":1603593,"hostname":"TempleOfZyminx","from":{"q":1,"r":8},"to":{"q":4,"r":10},"msg":"findPath: no valid path found"}
{"level":30,"time":1774382620852,"pid":1603593,"hostname":"TempleOfZyminx","from":{"q":1,"r":8},"to":{"q":4,"r":11},"msg":"findPath: no valid path found"}
{"level":30,"time":1774382620852,"pid":1603593,"hostname":"TempleOfZyminx","from":{"q":1,"r":8},"to":{"q":4,"r":12},"msg":"findPath: no valid path found"}
{"level":30,"time":1774382620852,"pid":1603593,"hostname":"TempleOfZyminx","from":{"q":1,"r":8},"to":{"q":4,"r":13},"msg":"findPath: no valid path found"}
{"level":30,"time":1774382620852,"pid":1603593,"hostname":"TempleOfZyminx","from":{"q":1,"r":8},"to":{"q":4,"r":14},"msg":"findPath: no valid path found"}
{"level":30,"time":1774382620852,"pid":1603593,"hostname":"TempleOfZyminx","from":{"q":1,"r":8},"to":{"q":4,"r":15},"msg":"findPath: no valid path found"}
{"level":30,"time":1774382620852,"pid":1603593,"hostname":"TempleOfZyminx","from":{"q":1,"r":8},"to":{"q":4,"r":16},"msg":"findPath: no valid path found"}
{"level":30,"time":1774382620852,"pid":1603593,"hostname":"TempleOfZyminx","from":{"q":1,"r":8},"to":{"q":4,"r":17},"msg":"findPath: no valid path found"}
{"level":30,"time":1774382620852,"pid":1603593,"hostname":"TempleOfZyminx","from":{"q":1,"r":8},"to":{"q":4,"r":18},"msg":"findPath: no valid path found"}
{"level":30,"time":1774382620852,"pid":1603593,"hostname":"TempleOfZyminx","from":{"q":1,"r":8},"to":{"q":4,"r":19},"msg":"findPath: no valid path found"}
{"level":30,"time":1774382620852,"pid":1603593,"hostname":"TempleOfZyminx","from":{"q":1,"r":8},"to":{"q":4,"r":20},"msg":"findPath: no valid path found"}
{"level":30,"time":1774382620852,"pid":1603593,"hostname":"TempleOfZyminx","from":{"q":1,"r":8},"to":{"q":4,"r":21},"msg":"findPath: no valid path found"}
{"level":30,"time":1774382620852,"pid":1603593,"hostname":"TempleOfZyminx","from":{"q":1,"r":8},"to":{"q":5,"r":0},"msg":"findPath: no valid path found"}
{"level":30,"time":1774382620852,"pid":1603593,"hostname":"TempleOfZyminx","from":{"q":1,"r":8},"to":{"q":5,"r":1},"msg":"findPath: no valid path found"}
{"level":30,"time":1774382620852,"pid":1603593,"hostname":"TempleOfZyminx","from":{"q":1,"r":8},"to":{"q":5,"r":2},"msg":"findPath: no valid path found"}
{"level":30,"time":1774382620852,"pid":1603593,"hostname":"TempleOfZyminx","from":{"q":1,"r":8},"to":{"q":5,"r":3},"msg":"findPath: no valid path found"}
{"level":30,"time":1774382620852,"pid":1603593,"hostname":"TempleOfZyminx","from":{"q":1,"r":8},"to":{"q":5,"r":4},"msg":"findPath: no valid path found"}
{"level":30,"time":1774382620852,"pid":1603593,"hostname":"TempleOfZyminx","from":{"q":1,"r":8},"to":{"q":5,"r":5},"msg":"findPath: no valid path found"}
{"level":30,"time":1774382620852,"pid":1603593,"hostname":"TempleOfZyminx","from":{"q":1,"r":8},"to":{"q":5,"r":6},"msg":"findPath: no valid path found"}
{"level":30,"time":1774382620852,"pid":1603593,"hostname":"TempleOfZyminx","from":{"q":1,"r":8},"to":{"q":5,"r":8},"msg":"findPath: no valid path found"}
{"level":30,"time":1774382620852,"pid":1603593,"hostname":"TempleOfZyminx","from":{"q":1,"r":8},"to":{"q":5,"r":9},"msg":"findPath: no valid path found"}
{"level":30,"time":1774382620852,"pid":1603593,"hostname":"TempleOfZyminx","from":{"q":1,"r":8},"to":{"q":5,"r":10},"msg":"findPath: no valid path found"}
{"level":30,"time":1774382620852,"pid":1603593,"hostname":"TempleOfZyminx","from":{"q":1,"r":8},"to":{"q":5,"r":11},"msg":"findPath: no valid path found"}
{"level":30,"time":1774382620852,"pid":1603593,"hostname":"TempleOfZyminx","from":{"q":1,"r":8},"to":{"q":5,"r":12},"msg":"findPath: no valid path found"}
{"level":30,"time":1774382620852,"pid":1603593,"hostname":"TempleOfZyminx","from":{"q":1,"r":8},"to":{"q":5,"r":13},"msg":"findPath: no valid path found"}
{"level":30,"time":1774382620852,"pid":1603593,"hostname":"TempleOfZyminx","from":{"q":1,"r":8},"to":{"q":5,"r":14},"msg":"findPath: no valid path found"}
{"level":30,"time":1774382620852,"pid":1603593,"hostname":"TempleOfZyminx","from":{"q":1,"r":8},"to":{"q":5,"r":15},"msg":"findPath: no valid path found"}
{"level":30,"time":1774382620852,"pid":1603593,"hostname":"TempleOfZyminx","from":{"q":1,"r":8},"to":{"q":5,"r":16},"msg":"findPath: no valid path found"}
{"level":30,"time":1774382620852,"pid":1603593,"hostname":"TempleOfZyminx","from":{"q":1,"r":8},"to":{"q":5,"r":17},"msg":"findPath: no valid path found"}
{"level":30,"time":1774382620852,"pid":1603593,"hostname":"TempleOfZyminx","from":{"q":1,"r":8},"to":{"q":5,"r":18},"msg":"findPath: no valid path found"}
{"level":30,"time":1774382620852,"pid":1603593,"hostname":"TempleOfZyminx","from":{"q":1,"r":8},"to":{"q":5,"r":19},"msg":"findPath: no valid path found"}
{"level":30,"time":1774382620853,"pid":1603593,"hostname":"TempleOfZyminx","from":{"q":1,"r":8},"to":{"q":5,"r":20},"msg":"findPath: no valid path found"}
{"level":30,"time":1774382620853,"pid":1603593,"hostname":"TempleOfZyminx","from":{"q":1,"r":8},"to":{"q":5,"r":21},"msg":"findPath: no valid path found"}
{"level":30,"time":1774382620853,"pid":1603593,"hostname":"TempleOfZyminx","from":{"q":1,"r":8},"to":{"q":6,"r":0},"msg":"findPath: no valid path found"}
{"level":30,"time":1774382620853,"pid":1603593,"hostname":"TempleOfZyminx","from":{"q":1,"r":8},"to":{"q":6,"r":1},"msg":"findPath: no valid path found"}
{"level":30,"time":1774382620853,"pid":1603593,"hostname":"TempleOfZyminx","from":{"q":1,"r":8},"to":{"q":6,"r":2},"msg":"findPath: no valid path found"}
{"level":30,"time":1774382620853,"pid":1603593,"hostname":"TempleOfZyminx","from":{"q":1,"r":8},"to":{"q":6,"r":3},"msg":"findPath: no valid path found"}
{"level":30,"time":1774382620853,"pid":1603593,"hostname":"TempleOfZyminx","from":{"q":1,"r":8},"to":{"q":6,"r":5},"msg":"findPath: no valid path found"}
{"level":30,"time":1774382620853,"pid":1603593,"hostname":"TempleOfZyminx","from":{"q":1,"r":8},"to":{"q":6,"r":6},"msg":"findPath: no valid path found"}
{"level":30,"time":1774382620853,"pid":1603593,"hostname":"TempleOfZyminx","from":{"q":1,"r":8},"to":{"q":6,"r":7},"msg":"findPath: no valid path found"}
{"level":30,"time":1774382620853,"pid":1603593,"hostname":"TempleOfZyminx","from":{"q":1,"r":8},"to":{"q":6,"r":8},"msg":"findPath: no valid path found"}
{"level":30,"time":1774382620853,"pid":1603593,"hostname":"TempleOfZyminx","from":{"q":1,"r":8},"to":{"q":6,"r":9},"msg":"findPath: no valid path found"}
{"level":30,"time":1774382620853,"pid":1603593,"hostname":"TempleOfZyminx","from":{"q":1,"r":8},"to":{"q":6,"r":10},"msg":"findPath: no valid path found"}
{"level":30,"time":1774382620853,"pid":1603593,"hostname":"TempleOfZyminx","from":{"q":1,"r":8},"to":{"q":6,"r":11},"msg":"findPath: no valid path found"}
{"level":30,"time":1774382620853,"pid":1603593,"hostname":"TempleOfZyminx","from":{"q":1,"r":8},"to":{"q":6,"r":12},"msg":"findPath: no valid path found"}
{"level":30,"time":1774382620853,"pid":1603593,"hostname":"TempleOfZyminx","from":{"q":1,"r":8},"to":{"q":6,"r":13},"msg":"findPath: no valid path found"}
{"level":30,"time":1774382620853,"pid":1603593,"hostname":"TempleOfZyminx","from":{"q":1,"r":8},"to":{"q":6,"r":14},"msg":"findPath: no valid path found"}
{"level":30,"time":1774382620853,"pid":1603593,"hostname":"TempleOfZyminx","from":{"q":1,"r":8},"to":{"q":6,"r":15},"msg":"findPath: no valid path found"}
{"level":30,"time":1774382620853,"pid":1603593,"hostname":"TempleOfZyminx","from":{"q":1,"r":8},"to":{"q":6,"r":16},"msg":"findPath: no valid path found"}
{"level":30,"time":1774382620853,"pid":1603593,"hostname":"TempleOfZyminx","from":{"q":1,"r":8},"to":{"q":6,"r":17},"msg":"findPath: no valid path found"}
{"level":30,"time":1774382620853,"pid":1603593,"hostname":"TempleOfZyminx","from":{"q":1,"r":8},"to":{"q":6,"r":18},"msg":"findPath: no valid path found"}
{"level":30,"time":1774382620853,"pid":1603593,"hostname":"TempleOfZyminx","from":{"q":1,"r":8},"to":{"q":6,"r":19},"msg":"findPath: no valid path found"}
{"level":30,"time":1774382620853,"pid":1603593,"hostname":"TempleOfZyminx","from":{"q":1,"r":8},"to":{"q":6,"r":20},"msg":"findPath: no valid path found"}
{"level":30,"time":1774382620853,"pid":1603593,"hostname":"TempleOfZyminx","from":{"q":1,"r":8},"to":{"q":6,"r":21},"msg":"findPath: no valid path found"}
{"level":30,"time":1774382620853,"pid":1603593,"hostname":"TempleOfZyminx","from":{"q":1,"r":8},"to":{"q":7,"r":0},"msg":"findPath: no valid path found"}
{"level":30,"time":1774382620853,"pid":1603593,"hostname":"TempleOfZyminx","from":{"q":1,"r":8},"to":{"q":7,"r":1},"msg":"findPath: no valid path found"}
{"level":30,"time":1774382620853,"pid":1603593,"hostname":"TempleOfZyminx","from":{"q":1,"r":8},"to":{"q":7,"r":2},"msg":"findPath: no valid path found"}
{"level":30,"time":1774382620853,"pid":1603593,"hostname":"TempleOfZyminx","from":{"q":1,"r":8},"to":{"q":7,"r":4},"msg":"findPath: no valid path found"}
{"level":30,"time":1774382620853,"pid":1603593,"hostname":"TempleOfZyminx","from":{"q":1,"r":8},"to":{"q":7,"r":5},"msg":"findPath: no valid path found"}
{"level":30,"time":1774382620853,"pid":1603593,"hostname":"TempleOfZyminx","from":{"q":1,"r":8},"to":{"q":7,"r":6},"msg":"findPath: no valid path found"}
{"level":30,"time":1774382620853,"pid":1603593,"hostname":"TempleOfZyminx","from":{"q":1,"r":8},"to":{"q":7,"r":7},"msg":"findPath: no valid path found"}
{"level":30,"time":1774382620853,"pid":1603593,"hostname":"TempleOfZyminx","from":{"q":1,"r":8},"to":{"q":7,"r":8},"msg":"findPath: no valid path found"}
{"level":30,"time":1774382620853,"pid":1603593,"hostname":"TempleOfZyminx","from":{"q":1,"r":8},"to":{"q":7,"r":9},"msg":"findPath: no valid path found"}
{"level":30,"time":1774382620853,"pid":1603593,"hostname":"TempleOfZyminx","from":{"q":1,"r":8},"to":{"q":7,"r":10},"msg":"findPath: no valid path found"}
{"level":30,"time":1774382620853,"pid":1603593,"hostname":"TempleOfZyminx","from":{"q":1,"r":8},"to":{"q":7,"r":11},"msg":"findPath: no valid path found"}
{"level":30,"time":1774382620853,"pid":1603593,"hostname":"TempleOfZyminx","from":{"q":1,"r":8},"to":{"q":7,"r":12},"msg":"findPath: no valid path found"}
{"level":30,"time":1774382620853,"pid":1603593,"hostname":"TempleOfZyminx","from":{"q":1,"r":8},"to":{"q":7,"r":13},"msg":"findPath: no valid path found"}
{"level":30,"time":1774382620853,"pid":1603593,"hostname":"TempleOfZyminx","from":{"q":1,"r":8},"to":{"q":7,"r":14},"msg":"findPath: no valid path found"}
{"level":30,"time":1774382620853,"pid":1603593,"hostname":"TempleOfZyminx","from":{"q":1,"r":8},"to":{"q":7,"r":15},"msg":"findPath: no valid path found"}
{"level":30,"time":1774382620854,"pid":1603593,"hostname":"TempleOfZyminx","from":{"q":1,"r":8},"to":{"q":7,"r":16},"msg":"findPath: no valid path found"}
{"level":30,"time":1774382620854,"pid":1603593,"hostname":"TempleOfZyminx","from":{"q":1,"r":8},"to":{"q":7,"r":17},"msg":"findPath: no valid path found"}
{"level":30,"time":1774382620854,"pid":1603593,"hostname":"TempleOfZyminx","from":{"q":1,"r":8},"to":{"q":7,"r":18},"msg":"findPath: no valid path found"}
{"level":30,"time":1774382620854,"pid":1603593,"hostname":"TempleOfZyminx","from":{"q":1,"r":8},"to":{"q":7,"r":19},"msg":"findPath: no valid path found"}
{"level":30,"time":1774382620854,"pid":1603593,"hostname":"TempleOfZyminx","from":{"q":1,"r":8},"to":{"q":7,"r":20},"msg":"findPath: no valid path found"}
{"level":30,"time":1774382620854,"pid":1603593,"hostname":"TempleOfZyminx","from":{"q":1,"r":8},"to":{"q":7,"r":21},"msg":"findPath: no valid path found"}
{"level":30,"time":1774382620854,"pid":1603593,"hostname":"TempleOfZyminx","from":{"q":1,"r":8},"to":{"q":8,"r":0},"msg":"findPath: no valid path found"}
{"level":30,"time":1774382620854,"pid":1603593,"hostname":"TempleOfZyminx","from":{"q":1,"r":8},"to":{"q":8,"r":1},"msg":"findPath: no valid path found"}
{"level":30,"time":1774382620854,"pid":1603593,"hostname":"TempleOfZyminx","from":{"q":1,"r":8},"to":{"q":8,"r":2},"msg":"findPath: no valid path found"}
{"level":30,"time":1774382620854,"pid":1603593,"hostname":"TempleOfZyminx","from":{"q":1,"r":8},"to":{"q":8,"r":3},"msg":"findPath: no valid path found"}
{"level":30,"time":1774382620854,"pid":1603593,"hostname":"TempleOfZyminx","from":{"q":1,"r":8},"to":{"q":8,"r":4},"msg":"findPath: no valid path found"}
{"level":30,"time":1774382620854,"pid":1603593,"hostname":"TempleOfZyminx","from":{"q":1,"r":8},"to":{"q":8,"r":5},"msg":"findPath: no valid path found"}
{"level":30,"time":1774382620854,"pid":1603593,"hostname":"TempleOfZyminx","from":{"q":1,"r":8},"to":{"q":8,"r":6},"msg":"findPath: no valid path found"}
{"level":30,"time":1774382620854,"pid":1603593,"hostname":"TempleOfZyminx","from":{"q":1,"r":8},"to":{"q":8,"r":7},"msg":"findPath: no valid path found"}
{"level":30,"time":1774382620854,"pid":1603593,"hostname":"TempleOfZyminx","from":{"q":1,"r":8},"to":{"q":8,"r":8},"msg":"findPath: no valid path found"}
{"level":30,"time":1774382620854,"pid":1603593,"hostname":"TempleOfZyminx","from":{"q":1,"r":8},"to":{"q":8,"r":9},"msg":"findPath: no valid path found"}
{"level":30,"time":1774382620854,"pid":1603593,"hostname":"TempleOfZyminx","from":{"q":1,"r":8},"to":{"q":8,"r":10},"msg":"findPath: no valid path found"}
{"level":30,"time":1774382620854,"pid":1603593,"hostname":"TempleOfZyminx","from":{"q":1,"r":8},"to":{"q":8,"r":11},"msg":"findPath: no valid path found"}
{"level":30,"time":1774382620854,"pid":1603593,"hostname":"TempleOfZyminx","from":{"q":1,"r":8},"to":{"q":8,"r":12},"msg":"findPath: no valid path found"}
{"level":30,"time":1774382620854,"pid":1603593,"hostname":"TempleOfZyminx","from":{"q":1,"r":8},"to":{"q":8,"r":13},"msg":"findPath: no valid path found"}
{"level":30,"time":1774382620854,"pid":1603593,"hostname":"TempleOfZyminx","from":{"q":1,"r":8},"to":{"q":8,"r":14},"msg":"findPath: no valid path found"}
{"level":30,"time":1774382620854,"pid":1603593,"hostname":"TempleOfZyminx","from":{"q":1,"r":8},"to":{"q":8,"r":15},"msg":"findPath: no valid path found"}
{"level":30,"time":1774382620854,"pid":1603593,"hostname":"TempleOfZyminx","from":{"q":1,"r":8},"to":{"q":8,"r":16},"msg":"findPath: no valid path found"}
{"level":30,"time":1774382620854,"pid":1603593,"hostname":"TempleOfZyminx","from":{"q":1,"r":8},"to":{"q":8,"r":17},"msg":"findPath: no valid path found"}
{"level":30,"time":1774382620854,"pid":1603593,"hostname":"TempleOfZyminx","from":{"q":1,"r":8},"to":{"q":8,"r":18},"msg":"findPath: no valid path found"}
{"level":30,"time":1774382620854,"pid":1603593,"hostname":"TempleOfZyminx","from":{"q":1,"r":8},"to":{"q":8,"r":19},"msg":"findPath: no valid path found"}
{"level":30,"time":1774382620854,"pid":1603593,"hostname":"TempleOfZyminx","from":{"q":1,"r":8},"to":{"q":8,"r":20},"msg":"findPath: no valid path found"}
{"level":30,"time":1774382620854,"pid":1603593,"hostname":"TempleOfZyminx","from":{"q":1,"r":8},"to":{"q":8,"r":21},"msg":"findPath: no valid path found"}
{"level":30,"time":1774382620854,"pid":1603593,"hostname":"TempleOfZyminx","from":{"q":1,"r":8},"to":{"q":9,"r":0},"msg":"findPath: no valid path found"}
{"level":30,"time":1774382620854,"pid":1603593,"hostname":"TempleOfZyminx","from":{"q":1,"r":8},"to":{"q":9,"r":1},"msg":"findPath: no valid path found"}
 ✓ dist/db/postgres.integration.test.js (9 tests) 2545ms
{"level":30,"time":1774382620880,"pid":1604421,"hostname":"TempleOfZyminx","scenarioId":"swamp-siege-01","role":"onion","msg":"Creating new game match"}
{"level":30,"time":1774382620883,"pid":1604421,"hostname":"TempleOfZyminx","gameId":"2900fc3a-7695-4f3f-a065-8f118df80807","role":"onion","msg":"Game match created"}
{"level":30,"time":1774382620888,"pid":1604421,"hostname":"TempleOfZyminx","scenarioId":"swamp-siege-01","role":"onion","msg":"Creating new game match"}
{"level":30,"time":1774382620937,"pid":1604421,"hostname":"TempleOfZyminx","scenarioId":"swamp-siege-01","role":"wizard","msg":"Creating new game match"}
{"level":40,"time":1774382620938,"pid":1604421,"hostname":"TempleOfZyminx","role":"wizard","msg":"Invalid role specified"}
{"level":30,"time":1774382620854,"pid":1603593,"hostname":"TempleOfZyminx","from":{"q":1,"r":8},"to":{"q":9,"r":2},"msg":"findPath: no valid path found"}
{"level":30,"time":1774382620955,"pid":1603593,"hostname":"TempleOfZyminx","from":{"q":1,"r":8},"to":{"q":9,"r":3},"msg":"findPath: no valid path found"}
{"level":30,"time":1774382620956,"pid":1603593,"hostname":"TempleOfZyminx","from":{"q":1,"r":8},"to":{"q":9,"r":4},"msg":"findPath: no valid path found"}
{"level":30,"time":1774382620956,"pid":1603593,"hostname":"TempleOfZyminx","from":{"q":1,"r":8},"to":{"q":9,"r":5},"msg":"findPath: no valid path found"}
{"level":30,"time":1774382620956,"pid":1603593,"hostname":"TempleOfZyminx","from":{"q":1,"r":8},"to":{"q":9,"r":6},"msg":"findPath: no valid path found"}
{"level":30,"time":1774382620956,"pid":1603593,"hostname":"TempleOfZyminx","from":{"q":1,"r":8},"to":{"q":9,"r":7},"msg":"findPath: no valid path found"}
{"level":30,"time":1774382620956,"pid":1603593,"hostname":"TempleOfZyminx","from":{"q":1,"r":8},"to":{"q":9,"r":8},"msg":"findPath: no valid path found"}
{"level":30,"time":1774382620956,"pid":1603593,"hostname":"TempleOfZyminx","from":{"q":1,"r":8},"to":{"q":9,"r":9},"msg":"findPath: no valid path found"}
{"level":30,"time":1774382620956,"pid":1603593,"hostname":"TempleOfZyminx","from":{"q":1,"r":8},"to":{"q":9,"r":10},"msg":"findPath: no valid path found"}
{"level":30,"time":1774382620956,"pid":1603593,"hostname":"TempleOfZyminx","from":{"q":1,"r":8},"to":{"q":9,"r":11},"msg":"findPath: no valid path found"}
{"level":30,"time":1774382620956,"pid":1603593,"hostname":"TempleOfZyminx","from":{"q":1,"r":8},"to":{"q":9,"r":12},"msg":"findPath: no valid path found"}
{"level":30,"time":1774382620956,"pid":1603593,"hostname":"TempleOfZyminx","from":{"q":1,"r":8},"to":{"q":9,"r":13},"msg":"findPath: no valid path found"}
{"level":30,"time":1774382620956,"pid":1603593,"hostname":"TempleOfZyminx","from":{"q":1,"r":8},"to":{"q":9,"r":14},"msg":"findPath: no valid path found"}
{"level":30,"time":1774382620957,"pid":1603593,"hostname":"TempleOfZyminx","from":{"q":1,"r":8},"to":{"q":9,"r":15},"msg":"findPath: no valid path found"}
{"level":30,"time":1774382620957,"pid":1603593,"hostname":"TempleOfZyminx","from":{"q":1,"r":8},"to":{"q":9,"r":16},"msg":"findPath: no valid path found"}
{"level":30,"time":1774382620957,"pid":1603593,"hostname":"TempleOfZyminx","from":{"q":1,"r":8},"to":{"q":9,"r":17},"msg":"findPath: no valid path found"}
{"level":30,"time":1774382620957,"pid":1603593,"hostname":"TempleOfZyminx","from":{"q":1,"r":8},"to":{"q":9,"r":18},"msg":"findPath: no valid path found"}
{"level":30,"time":1774382620957,"pid":1603593,"hostname":"TempleOfZyminx","from":{"q":1,"r":8},"to":{"q":9,"r":19},"msg":"findPath: no valid path found"}
{"level":30,"time":1774382620957,"pid":1603593,"hostname":"TempleOfZyminx","from":{"q":1,"r":8},"to":{"q":9,"r":20},"msg":"findPath: no valid path found"}
{"level":30,"time":1774382620957,"pid":1603593,"hostname":"TempleOfZyminx","from":{"q":1,"r":8},"to":{"q":9,"r":21},"msg":"findPath: no valid path found"}
{"level":30,"time":1774382620957,"pid":1603593,"hostname":"TempleOfZyminx","from":{"q":1,"r":8},"to":{"q":10,"r":0},"msg":"findPath: no valid path found"}
{"level":30,"time":1774382620957,"pid":1603593,"hostname":"TempleOfZyminx","from":{"q":1,"r":8},"to":{"q":10,"r":1},"msg":"findPath: no valid path found"}
{"level":30,"time":1774382620957,"pid":1603593,"hostname":"TempleOfZyminx","from":{"q":1,"r":8},"to":{"q":10,"r":2},"msg":"findPath: no valid path found"}
{"level":30,"time":1774382620957,"pid":1603593,"hostname":"TempleOfZyminx","from":{"q":1,"r":8},"to":{"q":10,"r":3},"msg":"findPath: no valid path found"}
{"level":30,"time":1774382620957,"pid":1603593,"hostname":"TempleOfZyminx","from":{"q":1,"r":8},"to":{"q":10,"r":4},"msg":"findPath: no valid path found"}
{"level":30,"time":1774382620957,"pid":1603593,"hostname":"TempleOfZyminx","from":{"q":1,"r":8},"to":{"q":10,"r":5},"msg":"findPath: no valid path found"}
{"level":30,"time":1774382620957,"pid":1603593,"hostname":"TempleOfZyminx","from":{"q":1,"r":8},"to":{"q":10,"r":6},"msg":"findPath: no valid path found"}
{"level":30,"time":1774382620957,"pid":1603593,"hostname":"TempleOfZyminx","from":{"q":1,"r":8},"to":{"q":10,"r":7},"msg":"findPath: no valid path found"}
{"level":30,"time":1774382620957,"pid":1603593,"hostname":"TempleOfZyminx","from":{"q":1,"r":8},"to":{"q":10,"r":8},"msg":"findPath: no valid path found"}
{"level":30,"time":1774382620957,"pid":1603593,"hostname":"TempleOfZyminx","from":{"q":1,"r":8},"to":{"q":10,"r":9},"msg":"findPath: no valid path found"}
{"level":30,"time":1774382620957,"pid":1603593,"hostname":"TempleOfZyminx","from":{"q":1,"r":8},"to":{"q":10,"r":10},"msg":"findPath: no valid path found"}
{"level":30,"time":1774382620957,"pid":1603593,"hostname":"TempleOfZyminx","from":{"q":1,"r":8},"to":{"q":10,"r":11},"msg":"findPath: no valid path found"}
{"level":30,"time":1774382620957,"pid":1603593,"hostname":"TempleOfZyminx","from":{"q":1,"r":8},"to":{"q":10,"r":12},"msg":"findPath: no valid path found"}
{"level":30,"time":1774382620957,"pid":1603593,"hostname":"TempleOfZyminx","from":{"q":1,"r":8},"to":{"q":10,"r":13},"msg":"findPath: no valid path found"}
{"level":30,"time":1774382620958,"pid":1603593,"hostname":"TempleOfZyminx","from":{"q":1,"r":8},"to":{"q":10,"r":14},"msg":"findPath: no valid path found"}
{"level":30,"time":1774382620958,"pid":1603593,"hostname":"TempleOfZyminx","from":{"q":1,"r":8},"to":{"q":10,"r":15},"msg":"findPath: no valid path found"}
{"level":30,"time":1774382620958,"pid":1603593,"hostname":"TempleOfZyminx","from":{"q":1,"r":8},"to":{"q":10,"r":16},"msg":"findPath: no valid path found"}
{"level":30,"time":1774382620958,"pid":1603593,"hostname":"TempleOfZyminx","from":{"q":1,"r":8},"to":{"q":10,"r":17},"msg":"findPath: no valid path found"}
{"level":30,"time":1774382620958,"pid":1603593,"hostname":"TempleOfZyminx","from":{"q":1,"r":8},"to":{"q":10,"r":18},"msg":"findPath: no valid path found"}
{"level":30,"time":1774382620958,"pid":1603593,"hostname":"TempleOfZyminx","from":{"q":1,"r":8},"to":{"q":10,"r":19},"msg":"findPath: no valid path found"}
{"level":30,"time":1774382620958,"pid":1603593,"hostname":"TempleOfZyminx","from":{"q":1,"r":8},"to":{"q":10,"r":20},"msg":"findPath: no valid path found"}
{"level":30,"time":1774382620958,"pid":1603593,"hostname":"TempleOfZyminx","from":{"q":1,"r":8},"to":{"q":10,"r":21},"msg":"findPath: no valid path found"}
{"level":30,"time":1774382620958,"pid":1603593,"hostname":"TempleOfZyminx","from":{"q":1,"r":8},"to":{"q":11,"r":0},"msg":"findPath: no valid path found"}
{"level":30,"time":1774382620958,"pid":1603593,"hostname":"TempleOfZyminx","from":{"q":1,"r":8},"to":{"q":11,"r":1},"msg":"findPath: no valid path found"}
{"level":30,"time":1774382620958,"pid":1603593,"hostname":"TempleOfZyminx","from":{"q":1,"r":8},"to":{"q":11,"r":2},"msg":"findPath: no valid path found"}
{"level":30,"time":1774382620958,"pid":1603593,"hostname":"TempleOfZyminx","from":{"q":1,"r":8},"to":{"q":11,"r":3},"msg":"findPath: no valid path found"}
{"level":30,"time":1774382620958,"pid":1603593,"hostname":"TempleOfZyminx","from":{"q":1,"r":8},"to":{"q":11,"r":4},"msg":"findPath: no valid path found"}
{"level":30,"time":1774382620958,"pid":1603593,"hostname":"TempleOfZyminx","from":{"q":1,"r":8},"to":{"q":11,"r":5},"msg":"findPath: no valid path found"}
{"level":30,"time":1774382620958,"pid":1603593,"hostname":"TempleOfZyminx","from":{"q":1,"r":8},"to":{"q":11,"r":6},"msg":"findPath: no valid path found"}
{"level":30,"time":1774382620958,"pid":1603593,"hostname":"TempleOfZyminx","from":{"q":1,"r":8},"to":{"q":11,"r":7},"msg":"findPath: no valid path found"}
{"level":30,"time":1774382620958,"pid":1603593,"hostname":"TempleOfZyminx","from":{"q":1,"r":8},"to":{"q":11,"r":8},"msg":"findPath: no valid path found"}
{"level":30,"time":1774382620958,"pid":1603593,"hostname":"TempleOfZyminx","from":{"q":1,"r":8},"to":{"q":11,"r":9},"msg":"findPath: no valid path found"}
{"level":30,"time":1774382620958,"pid":1603593,"hostname":"TempleOfZyminx","from":{"q":1,"r":8},"to":{"q":11,"r":10},"msg":"findPath: no valid path found"}
{"level":30,"time":1774382620958,"pid":1603593,"hostname":"TempleOfZyminx","from":{"q":1,"r":8},"to":{"q":11,"r":11},"msg":"findPath: no valid path found"}
{"level":30,"time":1774382620958,"pid":1603593,"hostname":"TempleOfZyminx","from":{"q":1,"r":8},"to":{"q":11,"r":12},"msg":"findPath: no valid path found"}
{"level":30,"time":1774382620958,"pid":1603593,"hostname":"TempleOfZyminx","from":{"q":1,"r":8},"to":{"q":11,"r":13},"msg":"findPath: no valid path found"}
{"level":30,"time":1774382620958,"pid":1603593,"hostname":"TempleOfZyminx","from":{"q":1,"r":8},"to":{"q":11,"r":14},"msg":"findPath: no valid path found"}
{"level":30,"time":1774382620958,"pid":1603593,"hostname":"TempleOfZyminx","from":{"q":1,"r":8},"to":{"q":11,"r":15},"msg":"findPath: no valid path found"}
{"level":30,"time":1774382620958,"pid":1603593,"hostname":"TempleOfZyminx","from":{"q":1,"r":8},"to":{"q":11,"r":16},"msg":"findPath: no valid path found"}
{"level":30,"time":1774382620958,"pid":1603593,"hostname":"TempleOfZyminx","from":{"q":1,"r":8},"to":{"q":11,"r":17},"msg":"findPath: no valid path found"}
{"level":30,"time":1774382620958,"pid":1603593,"hostname":"TempleOfZyminx","from":{"q":1,"r":8},"to":{"q":11,"r":18},"msg":"findPath: no valid path found"}
{"level":30,"time":1774382620958,"pid":1603593,"hostname":"TempleOfZyminx","from":{"q":1,"r":8},"to":{"q":11,"r":19},"msg":"findPath: no valid path found"}
{"level":30,"time":1774382620958,"pid":1603593,"hostname":"TempleOfZyminx","from":{"q":1,"r":8},"to":{"q":11,"r":20},"msg":"findPath: no valid path found"}
{"level":30,"time":1774382620958,"pid":1603593,"hostname":"TempleOfZyminx","from":{"q":1,"r":8},"to":{"q":11,"r":21},"msg":"findPath: no valid path found"}
{"level":30,"time":1774382620958,"pid":1603593,"hostname":"TempleOfZyminx","from":{"q":1,"r":8},"to":{"q":12,"r":0},"msg":"findPath: no valid path found"}
{"level":30,"time":1774382620958,"pid":1603593,"hostname":"TempleOfZyminx","from":{"q":1,"r":8},"to":{"q":12,"r":1},"msg":"findPath: no valid path found"}
{"level":30,"time":1774382620959,"pid":1603593,"hostname":"TempleOfZyminx","from":{"q":1,"r":8},"to":{"q":12,"r":2},"msg":"findPath: no valid path found"}
{"level":30,"time":1774382620959,"pid":1603593,"hostname":"TempleOfZyminx","from":{"q":1,"r":8},"to":{"q":12,"r":3},"msg":"findPath: no valid path found"}
{"level":30,"time":1774382620959,"pid":1603593,"hostname":"TempleOfZyminx","from":{"q":1,"r":8},"to":{"q":12,"r":4},"msg":"findPath: no valid path found"}
{"level":30,"time":1774382620959,"pid":1603593,"hostname":"TempleOfZyminx","from":{"q":1,"r":8},"to":{"q":12,"r":5},"msg":"findPath: no valid path found"}
{"level":30,"time":1774382620959,"pid":1603593,"hostname":"TempleOfZyminx","from":{"q":1,"r":8},"to":{"q":12,"r":6},"msg":"findPath: no valid path found"}
{"level":30,"time":1774382620959,"pid":1603593,"hostname":"TempleOfZyminx","from":{"q":1,"r":8},"to":{"q":12,"r":7},"msg":"findPath: no valid path found"}
{"level":30,"time":1774382620959,"pid":1603593,"hostname":"TempleOfZyminx","from":{"q":1,"r":8},"to":{"q":12,"r":8},"msg":"findPath: no valid path found"}
{"level":30,"time":1774382620959,"pid":1603593,"hostname":"TempleOfZyminx","from":{"q":1,"r":8},"to":{"q":12,"r":9},"msg":"findPath: no valid path found"}
{"level":30,"time":1774382620959,"pid":1603593,"hostname":"TempleOfZyminx","from":{"q":1,"r":8},"to":{"q":12,"r":10},"msg":"findPath: no valid path found"}
{"level":30,"time":1774382620959,"pid":1603593,"hostname":"TempleOfZyminx","from":{"q":1,"r":8},"to":{"q":12,"r":11},"msg":"findPath: no valid path found"}
{"level":30,"time":1774382620959,"pid":1603593,"hostname":"TempleOfZyminx","from":{"q":1,"r":8},"to":{"q":12,"r":12},"msg":"findPath: no valid path found"}
{"level":30,"time":1774382620959,"pid":1603593,"hostname":"TempleOfZyminx","from":{"q":1,"r":8},"to":{"q":12,"r":13},"msg":"findPath: no valid path found"}
{"level":30,"time":1774382620959,"pid":1603593,"hostname":"TempleOfZyminx","from":{"q":1,"r":8},"to":{"q":12,"r":14},"msg":"findPath: no valid path found"}
{"level":30,"time":1774382620959,"pid":1603593,"hostname":"TempleOfZyminx","from":{"q":1,"r":8},"to":{"q":12,"r":15},"msg":"findPath: no valid path found"}
{"level":30,"time":1774382620959,"pid":1603593,"hostname":"TempleOfZyminx","from":{"q":1,"r":8},"to":{"q":12,"r":16},"msg":"findPath: no valid path found"}
{"level":30,"time":1774382620959,"pid":1603593,"hostname":"TempleOfZyminx","from":{"q":1,"r":8},"to":{"q":12,"r":17},"msg":"findPath: no valid path found"}
{"level":30,"time":1774382620959,"pid":1603593,"hostname":"TempleOfZyminx","from":{"q":1,"r":8},"to":{"q":12,"r":18},"msg":"findPath: no valid path found"}
{"level":30,"time":1774382620959,"pid":1603593,"hostname":"TempleOfZyminx","from":{"q":1,"r":8},"to":{"q":12,"r":19},"msg":"findPath: no valid path found"}
{"level":30,"time":1774382620959,"pid":1603593,"hostname":"TempleOfZyminx","from":{"q":1,"r":8},"to":{"q":12,"r":20},"msg":"findPath: no valid path found"}
{"level":30,"time":1774382620959,"pid":1603593,"hostname":"TempleOfZyminx","from":{"q":1,"r":8},"to":{"q":12,"r":21},"msg":"findPath: no valid path found"}
{"level":30,"time":1774382620959,"pid":1603593,"hostname":"TempleOfZyminx","from":{"q":1,"r":8},"to":{"q":13,"r":0},"msg":"findPath: no valid path found"}
{"level":30,"time":1774382620959,"pid":1603593,"hostname":"TempleOfZyminx","from":{"q":1,"r":8},"to":{"q":13,"r":1},"msg":"findPath: no valid path found"}
{"level":30,"time":1774382620959,"pid":1603593,"hostname":"TempleOfZyminx","from":{"q":1,"r":8},"to":{"q":13,"r":2},"msg":"findPath: no valid path found"}
{"level":30,"time":1774382620959,"pid":1603593,"hostname":"TempleOfZyminx","from":{"q":1,"r":8},"to":{"q":13,"r":3},"msg":"findPath: no valid path found"}
{"level":30,"time":1774382620959,"pid":1603593,"hostname":"TempleOfZyminx","from":{"q":1,"r":8},"to":{"q":13,"r":4},"msg":"findPath: no valid path found"}
{"level":30,"time":1774382620959,"pid":1603593,"hostname":"TempleOfZyminx","from":{"q":1,"r":8},"to":{"q":13,"r":5},"msg":"findPath: no valid path found"}
{"level":30,"time":1774382620959,"pid":1603593,"hostname":"TempleOfZyminx","from":{"q":1,"r":8},"to":{"q":13,"r":6},"msg":"findPath: no valid path found"}
{"level":30,"time":1774382620959,"pid":1603593,"hostname":"TempleOfZyminx","from":{"q":1,"r":8},"to":{"q":13,"r":7},"msg":"findPath: no valid path found"}
{"level":30,"time":1774382620960,"pid":1603593,"hostname":"TempleOfZyminx","from":{"q":1,"r":8},"to":{"q":13,"r":8},"msg":"findPath: no valid path found"}
{"level":30,"time":1774382620960,"pid":1603593,"hostname":"TempleOfZyminx","from":{"q":1,"r":8},"to":{"q":13,"r":9},"msg":"findPath: no valid path found"}
{"level":30,"time":1774382620960,"pid":1603593,"hostname":"TempleOfZyminx","from":{"q":1,"r":8},"to":{"q":13,"r":10},"msg":"findPath: no valid path found"}
{"level":30,"time":1774382620960,"pid":1603593,"hostname":"TempleOfZyminx","from":{"q":1,"r":8},"to":{"q":13,"r":11},"msg":"findPath: no valid path found"}
{"level":30,"time":1774382620960,"pid":1603593,"hostname":"TempleOfZyminx","from":{"q":1,"r":8},"to":{"q":13,"r":12},"msg":"findPath: no valid path found"}
{"level":30,"time":1774382620960,"pid":1603593,"hostname":"TempleOfZyminx","from":{"q":1,"r":8},"to":{"q":13,"r":13},"msg":"findPath: no valid path found"}
{"level":30,"time":1774382620960,"pid":1603593,"hostname":"TempleOfZyminx","from":{"q":1,"r":8},"to":{"q":13,"r":14},"msg":"findPath: no valid path found"}
{"level":30,"time":1774382620960,"pid":1603593,"hostname":"TempleOfZyminx","from":{"q":1,"r":8},"to":{"q":13,"r":15},"msg":"findPath: no valid path found"}
{"level":30,"time":1774382620960,"pid":1603593,"hostname":"TempleOfZyminx","from":{"q":1,"r":8},"to":{"q":13,"r":16},"msg":"findPath: no valid path found"}
{"level":30,"time":1774382620960,"pid":1603593,"hostname":"TempleOfZyminx","from":{"q":1,"r":8},"to":{"q":13,"r":17},"msg":"findPath: no valid path found"}
{"level":30,"time":1774382620960,"pid":1603593,"hostname":"TempleOfZyminx","from":{"q":1,"r":8},"to":{"q":13,"r":18},"msg":"findPath: no valid path found"}
{"level":30,"time":1774382620960,"pid":1603593,"hostname":"TempleOfZyminx","from":{"q":1,"r":8},"to":{"q":13,"r":19},"msg":"findPath: no valid path found"}
{"level":30,"time":1774382620960,"pid":1603593,"hostname":"TempleOfZyminx","from":{"q":1,"r":8},"to":{"q":13,"r":20},"msg":"findPath: no valid path found"}
{"level":30,"time":1774382620960,"pid":1603593,"hostname":"TempleOfZyminx","from":{"q":1,"r":8},"to":{"q":13,"r":21},"msg":"findPath: no valid path found"}
{"level":30,"time":1774382620960,"pid":1603593,"hostname":"TempleOfZyminx","from":{"q":1,"r":8},"to":{"q":14,"r":0},"msg":"findPath: no valid path found"}
{"level":30,"time":1774382620960,"pid":1603593,"hostname":"TempleOfZyminx","from":{"q":1,"r":8},"to":{"q":14,"r":1},"msg":"findPath: no valid path found"}
{"level":30,"time":1774382620960,"pid":1603593,"hostname":"TempleOfZyminx","from":{"q":1,"r":8},"to":{"q":14,"r":2},"msg":"findPath: no valid path found"}
{"level":30,"time":1774382620960,"pid":1603593,"hostname":"TempleOfZyminx","from":{"q":1,"r":8},"to":{"q":14,"r":3},"msg":"findPath: no valid path found"}
{"level":30,"time":1774382620960,"pid":1603593,"hostname":"TempleOfZyminx","from":{"q":1,"r":8},"to":{"q":14,"r":4},"msg":"findPath: no valid path found"}
{"level":30,"time":1774382620960,"pid":1603593,"hostname":"TempleOfZyminx","from":{"q":1,"r":8},"to":{"q":14,"r":5},"msg":"findPath: no valid path found"}
{"level":30,"time":1774382620960,"pid":1603593,"hostname":"TempleOfZyminx","from":{"q":1,"r":8},"to":{"q":14,"r":6},"msg":"findPath: no valid path found"}
{"level":30,"time":1774382620960,"pid":1603593,"hostname":"TempleOfZyminx","from":{"q":1,"r":8},"to":{"q":14,"r":7},"msg":"findPath: no valid path found"}
{"level":30,"time":1774382620961,"pid":1603593,"hostname":"TempleOfZyminx","from":{"q":1,"r":8},"to":{"q":14,"r":8},"msg":"findPath: no valid path found"}
{"level":30,"time":1774382620961,"pid":1603593,"hostname":"TempleOfZyminx","from":{"q":1,"r":8},"to":{"q":14,"r":9},"msg":"findPath: no valid path found"}
{"level":30,"time":1774382620961,"pid":1603593,"hostname":"TempleOfZyminx","from":{"q":1,"r":8},"to":{"q":14,"r":10},"msg":"findPath: no valid path found"}
{"level":30,"time":1774382620961,"pid":1603593,"hostname":"TempleOfZyminx","from":{"q":1,"r":8},"to":{"q":14,"r":11},"msg":"findPath: no valid path found"}
{"level":30,"time":1774382620961,"pid":1603593,"hostname":"TempleOfZyminx","from":{"q":1,"r":8},"to":{"q":14,"r":12},"msg":"findPath: no valid path found"}
{"level":30,"time":1774382620961,"pid":1603593,"hostname":"TempleOfZyminx","from":{"q":1,"r":8},"to":{"q":14,"r":13},"msg":"findPath: no valid path found"}
{"level":30,"time":1774382620961,"pid":1603593,"hostname":"TempleOfZyminx","from":{"q":1,"r":8},"to":{"q":14,"r":14},"msg":"findPath: no valid path found"}
{"level":30,"time":1774382620961,"pid":1603593,"hostname":"TempleOfZyminx","from":{"q":1,"r":8},"to":{"q":14,"r":15},"msg":"findPath: no valid path found"}
{"level":30,"time":1774382620961,"pid":1603593,"hostname":"TempleOfZyminx","from":{"q":1,"r":8},"to":{"q":14,"r":16},"msg":"findPath: no valid path found"}
{"level":30,"time":1774382620961,"pid":1603593,"hostname":"TempleOfZyminx","from":{"q":1,"r":8},"to":{"q":14,"r":17},"msg":"findPath: no valid path found"}
{"level":30,"time":1774382620961,"pid":1603593,"hostname":"TempleOfZyminx","from":{"q":1,"r":8},"to":{"q":14,"r":18},"msg":"findPath: no valid path found"}
{"level":30,"time":1774382620961,"pid":1603593,"hostname":"TempleOfZyminx","from":{"q":1,"r":8},"to":{"q":14,"r":19},"msg":"findPath: no valid path found"}
{"level":30,"time":1774382620961,"pid":1603593,"hostname":"TempleOfZyminx","from":{"q":1,"r":8},"to":{"q":14,"r":20},"msg":"findPath: no valid path found"}
{"level":30,"time":1774382620961,"pid":1603593,"hostname":"TempleOfZyminx","from":{"q":1,"r":8},"to":{"q":14,"r":21},"msg":"findPath: no valid path found"}
{"level":30,"time":1774382620962,"pid":1603593,"hostname":"TempleOfZyminx","id":"5a0b0710-4b16-4941-91e6-ae9a2c92bfc5","command":"MOVE","msg":"Submitting game action"}
{"level":30,"time":1774382620962,"pid":1603593,"hostname":"TempleOfZyminx","gameId":"5a0b0710-4b16-4941-91e6-ae9a2c92bfc5","unitId":"onion-1","msg":"Processing MOVE command"}
{"level":30,"time":1774382620963,"pid":1603593,"hostname":"TempleOfZyminx","id":"5a0b0710-4b16-4941-91e6-ae9a2c92bfc5","msg":"Fetching game state"}
{"level":30,"time":1774382620964,"pid":1603593,"hostname":"TempleOfZyminx","id":"5a0b0710-4b16-4941-91e6-ae9a2c92bfc5","msg":"Fetching game state"}
{"level":30,"time":1774382620965,"pid":1603593,"hostname":"TempleOfZyminx","id":"5a0b0710-4b16-4941-91e6-ae9a2c92bfc5","command":"END_PHASE","msg":"Submitting game action"}
{"level":30,"time":1774382620966,"pid":1603593,"hostname":"TempleOfZyminx","gameId":"5a0b0710-4b16-4941-91e6-ae9a2c92bfc5","phase":"ONION_MOVE","msg":"Advancing phase"}
{"level":30,"time":1774382620966,"pid":1603593,"hostname":"TempleOfZyminx","phase":"ONION_MOVE","turnNumber":4,"msg":"Advancing phase in engine"}
{"level":30,"time":1774382620966,"pid":1603593,"hostname":"TempleOfZyminx","id":"5a0b0710-4b16-4941-91e6-ae9a2c92bfc5","msg":"Fetching game state"}
{"level":30,"time":1774382620967,"pid":1603593,"hostname":"TempleOfZyminx","id":"5a0b0710-4b16-4941-91e6-ae9a2c92bfc5","msg":"Fetching game state"}
{"level":30,"time":1774382620968,"pid":1603593,"hostname":"TempleOfZyminx","id":"5a0b0710-4b16-4941-91e6-ae9a2c92bfc5","command":"FIRE","msg":"Submitting game action"}
{"level":30,"time":1774382620968,"pid":1603593,"hostname":"TempleOfZyminx","gameId":"5a0b0710-4b16-4941-91e6-ae9a2c92bfc5","type":"FIRE","msg":"Processing combat command"}
{"level":30,"time":1774382620968,"pid":1603593,"hostname":"TempleOfZyminx","commandType":"FIRE","msg":"Validating combat action"}
{"level":30,"time":1774382620968,"pid":1603593,"hostname":"TempleOfZyminx","gameId":"5a0b0710-4b16-4941-91e6-ae9a2c92bfc5","error":"Attacker 'missile_1' is already destroyed or exhausted","msg":"Invalid combat command"}
{"level":30,"time":1774382620968,"pid":1603593,"hostname":"TempleOfZyminx","id":"5a0b0710-4b16-4941-91e6-ae9a2c92bfc5","msg":"Fetching game state"}
{"level":30,"time":1774382620969,"pid":1603593,"hostname":"TempleOfZyminx","id":"5a0b0710-4b16-4941-91e6-ae9a2c92bfc5","msg":"Fetching game state"}
{"level":30,"time":1774382620970,"pid":1603593,"hostname":"TempleOfZyminx","id":"5a0b0710-4b16-4941-91e6-ae9a2c92bfc5","command":"END_PHASE","msg":"Submitting game action"}
{"level":30,"time":1774382620971,"pid":1603593,"hostname":"TempleOfZyminx","gameId":"5a0b0710-4b16-4941-91e6-ae9a2c92bfc5","phase":"ONION_COMBAT","msg":"Advancing phase"}
{"level":30,"time":1774382620971,"pid":1603593,"hostname":"TempleOfZyminx","phase":"ONION_COMBAT","turnNumber":4,"msg":"Advancing phase in engine"}
{"level":30,"time":1774382620973,"pid":1603593,"hostname":"TempleOfZyminx","id":"5a0b0710-4b16-4941-91e6-ae9a2c92bfc5","msg":"Fetching game state"}
{"level":30,"time":1774382620973,"pid":1603593,"hostname":"TempleOfZyminx","id":"5a0b0710-4b16-4941-91e6-ae9a2c92bfc5","msg":"Fetching game state"}
{"level":30,"time":1774382620974,"pid":1603593,"hostname":"TempleOfZyminx","from":{"q":0,"r":9},"to":{"q":0,"r":0},"msg":"findPath: no valid path found"}
{"level":30,"time":1774382620974,"pid":1603593,"hostname":"TempleOfZyminx","from":{"q":0,"r":9},"to":{"q":0,"r":1},"msg":"findPath: no valid path found"}
{"level":30,"time":1774382620974,"pid":1603593,"hostname":"TempleOfZyminx","from":{"q":0,"r":9},"to":{"q":0,"r":2},"msg":"findPath: no valid path found"}
{"level":30,"time":1774382620974,"pid":1603593,"hostname":"TempleOfZyminx","from":{"q":0,"r":9},"to":{"q":0,"r":3},"msg":"findPath: no valid path found"}
{"level":30,"time":1774382620975,"pid":1603593,"hostname":"TempleOfZyminx","from":{"q":0,"r":9},"to":{"q":0,"r":4},"msg":"findPath: no valid path found"}
{"level":30,"time":1774382620975,"pid":1603593,"hostname":"TempleOfZyminx","from":{"q":0,"r":9},"to":{"q":0,"r":14},"msg":"findPath: no valid path found"}
{"level":30,"time":1774382620975,"pid":1603593,"hostname":"TempleOfZyminx","from":{"q":0,"r":9},"to":{"q":0,"r":15},"msg":"findPath: no valid path found"}
{"level":30,"time":1774382620975,"pid":1603593,"hostname":"TempleOfZyminx","from":{"q":0,"r":9},"to":{"q":0,"r":16},"msg":"findPath: no valid path found"}
{"level":30,"time":1774382620975,"pid":1603593,"hostname":"TempleOfZyminx","from":{"q":0,"r":9},"to":{"q":0,"r":17},"msg":"findPath: no valid path found"}
{"level":30,"time":1774382620975,"pid":1603593,"hostname":"TempleOfZyminx","from":{"q":0,"r":9},"to":{"q":0,"r":18},"msg":"findPath: no valid path found"}
{"level":30,"time":1774382620975,"pid":1603593,"hostname":"TempleOfZyminx","from":{"q":0,"r":9},"to":{"q":0,"r":19},"msg":"findPath: no valid path found"}
{"level":30,"time":1774382620975,"pid":1603593,"hostname":"TempleOfZyminx","from":{"q":0,"r":9},"to":{"q":0,"r":20},"msg":"findPath: no valid path found"}
{"level":30,"time":1774382620975,"pid":1603593,"hostname":"TempleOfZyminx","from":{"q":0,"r":9},"to":{"q":0,"r":21},"msg":"findPath: no valid path found"}
{"level":30,"time":1774382620975,"pid":1603593,"hostname":"TempleOfZyminx","from":{"q":0,"r":9},"to":{"q":1,"r":0},"msg":"findPath: no valid path found"}
{"level":30,"time":1774382620975,"pid":1603593,"hostname":"TempleOfZyminx","from":{"q":0,"r":9},"to":{"q":1,"r":1},"msg":"findPath: no valid path found"}
{"level":30,"time":1774382620975,"pid":1603593,"hostname":"TempleOfZyminx","from":{"q":0,"r":9},"to":{"q":1,"r":2},"msg":"findPath: no valid path found"}
{"level":30,"time":1774382620976,"pid":1603593,"hostname":"TempleOfZyminx","from":{"q":0,"r":9},"to":{"q":1,"r":3},"msg":"findPath: no valid path found"}
{"level":30,"time":1774382620976,"pid":1603593,"hostname":"TempleOfZyminx","from":{"q":0,"r":9},"to":{"q":1,"r":4},"msg":"findPath: no valid path found"}
{"level":30,"time":1774382620976,"pid":1603593,"hostname":"TempleOfZyminx","from":{"q":0,"r":9},"to":{"q":1,"r":13},"msg":"findPath: no valid path found"}
{"level":30,"time":1774382620976,"pid":1603593,"hostname":"TempleOfZyminx","from":{"q":0,"r":9},"to":{"q":1,"r":14},"msg":"findPath: no valid path found"}
{"level":30,"time":1774382620976,"pid":1603593,"hostname":"TempleOfZyminx","from":{"q":0,"r":9},"to":{"q":1,"r":15},"msg":"findPath: no valid path found"}
{"level":30,"time":1774382620976,"pid":1603593,"hostname":"TempleOfZyminx","from":{"q":0,"r":9},"to":{"q":1,"r":16},"msg":"findPath: no valid path found"}
{"level":30,"time":1774382620976,"pid":1603593,"hostname":"TempleOfZyminx","from":{"q":0,"r":9},"to":{"q":1,"r":17},"msg":"findPath: no valid path found"}
{"level":30,"time":1774382620976,"pid":1603593,"hostname":"TempleOfZyminx","from":{"q":0,"r":9},"to":{"q":1,"r":18},"msg":"findPath: no valid path found"}
{"level":30,"time":1774382620976,"pid":1603593,"hostname":"TempleOfZyminx","from":{"q":0,"r":9},"to":{"q":1,"r":19},"msg":"findPath: no valid path found"}
{"level":30,"time":1774382620976,"pid":1603593,"hostname":"TempleOfZyminx","from":{"q":0,"r":9},"to":{"q":1,"r":20},"msg":"findPath: no valid path found"}
{"level":30,"time":1774382620976,"pid":1603593,"hostname":"TempleOfZyminx","from":{"q":0,"r":9},"to":{"q":1,"r":21},"msg":"findPath: no valid path found"}
{"level":30,"time":1774382620976,"pid":1603593,"hostname":"TempleOfZyminx","from":{"q":0,"r":9},"to":{"q":2,"r":0},"msg":"findPath: no valid path found"}
{"level":30,"time":1774382620977,"pid":1603593,"hostname":"TempleOfZyminx","from":{"q":0,"r":9},"to":{"q":2,"r":1},"msg":"findPath: no valid path found"}
{"level":30,"time":1774382620977,"pid":1603593,"hostname":"TempleOfZyminx","from":{"q":0,"r":9},"to":{"q":2,"r":2},"msg":"findPath: no valid path found"}
{"level":30,"time":1774382620977,"pid":1603593,"hostname":"TempleOfZyminx","from":{"q":0,"r":9},"to":{"q":2,"r":3},"msg":"findPath: no valid path found"}
{"level":30,"time":1774382620977,"pid":1603593,"hostname":"TempleOfZyminx","from":{"q":0,"r":9},"to":{"q":2,"r":4},"msg":"findPath: no valid path found"}
{"level":30,"time":1774382620977,"pid":1603593,"hostname":"TempleOfZyminx","from":{"q":0,"r":9},"to":{"q":2,"r":12},"msg":"findPath: no valid path found"}
{"level":30,"time":1774382620977,"pid":1603593,"hostname":"TempleOfZyminx","from":{"q":0,"r":9},"to":{"q":2,"r":13},"msg":"findPath: no valid path found"}
{"level":30,"time":1774382620977,"pid":1603593,"hostname":"TempleOfZyminx","from":{"q":0,"r":9},"to":{"q":2,"r":14},"msg":"findPath: no valid path found"}
{"level":30,"time":1774382620977,"pid":1603593,"hostname":"TempleOfZyminx","from":{"q":0,"r":9},"to":{"q":2,"r":15},"msg":"findPath: no valid path found"}
{"level":30,"time":1774382620977,"pid":1603593,"hostname":"TempleOfZyminx","from":{"q":0,"r":9},"to":{"q":2,"r":16},"msg":"findPath: no valid path found"}
{"level":30,"time":1774382620977,"pid":1603593,"hostname":"TempleOfZyminx","from":{"q":0,"r":9},"to":{"q":2,"r":17},"msg":"findPath: no valid path found"}
{"level":30,"time":1774382620977,"pid":1603593,"hostname":"TempleOfZyminx","from":{"q":0,"r":9},"to":{"q":2,"r":18},"msg":"findPath: no valid path found"}
{"level":30,"time":1774382620978,"pid":1603593,"hostname":"TempleOfZyminx","from":{"q":0,"r":9},"to":{"q":2,"r":19},"msg":"findPath: no valid path found"}
{"level":30,"time":1774382620978,"pid":1603593,"hostname":"TempleOfZyminx","from":{"q":0,"r":9},"to":{"q":2,"r":20},"msg":"findPath: no valid path found"}
{"level":30,"time":1774382620978,"pid":1603593,"hostname":"TempleOfZyminx","from":{"q":0,"r":9},"to":{"q":2,"r":21},"msg":"findPath: no valid path found"}
{"level":30,"time":1774382620978,"pid":1603593,"hostname":"TempleOfZyminx","from":{"q":0,"r":9},"to":{"q":3,"r":0},"msg":"findPath: no valid path found"}
{"level":30,"time":1774382620978,"pid":1603593,"hostname":"TempleOfZyminx","from":{"q":0,"r":9},"to":{"q":3,"r":1},"msg":"findPath: no valid path found"}
{"level":30,"time":1774382620978,"pid":1603593,"hostname":"TempleOfZyminx","from":{"q":0,"r":9},"to":{"q":3,"r":2},"msg":"findPath: no valid path found"}
{"level":30,"time":1774382620978,"pid":1603593,"hostname":"TempleOfZyminx","from":{"q":0,"r":9},"to":{"q":3,"r":3},"msg":"findPath: no valid path found"}
{"level":30,"time":1774382620978,"pid":1603593,"hostname":"TempleOfZyminx","from":{"q":0,"r":9},"to":{"q":3,"r":4},"msg":"findPath: no valid path found"}
{"level":30,"time":1774382620978,"pid":1603593,"hostname":"TempleOfZyminx","from":{"q":0,"r":9},"to":{"q":3,"r":8},"msg":"findPath: no valid path found"}
{"level":30,"time":1774382620978,"pid":1603593,"hostname":"TempleOfZyminx","from":{"q":0,"r":9},"to":{"q":3,"r":11},"msg":"findPath: no valid path found"}
{"level":30,"time":1774382620978,"pid":1603593,"hostname":"TempleOfZyminx","from":{"q":0,"r":9},"to":{"q":3,"r":12},"msg":"findPath: no valid path found"}
{"level":30,"time":1774382620978,"pid":1603593,"hostname":"TempleOfZyminx","from":{"q":0,"r":9},"to":{"q":3,"r":13},"msg":"findPath: no valid path found"}
{"level":30,"time":1774382620978,"pid":1603593,"hostname":"TempleOfZyminx","from":{"q":0,"r":9},"to":{"q":3,"r":14},"msg":"findPath: no valid path found"}
{"level":30,"time":1774382620979,"pid":1603593,"hostname":"TempleOfZyminx","from":{"q":0,"r":9},"to":{"q":3,"r":15},"msg":"findPath: no valid path found"}
{"level":30,"time":1774382620979,"pid":1603593,"hostname":"TempleOfZyminx","from":{"q":0,"r":9},"to":{"q":3,"r":16},"msg":"findPath: no valid path found"}
{"level":30,"time":1774382620979,"pid":1603593,"hostname":"TempleOfZyminx","from":{"q":0,"r":9},"to":{"q":3,"r":17},"msg":"findPath: no valid path found"}
{"level":30,"time":1774382620979,"pid":1603593,"hostname":"TempleOfZyminx","from":{"q":0,"r":9},"to":{"q":3,"r":18},"msg":"findPath: no valid path found"}
{"level":30,"time":1774382620979,"pid":1603593,"hostname":"TempleOfZyminx","from":{"q":0,"r":9},"to":{"q":3,"r":19},"msg":"findPath: no valid path found"}
{"level":30,"time":1774382620979,"pid":1603593,"hostname":"TempleOfZyminx","from":{"q":0,"r":9},"to":{"q":3,"r":20},"msg":"findPath: no valid path found"}
{"level":30,"time":1774382620979,"pid":1603593,"hostname":"TempleOfZyminx","from":{"q":0,"r":9},"to":{"q":3,"r":21},"msg":"findPath: no valid path found"}
{"level":30,"time":1774382620979,"pid":1603593,"hostname":"TempleOfZyminx","from":{"q":0,"r":9},"to":{"q":4,"r":0},"msg":"findPath: no valid path found"}
{"level":30,"time":1774382620979,"pid":1603593,"hostname":"TempleOfZyminx","from":{"q":0,"r":9},"to":{"q":4,"r":1},"msg":"findPath: no valid path found"}
{"level":30,"time":1774382620979,"pid":1603593,"hostname":"TempleOfZyminx","from":{"q":0,"r":9},"to":{"q":4,"r":2},"msg":"findPath: no valid path found"}
{"level":30,"time":1774382620979,"pid":1603593,"hostname":"TempleOfZyminx","from":{"q":0,"r":9},"to":{"q":4,"r":3},"msg":"findPath: no valid path found"}
{"level":30,"time":1774382620979,"pid":1603593,"hostname":"TempleOfZyminx","from":{"q":0,"r":9},"to":{"q":4,"r":4},"msg":"findPath: no valid path found"}
{"level":30,"time":1774382620979,"pid":1603593,"hostname":"TempleOfZyminx","from":{"q":0,"r":9},"to":{"q":4,"r":8},"msg":"findPath: no valid path found"}
{"level":30,"time":1774382620980,"pid":1603593,"hostname":"TempleOfZyminx","from":{"q":0,"r":9},"to":{"q":4,"r":10},"msg":"findPath: no valid path found"}
{"level":30,"time":1774382620980,"pid":1603593,"hostname":"TempleOfZyminx","from":{"q":0,"r":9},"to":{"q":4,"r":11},"msg":"findPath: no valid path found"}
{"level":30,"time":1774382620980,"pid":1603593,"hostname":"TempleOfZyminx","from":{"q":0,"r":9},"to":{"q":4,"r":12},"msg":"findPath: no valid path found"}
{"level":30,"time":1774382620980,"pid":1603593,"hostname":"TempleOfZyminx","from":{"q":0,"r":9},"to":{"q":4,"r":13},"msg":"findPath: no valid path found"}
{"level":30,"time":1774382620980,"pid":1603593,"hostname":"TempleOfZyminx","from":{"q":0,"r":9},"to":{"q":4,"r":14},"msg":"findPath: no valid path found"}
{"level":30,"time":1774382620980,"pid":1603593,"hostname":"TempleOfZyminx","from":{"q":0,"r":9},"to":{"q":4,"r":15},"msg":"findPath: no valid path found"}
{"level":30,"time":1774382620980,"pid":1603593,"hostname":"TempleOfZyminx","from":{"q":0,"r":9},"to":{"q":4,"r":16},"msg":"findPath: no valid path found"}
{"level":30,"time":1774382620980,"pid":1603593,"hostname":"TempleOfZyminx","from":{"q":0,"r":9},"to":{"q":4,"r":17},"msg":"findPath: no valid path found"}
{"level":30,"time":1774382620980,"pid":1603593,"hostname":"TempleOfZyminx","from":{"q":0,"r":9},"to":{"q":4,"r":18},"msg":"findPath: no valid path found"}
{"level":30,"time":1774382620980,"pid":1603593,"hostname":"TempleOfZyminx","from":{"q":0,"r":9},"to":{"q":4,"r":19},"msg":"findPath: no valid path found"}
{"level":30,"time":1774382620980,"pid":1603593,"hostname":"TempleOfZyminx","from":{"q":0,"r":9},"to":{"q":4,"r":20},"msg":"findPath: no valid path found"}
{"level":30,"time":1774382620980,"pid":1603593,"hostname":"TempleOfZyminx","from":{"q":0,"r":9},"to":{"q":4,"r":21},"msg":"findPath: no valid path found"}
{"level":30,"time":1774382620980,"pid":1603593,"hostname":"TempleOfZyminx","from":{"q":0,"r":9},"to":{"q":5,"r":0},"msg":"findPath: no valid path found"}
{"level":30,"time":1774382620980,"pid":1603593,"hostname":"TempleOfZyminx","from":{"q":0,"r":9},"to":{"q":5,"r":1},"msg":"findPath: no valid path found"}
{"level":30,"time":1774382620980,"pid":1603593,"hostname":"TempleOfZyminx","from":{"q":0,"r":9},"to":{"q":5,"r":2},"msg":"findPath: no valid path found"}
{"level":30,"time":1774382620980,"pid":1603593,"hostname":"TempleOfZyminx","from":{"q":0,"r":9},"to":{"q":5,"r":3},"msg":"findPath: no valid path found"}
{"level":30,"time":1774382620981,"pid":1603593,"hostname":"TempleOfZyminx","from":{"q":0,"r":9},"to":{"q":5,"r":4},"msg":"findPath: no valid path found"}
{"level":30,"time":1774382620981,"pid":1603593,"hostname":"TempleOfZyminx","from":{"q":0,"r":9},"to":{"q":5,"r":5},"msg":"findPath: no valid path found"}
{"level":30,"time":1774382620981,"pid":1603593,"hostname":"TempleOfZyminx","from":{"q":0,"r":9},"to":{"q":5,"r":6},"msg":"findPath: no valid path found"}
{"level":30,"time":1774382620981,"pid":1603593,"hostname":"TempleOfZyminx","from":{"q":0,"r":9},"to":{"q":5,"r":8},"msg":"findPath: no valid path found"}
{"level":30,"time":1774382620981,"pid":1603593,"hostname":"TempleOfZyminx","from":{"q":0,"r":9},"to":{"q":5,"r":9},"msg":"findPath: no valid path found"}
{"level":30,"time":1774382620981,"pid":1603593,"hostname":"TempleOfZyminx","from":{"q":0,"r":9},"to":{"q":5,"r":10},"msg":"findPath: no valid path found"}
{"level":30,"time":1774382620981,"pid":1603593,"hostname":"TempleOfZyminx","from":{"q":0,"r":9},"to":{"q":5,"r":11},"msg":"findPath: no valid path found"}
{"level":30,"time":1774382620981,"pid":1603593,"hostname":"TempleOfZyminx","from":{"q":0,"r":9},"to":{"q":5,"r":12},"msg":"findPath: no valid path found"}
{"level":30,"time":1774382620981,"pid":1603593,"hostname":"TempleOfZyminx","from":{"q":0,"r":9},"to":{"q":5,"r":13},"msg":"findPath: no valid path found"}
{"level":30,"time":1774382620981,"pid":1603593,"hostname":"TempleOfZyminx","from":{"q":0,"r":9},"to":{"q":5,"r":14},"msg":"findPath: no valid path found"}
{"level":30,"time":1774382620981,"pid":1603593,"hostname":"TempleOfZyminx","from":{"q":0,"r":9},"to":{"q":5,"r":15},"msg":"findPath: no valid path found"}
{"level":30,"time":1774382620981,"pid":1603593,"hostname":"TempleOfZyminx","from":{"q":0,"r":9},"to":{"q":5,"r":16},"msg":"findPath: no valid path found"}
{"level":30,"time":1774382620981,"pid":1603593,"hostname":"TempleOfZyminx","from":{"q":0,"r":9},"to":{"q":5,"r":17},"msg":"findPath: no valid path found"}
{"level":30,"time":1774382620981,"pid":1603593,"hostname":"TempleOfZyminx","from":{"q":0,"r":9},"to":{"q":5,"r":18},"msg":"findPath: no valid path found"}
{"level":30,"time":1774382620981,"pid":1603593,"hostname":"TempleOfZyminx","from":{"q":0,"r":9},"to":{"q":5,"r":19},"msg":"findPath: no valid path found"}
{"level":30,"time":1774382620981,"pid":1603593,"hostname":"TempleOfZyminx","from":{"q":0,"r":9},"to":{"q":5,"r":20},"msg":"findPath: no valid path found"}
{"level":30,"time":1774382620982,"pid":1603593,"hostname":"TempleOfZyminx","from":{"q":0,"r":9},"to":{"q":5,"r":21},"msg":"findPath: no valid path found"}
{"level":30,"time":1774382620982,"pid":1603593,"hostname":"TempleOfZyminx","from":{"q":0,"r":9},"to":{"q":6,"r":0},"msg":"findPath: no valid path found"}
{"level":30,"time":1774382620982,"pid":1603593,"hostname":"TempleOfZyminx","from":{"q":0,"r":9},"to":{"q":6,"r":1},"msg":"findPath: no valid path found"}
{"level":30,"time":1774382620982,"pid":1603593,"hostname":"TempleOfZyminx","from":{"q":0,"r":9},"to":{"q":6,"r":2},"msg":"findPath: no valid path found"}
{"level":30,"time":1774382620982,"pid":1603593,"hostname":"TempleOfZyminx","from":{"q":0,"r":9},"to":{"q":6,"r":3},"msg":"findPath: no valid path found"}
{"level":30,"time":1774382620982,"pid":1603593,"hostname":"TempleOfZyminx","from":{"q":0,"r":9},"to":{"q":6,"r":5},"msg":"findPath: no valid path found"}
{"level":30,"time":1774382620982,"pid":1603593,"hostname":"TempleOfZyminx","from":{"q":0,"r":9},"to":{"q":6,"r":6},"msg":"findPath: no valid path found"}
{"level":30,"time":1774382620982,"pid":1603593,"hostname":"TempleOfZyminx","from":{"q":0,"r":9},"to":{"q":6,"r":7},"msg":"findPath: no valid path found"}
{"level":30,"time":1774382620982,"pid":1603593,"hostname":"TempleOfZyminx","from":{"q":0,"r":9},"to":{"q":6,"r":8},"msg":"findPath: no valid path found"}
{"level":30,"time":1774382620982,"pid":1603593,"hostname":"TempleOfZyminx","from":{"q":0,"r":9},"to":{"q":6,"r":9},"msg":"findPath: no valid path found"}
{"level":30,"time":1774382620982,"pid":1603593,"hostname":"TempleOfZyminx","from":{"q":0,"r":9},"to":{"q":6,"r":10},"msg":"findPath: no valid path found"}
{"level":30,"time":1774382620982,"pid":1603593,"hostname":"TempleOfZyminx","from":{"q":0,"r":9},"to":{"q":6,"r":11},"msg":"findPath: no valid path found"}
{"level":30,"time":1774382620983,"pid":1603593,"hostname":"TempleOfZyminx","from":{"q":0,"r":9},"to":{"q":6,"r":12},"msg":"findPath: no valid path found"}
{"level":30,"time":1774382620983,"pid":1603593,"hostname":"TempleOfZyminx","from":{"q":0,"r":9},"to":{"q":6,"r":13},"msg":"findPath: no valid path found"}
{"level":30,"time":1774382620983,"pid":1603593,"hostname":"TempleOfZyminx","from":{"q":0,"r":9},"to":{"q":6,"r":14},"msg":"findPath: no valid path found"}
{"level":30,"time":1774382620983,"pid":1603593,"hostname":"TempleOfZyminx","from":{"q":0,"r":9},"to":{"q":6,"r":15},"msg":"findPath: no valid path found"}
{"level":30,"time":1774382620983,"pid":1603593,"hostname":"TempleOfZyminx","from":{"q":0,"r":9},"to":{"q":6,"r":16},"msg":"findPath: no valid path found"}
{"level":30,"time":1774382620983,"pid":1603593,"hostname":"TempleOfZyminx","from":{"q":0,"r":9},"to":{"q":6,"r":17},"msg":"findPath: no valid path found"}
{"level":30,"time":1774382620983,"pid":1603593,"hostname":"TempleOfZyminx","from":{"q":0,"r":9},"to":{"q":6,"r":18},"msg":"findPath: no valid path found"}
{"level":30,"time":1774382620983,"pid":1603593,"hostname":"TempleOfZyminx","from":{"q":0,"r":9},"to":{"q":6,"r":19},"msg":"findPath: no valid path found"}
{"level":30,"time":1774382620984,"pid":1603593,"hostname":"TempleOfZyminx","from":{"q":0,"r":9},"to":{"q":6,"r":20},"msg":"findPath: no valid path found"}
{"level":30,"time":1774382620984,"pid":1603593,"hostname":"TempleOfZyminx","from":{"q":0,"r":9},"to":{"q":6,"r":21},"msg":"findPath: no valid path found"}
{"level":30,"time":1774382620984,"pid":1603593,"hostname":"TempleOfZyminx","from":{"q":0,"r":9},"to":{"q":7,"r":0},"msg":"findPath: no valid path found"}
{"level":30,"time":1774382620984,"pid":1603593,"hostname":"TempleOfZyminx","from":{"q":0,"r":9},"to":{"q":7,"r":1},"msg":"findPath: no valid path found"}
{"level":30,"time":1774382620984,"pid":1603593,"hostname":"TempleOfZyminx","from":{"q":0,"r":9},"to":{"q":7,"r":2},"msg":"findPath: no valid path found"}
{"level":30,"time":1774382620984,"pid":1603593,"hostname":"TempleOfZyminx","from":{"q":0,"r":9},"to":{"q":7,"r":4},"msg":"findPath: no valid path found"}
{"level":30,"time":1774382620984,"pid":1603593,"hostname":"TempleOfZyminx","from":{"q":0,"r":9},"to":{"q":7,"r":5},"msg":"findPath: no valid path found"}
{"level":30,"time":1774382620984,"pid":1603593,"hostname":"TempleOfZyminx","from":{"q":0,"r":9},"to":{"q":7,"r":6},"msg":"findPath: no valid path found"}
{"level":30,"time":1774382620984,"pid":1603593,"hostname":"TempleOfZyminx","from":{"q":0,"r":9},"to":{"q":7,"r":7},"msg":"findPath: no valid path found"}
{"level":30,"time":1774382620984,"pid":1603593,"hostname":"TempleOfZyminx","from":{"q":0,"r":9},"to":{"q":7,"r":8},"msg":"findPath: no valid path found"}
{"level":30,"time":1774382620984,"pid":1603593,"hostname":"TempleOfZyminx","from":{"q":0,"r":9},"to":{"q":7,"r":9},"msg":"findPath: no valid path found"}
{"level":30,"time":1774382620984,"pid":1603593,"hostname":"TempleOfZyminx","from":{"q":0,"r":9},"to":{"q":7,"r":10},"msg":"findPath: no valid path found"}
{"level":30,"time":1774382620984,"pid":1603593,"hostname":"TempleOfZyminx","from":{"q":0,"r":9},"to":{"q":7,"r":11},"msg":"findPath: no valid path found"}
{"level":30,"time":1774382620984,"pid":1603593,"hostname":"TempleOfZyminx","from":{"q":0,"r":9},"to":{"q":7,"r":12},"msg":"findPath: no valid path found"}
{"level":30,"time":1774382620985,"pid":1603593,"hostname":"TempleOfZyminx","from":{"q":0,"r":9},"to":{"q":7,"r":13},"msg":"findPath: no valid path found"}
{"level":30,"time":1774382620985,"pid":1603593,"hostname":"TempleOfZyminx","from":{"q":0,"r":9},"to":{"q":7,"r":14},"msg":"findPath: no valid path found"}
{"level":30,"time":1774382620985,"pid":1603593,"hostname":"TempleOfZyminx","from":{"q":0,"r":9},"to":{"q":7,"r":15},"msg":"findPath: no valid path found"}
{"level":30,"time":1774382620985,"pid":1603593,"hostname":"TempleOfZyminx","from":{"q":0,"r":9},"to":{"q":7,"r":16},"msg":"findPath: no valid path found"}
{"level":30,"time":1774382620985,"pid":1603593,"hostname":"TempleOfZyminx","from":{"q":0,"r":9},"to":{"q":7,"r":17},"msg":"findPath: no valid path found"}
{"level":30,"time":1774382620985,"pid":1603593,"hostname":"TempleOfZyminx","from":{"q":0,"r":9},"to":{"q":7,"r":18},"msg":"findPath: no valid path found"}
{"level":30,"time":1774382620985,"pid":1603593,"hostname":"TempleOfZyminx","from":{"q":0,"r":9},"to":{"q":7,"r":19},"msg":"findPath: no valid path found"}
{"level":30,"time":1774382620985,"pid":1603593,"hostname":"TempleOfZyminx","from":{"q":0,"r":9},"to":{"q":7,"r":20},"msg":"findPath: no valid path found"}
{"level":30,"time":1774382620985,"pid":1603593,"hostname":"TempleOfZyminx","from":{"q":0,"r":9},"to":{"q":7,"r":21},"msg":"findPath: no valid path found"}
{"level":30,"time":1774382620985,"pid":1603593,"hostname":"TempleOfZyminx","from":{"q":0,"r":9},"to":{"q":8,"r":0},"msg":"findPath: no valid path found"}
{"level":30,"time":1774382620985,"pid":1604421,"hostname":"TempleOfZyminx","role":"onion","msg":"Creating new game match"}
{"level":30,"time":1774382620985,"pid":1603593,"hostname":"TempleOfZyminx","from":{"q":0,"r":9},"to":{"q":8,"r":1},"msg":"findPath: no valid path found"}
{"level":30,"time":1774382620985,"pid":1603593,"hostname":"TempleOfZyminx","from":{"q":0,"r":9},"to":{"q":8,"r":2},"msg":"findPath: no valid path found"}
{"level":30,"time":1774382620985,"pid":1603593,"hostname":"TempleOfZyminx","from":{"q":0,"r":9},"to":{"q":8,"r":3},"msg":"findPath: no valid path found"}
{"level":30,"time":1774382620985,"pid":1603593,"hostname":"TempleOfZyminx","from":{"q":0,"r":9},"to":{"q":8,"r":4},"msg":"findPath: no valid path found"}
{"level":30,"time":1774382620985,"pid":1603593,"hostname":"TempleOfZyminx","from":{"q":0,"r":9},"to":{"q":8,"r":5},"msg":"findPath: no valid path found"}
{"level":30,"time":1774382620985,"pid":1603593,"hostname":"TempleOfZyminx","from":{"q":0,"r":9},"to":{"q":8,"r":6},"msg":"findPath: no valid path found"}
{"level":30,"time":1774382620986,"pid":1603593,"hostname":"TempleOfZyminx","from":{"q":0,"r":9},"to":{"q":8,"r":7},"msg":"findPath: no valid path found"}
{"level":30,"time":1774382620986,"pid":1603593,"hostname":"TempleOfZyminx","from":{"q":0,"r":9},"to":{"q":8,"r":8},"msg":"findPath: no valid path found"}
{"level":30,"time":1774382620986,"pid":1603593,"hostname":"TempleOfZyminx","from":{"q":0,"r":9},"to":{"q":8,"r":9},"msg":"findPath: no valid path found"}
{"level":30,"time":1774382620986,"pid":1603593,"hostname":"TempleOfZyminx","from":{"q":0,"r":9},"to":{"q":8,"r":10},"msg":"findPath: no valid path found"}
{"level":30,"time":1774382620986,"pid":1603593,"hostname":"TempleOfZyminx","from":{"q":0,"r":9},"to":{"q":8,"r":11},"msg":"findPath: no valid path found"}
{"level":30,"time":1774382620986,"pid":1603593,"hostname":"TempleOfZyminx","from":{"q":0,"r":9},"to":{"q":8,"r":12},"msg":"findPath: no valid path found"}
{"level":30,"time":1774382620986,"pid":1603593,"hostname":"TempleOfZyminx","from":{"q":0,"r":9},"to":{"q":8,"r":13},"msg":"findPath: no valid path found"}
{"level":30,"time":1774382620986,"pid":1603593,"hostname":"TempleOfZyminx","from":{"q":0,"r":9},"to":{"q":8,"r":14},"msg":"findPath: no valid path found"}
{"level":30,"time":1774382620986,"pid":1603593,"hostname":"TempleOfZyminx","from":{"q":0,"r":9},"to":{"q":8,"r":15},"msg":"findPath: no valid path found"}
{"level":30,"time":1774382620986,"pid":1603593,"hostname":"TempleOfZyminx","from":{"q":0,"r":9},"to":{"q":8,"r":16},"msg":"findPath: no valid path found"}
{"level":30,"time":1774382620986,"pid":1603593,"hostname":"TempleOfZyminx","from":{"q":0,"r":9},"to":{"q":8,"r":17},"msg":"findPath: no valid path found"}
{"level":30,"time":1774382620986,"pid":1603593,"hostname":"TempleOfZyminx","from":{"q":0,"r":9},"to":{"q":8,"r":18},"msg":"findPath: no valid path found"}
{"level":30,"time":1774382620986,"pid":1603593,"hostname":"TempleOfZyminx","from":{"q":0,"r":9},"to":{"q":8,"r":19},"msg":"findPath: no valid path found"}
{"level":30,"time":1774382620986,"pid":1603593,"hostname":"TempleOfZyminx","from":{"q":0,"r":9},"to":{"q":8,"r":20},"msg":"findPath: no valid path found"}
{"level":30,"time":1774382620986,"pid":1603593,"hostname":"TempleOfZyminx","from":{"q":0,"r":9},"to":{"q":8,"r":21},"msg":"findPath: no valid path found"}
{"level":30,"time":1774382620987,"pid":1603593,"hostname":"TempleOfZyminx","from":{"q":0,"r":9},"to":{"q":9,"r":0},"msg":"findPath: no valid path found"}
{"level":30,"time":1774382620987,"pid":1603593,"hostname":"TempleOfZyminx","from":{"q":0,"r":9},"to":{"q":9,"r":1},"msg":"findPath: no valid path found"}
{"level":30,"time":1774382620987,"pid":1603593,"hostname":"TempleOfZyminx","from":{"q":0,"r":9},"to":{"q":9,"r":2},"msg":"findPath: no valid path found"}
{"level":30,"time":1774382620987,"pid":1603593,"hostname":"TempleOfZyminx","from":{"q":0,"r":9},"to":{"q":9,"r":3},"msg":"findPath: no valid path found"}
{"level":30,"time":1774382620987,"pid":1603593,"hostname":"TempleOfZyminx","from":{"q":0,"r":9},"to":{"q":9,"r":4},"msg":"findPath: no valid path found"}
{"level":30,"time":1774382620987,"pid":1603593,"hostname":"TempleOfZyminx","from":{"q":0,"r":9},"to":{"q":9,"r":5},"msg":"findPath: no valid path found"}
{"level":30,"time":1774382620987,"pid":1603593,"hostname":"TempleOfZyminx","from":{"q":0,"r":9},"to":{"q":9,"r":6},"msg":"findPath: no valid path found"}
{"level":30,"time":1774382620987,"pid":1603593,"hostname":"TempleOfZyminx","from":{"q":0,"r":9},"to":{"q":9,"r":7},"msg":"findPath: no valid path found"}
{"level":30,"time":1774382620994,"pid":1603593,"hostname":"TempleOfZyminx","from":{"q":0,"r":9},"to":{"q":9,"r":8},"msg":"findPath: no valid path found"}
{"level":30,"time":1774382620994,"pid":1603593,"hostname":"TempleOfZyminx","from":{"q":0,"r":9},"to":{"q":9,"r":9},"msg":"findPath: no valid path found"}
{"level":30,"time":1774382620994,"pid":1603593,"hostname":"TempleOfZyminx","from":{"q":0,"r":9},"to":{"q":9,"r":10},"msg":"findPath: no valid path found"}
{"level":30,"time":1774382620994,"pid":1603593,"hostname":"TempleOfZyminx","from":{"q":0,"r":9},"to":{"q":9,"r":11},"msg":"findPath: no valid path found"}
{"level":30,"time":1774382620994,"pid":1603593,"hostname":"TempleOfZyminx","from":{"q":0,"r":9},"to":{"q":9,"r":12},"msg":"findPath: no valid path found"}
{"level":30,"time":1774382620995,"pid":1603593,"hostname":"TempleOfZyminx","from":{"q":0,"r":9},"to":{"q":9,"r":13},"msg":"findPath: no valid path found"}
{"level":30,"time":1774382620995,"pid":1603593,"hostname":"TempleOfZyminx","from":{"q":0,"r":9},"to":{"q":9,"r":14},"msg":"findPath: no valid path found"}
{"level":30,"time":1774382620995,"pid":1603593,"hostname":"TempleOfZyminx","from":{"q":0,"r":9},"to":{"q":9,"r":15},"msg":"findPath: no valid path found"}
{"level":30,"time":1774382620995,"pid":1603593,"hostname":"TempleOfZyminx","from":{"q":0,"r":9},"to":{"q":9,"r":16},"msg":"findPath: no valid path found"}
{"level":30,"time":1774382620995,"pid":1603593,"hostname":"TempleOfZyminx","from":{"q":0,"r":9},"to":{"q":9,"r":17},"msg":"findPath: no valid path found"}
{"level":30,"time":1774382620995,"pid":1603593,"hostname":"TempleOfZyminx","from":{"q":0,"r":9},"to":{"q":9,"r":18},"msg":"findPath: no valid path found"}
{"level":30,"time":1774382620995,"pid":1603593,"hostname":"TempleOfZyminx","from":{"q":0,"r":9},"to":{"q":9,"r":19},"msg":"findPath: no valid path found"}
{"level":30,"time":1774382620995,"pid":1603593,"hostname":"TempleOfZyminx","from":{"q":0,"r":9},"to":{"q":9,"r":20},"msg":"findPath: no valid path found"}
{"level":30,"time":1774382620995,"pid":1603593,"hostname":"TempleOfZyminx","from":{"q":0,"r":9},"to":{"q":9,"r":21},"msg":"findPath: no valid path found"}
{"level":30,"time":1774382620995,"pid":1603593,"hostname":"TempleOfZyminx","from":{"q":0,"r":9},"to":{"q":10,"r":0},"msg":"findPath: no valid path found"}
{"level":30,"time":1774382620995,"pid":1603593,"hostname":"TempleOfZyminx","from":{"q":0,"r":9},"to":{"q":10,"r":1},"msg":"findPath: no valid path found"}
{"level":30,"time":1774382620995,"pid":1603593,"hostname":"TempleOfZyminx","from":{"q":0,"r":9},"to":{"q":10,"r":2},"msg":"findPath: no valid path found"}
{"level":30,"time":1774382620995,"pid":1603593,"hostname":"TempleOfZyminx","from":{"q":0,"r":9},"to":{"q":10,"r":3},"msg":"findPath: no valid path found"}
{"level":30,"time":1774382620995,"pid":1603593,"hostname":"TempleOfZyminx","from":{"q":0,"r":9},"to":{"q":10,"r":4},"msg":"findPath: no valid path found"}
{"level":30,"time":1774382620995,"pid":1603593,"hostname":"TempleOfZyminx","from":{"q":0,"r":9},"to":{"q":10,"r":5},"msg":"findPath: no valid path found"}
{"level":30,"time":1774382620996,"pid":1603593,"hostname":"TempleOfZyminx","from":{"q":0,"r":9},"to":{"q":10,"r":6},"msg":"findPath: no valid path found"}
{"level":30,"time":1774382620996,"pid":1603593,"hostname":"TempleOfZyminx","from":{"q":0,"r":9},"to":{"q":10,"r":7},"msg":"findPath: no valid path found"}
{"level":30,"time":1774382620996,"pid":1603593,"hostname":"TempleOfZyminx","from":{"q":0,"r":9},"to":{"q":10,"r":8},"msg":"findPath: no valid path found"}
{"level":30,"time":1774382620996,"pid":1603593,"hostname":"TempleOfZyminx","from":{"q":0,"r":9},"to":{"q":10,"r":9},"msg":"findPath: no valid path found"}
{"level":30,"time":1774382620996,"pid":1603593,"hostname":"TempleOfZyminx","from":{"q":0,"r":9},"to":{"q":10,"r":10},"msg":"findPath: no valid path found"}
{"level":30,"time":1774382620996,"pid":1603593,"hostname":"TempleOfZyminx","from":{"q":0,"r":9},"to":{"q":10,"r":11},"msg":"findPath: no valid path found"}
{"level":30,"time":1774382620996,"pid":1603593,"hostname":"TempleOfZyminx","from":{"q":0,"r":9},"to":{"q":10,"r":12},"msg":"findPath: no valid path found"}
{"level":30,"time":1774382620996,"pid":1603593,"hostname":"TempleOfZyminx","from":{"q":0,"r":9},"to":{"q":10,"r":13},"msg":"findPath: no valid path found"}
{"level":30,"time":1774382620996,"pid":1603593,"hostname":"TempleOfZyminx","from":{"q":0,"r":9},"to":{"q":10,"r":14},"msg":"findPath: no valid path found"}
{"level":30,"time":1774382620996,"pid":1603593,"hostname":"TempleOfZyminx","from":{"q":0,"r":9},"to":{"q":10,"r":15},"msg":"findPath: no valid path found"}
{"level":30,"time":1774382620996,"pid":1603593,"hostname":"TempleOfZyminx","from":{"q":0,"r":9},"to":{"q":10,"r":16},"msg":"findPath: no valid path found"}
{"level":30,"time":1774382620996,"pid":1603593,"hostname":"TempleOfZyminx","from":{"q":0,"r":9},"to":{"q":10,"r":17},"msg":"findPath: no valid path found"}
{"level":30,"time":1774382620996,"pid":1603593,"hostname":"TempleOfZyminx","from":{"q":0,"r":9},"to":{"q":10,"r":18},"msg":"findPath: no valid path found"}
{"level":30,"time":1774382620996,"pid":1603593,"hostname":"TempleOfZyminx","from":{"q":0,"r":9},"to":{"q":10,"r":19},"msg":"findPath: no valid path found"}
{"level":30,"time":1774382620996,"pid":1603593,"hostname":"TempleOfZyminx","from":{"q":0,"r":9},"to":{"q":10,"r":20},"msg":"findPath: no valid path found"}
{"level":30,"time":1774382620997,"pid":1603593,"hostname":"TempleOfZyminx","from":{"q":0,"r":9},"to":{"q":10,"r":21},"msg":"findPath: no valid path found"}
{"level":30,"time":1774382620997,"pid":1603593,"hostname":"TempleOfZyminx","from":{"q":0,"r":9},"to":{"q":11,"r":0},"msg":"findPath: no valid path found"}
{"level":30,"time":1774382620997,"pid":1603593,"hostname":"TempleOfZyminx","from":{"q":0,"r":9},"to":{"q":11,"r":1},"msg":"findPath: no valid path found"}
{"level":30,"time":1774382620997,"pid":1603593,"hostname":"TempleOfZyminx","from":{"q":0,"r":9},"to":{"q":11,"r":2},"msg":"findPath: no valid path found"}
{"level":30,"time":1774382620997,"pid":1603593,"hostname":"TempleOfZyminx","from":{"q":0,"r":9},"to":{"q":11,"r":3},"msg":"findPath: no valid path found"}
{"level":30,"time":1774382620997,"pid":1603593,"hostname":"TempleOfZyminx","from":{"q":0,"r":9},"to":{"q":11,"r":4},"msg":"findPath: no valid path found"}
{"level":30,"time":1774382620997,"pid":1603593,"hostname":"TempleOfZyminx","from":{"q":0,"r":9},"to":{"q":11,"r":5},"msg":"findPath: no valid path found"}
{"level":30,"time":1774382620997,"pid":1603593,"hostname":"TempleOfZyminx","from":{"q":0,"r":9},"to":{"q":11,"r":6},"msg":"findPath: no valid path found"}
{"level":30,"time":1774382620997,"pid":1603593,"hostname":"TempleOfZyminx","from":{"q":0,"r":9},"to":{"q":11,"r":7},"msg":"findPath: no valid path found"}
{"level":30,"time":1774382620997,"pid":1603593,"hostname":"TempleOfZyminx","from":{"q":0,"r":9},"to":{"q":11,"r":8},"msg":"findPath: no valid path found"}
{"level":30,"time":1774382620997,"pid":1603593,"hostname":"TempleOfZyminx","from":{"q":0,"r":9},"to":{"q":11,"r":9},"msg":"findPath: no valid path found"}
{"level":30,"time":1774382620997,"pid":1603593,"hostname":"TempleOfZyminx","from":{"q":0,"r":9},"to":{"q":11,"r":10},"msg":"findPath: no valid path found"}
{"level":30,"time":1774382620997,"pid":1603593,"hostname":"TempleOfZyminx","from":{"q":0,"r":9},"to":{"q":11,"r":11},"msg":"findPath: no valid path found"}
{"level":30,"time":1774382620997,"pid":1603593,"hostname":"TempleOfZyminx","from":{"q":0,"r":9},"to":{"q":11,"r":12},"msg":"findPath: no valid path found"}
{"level":30,"time":1774382620998,"pid":1603593,"hostname":"TempleOfZyminx","from":{"q":0,"r":9},"to":{"q":11,"r":13},"msg":"findPath: no valid path found"}
{"level":30,"time":1774382620998,"pid":1603593,"hostname":"TempleOfZyminx","from":{"q":0,"r":9},"to":{"q":11,"r":14},"msg":"findPath: no valid path found"}
{"level":30,"time":1774382620998,"pid":1603593,"hostname":"TempleOfZyminx","from":{"q":0,"r":9},"to":{"q":11,"r":15},"msg":"findPath: no valid path found"}
{"level":30,"time":1774382620998,"pid":1603593,"hostname":"TempleOfZyminx","from":{"q":0,"r":9},"to":{"q":11,"r":16},"msg":"findPath: no valid path found"}
{"level":30,"time":1774382620998,"pid":1603593,"hostname":"TempleOfZyminx","from":{"q":0,"r":9},"to":{"q":11,"r":17},"msg":"findPath: no valid path found"}
{"level":30,"time":1774382620998,"pid":1603593,"hostname":"TempleOfZyminx","from":{"q":0,"r":9},"to":{"q":11,"r":18},"msg":"findPath: no valid path found"}
{"level":30,"time":1774382620998,"pid":1603593,"hostname":"TempleOfZyminx","from":{"q":0,"r":9},"to":{"q":11,"r":19},"msg":"findPath: no valid path found"}
{"level":30,"time":1774382620998,"pid":1603593,"hostname":"TempleOfZyminx","from":{"q":0,"r":9},"to":{"q":11,"r":20},"msg":"findPath: no valid path found"}
{"level":30,"time":1774382620998,"pid":1603593,"hostname":"TempleOfZyminx","from":{"q":0,"r":9},"to":{"q":11,"r":21},"msg":"findPath: no valid path found"}
{"level":30,"time":1774382620998,"pid":1603593,"hostname":"TempleOfZyminx","from":{"q":0,"r":9},"to":{"q":12,"r":0},"msg":"findPath: no valid path found"}
{"level":30,"time":1774382620998,"pid":1603593,"hostname":"TempleOfZyminx","from":{"q":0,"r":9},"to":{"q":12,"r":1},"msg":"findPath: no valid path found"}
{"level":30,"time":1774382620998,"pid":1603593,"hostname":"TempleOfZyminx","from":{"q":0,"r":9},"to":{"q":12,"r":2},"msg":"findPath: no valid path found"}
{"level":30,"time":1774382620998,"pid":1603593,"hostname":"TempleOfZyminx","from":{"q":0,"r":9},"to":{"q":12,"r":3},"msg":"findPath: no valid path found"}
{"level":30,"time":1774382620998,"pid":1603593,"hostname":"TempleOfZyminx","from":{"q":0,"r":9},"to":{"q":12,"r":4},"msg":"findPath: no valid path found"}
{"level":30,"time":1774382620998,"pid":1603593,"hostname":"TempleOfZyminx","from":{"q":0,"r":9},"to":{"q":12,"r":5},"msg":"findPath: no valid path found"}
{"level":30,"time":1774382620998,"pid":1603593,"hostname":"TempleOfZyminx","from":{"q":0,"r":9},"to":{"q":12,"r":6},"msg":"findPath: no valid path found"}
{"level":30,"time":1774382620999,"pid":1603593,"hostname":"TempleOfZyminx","from":{"q":0,"r":9},"to":{"q":12,"r":7},"msg":"findPath: no valid path found"}
{"level":30,"time":1774382620999,"pid":1603593,"hostname":"TempleOfZyminx","from":{"q":0,"r":9},"to":{"q":12,"r":8},"msg":"findPath: no valid path found"}
{"level":30,"time":1774382620999,"pid":1603593,"hostname":"TempleOfZyminx","from":{"q":0,"r":9},"to":{"q":12,"r":9},"msg":"findPath: no valid path found"}
{"level":30,"time":1774382620999,"pid":1603593,"hostname":"TempleOfZyminx","from":{"q":0,"r":9},"to":{"q":12,"r":10},"msg":"findPath: no valid path found"}
{"level":30,"time":1774382620999,"pid":1603593,"hostname":"TempleOfZyminx","from":{"q":0,"r":9},"to":{"q":12,"r":11},"msg":"findPath: no valid path found"}
{"level":30,"time":1774382620999,"pid":1603593,"hostname":"TempleOfZyminx","from":{"q":0,"r":9},"to":{"q":12,"r":12},"msg":"findPath: no valid path found"}
{"level":30,"time":1774382620999,"pid":1603593,"hostname":"TempleOfZyminx","from":{"q":0,"r":9},"to":{"q":12,"r":13},"msg":"findPath: no valid path found"}
{"level":30,"time":1774382620999,"pid":1603593,"hostname":"TempleOfZyminx","from":{"q":0,"r":9},"to":{"q":12,"r":14},"msg":"findPath: no valid path found"}
{"level":30,"time":1774382620999,"pid":1603593,"hostname":"TempleOfZyminx","from":{"q":0,"r":9},"to":{"q":12,"r":15},"msg":"findPath: no valid path found"}
{"level":30,"time":1774382620999,"pid":1603593,"hostname":"TempleOfZyminx","from":{"q":0,"r":9},"to":{"q":12,"r":16},"msg":"findPath: no valid path found"}
{"level":30,"time":1774382620999,"pid":1603593,"hostname":"TempleOfZyminx","from":{"q":0,"r":9},"to":{"q":12,"r":17},"msg":"findPath: no valid path found"}
{"level":30,"time":1774382620999,"pid":1603593,"hostname":"TempleOfZyminx","from":{"q":0,"r":9},"to":{"q":12,"r":18},"msg":"findPath: no valid path found"}
{"level":30,"time":1774382620999,"pid":1603593,"hostname":"TempleOfZyminx","from":{"q":0,"r":9},"to":{"q":12,"r":19},"msg":"findPath: no valid path found"}
{"level":30,"time":1774382620999,"pid":1603593,"hostname":"TempleOfZyminx","from":{"q":0,"r":9},"to":{"q":12,"r":20},"msg":"findPath: no valid path found"}
{"level":30,"time":1774382620999,"pid":1603593,"hostname":"TempleOfZyminx","from":{"q":0,"r":9},"to":{"q":12,"r":21},"msg":"findPath: no valid path found"}
{"level":30,"time":1774382621000,"pid":1603593,"hostname":"TempleOfZyminx","from":{"q":0,"r":9},"to":{"q":13,"r":0},"msg":"findPath: no valid path found"}
{"level":30,"time":1774382621000,"pid":1603593,"hostname":"TempleOfZyminx","from":{"q":0,"r":9},"to":{"q":13,"r":1},"msg":"findPath: no valid path found"}
{"level":30,"time":1774382621000,"pid":1603593,"hostname":"TempleOfZyminx","from":{"q":0,"r":9},"to":{"q":13,"r":2},"msg":"findPath: no valid path found"}
{"level":30,"time":1774382621000,"pid":1603593,"hostname":"TempleOfZyminx","from":{"q":0,"r":9},"to":{"q":13,"r":3},"msg":"findPath: no valid path found"}
{"level":30,"time":1774382621000,"pid":1603593,"hostname":"TempleOfZyminx","from":{"q":0,"r":9},"to":{"q":13,"r":4},"msg":"findPath: no valid path found"}
{"level":30,"time":1774382621000,"pid":1603593,"hostname":"TempleOfZyminx","from":{"q":0,"r":9},"to":{"q":13,"r":5},"msg":"findPath: no valid path found"}
{"level":30,"time":1774382621000,"pid":1603593,"hostname":"TempleOfZyminx","from":{"q":0,"r":9},"to":{"q":13,"r":6},"msg":"findPath: no valid path found"}
{"level":30,"time":1774382621000,"pid":1603593,"hostname":"TempleOfZyminx","from":{"q":0,"r":9},"to":{"q":13,"r":7},"msg":"findPath: no valid path found"}
{"level":30,"time":1774382621000,"pid":1603593,"hostname":"TempleOfZyminx","from":{"q":0,"r":9},"to":{"q":13,"r":8},"msg":"findPath: no valid path found"}
{"level":30,"time":1774382621000,"pid":1603593,"hostname":"TempleOfZyminx","from":{"q":0,"r":9},"to":{"q":13,"r":9},"msg":"findPath: no valid path found"}
{"level":30,"time":1774382621000,"pid":1603593,"hostname":"TempleOfZyminx","from":{"q":0,"r":9},"to":{"q":13,"r":10},"msg":"findPath: no valid path found"}
{"level":30,"time":1774382621000,"pid":1603593,"hostname":"TempleOfZyminx","from":{"q":0,"r":9},"to":{"q":13,"r":11},"msg":"findPath: no valid path found"}
{"level":30,"time":1774382621000,"pid":1603593,"hostname":"TempleOfZyminx","from":{"q":0,"r":9},"to":{"q":13,"r":12},"msg":"findPath: no valid path found"}
{"level":30,"time":1774382621000,"pid":1603593,"hostname":"TempleOfZyminx","from":{"q":0,"r":9},"to":{"q":13,"r":13},"msg":"findPath: no valid path found"}
{"level":30,"time":1774382621001,"pid":1603593,"hostname":"TempleOfZyminx","from":{"q":0,"r":9},"to":{"q":13,"r":14},"msg":"findPath: no valid path found"}
{"level":30,"time":1774382621001,"pid":1603593,"hostname":"TempleOfZyminx","from":{"q":0,"r":9},"to":{"q":13,"r":15},"msg":"findPath: no valid path found"}
{"level":30,"time":1774382621001,"pid":1603593,"hostname":"TempleOfZyminx","from":{"q":0,"r":9},"to":{"q":13,"r":16},"msg":"findPath: no valid path found"}
{"level":30,"time":1774382621001,"pid":1603593,"hostname":"TempleOfZyminx","from":{"q":0,"r":9},"to":{"q":13,"r":17},"msg":"findPath: no valid path found"}
{"level":30,"time":1774382621001,"pid":1603593,"hostname":"TempleOfZyminx","from":{"q":0,"r":9},"to":{"q":13,"r":18},"msg":"findPath: no valid path found"}
{"level":30,"time":1774382621001,"pid":1603593,"hostname":"TempleOfZyminx","from":{"q":0,"r":9},"to":{"q":13,"r":19},"msg":"findPath: no valid path found"}
{"level":30,"time":1774382621001,"pid":1603593,"hostname":"TempleOfZyminx","from":{"q":0,"r":9},"to":{"q":13,"r":20},"msg":"findPath: no valid path found"}
{"level":30,"time":1774382621001,"pid":1603593,"hostname":"TempleOfZyminx","from":{"q":0,"r":9},"to":{"q":13,"r":21},"msg":"findPath: no valid path found"}
{"level":30,"time":1774382621001,"pid":1603593,"hostname":"TempleOfZyminx","from":{"q":0,"r":9},"to":{"q":14,"r":0},"msg":"findPath: no valid path found"}
{"level":30,"time":1774382621001,"pid":1603593,"hostname":"TempleOfZyminx","from":{"q":0,"r":9},"to":{"q":14,"r":1},"msg":"findPath: no valid path found"}
{"level":30,"time":1774382621001,"pid":1603593,"hostname":"TempleOfZyminx","from":{"q":0,"r":9},"to":{"q":14,"r":2},"msg":"findPath: no valid path found"}
{"level":30,"time":1774382621001,"pid":1603593,"hostname":"TempleOfZyminx","from":{"q":0,"r":9},"to":{"q":14,"r":3},"msg":"findPath: no valid path found"}
{"level":30,"time":1774382621001,"pid":1603593,"hostname":"TempleOfZyminx","from":{"q":0,"r":9},"to":{"q":14,"r":4},"msg":"findPath: no valid path found"}
{"level":30,"time":1774382621001,"pid":1603593,"hostname":"TempleOfZyminx","from":{"q":0,"r":9},"to":{"q":14,"r":5},"msg":"findPath: no valid path found"}
{"level":30,"time":1774382621001,"pid":1603593,"hostname":"TempleOfZyminx","from":{"q":0,"r":9},"to":{"q":14,"r":6},"msg":"findPath: no valid path found"}
{"level":30,"time":1774382621001,"pid":1603593,"hostname":"TempleOfZyminx","from":{"q":0,"r":9},"to":{"q":14,"r":7},"msg":"findPath: no valid path found"}
{"level":30,"time":1774382621002,"pid":1603593,"hostname":"TempleOfZyminx","from":{"q":0,"r":9},"to":{"q":14,"r":8},"msg":"findPath: no valid path found"}
{"level":30,"time":1774382621002,"pid":1603593,"hostname":"TempleOfZyminx","from":{"q":0,"r":9},"to":{"q":14,"r":9},"msg":"findPath: no valid path found"}
{"level":30,"time":1774382621002,"pid":1603593,"hostname":"TempleOfZyminx","from":{"q":0,"r":9},"to":{"q":14,"r":10},"msg":"findPath: no valid path found"}
{"level":30,"time":1774382621002,"pid":1603593,"hostname":"TempleOfZyminx","from":{"q":0,"r":9},"to":{"q":14,"r":11},"msg":"findPath: no valid path found"}
{"level":30,"time":1774382621002,"pid":1603593,"hostname":"TempleOfZyminx","from":{"q":0,"r":9},"to":{"q":14,"r":12},"msg":"findPath: no valid path found"}
{"level":30,"time":1774382621002,"pid":1603593,"hostname":"TempleOfZyminx","from":{"q":0,"r":9},"to":{"q":14,"r":13},"msg":"findPath: no valid path found"}
{"level":30,"time":1774382621002,"pid":1603593,"hostname":"TempleOfZyminx","from":{"q":0,"r":9},"to":{"q":14,"r":14},"msg":"findPath: no valid path found"}
{"level":30,"time":1774382621002,"pid":1603593,"hostname":"TempleOfZyminx","from":{"q":0,"r":9},"to":{"q":14,"r":15},"msg":"findPath: no valid path found"}
{"level":30,"time":1774382621002,"pid":1603593,"hostname":"TempleOfZyminx","from":{"q":0,"r":9},"to":{"q":14,"r":16},"msg":"findPath: no valid path found"}
{"level":30,"time":1774382621002,"pid":1603593,"hostname":"TempleOfZyminx","from":{"q":0,"r":9},"to":{"q":14,"r":17},"msg":"findPath: no valid path found"}
{"level":30,"time":1774382621002,"pid":1603593,"hostname":"TempleOfZyminx","from":{"q":0,"r":9},"to":{"q":14,"r":18},"msg":"findPath: no valid path found"}
{"level":30,"time":1774382621002,"pid":1603593,"hostname":"TempleOfZyminx","from":{"q":0,"r":9},"to":{"q":14,"r":19},"msg":"findPath: no valid path found"}
{"level":30,"time":1774382621002,"pid":1603593,"hostname":"TempleOfZyminx","from":{"q":0,"r":9},"to":{"q":14,"r":20},"msg":"findPath: no valid path found"}
{"level":30,"time":1774382621002,"pid":1603593,"hostname":"TempleOfZyminx","from":{"q":0,"r":9},"to":{"q":14,"r":21},"msg":"findPath: no valid path found"}
{"level":30,"time":1774382621002,"pid":1603593,"hostname":"TempleOfZyminx","id":"5a0b0710-4b16-4941-91e6-ae9a2c92bfc5","command":"MOVE","msg":"Submitting game action"}
{"level":30,"time":1774382621003,"pid":1603593,"hostname":"TempleOfZyminx","gameId":"5a0b0710-4b16-4941-91e6-ae9a2c92bfc5","unitId":"wolf-1","msg":"Processing MOVE command"}
{"level":30,"time":1774382621004,"pid":1603593,"hostname":"TempleOfZyminx","from":{"q":3,"r":6},"to":{"q":0,"r":0},"msg":"findPath: no valid path found"}
{"level":30,"time":1774382621004,"pid":1603593,"hostname":"TempleOfZyminx","from":{"q":3,"r":6},"to":{"q":0,"r":1},"msg":"findPath: no valid path found"}
{"level":30,"time":1774382621004,"pid":1603593,"hostname":"TempleOfZyminx","from":{"q":3,"r":6},"to":{"q":0,"r":2},"msg":"findPath: no valid path found"}
{"level":30,"time":1774382621004,"pid":1603593,"hostname":"TempleOfZyminx","from":{"q":3,"r":6},"to":{"q":0,"r":3},"msg":"findPath: no valid path found"}
{"level":30,"time":1774382621004,"pid":1603593,"hostname":"TempleOfZyminx","from":{"q":3,"r":6},"to":{"q":0,"r":4},"msg":"findPath: no valid path found"}
{"level":30,"time":1774382621005,"pid":1603593,"hostname":"TempleOfZyminx","from":{"q":3,"r":6},"to":{"q":0,"r":11},"msg":"findPath: no valid path found"}
{"level":30,"time":1774382621005,"pid":1603593,"hostname":"TempleOfZyminx","from":{"q":3,"r":6},"to":{"q":0,"r":12},"msg":"findPath: no valid path found"}
{"level":30,"time":1774382621005,"pid":1603593,"hostname":"TempleOfZyminx","from":{"q":3,"r":6},"to":{"q":0,"r":13},"msg":"findPath: no valid path found"}
{"level":30,"time":1774382621005,"pid":1603593,"hostname":"TempleOfZyminx","from":{"q":3,"r":6},"to":{"q":0,"r":14},"msg":"findPath: no valid path found"}
{"level":30,"time":1774382621005,"pid":1603593,"hostname":"TempleOfZyminx","from":{"q":3,"r":6},"to":{"q":0,"r":15},"msg":"findPath: no valid path found"}
{"level":30,"time":1774382621005,"pid":1603593,"hostname":"TempleOfZyminx","from":{"q":3,"r":6},"to":{"q":0,"r":16},"msg":"findPath: no valid path found"}
{"level":30,"time":1774382621005,"pid":1603593,"hostname":"TempleOfZyminx","from":{"q":3,"r":6},"to":{"q":0,"r":17},"msg":"findPath: no valid path found"}
{"level":30,"time":1774382621005,"pid":1603593,"hostname":"TempleOfZyminx","from":{"q":3,"r":6},"to":{"q":0,"r":18},"msg":"findPath: no valid path found"}
{"level":30,"time":1774382621005,"pid":1603593,"hostname":"TempleOfZyminx","from":{"q":3,"r":6},"to":{"q":0,"r":19},"msg":"findPath: no valid path found"}
{"level":30,"time":1774382621005,"pid":1603593,"hostname":"TempleOfZyminx","from":{"q":3,"r":6},"to":{"q":0,"r":20},"msg":"findPath: no valid path found"}
{"level":30,"time":1774382621006,"pid":1603593,"hostname":"TempleOfZyminx","from":{"q":3,"r":6},"to":{"q":0,"r":21},"msg":"findPath: no valid path found"}
{"level":30,"time":1774382621006,"pid":1603593,"hostname":"TempleOfZyminx","from":{"q":3,"r":6},"to":{"q":1,"r":0},"msg":"findPath: no valid path found"}
{"level":30,"time":1774382621006,"pid":1603593,"hostname":"TempleOfZyminx","from":{"q":3,"r":6},"to":{"q":1,"r":1},"msg":"findPath: no valid path found"}
{"level":30,"time":1774382621006,"pid":1603593,"hostname":"TempleOfZyminx","from":{"q":3,"r":6},"to":{"q":1,"r":2},"msg":"findPath: no valid path found"}
{"level":30,"time":1774382621006,"pid":1603593,"hostname":"TempleOfZyminx","from":{"q":3,"r":6},"to":{"q":1,"r":3},"msg":"findPath: no valid path found"}
{"level":30,"time":1774382621006,"pid":1603593,"hostname":"TempleOfZyminx","from":{"q":3,"r":6},"to":{"q":1,"r":11},"msg":"findPath: no valid path found"}
{"level":30,"time":1774382621006,"pid":1603593,"hostname":"TempleOfZyminx","from":{"q":3,"r":6},"to":{"q":1,"r":12},"msg":"findPath: no valid path found"}
{"level":30,"time":1774382621006,"pid":1603593,"hostname":"TempleOfZyminx","from":{"q":3,"r":6},"to":{"q":1,"r":13},"msg":"findPath: no valid path found"}
{"level":30,"time":1774382621006,"pid":1603593,"hostname":"TempleOfZyminx","from":{"q":3,"r":6},"to":{"q":1,"r":14},"msg":"findPath: no valid path found"}
{"level":30,"time":1774382621006,"pid":1603593,"hostname":"TempleOfZyminx","from":{"q":3,"r":6},"to":{"q":1,"r":15},"msg":"findPath: no valid path found"}
{"level":30,"time":1774382621007,"pid":1603593,"hostname":"TempleOfZyminx","from":{"q":3,"r":6},"to":{"q":1,"r":16},"msg":"findPath: no valid path found"}
{"level":30,"time":1774382621007,"pid":1603593,"hostname":"TempleOfZyminx","from":{"q":3,"r":6},"to":{"q":1,"r":17},"msg":"findPath: no valid path found"}
{"level":30,"time":1774382621007,"pid":1603593,"hostname":"TempleOfZyminx","from":{"q":3,"r":6},"to":{"q":1,"r":18},"msg":"findPath: no valid path found"}
{"level":30,"time":1774382621007,"pid":1603593,"hostname":"TempleOfZyminx","from":{"q":3,"r":6},"to":{"q":1,"r":19},"msg":"findPath: no valid path found"}
{"level":30,"time":1774382621007,"pid":1603593,"hostname":"TempleOfZyminx","from":{"q":3,"r":6},"to":{"q":1,"r":20},"msg":"findPath: no valid path found"}
{"level":30,"time":1774382621007,"pid":1603593,"hostname":"TempleOfZyminx","from":{"q":3,"r":6},"to":{"q":1,"r":21},"msg":"findPath: no valid path found"}
{"level":30,"time":1774382621007,"pid":1603593,"hostname":"TempleOfZyminx","from":{"q":3,"r":6},"to":{"q":2,"r":0},"msg":"findPath: no valid path found"}
{"level":30,"time":1774382621007,"pid":1603593,"hostname":"TempleOfZyminx","from":{"q":3,"r":6},"to":{"q":2,"r":1},"msg":"findPath: no valid path found"}
{"level":30,"time":1774382621008,"pid":1603593,"hostname":"TempleOfZyminx","from":{"q":3,"r":6},"to":{"q":2,"r":2},"msg":"findPath: no valid path found"}
{"level":30,"time":1774382621008,"pid":1603593,"hostname":"TempleOfZyminx","from":{"q":3,"r":6},"to":{"q":2,"r":11},"msg":"findPath: no valid path found"}
{"level":30,"time":1774382621008,"pid":1603593,"hostname":"TempleOfZyminx","from":{"q":3,"r":6},"to":{"q":2,"r":12},"msg":"findPath: no valid path found"}
{"level":30,"time":1774382621008,"pid":1603593,"hostname":"TempleOfZyminx","from":{"q":3,"r":6},"to":{"q":2,"r":13},"msg":"findPath: no valid path found"}
{"level":30,"time":1774382621008,"pid":1603593,"hostname":"TempleOfZyminx","from":{"q":3,"r":6},"to":{"q":2,"r":14},"msg":"findPath: no valid path found"}
{"level":30,"time":1774382621008,"pid":1603593,"hostname":"TempleOfZyminx","from":{"q":3,"r":6},"to":{"q":2,"r":15},"msg":"findPath: no valid path found"}
{"level":30,"time":1774382621008,"pid":1603593,"hostname":"TempleOfZyminx","from":{"q":3,"r":6},"to":{"q":2,"r":16},"msg":"findPath: no valid path found"}
{"level":30,"time":1774382621008,"pid":1603593,"hostname":"TempleOfZyminx","from":{"q":3,"r":6},"to":{"q":2,"r":17},"msg":"findPath: no valid path found"}
{"level":30,"time":1774382621008,"pid":1603593,"hostname":"TempleOfZyminx","from":{"q":3,"r":6},"to":{"q":2,"r":18},"msg":"findPath: no valid path found"}
{"level":30,"time":1774382621009,"pid":1603593,"hostname":"TempleOfZyminx","from":{"q":3,"r":6},"to":{"q":2,"r":19},"msg":"findPath: no valid path found"}
{"level":30,"time":1774382621009,"pid":1603593,"hostname":"TempleOfZyminx","from":{"q":3,"r":6},"to":{"q":2,"r":20},"msg":"findPath: no valid path found"}
{"level":30,"time":1774382621009,"pid":1603593,"hostname":"TempleOfZyminx","from":{"q":3,"r":6},"to":{"q":2,"r":21},"msg":"findPath: no valid path found"}
{"level":30,"time":1774382621009,"pid":1603593,"hostname":"TempleOfZyminx","from":{"q":3,"r":6},"to":{"q":3,"r":0},"msg":"findPath: no valid path found"}
{"level":30,"time":1774382621009,"pid":1603593,"hostname":"TempleOfZyminx","from":{"q":3,"r":6},"to":{"q":3,"r":1},"msg":"findPath: no valid path found"}
{"level":30,"time":1774382621009,"pid":1603593,"hostname":"TempleOfZyminx","from":{"q":3,"r":6},"to":{"q":3,"r":8},"msg":"findPath: no valid path found"}
{"level":30,"time":1774382621009,"pid":1603593,"hostname":"TempleOfZyminx","from":{"q":3,"r":6},"to":{"q":3,"r":10},"msg":"findPath: no valid path found"}
{"level":30,"time":1774382621009,"pid":1603593,"hostname":"TempleOfZyminx","from":{"q":3,"r":6},"to":{"q":3,"r":11},"msg":"findPath: no valid path found"}
{"level":30,"time":1774382621009,"pid":1603593,"hostname":"TempleOfZyminx","from":{"q":3,"r":6},"to":{"q":3,"r":12},"msg":"findPath: no valid path found"}
{"level":30,"time":1774382621009,"pid":1603593,"hostname":"TempleOfZyminx","from":{"q":3,"r":6},"to":{"q":3,"r":13},"msg":"findPath: no valid path found"}
{"level":30,"time":1774382621009,"pid":1603593,"hostname":"TempleOfZyminx","from":{"q":3,"r":6},"to":{"q":3,"r":14},"msg":"findPath: no valid path found"}
{"level":30,"time":1774382621009,"pid":1603593,"hostname":"TempleOfZyminx","from":{"q":3,"r":6},"to":{"q":3,"r":15},"msg":"findPath: no valid path found"}
{"level":30,"time":1774382621009,"pid":1603593,"hostname":"TempleOfZyminx","from":{"q":3,"r":6},"to":{"q":3,"r":16},"msg":"findPath: no valid path found"}
{"level":30,"time":1774382621010,"pid":1603593,"hostname":"TempleOfZyminx","from":{"q":3,"r":6},"to":{"q":3,"r":17},"msg":"findPath: no valid path found"}
{"level":30,"time":1774382621010,"pid":1603593,"hostname":"TempleOfZyminx","from":{"q":3,"r":6},"to":{"q":3,"r":18},"msg":"findPath: no valid path found"}
{"level":30,"time":1774382621010,"pid":1603593,"hostname":"TempleOfZyminx","from":{"q":3,"r":6},"to":{"q":3,"r":19},"msg":"findPath: no valid path found"}
{"level":30,"time":1774382621010,"pid":1603593,"hostname":"TempleOfZyminx","from":{"q":3,"r":6},"to":{"q":3,"r":20},"msg":"findPath: no valid path found"}
{"level":30,"time":1774382621010,"pid":1603593,"hostname":"TempleOfZyminx","from":{"q":3,"r":6},"to":{"q":3,"r":21},"msg":"findPath: no valid path found"}
{"level":30,"time":1774382621010,"pid":1603593,"hostname":"TempleOfZyminx","from":{"q":3,"r":6},"to":{"q":4,"r":0},"msg":"findPath: no valid path found"}
{"level":30,"time":1774382621010,"pid":1603593,"hostname":"TempleOfZyminx","from":{"q":3,"r":6},"to":{"q":4,"r":1},"msg":"findPath: no valid path found"}
{"level":30,"time":1774382621010,"pid":1603593,"hostname":"TempleOfZyminx","from":{"q":3,"r":6},"to":{"q":4,"r":8},"msg":"findPath: no valid path found"}
{"level":30,"time":1774382621010,"pid":1603593,"hostname":"TempleOfZyminx","from":{"q":3,"r":6},"to":{"q":4,"r":9},"msg":"findPath: no valid path found"}
{"level":30,"time":1774382621010,"pid":1603593,"hostname":"TempleOfZyminx","from":{"q":3,"r":6},"to":{"q":4,"r":10},"msg":"findPath: no valid path found"}
{"level":30,"time":1774382621010,"pid":1603593,"hostname":"TempleOfZyminx","from":{"q":3,"r":6},"to":{"q":4,"r":11},"msg":"findPath: no valid path found"}
{"level":30,"time":1774382621011,"pid":1603593,"hostname":"TempleOfZyminx","from":{"q":3,"r":6},"to":{"q":4,"r":12},"msg":"findPath: no valid path found"}
{"level":30,"time":1774382621011,"pid":1603593,"hostname":"TempleOfZyminx","from":{"q":3,"r":6},"to":{"q":4,"r":13},"msg":"findPath: no valid path found"}
{"level":30,"time":1774382621011,"pid":1603593,"hostname":"TempleOfZyminx","from":{"q":3,"r":6},"to":{"q":4,"r":14},"msg":"findPath: no valid path found"}
{"level":30,"time":1774382621011,"pid":1603593,"hostname":"TempleOfZyminx","from":{"q":3,"r":6},"to":{"q":4,"r":15},"msg":"findPath: no valid path found"}
{"level":30,"time":1774382621011,"pid":1603593,"hostname":"TempleOfZyminx","from":{"q":3,"r":6},"to":{"q":4,"r":16},"msg":"findPath: no valid path found"}
{"level":30,"time":1774382621011,"pid":1603593,"hostname":"TempleOfZyminx","from":{"q":3,"r":6},"to":{"q":4,"r":17},"msg":"findPath: no valid path found"}
{"level":30,"time":1774382621011,"pid":1603593,"hostname":"TempleOfZyminx","from":{"q":3,"r":6},"to":{"q":4,"r":18},"msg":"findPath: no valid path found"}
{"level":30,"time":1774382621011,"pid":1603593,"hostname":"TempleOfZyminx","from":{"q":3,"r":6},"to":{"q":4,"r":19},"msg":"findPath: no valid path found"}
{"level":30,"time":1774382621011,"pid":1603593,"hostname":"TempleOfZyminx","from":{"q":3,"r":6},"to":{"q":4,"r":20},"msg":"findPath: no valid path found"}
{"level":30,"time":1774382621011,"pid":1603593,"hostname":"TempleOfZyminx","from":{"q":3,"r":6},"to":{"q":4,"r":21},"msg":"findPath: no valid path found"}
{"level":30,"time":1774382621012,"pid":1603593,"hostname":"TempleOfZyminx","from":{"q":3,"r":6},"to":{"q":5,"r":0},"msg":"findPath: no valid path found"}
{"level":30,"time":1774382621012,"pid":1603593,"hostname":"TempleOfZyminx","from":{"q":3,"r":6},"to":{"q":5,"r":1},"msg":"findPath: no valid path found"}
{"level":30,"time":1774382621012,"pid":1603593,"hostname":"TempleOfZyminx","from":{"q":3,"r":6},"to":{"q":5,"r":2},"msg":"findPath: no valid path found"}
{"level":30,"time":1774382621012,"pid":1603593,"hostname":"TempleOfZyminx","from":{"q":3,"r":6},"to":{"q":5,"r":9},"msg":"findPath: no valid path found"}
{"level":30,"time":1774382621012,"pid":1603593,"hostname":"TempleOfZyminx","from":{"q":3,"r":6},"to":{"q":5,"r":10},"msg":"findPath: no valid path found"}
{"level":30,"time":1774382621012,"pid":1603593,"hostname":"TempleOfZyminx","from":{"q":3,"r":6},"to":{"q":5,"r":11},"msg":"findPath: no valid path found"}
{"level":30,"time":1774382621012,"pid":1603593,"hostname":"TempleOfZyminx","from":{"q":3,"r":6},"to":{"q":5,"r":12},"msg":"findPath: no valid path found"}
{"level":30,"time":1774382621013,"pid":1603593,"hostname":"TempleOfZyminx","from":{"q":3,"r":6},"to":{"q":5,"r":13},"msg":"findPath: no valid path found"}
{"level":30,"time":1774382621013,"pid":1603593,"hostname":"TempleOfZyminx","from":{"q":3,"r":6},"to":{"q":5,"r":14},"msg":"findPath: no valid path found"}
{"level":30,"time":1774382621013,"pid":1603593,"hostname":"TempleOfZyminx","from":{"q":3,"r":6},"to":{"q":5,"r":15},"msg":"findPath: no valid path found"}
{"level":30,"time":1774382621013,"pid":1603593,"hostname":"TempleOfZyminx","from":{"q":3,"r":6},"to":{"q":5,"r":16},"msg":"findPath: no valid path found"}
{"level":30,"time":1774382621013,"pid":1603593,"hostname":"TempleOfZyminx","from":{"q":3,"r":6},"to":{"q":5,"r":17},"msg":"findPath: no valid path found"}
{"level":30,"time":1774382621013,"pid":1603593,"hostname":"TempleOfZyminx","from":{"q":3,"r":6},"to":{"q":5,"r":18},"msg":"findPath: no valid path found"}
{"level":30,"time":1774382621013,"pid":1603593,"hostname":"TempleOfZyminx","from":{"q":3,"r":6},"to":{"q":5,"r":19},"msg":"findPath: no valid path found"}
{"level":30,"time":1774382621013,"pid":1603593,"hostname":"TempleOfZyminx","from":{"q":3,"r":6},"to":{"q":5,"r":20},"msg":"findPath: no valid path found"}
{"level":30,"time":1774382621013,"pid":1603593,"hostname":"TempleOfZyminx","from":{"q":3,"r":6},"to":{"q":5,"r":21},"msg":"findPath: no valid path found"}
{"level":30,"time":1774382621014,"pid":1603593,"hostname":"TempleOfZyminx","from":{"q":3,"r":6},"to":{"q":6,"r":0},"msg":"findPath: no valid path found"}
{"level":30,"time":1774382621014,"pid":1603593,"hostname":"TempleOfZyminx","from":{"q":3,"r":6},"to":{"q":6,"r":1},"msg":"findPath: no valid path found"}
{"level":30,"time":1774382621014,"pid":1603593,"hostname":"TempleOfZyminx","from":{"q":3,"r":6},"to":{"q":6,"r":8},"msg":"findPath: no valid path found"}
{"level":30,"time":1774382621014,"pid":1603593,"hostname":"TempleOfZyminx","from":{"q":3,"r":6},"to":{"q":6,"r":9},"msg":"findPath: no valid path found"}
{"level":30,"time":1774382621015,"pid":1603593,"hostname":"TempleOfZyminx","from":{"q":3,"r":6},"to":{"q":6,"r":10},"msg":"findPath: no valid path found"}
{"level":30,"time":1774382621015,"pid":1603593,"hostname":"TempleOfZyminx","from":{"q":3,"r":6},"to":{"q":6,"r":11},"msg":"findPath: no valid path found"}
{"level":30,"time":1774382621015,"pid":1603593,"hostname":"TempleOfZyminx","from":{"q":3,"r":6},"to":{"q":6,"r":12},"msg":"findPath: no valid path found"}
{"level":30,"time":1774382621015,"pid":1603593,"hostname":"TempleOfZyminx","from":{"q":3,"r":6},"to":{"q":6,"r":13},"msg":"findPath: no valid path found"}
{"level":30,"time":1774382621015,"pid":1603593,"hostname":"TempleOfZyminx","from":{"q":3,"r":6},"to":{"q":6,"r":14},"msg":"findPath: no valid path found"}
{"level":30,"time":1774382621015,"pid":1603593,"hostname":"TempleOfZyminx","from":{"q":3,"r":6},"to":{"q":6,"r":15},"msg":"findPath: no valid path found"}
{"level":30,"time":1774382621015,"pid":1603593,"hostname":"TempleOfZyminx","from":{"q":3,"r":6},"to":{"q":6,"r":16},"msg":"findPath: no valid path found"}
{"level":30,"time":1774382621015,"pid":1603593,"hostname":"TempleOfZyminx","from":{"q":3,"r":6},"to":{"q":6,"r":17},"msg":"findPath: no valid path found"}
{"level":30,"time":1774382621015,"pid":1603593,"hostname":"TempleOfZyminx","from":{"q":3,"r":6},"to":{"q":6,"r":18},"msg":"findPath: no valid path found"}
{"level":30,"time":1774382621016,"pid":1603593,"hostname":"TempleOfZyminx","from":{"q":3,"r":6},"to":{"q":6,"r":19},"msg":"findPath: no valid path found"}
{"level":30,"time":1774382621016,"pid":1603593,"hostname":"TempleOfZyminx","from":{"q":3,"r":6},"to":{"q":6,"r":20},"msg":"findPath: no valid path found"}
{"level":30,"time":1774382621016,"pid":1603593,"hostname":"TempleOfZyminx","from":{"q":3,"r":6},"to":{"q":6,"r":21},"msg":"findPath: no valid path found"}
{"level":30,"time":1774382621016,"pid":1603593,"hostname":"TempleOfZyminx","from":{"q":3,"r":6},"to":{"q":7,"r":0},"msg":"findPath: no valid path found"}
{"level":30,"time":1774382621016,"pid":1603593,"hostname":"TempleOfZyminx","from":{"q":3,"r":6},"to":{"q":7,"r":1},"msg":"findPath: no valid path found"}
{"level":30,"time":1774382621016,"pid":1603593,"hostname":"TempleOfZyminx","from":{"q":3,"r":6},"to":{"q":7,"r":7},"msg":"findPath: no valid path found"}
{"level":30,"time":1774382621017,"pid":1603593,"hostname":"TempleOfZyminx","from":{"q":3,"r":6},"to":{"q":7,"r":8},"msg":"findPath: no valid path found"}
{"level":30,"time":1774382621017,"pid":1603593,"hostname":"TempleOfZyminx","from":{"q":3,"r":6},"to":{"q":7,"r":9},"msg":"findPath: no valid path found"}
{"level":30,"time":1774382621017,"pid":1603593,"hostname":"TempleOfZyminx","from":{"q":3,"r":6},"to":{"q":7,"r":10},"msg":"findPath: no valid path found"}
{"level":30,"time":1774382621017,"pid":1603593,"hostname":"TempleOfZyminx","from":{"q":3,"r":6},"to":{"q":7,"r":11},"msg":"findPath: no valid path found"}
{"level":30,"time":1774382621017,"pid":1603593,"hostname":"TempleOfZyminx","from":{"q":3,"r":6},"to":{"q":7,"r":12},"msg":"findPath: no valid path found"}
{"level":30,"time":1774382621017,"pid":1603593,"hostname":"TempleOfZyminx","from":{"q":3,"r":6},"to":{"q":7,"r":13},"msg":"findPath: no valid path found"}
{"level":30,"time":1774382621017,"pid":1603593,"hostname":"TempleOfZyminx","from":{"q":3,"r":6},"to":{"q":7,"r":14},"msg":"findPath: no valid path found"}
{"level":30,"time":1774382621017,"pid":1603593,"hostname":"TempleOfZyminx","from":{"q":3,"r":6},"to":{"q":7,"r":15},"msg":"findPath: no valid path found"}
{"level":30,"time":1774382621018,"pid":1603593,"hostname":"TempleOfZyminx","from":{"q":3,"r":6},"to":{"q":7,"r":16},"msg":"findPath: no valid path found"}
{"level":30,"time":1774382621018,"pid":1603593,"hostname":"TempleOfZyminx","from":{"q":3,"r":6},"to":{"q":7,"r":17},"msg":"findPath: no valid path found"}
{"level":30,"time":1774382621018,"pid":1603593,"hostname":"TempleOfZyminx","from":{"q":3,"r":6},"to":{"q":7,"r":18},"msg":"findPath: no valid path found"}
{"level":30,"time":1774382621018,"pid":1603593,"hostname":"TempleOfZyminx","from":{"q":3,"r":6},"to":{"q":7,"r":19},"msg":"findPath: no valid path found"}
{"level":30,"time":1774382621018,"pid":1603593,"hostname":"TempleOfZyminx","from":{"q":3,"r":6},"to":{"q":7,"r":20},"msg":"findPath: no valid path found"}
{"level":30,"time":1774382621018,"pid":1603593,"hostname":"TempleOfZyminx","from":{"q":3,"r":6},"to":{"q":7,"r":21},"msg":"findPath: no valid path found"}
{"level":30,"time":1774382621018,"pid":1603593,"hostname":"TempleOfZyminx","from":{"q":3,"r":6},"to":{"q":8,"r":0},"msg":"findPath: no valid path found"}
{"level":30,"time":1774382621018,"pid":1603593,"hostname":"TempleOfZyminx","from":{"q":3,"r":6},"to":{"q":8,"r":1},"msg":"findPath: no valid path found"}
{"level":30,"time":1774382621018,"pid":1603593,"hostname":"TempleOfZyminx","from":{"q":3,"r":6},"to":{"q":8,"r":2},"msg":"findPath: no valid path found"}
{"level":30,"time":1774382621018,"pid":1603593,"hostname":"TempleOfZyminx","from":{"q":3,"r":6},"to":{"q":8,"r":3},"msg":"findPath: no valid path found"}
{"level":30,"time":1774382621019,"pid":1603593,"hostname":"TempleOfZyminx","from":{"q":3,"r":6},"to":{"q":8,"r":4},"msg":"findPath: no valid path found"}
{"level":30,"time":1774382621019,"pid":1603593,"hostname":"TempleOfZyminx","from":{"q":3,"r":6},"to":{"q":8,"r":5},"msg":"findPath: no valid path found"}
{"level":30,"time":1774382621019,"pid":1603593,"hostname":"TempleOfZyminx","from":{"q":3,"r":6},"to":{"q":8,"r":6},"msg":"findPath: no valid path found"}
{"level":30,"time":1774382621019,"pid":1603593,"hostname":"TempleOfZyminx","from":{"q":3,"r":6},"to":{"q":8,"r":7},"msg":"findPath: no valid path found"}
{"level":30,"time":1774382621019,"pid":1603593,"hostname":"TempleOfZyminx","from":{"q":3,"r":6},"to":{"q":8,"r":8},"msg":"findPath: no valid path found"}
{"level":30,"time":1774382621019,"pid":1603593,"hostname":"TempleOfZyminx","from":{"q":3,"r":6},"to":{"q":8,"r":9},"msg":"findPath: no valid path found"}
{"level":30,"time":1774382621019,"pid":1603593,"hostname":"TempleOfZyminx","from":{"q":3,"r":6},"to":{"q":8,"r":10},"msg":"findPath: no valid path found"}
{"level":30,"time":1774382621019,"pid":1603593,"hostname":"TempleOfZyminx","from":{"q":3,"r":6},"to":{"q":8,"r":11},"msg":"findPath: no valid path found"}
{"level":30,"time":1774382621019,"pid":1603593,"hostname":"TempleOfZyminx","from":{"q":3,"r":6},"to":{"q":8,"r":12},"msg":"findPath: no valid path found"}
{"level":30,"time":1774382621019,"pid":1603593,"hostname":"TempleOfZyminx","from":{"q":3,"r":6},"to":{"q":8,"r":13},"msg":"findPath: no valid path found"}
{"level":30,"time":1774382621020,"pid":1603593,"hostname":"TempleOfZyminx","from":{"q":3,"r":6},"to":{"q":8,"r":14},"msg":"findPath: no valid path found"}
{"level":30,"time":1774382621020,"pid":1603593,"hostname":"TempleOfZyminx","from":{"q":3,"r":6},"to":{"q":8,"r":15},"msg":"findPath: no valid path found"}
{"level":30,"time":1774382621020,"pid":1603593,"hostname":"TempleOfZyminx","from":{"q":3,"r":6},"to":{"q":8,"r":16},"msg":"findPath: no valid path found"}
{"level":30,"time":1774382621020,"pid":1603593,"hostname":"TempleOfZyminx","from":{"q":3,"r":6},"to":{"q":8,"r":17},"msg":"findPath: no valid path found"}
{"level":30,"time":1774382621020,"pid":1603593,"hostname":"TempleOfZyminx","from":{"q":3,"r":6},"to":{"q":8,"r":18},"msg":"findPath: no valid path found"}
{"level":30,"time":1774382621020,"pid":1603593,"hostname":"TempleOfZyminx","from":{"q":3,"r":6},"to":{"q":8,"r":19},"msg":"findPath: no valid path found"}
{"level":30,"time":1774382621020,"pid":1603593,"hostname":"TempleOfZyminx","from":{"q":3,"r":6},"to":{"q":8,"r":20},"msg":"findPath: no valid path found"}
{"level":30,"time":1774382621020,"pid":1603593,"hostname":"TempleOfZyminx","from":{"q":3,"r":6},"to":{"q":8,"r":21},"msg":"findPath: no valid path found"}
{"level":30,"time":1774382621020,"pid":1603593,"hostname":"TempleOfZyminx","from":{"q":3,"r":6},"to":{"q":9,"r":0},"msg":"findPath: no valid path found"}
{"level":30,"time":1774382621020,"pid":1603593,"hostname":"TempleOfZyminx","from":{"q":3,"r":6},"to":{"q":9,"r":1},"msg":"findPath: no valid path found"}
{"level":30,"time":1774382621020,"pid":1603593,"hostname":"TempleOfZyminx","from":{"q":3,"r":6},"to":{"q":9,"r":2},"msg":"findPath: no valid path found"}
{"level":30,"time":1774382621020,"pid":1603593,"hostname":"TempleOfZyminx","from":{"q":3,"r":6},"to":{"q":9,"r":3},"msg":"findPath: no valid path found"}
{"level":30,"time":1774382621021,"pid":1603593,"hostname":"TempleOfZyminx","from":{"q":3,"r":6},"to":{"q":9,"r":4},"msg":"findPath: no valid path found"}
{"level":30,"time":1774382621021,"pid":1603593,"hostname":"TempleOfZyminx","from":{"q":3,"r":6},"to":{"q":9,"r":5},"msg":"findPath: no valid path found"}
{"level":30,"time":1774382621021,"pid":1603593,"hostname":"TempleOfZyminx","from":{"q":3,"r":6},"to":{"q":9,"r":6},"msg":"findPath: no valid path found"}
{"level":30,"time":1774382621021,"pid":1603593,"hostname":"TempleOfZyminx","from":{"q":3,"r":6},"to":{"q":9,"r":7},"msg":"findPath: no valid path found"}
{"level":30,"time":1774382621021,"pid":1603593,"hostname":"TempleOfZyminx","from":{"q":3,"r":6},"to":{"q":9,"r":8},"msg":"findPath: no valid path found"}
{"level":30,"time":1774382621021,"pid":1603593,"hostname":"TempleOfZyminx","from":{"q":3,"r":6},"to":{"q":9,"r":9},"msg":"findPath: no valid path found"}
{"level":30,"time":1774382621021,"pid":1603593,"hostname":"TempleOfZyminx","from":{"q":3,"r":6},"to":{"q":9,"r":10},"msg":"findPath: no valid path found"}
{"level":30,"time":1774382621021,"pid":1603593,"hostname":"TempleOfZyminx","from":{"q":3,"r":6},"to":{"q":9,"r":11},"msg":"findPath: no valid path found"}
{"level":30,"time":1774382621021,"pid":1603593,"hostname":"TempleOfZyminx","from":{"q":3,"r":6},"to":{"q":9,"r":12},"msg":"findPath: no valid path found"}
{"level":30,"time":1774382621021,"pid":1603593,"hostname":"TempleOfZyminx","from":{"q":3,"r":6},"to":{"q":9,"r":13},"msg":"findPath: no valid path found"}
{"level":30,"time":1774382621021,"pid":1603593,"hostname":"TempleOfZyminx","from":{"q":3,"r":6},"to":{"q":9,"r":14},"msg":"findPath: no valid path found"}
{"level":30,"time":1774382621022,"pid":1603593,"hostname":"TempleOfZyminx","from":{"q":3,"r":6},"to":{"q":9,"r":15},"msg":"findPath: no valid path found"}
{"level":30,"time":1774382621022,"pid":1603593,"hostname":"TempleOfZyminx","from":{"q":3,"r":6},"to":{"q":9,"r":16},"msg":"findPath: no valid path found"}
{"level":30,"time":1774382621022,"pid":1603593,"hostname":"TempleOfZyminx","from":{"q":3,"r":6},"to":{"q":9,"r":17},"msg":"findPath: no valid path found"}
{"level":30,"time":1774382621022,"pid":1603593,"hostname":"TempleOfZyminx","from":{"q":3,"r":6},"to":{"q":9,"r":18},"msg":"findPath: no valid path found"}
{"level":30,"time":1774382621022,"pid":1603593,"hostname":"TempleOfZyminx","from":{"q":3,"r":6},"to":{"q":9,"r":19},"msg":"findPath: no valid path found"}
{"level":30,"time":1774382621022,"pid":1603593,"hostname":"TempleOfZyminx","from":{"q":3,"r":6},"to":{"q":9,"r":20},"msg":"findPath: no valid path found"}
{"level":30,"time":1774382621022,"pid":1603593,"hostname":"TempleOfZyminx","from":{"q":3,"r":6},"to":{"q":9,"r":21},"msg":"findPath: no valid path found"}
{"level":30,"time":1774382621022,"pid":1603593,"hostname":"TempleOfZyminx","from":{"q":3,"r":6},"to":{"q":10,"r":0},"msg":"findPath: no valid path found"}
{"level":30,"time":1774382621022,"pid":1603593,"hostname":"TempleOfZyminx","from":{"q":3,"r":6},"to":{"q":10,"r":1},"msg":"findPath: no valid path found"}
{"level":30,"time":1774382621022,"pid":1603593,"hostname":"TempleOfZyminx","from":{"q":3,"r":6},"to":{"q":10,"r":2},"msg":"findPath: no valid path found"}
{"level":30,"time":1774382621022,"pid":1603593,"hostname":"TempleOfZyminx","from":{"q":3,"r":6},"to":{"q":10,"r":3},"msg":"findPath: no valid path found"}
{"level":30,"time":1774382621023,"pid":1603593,"hostname":"TempleOfZyminx","from":{"q":3,"r":6},"to":{"q":10,"r":4},"msg":"findPath: no valid path found"}
{"level":30,"time":1774382621023,"pid":1603593,"hostname":"TempleOfZyminx","from":{"q":3,"r":6},"to":{"q":10,"r":5},"msg":"findPath: no valid path found"}
{"level":30,"time":1774382621023,"pid":1603593,"hostname":"TempleOfZyminx","from":{"q":3,"r":6},"to":{"q":10,"r":6},"msg":"findPath: no valid path found"}
{"level":30,"time":1774382621023,"pid":1603593,"hostname":"TempleOfZyminx","from":{"q":3,"r":6},"to":{"q":10,"r":7},"msg":"findPath: no valid path found"}
{"level":30,"time":1774382621023,"pid":1603593,"hostname":"TempleOfZyminx","from":{"q":3,"r":6},"to":{"q":10,"r":8},"msg":"findPath: no valid path found"}
{"level":30,"time":1774382621024,"pid":1603593,"hostname":"TempleOfZyminx","from":{"q":3,"r":6},"to":{"q":10,"r":9},"msg":"findPath: no valid path found"}
{"level":30,"time":1774382621024,"pid":1603593,"hostname":"TempleOfZyminx","from":{"q":3,"r":6},"to":{"q":10,"r":10},"msg":"findPath: no valid path found"}
{"level":30,"time":1774382621024,"pid":1603593,"hostname":"TempleOfZyminx","from":{"q":3,"r":6},"to":{"q":10,"r":11},"msg":"findPath: no valid path found"}
{"level":30,"time":1774382621024,"pid":1603593,"hostname":"TempleOfZyminx","from":{"q":3,"r":6},"to":{"q":10,"r":12},"msg":"findPath: no valid path found"}
{"level":30,"time":1774382621024,"pid":1603593,"hostname":"TempleOfZyminx","from":{"q":3,"r":6},"to":{"q":10,"r":13},"msg":"findPath: no valid path found"}
{"level":30,"time":1774382621024,"pid":1603593,"hostname":"TempleOfZyminx","from":{"q":3,"r":6},"to":{"q":10,"r":14},"msg":"findPath: no valid path found"}
{"level":30,"time":1774382621024,"pid":1603593,"hostname":"TempleOfZyminx","from":{"q":3,"r":6},"to":{"q":10,"r":15},"msg":"findPath: no valid path found"}
{"level":30,"time":1774382621024,"pid":1603593,"hostname":"TempleOfZyminx","from":{"q":3,"r":6},"to":{"q":10,"r":16},"msg":"findPath: no valid path found"}
{"level":30,"time":1774382621024,"pid":1603593,"hostname":"TempleOfZyminx","from":{"q":3,"r":6},"to":{"q":10,"r":17},"msg":"findPath: no valid path found"}
{"level":30,"time":1774382621025,"pid":1603593,"hostname":"TempleOfZyminx","from":{"q":3,"r":6},"to":{"q":10,"r":18},"msg":"findPath: no valid path found"}
{"level":30,"time":1774382621025,"pid":1603593,"hostname":"TempleOfZyminx","from":{"q":3,"r":6},"to":{"q":10,"r":19},"msg":"findPath: no valid path found"}
{"level":30,"time":1774382621025,"pid":1603593,"hostname":"TempleOfZyminx","from":{"q":3,"r":6},"to":{"q":10,"r":20},"msg":"findPath: no valid path found"}
{"level":30,"time":1774382621025,"pid":1603593,"hostname":"TempleOfZyminx","from":{"q":3,"r":6},"to":{"q":10,"r":21},"msg":"findPath: no valid path found"}
{"level":30,"time":1774382621025,"pid":1603593,"hostname":"TempleOfZyminx","from":{"q":3,"r":6},"to":{"q":11,"r":0},"msg":"findPath: no valid path found"}
{"level":30,"time":1774382621025,"pid":1603593,"hostname":"TempleOfZyminx","from":{"q":3,"r":6},"to":{"q":11,"r":1},"msg":"findPath: no valid path found"}
{"level":30,"time":1774382621025,"pid":1603593,"hostname":"TempleOfZyminx","from":{"q":3,"r":6},"to":{"q":11,"r":2},"msg":"findPath: no valid path found"}
{"level":30,"time":1774382621025,"pid":1603593,"hostname":"TempleOfZyminx","from":{"q":3,"r":6},"to":{"q":11,"r":3},"msg":"findPath: no valid path found"}
{"level":30,"time":1774382621025,"pid":1603593,"hostname":"TempleOfZyminx","from":{"q":3,"r":6},"to":{"q":11,"r":4},"msg":"findPath: no valid path found"}
{"level":30,"time":1774382621025,"pid":1603593,"hostname":"TempleOfZyminx","from":{"q":3,"r":6},"to":{"q":11,"r":5},"msg":"findPath: no valid path found"}
{"level":30,"time":1774382621026,"pid":1603593,"hostname":"TempleOfZyminx","from":{"q":3,"r":6},"to":{"q":11,"r":6},"msg":"findPath: no valid path found"}
{"level":30,"time":1774382621026,"pid":1603593,"hostname":"TempleOfZyminx","from":{"q":3,"r":6},"to":{"q":11,"r":7},"msg":"findPath: no valid path found"}
{"level":30,"time":1774382621026,"pid":1603593,"hostname":"TempleOfZyminx","from":{"q":3,"r":6},"to":{"q":11,"r":8},"msg":"findPath: no valid path found"}
{"level":30,"time":1774382621026,"pid":1603593,"hostname":"TempleOfZyminx","from":{"q":3,"r":6},"to":{"q":11,"r":9},"msg":"findPath: no valid path found"}
{"level":30,"time":1774382621026,"pid":1603593,"hostname":"TempleOfZyminx","from":{"q":3,"r":6},"to":{"q":11,"r":10},"msg":"findPath: no valid path found"}
{"level":30,"time":1774382621026,"pid":1603593,"hostname":"TempleOfZyminx","from":{"q":3,"r":6},"to":{"q":11,"r":11},"msg":"findPath: no valid path found"}
{"level":30,"time":1774382621026,"pid":1603593,"hostname":"TempleOfZyminx","from":{"q":3,"r":6},"to":{"q":11,"r":12},"msg":"findPath: no valid path found"}
{"level":30,"time":1774382621026,"pid":1603593,"hostname":"TempleOfZyminx","from":{"q":3,"r":6},"to":{"q":11,"r":13},"msg":"findPath: no valid path found"}
{"level":30,"time":1774382621026,"pid":1603593,"hostname":"TempleOfZyminx","from":{"q":3,"r":6},"to":{"q":11,"r":14},"msg":"findPath: no valid path found"}
{"level":30,"time":1774382621026,"pid":1603593,"hostname":"TempleOfZyminx","from":{"q":3,"r":6},"to":{"q":11,"r":15},"msg":"findPath: no valid path found"}
{"level":30,"time":1774382621026,"pid":1603593,"hostname":"TempleOfZyminx","from":{"q":3,"r":6},"to":{"q":11,"r":16},"msg":"findPath: no valid path found"}
{"level":30,"time":1774382621027,"pid":1603593,"hostname":"TempleOfZyminx","from":{"q":3,"r":6},"to":{"q":11,"r":17},"msg":"findPath: no valid path found"}
{"level":30,"time":1774382621027,"pid":1603593,"hostname":"TempleOfZyminx","from":{"q":3,"r":6},"to":{"q":11,"r":18},"msg":"findPath: no valid path found"}
{"level":30,"time":1774382621027,"pid":1603593,"hostname":"TempleOfZyminx","from":{"q":3,"r":6},"to":{"q":11,"r":19},"msg":"findPath: no valid path found"}
{"level":30,"time":1774382621027,"pid":1603593,"hostname":"TempleOfZyminx","from":{"q":3,"r":6},"to":{"q":11,"r":20},"msg":"findPath: no valid path found"}
{"level":30,"time":1774382621027,"pid":1603593,"hostname":"TempleOfZyminx","from":{"q":3,"r":6},"to":{"q":11,"r":21},"msg":"findPath: no valid path found"}
{"level":30,"time":1774382621027,"pid":1603593,"hostname":"TempleOfZyminx","from":{"q":3,"r":6},"to":{"q":12,"r":0},"msg":"findPath: no valid path found"}
{"level":30,"time":1774382621027,"pid":1603593,"hostname":"TempleOfZyminx","from":{"q":3,"r":6},"to":{"q":12,"r":1},"msg":"findPath: no valid path found"}
{"level":30,"time":1774382621027,"pid":1603593,"hostname":"TempleOfZyminx","from":{"q":3,"r":6},"to":{"q":12,"r":2},"msg":"findPath: no valid path found"}
{"level":30,"time":1774382621027,"pid":1603593,"hostname":"TempleOfZyminx","from":{"q":3,"r":6},"to":{"q":12,"r":3},"msg":"findPath: no valid path found"}
{"level":30,"time":1774382621027,"pid":1603593,"hostname":"TempleOfZyminx","from":{"q":3,"r":6},"to":{"q":12,"r":4},"msg":"findPath: no valid path found"}
{"level":30,"time":1774382621027,"pid":1603593,"hostname":"TempleOfZyminx","from":{"q":3,"r":6},"to":{"q":12,"r":5},"msg":"findPath: no valid path found"}
{"level":30,"time":1774382621027,"pid":1603593,"hostname":"TempleOfZyminx","from":{"q":3,"r":6},"to":{"q":12,"r":6},"msg":"findPath: no valid path found"}
{"level":30,"time":1774382621028,"pid":1603593,"hostname":"TempleOfZyminx","from":{"q":3,"r":6},"to":{"q":12,"r":7},"msg":"findPath: no valid path found"}
{"level":30,"time":1774382621028,"pid":1603593,"hostname":"TempleOfZyminx","from":{"q":3,"r":6},"to":{"q":12,"r":8},"msg":"findPath: no valid path found"}
{"level":30,"time":1774382621028,"pid":1603593,"hostname":"TempleOfZyminx","from":{"q":3,"r":6},"to":{"q":12,"r":9},"msg":"findPath: no valid path found"}
{"level":30,"time":1774382621028,"pid":1603593,"hostname":"TempleOfZyminx","from":{"q":3,"r":6},"to":{"q":12,"r":10},"msg":"findPath: no valid path found"}
{"level":30,"time":1774382621028,"pid":1603593,"hostname":"TempleOfZyminx","from":{"q":3,"r":6},"to":{"q":12,"r":11},"msg":"findPath: no valid path found"}
{"level":30,"time":1774382621028,"pid":1603593,"hostname":"TempleOfZyminx","from":{"q":3,"r":6},"to":{"q":12,"r":12},"msg":"findPath: no valid path found"}
{"level":30,"time":1774382621028,"pid":1603593,"hostname":"TempleOfZyminx","from":{"q":3,"r":6},"to":{"q":12,"r":13},"msg":"findPath: no valid path found"}
{"level":30,"time":1774382621028,"pid":1603593,"hostname":"TempleOfZyminx","from":{"q":3,"r":6},"to":{"q":12,"r":14},"msg":"findPath: no valid path found"}
{"level":30,"time":1774382621028,"pid":1603593,"hostname":"TempleOfZyminx","from":{"q":3,"r":6},"to":{"q":12,"r":15},"msg":"findPath: no valid path found"}
{"level":30,"time":1774382621028,"pid":1603593,"hostname":"TempleOfZyminx","from":{"q":3,"r":6},"to":{"q":12,"r":16},"msg":"findPath: no valid path found"}
{"level":30,"time":1774382621028,"pid":1603593,"hostname":"TempleOfZyminx","from":{"q":3,"r":6},"to":{"q":12,"r":17},"msg":"findPath: no valid path found"}
{"level":30,"time":1774382621028,"pid":1603593,"hostname":"TempleOfZyminx","from":{"q":3,"r":6},"to":{"q":12,"r":18},"msg":"findPath: no valid path found"}
{"level":30,"time":1774382621028,"pid":1603593,"hostname":"TempleOfZyminx","from":{"q":3,"r":6},"to":{"q":12,"r":19},"msg":"findPath: no valid path found"}
{"level":30,"time":1774382621029,"pid":1603593,"hostname":"TempleOfZyminx","from":{"q":3,"r":6},"to":{"q":12,"r":20},"msg":"findPath: no valid path found"}
{"level":30,"time":1774382621029,"pid":1603593,"hostname":"TempleOfZyminx","from":{"q":3,"r":6},"to":{"q":12,"r":21},"msg":"findPath: no valid path found"}
{"level":30,"time":1774382621029,"pid":1603593,"hostname":"TempleOfZyminx","from":{"q":3,"r":6},"to":{"q":13,"r":0},"msg":"findPath: no valid path found"}
{"level":30,"time":1774382621029,"pid":1603593,"hostname":"TempleOfZyminx","from":{"q":3,"r":6},"to":{"q":13,"r":1},"msg":"findPath: no valid path found"}
{"level":30,"time":1774382621029,"pid":1603593,"hostname":"TempleOfZyminx","from":{"q":3,"r":6},"to":{"q":13,"r":2},"msg":"findPath: no valid path found"}
{"level":30,"time":1774382621029,"pid":1603593,"hostname":"TempleOfZyminx","from":{"q":3,"r":6},"to":{"q":13,"r":3},"msg":"findPath: no valid path found"}
{"level":30,"time":1774382621029,"pid":1603593,"hostname":"TempleOfZyminx","from":{"q":3,"r":6},"to":{"q":13,"r":4},"msg":"findPath: no valid path found"}
{"level":30,"time":1774382621030,"pid":1603593,"hostname":"TempleOfZyminx","from":{"q":3,"r":6},"to":{"q":13,"r":5},"msg":"findPath: no valid path found"}
{"level":30,"time":1774382621030,"pid":1603593,"hostname":"TempleOfZyminx","from":{"q":3,"r":6},"to":{"q":13,"r":6},"msg":"findPath: no valid path found"}
{"level":30,"time":1774382621030,"pid":1603593,"hostname":"TempleOfZyminx","from":{"q":3,"r":6},"to":{"q":13,"r":7},"msg":"findPath: no valid path found"}
{"level":30,"time":1774382621030,"pid":1603593,"hostname":"TempleOfZyminx","from":{"q":3,"r":6},"to":{"q":13,"r":8},"msg":"findPath: no valid path found"}
{"level":30,"time":1774382621031,"pid":1603593,"hostname":"TempleOfZyminx","from":{"q":3,"r":6},"to":{"q":13,"r":9},"msg":"findPath: no valid path found"}
{"level":30,"time":1774382621031,"pid":1603593,"hostname":"TempleOfZyminx","from":{"q":3,"r":6},"to":{"q":13,"r":10},"msg":"findPath: no valid path found"}
{"level":30,"time":1774382621031,"pid":1603593,"hostname":"TempleOfZyminx","from":{"q":3,"r":6},"to":{"q":13,"r":11},"msg":"findPath: no valid path found"}
{"level":30,"time":1774382621031,"pid":1603593,"hostname":"TempleOfZyminx","from":{"q":3,"r":6},"to":{"q":13,"r":12},"msg":"findPath: no valid path found"}
{"level":30,"time":1774382621031,"pid":1603593,"hostname":"TempleOfZyminx","from":{"q":3,"r":6},"to":{"q":13,"r":13},"msg":"findPath: no valid path found"}
{"level":30,"time":1774382621031,"pid":1603593,"hostname":"TempleOfZyminx","from":{"q":3,"r":6},"to":{"q":13,"r":14},"msg":"findPath: no valid path found"}
{"level":30,"time":1774382621031,"pid":1603593,"hostname":"TempleOfZyminx","from":{"q":3,"r":6},"to":{"q":13,"r":15},"msg":"findPath: no valid path found"}
{"level":30,"time":1774382621031,"pid":1603593,"hostname":"TempleOfZyminx","from":{"q":3,"r":6},"to":{"q":13,"r":16},"msg":"findPath: no valid path found"}
{"level":30,"time":1774382621032,"pid":1603593,"hostname":"TempleOfZyminx","from":{"q":3,"r":6},"to":{"q":13,"r":17},"msg":"findPath: no valid path found"}
{"level":30,"time":1774382621032,"pid":1603593,"hostname":"TempleOfZyminx","from":{"q":3,"r":6},"to":{"q":13,"r":18},"msg":"findPath: no valid path found"}
{"level":30,"time":1774382621032,"pid":1603593,"hostname":"TempleOfZyminx","from":{"q":3,"r":6},"to":{"q":13,"r":19},"msg":"findPath: no valid path found"}
{"level":30,"time":1774382621032,"pid":1603593,"hostname":"TempleOfZyminx","from":{"q":3,"r":6},"to":{"q":13,"r":20},"msg":"findPath: no valid path found"}
{"level":30,"time":1774382621032,"pid":1603593,"hostname":"TempleOfZyminx","from":{"q":3,"r":6},"to":{"q":13,"r":21},"msg":"findPath: no valid path found"}
{"level":30,"time":1774382621032,"pid":1603593,"hostname":"TempleOfZyminx","from":{"q":3,"r":6},"to":{"q":14,"r":0},"msg":"findPath: no valid path found"}
{"level":30,"time":1774382621032,"pid":1603593,"hostname":"TempleOfZyminx","from":{"q":3,"r":6},"to":{"q":14,"r":1},"msg":"findPath: no valid path found"}
{"level":30,"time":1774382621032,"pid":1603593,"hostname":"TempleOfZyminx","from":{"q":3,"r":6},"to":{"q":14,"r":2},"msg":"findPath: no valid path found"}
{"level":30,"time":1774382621032,"pid":1603593,"hostname":"TempleOfZyminx","from":{"q":3,"r":6},"to":{"q":14,"r":3},"msg":"findPath: no valid path found"}
{"level":30,"time":1774382621033,"pid":1603593,"hostname":"TempleOfZyminx","from":{"q":3,"r":6},"to":{"q":14,"r":4},"msg":"findPath: no valid path found"}
{"level":30,"time":1774382621033,"pid":1603593,"hostname":"TempleOfZyminx","from":{"q":3,"r":6},"to":{"q":14,"r":5},"msg":"findPath: no valid path found"}
{"level":30,"time":1774382621033,"pid":1603593,"hostname":"TempleOfZyminx","from":{"q":3,"r":6},"to":{"q":14,"r":6},"msg":"findPath: no valid path found"}
{"level":30,"time":1774382621033,"pid":1603593,"hostname":"TempleOfZyminx","from":{"q":3,"r":6},"to":{"q":14,"r":7},"msg":"findPath: no valid path found"}
{"level":30,"time":1774382621033,"pid":1603593,"hostname":"TempleOfZyminx","from":{"q":3,"r":6},"to":{"q":14,"r":8},"msg":"findPath: no valid path found"}
{"level":30,"time":1774382621033,"pid":1603593,"hostname":"TempleOfZyminx","from":{"q":3,"r":6},"to":{"q":14,"r":9},"msg":"findPath: no valid path found"}
{"level":30,"time":1774382621033,"pid":1603593,"hostname":"TempleOfZyminx","from":{"q":3,"r":6},"to":{"q":14,"r":10},"msg":"findPath: no valid path found"}
{"level":30,"time":1774382621033,"pid":1603593,"hostname":"TempleOfZyminx","from":{"q":3,"r":6},"to":{"q":14,"r":11},"msg":"findPath: no valid path found"}
{"level":30,"time":1774382621034,"pid":1603593,"hostname":"TempleOfZyminx","from":{"q":3,"r":6},"to":{"q":14,"r":12},"msg":"findPath: no valid path found"}
{"level":30,"time":1774382621034,"pid":1603593,"hostname":"TempleOfZyminx","from":{"q":3,"r":6},"to":{"q":14,"r":13},"msg":"findPath: no valid path found"}
{"level":30,"time":1774382621034,"pid":1603593,"hostname":"TempleOfZyminx","from":{"q":3,"r":6},"to":{"q":14,"r":14},"msg":"findPath: no valid path found"}
{"level":30,"time":1774382621034,"pid":1603593,"hostname":"TempleOfZyminx","from":{"q":3,"r":6},"to":{"q":14,"r":15},"msg":"findPath: no valid path found"}
{"level":30,"time":1774382621034,"pid":1603593,"hostname":"TempleOfZyminx","from":{"q":3,"r":6},"to":{"q":14,"r":16},"msg":"findPath: no valid path found"}
{"level":30,"time":1774382621034,"pid":1603593,"hostname":"TempleOfZyminx","from":{"q":3,"r":6},"to":{"q":14,"r":17},"msg":"findPath: no valid path found"}
{"level":30,"time":1774382621034,"pid":1603593,"hostname":"TempleOfZyminx","from":{"q":3,"r":6},"to":{"q":14,"r":18},"msg":"findPath: no valid path found"}
{"level":30,"time":1774382621034,"pid":1603593,"hostname":"TempleOfZyminx","from":{"q":3,"r":6},"to":{"q":14,"r":19},"msg":"findPath: no valid path found"}
{"level":30,"time":1774382621034,"pid":1603593,"hostname":"TempleOfZyminx","from":{"q":3,"r":6},"to":{"q":14,"r":20},"msg":"findPath: no valid path found"}
{"level":30,"time":1774382621034,"pid":1604421,"hostname":"TempleOfZyminx","scenarioId":"invalid-scenario","role":"onion","msg":"Creating new game match"}
{"level":30,"time":1774382621035,"pid":1603593,"hostname":"TempleOfZyminx","from":{"q":3,"r":6},"to":{"q":14,"r":21},"msg":"findPath: no valid path found"}
{"level":40,"time":1774382621035,"pid":1604421,"hostname":"TempleOfZyminx","scenarioId":"invalid-scenario","msg":"Scenario not found"}
{"level":30,"time":1774382621035,"pid":1603593,"hostname":"TempleOfZyminx","id":"5a0b0710-4b16-4941-91e6-ae9a2c92bfc5","command":"MOVE","msg":"Submitting game action"}
{"level":30,"time":1774382621035,"pid":1603593,"hostname":"TempleOfZyminx","gameId":"5a0b0710-4b16-4941-91e6-ae9a2c92bfc5","unitId":"wolf-2","msg":"Processing MOVE command"}
{"level":30,"time":1774382621039,"pid":1603593,"hostname":"TempleOfZyminx","id":"5a0b0710-4b16-4941-91e6-ae9a2c92bfc5","msg":"Fetching game state"}
{"level":30,"time":1774382621040,"pid":1603593,"hostname":"TempleOfZyminx","id":"5a0b0710-4b16-4941-91e6-ae9a2c92bfc5","msg":"Fetching game state"}
{"level":30,"time":1774382621041,"pid":1603593,"hostname":"TempleOfZyminx","id":"5a0b0710-4b16-4941-91e6-ae9a2c92bfc5","command":"END_PHASE","msg":"Submitting game action"}
{"level":30,"time":1774382621041,"pid":1603593,"hostname":"TempleOfZyminx","gameId":"5a0b0710-4b16-4941-91e6-ae9a2c92bfc5","phase":"DEFENDER_MOVE","msg":"Advancing phase"}
{"level":30,"time":1774382621041,"pid":1603593,"hostname":"TempleOfZyminx","phase":"DEFENDER_MOVE","turnNumber":4,"msg":"Advancing phase in engine"}
{"level":30,"time":1774382621041,"pid":1603593,"hostname":"TempleOfZyminx","id":"5a0b0710-4b16-4941-91e6-ae9a2c92bfc5","msg":"Fetching game state"}
{"level":30,"time":1774382621042,"pid":1603593,"hostname":"TempleOfZyminx","id":"5a0b0710-4b16-4941-91e6-ae9a2c92bfc5","msg":"Fetching game state"}
{"level":30,"time":1774382621042,"pid":1603593,"hostname":"TempleOfZyminx","id":"5a0b0710-4b16-4941-91e6-ae9a2c92bfc5","command":"FIRE","msg":"Submitting game action"}
{"level":30,"time":1774382621043,"pid":1603593,"hostname":"TempleOfZyminx","gameId":"5a0b0710-4b16-4941-91e6-ae9a2c92bfc5","type":"FIRE","msg":"Processing combat command"}
{"level":30,"time":1774382621043,"pid":1603593,"hostname":"TempleOfZyminx","commandType":"FIRE","msg":"Validating combat action"}
{"level":30,"time":1774382621043,"pid":1603593,"hostname":"TempleOfZyminx","plan":{"actionType":"FIRE","actor":"defender","attackerIds":["wolf-1"],"target":{"kind":"treads","id":"onion-1"},"attackStrength":2,"defense":0},"msg":"Executing combat action"}
{"level":30,"time":1774382621044,"pid":1603593,"hostname":"TempleOfZyminx","id":"5a0b0710-4b16-4941-91e6-ae9a2c92bfc5","command":"FIRE","msg":"Submitting game action"}
{"level":30,"time":1774382621044,"pid":1603593,"hostname":"TempleOfZyminx","gameId":"5a0b0710-4b16-4941-91e6-ae9a2c92bfc5","type":"FIRE","msg":"Processing combat command"}
{"level":30,"time":1774382621045,"pid":1603593,"hostname":"TempleOfZyminx","commandType":"FIRE","msg":"Validating combat action"}
{"level":30,"time":1774382621045,"pid":1603593,"hostname":"TempleOfZyminx","plan":{"actionType":"FIRE","actor":"defender","attackerIds":["wolf-2"],"target":{"kind":"weapon","id":"main"},"attackStrength":2,"defense":4},"msg":"Executing combat action"}
{"level":30,"time":1774382621045,"pid":1603593,"hostname":"TempleOfZyminx","id":"5a0b0710-4b16-4941-91e6-ae9a2c92bfc5","msg":"Fetching game state"}
{"level":30,"time":1774382621046,"pid":1603593,"hostname":"TempleOfZyminx","id":"5a0b0710-4b16-4941-91e6-ae9a2c92bfc5","command":"END_PHASE","msg":"Submitting game action"}
{"level":30,"time":1774382621047,"pid":1603593,"hostname":"TempleOfZyminx","gameId":"5a0b0710-4b16-4941-91e6-ae9a2c92bfc5","phase":"DEFENDER_COMBAT","msg":"Advancing phase"}
{"level":30,"time":1774382621047,"pid":1603593,"hostname":"TempleOfZyminx","phase":"DEFENDER_COMBAT","turnNumber":4,"msg":"Advancing phase in engine"}
{"level":30,"time":1774382621047,"pid":1603593,"hostname":"TempleOfZyminx","id":"5a0b0710-4b16-4941-91e6-ae9a2c92bfc5","msg":"Fetching game state"}
{"level":30,"time":1774382621048,"pid":1603593,"hostname":"TempleOfZyminx","id":"5a0b0710-4b16-4941-91e6-ae9a2c92bfc5","msg":"Fetching game state"}
{"level":30,"time":1774382621049,"pid":1603593,"hostname":"TempleOfZyminx","from":{"q":1,"r":8},"to":{"q":0,"r":0},"msg":"findPath: no valid path found"}
{"level":30,"time":1774382621049,"pid":1603593,"hostname":"TempleOfZyminx","from":{"q":1,"r":8},"to":{"q":0,"r":1},"msg":"findPath: no valid path found"}
{"level":30,"time":1774382621049,"pid":1603593,"hostname":"TempleOfZyminx","from":{"q":1,"r":8},"to":{"q":0,"r":2},"msg":"findPath: no valid path found"}
{"level":30,"time":1774382621049,"pid":1603593,"hostname":"TempleOfZyminx","from":{"q":1,"r":8},"to":{"q":0,"r":3},"msg":"findPath: no valid path found"}
{"level":30,"time":1774382621049,"pid":1603593,"hostname":"TempleOfZyminx","from":{"q":1,"r":8},"to":{"q":0,"r":4},"msg":"findPath: no valid path found"}
{"level":30,"time":1774382621050,"pid":1603593,"hostname":"TempleOfZyminx","from":{"q":1,"r":8},"to":{"q":0,"r":13},"msg":"findPath: no valid path found"}
{"level":30,"time":1774382621050,"pid":1603593,"hostname":"TempleOfZyminx","from":{"q":1,"r":8},"to":{"q":0,"r":14},"msg":"findPath: no valid path found"}
{"level":30,"time":1774382621050,"pid":1603593,"hostname":"TempleOfZyminx","from":{"q":1,"r":8},"to":{"q":0,"r":15},"msg":"findPath: no valid path found"}
{"level":30,"time":1774382621050,"pid":1603593,"hostname":"TempleOfZyminx","from":{"q":1,"r":8},"to":{"q":0,"r":16},"msg":"findPath: no valid path found"}
{"level":30,"time":1774382621050,"pid":1603593,"hostname":"TempleOfZyminx","from":{"q":1,"r":8},"to":{"q":0,"r":17},"msg":"findPath: no valid path found"}
{"level":30,"time":1774382621050,"pid":1603593,"hostname":"TempleOfZyminx","from":{"q":1,"r":8},"to":{"q":0,"r":18},"msg":"findPath: no valid path found"}
{"level":30,"time":1774382621050,"pid":1603593,"hostname":"TempleOfZyminx","from":{"q":1,"r":8},"to":{"q":0,"r":19},"msg":"findPath: no valid path found"}
{"level":30,"time":1774382621050,"pid":1603593,"hostname":"TempleOfZyminx","from":{"q":1,"r":8},"to":{"q":0,"r":20},"msg":"findPath: no valid path found"}
{"level":30,"time":1774382621050,"pid":1603593,"hostname":"TempleOfZyminx","from":{"q":1,"r":8},"to":{"q":0,"r":21},"msg":"findPath: no valid path found"}
{"level":30,"time":1774382621050,"pid":1603593,"hostname":"TempleOfZyminx","from":{"q":1,"r":8},"to":{"q":1,"r":0},"msg":"findPath: no valid path found"}
{"level":30,"time":1774382621050,"pid":1603593,"hostname":"TempleOfZyminx","from":{"q":1,"r":8},"to":{"q":1,"r":1},"msg":"findPath: no valid path found"}
{"level":30,"time":1774382621050,"pid":1603593,"hostname":"TempleOfZyminx","from":{"q":1,"r":8},"to":{"q":1,"r":2},"msg":"findPath: no valid path found"}
{"level":30,"time":1774382621050,"pid":1603593,"hostname":"TempleOfZyminx","from":{"q":1,"r":8},"to":{"q":1,"r":3},"msg":"findPath: no valid path found"}
{"level":30,"time":1774382621051,"pid":1603593,"hostname":"TempleOfZyminx","from":{"q":1,"r":8},"to":{"q":1,"r":13},"msg":"findPath: no valid path found"}
{"level":30,"time":1774382621051,"pid":1603593,"hostname":"TempleOfZyminx","from":{"q":1,"r":8},"to":{"q":1,"r":14},"msg":"findPath: no valid path found"}
{"level":30,"time":1774382621051,"pid":1603593,"hostname":"TempleOfZyminx","from":{"q":1,"r":8},"to":{"q":1,"r":15},"msg":"findPath: no valid path found"}
{"level":30,"time":1774382621051,"pid":1603593,"hostname":"TempleOfZyminx","from":{"q":1,"r":8},"to":{"q":1,"r":16},"msg":"findPath: no valid path found"}
{"level":30,"time":1774382621051,"pid":1603593,"hostname":"TempleOfZyminx","from":{"q":1,"r":8},"to":{"q":1,"r":17},"msg":"findPath: no valid path found"}
{"level":30,"time":1774382621051,"pid":1603593,"hostname":"TempleOfZyminx","from":{"q":1,"r":8},"to":{"q":1,"r":18},"msg":"findPath: no valid path found"}
{"level":30,"time":1774382621051,"pid":1603593,"hostname":"TempleOfZyminx","from":{"q":1,"r":8},"to":{"q":1,"r":19},"msg":"findPath: no valid path found"}
{"level":30,"time":1774382621051,"pid":1603593,"hostname":"TempleOfZyminx","from":{"q":1,"r":8},"to":{"q":1,"r":20},"msg":"findPath: no valid path found"}
{"level":30,"time":1774382621052,"pid":1603593,"hostname":"TempleOfZyminx","from":{"q":1,"r":8},"to":{"q":1,"r":21},"msg":"findPath: no valid path found"}
{"level":30,"time":1774382621052,"pid":1603593,"hostname":"TempleOfZyminx","from":{"q":1,"r":8},"to":{"q":2,"r":0},"msg":"findPath: no valid path found"}
{"level":30,"time":1774382621052,"pid":1603593,"hostname":"TempleOfZyminx","from":{"q":1,"r":8},"to":{"q":2,"r":1},"msg":"findPath: no valid path found"}
{"level":30,"time":1774382621052,"pid":1603593,"hostname":"TempleOfZyminx","from":{"q":1,"r":8},"to":{"q":2,"r":2},"msg":"findPath: no valid path found"}
{"level":30,"time":1774382621052,"pid":1603593,"hostname":"TempleOfZyminx","from":{"q":1,"r":8},"to":{"q":2,"r":3},"msg":"findPath: no valid path found"}
{"level":30,"time":1774382621052,"pid":1603593,"hostname":"TempleOfZyminx","from":{"q":1,"r":8},"to":{"q":2,"r":12},"msg":"findPath: no valid path found"}
{"level":30,"time":1774382621052,"pid":1603593,"hostname":"TempleOfZyminx","from":{"q":1,"r":8},"to":{"q":2,"r":13},"msg":"findPath: no valid path found"}
{"level":30,"time":1774382621052,"pid":1603593,"hostname":"TempleOfZyminx","from":{"q":1,"r":8},"to":{"q":2,"r":14},"msg":"findPath: no valid path found"}
{"level":30,"time":1774382621052,"pid":1603593,"hostname":"TempleOfZyminx","from":{"q":1,"r":8},"to":{"q":2,"r":15},"msg":"findPath: no valid path found"}
{"level":30,"time":1774382621053,"pid":1603593,"hostname":"TempleOfZyminx","from":{"q":1,"r":8},"to":{"q":2,"r":16},"msg":"findPath: no valid path found"}
{"level":30,"time":1774382621053,"pid":1603593,"hostname":"TempleOfZyminx","from":{"q":1,"r":8},"to":{"q":2,"r":17},"msg":"findPath: no valid path found"}
{"level":30,"time":1774382621053,"pid":1603593,"hostname":"TempleOfZyminx","from":{"q":1,"r":8},"to":{"q":2,"r":18},"msg":"findPath: no valid path found"}
{"level":30,"time":1774382621053,"pid":1603593,"hostname":"TempleOfZyminx","from":{"q":1,"r":8},"to":{"q":2,"r":19},"msg":"findPath: no valid path found"}
{"level":30,"time":1774382621054,"pid":1603593,"hostname":"TempleOfZyminx","from":{"q":1,"r":8},"to":{"q":2,"r":20},"msg":"findPath: no valid path found"}
{"level":30,"time":1774382621054,"pid":1603593,"hostname":"TempleOfZyminx","from":{"q":1,"r":8},"to":{"q":2,"r":21},"msg":"findPath: no valid path found"}
{"level":30,"time":1774382621054,"pid":1603593,"hostname":"TempleOfZyminx","from":{"q":1,"r":8},"to":{"q":3,"r":0},"msg":"findPath: no valid path found"}
{"level":30,"time":1774382621054,"pid":1603593,"hostname":"TempleOfZyminx","from":{"q":1,"r":8},"to":{"q":3,"r":1},"msg":"findPath: no valid path found"}
{"level":30,"time":1774382621054,"pid":1603593,"hostname":"TempleOfZyminx","from":{"q":1,"r":8},"to":{"q":3,"r":2},"msg":"findPath: no valid path found"}
{"level":30,"time":1774382621054,"pid":1603593,"hostname":"TempleOfZyminx","from":{"q":1,"r":8},"to":{"q":3,"r":3},"msg":"findPath: no valid path found"}
{"level":30,"time":1774382621054,"pid":1603593,"hostname":"TempleOfZyminx","from":{"q":1,"r":8},"to":{"q":3,"r":8},"msg":"findPath: no valid path found"}
{"level":30,"time":1774382621054,"pid":1603593,"hostname":"TempleOfZyminx","from":{"q":1,"r":8},"to":{"q":3,"r":11},"msg":"findPath: no valid path found"}
{"level":30,"time":1774382621054,"pid":1603593,"hostname":"TempleOfZyminx","from":{"q":1,"r":8},"to":{"q":3,"r":12},"msg":"findPath: no valid path found"}
{"level":30,"time":1774382621055,"pid":1603593,"hostname":"TempleOfZyminx","from":{"q":1,"r":8},"to":{"q":3,"r":13},"msg":"findPath: no valid path found"}
{"level":30,"time":1774382621055,"pid":1603593,"hostname":"TempleOfZyminx","from":{"q":1,"r":8},"to":{"q":3,"r":14},"msg":"findPath: no valid path found"}
{"level":30,"time":1774382621055,"pid":1603593,"hostname":"TempleOfZyminx","from":{"q":1,"r":8},"to":{"q":3,"r":15},"msg":"findPath: no valid path found"}
{"level":30,"time":1774382621055,"pid":1603593,"hostname":"TempleOfZyminx","from":{"q":1,"r":8},"to":{"q":3,"r":16},"msg":"findPath: no valid path found"}
{"level":30,"time":1774382621055,"pid":1603593,"hostname":"TempleOfZyminx","from":{"q":1,"r":8},"to":{"q":3,"r":17},"msg":"findPath: no valid path found"}
{"level":30,"time":1774382621055,"pid":1603593,"hostname":"TempleOfZyminx","from":{"q":1,"r":8},"to":{"q":3,"r":18},"msg":"findPath: no valid path found"}
{"level":30,"time":1774382621055,"pid":1603593,"hostname":"TempleOfZyminx","from":{"q":1,"r":8},"to":{"q":3,"r":19},"msg":"findPath: no valid path found"}
{"level":30,"time":1774382621055,"pid":1603593,"hostname":"TempleOfZyminx","from":{"q":1,"r":8},"to":{"q":3,"r":20},"msg":"findPath: no valid path found"}
{"level":30,"time":1774382621055,"pid":1603593,"hostname":"TempleOfZyminx","from":{"q":1,"r":8},"to":{"q":3,"r":21},"msg":"findPath: no valid path found"}
{"level":30,"time":1774382621055,"pid":1603593,"hostname":"TempleOfZyminx","from":{"q":1,"r":8},"to":{"q":4,"r":0},"msg":"findPath: no valid path found"}
{"level":30,"time":1774382621055,"pid":1603593,"hostname":"TempleOfZyminx","from":{"q":1,"r":8},"to":{"q":4,"r":1},"msg":"findPath: no valid path found"}
{"level":30,"time":1774382621055,"pid":1603593,"hostname":"TempleOfZyminx","from":{"q":1,"r":8},"to":{"q":4,"r":2},"msg":"findPath: no valid path found"}
{"level":30,"time":1774382621056,"pid":1603593,"hostname":"TempleOfZyminx","from":{"q":1,"r":8},"to":{"q":4,"r":3},"msg":"findPath: no valid path found"}
{"level":30,"time":1774382621056,"pid":1603593,"hostname":"TempleOfZyminx","from":{"q":1,"r":8},"to":{"q":4,"r":8},"msg":"findPath: no valid path found"}
{"level":30,"time":1774382621056,"pid":1603593,"hostname":"TempleOfZyminx","from":{"q":1,"r":8},"to":{"q":4,"r":10},"msg":"findPath: no valid path found"}
{"level":30,"time":1774382621056,"pid":1603593,"hostname":"TempleOfZyminx","from":{"q":1,"r":8},"to":{"q":4,"r":11},"msg":"findPath: no valid path found"}
{"level":30,"time":1774382621056,"pid":1603593,"hostname":"TempleOfZyminx","from":{"q":1,"r":8},"to":{"q":4,"r":12},"msg":"findPath: no valid path found"}
{"level":30,"time":1774382621056,"pid":1603593,"hostname":"TempleOfZyminx","from":{"q":1,"r":8},"to":{"q":4,"r":13},"msg":"findPath: no valid path found"}
{"level":30,"time":1774382621056,"pid":1603593,"hostname":"TempleOfZyminx","from":{"q":1,"r":8},"to":{"q":4,"r":14},"msg":"findPath: no valid path found"}
{"level":30,"time":1774382621056,"pid":1603593,"hostname":"TempleOfZyminx","from":{"q":1,"r":8},"to":{"q":4,"r":15},"msg":"findPath: no valid path found"}
{"level":30,"time":1774382621056,"pid":1603593,"hostname":"TempleOfZyminx","from":{"q":1,"r":8},"to":{"q":4,"r":16},"msg":"findPath: no valid path found"}
{"level":30,"time":1774382621057,"pid":1603593,"hostname":"TempleOfZyminx","from":{"q":1,"r":8},"to":{"q":4,"r":17},"msg":"findPath: no valid path found"}
{"level":30,"time":1774382621057,"pid":1603593,"hostname":"TempleOfZyminx","from":{"q":1,"r":8},"to":{"q":4,"r":18},"msg":"findPath: no valid path found"}
{"level":30,"time":1774382621057,"pid":1603593,"hostname":"TempleOfZyminx","from":{"q":1,"r":8},"to":{"q":4,"r":19},"msg":"findPath: no valid path found"}
{"level":30,"time":1774382621057,"pid":1603593,"hostname":"TempleOfZyminx","from":{"q":1,"r":8},"to":{"q":4,"r":20},"msg":"findPath: no valid path found"}
{"level":30,"time":1774382621057,"pid":1603593,"hostname":"TempleOfZyminx","from":{"q":1,"r":8},"to":{"q":4,"r":21},"msg":"findPath: no valid path found"}
{"level":30,"time":1774382621057,"pid":1603593,"hostname":"TempleOfZyminx","from":{"q":1,"r":8},"to":{"q":5,"r":0},"msg":"findPath: no valid path found"}
{"level":30,"time":1774382621057,"pid":1603593,"hostname":"TempleOfZyminx","from":{"q":1,"r":8},"to":{"q":5,"r":1},"msg":"findPath: no valid path found"}
{"level":30,"time":1774382621057,"pid":1603593,"hostname":"TempleOfZyminx","from":{"q":1,"r":8},"to":{"q":5,"r":2},"msg":"findPath: no valid path found"}
{"level":30,"time":1774382621057,"pid":1603593,"hostname":"TempleOfZyminx","from":{"q":1,"r":8},"to":{"q":5,"r":3},"msg":"findPath: no valid path found"}
{"level":30,"time":1774382621058,"pid":1603593,"hostname":"TempleOfZyminx","from":{"q":1,"r":8},"to":{"q":5,"r":8},"msg":"findPath: no valid path found"}
{"level":30,"time":1774382621058,"pid":1603593,"hostname":"TempleOfZyminx","from":{"q":1,"r":8},"to":{"q":5,"r":9},"msg":"findPath: no valid path found"}
{"level":30,"time":1774382621058,"pid":1603593,"hostname":"TempleOfZyminx","from":{"q":1,"r":8},"to":{"q":5,"r":10},"msg":"findPath: no valid path found"}
{"level":30,"time":1774382621058,"pid":1603593,"hostname":"TempleOfZyminx","from":{"q":1,"r":8},"to":{"q":5,"r":11},"msg":"findPath: no valid path found"}
{"level":30,"time":1774382621058,"pid":1603593,"hostname":"TempleOfZyminx","from":{"q":1,"r":8},"to":{"q":5,"r":12},"msg":"findPath: no valid path found"}
{"level":30,"time":1774382621058,"pid":1603593,"hostname":"TempleOfZyminx","from":{"q":1,"r":8},"to":{"q":5,"r":13},"msg":"findPath: no valid path found"}
{"level":30,"time":1774382621058,"pid":1603593,"hostname":"TempleOfZyminx","from":{"q":1,"r":8},"to":{"q":5,"r":14},"msg":"findPath: no valid path found"}
{"level":30,"time":1774382621058,"pid":1603593,"hostname":"TempleOfZyminx","from":{"q":1,"r":8},"to":{"q":5,"r":15},"msg":"findPath: no valid path found"}
{"level":30,"time":1774382621058,"pid":1603593,"hostname":"TempleOfZyminx","from":{"q":1,"r":8},"to":{"q":5,"r":16},"msg":"findPath: no valid path found"}
{"level":30,"time":1774382621058,"pid":1603593,"hostname":"TempleOfZyminx","from":{"q":1,"r":8},"to":{"q":5,"r":17},"msg":"findPath: no valid path found"}
{"level":30,"time":1774382621058,"pid":1603593,"hostname":"TempleOfZyminx","from":{"q":1,"r":8},"to":{"q":5,"r":18},"msg":"findPath: no valid path found"}
{"level":30,"time":1774382621058,"pid":1603593,"hostname":"TempleOfZyminx","from":{"q":1,"r":8},"to":{"q":5,"r":19},"msg":"findPath: no valid path found"}
{"level":30,"time":1774382621058,"pid":1603593,"hostname":"TempleOfZyminx","from":{"q":1,"r":8},"to":{"q":5,"r":20},"msg":"findPath: no valid path found"}
{"level":30,"time":1774382621059,"pid":1603593,"hostname":"TempleOfZyminx","from":{"q":1,"r":8},"to":{"q":5,"r":21},"msg":"findPath: no valid path found"}
{"level":30,"time":1774382621059,"pid":1603593,"hostname":"TempleOfZyminx","from":{"q":1,"r":8},"to":{"q":6,"r":0},"msg":"findPath: no valid path found"}
{"level":30,"time":1774382621059,"pid":1603593,"hostname":"TempleOfZyminx","from":{"q":1,"r":8},"to":{"q":6,"r":1},"msg":"findPath: no valid path found"}
{"level":30,"time":1774382621059,"pid":1603593,"hostname":"TempleOfZyminx","from":{"q":1,"r":8},"to":{"q":6,"r":2},"msg":"findPath: no valid path found"}
{"level":30,"time":1774382621059,"pid":1603593,"hostname":"TempleOfZyminx","from":{"q":1,"r":8},"to":{"q":6,"r":3},"msg":"findPath: no valid path found"}
{"level":30,"time":1774382621059,"pid":1603593,"hostname":"TempleOfZyminx","from":{"q":1,"r":8},"to":{"q":6,"r":5},"msg":"findPath: no valid path found"}
{"level":30,"time":1774382621059,"pid":1603593,"hostname":"TempleOfZyminx","from":{"q":1,"r":8},"to":{"q":6,"r":6},"msg":"findPath: no valid path found"}
{"level":30,"time":1774382621059,"pid":1603593,"hostname":"TempleOfZyminx","from":{"q":1,"r":8},"to":{"q":6,"r":7},"msg":"findPath: no valid path found"}
{"level":30,"time":1774382621059,"pid":1603593,"hostname":"TempleOfZyminx","from":{"q":1,"r":8},"to":{"q":6,"r":8},"msg":"findPath: no valid path found"}
{"level":30,"time":1774382621059,"pid":1603593,"hostname":"TempleOfZyminx","from":{"q":1,"r":8},"to":{"q":6,"r":9},"msg":"findPath: no valid path found"}
{"level":30,"time":1774382621059,"pid":1603593,"hostname":"TempleOfZyminx","from":{"q":1,"r":8},"to":{"q":6,"r":10},"msg":"findPath: no valid path found"}
{"level":30,"time":1774382621059,"pid":1603593,"hostname":"TempleOfZyminx","from":{"q":1,"r":8},"to":{"q":6,"r":11},"msg":"findPath: no valid path found"}
{"level":30,"time":1774382621060,"pid":1603593,"hostname":"TempleOfZyminx","from":{"q":1,"r":8},"to":{"q":6,"r":12},"msg":"findPath: no valid path found"}
{"level":30,"time":1774382621060,"pid":1603593,"hostname":"TempleOfZyminx","from":{"q":1,"r":8},"to":{"q":6,"r":13},"msg":"findPath: no valid path found"}
{"level":30,"time":1774382621060,"pid":1603593,"hostname":"TempleOfZyminx","from":{"q":1,"r":8},"to":{"q":6,"r":14},"msg":"findPath: no valid path found"}
{"level":30,"time":1774382621060,"pid":1603593,"hostname":"TempleOfZyminx","from":{"q":1,"r":8},"to":{"q":6,"r":15},"msg":"findPath: no valid path found"}
{"level":30,"time":1774382621060,"pid":1603593,"hostname":"TempleOfZyminx","from":{"q":1,"r":8},"to":{"q":6,"r":16},"msg":"findPath: no valid path found"}
{"level":30,"time":1774382621060,"pid":1603593,"hostname":"TempleOfZyminx","from":{"q":1,"r":8},"to":{"q":6,"r":17},"msg":"findPath: no valid path found"}
{"level":30,"time":1774382621060,"pid":1603593,"hostname":"TempleOfZyminx","from":{"q":1,"r":8},"to":{"q":6,"r":18},"msg":"findPath: no valid path found"}
{"level":30,"time":1774382621060,"pid":1603593,"hostname":"TempleOfZyminx","from":{"q":1,"r":8},"to":{"q":6,"r":19},"msg":"findPath: no valid path found"}
{"level":30,"time":1774382621060,"pid":1603593,"hostname":"TempleOfZyminx","from":{"q":1,"r":8},"to":{"q":6,"r":20},"msg":"findPath: no valid path found"}
{"level":30,"time":1774382621060,"pid":1603593,"hostname":"TempleOfZyminx","from":{"q":1,"r":8},"to":{"q":6,"r":21},"msg":"findPath: no valid path found"}
{"level":30,"time":1774382621060,"pid":1603593,"hostname":"TempleOfZyminx","from":{"q":1,"r":8},"to":{"q":7,"r":0},"msg":"findPath: no valid path found"}
{"level":30,"time":1774382621060,"pid":1603593,"hostname":"TempleOfZyminx","from":{"q":1,"r":8},"to":{"q":7,"r":1},"msg":"findPath: no valid path found"}
{"level":30,"time":1774382621060,"pid":1603593,"hostname":"TempleOfZyminx","from":{"q":1,"r":8},"to":{"q":7,"r":2},"msg":"findPath: no valid path found"}
{"level":30,"time":1774382621060,"pid":1603593,"hostname":"TempleOfZyminx","from":{"q":1,"r":8},"to":{"q":7,"r":4},"msg":"findPath: no valid path found"}
{"level":30,"time":1774382621061,"pid":1603593,"hostname":"TempleOfZyminx","from":{"q":1,"r":8},"to":{"q":7,"r":5},"msg":"findPath: no valid path found"}
{"level":30,"time":1774382621061,"pid":1603593,"hostname":"TempleOfZyminx","from":{"q":1,"r":8},"to":{"q":7,"r":6},"msg":"findPath: no valid path found"}
{"level":30,"time":1774382621061,"pid":1603593,"hostname":"TempleOfZyminx","from":{"q":1,"r":8},"to":{"q":7,"r":7},"msg":"findPath: no valid path found"}
{"level":30,"time":1774382621061,"pid":1603593,"hostname":"TempleOfZyminx","from":{"q":1,"r":8},"to":{"q":7,"r":8},"msg":"findPath: no valid path found"}
{"level":30,"time":1774382621061,"pid":1603593,"hostname":"TempleOfZyminx","from":{"q":1,"r":8},"to":{"q":7,"r":9},"msg":"findPath: no valid path found"}
{"level":30,"time":1774382621061,"pid":1603593,"hostname":"TempleOfZyminx","from":{"q":1,"r":8},"to":{"q":7,"r":10},"msg":"findPath: no valid path found"}
{"level":30,"time":1774382621061,"pid":1603593,"hostname":"TempleOfZyminx","from":{"q":1,"r":8},"to":{"q":7,"r":11},"msg":"findPath: no valid path found"}
{"level":30,"time":1774382621061,"pid":1603593,"hostname":"TempleOfZyminx","from":{"q":1,"r":8},"to":{"q":7,"r":12},"msg":"findPath: no valid path found"}
{"level":30,"time":1774382621061,"pid":1603593,"hostname":"TempleOfZyminx","from":{"q":1,"r":8},"to":{"q":7,"r":13},"msg":"findPath: no valid path found"}
{"level":30,"time":1774382621061,"pid":1603593,"hostname":"TempleOfZyminx","from":{"q":1,"r":8},"to":{"q":7,"r":14},"msg":"findPath: no valid path found"}
{"level":30,"time":1774382621061,"pid":1603593,"hostname":"TempleOfZyminx","from":{"q":1,"r":8},"to":{"q":7,"r":15},"msg":"findPath: no valid path found"}
{"level":30,"time":1774382621061,"pid":1603593,"hostname":"TempleOfZyminx","from":{"q":1,"r":8},"to":{"q":7,"r":16},"msg":"findPath: no valid path found"}
{"level":30,"time":1774382621062,"pid":1603593,"hostname":"TempleOfZyminx","from":{"q":1,"r":8},"to":{"q":7,"r":17},"msg":"findPath: no valid path found"}
{"level":30,"time":1774382621062,"pid":1603593,"hostname":"TempleOfZyminx","from":{"q":1,"r":8},"to":{"q":7,"r":18},"msg":"findPath: no valid path found"}
{"level":30,"time":1774382621062,"pid":1603593,"hostname":"TempleOfZyminx","from":{"q":1,"r":8},"to":{"q":7,"r":19},"msg":"findPath: no valid path found"}
{"level":30,"time":1774382621062,"pid":1603593,"hostname":"TempleOfZyminx","from":{"q":1,"r":8},"to":{"q":7,"r":20},"msg":"findPath: no valid path found"}
{"level":30,"time":1774382621062,"pid":1603593,"hostname":"TempleOfZyminx","from":{"q":1,"r":8},"to":{"q":7,"r":21},"msg":"findPath: no valid path found"}
{"level":30,"time":1774382621062,"pid":1603593,"hostname":"TempleOfZyminx","from":{"q":1,"r":8},"to":{"q":8,"r":0},"msg":"findPath: no valid path found"}
{"level":30,"time":1774382621062,"pid":1603593,"hostname":"TempleOfZyminx","from":{"q":1,"r":8},"to":{"q":8,"r":1},"msg":"findPath: no valid path found"}
{"level":30,"time":1774382621062,"pid":1603593,"hostname":"TempleOfZyminx","from":{"q":1,"r":8},"to":{"q":8,"r":2},"msg":"findPath: no valid path found"}
{"level":30,"time":1774382621062,"pid":1603593,"hostname":"TempleOfZyminx","from":{"q":1,"r":8},"to":{"q":8,"r":3},"msg":"findPath: no valid path found"}
{"level":30,"time":1774382621062,"pid":1603593,"hostname":"TempleOfZyminx","from":{"q":1,"r":8},"to":{"q":8,"r":4},"msg":"findPath: no valid path found"}
{"level":30,"time":1774382621062,"pid":1603593,"hostname":"TempleOfZyminx","from":{"q":1,"r":8},"to":{"q":8,"r":5},"msg":"findPath: no valid path found"}
{"level":30,"time":1774382621062,"pid":1603593,"hostname":"TempleOfZyminx","from":{"q":1,"r":8},"to":{"q":8,"r":6},"msg":"findPath: no valid path found"}
{"level":30,"time":1774382621063,"pid":1603593,"hostname":"TempleOfZyminx","from":{"q":1,"r":8},"to":{"q":8,"r":7},"msg":"findPath: no valid path found"}
{"level":30,"time":1774382621063,"pid":1603593,"hostname":"TempleOfZyminx","from":{"q":1,"r":8},"to":{"q":8,"r":8},"msg":"findPath: no valid path found"}
{"level":30,"time":1774382621063,"pid":1603593,"hostname":"TempleOfZyminx","from":{"q":1,"r":8},"to":{"q":8,"r":9},"msg":"findPath: no valid path found"}
{"level":30,"time":1774382621063,"pid":1603593,"hostname":"TempleOfZyminx","from":{"q":1,"r":8},"to":{"q":8,"r":10},"msg":"findPath: no valid path found"}
{"level":30,"time":1774382621063,"pid":1603593,"hostname":"TempleOfZyminx","from":{"q":1,"r":8},"to":{"q":8,"r":11},"msg":"findPath: no valid path found"}
{"level":30,"time":1774382621063,"pid":1603593,"hostname":"TempleOfZyminx","from":{"q":1,"r":8},"to":{"q":8,"r":12},"msg":"findPath: no valid path found"}
{"level":30,"time":1774382621063,"pid":1603593,"hostname":"TempleOfZyminx","from":{"q":1,"r":8},"to":{"q":8,"r":13},"msg":"findPath: no valid path found"}
{"level":30,"time":1774382621063,"pid":1603593,"hostname":"TempleOfZyminx","from":{"q":1,"r":8},"to":{"q":8,"r":14},"msg":"findPath: no valid path found"}
{"level":30,"time":1774382621063,"pid":1603593,"hostname":"TempleOfZyminx","from":{"q":1,"r":8},"to":{"q":8,"r":15},"msg":"findPath: no valid path found"}
{"level":30,"time":1774382621063,"pid":1603593,"hostname":"TempleOfZyminx","from":{"q":1,"r":8},"to":{"q":8,"r":16},"msg":"findPath: no valid path found"}
{"level":30,"time":1774382621063,"pid":1603593,"hostname":"TempleOfZyminx","from":{"q":1,"r":8},"to":{"q":8,"r":17},"msg":"findPath: no valid path found"}
{"level":30,"time":1774382621063,"pid":1603593,"hostname":"TempleOfZyminx","from":{"q":1,"r":8},"to":{"q":8,"r":18},"msg":"findPath: no valid path found"}
{"level":30,"time":1774382621063,"pid":1603593,"hostname":"TempleOfZyminx","from":{"q":1,"r":8},"to":{"q":8,"r":19},"msg":"findPath: no valid path found"}
{"level":30,"time":1774382621063,"pid":1603593,"hostname":"TempleOfZyminx","from":{"q":1,"r":8},"to":{"q":8,"r":20},"msg":"findPath: no valid path found"}
{"level":30,"time":1774382621063,"pid":1603593,"hostname":"TempleOfZyminx","from":{"q":1,"r":8},"to":{"q":8,"r":21},"msg":"findPath: no valid path found"}
{"level":30,"time":1774382621063,"pid":1603593,"hostname":"TempleOfZyminx","from":{"q":1,"r":8},"to":{"q":9,"r":0},"msg":"findPath: no valid path found"}
{"level":30,"time":1774382621063,"pid":1603593,"hostname":"TempleOfZyminx","from":{"q":1,"r":8},"to":{"q":9,"r":1},"msg":"findPath: no valid path found"}
{"level":30,"time":1774382621063,"pid":1603593,"hostname":"TempleOfZyminx","from":{"q":1,"r":8},"to":{"q":9,"r":2},"msg":"findPath: no valid path found"}
{"level":30,"time":1774382621063,"pid":1603593,"hostname":"TempleOfZyminx","from":{"q":1,"r":8},"to":{"q":9,"r":3},"msg":"findPath: no valid path found"}
{"level":30,"time":1774382621064,"pid":1603593,"hostname":"TempleOfZyminx","from":{"q":1,"r":8},"to":{"q":9,"r":4},"msg":"findPath: no valid path found"}
{"level":30,"time":1774382621064,"pid":1603593,"hostname":"TempleOfZyminx","from":{"q":1,"r":8},"to":{"q":9,"r":5},"msg":"findPath: no valid path found"}
{"level":30,"time":1774382621064,"pid":1603593,"hostname":"TempleOfZyminx","from":{"q":1,"r":8},"to":{"q":9,"r":6},"msg":"findPath: no valid path found"}
{"level":30,"time":1774382621064,"pid":1603593,"hostname":"TempleOfZyminx","from":{"q":1,"r":8},"to":{"q":9,"r":7},"msg":"findPath: no valid path found"}
{"level":30,"time":1774382621064,"pid":1603593,"hostname":"TempleOfZyminx","from":{"q":1,"r":8},"to":{"q":9,"r":8},"msg":"findPath: no valid path found"}
{"level":30,"time":1774382621064,"pid":1603593,"hostname":"TempleOfZyminx","from":{"q":1,"r":8},"to":{"q":9,"r":9},"msg":"findPath: no valid path found"}
{"level":30,"time":1774382621064,"pid":1603593,"hostname":"TempleOfZyminx","from":{"q":1,"r":8},"to":{"q":9,"r":10},"msg":"findPath: no valid path found"}
{"level":30,"time":1774382621064,"pid":1603593,"hostname":"TempleOfZyminx","from":{"q":1,"r":8},"to":{"q":9,"r":11},"msg":"findPath: no valid path found"}
{"level":30,"time":1774382621064,"pid":1603593,"hostname":"TempleOfZyminx","from":{"q":1,"r":8},"to":{"q":9,"r":12},"msg":"findPath: no valid path found"}
{"level":30,"time":1774382621064,"pid":1603593,"hostname":"TempleOfZyminx","from":{"q":1,"r":8},"to":{"q":9,"r":13},"msg":"findPath: no valid path found"}
{"level":30,"time":1774382621064,"pid":1603593,"hostname":"TempleOfZyminx","from":{"q":1,"r":8},"to":{"q":9,"r":14},"msg":"findPath: no valid path found"}
{"level":30,"time":1774382621064,"pid":1603593,"hostname":"TempleOfZyminx","from":{"q":1,"r":8},"to":{"q":9,"r":15},"msg":"findPath: no valid path found"}
{"level":30,"time":1774382621064,"pid":1603593,"hostname":"TempleOfZyminx","from":{"q":1,"r":8},"to":{"q":9,"r":16},"msg":"findPath: no valid path found"}
{"level":30,"time":1774382621064,"pid":1603593,"hostname":"TempleOfZyminx","from":{"q":1,"r":8},"to":{"q":9,"r":17},"msg":"findPath: no valid path found"}
{"level":30,"time":1774382621064,"pid":1603593,"hostname":"TempleOfZyminx","from":{"q":1,"r":8},"to":{"q":9,"r":18},"msg":"findPath: no valid path found"}
{"level":30,"time":1774382621064,"pid":1603593,"hostname":"TempleOfZyminx","from":{"q":1,"r":8},"to":{"q":9,"r":19},"msg":"findPath: no valid path found"}
{"level":30,"time":1774382621064,"pid":1603593,"hostname":"TempleOfZyminx","from":{"q":1,"r":8},"to":{"q":9,"r":20},"msg":"findPath: no valid path found"}
{"level":30,"time":1774382621065,"pid":1603593,"hostname":"TempleOfZyminx","from":{"q":1,"r":8},"to":{"q":9,"r":21},"msg":"findPath: no valid path found"}
{"level":30,"time":1774382621065,"pid":1603593,"hostname":"TempleOfZyminx","from":{"q":1,"r":8},"to":{"q":10,"r":0},"msg":"findPath: no valid path found"}
{"level":30,"time":1774382621065,"pid":1603593,"hostname":"TempleOfZyminx","from":{"q":1,"r":8},"to":{"q":10,"r":1},"msg":"findPath: no valid path found"}
{"level":30,"time":1774382621065,"pid":1603593,"hostname":"TempleOfZyminx","from":{"q":1,"r":8},"to":{"q":10,"r":2},"msg":"findPath: no valid path found"}
{"level":30,"time":1774382621065,"pid":1603593,"hostname":"TempleOfZyminx","from":{"q":1,"r":8},"to":{"q":10,"r":3},"msg":"findPath: no valid path found"}
{"level":30,"time":1774382621065,"pid":1603593,"hostname":"TempleOfZyminx","from":{"q":1,"r":8},"to":{"q":10,"r":4},"msg":"findPath: no valid path found"}
{"level":30,"time":1774382621065,"pid":1603593,"hostname":"TempleOfZyminx","from":{"q":1,"r":8},"to":{"q":10,"r":5},"msg":"findPath: no valid path found"}
{"level":30,"time":1774382621065,"pid":1603593,"hostname":"TempleOfZyminx","from":{"q":1,"r":8},"to":{"q":10,"r":6},"msg":"findPath: no valid path found"}
{"level":30,"time":1774382621065,"pid":1603593,"hostname":"TempleOfZyminx","from":{"q":1,"r":8},"to":{"q":10,"r":7},"msg":"findPath: no valid path found"}
{"level":30,"time":1774382621065,"pid":1603593,"hostname":"TempleOfZyminx","from":{"q":1,"r":8},"to":{"q":10,"r":8},"msg":"findPath: no valid path found"}
{"level":30,"time":1774382621065,"pid":1603593,"hostname":"TempleOfZyminx","from":{"q":1,"r":8},"to":{"q":10,"r":9},"msg":"findPath: no valid path found"}
{"level":30,"time":1774382621065,"pid":1603593,"hostname":"TempleOfZyminx","from":{"q":1,"r":8},"to":{"q":10,"r":10},"msg":"findPath: no valid path found"}
{"level":30,"time":1774382621066,"pid":1603593,"hostname":"TempleOfZyminx","from":{"q":1,"r":8},"to":{"q":10,"r":11},"msg":"findPath: no valid path found"}
{"level":30,"time":1774382621066,"pid":1603593,"hostname":"TempleOfZyminx","from":{"q":1,"r":8},"to":{"q":10,"r":12},"msg":"findPath: no valid path found"}
{"level":30,"time":1774382621066,"pid":1603593,"hostname":"TempleOfZyminx","from":{"q":1,"r":8},"to":{"q":10,"r":13},"msg":"findPath: no valid path found"}
{"level":30,"time":1774382621066,"pid":1603593,"hostname":"TempleOfZyminx","from":{"q":1,"r":8},"to":{"q":10,"r":14},"msg":"findPath: no valid path found"}
{"level":30,"time":1774382621066,"pid":1603593,"hostname":"TempleOfZyminx","from":{"q":1,"r":8},"to":{"q":10,"r":15},"msg":"findPath: no valid path found"}
{"level":30,"time":1774382621066,"pid":1603593,"hostname":"TempleOfZyminx","from":{"q":1,"r":8},"to":{"q":10,"r":16},"msg":"findPath: no valid path found"}
{"level":30,"time":1774382621066,"pid":1603593,"hostname":"TempleOfZyminx","from":{"q":1,"r":8},"to":{"q":10,"r":17},"msg":"findPath: no valid path found"}
{"level":30,"time":1774382621066,"pid":1603593,"hostname":"TempleOfZyminx","from":{"q":1,"r":8},"to":{"q":10,"r":18},"msg":"findPath: no valid path found"}
{"level":30,"time":1774382621066,"pid":1603593,"hostname":"TempleOfZyminx","from":{"q":1,"r":8},"to":{"q":10,"r":19},"msg":"findPath: no valid path found"}
{"level":30,"time":1774382621066,"pid":1603593,"hostname":"TempleOfZyminx","from":{"q":1,"r":8},"to":{"q":10,"r":20},"msg":"findPath: no valid path found"}
{"level":30,"time":1774382621066,"pid":1603593,"hostname":"TempleOfZyminx","from":{"q":1,"r":8},"to":{"q":10,"r":21},"msg":"findPath: no valid path found"}
{"level":30,"time":1774382621067,"pid":1603593,"hostname":"TempleOfZyminx","from":{"q":1,"r":8},"to":{"q":11,"r":0},"msg":"findPath: no valid path found"}
{"level":30,"time":1774382621067,"pid":1603593,"hostname":"TempleOfZyminx","from":{"q":1,"r":8},"to":{"q":11,"r":1},"msg":"findPath: no valid path found"}
{"level":30,"time":1774382621067,"pid":1603593,"hostname":"TempleOfZyminx","from":{"q":1,"r":8},"to":{"q":11,"r":2},"msg":"findPath: no valid path found"}
{"level":30,"time":1774382621067,"pid":1603593,"hostname":"TempleOfZyminx","from":{"q":1,"r":8},"to":{"q":11,"r":3},"msg":"findPath: no valid path found"}
{"level":30,"time":1774382621067,"pid":1603593,"hostname":"TempleOfZyminx","from":{"q":1,"r":8},"to":{"q":11,"r":4},"msg":"findPath: no valid path found"}
{"level":30,"time":1774382621067,"pid":1603593,"hostname":"TempleOfZyminx","from":{"q":1,"r":8},"to":{"q":11,"r":5},"msg":"findPath: no valid path found"}
{"level":30,"time":1774382621067,"pid":1603593,"hostname":"TempleOfZyminx","from":{"q":1,"r":8},"to":{"q":11,"r":6},"msg":"findPath: no valid path found"}
{"level":30,"time":1774382621067,"pid":1603593,"hostname":"TempleOfZyminx","from":{"q":1,"r":8},"to":{"q":11,"r":7},"msg":"findPath: no valid path found"}
{"level":30,"time":1774382621067,"pid":1603593,"hostname":"TempleOfZyminx","from":{"q":1,"r":8},"to":{"q":11,"r":8},"msg":"findPath: no valid path found"}
{"level":30,"time":1774382621067,"pid":1603593,"hostname":"TempleOfZyminx","from":{"q":1,"r":8},"to":{"q":11,"r":9},"msg":"findPath: no valid path found"}
{"level":30,"time":1774382621067,"pid":1603593,"hostname":"TempleOfZyminx","from":{"q":1,"r":8},"to":{"q":11,"r":10},"msg":"findPath: no valid path found"}
{"level":30,"time":1774382621067,"pid":1603593,"hostname":"TempleOfZyminx","from":{"q":1,"r":8},"to":{"q":11,"r":11},"msg":"findPath: no valid path found"}
{"level":30,"time":1774382621068,"pid":1603593,"hostname":"TempleOfZyminx","from":{"q":1,"r":8},"to":{"q":11,"r":12},"msg":"findPath: no valid path found"}
{"level":30,"time":1774382621068,"pid":1603593,"hostname":"TempleOfZyminx","from":{"q":1,"r":8},"to":{"q":11,"r":13},"msg":"findPath: no valid path found"}
{"level":30,"time":1774382621068,"pid":1603593,"hostname":"TempleOfZyminx","from":{"q":1,"r":8},"to":{"q":11,"r":14},"msg":"findPath: no valid path found"}
{"level":30,"time":1774382621068,"pid":1603593,"hostname":"TempleOfZyminx","from":{"q":1,"r":8},"to":{"q":11,"r":15},"msg":"findPath: no valid path found"}
{"level":30,"time":1774382621068,"pid":1603593,"hostname":"TempleOfZyminx","from":{"q":1,"r":8},"to":{"q":11,"r":16},"msg":"findPath: no valid path found"}
{"level":30,"time":1774382621068,"pid":1603593,"hostname":"TempleOfZyminx","from":{"q":1,"r":8},"to":{"q":11,"r":17},"msg":"findPath: no valid path found"}
{"level":30,"time":1774382621068,"pid":1603593,"hostname":"TempleOfZyminx","from":{"q":1,"r":8},"to":{"q":11,"r":18},"msg":"findPath: no valid path found"}
{"level":30,"time":1774382621068,"pid":1603593,"hostname":"TempleOfZyminx","from":{"q":1,"r":8},"to":{"q":11,"r":19},"msg":"findPath: no valid path found"}
{"level":30,"time":1774382621068,"pid":1603593,"hostname":"TempleOfZyminx","from":{"q":1,"r":8},"to":{"q":11,"r":20},"msg":"findPath: no valid path found"}
{"level":30,"time":1774382621068,"pid":1603593,"hostname":"TempleOfZyminx","from":{"q":1,"r":8},"to":{"q":11,"r":21},"msg":"findPath: no valid path found"}
{"level":30,"time":1774382621068,"pid":1603593,"hostname":"TempleOfZyminx","from":{"q":1,"r":8},"to":{"q":12,"r":0},"msg":"findPath: no valid path found"}
{"level":30,"time":1774382621068,"pid":1603593,"hostname":"TempleOfZyminx","from":{"q":1,"r":8},"to":{"q":12,"r":1},"msg":"findPath: no valid path found"}
{"level":30,"time":1774382621069,"pid":1603593,"hostname":"TempleOfZyminx","from":{"q":1,"r":8},"to":{"q":12,"r":2},"msg":"findPath: no valid path found"}
{"level":30,"time":1774382621069,"pid":1603593,"hostname":"TempleOfZyminx","from":{"q":1,"r":8},"to":{"q":12,"r":3},"msg":"findPath: no valid path found"}
{"level":30,"time":1774382621069,"pid":1603593,"hostname":"TempleOfZyminx","from":{"q":1,"r":8},"to":{"q":12,"r":4},"msg":"findPath: no valid path found"}
{"level":30,"time":1774382621069,"pid":1603593,"hostname":"TempleOfZyminx","from":{"q":1,"r":8},"to":{"q":12,"r":5},"msg":"findPath: no valid path found"}
{"level":30,"time":1774382621069,"pid":1603593,"hostname":"TempleOfZyminx","from":{"q":1,"r":8},"to":{"q":12,"r":6},"msg":"findPath: no valid path found"}
{"level":30,"time":1774382621069,"pid":1603593,"hostname":"TempleOfZyminx","from":{"q":1,"r":8},"to":{"q":12,"r":7},"msg":"findPath: no valid path found"}
{"level":30,"time":1774382621069,"pid":1603593,"hostname":"TempleOfZyminx","from":{"q":1,"r":8},"to":{"q":12,"r":8},"msg":"findPath: no valid path found"}
{"level":30,"time":1774382621069,"pid":1603593,"hostname":"TempleOfZyminx","from":{"q":1,"r":8},"to":{"q":12,"r":9},"msg":"findPath: no valid path found"}
{"level":30,"time":1774382621069,"pid":1603593,"hostname":"TempleOfZyminx","from":{"q":1,"r":8},"to":{"q":12,"r":10},"msg":"findPath: no valid path found"}
{"level":30,"time":1774382621070,"pid":1603593,"hostname":"TempleOfZyminx","from":{"q":1,"r":8},"to":{"q":12,"r":11},"msg":"findPath: no valid path found"}
{"level":30,"time":1774382621070,"pid":1603593,"hostname":"TempleOfZyminx","from":{"q":1,"r":8},"to":{"q":12,"r":12},"msg":"findPath: no valid path found"}
{"level":30,"time":1774382621070,"pid":1603593,"hostname":"TempleOfZyminx","from":{"q":1,"r":8},"to":{"q":12,"r":13},"msg":"findPath: no valid path found"}
{"level":30,"time":1774382621070,"pid":1603593,"hostname":"TempleOfZyminx","from":{"q":1,"r":8},"to":{"q":12,"r":14},"msg":"findPath: no valid path found"}
{"level":30,"time":1774382621070,"pid":1603593,"hostname":"TempleOfZyminx","from":{"q":1,"r":8},"to":{"q":12,"r":15},"msg":"findPath: no valid path found"}
{"level":30,"time":1774382621070,"pid":1603593,"hostname":"TempleOfZyminx","from":{"q":1,"r":8},"to":{"q":12,"r":16},"msg":"findPath: no valid path found"}
{"level":30,"time":1774382621070,"pid":1603593,"hostname":"TempleOfZyminx","from":{"q":1,"r":8},"to":{"q":12,"r":17},"msg":"findPath: no valid path found"}
{"level":30,"time":1774382621071,"pid":1603593,"hostname":"TempleOfZyminx","from":{"q":1,"r":8},"to":{"q":12,"r":18},"msg":"findPath: no valid path found"}
{"level":30,"time":1774382621071,"pid":1603593,"hostname":"TempleOfZyminx","from":{"q":1,"r":8},"to":{"q":12,"r":19},"msg":"findPath: no valid path found"}
{"level":30,"time":1774382621071,"pid":1603593,"hostname":"TempleOfZyminx","from":{"q":1,"r":8},"to":{"q":12,"r":20},"msg":"findPath: no valid path found"}
{"level":30,"time":1774382621071,"pid":1603593,"hostname":"TempleOfZyminx","from":{"q":1,"r":8},"to":{"q":12,"r":21},"msg":"findPath: no valid path found"}
{"level":30,"time":1774382621071,"pid":1603593,"hostname":"TempleOfZyminx","from":{"q":1,"r":8},"to":{"q":13,"r":0},"msg":"findPath: no valid path found"}
{"level":30,"time":1774382621071,"pid":1603593,"hostname":"TempleOfZyminx","from":{"q":1,"r":8},"to":{"q":13,"r":1},"msg":"findPath: no valid path found"}
{"level":30,"time":1774382621071,"pid":1603593,"hostname":"TempleOfZyminx","from":{"q":1,"r":8},"to":{"q":13,"r":2},"msg":"findPath: no valid path found"}
{"level":30,"time":1774382621071,"pid":1603593,"hostname":"TempleOfZyminx","from":{"q":1,"r":8},"to":{"q":13,"r":3},"msg":"findPath: no valid path found"}
{"level":30,"time":1774382621071,"pid":1603593,"hostname":"TempleOfZyminx","from":{"q":1,"r":8},"to":{"q":13,"r":4},"msg":"findPath: no valid path found"}
{"level":30,"time":1774382621071,"pid":1603593,"hostname":"TempleOfZyminx","from":{"q":1,"r":8},"to":{"q":13,"r":5},"msg":"findPath: no valid path found"}
{"level":30,"time":1774382621071,"pid":1603593,"hostname":"TempleOfZyminx","from":{"q":1,"r":8},"to":{"q":13,"r":6},"msg":"findPath: no valid path found"}
{"level":30,"time":1774382621072,"pid":1603593,"hostname":"TempleOfZyminx","from":{"q":1,"r":8},"to":{"q":13,"r":7},"msg":"findPath: no valid path found"}
{"level":30,"time":1774382621072,"pid":1603593,"hostname":"TempleOfZyminx","from":{"q":1,"r":8},"to":{"q":13,"r":8},"msg":"findPath: no valid path found"}
{"level":30,"time":1774382621072,"pid":1603593,"hostname":"TempleOfZyminx","from":{"q":1,"r":8},"to":{"q":13,"r":9},"msg":"findPath: no valid path found"}
{"level":30,"time":1774382621072,"pid":1603593,"hostname":"TempleOfZyminx","from":{"q":1,"r":8},"to":{"q":13,"r":10},"msg":"findPath: no valid path found"}
{"level":30,"time":1774382621072,"pid":1603593,"hostname":"TempleOfZyminx","from":{"q":1,"r":8},"to":{"q":13,"r":11},"msg":"findPath: no valid path found"}
{"level":30,"time":1774382621072,"pid":1603593,"hostname":"TempleOfZyminx","from":{"q":1,"r":8},"to":{"q":13,"r":12},"msg":"findPath: no valid path found"}
{"level":30,"time":1774382621072,"pid":1603593,"hostname":"TempleOfZyminx","from":{"q":1,"r":8},"to":{"q":13,"r":13},"msg":"findPath: no valid path found"}
{"level":30,"time":1774382621072,"pid":1603593,"hostname":"TempleOfZyminx","from":{"q":1,"r":8},"to":{"q":13,"r":14},"msg":"findPath: no valid path found"}
{"level":30,"time":1774382621072,"pid":1603593,"hostname":"TempleOfZyminx","from":{"q":1,"r":8},"to":{"q":13,"r":15},"msg":"findPath: no valid path found"}
{"level":30,"time":1774382621072,"pid":1603593,"hostname":"TempleOfZyminx","from":{"q":1,"r":8},"to":{"q":13,"r":16},"msg":"findPath: no valid path found"}
{"level":30,"time":1774382621072,"pid":1603593,"hostname":"TempleOfZyminx","from":{"q":1,"r":8},"to":{"q":13,"r":17},"msg":"findPath: no valid path found"}
{"level":30,"time":1774382621072,"pid":1603593,"hostname":"TempleOfZyminx","from":{"q":1,"r":8},"to":{"q":13,"r":18},"msg":"findPath: no valid path found"}
{"level":30,"time":1774382621072,"pid":1603593,"hostname":"TempleOfZyminx","from":{"q":1,"r":8},"to":{"q":13,"r":19},"msg":"findPath: no valid path found"}
{"level":30,"time":1774382621073,"pid":1603593,"hostname":"TempleOfZyminx","from":{"q":1,"r":8},"to":{"q":13,"r":20},"msg":"findPath: no valid path found"}
{"level":30,"time":1774382621073,"pid":1603593,"hostname":"TempleOfZyminx","from":{"q":1,"r":8},"to":{"q":13,"r":21},"msg":"findPath: no valid path found"}
{"level":30,"time":1774382621073,"pid":1603593,"hostname":"TempleOfZyminx","from":{"q":1,"r":8},"to":{"q":14,"r":0},"msg":"findPath: no valid path found"}
{"level":30,"time":1774382621073,"pid":1603593,"hostname":"TempleOfZyminx","from":{"q":1,"r":8},"to":{"q":14,"r":1},"msg":"findPath: no valid path found"}
{"level":30,"time":1774382621073,"pid":1603593,"hostname":"TempleOfZyminx","from":{"q":1,"r":8},"to":{"q":14,"r":2},"msg":"findPath: no valid path found"}
{"level":30,"time":1774382621073,"pid":1603593,"hostname":"TempleOfZyminx","from":{"q":1,"r":8},"to":{"q":14,"r":3},"msg":"findPath: no valid path found"}
{"level":30,"time":1774382621073,"pid":1603593,"hostname":"TempleOfZyminx","from":{"q":1,"r":8},"to":{"q":14,"r":4},"msg":"findPath: no valid path found"}
{"level":30,"time":1774382621073,"pid":1603593,"hostname":"TempleOfZyminx","from":{"q":1,"r":8},"to":{"q":14,"r":5},"msg":"findPath: no valid path found"}
{"level":30,"time":1774382621073,"pid":1603593,"hostname":"TempleOfZyminx","from":{"q":1,"r":8},"to":{"q":14,"r":6},"msg":"findPath: no valid path found"}
{"level":30,"time":1774382621073,"pid":1603593,"hostname":"TempleOfZyminx","from":{"q":1,"r":8},"to":{"q":14,"r":7},"msg":"findPath: no valid path found"}
{"level":30,"time":1774382621073,"pid":1603593,"hostname":"TempleOfZyminx","from":{"q":1,"r":8},"to":{"q":14,"r":8},"msg":"findPath: no valid path found"}
{"level":30,"time":1774382621073,"pid":1603593,"hostname":"TempleOfZyminx","from":{"q":1,"r":8},"to":{"q":14,"r":9},"msg":"findPath: no valid path found"}
{"level":30,"time":1774382621074,"pid":1603593,"hostname":"TempleOfZyminx","from":{"q":1,"r":8},"to":{"q":14,"r":10},"msg":"findPath: no valid path found"}
{"level":30,"time":1774382621074,"pid":1603593,"hostname":"TempleOfZyminx","from":{"q":1,"r":8},"to":{"q":14,"r":11},"msg":"findPath: no valid path found"}
{"level":30,"time":1774382621074,"pid":1603593,"hostname":"TempleOfZyminx","from":{"q":1,"r":8},"to":{"q":14,"r":12},"msg":"findPath: no valid path found"}
{"level":30,"time":1774382621074,"pid":1603593,"hostname":"TempleOfZyminx","from":{"q":1,"r":8},"to":{"q":14,"r":13},"msg":"findPath: no valid path found"}
{"level":30,"time":1774382621074,"pid":1603593,"hostname":"TempleOfZyminx","from":{"q":1,"r":8},"to":{"q":14,"r":14},"msg":"findPath: no valid path found"}
{"level":30,"time":1774382621074,"pid":1603593,"hostname":"TempleOfZyminx","from":{"q":1,"r":8},"to":{"q":14,"r":15},"msg":"findPath: no valid path found"}
{"level":30,"time":1774382621074,"pid":1603593,"hostname":"TempleOfZyminx","from":{"q":1,"r":8},"to":{"q":14,"r":16},"msg":"findPath: no valid path found"}
{"level":30,"time":1774382621074,"pid":1603593,"hostname":"TempleOfZyminx","from":{"q":1,"r":8},"to":{"q":14,"r":17},"msg":"findPath: no valid path found"}
{"level":30,"time":1774382621074,"pid":1603593,"hostname":"TempleOfZyminx","from":{"q":1,"r":8},"to":{"q":14,"r":18},"msg":"findPath: no valid path found"}
{"level":30,"time":1774382621074,"pid":1603593,"hostname":"TempleOfZyminx","from":{"q":1,"r":8},"to":{"q":14,"r":19},"msg":"findPath: no valid path found"}
{"level":30,"time":1774382621074,"pid":1603593,"hostname":"TempleOfZyminx","from":{"q":1,"r":8},"to":{"q":14,"r":20},"msg":"findPath: no valid path found"}
{"level":30,"time":1774382621075,"pid":1603593,"hostname":"TempleOfZyminx","from":{"q":1,"r":8},"to":{"q":14,"r":21},"msg":"findPath: no valid path found"}
{"level":30,"time":1774382621075,"pid":1603593,"hostname":"TempleOfZyminx","id":"5a0b0710-4b16-4941-91e6-ae9a2c92bfc5","command":"MOVE","msg":"Submitting game action"}
{"level":30,"time":1774382621075,"pid":1603593,"hostname":"TempleOfZyminx","gameId":"5a0b0710-4b16-4941-91e6-ae9a2c92bfc5","unitId":"wolf-1","msg":"Processing MOVE command"}
{"level":30,"time":1774382621077,"pid":1603593,"hostname":"TempleOfZyminx","id":"5a0b0710-4b16-4941-91e6-ae9a2c92bfc5","msg":"Fetching game state"}
{"level":30,"time":1774382621078,"pid":1603593,"hostname":"TempleOfZyminx","id":"5a0b0710-4b16-4941-91e6-ae9a2c92bfc5","command":"END_PHASE","msg":"Submitting game action"}
{"level":30,"time":1774382621078,"pid":1603593,"hostname":"TempleOfZyminx","gameId":"5a0b0710-4b16-4941-91e6-ae9a2c92bfc5","phase":"GEV_SECOND_MOVE","msg":"Advancing phase"}
{"level":30,"time":1774382621078,"pid":1603593,"hostname":"TempleOfZyminx","phase":"GEV_SECOND_MOVE","turnNumber":4,"msg":"Advancing phase in engine"}
{"level":30,"time":1774382621079,"pid":1603593,"hostname":"TempleOfZyminx","id":"5a0b0710-4b16-4941-91e6-ae9a2c92bfc5","msg":"Fetching game state"}
{"level":30,"time":1774382621079,"pid":1603593,"hostname":"TempleOfZyminx","id":"5a0b0710-4b16-4941-91e6-ae9a2c92bfc5","msg":"Fetching game state"}
{"level":30,"time":1774382621080,"pid":1603593,"hostname":"TempleOfZyminx","id":"5a0b0710-4b16-4941-91e6-ae9a2c92bfc5","msg":"Fetching game state"}
{"level":30,"time":1774382621080,"pid":1603593,"hostname":"TempleOfZyminx","id":"5a0b0710-4b16-4941-91e6-ae9a2c92bfc5","msg":"Fetching game state"}
{"level":30,"time":1774382621081,"pid":1604421,"hostname":"TempleOfZyminx","scenarioId":"xxxxxxxxxxxxxxxxxxxxxxxxxxxxxxxxxxxxxxxxxxxxxxxxxxxxxxxxxxxxxxxxxxxxxxxxxxxxxxxxxxxxxxxxxxxxxxxxxxxxxxxxxxxxxxxxxxxxxxxxxxxxxxxxxxxxxxxxxxxxxxxxxxxxxxxxxxxxxxxxxxxxxxxxxxxxxxxxxxxxxxxxxxxxxxxxxxxxxxxxxxxxxxxxxxxxxxxxxxxxxxxxxxxxxxxxxxxxxxxxxxxxxxxxxxxxxxxxxxxxxxxxxxxxxxxxxxxxxxxxxxxxxxxxxxxxxxxxxxxxxxxxxxxxxxxxxxxxxxxxxxxxxxxxxxxxxxxxxxxxxxxxxxxxxxxxxxxxxxxxxxxxxxxxxxxxxxxxxxxxxxxxxxxxxxxxxxxxxxxxxxxxxxxxxxxxxxxxxxxxxxxxxxxxxxxxxxxxxxxxxxxxxxxxxxxxxxxxxxxxxxxxxxxxxxxxxxxxxxxxxxxxxxxxxxxxxxxxxxxxxxxxxxxxxxxxxxxxxxxxxxxxxxxxxxxxxxxxxxxxxxxxxxxxxxxxxxxxxxxxxxxxxxxxxxxxxxxxxxxxxxxxxxxxxxxxxxxxxxxxxxxxxxxxxxxxxxxxxxxxxxxxxxxxxxxxxxxxxxxxxxxxxxxxxxxxxxxxxxxxxxxxxxxxxxxxxxxxxxxxxxxxxxxxxxxxxxxxxxxxxxxxxxxxxxxxxxxxxxxxxxxxxxxxxxxxxxxxxxxxxxxxxxxxxxxxxxxxxxxxxxxxxxxxxxxxxxxxxxxxxxxxxxxxxxxxxxxxxxxxxxxxxxxxxxxxxxxxxxxxxxxxxxxxxxxxxxxxxxxxxxxxxxxxxxxxxxxxxxxxxxxxxxxxxxxxxxxxxxxxxxxxxxxxxxxxxxxxxxxxxxxxxxxxxxxxxxxxxxxxxxxxxxxxxxxxxxxxxxxxxxxxxxxxxxxxxxxxxxxxxxxxxxxxxxxxxxxxxxxxxxxxxxxxxxxxxxxxxxxxxxxxxxxxxxxxxxxxxxxxxxxxxxxxxxxxxxxxxxxxxxxxxxxxxxxxxxxxxxxxxxxxxxxxxxxxxxxxxxxxxxxxxxxxxxxxxxxxxxxxxxxxxxxxxxxxxxxxxxxxxxxxxxxxxxxxxxxxxxxxxxxxxxxxxxxxxxxxxxxxxxxxxxxxxxxxxxxxxxxxxxxxxxxxxxxxxxxxxxxxxxxxxxxxxxxxxxxxxxxxxxxxxxxxxxxxxxxxxxxxxxxxxxxxxxxxxxxxxxxxxxxxxxxxxxxxxxxxxxxxxxxxxxxxxxxxxxxxxxxxxxxxxxxxxxxxxxxxxxxxxxxxxxxxxxxxxxxxxxxxxxxxxxxxxxxxxxxxxxxxxxxxxxxxxxxxxxxxxxxxxxxxxxxxxxxxxxxxxxxxxxxxxxxxxxxxxxxxxxxxxxxxxxxxxxxxxxxxxxxxxxxxxxxxxxxxxxxxxxxxxxxxxxxxxxxxxxxxxxxxxxxxxxxxxxxxxxxxxxxxxxxxxxxxxxxxxxxxxxxxxxxxxxxxxxxxxxxxxxxxxxxxxxxxxxxxxxxxxxxxxxxxxxxxxxxxxxxxxxxxxxxxxxxxxxxxxxxxxxxxxxxxxxxxxxxxxxxxxxxxxxxxxxxxxxxxxxxxxxxxxxxxxxxxxxxxxxxxxxxxxxxxxxxxxxxxxxxxxxxxxxxxxxxxxxxxxxxxxxxxxxxxxxxxxxxxxxxxxxxxxxxxxxxxxxxxxxxxxxxxxxxxxxxxxxxxxxxxxxxxxxxxxxxxxxxxxxxxxxxxxxxxxxxxxxxxxxxxxxxxxxxxxxxxxxxxxxxxxxxxxxxxxxxxxxxxxxxxxxxxxxxxxxxxxxxxxxxxxxxxxxxxxxxxxxxxxxxxxxxxxxxxxxxxxxxxxxxxxxxxxxxxxxxxxxxxxxxxxxxxxxxxxxxxxxxxxxxxxxxxxxxxxxxxxxxxxxxxxxxxxxxxxxxxxxxxxxxxxxxxxxxxxxxxxxxxxxxxxxxxxxxxxxxxxxxxxxxxxxxxxxxxxxxxxxxxxxxxxxxxxxxxxxxxxxxxxxxxxxxxxxxxxxxxxxxxxxxxxxxxxxxxxxxxxxxxxxxxxxxxxxxxxxxxxxxxxxxxxxxxxxxxxxxxxxxxxxxxxxxxxxxxxxxxxxxxxxxxxxxxxxxxxxxxxxxxxxxxxxxxxxxxxxxxxxxxxxxxxxxxxxxxxxxxxxxxxxxxxxxxxxxxxxxxxxxxxxxxxxxxxxxxxxxxxxxxxxxxxxxxxxxxxxxxxxxxxxxxxxxxxxxxxxxxxxxxxxxxxxxxxxxxxxxxxxxxxxxxxxxxxxxxxxxxxxxxxxxxxxxxxxxxxxxxxxxxxxxxxxxxxxxxxxxxxxxxxxxxxxxxxxxxxxxxxxxxxxxxxxxxxxxxxxxxxxxxxxxxxxxxxxxxxxxxxxxxxxxxxxxxxxxxxxxxxxxxxxxxxxxxxxxxxxxxxxxxxxxxxxxxxxxxxxxxxxxxxxxxxxxxxxxxxxxxxxxxxxxxxxxxxxxxxxxxxxxxxxxxxxxxxxxxxxxxxxxxxxxxxxxxxxxxxxxxxxxxxxxxxxxxxxxxxxxxxxxxxxxxxxxxxxxxxxxxxxxxxxxxxxxxxxxxxxxxxxxxxxxxxxxxxxxxxxxxxxxxxxxxxxxxxxxxxxxxxxxxxxxxxxxxxxxxxxxxxxxxxxxxxxxxxxxxxxxxxxxxxxxxxxxxxxxxxxxxxxxxxxxxxxxxxxxxxxxxxxxxxxxxxxxxxxxxxxxxxxxxxxxxxxxxxxxxxxxxxxxxxxxxxxxxxxxxxxxxxxxxxxxxxxxxxxxxxxxxxxxxxxxxxxxxxxxxxxxxxxxxxxxxxxxxxxxxxxxxxxxxxxxxxxxxxxxxxxxxxxxxxxxxxxxxxxxxxxxxxxxxxxxxxxxxxxxxxxxxxxxxxxxxxxxxxxxxxxxxxxxxxxxxxxxxxxxxxxxxxxxxxxxxxxxxxxxxxxxxxxxxxxxxxxxxxxxxxxxxxxxxxxxxxxxxxxxxxxxxxxxxxxxxxxxxxxxxxxxxxxxxxxxxxxxxxxxxxxxxxxxxxxxxxxxxxxxxxxxxxxxxxxxxxxxxxxxxxxxxxxxxxxxxxxxxxxxxxxxxxxxxxxxxxxxxxxxxxxxxxxxxxxxxxxxxxxxxxxxxxxxxxxxxxxxxxxxxxxxxxxxxxxxxxxxxxxxxxxxxxxxxxxxxxxxxxxxxxxxxxxxxxxxxxxxxxxxxxxxxxxxxxxxxxxxxxxxxxxxxxxxxxxxxxxxxxxxxxxxxxxxxxxxxxxxxxxxxxxxxxxxxxxxxxxxxxxxxxxxxxxxxxxxxxxxxxxxxxxxxxxxxxxxxxxxxxxxxxxxxxxxxxxxxxxxxxxxxxxxxxxxxxxxxxxxxxxxxxxxxxxxxxxxxxxxxxxxxxxxxxxxxxxxxxxxxxxxxxxxxxxxxxxxxxxxxxxxxxxxxxxxxxxxxxxxxxxxxxxxxxxxxxxxxxxxxxxxxxxxxxxxxxxxxxxxxxxxxxxxxxxxxxxxxxxxxxxxxxxxxxxxxxxxxxxxxxxxxxxxxxxxxxxxxxxxxxxxxxxxxxxxxxxxxxxxxxxxxxxxxxxxxxxxxxxxxxxxxxxxxxxxxxxxxxxxxxxxxxxxxxxxxxxxxxxxxxxxxxxxxxxxxxxxxxxxxxxxxxxxxxxxxxxxxxxxxxxxxxxxxxxxxxxxxxxxxxxxxxxxxxxxxxxxxxxxxxxxxxxxxxxxxxxxxxxxxxxxxxxxxxxxxxxxxxxxxxxxxxxxxxxxxxxxxxxxxxxxxxxxxxxxxxxxxxxxxxxxxxxxxxxxxxxxxxxxxxxxxxxxxxxxxxxxxxxxxxxxxxxxxxxxxxxxxxxxxxxxxxxxxxxxxxxxxxxxxxxxxxxxxxxxxxxxxxxxxxxxxxxxxxxxxxxxxxxxxxxxxxxxxxxxxxxxxxxxxxxxxxxxxxxxxxxxxxxxxxxxxxxxxxxxxxxxxxxxxxxxxxxxxxxxxxxxxxxxxxxxxxxxxxxxxxxxxxxxxxxxxxxxxxxxxxxxxxxxxxxxxxxxxxxxxxxxxxxxxxxxxxxxxxxxxxxxxxxxxxxxxxxxxxxxxxxxxxxxxxxxxxxxxxxxxxxxxxxxxxxxxxxxxxxxxxxxxxxxxxxxxxxxxxxxxxxxxxxxxxxxxxxxxxxxxxxxxxxxxxxxxxxxxxxxxxxxxxxxxxxxxxxxxxxxxxxxxxxxxxxxxxxxxxxxxxxxxxxxxxxxxxxxxxxxxxxxxxxxxxxxxxxxxxxxxxxxxxxxxxxxxxxxxxxxxxxxxxxxxxxxxxxxxxxxxxxxxxxxxxxxxxxxxxxxxxxxxxxxxxxxxxxxxxxxxxxxxxxxxxxxxxxxxxxxxxxxxxxxxxxxxxxxxxxxxxxxxxxxxxxxxxxxxxxxxxxxxxxxxxxxxxxxxxxxxxxxxxxxxxxxxxxxxxxxxxxxxxxxxxxxxxxxxxxxxxxxxxxxxxxxxxxxxxxxxxxxxxxxxxxxxxxxxxxxxxxxxxxxxxxxxxxxxxxxxxxxxxxxxxxxxxxxxxxxxxxxxxxxxxxxxxxxxxxxxxxxxxxxxxxxxxxxxxxxxxxxxxxxxxxxxxxxxxxxxxxxxxxxxxxxxxxxxxxxxxxxxxxxxxxxxxxxxxxxxxxxxxxxxxxxxxxxxxxxxxxxxxxxxxxxxxxxxxxxxxxxxxxxxxxxxxxxxxxxxxxxxxxxxxxxxxxxxxxxxxxxxxxxxxxxxxxxxxxxxxxxxxxxxxxxxxxxxxxxxxxxxxxxxxxxxxxxxxxxxxxxxxxxxxxxxxxxxxxxxxxxxxxxxxxxxxxxxxxxxxxxxxxxxxxxxxxxxxxxxxxxxxxxxxxxxxxxxxxxxxxxxxxxxxxxxxxxxxxxxxxxxxxxxxxxxxxxxxxxxxxxxxxxxxxxxxxxxxxxxxxxxxxxxxxxxxxxxxxxxxxxxxxxxxxxxxxxxxxxxxxxxxxxxxxxxxxxxxxxxxxxxxxxxxxxxxxxxxxxxxxxxxxxxxxxxxxxxxxxxxxxxxxxxxxxxxxxxxxxxxxxxxxxxxxxxxxxxxxxxxxxxxxxxxxxxxxxxxxxxxxxxxxxxxxxxxxxxxxxxxxxxxxxxxxxxxxxxxxxxxxxxxxxxxxxxxxxxxxxxxxxxxxxxxxxxxxxxxxxxxxxxxxxxxxxxxxxxxxxxxxxxxxxxxxxxxxxxxxxxxxxxxxxxxxxxxxxxxxxxxxxxxxxxxxxxxxxxxxxxxxxxxxxxxxxxxxxxxxxxxxxxxxxxxxxxxxxxxxxxxxxxxxxxxxxxxxxxxxxxxxxxxxxxxxxxxxxxxxxxxxxxxxxxxxxxxxxxxxxxxxxxxxxxxxxxxxxxxxxxxxxxxxxxxxxxxxxxxxxxxxxxxxxxxxxxxxxxxxxxxxxxxxxxxxxxxxxxxxxxxxxxxxxxxxxxxxxxxxxxxxxxxxxxxxxxxxxxxxxxxxxxxxxxxxxxxxxxxxxxxxxxxxxxxxxxxxxxxxxxxxxxxxxxxxxxxxxxxxxxxxxxxxxxxxxxxxxxxxxxxxxxxxxxxxxxxxxxxxxxxxxxxxxxxxxxxxxxxxxxxxxxxxxxxxxxxxxxxxxxxxxxxxxxxxxxxxxxxxxxxxxxxxxxxxxxxxxxxxxxxxxxxxxxxxxxxxxxxxxxxxxxxxxxxxxxxxxxxxxxxxxxxxxxxxxxxxxxxxxxxxxxxxxxxxxxxxxxxxxxxxxxxxxxxxxxxxxxxxxxxxxxxxxxxxxxxxxxxxxxxxxxxxxxxxxxxxxxxxxxxxxxxxxxxxxxxxxxxxxxxxxxxxxxxxxxxxxxxxxxxxxxxxxxxxxxxxxxxxxxxxxxxxxxxxxxxxxxxxxxxxxxxxxxxxxxxxxxxxxxxxxxxxxxxxxxxxxxxxxxxxxxxxxxxxxxxxxxxxxxxxxxxxxxxxxxxxxxxxxxxxxxxxxxxxxxxxxxxxxxxxxxxxxxxxxxxxxxxxxxxxxxxxxxxxxxxxxxxxxxxxxxxxxxxxxxxxxxxxxxxxxxxxxxxxxxxxxxxxxxxxxxxxxxxxxxxxxxxxxxxxxxxxxxxxxxxxxxxxxxxxxxxxxxxxxxxxxxxxxxxxxxxxxxxxxxxxxxxxxxxxxxxxxxxxxxxxxxxxxxxxxxxxxxxxxxxxxxxxxxxxxxxxxxxxxxxxxxxxxxxxxxxxxxxxxxxxxxxxxxxxxxxxxxxxxxxxxxxxxxxxxxxxxxxxxxxxxxxxxxxxxxxxxxxxxxxxxxxxxxxxxxxxxxxxxxxxxxxxxxxxxxxxxxxxxxxxxxxxxxxxxxxxxxxxxxxxxxxxxxxxxxxxxxxxxxxxxxxxxxxxxxxxxxxxxxxxxxxxxxxxxxxxxxxxxxxxxxxxxxxxxxxxxxxxxxxxxxxxxxxxxxxxxxxxxxxxxxxxxxxxxxxxxxxxxxxxxxxxxxxxxxxxxxxxxxxxxxxxxxxxxxxxxxxxxxxxxxxxxxxxxxxxxxxxxxxxxxxxxxxxxxxxxxxxxxxxxxxxxxxxxxxxxxxxxxxxxxxxxxxxxxxxxxxxxxxxxxxxxxxxxxxxxxxxxxxxxxxxxxxxxxxxxxxxxxxxxxxxxxxxxxxxxxxxxxxxxxxxxxxxxxxxxxxxxxxxxxxxxxxxxxxxxxxxxxxxxxxxxxxxxxxxxxxxxxxxxxxxxxxxxxxxxxxxxxxxxxxxxxxxxxxxxxxxxxxxxxxxxxxxxxxxxxxxxxxxxxxxxxxxxxxxxxxxxxxxxxxxxxxxxxxxxxxxxxxxxxxxxxxxxxxxxxxxxxxxxxxxxxxxxxxxxxxxxxxxxxxxxxxxxxxxxxxxxxxxxxxxxxxxxxxxxxxxxxxxxxxxxxxxxxxxxxxxxxxxxxxxxxxxxxxxxxxxxxxxxxxxxxxxxxxxxxxxxxxxxxxxxxxxxxxxxxxxxxxxxxxxxxxxxxxxxxxxxxxxxxxxxxxxxxxxxxxxxxxxxxxxxxxxxxxxxxxxxxxxxxxxxxxxxxxxxxxxxxxxxxxxxxxxxxxxxxxxxxxxxxxxxxxxxxxxxxxxxxxxxxxxxxxxxxxxxxxxxxxxxxxxxxxxxxxxxxxxxxxxxxxxxxxxxxxxxxxxxxxxxxxxxxxxxxxxxxxxxxxxxxxxxxxxxxxxxxxxxxxxxxxxxxxxxxxxxxxxxxxxxxxxxxxxxxxxxxxxxxxxxxxxxxxxxxxxxxxxxxxxxxxxxxxxxxxxxxxxxxxxxxxxxxxxxxxxxxxxxxxxxxxxxxxxxxxxxxxxxxxxxxxxxxxxxxxxxxxxxxxxxxxxxxxxxxxxxxxxxxxxxxxxxxxxxxxxxxxxxxxxxxxxxxxxxxxxxxxxxxxxxxxxxxxxxxxxxxxxxxxxxxxxxxxxxxxxxxxxxxxxxxxxxxxxxxxxxxxxxxxxxxxxxxxxxxxxxxxxxxxxxxxxxxxxxxxxxxxxxxxxxxxxxxxxxxxxxxxxxxxxxxxxxxxxxxxxxxxxxxxxxxxxxxxxxxxxxxxxxxxxxxxxxxxxxxxxxxxxxxxxxxxxxxxxxxxxxxxxxxxxxxxxxxxxxxxxxxxxxxxxxxxxxxxxxxxxxxxxxxxxxxxxxxxxxxxxxxxxxxxxxxxxxxxxxxxxxxxxxxxxxxxxxxxxxxxxxxxxxxxxxxxxxxxxxxxxxxxxxxxxxxxxxxxxxxxxxxxxxxxxxxxxxxxxxxxxxxxxxxxxxxxxxxxxxxxxxxxxxxxxxxxxxxxxxxxxxxxxxxxxxxxxxxxxxxxxxxxxxxxxxxxxxxxxxxxxxxxxxxxxxxxxxxxxxxxxxxxxxxxxxxxxxxxxxxxxxxxxxxxxxxxxxxxxxxxxxxxxxxxxxxxxxxxxxxxxxxxxxxxxxxxxxxxxxxxxxxxxxxxxxxxxxxxxxxxxxxxxxxxxxxxxxxxxxxxxxxxxxxxxxxxxxxxxxxxxxxxxxxxxxxxxxxxxxxxxxxxxxxxxxxxxxxxxxxxxxxxxxxxxxxxxxxxxxxxxxxxxxxxxxxxxxxxxxxxxxxxxxxxxxxxxxxxxxxxxxxxxxxxxxxxxxxxxxxxxxxxxxxxxxxxxxxxxxxxxxxxxxxxxxxxxxxxxxxxxxxxxxxxxxxxxxxxxxxxxxxxxxxxxxxxxxxxxxxxxxxxxxxxxxxxxxxxxxxxxxxxxxxxxxxxxxxxxxxxxxxxxxxxxxxxxxxxxxxxxxxxxxxxxxxxxxxxxxxxxxxxxxxxxxxxxxxxxxxxxxxxxxxxxxxxxxxxxxxxxxxxxxxxxxxxxxxxxxxxxxxxxxxxxxxxxxxxxxxxxxxxxxxxxxxxxxxxxxxxxxxxxxxxxxxxxxxxxxxxxxxxxxxxxxxxxxxxxxxxxxxxxxxxxxxxxxxxxxxxxxxxxxxxxxxxxxxxxxxxxxxxxxxxxxxxxxxxxxxxxxxxxxxxxxxxxxxxxxxxxxxxxxxxxxxxxxxxxxxxxxxxxxxxxxxxxxxxxxxxxxxxxxxxxxxxxxxxxxxxxxxxxxxxxxxxxxxxxxxxxxxxxxxxxxxxxxxxxxxxxxxxxxxxxxxxxxxxxxxxxxxxxxxxxxxxxxxxxxxxxxxxxxxxxxxxxxxxxxxxxxxxxxxxxxxxxxxxxxxxxxxxxxxxxxxxxxxxxxxxxxxxxxxxxxxxxxxxxxxxxxxxxxxxxxxxxxxxxxxxxxxxxxxxxxxxxxxxxxxxxxxxxxxxxxxxxxxxxxxxxxxxxxxxxxxxxxxxxxxxxxxxxxxxxxxxxxxxxxxxxxxxxxxxxxxxxxxxxxxxxxxxxxxxxxxxxxxxxxxxxxxxxxxxxxxxxxxxxxxxxxxxxxxxxxxxxxxxxxxxxxxxxxxxxxxxxxxxxxxxxxxxxxxxxxxxxxxxxxxxxxxxxxxxxxxxxxxxxxxxxxxxxxxxxxxxxxxxxxxxxxxxxxxxxxxxxxxxxxxxxxxxxxxxxxxxxxxxxxxxxxxxxxxxxxxxxxxxxxxxxxxxxxxxxxxxxxxxxxxxxxxxxxxxxxxxxxxxxxxxxxxxxxxxxxxxxxxxxxxxxxxxxxxxxxxxxxxxxxxxxxxxxxxxxxxxxxxxxxxxxxxxxxxxxxxxxxxxxxxxxxxxxxxxxxxxxxxxxxxxxxxxxxxxxxxxxxxxxxxxxxxxxxxxxxxxxxxxxxxxxxxxxxxxxxxxxxxxxxxxxxxxxxxxxxxxxxxxxxxxxxxxxxxxxxxxxxxxxxxxxxxxxxxxxxxxxxxxxxxxxxxxxxxxxxxxxxxxxxxxxxxxxxxxxxxxxxxxxxxxxxxxxxxxxxxxxxxxxxxxxxxxxxxxxxxxxxxxxxxxxxxxxxxxxxxxxxxxxxxxxxxxxxxxxxxxxxxxxxxxxxxxxxxxxxxxxxxxxxxxxxxxxxxxxxxxxxxxxxxxxxxxxxxxxxxxxxxxxxxxxxxxxxxxxxxxxxxxxxxxxxxxxxxxxxxxxxxxxxxxxxxxxxxxxxxxxxxxxxxxxxxxxxxxxxxxxxxxxxxxxxxxxxxxxxxxxxxxxxxxxxxxxxxxxxxxxxxxxxxxxxxxxxxxxxxxxxxxxxxxxxxxxxxxxxxxxxxxxxxxxxxxxxxxxxxxxxxxxxxxxxxxxxxxxxxxxxxxxxxxxxxxxxxxxxxxxxxxxxxxxxxxxxxxxxxxxxxxxxxxxxxxxxxxxxxxxxxxxxxxxxxxxxxxxxxxxxxxxxxxxxxxxxxxxxxxxxxxxxxxxxxxxxxxxxxxxxxxxxxxxxxxxxxxxxxxxxxxxxxxxxxxxxxxxxxxxxxxxxxxxxxxxxxxxxxxxxxxxxxxxxxxxxxxxxxxxxxxxxxxxxxxxxxxxxxxxxxxxxxxxxxxxxxxxxxxxxxxxxxxxxxxxxxxxxxxxxxxxxxxxxxxxxxxxxxxxxxxxxxxxxxxxxxxxxxxxxxxxxxxxxxxxxxxxxxxxxxxxxxxxxxxxxxxxxxxxxxxxxxxxxxxxxxxxxxxxxxxxxxxxxxxxxxxxxxxxxxxxxxxxxxxxxxxxxxxxxxxxxxxxxxxxxxxxxxxxxxxxxxxxxxxxxxxxxxxxxxxxxxxxxxxxxxxxxxxxxxxxxxxxxxxxxxxxxxxxxxxxxxxxxxxxxxxxxxxxxxxxxxxxxxxxxxxxxxxxxxxxxxxxxxxxxxxxxxxxxxxxxxxxxxxxxxxxxxxxxxxxxxxxxxxxxxxxxxxxxxxxxxxxxxxxxxxxxxxxxxxxxxxxxxxxxxxxxxxxxxxxxxxxxxxxxxxxxxxxxxxxxxxxxxxxxxxxxxxxxxxxxxxxxxxxxxxxxxxxxxxxxxxxxxxxxxxxxxxxxxxxxxxxxxxxxxxxxxxxxxxxxxxxxxxxxxxxxxxxxxxxxxxxxxxxxxxxxxxxxxxxxxxxxxxxxxxxxxxxxxxxxxxxxxxxxxxxxxxxxxxxxxxxxxxxxxxxxxxxxxxxxxxxxxxxxxxxxxxxxxxxxxxxxxxxxxxxxxxxxxxxxxxxxxxxxxxxxxxxxxxxxxxxxxxxxxxxxxxxxxxxxxxxxxxxxxxxxxxxxxxxxxxxxxxxxxxxxxxxxxxxxxxxxxxxxxxxxxxxxxxxxxxxxxxxxxxxxxxxxxxxxxxxxxxxxxxxxxxxxxxxxxxxxxxxxxxxxxxxxxxxxxxxxxxxxxxxxxxxxxxxxxxxxxxxxxxxxxxxxxxxxxxxxxxxxxxxxxxxxxxxxxxxxxxxxxxxxxxxxxxxxxxxxxxxxxxxxxxxxxxxxxxxxxxxxxxxxxxxxxxxxxxxxxxxxxxxxxxxxxxxxxxxxxxxxxxxxxxxxxxxxxxxxxxxxxxxxxxxxxxxxxxxxxxxxxxxxxxxxxxxxxxxxxxxxxxxxxxxxxxxxxxxxxxxxxxxxxxxxxxxxxxxxxxxxxxxxxxxxxxxxxxxxxxxxxxxxxxxxxxxxxxxxxxxxxxxxxxxxxxxxxxxxxxxxxxxxxxxxxxxxxxxxxxxxxxxxxxxxxxxxxxxxxxxxxxxxxxxxxxxxxxxxxxxxxxxxxxxxxxxxxxxxxxxxxxxxxxxxxxxxxxxxxxxxxxxxxxxxxxxxxxxxxxxxxxxxxxxxxxxxxxxxxxxxxxxxxxxxxxxxxxxxxxxxxxxxxxxxxxxxxxxxxxxxxxxxxxxxxxxxxxxxxxxxxxxxxxxxxxxxxxxxxxxxxxxxxxxxxxxxxxxxxxxxxxxxxxxxxxxxxxxxxxxxxxxxxxxxxxxxxxxxxxxxxxxxxxxxxxxxxxxxxxxxxxxxxxxxxxxxxxxxxxxxxxxxxxxxxxxxxxxxxxxxxxxxxxxxxxxxxxxxxxxxxxxxxxxxxxxxxxxxxxxxxxxxxxxxxxxxxxxxxxxxxxxxxxxxxxxxxxxxxxxxxxxxxxxxxxxxxxxxxxxxxxxxxxxxxxxxxxxxxxxxxxxxxxxxxxxxxxxxxxxxxxxxxxxxxxxxxxxxxxxxxxxxxxxxxxxxxxxxxxxxxxxxxxxxxxxxxxxxxxxxxxxxxxxxxxxxxxxxxxxxxxxxxxxxxxxxxxxxxxxxxxxxxxxxxxxxxxxxxxxxxxxxxxxxxxxxxxxxxxxxxxxxxxxxxxxxxxxxxxxxxxxxxxxxxxxxxxxxxxxxxxxxxxxxxxxxxxxxxxxxxxxxxxxxxxxxxxxxxxxxxxxxxxxxxxxxxxxxxxxxxxxxxxxxxxxxxxxxxxxxxxxxxxxxxxxxxxxxxxxxxxxxxxxxxxxxxxxxxxxxxxxxxxxxxxxxxxxxxxxxxxxxxxxxxxxxxxxxxxxxxxxxxxxxxxxxxxxxxxxxxxxxxxxxxxxxxxxxxxxxxxxxxxxxxxxxxxxxxxxxxxxxxxxxxxxxxxxxxxxxxxxxxxxxxxxxxxxxxxxxxxxxxxxxxxxxxxxxxxxxxxxxxxxxxxxxxxxxxxxxxxxxxxxxxxxxxxxxxxxxxxxxxxxxxxxxxxxxxxxxxxxxxxxxxxxxxxxxxxxxxxxxxxxxxxxxxxxxxxxxxxxxxxxxxxxxxxxxxxxxxxxxxxxxxxxxxxxxxxxxxxxxxxxxxxxxxxxxxxxxxxxxxxxxxxxxxxxxxxxxxxxxxxxxxxxxxxxxxxxxxxxxxxxxxxxxxxxxxxxxxxxxxxxxxxxxxxxxxxxxxxxxxxxxxxxxxxxxxxxxxxxxxxxxxxxxxxxxxxxxxxxxxxxxxxxxxxxxxxxxxxxxxxxxxxxxxxxxxxxxxxxxxxxxxxxxxxxxxxxxxxxxxxxxxxxxxxxxxxxxxxxxxxxxxxxxxxxxxxxxxxxxxxxxxxxxxxxxxxxxxxxxxxxxxxxxxxxxxxxxxxxxxxxxxxxxxxxxxxxxxxxxxxxxxxxxxxxxxxxxxxxxxxxxxxxxxxxxxxxxxxxxxxxxxxxxxxxxxxxxxxxxxxxxxxxxxxxxxxxxxxxxxxxxxxxxxxxxxxxxxxxxxxxxxxxxxxxxxxxxxxxxxxxxxxxxxxxxxxxxxxxxxxxxxxxxxxxxxxxxxxxxxxxxxxxxxxxxxxxxxxxxxxxxxxxxxxxxxxxxxxxxxxxxxxxxxxxxxxxxxxxxxxxxxxxxxxxxxxxxxxxxxxxxxxxxxxxxxxxxxxxxxxxxxxxxxxxxxxxxxxxxxxxxxxxxxxxxxxxxxxxxxxxxxxxxxxxxxxxxxxxxxxxxxxxxxxxxxxxxxxxxxxxxxxxxxxxxxxxxxxxxxxxxxxxxxxxxxxxxxxxxxxxxxxxxxxxxxxxxxxxxxxxxxxxxxxxxxxxxxxxxxxxxxxxxxxxxxxxxxxxxxxxxxxxxxxxxxxxxxxxxxxxxxxxxxxxxxxxxxxxxxxxxxxxxxxxxxxxxxxxxxxxxxxxxxxxxxxxxxxxxxxxxxxxxxxxxxxxxxxxxxxxxxxxxxxxxxxxxxxxxxxxxxxxxxxxxxxxxxxxxxxxxxxxxxxxxxxxxxxxxxxxxxxxxxxxxxxxxxxxxxxxxxxxxxxxxxxxxxxxxxxxxxxxxxxxxxxxxxxxxxxxxxxxxxxxxxxxxxxxxxxxxxxxxxxxxxxxxxxxxxxxxxxxxxxxxxxxxxxxxxxxxxxxxxxxxxxxxxxxxxxxxxxxxxxxxxxxxxxxxxxxxxxxxxxxxxxxxxxxxxxxxxxxxxxxxxxxxxxxxxxxxxxxxxxxxxxxxxxxxxxxxxxxxxxxxxxxxxxxxxxxxxxxxxxxxxxxxxxxxxxxxxxxxxxxxxxxxxxxxxxxxxxxxxxxxxxxxxxxxxxxxxxxxxxxxxxxxxxxxxxxxxxxxxxxxxxxxxxxxxxxxxxxxxxxxxxxxxxxxxxxxxxxxxxxxxxxxxxxxxxxxxxxxxxxxxxxxxxxxxxxxxxxxxxxxxxxxxxxxxxxxxxxxxxxxxxxxxxxxxxxxxxxxxxxxxxxxxxxxxxxxxxxxxxxxxxxxxxxxxxxxxxxxxxxxxxxxxxxxxxxxxxxxxxxxxxxxxxxxxxxxxxxxxxxxxxxxxxxxxxxxxxxxxxxxxxxxxxxxxxxxxxxxxxxxxxxxxxxxxxxxxxxxxxxxxxxxxxxxxxxxxxxxxxxxxxxxxxxxxxxxxxxxxxxxxxxxxxxxxxxxxxxxxxxxxxxxxxxxxxxxxxxxxxxxxxxxxxxxxxxxxxxxxxxxxxxxxxxxxxxxxxxxxxxxxxxxxxxxxxxxxxxxxxxxxxxxxxxxxxxxxxxxxxxxxxxxxxxxxxxxxxxxxxxxxxxxxxxxxxxxxxxxxxxxxxxxxxxxxxxxxxxxxxxxxxxxxxxxxxxxxxxxxxxxxxxxxxxxxxxxxxxxxxxxxxxxxxxxxxxxxxxxxxxxxxxxxxxxxxxxxxxxxxxxxxxxxxxxxxxxxxxxxxxxxxxxxxxxxxxxxxxxxxxxxxxxxxxxxxxxxxxxxxxxxxxxxxxxxxxxxxxxxxxxxxxxxxxxxxxxxxxxxxxxxxxxxxxxxxxxxxxxxxxxxxxxxxxxxxxxxxxxxxxxxxxxxxxxxxxxxxxxxxxxxxxxxxxxxxxxxxxxxxxxxxxxxxxxxxxxxxxxxxxxxxxxxxxxxxxxxxxxxxxxxxxxxxxxxxxxxxxxxxxxxxxxxxxxxxxxxxxxxxxxxxxxxxxxxxxxxxxxxxxxxxxxxxxxxxxxxxxxxxxxxxxxxxxxxxxxxxxxxxxxxxxxxxxxxxxxxxxxxxxxxxxxxxxxxxxxxxxxxxxxxxxxxxxxxxxxxxxxxxxxxxxxxxxxxxxxxxxxxxxxxxxxxxxxxxxxxxxxxxxxxxxxxxxxxxxxxxxxxxxxxxxxxxxxxxxxxxxxxxxxxxxxxxxxxxxxxxxxxxxxxxxxxxxxxxxxxxxxxxxxxxxxxxxxxxxxxxxxxxxxxxxxxxxxxxxxxxxxxxxxxxxxxxxxxxxxxxxxxxxxxxxxxxxxxxxxxxxxxxxxxxxxxxxxxxxxxxxxxxxxxxxxxxxxxxxxxxxxxxxxxxxxxxxxxxxxxxxxxxxxxxxxxxxxxxxxxxxxxxxxxxxxxxxxxxxxxxxxxxxxxxxxxxxxxxxxxxxxxxxxxxxxxxxxxxxxxxxxxxxxxxxxxxxxxxxxxxxxxxxxxxxxxxxxxxxxxxxxxxxxxxxxxxxxxxxxxxxxxxxxxxxxxxxxxxxxxxxxxxxxxxxxxxxxxxxxxxxxxxxxxxxxxxxxxxxxxxxxxxxxxxxxxxxxxxxxxxxxxxxxxxxxxxxxxxxxxxxxxxxxxxxxxxxxxxxxxxxxxxxxxxxxxxxxxxxxxxxxxxxxxxxxxxxxxxxxxxxxxxxxxxxxxxxxxxxxxxxxxxxxxxxxxxxxxxxxxxxxxxxxxxxxxxxxxxxxxxxxxxxxxxxxxxxxxxxxxxxxxxxxxxxxxxxxxxxxxxxxxxxxxxxxxxxxxxxxxxxxxxxxxxxxxxxxxxxxxxxxxxxxxxxxxxxxxxxxxxxxxxxxxxxxxxxxxxxxxxxxxxxxxxxxxxxxxxxxxxxxxxxxxxxxxxxxxxxxxxxxxxxxxxxxxxxxxxxxxxxxxxxxxxxxxxxxxxxxxxxxxxxxxxxxxxxxxxxxxxxxxxxxxxxxxxxxxxxxxxxxxxxxxxxxxxxxxxxxxxxxxxxxxxxxxxxxxxxxxxxxxxxxxxxxxxxxxxxxxxxxxxxxxxxxxxxxxxxxxxxxxxxxxxxxxxxxxxxxxxxxxxxxxxxxxxxxxxxxxxxxxxxxxxxxxxxxxxxxxxxxxxxxxxxxxxxxxxxxxxxxxxxxxxxxxxxxxxxxxxxxxxxxxxxxxxxxxxxxxxxxxxxxxxxxxxxxxxxxxxxxxxxxxxxxxxxxxxxxxxxxxxxxxxxxxxxxxxxxxxxxxxxxxxxxxxxxxxxxxxxxxxxxxxxxxxxxxxxxxxxxxxxxxxxxxxxxxxxxxxxxxxxxxxxxxxxxxxxxxxxxxxxxxxxxxxxxxxxxxxxxxxxxxxxxxxxxxxxxxxxxxxxxxxxxxxxxxxxxxxxxxxxxxxxxxxxxxxxxxxxxxxxxxxxxxxxxxxxxxxxxxxxxxxxxxxxxxxxxxxxxxxxxxxxxxxxxxxxxxxxxxxxxxxxxxxxxxxxxxxxxxxxxxxxxxxxxxxxxxxxxxxxxxxxxxxxxxxxxxxxxxxxxxxxxxxxxxxxxxxxxxxxxxxxxxxxxxxxxxxxxxxxxxxxxxxxxxxxxxxxxxxxxxxxxxxxxxxxxxxxxxxxxxxxxxxxxxxxxxxxxxxxxxxxxxxxxxxxxxxxxxxxxxxxxxxxxxxxxxxxxxxxxxxxxxxxxxxxxxxxxxxxxxxxxxxxxxxxxxxxxxxxxxxxxxxxxxxxxxxxxxxxxxxxxxxxxxxxxxxxxxxxxxxxxxxxxxxxxxxxxxxxxxxxxxxxxxxxxxxxxxxxxxxxxxxxxxxxxxxxxxxxxxxxxxxxxxxxxxxxxxxxxxxxxxxxxxxxxxxxxxxxxxxxxxxxxxxxxxxxxxxxxxxxxxxxxxxxxxxxxxxxxxxxxxxxxxxxxxxxxxxxxxxxxxxxxxxxxxxxxxxxxxxxxxxxxxxxxxxxxxxxxxxxxxxxxxxxxxxxxxxxxxxxxxxxxxxxxxxxxxxxxxxxxxxxxxxxxxxxxxxxxxxxxxxxxxxxxxxxxxxxxxxxxxxxxxxxxxxxxxxxxxxxxxxxxxxxxxxxxxxxxxxxxxxxxxxxxxxxxxxxxxxxxxxxxxxxxxxxxxxxxxxxxxxxxxxxxxxxxxxxxxxxxxxxxxxxxxxxxxxxxxxxxxxxxxxxxxxxxxxxxxxxxxxxxxxxxxxxxxxxxxxxxxxxxxxxxxxxxxxxxxxxxxxxxxxxxxxxxxxxxxxxxxxxxxxxxxxxxxxxxxxxxxxxxxxxxxxxxxxxxxxxxxxxxxxxxxxxxxxxxxxxxxxxxxxxxxxxxxxxxxxxxxxxxxxxxxxxxxxxxxxxxxxxxxxxxxxxxxxxxxxxxxxxxxxxxxxxxxxxxxxxxxxxxxxxxxxxxxxxxxxxxxxxxxxxxxxxxxxxxxxxxxxxxxxxxxxxxxxxxxxxxxxxxxxxxxxxxxxxxxxxxxxxxxxxxxxxxxxxxxxxxxxxxxxxxxxxxxxxxxxxxxxxxxxxxxxxxxxxxxxxxxxxxxxxxxxxxxxxxxxxxxxxxxxxxxxxxxxxxxxxxxxxxxxxxxxxxxxxxxxxxxxxxxxxxxxxxxxxxxxxxxxxxxxxxxxxxxxxxxxxxxxxxxxxxxxxxxxxxxxxxxxxxxxxxxxxxxxxxxxxxxxxxxxxxxxxxxxxxxxxxxxxxxxxxxxxxxxxxxxxxxxxxxxxxxxxxxxxxxxxxxxxxxxxxxxxxxxxxxxxxxxxxxxxxxxxxxxxxxxxxxxxxxxxxxxxxxxxxxxxxxxxxxxxxxxxxxxxxxxxxxxxxxxxxxxxxxxxxxxxxxxxxxxxxxxxxxxxxxxxxxxxxxxxxxxxxxxxxxxxxxxxxxxxxxxxxxxxxxxxxxxxxxxxxxxxxxxxxxxxxxxxxxxxxxxxxxxxxxxxxxxxxxxxxxxxxxxxxxxxxxxxxxxxxxxxxxxxxxxxxxxxxxxxxxxxxxxxxxxxxxxxxxxxxxxxxxxxxxxxxxxxxxxxxxxxxxxxxxxxxxxxxxxxxxxxxxxxxxxxxxxxxxxxxxxxxxxxxxxxxxxxxxxxxxxxxxxxxxxxxxxxxxxxxxxxxxxxxxxxxxxxxxxxxxxxxxxxxxxxxxxxxxxxxxxxxxxxxxxxxxxxxxxxxxxxxxxxxxxxxxxxxxxxxxxxxxxxxxxxxxxxxxxxxxxxxxxxxxxxxxxxxxxxxxxxxxxxxxxxxxxxxxxxxxxxxxxxxxxxxxxxxxxxxxxxxxxxxxxxxxxxxxxxxxxxxxxxxxxxxxxxxxxxxxxxxxxxxxxxxxxxxx","role":"xxxxxxxxxxxxxxxxxxxxxxxxxxxxxxxxxxxxxxxxxxxxxxxxxxxxxxxxxxxxxxxxxxxxxxxxxxxxxxxxxxxxxxxxxxxxxxxxxxxxxxxxxxxxxxxxxxxxxxxxxxxxxxxxxxxxxxxxxxxxxxxxxxxxxxxxxxxxxxxxxxxxxxxxxxxxxxxxxxxxxxxxxxxxxxxxxxxxxxxxxxxxxxxxxxxxxxxxxxxxxxxxxxxxxxxxxxxxxxxxxxxxxxxxxxxxxxxxxxxxxxxxxxxxxxxxxxxxxxxxxxxxxxxxxxxxxxxxxxxxxxxxxxxxxxxxxxxxxxxxxxxxxxxxxxxxxxxxxxxxxxxxxxxxxxxxxxxxxxxxxxxxxxxxxxxxxxxxxxxxxxxxxxxxxxxxxxxxxxxxxxxxxxxxxxxxxxxxxxxxxxxxxxxxxxxxxxxxxxxxxxxxxxxxxxxxxxxxxxxxxxxxxxxxxxxxxxxxxxxxxxxxxxxxxxxxxxxxxxxxxxxxxxxxxxxxxxxxxxxxxxxxxxxxxxxxxxxxxxxxxxxxxxxxxxxxxxxxxxxxxxxxxxxxxxxxxxxxxxxxxxxxxxxxxxxxxxxxxxxxxxxxxxxxxxxxxxxxxxxxxxxxxxxxxxxxxxxxxxxxxxxxxxxxxxxxxxxxxxxxxxxxxxxxxxxxxxxxxxxxxxxxxxxxxxxxxxxxxxxxxxxxxxxxxxxxxxxxxxxxxxxxxxxxxxxxxxxxxxxxxxxxxxxxxxxxxxxxxxxxxxxxxxxxxxxxxxxxxxxxxxxxxxxxxxxxxxxxxxxxxxxxxxxxxxxxxxxxxxxxxxxxxxxxxxxxxxxxxxxxxxxxxxxxxxxxxxxxxxxxxxxxxxxxxxxxxxxxxxxxxxxxxxxxxxxxxxxxxxxxxxxxxxxxxxxxxxxxxxxxxxxxxxxxxxxxxxxxxxxxxxxxxxxxxxxxxxxxxxxxxxxxxxxxxxxxxxxxxxxxxxxxxxxxxxxxxxxxxxxxxxxxxxxxxxxxxxxxxxxxxxxxxxxxxxxxxxxxxxxxxxxxxxxxxxxxxxxxxxxxxxxxxxxxxxxxxxxxxxxxxxxxxxxxxxxxxxxxxxxxxxxxxxxxxxxxxxxxxxxxxxxxxxxxxxxxxxxxxxxxxxxxxxxxxxxxxxxxxxxxxxxxxxxxxxxxxxxxxxxxxxxxxxxxxxxxxxxxxxxxxxxxxxxxxxxxxxxxxxxxxxxxxxxxxxxxxxxxxxxxxxxxxxxxxxxxxxxxxxxxxxxxxxxxxxxxxxxxxxxxxxxxxxxxxxxxxxxxxxxxxxxxxxxxxxxxxxxxxxxxxxxxxxxxxxxxxxxxxxxxxxxxxxxxxxxxxxxxxxxxxxxxxxxxxxxxxxxxxxxxxxxxxxxxxxxxxxxxxxxxxxxxxxxxxxxxxxxxxxxxxxxxxxxxxxxxxxxxxxxxxxxxxxxxxxxxxxxxxxxxxxxxxxxxxxxxxxxxxxxxxxxxxxxxxxxxxxxxxxxxxxxxxxxxxxxxxxxxxxxxxxxxxxxxxxxxxxxxxxxxxxxxxxxxxxxxxxxxxxxxxxxxxxxxxxxxxxxxxxxxxxxxxxxxxxxxxxxxxxxxxxxxxxxxxxxxxxxxxxxxxxxxxxxxxxxxxxxxxxxxxxxxxxxxxxxxxxxxxxxxxxxxxxxxxxxxxxxxxxxxxxxxxxxxxxxxxxxxxxxxxxxxxxxxxxxxxxxxxxxxxxxxxxxxxxxxxxxxxxxxxxxxxxxxxxxxxxxxxxxxxxxxxxxxxxxxxxxxxxxxxxxxxxxxxxxxxxxxxxxxxxxxxxxxxxxxxxxxxxxxxxxxxxxxxxxxxxxxxxxxxxxxxxxxxxxxxxxxxxxxxxxxxxxxxxxxxxxxxxxxxxxxxxxxxxxxxxxxxxxxxxxxxxxxxxxxxxxxxxxxxxxxxxxxxxxxxxxxxxxxxxxxxxxxxxxxxxxxxxxxxxxxxxxxxxxxxxxxxxxxxxxxxxxxxxxxxxxxxxxxxxxxxxxxxxxxxxxxxxxxxxxxxxxxxxxxxxxxxxxxxxxxxxxxxxxxxxxxxxxxxxxxxxxxxxxxxxxxxxxxxxxxxxxxxxxxxxxxxxxxxxxxxxxxxxxxxxxxxxxxxxxxxxxxxxxxxxxxxxxxxxxxxxxxxxxxxxxxxxxxxxxxxxxxxxxxxxxxxxxxxxxxxxxxxxxxxxxxxxxxxxxxxxxxxxxxxxxxxxxxxxxxxxxxxxxxxxxxxxxxxxxxxxxxxxxxxxxxxxxxxxxxxxxxxxxxxxxxxxxxxxxxxxxxxxxxxxxxxxxxxxxxxxxxxxxxxxxxxxxxxxxxxxxxxxxxxxxxxxxxxxxxxxxxxxxxxxxxxxxxxxxxxxxxxxxxxxxxxxxxxxxxxxxxxxxxxxxxxxxxxxxxxxxxxxxxxxxxxxxxxxxxxxxxxxxxxxxxxxxxxxxxxxxxxxxxxxxxxxxxxxxxxxxxxxxxxxxxxxxxxxxxxxxxxxxxxxxxxxxxxxxxxxxxxxxxxxxxxxxxxxxxxxxxxxxxxxxxxxxxxxxxxxxxxxxxxxxxxxxxxxxxxxxxxxxxxxxxxxxxxxxxxxxxxxxxxxxxxxxxxxxxxxxxxxxxxxxxxxxxxxxxxxxxxxxxxxxxxxxxxxxxxxxxxxxxxxxxxxxxxxxxxxxxxxxxxxxxxxxxxxxxxxxxxxxxxxxxxxxxxxxxxxxxxxxxxxxxxxxxxxxxxxxxxxxxxxxxxxxxxxxxxxxxxxxxxxxxxxxxxxxxxxxxxxxxxxxxxxxxxxxxxxxxxxxxxxxxxxxxxxxxxxxxxxxxxxxxxxxxxxxxxxxxxxxxxxxxxxxxxxxxxxxxxxxxxxxxxxxxxxxxxxxxxxxxxxxxxxxxxxxxxxxxxxxxxxxxxxxxxxxxxxxxxxxxxxxxxxxxxxxxxxxxxxxxxxxxxxxxxxxxxxxxxxxxxxxxxxxxxxxxxxxxxxxxxxxxxxxxxxxxxxxxxxxxxxxxxxxxxxxxxxxxxxxxxxxxxxxxxxxxxxxxxxxxxxxxxxxxxxxxxxxxxxxxxxxxxxxxxxxxxxxxxxxxxxxxxxxxxxxxxxxxxxxxxxxxxxxxxxxxxxxxxxxxxxxxxxxxxxxxxxxxxxxxxxxxxxxxxxxxxxxxxxxxxxxxxxxxxxxxxxxxxxxxxxxxxxxxxxxxxxxxxxxxxxxxxxxxxxxxxxxxxxxxxxxxxxxxxxxxxxxxxxxxxxxxxxxxxxxxxxxxxxxxxxxxxxxxxxxxxxxxxxxxxxxxxxxxxxxxxxxxxxxxxxxxxxxxxxxxxxxxxxxxxxxxxxxxxxxxxxxxxxxxxxxxxxxxxxxxxxxxxxxxxxxxxxxxxxxxxxxxxxxxxxxxxxxxxxxxxxxxxxxxxxxxxxxxxxxxxxxxxxxxxxxxxxxxxxxxxxxxxxxxxxxxxxxxxxxxxxxxxxxxxxxxxxxxxxxxxxxxxxxxxxxxxxxxxxxxxxxxxxxxxxxxxxxxxxxxxxxxxxxxxxxxxxxxxxxxxxxxxxxxxxxxxxxxxxxxxxxxxxxxxxxxxxxxxxxxxxxxxxxxxxxxxxxxxxxxxxxxxxxxxxxxxxxxxxxxxxxxxxxxxxxxxxxxxxxxxxxxxxxxxxxxxxxxxxxxxxxxxxxxxxxxxxxxxxxxxxxxxxxxxxxxxxxxxxxxxxxxxxxxxxxxxxxxxxxxxxxxxxxxxxxxxxxxxxxxxxxxxxxxxxxxxxxxxxxxxxxxxxxxxxxxxxxxxxxxxxxxxxxxxxxxxxxxxxxxxxxxxxxxxxxxxxxxxxxxxxxxxxxxxxxxxxxxxxxxxxxxxxxxxxxxxxxxxxxxxxxxxxxxxxxxxxxxxxxxxxxxxxxxxxxxxxxxxxxxxxxxxxxxxxxxxxxxxxxxxxxxxxxxxxxxxxxxxxxxxxxxxxxxxxxxxxxxxxxxxxxxxxxxxxxxxxxxxxxxxxxxxxxxxxxxxxxxxxxxxxxxxxxxxxxxxxxxxxxxxxxxxxxxxxxxxxxxxxxxxxxxxxxxxxxxxxxxxxxxxxxxxxxxxxxxxxxxxxxxxxxxxxxxxxxxxxxxxxxxxxxxxxxxxxxxxxxxxxxxxxxxxxxxxxxxxxxxxxxxxxxxxxxxxxxxxxxxxxxxxxxxxxxxxxxxxxxxxxxxxxxxxxxxxxxxxxxxxxxxxxxxxxxxxxxxxxxxxxxxxxxxxxxxxxxxxxxxxxxxxxxxxxxxxxxxxxxxxxxxxxxxxxxxxxxxxxxxxxxxxxxxxxxxxxxxxxxxxxxxxxxxxxxxxxxxxxxxxxxxxxxxxxxxxxxxxxxxxxxxxxxxxxxxxxxxxxxxxxxxxxxxxxxxxxxxxxxxxxxxxxxxxxxxxxxxxxxxxxxxxxxxxxxxxxxxxxxxxxxxxxxxxxxxxxxxxxxxxxxxxxxxxxxxxxxxxxxxxxxxxxxxxxxxxxxxxxxxxxxxxxxxxxxxxxxxxxxxxxxxxxxxxxxxxxxxxxxxxxxxxxxxxxxxxxxxxxxxxxxxxxxxxxxxxxxxxxxxxxxxxxxxxxxxxxxxxxxxxxxxxxxxxxxxxxxxxxxxxxxxxxxxxxxxxxxxxxxxxxxxxxxxxxxxxxxxxxxxxxxxxxxxxxxxxxxxxxxxxxxxxxxxxxxxxxxxxxxxxxxxxxxxxxxxxxxxxxxxxxxxxxxxxxxxxxxxxxxxxxxxxxxxxxxxxxxxxxxxxxxxxxxxxxxxxxxxxxxxxxxxxxxxxxxxxxxxxxxxxxxxxxxxxxxxxxxxxxxxxxxxxxxxxxxxxxxxxxxxxxxxxxxxxxxxxxxxxxxxxxxxxxxxxxxxxxxxxxxxxxxxxxxxxxxxxxxxxxxxxxxxxxxxxxxxxxxxxxxxxxxxxxxxxxxxxxxxxxxxxxxxxxxxxxxxxxxxxxxxxxxxxxxxxxxxxxxxxxxxxxxxxxxxxxxxxxxxxxxxxxxxxxxxxxxxxxxxxxxxxxxxxxxxxxxxxxxxxxxxxxxxxxxxxxxxxxxxxxxxxxxxxxxxxxxxxxxxxxxxxxxxxxxxxxxxxxxxxxxxxxxxxxxxxxxxxxxxxxxxxxxxxxxxxxxxxxxxxxxxxxxxxxxxxxxxxxxxxxxxxxxxxxxxxxxxxxxxxxxxxxxxxxxxxxxxxxxxxxxxxxxxxxxxxxxxxxxxxxxxxxxxxxxxxxxxxxxxxxxxxxxxxxxxxxxxxxxxxxxxxxxxxxxxxxxxxxxxxxxxxxxxxxxxxxxxxxxxxxxxxxxxxxxxxxxxxxxxxxxxxxxxxxxxxxxxxxxxxxxxxxxxxxxxxxxxxxxxxxxxxxxxxxxxxxxxxxxxxxxxxxxxxxxxxxxxxxxxxxxxxxxxxxxxxxxxxxxxxxxxxxxxxxxxxxxxxxxxxxxxxxxxxxxxxxxxxxxxxxxxxxxxxxxxxxxxxxxxxxxxxxxxxxxxxxxxxxxxxxxxxxxxxxxxxxxxxxxxxxxxxxxxxxxxxxxxxxxxxxxxxxxxxxxxxxxxxxxxxxxxxxxxxxxxxxxxxxxxxxxxxxxxxxxxxxxxxxxxxxxxxxxxxxxxxxxxxxxxxxxxxxxxxxxxxxxxxxxxxxxxxxxxxxxxxxxxxxxxxxxxxxxxxxxxxxxxxxxxxxxxxxxxxxxxxxxxxxxxxxxxxxxxxxxxxxxxxxxxxxxxxxxxxxxxxxxxxxxxxxxxxxxxxxxxxxxxxxxxxxxxxxxxxxxxxxxxxxxxxxxxxxxxxxxxxxxxxxxxxxxxxxxxxxxxxxxxxxxxxxxxxxxxxxxxxxxxxxxxxxxxxxxxxxxxxxxxxxxxxxxxxxxxxxxxxxxxxxxxxxxxxxxxxxxxxxxxxxxxxxxxxxxxxxxxxxxxxxxxxxxxxxxxxxxxxxxxxxxxxxxxxxxxxxxxxxxxxxxxxxxxxxxxxxxxxxxxxxxxxxxxxxxxxxxxxxxxxxxxxxxxxxxxxxxxxxxxxxxxxxxxxxxxxxxxxxxxxxxxxxxxxxxxxxxxxxxxxxxxxxxxxxxxxxxxxxxxxxxxxxxxxxxxxxxxxxxxxxxxxxxxxxxxxxxxxxxxxxxxxxxxxxxxxxxxxxxxxxxxxxxxxxxxxxxxxxxxxxxxxxxxxxxxxxxxxxxxxxxxxxxxxxxxxxxxxxxxxxxxxxxxxxxxxxxxxxxxxxxxxxxxxxxxxxxxxxxxxxxxxxxxxxxxxxxxxxxxxxxxxxxxxxxxxxxxxxxxxxxxxxxxxxxxxxxxxxxxxxxxxxxxxxxxxxxxxxxxxxxxxxxxxxxxxxxxxxxxxxxxxxxxxxxxxxxxxxxxxxxxxxxxxxxxxxxxxxxxxxxxxxxxxxxxxxxxxxxxxxxxxxxxxxxxxxxxxxxxxxxxxxxxxxxxxxxxxxxxxxxxxxxxxxxxxxxxxxxxxxxxxxxxxxxxxxxxxxxxxxxxxxxxxxxxxxxxxxxxxxxxxxxxxxxxxxxxxxxxxxxxxxxxxxxxxxxxxxxxxxxxxxxxxxxxxxxxxxxxxxxxxxxxxxxxxxxxxxxxxxxxxxxxxxxxxxxxxxxxxxxxxxxxxxxxxxxxxxxxxxxxxxxxxxxxxxxxxxxxxxxxxxxxxxxxxxxxxxxxxxxxxxxxxxxxxxxxxxxxxxxxxxxxxxxxxxxxxxxxxxxxxxxxxxxxxxxxxxxxxxxxxxxxxxxxxxxxxxxxxxxxxxxxxxxxxxxxxxxxxxxxxxxxxxxxxxxxxxxxxxxxxxxxxxxxxxxxxxxxxxxxxxxxxxxxxxxxxxxxxxxxxxxxxxxxxxxxxxxxxxxxxxxxxxxxxxxxxxxxxxxxxxxxxxxxxxxxxxxxxxxxxxxxxxxxxxxxxxxxxxxxxxxxxxxxxxxxxxxxxxxxxxxxxxxxxxxxxxxxxxxxxxxxxxxxxxxxxxxxxxxxxxxxxxxxxxxxxxxxxxxxxxxxxxxxxxxxxxxxxxxxxxxxxxxxxxxxxxxxxxxxxxxxxxxxxxxxxxxxxxxxxxxxxxxxxxxxxxxxxxxxxxxxxxxxxxxxxxxxxxxxxxxxxxxxxxxxxxxxxxxxxxxxxxxxxxxxxxxxxxxxxxxxxxxxxxxxxxxxxxxxxxxxxxxxxxxxxxxxxxxxxxxxxxxxxxxxxxxxxxxxxxxxxxxxxxxxxxxxxxxxxxxxxxxxxxxxxxxxxxxxxxxxxxxxxxxxxxxxxxxxxxxxxxxxxxxxxxxxxxxxxxxxxxxxxxxxxxxxxxxxxxxxxxxxxxxxxxxxxxxxxxxxxxxxxxxxxxxxxxxxxxxxxxxxxxxxxxxxxxxxxxxxxxxxxxxxxxxxxxxxxxxxxxxxxxxxxxxxxxxxxxxxxxxxxxxxxxxxxxxxxxxxxxxxxxxxxxxxxxxxxxxxxxxxxxxxxxxxxxxxxxxxxxxxxxxxxxxxxxxxxxxxxxxxxxxxxxxxxxxxxxxxxxxxxxxxxxxxxxxxxxxxxxxxxxxxxxxxxxxxxxxxxxxxxxxxxxxxxxxxxxxxxxxxxxxxxxxxxxxxxxxxxxxxxxxxxxxxxxxxxxxxxxxxxxxxxxxxxxxxxxxxxxxxxxxxxxxxxxxxxxxxxxxxxxxxxxxxxxxxxxxxxxxxxxxxxxxxxxxxxxxxxxxxxxxxxxxxxxxxxxxxxxxxxxxxxxxxxxxxxxxxxxxxxxxxxxxxxxxxxxxxxxxxxxxxxxxxxxxxxxxxxxxxxxxxxxxxxxxxxxxxxxxxxxxxxxxxxxxxxxxxxxxxxxxxxxxxxxxxxxxxxxxxxxxxxxxxxxxxxxxxxxxxxxxxxxxxxxxxxxxxxxxxxxxxxxxxxxxxxxxxxxxxxxxxxxxxxxxxxxxxxxxxxxxxxxxxxxxxxxxxxxxxxxxxxxxxxxxxxxxxxxxxxxxxxxxxxxxxxxxxxxxxxxxxxxxxxxxxxxxxxxxxxxxxxxxxxxxxxxxxxxxxxxxxxxxxxxxxxxxxxxxxxxxxxxxxxxxxxxxxxxxxxxxxxxxxxxxxxxxxxxxxxxxxxxxxxxxxxxxxxxxxxxxxxxxxxxxxxxxxxxxxxxxxxxxxxxxxxxxxxxxxxxxxxxxxxxxxxxxxxxxxxxxxxxxxxxxxxxxxxxxxxxxxxxxxxxxxxxxxxxxxxxxxxxxxxxxxxxxxxxxxxxxxxxxxxxxxxxxxxxxxxxxxxxxxxxxxxxxxxxxxxxxxxxxxxxxxxxxxxxxxxxxxxxxxxxxxxxxxxxxxxxxxxxxxxxxxxxxxxxxxxxxxxxxxxxxxxxxxxxxxxxxxxxxxxxxxxxxxxxxxxxxxxxxxxxxxxxxxxxxxxxxxxxxxxxxxxxxxxxxxxxxxxxxxxxxxxxxxxxxxxxxxxxxxxxxxxxxxxxxxxxxxxxxxxxxxxxxxxxxxxxxxxxxxxxxxxxxxxxxxxxxxxxxxxxxxxxxxxxxxxxxxxxxxxxxxxxxxxxxxxxxxxxxxxxxxxxxxxxxxxxxxxxxxxxxxxxxxxxxxxxxxxxxxxxxxxxxxxxxxxxxxxxxxxxxxxxxxxxxxxxxxxxxxxxxxxxxxxxxxxxxxxxxxxxxxxxxxxxxxxxxxxxxxxxxxxxxxxxxxxxxxxxxxxxxxxxxxxxxxxxxxxxxxxxxxxxxxxxxxxxxxxxxxxxxxxxxxxxxxxxxxxxxxxxxxxxxxxxxxxxxxxxxxxxxxxxxxxxxxxxxxxxxxxxxxxxxxxxxxxxxxxxxxxxxxxxxxxxxxxxxxxxxxxxxxxxxxxxxxxxxxxxxxxxxxxxxxxxxxxxxxxxxxxxxxxxxxxxxxxxxxxxxxxxxxxxxxxxxxxxxxxxxxxxxxxxxxxxxxxxxxxxxxxxxxxxxxxxxxxxxxxxxxxxxxxxxxxxxxxxxxxxxxxxxxxxxxxxxxxxxxxxxxxxxxxxxxxxxxxxxxxxxxxxxxxxxxxxxxxxxxxxxxxxxxxxxxxxxxxxxxxxxxxxxxxxxxxxxxxxxxxxxxxxxxxxxxxxxxxxxxxxxxxxxxxxxxxxxxxxxxxxxxxxxxxxxxxxxxxxxxxxxxxxxxxxxxxxxxxxxxxxxxxxxxxxxxxxxxxxxxxxxxxxxxxxxxxxxxxxxxxxxxxxxxxxxxxxxxxxxxxxxxxxxxxxxxxxxxxxxxxxxxxxxxxxxxxxxxxxxxxxxxxxxxxxxxxxxxxxxxxxxxxxxxxxxxxxxxxxxxxxxxxxxxxxxxxxxxxxxxxxxxxxxxxxxxxxxxxxxxxxxxxxxxxxxxxxxxxxxxxxxxxxxxxxxxxxxxxxxxxxxxxxxxxxxxxxxxxxxxxxxxxxxxxxxxxxxxxxxxxxxxxxxxxxxxxxxxxxxxxxxxxxxxxxxxxxxxxxxxxxxxxxxxxxxxxxxxxxxxxxxxxxxxxxxxxxxxxxxxxxxxxxxxxxxxxxxxxxxxxxxxxxxxxxxxxxxxxxxxxxxxxxxxxxxxxxxxxxxxxxxxxxxxxxxxxxxxxxxxxxxxxxxxxxxxxxxxxxxxxxxxxxxxxxxxxxxxxxxxxxxxxxxxxxxxxxxxxxxxxxxxxxxxxxxxxxxxxxxxxxxxxxxxxxxxxxxxxxxxxxxxxxxxxxxxxxxxxxxxxxxxxxxxxxxxxxxxxxxxxxxxxxxxxxxxxxxxxxxxxxxxxxxxxxxxxxxxxxxxxxxxxxxxxxxxxxxxxxxxxxxxxxxxxxxxxxxxxxxxxxxxxxxxxxxxxxxxxxxxxxxxxxxxxxxxxxxxxxxxxxxxxxxxxxxxxxxxxxxxxxxxxxxxxxxxxxxxxxxxxxxxxxxxxxxxxxxxxxxxxxxxxxxxxxxxxxxxxxxxxxxxxxxxxxxxxxxxxxxxxxxxxxxxxxxxxxxxxxxxxxxxxxxxxxxxxxxxxxxxxxxxxxxxxxxxxxxxxxxxxxxxxxxxxxxxxxxxxxxxxxxxxxxxxxxxxxxxxxxxxxxxxxxxxxxxxxxxxxxxxxxxxxxxxxxxxxxxxxxxxxxxxxxxxxxxxxxxxxxxxxxxxxxxxxxxxxxxxxxxxxxxxxxxxxxxxxxxxxxxxxxxxxxxxxxxxxxxxxxxxxxxxxxxxxxxxxxxxxxxxxxxxxxxxxxxxxxxxxxxxxxxxxxxxxxxxxxxxxxxxxxxxxxxxxxxxxxxxxxxxxxxxxxxxxxxxxxxxxxxxxxxxxxxxxxxxxxxxxxxxxxxxxxxxxxxxxxxxxxxxxxxxxxxxxxxxxxxxxxxxxxxxxxxxxxxxxxxxxxxxxxxxxxxxxxxxxxxxxxxxxxxxxxxxxxxxxxxxxxxxxxxxxxxxxxxxxxxxxxxxxxxxxxxxxxxxxxxxxxxxxxxxxxxxxxxxxxxxxxxxxxxxxxxxxxxxxxxxxxxxxxxxxxxxxxxxxxxxxxxxxxxxxxxxxxxxxxxxxxxxxxxxxxxxxxxxxxxxxxxxxxxxxxxxxxxxxxxxxxxxxxxxxxxxxxxxxxxxxxxxxxxxxxxxxxxxxxxxxxxxxxxxxxxxxxxxxxxxxxxxxxxxxxxxxxxxxxxxxxxxxxxxxxxxxxxxxxxxxxxxxxxxxxxxxxxxxxxxxxxxxxxxxxxxxxxxxxxxxxxxxxxxxxxxxxxxxxxxxxxxxxxxxxxxxxxxxxxxxxxxxxxxxxxxxxxxxxxxxxxxxxxxxxxxxxxxxxxxxxxxxxxxxxxxxxxxxxxxxxxxxxxxxxxxxxxxxxxxxxxxxxxxxxxxxxxxxxxxxxxxxxxxxxxxxxxxxxxxxxxxxxxxxxxxxxxxxxxxxxxxxxxxxxxxxxxxxxxxxxxxxxxxxxxxxxxxxxxxxxxxxxxxxxxxxxxxxxxxxxxxxxxxxxxxxxxxxxxxxxxxxxxxxxxxxxxxxxxxxxxxxxxxxxxxxxxxxxxxxxxxxxxxxxxxxxxxxxxxxxxxxxxxxxxxxxxxxxxxxxxxxxxxxxxxxxxxxxxxxxxxxxxxxxxxxxxxxxxxxxxxxxxxxxxxxxxxxxxxxxxxxxxxxxxxxxxxxxxxxxxxxxxxxxxxxxxxxxxxxxxxxxxxxxxxxxxxxxxxxxxxxxxxxxxxxxxxxxxxxxxxxxxxxxxxxxxxxxxxxxxxxxxxxxxxxxxxxxxxxxxxxxxxxxxxxxxxxxxxxxxxxxxxxxxxxxxxxxxxxxxxxxxxxxxxxxxxxxxxxxxxxxxxxxxxxxxxxxxxxxxxxxxxxxxxxxxxxxxxxxxxxxxxxxxxxxxxxxxxxxxxxxxxxxxxxxxxxxxxxxxxxxxxxxxxxxxxxxxxxxxxxxxxxxxxxxxxxxxxxxxxxxxxxxxxxxxxxxxxxxxxxxxxxxxxxxxxxxxxxxxxxxxxxxxxxxxxxxxxxxxxxxxxxxxxxxxxxxxxxxxxxxxxxxxxxxxxxxxxxxxxxxxxxxxxxxxxxxxxxxxxxxxxxxxxxxxxxxxxxxxxxxxxxxxxxxxxxxxxxxxxxxxxxxxxxxxxxxxxxxxxxxxxxxxxxxxxxxxxxxxxxxxxxxxxxxxxxxxxxxxxxxxxxxxxxxxxxxxxxxxxxxxxxxxxxxxxxxxxxxxxxxxxxxxxxxxxxxxxxxxxxxxxxxxxxxxxxxxxxxxxxxxxxxxxxxxxxxxxxxxxxxxxxxxxxxxxxxxxxxxxxxxxxxxxxxxxxxxxxxxxxxxxxxxxxxxxxxxxxxxxxxxxxxxxxxxxxxxxxxxxxxxxxxxxxxxxxxxxxxxxxxxxxxxxxxxxxxxxxxxxxxxxxxxxxxxxxxxxxxxxxxxxxxxxxxxxxxxxxxxxxxxxxxxxxxxxxxxxxxxxxxxxxxxxxxxxxxxxxxxxxxxxxxxxxxxxxxxxxxxxxxxxxxxxxxxxxxxxxxxxxxxxxxxxxxxxxxxxxxxxxxxxxxxxxxxxxxxxxxxxxxxxxxxxxxxxxxxxxxxxxxxxxxxxxxxxxxxxxxxxxxxxxxxxxxxxxxxxxxxxxxxxxxxxxxxxxxxxxxxxxxxxxxxxxxxxxxxxxxxxxxxxxxxxxxxxxxxxxxxxxxxxxxxxxxxxxxxxxxxxxxxxxxxxxxxxxxxxxxxxxxxxxxxxxxxxxxxxxxxxxxxxxxxxxxxxxxxxxxxxxxxxxxxxxxxxxxxxxxxxxxxxxxxxxxxxxxxxxxxxxxxxxxxxxxxxxxxxxxxxxxxxxxxxxxxxxxxxxxxxxxxxxxxxxxxxxxxxxxxxxxxxxxxxxxxxxxxxxxxxxxxxxxxxxxxxxxxxxxxxxxxxxxxxxxxxxxxxxxxxxxxxxxxxxxxxxxxxxxxxxxxxxxxxxxxxxxxxxxxxxxxxxxxxxxxxxxxxxxxxxxxxxxxxxxxxxxxxxxxxxxxxxxxxxxxxxxxxxxxxxxxxxxxxxxxxxxxxxxxxxxxxxxxxxxxxxxxxxxxxxxxxxxxxxxxxxxxxxxxxxxxxxxxxxxxxxxxxxxxxxxxxxxxxxxxxxxxxxxxxxxxxxxxxxxxxxxxxxxxxxxxxxxxxxxxxxxxxxxxxxxxxxxxxxxxxxxxxxxxxxxxxxxxxxxxxxxxxxxxxxxxxxxxxxxxxxxxxxxxxxxxxxxxxxxxxxxxxxxxxxxxxxxxxxxxxxxxxxxxxxxxxxxxxxxxxxxxxxxxxxxxxxxxxxxxxxxxxxxxxxxxxxxxxxxxxxxxxxxxxxxxxxxxxxxxxxxxxxxxxxxxxxxxxxxxxxxxxxxxxxxxxxxxxxxxxxxxxxxxxxxxxxxxxxxxxxxxxxxxxxxxxxxxxxxxxxxxxxxxxxxxxxxxxxxxxxxxxxxxxxxxxxxxxxxxxxxxxxxxxxxxxxxxxxxxxxxxxxxxxxxxxxxxxxxxxxxxxxxxxxxxxxxxxxxxxxxxxxxxxxxxxxxxxxxxxxxxxxxxxxxxxxxxxxxxxxxxxxxxxxxxxxxxxxxxxxxxxxxxxxxxxxxxxxxxxxxxxxxxxxxxxxxxxxxxxxxxxxxxxxxxxxxxxxxxxxxxxxxxxxxxxxxxxxxxxxxxxxxxxxxxxxxxxxxxxxxxxxxxxxxxxxxxxxxxxxxxxxxxxxxxxxxxxxxxxxxxxxxxxxxxxxxxxxxxxxxxxxxxxxxxxxxxxxxxxxxxxxxxxxxxxxxxxxxxxxxxxxxxxxxxxxxxxxxxxxxxxxxxxxxxxxxxxxxxxxxxxxxxxxxxxxxxxxxxxxxxxxxxxxxxxxxxxxxxxxxxxxxxxxxxxxxxxxxxxxxxxxxxxxxxxxxxxxxxxxxxxxxxxxxxxxxxxxxxxxxxxxxxxxxxxxxxxxxxxxxxxxxxxxxxxxxxxxxxxxxxxxxxxxxxxxxxxxxxxxxxxxxxxxxxxxxxxxxxxxxxxxxxxxxxxxxxxxxxxxxxxxxxxxxxxxxxxxxxxxxxxxxxxxxxxxxxxxxxxxxxxxxxxxxxxxxxxxxxxxxxxxxxxxxxxxxxxxxxxxxxxxxxxxxxxxxxxxxxxxxxxxxxxxxxxxxxxxxxxxxxxxxxxxxxxxxxxxxxxxxxxxxxxxxxxxxxxxxxxxxxxxxxxxxxxxxxxxxxxxxxxxxxxxxxxxxxxxxxxxxxxxxxxxxxxxxxxxxxxxxxxxxxxxxxxxxxxxxxxxxxxxxxxxxxxxxxxxxxxxxxxxxxxxxxxxxxxxxxxxxxxxxxxxxxxxxxxxxxxxxxxxxxxxxxxxxxxxxxxxxxxxxxxxxxxxxxxxxxxxxxxxxxxxxxxxxxxxxxxxxxxxxxxxxxxxxxxxxxxxxxxxxxxxxxxxxxxxxxxxxxxxxxxxxxxxxxxxxxxxxxxxxxxxxxxxxxxxxxxxxxxxxxxxxxxxxxxxxxxxxxxxxxxxxxxxxxxxxxxxxxxxxxxxxxxxxxxxxxxxxxxxxxxxxxxxxxxxxxxxxxxxxxxxxxxxxxxxxxxxxxxxxxxxxxxxxxxxxxxxxxxxxxxxxxxxxxxxxxxxxxxxxxxxxxxxxxxxxxxxxxxxxxxxxxxxxxxxxxxxxxxxxxxxxxxxxxxxxxxxxxxxxxxxxxxxxxxxxxxxxxxxxxxxxxxxxxxxxxxxxxxxxxxxxxxxxxxxxxxxxxxxxxxxxxxxxxxxxxxxxxxxxxxxxxxxxxxxxxxxxxxxxxxxxxxxxxxxxxxxxxxxxxxxxxxxxxxxxxxxxxxxxxxxxxxxxxxxxxxxxxxxxxxxxxxxxxxxxxxxxxxxxxxxxxxxxxxxxxxxxxxxxxxxxxxxxxxxxxxxxxxxxxxxxxxxxxxxxxxxxxxxxxxxxxxxxxxxxxxxxxxxxxxxxxxxxxxxxxxxxxxxxxxxxxxxxxxxxxxxxxxxxxxxxxxxxxxxxxxxxxxxxxxxxxxxxxxxxxxxxxxxxxxxxxxxxxxxxxxxxxxxxxxxxxxxxxxxxxxxxxxxxxxxxxxxxxxxxxxxxxxxxxxxxxxxxxxxxxxxxxxxxxxxxxxxxxxxxxxxxxxxxxxxxxxxxxxxxxxxxxxxxxxxxxxxxxxxxxxxxxxxxxxxxxxxxxxxxxxxxxxxxxxxxxxxxxxxxxxxxxxxxxxxxxxxxxxxxxxxxxxxxxxxxxxxxxxxxxxxxxxxxxxxxxxxxxxxxxxxxxxxxxxxxxxxxxxxxxxxxxxxxxxxxxxxxxxxxxxxxxxxxxxxxxxxxxxxxxxxxxxxxxxxxxxxxxxxxxxxxxxxxxxxxxxxxxxxxxxxxxxxxxxxxxxxxxxxxxxxxxxxxxxxxxxxxxxxxxxxxxxxxxxxxxxxxxxxxxxxxxxxxxxxxxxxxxxxxxxxxxxxxxxxxxxxxxxxxxxxxxxxxxxxxxxxxxxxxxxxxxxxxxxxxxxxxxxxxxxxxxxxxxxxxxxxxxxxxxxxxxxxxxxxxxxxxxxxxxxxxxxxxxxxxxxxxxxxxxxxxxxxxxxxxxxxxxxxxxxxxxxxxxxxxxxxxxxxxxxxxxxxxxxxxxxxxxxxxxxxxxxxxxxxxxxxxxxxxxxxxxxxxxxxxxxxxxxxxxxxxxxxxxxxxxxxxxxxxxxxxxxxxxxxxxxxxxxxxxxxxxxxxxxxxxxxxxxxxxxxxxxxxxxxxxxxxxxxxxxxxxxxxxxxxxxxxxxxxxxxxxxxxxxxxxxxxxxxxxxxxxxxxxxxxxxxxxxxxxxxxxxxxxxxxxxxxxxxxxxxxxxxxxxxxxxxxxxxxxxxxxxxxxxxxxxxxxxxxxxxxxxxxxxxxxxxxxxxxxxxxxxxxxxxxxxxxxxxxxxxxxxxxxxxxxxxxxxxxxxxxxxxxxxxxxxxxxxxxxxxxxxxxxxxxxxxxxxxxxxxxxxxxxxxxxxxxxxxxxxxxxxxxxxxxxxxxxxxxxxxxxxxxxxxxxxxxxxxxxxxxxxxxxxxxxxxxxxxxxxxxxxxxxxxxxxxxxxxxxxxxxxxxxxxxxxxxxxxxxxxxxxxxxxxxxxxxxxxxxxxxxxxxxxxxxxxxxxxxxxxxxxxxxxxxxxxxxxxxxxxxxxxxxxxxxxxxxxxxxxxxxxxxxxxxxxxxxxxxxxxxxxxxxxxxxxxxxxxxxxxxxxxxxxxxxxxxxxxxxxxxxxxxxxxxxxxxxxxxxxxxxxxxxxxxxxxxxxxxxxxxxxxxxxxxxxxxxxxxxxxxxxxxxxxxxxxxxxxxxxxxxxxxxxxxxxxxxxxxxxxxxxxxxxxxxxxxxxxxxxxxxxxxxxxxxxxxxxxxxxxxxxxxxxxxxxxxxxxxxxxxxxxxxxxxxxxxxxxxxxxxxxxxxxxxxxxxxxxxxxxxxxxxxxxxxxxxxxxxxxxxxxxxxxxxxxxxxxxxxxxxxxxxxxxxxxxxxxxxxxxxxxxxxxxxxxxxxxxxxxxxxxxxxxxxxxxxxxxxxxxxxxxxxxxxxxxxxxxxxxxxxxxxxxxxxxxxxxxxxxxxxxxxxxxxxxxxxxxxxxxxxxxxxxxxxxxxxxxxxxxxxxxxxxxxxxxxxxxxxxxxxxxxxxxxxxxxxxxxxxxxxxxxxxxxxxxxxxxxxxxxxxxxxxxxxxxxxxxxxxxxxxxxxxxxxxxxxxxxxxxxxxxxxxxxxxxxxxxxxxxxxxxxxxxxxxxxxxxxxxxxxxxxxxxxxxxxxxxxxxxxxxxxxxxxxxxxxxxxxxxxxxxxxxxxxxxxxxxxxxxxxxxxxxxxxxxxxxxxxxxxxxxxxxxxxxxxxxxxxxxxxxxxxxxxxxxxxxxxxxxxxxxxxxxxxxxxxxxxxxxxxxxxxxxxxxxxxxxxxxxxxxxxxxxxxxxxxxxxxxxxxxxxxxxxxxxxxxxxxxxxxxxxxxxxxxxxxxxxxxxxxxxxxxxxxxxxxxxxxxxxxxxxxxxxxxxxxxxxxxxxxxxxxxxxxxxxxxxxxxxxxxxxxxxxxxxxxxxxxxxxxxxxxxxxxxxxxxxxxxxxxxxxxxxxxxxxxxxxxxxxxxxxxxxxxxxxxxxxxxxxxxxxxxxxxxxxxxxxxxxxxxxxxxxxxxxxxxxxxxxxxxxxxxxxxxxxxxxxxxxxxxxxxxxxxxxxxxxxxxxxxxxxxxxxxxxxxxxxxxxxxxxxxxxxxxxxxxxxxxxxxxxxxxxxxxxxxxxxxxxxxxxxxxxxxxxxxxxxxxxxxxxxxxxxxxxxxxxxxxxxxxxxxxxxxxxxxxxxxxxxxxxxxxxxxxxxxxxxxxxxxxxxxxxxxxxxxxxxxxxxxxxxxxxxxxxxxxxxxxxxxxxxxxxxxxxxxxxxxxxxxxxxxxxxxxxxxxxxxxxxxxxxxxxxxxxxxxxxxxxxxxxxxxxxxxxxxxxxxxxxxxxxxxxxxxxxxxxxxxxxxxxxxxxxxxxxxxxxxxxxxxxxxxxxxxxxxxxxxxxxxxxxxxxxxxxxxxxxxxxxxxxxxxxxxxxxxxxxxxxxxxxxxxxxxxxxxxxxxxxxxxxxxxxxxxxxxxxxxxxxxxxxxxxxxxxxxxxxxxxxxxxxxxxxxxxxxxxxxxxxxxxxxxxxxxxxxxxxxxxxxxxxxxxxxxxxxxxxxxxxxxxxxxxxxxxxxxxxxxxxxxxxxxxxxxxxxxxxxxxxxxxxxxxxxxxxxxxxxxxxxxxxxxxxxxxxxxxxxxxxxxxxxxxxxxxxxxxxxxxxxxxxxxxxxxxxxxxxxxxxxxxxxxxxxxxxxxxxxxxxxxxxxxxxxxxxxxxxxxxxxxxxxxxxxxxxxxxxxxxxxxxxxxxxxxxxxxxxxxxxxxxxxxxxxxxxxxxxxxxxxxxxxxxxxxxxxxxxxxxxxxxxxxxxxxxxxxxxxxxxxxxxxxxxxxxxxxxxxxxxxxxxxxxxxxxxxxxxxxxxxxxxxxxxxxxxxxxxxxxxxxxxxxxxxxxxxxxxxxxxxxxxxxxxxxxxxxxxxxxxxxxxxxxxxxxxxxxxxxxxxxxxxxxxxxxxxxxxxxxxxxxxxxxxxxxxxxxxxxxxxxxxxxxxxxxxxxxxxxxxxxxxxxxxxxxxxxxxxxxxxxxxx","msg":"Creating new game match"}
{"level":40,"time":1774382621081,"pid":1604421,"hostname":"TempleOfZyminx","role":"xxxxxxxxxxxxxxxxxxxxxxxxxxxxxxxxxxxxxxxxxxxxxxxxxxxxxxxxxxxxxxxxxxxxxxxxxxxxxxxxxxxxxxxxxxxxxxxxxxxxxxxxxxxxxxxxxxxxxxxxxxxxxxxxxxxxxxxxxxxxxxxxxxxxxxxxxxxxxxxxxxxxxxxxxxxxxxxxxxxxxxxxxxxxxxxxxxxxxxxxxxxxxxxxxxxxxxxxxxxxxxxxxxxxxxxxxxxxxxxxxxxxxxxxxxxxxxxxxxxxxxxxxxxxxxxxxxxxxxxxxxxxxxxxxxxxxxxxxxxxxxxxxxxxxxxxxxxxxxxxxxxxxxxxxxxxxxxxxxxxxxxxxxxxxxxxxxxxxxxxxxxxxxxxxxxxxxxxxxxxxxxxxxxxxxxxxxxxxxxxxxxxxxxxxxxxxxxxxxxxxxxxxxxxxxxxxxxxxxxxxxxxxxxxxxxxxxxxxxxxxxxxxxxxxxxxxxxxxxxxxxxxxxxxxxxxxxxxxxxxxxxxxxxxxxxxxxxxxxxxxxxxxxxxxxxxxxxxxxxxxxxxxxxxxxxxxxxxxxxxxxxxxxxxxxxxxxxxxxxxxxxxxxxxxxxxxxxxxxxxxxxxxxxxxxxxxxxxxxxxxxxxxxxxxxxxxxxxxxxxxxxxxxxxxxxxxxxxxxxxxxxxxxxxxxxxxxxxxxxxxxxxxxxxxxxxxxxxxxxxxxxxxxxxxxxxxxxxxxxxxxxxxxxxxxxxxxxxxxxxxxxxxxxxxxxxxxxxxxxxxxxxxxxxxxxxxxxxxxxxxxxxxxxxxxxxxxxxxxxxxxxxxxxxxxxxxxxxxxxxxxxxxxxxxxxxxxxxxxxxxxxxxxxxxxxxxxxxxxxxxxxxxxxxxxxxxxxxxxxxxxxxxxxxxxxxxxxxxxxxxxxxxxxxxxxxxxxxxxxxxxxxxxxxxxxxxxxxxxxxxxxxxxxxxxxxxxxxxxxxxxxxxxxxxxxxxxxxxxxxxxxxxxxxxxxxxxxxxxxxxxxxxxxxxxxxxxxxxxxxxxxxxxxxxxxxxxxxxxxxxxxxxxxxxxxxxxxxxxxxxxxxxxxxxxxxxxxxxxxxxxxxxxxxxxxxxxxxxxxxxxxxxxxxxxxxxxxxxxxxxxxxxxxxxxxxxxxxxxxxxxxxxxxxxxxxxxxxxxxxxxxxxxxxxxxxxxxxxxxxxxxxxxxxxxxxxxxxxxxxxxxxxxxxxxxxxxxxxxxxxxxxxxxxxxxxxxxxxxxxxxxxxxxxxxxxxxxxxxxxxxxxxxxxxxxxxxxxxxxxxxxxxxxxxxxxxxxxxxxxxxxxxxxxxxxxxxxxxxxxxxxxxxxxxxxxxxxxxxxxxxxxxxxxxxxxxxxxxxxxxxxxxxxxxxxxxxxxxxxxxxxxxxxxxxxxxxxxxxxxxxxxxxxxxxxxxxxxxxxxxxxxxxxxxxxxxxxxxxxxxxxxxxxxxxxxxxxxxxxxxxxxxxxxxxxxxxxxxxxxxxxxxxxxxxxxxxxxxxxxxxxxxxxxxxxxxxxxxxxxxxxxxxxxxxxxxxxxxxxxxxxxxxxxxxxxxxxxxxxxxxxxxxxxxxxxxxxxxxxxxxxxxxxxxxxxxxxxxxxxxxxxxxxxxxxxxxxxxxxxxxxxxxxxxxxxxxxxxxxxxxxxxxxxxxxxxxxxxxxxxxxxxxxxxxxxxxxxxxxxxxxxxxxxxxxxxxxxxxxxxxxxxxxxxxxxxxxxxxxxxxxxxxxxxxxxxxxxxxxxxxxxxxxxxxxxxxxxxxxxxxxxxxxxxxxxxxxxxxxxxxxxxxxxxxxxxxxxxxxxxxxxxxxxxxxxxxxxxxxxxxxxxxxxxxxxxxxxxxxxxxxxxxxxxxxxxxxxxxxxxxxxxxxxxxxxxxxxxxxxxxxxxxxxxxxxxxxxxxxxxxxxxxxxxxxxxxxxxxxxxxxxxxxxxxxxxxxxxxxxxxxxxxxxxxxxxxxxxxxxxxxxxxxxxxxxxxxxxxxxxxxxxxxxxxxxxxxxxxxxxxxxxxxxxxxxxxxxxxxxxxxxxxxxxxxxxxxxxxxxxxxxxxxxxxxxxxxxxxxxxxxxxxxxxxxxxxxxxxxxxxxxxxxxxxxxxxxxxxxxxxxxxxxxxxxxxxxxxxxxxxxxxxxxxxxxxxxxxxxxxxxxxxxxxxxxxxxxxxxxxxxxxxxxxxxxxxxxxxxxxxxxxxxxxxxxxxxxxxxxxxxxxxxxxxxxxxxxxxxxxxxxxxxxxxxxxxxxxxxxxxxxxxxxxxxxxxxxxxxxxxxxxxxxxxxxxxxxxxxxxxxxxxxxxxxxxxxxxxxxxxxxxxxxxxxxxxxxxxxxxxxxxxxxxxxxxxxxxxxxxxxxxxxxxxxxxxxxxxxxxxxxxxxxxxxxxxxxxxxxxxxxxxxxxxxxxxxxxxxxxxxxxxxxxxxxxxxxxxxxxxxxxxxxxxxxxxxxxxxxxxxxxxxxxxxxxxxxxxxxxxxxxxxxxxxxxxxxxxxxxxxxxxxxxxxxxxxxxxxxxxxxxxxxxxxxxxxxxxxxxxxxxxxxxxxxxxxxxxxxxxxxxxxxxxxxxxxxxxxxxxxxxxxxxxxxxxxxxxxxxxxxxxxxxxxxxxxxxxxxxxxxxxxxxxxxxxxxxxxxxxxxxxxxxxxxxxxxxxxxxxxxxxxxxxxxxxxxxxxxxxxxxxxxxxxxxxxxxxxxxxxxxxxxxxxxxxxxxxxxxxxxxxxxxxxxxxxxxxxxxxxxxxxxxxxxxxxxxxxxxxxxxxxxxxxxxxxxxxxxxxxxxxxxxxxxxxxxxxxxxxxxxxxxxxxxxxxxxxxxxxxxxxxxxxxxxxxxxxxxxxxxxxxxxxxxxxxxxxxxxxxxxxxxxxxxxxxxxxxxxxxxxxxxxxxxxxxxxxxxxxxxxxxxxxxxxxxxxxxxxxxxxxxxxxxxxxxxxxxxxxxxxxxxxxxxxxxxxxxxxxxxxxxxxxxxxxxxxxxxxxxxxxxxxxxxxxxxxxxxxxxxxxxxxxxxxxxxxxxxxxxxxxxxxxxxxxxxxxxxxxxxxxxxxxxxxxxxxxxxxxxxxxxxxxxxxxxxxxxxxxxxxxxxxxxxxxxxxxxxxxxxxxxxxxxxxxxxxxxxxxxxxxxxxxxxxxxxxxxxxxxxxxxxxxxxxxxxxxxxxxxxxxxxxxxxxxxxxxxxxxxxxxxxxxxxxxxxxxxxxxxxxxxxxxxxxxxxxxxxxxxxxxxxxxxxxxxxxxxxxxxxxxxxxxxxxxxxxxxxxxxxxxxxxxxxxxxxxxxxxxxxxxxxxxxxxxxxxxxxxxxxxxxxxxxxxxxxxxxxxxxxxxxxxxxxxxxxxxxxxxxxxxxxxxxxxxxxxxxxxxxxxxxxxxxxxxxxxxxxxxxxxxxxxxxxxxxxxxxxxxxxxxxxxxxxxxxxxxxxxxxxxxxxxxxxxxxxxxxxxxxxxxxxxxxxxxxxxxxxxxxxxxxxxxxxxxxxxxxxxxxxxxxxxxxxxxxxxxxxxxxxxxxxxxxxxxxxxxxxxxxxxxxxxxxxxxxxxxxxxxxxxxxxxxxxxxxxxxxxxxxxxxxxxxxxxxxxxxxxxxxxxxxxxxxxxxxxxxxxxxxxxxxxxxxxxxxxxxxxxxxxxxxxxxxxxxxxxxxxxxxxxxxxxxxxxxxxxxxxxxxxxxxxxxxxxxxxxxxxxxxxxxxxxxxxxxxxxxxxxxxxxxxxxxxxxxxxxxxxxxxxxxxxxxxxxxxxxxxxxxxxxxxxxxxxxxxxxxxxxxxxxxxxxxxxxxxxxxxxxxxxxxxxxxxxxxxxxxxxxxxxxxxxxxxxxxxxxxxxxxxxxxxxxxxxxxxxxxxxxxxxxxxxxxxxxxxxxxxxxxxxxxxxxxxxxxxxxxxxxxxxxxxxxxxxxxxxxxxxxxxxxxxxxxxxxxxxxxxxxxxxxxxxxxxxxxxxxxxxxxxxxxxxxxxxxxxxxxxxxxxxxxxxxxxxxxxxxxxxxxxxxxxxxxxxxxxxxxxxxxxxxxxxxxxxxxxxxxxxxxxxxxxxxxxxxxxxxxxxxxxxxxxxxxxxxxxxxxxxxxxxxxxxxxxxxxxxxxxxxxxxxxxxxxxxxxxxxxxxxxxxxxxxxxxxxxxxxxxxxxxxxxxxxxxxxxxxxxxxxxxxxxxxxxxxxxxxxxxxxxxxxxxxxxxxxxxxxxxxxxxxxxxxxxxxxxxxxxxxxxxxxxxxxxxxxxxxxxxxxxxxxxxxxxxxxxxxxxxxxxxxxxxxxxxxxxxxxxxxxxxxxxxxxxxxxxxxxxxxxxxxxxxxxxxxxxxxxxxxxxxxxxxxxxxxxxxxxxxxxxxxxxxxxxxxxxxxxxxxxxxxxxxxxxxxxxxxxxxxxxxxxxxxxxxxxxxxxxxxxxxxxxxxxxxxxxxxxxxxxxxxxxxxxxxxxxxxxxxxxxxxxxxxxxxxxxxxxxxxxxxxxxxxxxxxxxxxxxxxxxxxxxxxxxxxxxxxxxxxxxxxxxxxxxxxxxxxxxxxxxxxxxxxxxxxxxxxxxxxxxxxxxxxxxxxxxxxxxxxxxxxxxxxxxxxxxxxxxxxxxxxxxxxxxxxxxxxxxxxxxxxxxxxxxxxxxxxxxxxxxxxxxxxxxxxxxxxxxxxxxxxxxxxxxxxxxxxxxxxxxxxxxxxxxxxxxxxxxxxxxxxxxxxxxxxxxxxxxxxxxxxxxxxxxxxxxxxxxxxxxxxxxxxxxxxxxxxxxxxxxxxxxxxxxxxxxxxxxxxxxxxxxxxxxxxxxxxxxxxxxxxxxxxxxxxxxxxxxxxxxxxxxxxxxxxxxxxxxxxxxxxxxxxxxxxxxxxxxxxxxxxxxxxxxxxxxxxxxxxxxxxxxxxxxxxxxxxxxxxxxxxxxxxxxxxxxxxxxxxxxxxxxxxxxxxxxxxxxxxxxxxxxxxxxxxxxxxxxxxxxxxxxxxxxxxxxxxxxxxxxxxxxxxxxxxxxxxxxxxxxxxxxxxxxxxxxxxxxxxxxxxxxxxxxxxxxxxxxxxxxxxxxxxxxxxxxxxxxxxxxxxxxxxxxxxxxxxxxxxxxxxxxxxxxxxxxxxxxxxxxxxxxxxxxxxxxxxxxxxxxxxxxxxxxxxxxxxxxxxxxxxxxxxxxxxxxxxxxxxxxxxxxxxxxxxxxxxxxxxxxxxxxxxxxxxxxxxxxxxxxxxxxxxxxxxxxxxxxxxxxxxxxxxxxxxxxxxxxxxxxxxxxxxxxxxxxxxxxxxxxxxxxxxxxxxxxxxxxxxxxxxxxxxxxxxxxxxxxxxxxxxxxxxxxxxxxxxxxxxxxxxxxxxxxxxxxxxxxxxxxxxxxxxxxxxxxxxxxxxxxxxxxxxxxxxxxxxxxxxxxxxxxxxxxxxxxxxxxxxxxxxxxxxxxxxxxxxxxxxxxxxxxxxxxxxxxxxxxxxxxxxxxxxxxxxxxxxxxxxxxxxxxxxxxxxxxxxxxxxxxxxxxxxxxxxxxxxxxxxxxxxxxxxxxxxxxxxxxxxxxxxxxxxxxxxxxxxxxxxxxxxxxxxxxxxxxxxxxxxxxxxxxxxxxxxxxxxxxxxxxxxxxxxxxxxxxxxxxxxxxxxxxxxxxxxxxxxxxxxxxxxxxxxxxxxxxxxxxxxxxxxxxxxxxxxxxxxxxxxxxxxxxxxxxxxxxxxxxxxxxxxxxxxxxxxxxxxxxxxxxxxxxxxxxxxxxxxxxxxxxxxxxxxxxxxxxxxxxxxxxxxxxxxxxxxxxxxxxxxxxxxxxxxxxxxxxxxxxxxxxxxxxxxxxxxxxxxxxxxxxxxxxxxxxxxxxxxxxxxxxxxxxxxxxxxxxxxxxxxxxxxxxxxxxxxxxxxxxxxxxxxxxxxxxxxxxxxxxxxxxxxxxxxxxxxxxxxxxxxxxxxxxxxxxxxxxxxxxxxxxxxxxxxxxxxxxxxxxxxxxxxxxxxxxxxxxxxxxxxxxxxxxxxxxxxxxxxxxxxxxxxxxxxxxxxxxxxxxxxxxxxxxxxxxxxxxxxxxxxxxxxxxxxxxxxxxxxxxxxxxxxxxxxxxxxxxxxxxxxxxxxxxxxxxxxxxxxxxxxxxxxxxxxxxxxxxxxxxxxxxxxxxxxxxxxxxxxxxxxxxxxxxxxxxxxxxxxxxxxxxxxxxxxxxxxxxxxxxxxxxxxxxxxxxxxxxxxxxxxxxxxxxxxxxxxxxxxxxxxxxxxxxxxxxxxxxxxxxxxxxxxxxxxxxxxxxxxxxxxxxxxxxxxxxxxxxxxxxxxxxxxxxxxxxxxxxxxxxxxxxxxxxxxxxxxxxxxxxxxxxxxxxxxxxxxxxxxxxxxxxxxxxxxxxxxxxxxxxxxxxxxxxxxxxxxxxxxxxxxxxxxxxxxxxxxxxxxxxxxxxxxxxxxxxxxxxxxxxxxxxxxxxxxxxxxxxxxxxxxxxxxxxxxxxxxxxxxxxxxxxxxxxxxxxxxxxxxxxxxxxxxxxxxxxxxxxxxxxxxxxxxxxxxxxxxxxxxxxxxxxxxxxxxxxxxxxxxxxxxxxxxxxxxxxxxxxxxxxxxxxxxxxxxxxxxxxxxxxxxxxxxxxxxxxxxxxxxxxxxxxxxxxxxxxxxxxxxxxxxxxxxxxxxxxxxxxxxxxxxxxxxxxxxxxxxxxxxxxxxxxxxxxxxxxxxxxxxxxxxxxxxxxxxxxxxxxxxxxxxxxxxxxxxxxxxxxxxxxxxxxxxxxxxxxxxxxxxxxxxxxxxxxxxxxxxxxxxxxxxxxxxxxxxxxxxxxxxxxxxxxxxxxxxxxxxxxxxxxxxxxxxxxxxxxxxxxxxxxxxxxxxxxxxxxxxxxxxxxxxxxxxxxxxxxxxxxxxxxxxxxxxxxxxxxxxxxxxxxxxxxxxxxxxxxxxxxxxxxxxxxxxxxxxxxxxxxxxxxxxxxxxxxxxxxxxxxxxxxxxxxxxxxxxxxxxxxxxxxxxxxxxxxxxxxxxxxxxxxxxxxxxxxxxxxxxxxxxxxxxxxxxxxxxxxxxxxxxxxxxxxxxxxxxxxxxxxxxxxxxxxxxxxxxxxxxxxxxxxxxxxxxxxxxxxxxxxxxxxxxxxxxxxxxxxxxxxxxxxxxxxxxxxxxxxxxxxxxxxxxxxxxxxxxxxxxxxxxxxxxxxxxxxxxxxxxxxxxxxxxxxxxxxxxxxxxxxxxxxxxxxxxxxxxxxxxxxxxxxxxxxxxxxxxxxxxxxxxxxxxxxxxxxxxxxxxxxxxxxxxxxxxxxxxxxxxxxxxxxxxxxxxxxxxxxxxxxxxxxxxxxxxxxxxxxxxxxxxxxxxxxxxxxxxxxxxxxxxxxxxxxxxxxxxxxxxxxxxxxxxxxxxxxxxxxxxxxxxxxxxxxxxxxxxxxxxxxxxxxxxxxxxxxxxxxxxxxxxxxxxxxxxxxxxxxxxxxxxxxxxxxxxxxxxxxxxxxxxxxxxxxxxxxxxxxxxxxxxxxxxxxxxxxxxxxxxxxxxxxxxxxxxxxxxxxxxxxxxxxxxxxxxxxxxxxxxxxxxxxxxxxxxxxxxxxxxxxxxxxxxxxxxxxxxxxxxxxxxxxxxxxxxxxxxxxxxxxxxxxxxxxxxxxxxxxxxxxxxxxxxxxxxxxxxxxxxxxxxxxxxxxxxxxxxxxxxxxxxxxxxxxxxxxxxxxxxxxxxxxxxxxxxxxxxxxxxxxxxxxxxxxxxxxxxxxxxxxxxxxxxxxxxxxxxxxxxxxxxxxxxxxxxxxxxxxxxxxxxxxxxxxxxxxxxxxxxxxxxxxxxxxxxxxxxxxxxxxxxxxxxxxxxxxxxxxxxxxxxxxxxxxxxxxxxxxxxxxxxxxxxxxxxxxxxxxxxxxxxxxxxxxxxxxxxxxxxxxxxxxxxxxxxxxxxxxxxxxxxxxxxxxxxxxxxxxxxxxxxxxxxxxxxxxxxxxxxxxxxxxxxxxxxxxxxxxxxxxxxxxxxxxxxxxxxxxxxxxxxxxxxxxxxxxxxxxxxxxxxxxxxxxxxxxxxxxxxxxxxxxxxxxxxxxxxxxxxxxxxxxxxxxxxxxxxxxxxxxxxxxxxxxxxxxxxxxxxxxxxxxxxxxxxxxxxxxxxxxxxxxxxxxxxxxxxxxxxxxxxxxxxxxxxxxxxxxxxxxxxxxxxxxxxxxxxxxxxxxxxxxxxxxxxxxxxxxxxxxxxxxxxxxxxxxxxxxxxxxxxxxxxxxxxxxxxxxxxxxxxxxxxxxxxxxxxxxxxxxxxxxxxxxxxxxxxxxxxxxxxxxxxxxxxxxxxxxxxxxxxxxxxxxxxxxxxxxxxxxxxxxxxxxxxxxxxxxxxxxxxxxxxxxxxxxxxxxxxxxxxxxxxxxxxxxxxxxxxxxxxxxxxxxxxxxxxxxxxxxxxxxxxxxxxxxxxxxxxxxxxxxxxxxxxxxxxxxxxxxxxxxxxxxxxxxxxxxxxxxxxxxxxxxxxxxxxxxxxxxxxxxxxxxxxxxxxxxxxxxxxxxxxxxxxxxxxxxxxxxxxxxxxxxxxxxxxxxxxxxxxxxxxxxxxxxxxxxxxxxxxxxxxxxxxxxxxxxxxxxxxxxxxxxxxxxxxxxxxxxxxxxxxxxxxxxxxxxxxxxxxxxxxxxxxxxxxxxxxxxxxxxxxxxxxxxxxxxxxxxxxxxxxxxxxxxxxxxxxxxxxxxxxxxxxxxxxxxxxxxxxxxxxxxxxxxxxxxxxxxxxxxxxxxxxxxxxxxxxxxxxxxxxxxxxxxxxxxxxxxxxxxxxxxxxxxxxxxxxxxxxxxxxxxxxxxxxxxxxxxxxxxxxxxxxxxxxxxxxxxxxxxxxxxxxxxxxxxxxxxxxxxxxxxxxxxxxxxxxxxxxxxxxxxxxxxxxxxxxxxxxxxxxxxxxxxxxxxxxxxxxxxxxxxxxxxxxxxxxxxxxxxxxxxxxxxxxxxxxxxxxxxxxxxxxxxxxxxxxxxxxxxxxxxxxxxxxxxxxxxxxxxxxxxxxxxxxxxxxxxxxxxxxxxxxxxxxxxxxxxxxxxxxxxxxxxxxxxxxxxxxxxxxxxxxxxxxxxxxxxxxxxxxxxxxxxxxxxxxxxxxxxxxxxxxxxxxxxxxxxxxxxxxxxxxxxxxxxxxxxxxxxxxxxxxxxxxxxxxxxxxxxxxxxxxxxxxxxxxxxxxxxxxxxxxxxxxxxxxxxxxxxxxxxxxxxxxxxxxxxxxxxxxxxxxxxxxxxxxxxxxxxxxxxxxxxxxxxxxxxxxxxxxxxxxxxxxxxxxxxxxxxxxxxxxxxxxxxxxxxxxxxxxxxxxxxxxxxxxxxxxxxxxxxxxxxxxxxxxxxxxxxxxxxxxxxxxxxxxxxxxxxxxxxxxxxxxxxxxxxxxxxxxxxxxxxxxxxxxxxxxxxxxxxxxxxxxxxxxxxxxxxxxxxxxxxxxxxxxxxxxxxxxxxxxxxxxxxxxxxxxxxxxxxxxxxxxxxxxxxxxxxxxxxxxxxxxxxxxxxxxxxxxxxxxxxxxxxxxxxxxxxxxxxxxxxxxxxxxxxxxxxxxxxxxxxxxxxxxxxxxxxxxxxxxxxxxxxxxxxxxxxxxxxxxxxxxxxxxxxxxxxxxxxxxxxxxxxxxxxxxxxxxxxxxxxxxxxxxxxxxxxxxxxxxxxxxxxxxxxxxxxxxxxxxxxxxxxxxxxxxxxxxxxxxxxxxxxxxxxxxxxxxxxxxxxxxxxxxxxxxxxxxxxxxxxxxxxxxxxxxxxxxxxxxxxxxxxxxxxxxxxxxxxxxxxxxxxxxxxxxxxxxxxxxxxxxxxxxxxxxxxxxxxxxxxxxxxxxxxxxxxxxxxxxxxxxxxxxxxxxxxxxxxxxxxxxxxxxxxxxxxxxxxxxxxxxxxxxxxxxxxxxxxxxxxxxxxxxxxxxxxxxxxxxxxxxxxxxxxxxxxxxxxxxxxxxxxxxxxxxxxxxxxxxxxxxxxxxxxxxxxxxxxxxxxxxxxxxxxxxxxxxxxxxxxxxxxxxxxxxxxxxxxxxxxxxxxxxxxxxxxxxxxxxxxxxxxxxxxxxxxxxxxxxxxxxxxxxxxxxxxxxxxxxxxxxxxxxxxxxxxxxxxxxxxxxxxxxxxxxxxxxxxxxxxxxxxxxxxxxxxxxxxxxxxxxxxxxxxxxxxxxxxxxxxxxxxxxxxxxxxxxxxxxxxxxxxxxxxxxxxxxxxxxxxxxxxxxxxxxxxxxxxxxxxxxxxxxxxxxxxxxxxxxxxxxxxxxxxxxxxxxxxxxxxxxxxxxxxxxxxxxxxxxxxxxxxxxxxxxxxxxxxxxxxxxxxxxxxxxxxxxxxxxxxxxxxxxxxxxxxxxxxxxxxxxxxxxxxxxxxxxxxxxxxxxxxxxxxxxxxxxxxxxxxxxxxxxxxxxxxxxxxxxxxxxxxxxxxxxxxxxxxxxxxxxxxxxxxxxxxxxxxxxxxxxxxxxxxxxxxxxxxxxxxxxxxxxxxxxxxxxxxxxxxxxxxxxxxxxxxxxxxxxxxxxxxxxxxxxxxxxxxxxxxxxxxxxxxxxxxxxxxxxxxxxxxxxxxxxxxxxxxxxxxxxxxxxxxxxxxxxxxxxxxxxxxxxxxxxxxxxxxxxxxxxxxxxxxxxxxxxxxxxxxxxxxxxxxxxxxxxxxxxxxxxxxxxxxxxxxxxxxxxxxxxxxxxxxxxxxxxxxxxxxxxxxxxxxxxxxxxxxxxxxxxxxxxxxxxxxxxxxxxxxxxxxxxxxxxxxxxxxxxxxxxxxxxxxxxxxxxxxxxxxxxxxxxxxxxxxxxxxxxxxxxxxxxxxxxxxxxxxxxxxxxxxxxxxxxxxxxxxxxxxxxxxxxxxxxxxxxxxxxxxxxxxxxxxxxxxxxxxxxxxxxxxxxxxxxxxxxxxxxxxxxxxxxxxxxxxxxxxxxxxxxxxxxxxxxxxxxxxxxxxxxxxxxxxxxxxxxxxxxxxxxxxxxxxxxxxxxxxxxxxxxxxxxxxxxxxxxxxxxxxxxxxxxxxxxxxxxxxxxxxxxxxxxxxxxxxxxxxxxxxxxxxxxxxxxxxxxxxxxxxxxxxxxxxxxxxxxxxxxxxxxxxxxxxxxxxxxxxxxxxxxxxxxxxxxxxxxxxxxxxxxxxxxxxxxxxxxxxxxxxxxxxxxxxxxxxxxxxxxxxxxxxxxxxxxxxxxxxxxxxxxxxxxxxxxxxxxxxxxxxxxxxxxxxxxxxxxxxxxxxxxxxxxxxxxxxxxxxxxxxxxxxxxxxxxxxxxxxxxxxxxxxxxxxxxxxxxxxxxxxxxxxxxxxxxxxxxxxxxxxxxxxxxxxxxxxxxxxxxxxxxxxxxxxxxxxxxxxxxxxxxxxxxxxxxxxxxxxxxxxxxxxxxxxxxxxxxxxxxxxxxxxxxxxxxxxxxxxxxxxxxxxxxxxxxxxxxxxxxxxxxxxxxxxxxxxxxxxxxxxxxxxxxxxxxxxxxxxxxxxxxxxxxxxxxxxxxxxxxxxxxxxxxxxxxxxxxxxxxxxxxxxxxxxxxxxxxxxxxxxxxxxxxxxxxxxxxxxxxxxxxxxxxxxxxxxxxxxxxxxxxxxxxxxxxxxxxxxxxxxxxxxxxxxxxxxxxxxxxxxxxxxxxxxxxxxxxxxxxxxxxxxxxxxxxxxxxxxxxxxxxxxxxxxxxxxxxxxxxxxxxxxxxxxxxxxxxxxxxxxxxxxxxxxxxxxxxxxxxxxxxxxxxxxxxxxxxxxxxxxxxxxxxxxxxxxxxxxxxxxxxxxxxxxxxxxxxxxxxxxxxxxxxxxxxxxxxxxxxxxxxxxxxxxxxxxxxxxxxxxxxxxxxxxxxxxxxxxxxxxxxxxxxxxxxxxxxxxxxxxxxxxxxxxxxxxxxxxxxxxxxxxxxxxxxxxxxxxxxxxxxxxxxxxxxxxxxxxxxxxxxxxxxxxxxxxxxxxxxxxxxxxxxxxxxxxxxxxxxxxxxxxxxxxxxxxxxxxxxxxxxxxxxxxxxxxxxxxxxxxxxxxxxxxxxxxxxxxxxxxxxxxxxxxxxxxxxxxxxxxxxxxxxxxxxxxxxxxxxxxxxxxxxxxxxxxxxxxxxxxxxxxxxxxxxxxxxxxxxxxxxxxxxxxxxxxxxxxxxxxxxxxxxxxxxxxxxxxxxxxxxxxxxxxxxxxxxxxxxxxxxxxxxxxxxxxxxxxxxxxxxxxxxxxxxxxxxxxxxxxxxxxxxxxxxxxxxxxxxxxxxxxxxxxxxxxxxxxxxxxxxxxxxxxxxxxxxxxxxxxxxxxxxxxxxxxxxxxxxxxxxxxxxxxxxxxxxxxxxxxxxxxxxxxxxxxxxxxxxxxxxxxxxxxxxxxxxxxxxxxxxxxxxxxxxxxxxxxxxxxxxxxxxxxxxxxxxxxxxxxxxxxxxxxxxxxxxxxxxxxxxxxxxxxxxxxxxxxxxxxxxxxxxxxxxxxxxxxxxxxxxxxxxxxxxxxxxxxxxxxxxxxxxxxxxxxxxxxxxxxxxxxxxxxxxxxxxxxxxxxxxxxxxxxxxxxxxxxxxxxxxxxxxxxxxxxxxxxxxxxxxxxxxxxxxxxxxxxxxxxxxxxxxxxxxxxxxxxxxxxxxxxxxxxxxxxxxxxxxxxxxxxxxxxxxxxxxxxxxxxxxxxxxxxxxxxxxxxxxxxxxxxxxxxxxxxxxxxxxxxxxxxxxxxxxxxxxxxxxxxxxxxxxxxxxxxxxxxxxxxxxxxxxxxxxxxxxxxxxxxxxxxxxxxxxxxxxxxxxxxxxxxxxxxxxxxxxxxxxxxxxxxxxxxxxxxxxxxxxxxxxxxxxxxxxxxxxxxxxxxxxxxxxxxxxxxxxxxxxxxxxxxxxxxxxxxxxxxxxxxxxxxxxxxxxxxxxxxxxxxxxxxxxxxxxxxxxxxxxxxxxxxxxxxxxxxxxxxxxxxxxxxxxxxxxxxxxxxxxxxxxxxxxxxxxxxxxxxxxxxxxxxxxxxxxxxxxxxxxxxxxxxxxxxxxxxxxxxxxxxxxxxxxxxxxxxxxxxxxxxxxxxxxxxxxxxxxxxxxxxxxxxxxxxxxxxxxxxxxxxxxxxxxxxxxxxxxxxxxxxxxxxxxxxxxxxxxxxxxxxxxxxxxxxxxxxxxxxxxxxxxxxxxxxxxxxxxxxxxxxxxxxxxxxxxxxxxxxxxxxxxxxxxxxxxxxxxxxxxxxxxxxxxxxxxxxxxxxxxxxxxxxxxxxxxxxxxxxxxxxxxxxxxxxxxxxxxxxxxxxxxxxxxxxxxxxxxxxxxxxxxxxxxxxxxxxxxxxxxxxxxxxxxxxxxxxxxxxxxxxxxxxxxxxxxxxxxxxxxxxxxxxxxxxxxxxxxxxxxxxxxxxxxxxxxxxxxxxxxxxxxxxxxxxxxxxxxxxxxxxxxxxxxxxxxxxxxxxxxxxxxxxxxxxxxxxxxxxxxxxxxxxxxxxxxxxxxxxxxxxxxxxxxxxxxxxxxxxxxxxxxxxxxxxxxxxxxxxxxxxxxxxxxxxxxxxxxxxxxxxxxxxxxxxxxxxxxxxxxxxxxxxxxxxxxxxxxxxxxxxxxxxxxxxxxxxxxxxxxxxxxxxxxxxxxxxxxxxxxxxxxxxxxxxxxxxxxxxxxxxxxxxxxxxxxxxxxxxxxxxxxxxxxxxxxxxxxxxxxxxxxxxxxxxxxxxxxxxxxxxxxxxxxxxxxxxxxxxxxxxxxxxxxxxxxxxxxxxxxxxxxxxxxxxxxxxxxxxxxxxxxxxxxxxxxxxxxxxxxxxxxxxxxxxxxxxxxxxxxxxxxxxxxxxxxxxxxxxxxxxxxxxxxxxxxxxxxxxxxxxxxxxxxxxxxxxxxxxxxxxxxxxxxxxxxxxxxxxxxxxxxxxxxxxxxxxxxxxxxxxxxxxxxxxxxxxxxxxxxxxxxxxxxxxxxxxxxxxxxxxxxxxxxxxxxxxxxxxxxxxxxxxxxxxxxxxxxxxxxxxxxxxxxxxxxxxxxxxxxxxxxxxxxxxxxxxxxxxxxxxxxxxxxxxxxxxxxxxxxxxxxxxxxxxxxxxxxxxxxxxxxxxxxxxxxxxxxxxxxxxxxxxxxxxxxxxxxxxxxxxxxxxxxxxxxxxxxxxxxxxxxxxxxxxxxxxxxxxxxxxxxxxxxxxxxxxxxxxxxxxxxxxxxxxxxxxxxxxxxxxxxxxxxxxxxxxxxxxxxxxxxxxxxxxxxxxxxxxxxxxxxxxxxxxxxxxxxxxxxxxxxxxxxxxxxxxxxxxxxxxxxxxxxxxxxxxxxxxxxxxxxxxxxxxxxxxxxxxxxxxxxxxxxxxxxxxxxxxxxxxxxxxxxxxxxxxxxxxxxxxxxxxxxxxxxxxxxxxxxxxxxxxxxxxxxxxxxxxxxxxxxxxxxxxxxxxxxxxxxxxxxxxxxxxxxxxxxxxxxxxxxxxxxxxxxxxxxxxxxxxxxxxxxxxxxxxxxxxxxxxxxxxxxxxxxxxxxxxxxxxxxxxxxxxxxxxxxxxxxxxxxxxxxxxxxxxxxxxxxxxxxxxxxxxxxxxxxxxxxxxxxxxxxxxxxxxxxxxxxxxxxxxxxxxxxxxxxxxxxxxxxxxxxxxxxxxxxxxxxxxxxxxxxxxxxxxxxxxxxxxxxxxxxxxxxxxxxxxxxxxxxxxxxxxxxxxxxxxxxxxxxxxxxxxxxxxxxxxxxxxxxxxxxxxxxxxxxxxxxxxxxxxxxxxxxxxxxxxxxxxxxxxxxxxxxxxxxxxxxxxxxxxxxxxxxxxxxxxxxxxxxxxxxxxxxxxxxxxxxxxxxxxxxxxxxxxxxxxxxxxxxxxxxxxxxxxxxxxxxxxxxxxxxxxxxxxxxxxxxxxxxxxxxxxxxxxxxxxxxxxxxxxxxxxxxxxxxxxxxxxxxxxxxxxxxxxxxxxxxxxxxxxxxxxxxxxxxxxxxxxxxxxxxxxxxxxxxxxxxxxxxxxxxxxxxxxxxxxxxxxxxxxxxxxxxxxxxxxxxxxxxxxxxxxxxxxxxxxxxxxxxxxxxxxxxxxxxxxxxxxxxxxxxxxxxxxxxxxxxxxxxxxxxxxxxxxxxxxxxxxxxxxxxxxxxxxxxxxxxxxxxxxxxxxxxxxxxxxxxxxxxxxxxxxxxxxxxxxxxxxxxxxxxxxxxxxxxxxxxxxxxxxxxxxxxxxxxxxxxxxxxxxxxxxxxxxxxxxxxxxxxxxxxxxxxxxxxxxxxxxxxxxxxxxxxxxxxxxxxxxxxxxxxxxxxxxxxxxxxxxxxxxxxxxxxxxxxxxxxxxxxxxxxxxxxxxxxxxxxxxxxxxxxxxxxxxxxxxxxxxxxxxxxxxxxxxxxxxxxxxxxxxxxxxxxxxxxxxxxxxxxxxxxxxxxxxxxxxxxxxxxxxxxxxxxxxxxxxxxxxxxxxxxxxxxxxxxxxxxxxxxxxxxxxxxxxxxxxxxxxxxxxxxxxxxxxxxxxxxxxxxxxxxxxxxxxxxxxxxxxxxxxxxxxxxxxxxxxxxxxxxxxxxxxxxxxxxxxxxxxxxxxxxxxxxxxxxxxxxxxxxxxxxxxxxxxxxxxxxxxxxxxxxxxxxxxxxxxxxxxxxxxxxxxxxxxxxxxxxxxxxxxxxxxxxxxxxxxxxxxxxxxxxxxxxxxxxxxxxxxxxxxxxxxxxxxxxxxxxxxxxxxxxxxxxxxxxxxxxxxxxxxxxxxxxxxxxxxxxxxxxxxxxxxxxxxxxxxxxxxxxxxxxxxxxxxxxxxxxxxxxxxxxxxxxxxxxxxxxxxxxxxxxxxxxxxxxxxxxxxxxxxxxxxxxxxxxxxxxxxxxxxxxxxxxxxxxxxxxxxxxxxxxxxxxxxxxxxxxxxxxxxxxxxxxxxxxxxxxxxxxxxxxxxxxxxxxxxxxxxxxxxxxxxxxxxxxxxxxxxxxxxxxxxxxxxxxxxxxxxxxxxxxxxxxxxxxxxxxxxxxxxxxxxxxxxxxxxxxxxxxxxxxxxxxxxxxxxxxxxxxxxxxxxxxxxxxxxxxxxxxxxxxxxxxxxxxxxxxxxxxxxxxxxxxxxxxxxxxxxxxxxxxxxxxxxxxxxxxxxxxxxxxxxxxxxxxxxxxxxxxxxxxxxxxxxxxxxxxxxxxxxxxxxxxxxxxxxxxxxxxxxxxxxxxxxxxxxxxxxxxxxxxxxxxxxxxxxxxxxxxxxxxxxxxxxxxxxxxxxxxxxxxxxxxxxxxxxxxxxxxxxxxxxxxxxxxxxxxxxxxxxxxxxxxxxxxxxxxxxxxxxxxxxxxxxxxxxxxxxxxxxxxxxxxxxxxxxxxxxxxxxxxxxxxxxxxxxxxxxxxxxxxxxxxxxxxxxxxxxxxxxxxxxxxxxxxxxxxxxxxxxxxxxxxxxxxxxxxxxxxxxxxxxxxxxxxxxxxxxxxxxxxxxxxxxxxxxxxxxxxxxxxxxxxxxxxxxxxxxxxxxxxxxxxxxxxxxxxxxxxxxxxxxxxxxxxxxxxxxxxxxxxxxxxxxxxxxxxxxxxxxxxxxxxxxxxxxxxxxxxxxxxxxxxxxxxxxxxxxxxxxxxxxxxxxxxxxxxxxxxxxxxxxxxxxxxxxxxxxxxxxxxxxxxxxxxxxxxxxxxxxxxxxxxxxxxxxxxxxxxxxxxxxxxxxxxxxxxxxxxxxxxxxxxxxxxxxxxxxxxxxxxxxxxxxxxxxxxxxxxxxxxxxxxxxxxxxxxxxxxxxxxxxxxxxxxxxxxxxxxxxxxxxxxxxxxxxxxxxxxxxxxxxxxxxxxxxxxxxxxxxxxxxxxxxxxxxxxxxxxxxxxxxxxxxxxxxxxxxxxxxxxxxxxxxxxxxxxxxxxxxxxxxxxxxxxxxxxxxxxxxxxxxxxxxxxxxxxxxxxxxxxxxxxxxxxxxxxxxxxxxxxxxxxxxxxxxxxxxxxxxxxxxxxxxxxxxxxxxxxxxxxxxxxxxxxxxxxxxxxxxxxxxxxxxxxxxxxxxxxxxxxxxxxxxxxxxxxxxxxxxxxxxxxxxxxxxxxxxxxxxxxxxxxxxxxxxxxxxxxxxxxxxxxxxxxxxxxxxxxxxxxxxxxxxxxxxxxxxxxxxxxxxxxxxxxxxxxxxxxxxxxxxxxxxxxxxxxxxxxxxxxxxxxxxxxxxxxxxxxxxxxxxxxxxxxxxxxxxxxxxxxxxxxxxxxxxxxxxxxxxxxxxxxxxxxxxxxxxxxxxxxxxxxxxxxxxxxxxxxxxxxxxxxxxxxxxxxxxxxxxxxxxxxxxxxxxxxxxxxxxxxxxxxxxxxxxxxxxxxxxxxxxxxxxxxxxxxxxxxxxxxxxxxxxxxxxxxxxxxxxxxxxxxxxxxxxxxxxxxxxxxxxxxxxxxxxxxxxxxxxxxxxxxxxxxxxxxxxxxxxxxxxxxxxxxxxxxxxxxxxxxxxxxxxxxxxxxxxxxxxxxxxxxxxxxxxxxxxxxxxxxxxxxxxxxxxxxxxxxxxxxxxxxxxxxxxxxxxxxxxxxxxxxxxxxxxxxxxxxxxxxxxxxxxxxxxxxxxxxxxxxxxxxxxxxxxxxxxxxxxxxxxxxxxxxxxxxxxxxxxxxxxxxxxxxxxxxxxxxxxxxxxxxxxxxxxxxxxxxxxxxxxxxxxxxxxxxxxxxxxxxxxxxxxxxxxxxxxxxxxxxxxxxxxxxxxxxxxxxxxxxxxxxxxxxxxxxxxxxxxxxxxxxxxxxxxxxxxxxxxxxxxxxxxxxxxxxxxxx","msg":"Invalid role specified"}
{"level":30,"time":1774382621081,"pid":1603593,"hostname":"TempleOfZyminx","id":"5a0b0710-4b16-4941-91e6-ae9a2c92bfc5","msg":"Fetching game state"}
{"level":30,"time":1774382621082,"pid":1603593,"hostname":"TempleOfZyminx","from":{"q":0,"r":8},"to":{"q":0,"r":0},"msg":"findPath: no valid path found"}
{"level":30,"time":1774382621082,"pid":1603593,"hostname":"TempleOfZyminx","from":{"q":0,"r":8},"to":{"q":0,"r":1},"msg":"findPath: no valid path found"}
{"level":30,"time":1774382621082,"pid":1603593,"hostname":"TempleOfZyminx","from":{"q":0,"r":8},"to":{"q":0,"r":2},"msg":"findPath: no valid path found"}
{"level":30,"time":1774382621082,"pid":1603593,"hostname":"TempleOfZyminx","from":{"q":0,"r":8},"to":{"q":0,"r":3},"msg":"findPath: no valid path found"}
{"level":30,"time":1774382621082,"pid":1603593,"hostname":"TempleOfZyminx","from":{"q":0,"r":8},"to":{"q":0,"r":4},"msg":"findPath: no valid path found"}
{"level":30,"time":1774382621082,"pid":1603593,"hostname":"TempleOfZyminx","from":{"q":0,"r":8},"to":{"q":0,"r":12},"msg":"findPath: no valid path found"}
{"level":30,"time":1774382621082,"pid":1603593,"hostname":"TempleOfZyminx","from":{"q":0,"r":8},"to":{"q":0,"r":13},"msg":"findPath: no valid path found"}
{"level":30,"time":1774382621082,"pid":1603593,"hostname":"TempleOfZyminx","from":{"q":0,"r":8},"to":{"q":0,"r":14},"msg":"findPath: no valid path found"}
{"level":30,"time":1774382621082,"pid":1603593,"hostname":"TempleOfZyminx","from":{"q":0,"r":8},"to":{"q":0,"r":15},"msg":"findPath: no valid path found"}
{"level":30,"time":1774382621082,"pid":1603593,"hostname":"TempleOfZyminx","from":{"q":0,"r":8},"to":{"q":0,"r":16},"msg":"findPath: no valid path found"}
{"level":30,"time":1774382621082,"pid":1603593,"hostname":"TempleOfZyminx","from":{"q":0,"r":8},"to":{"q":0,"r":17},"msg":"findPath: no valid path found"}
{"level":30,"time":1774382621082,"pid":1603593,"hostname":"TempleOfZyminx","from":{"q":0,"r":8},"to":{"q":0,"r":18},"msg":"findPath: no valid path found"}
{"level":30,"time":1774382621082,"pid":1603593,"hostname":"TempleOfZyminx","from":{"q":0,"r":8},"to":{"q":0,"r":19},"msg":"findPath: no valid path found"}
{"level":30,"time":1774382621082,"pid":1603593,"hostname":"TempleOfZyminx","from":{"q":0,"r":8},"to":{"q":0,"r":20},"msg":"findPath: no valid path found"}
{"level":30,"time":1774382621082,"pid":1603593,"hostname":"TempleOfZyminx","from":{"q":0,"r":8},"to":{"q":0,"r":21},"msg":"findPath: no valid path found"}
{"level":30,"time":1774382621082,"pid":1603593,"hostname":"TempleOfZyminx","from":{"q":0,"r":8},"to":{"q":1,"r":0},"msg":"findPath: no valid path found"}
{"level":30,"time":1774382621082,"pid":1603593,"hostname":"TempleOfZyminx","from":{"q":0,"r":8},"to":{"q":1,"r":1},"msg":"findPath: no valid path found"}
{"level":30,"time":1774382621082,"pid":1603593,"hostname":"TempleOfZyminx","from":{"q":0,"r":8},"to":{"q":1,"r":2},"msg":"findPath: no valid path found"}
{"level":30,"time":1774382621082,"pid":1603593,"hostname":"TempleOfZyminx","from":{"q":0,"r":8},"to":{"q":1,"r":3},"msg":"findPath: no valid path found"}
{"level":30,"time":1774382621083,"pid":1603593,"hostname":"TempleOfZyminx","from":{"q":0,"r":8},"to":{"q":1,"r":4},"msg":"findPath: no valid path found"}
{"level":30,"time":1774382621083,"pid":1603593,"hostname":"TempleOfZyminx","from":{"q":0,"r":8},"to":{"q":1,"r":11},"msg":"findPath: no valid path found"}
{"level":30,"time":1774382621083,"pid":1603593,"hostname":"TempleOfZyminx","from":{"q":0,"r":8},"to":{"q":1,"r":12},"msg":"findPath: no valid path found"}
{"level":30,"time":1774382621083,"pid":1603593,"hostname":"TempleOfZyminx","from":{"q":0,"r":8},"to":{"q":1,"r":13},"msg":"findPath: no valid path found"}
{"level":30,"time":1774382621083,"pid":1603593,"hostname":"TempleOfZyminx","from":{"q":0,"r":8},"to":{"q":1,"r":14},"msg":"findPath: no valid path found"}
{"level":30,"time":1774382621083,"pid":1603593,"hostname":"TempleOfZyminx","from":{"q":0,"r":8},"to":{"q":1,"r":15},"msg":"findPath: no valid path found"}
{"level":30,"time":1774382621083,"pid":1603593,"hostname":"TempleOfZyminx","from":{"q":0,"r":8},"to":{"q":1,"r":16},"msg":"findPath: no valid path found"}
{"level":30,"time":1774382621083,"pid":1603593,"hostname":"TempleOfZyminx","from":{"q":0,"r":8},"to":{"q":1,"r":17},"msg":"findPath: no valid path found"}
{"level":30,"time":1774382621083,"pid":1603593,"hostname":"TempleOfZyminx","from":{"q":0,"r":8},"to":{"q":1,"r":18},"msg":"findPath: no valid path found"}
{"level":30,"time":1774382621083,"pid":1603593,"hostname":"TempleOfZyminx","from":{"q":0,"r":8},"to":{"q":1,"r":19},"msg":"findPath: no valid path found"}
{"level":30,"time":1774382621083,"pid":1603593,"hostname":"TempleOfZyminx","from":{"q":0,"r":8},"to":{"q":1,"r":20},"msg":"findPath: no valid path found"}
{"level":30,"time":1774382621083,"pid":1603593,"hostname":"TempleOfZyminx","from":{"q":0,"r":8},"to":{"q":1,"r":21},"msg":"findPath: no valid path found"}
{"level":30,"time":1774382621083,"pid":1603593,"hostname":"TempleOfZyminx","from":{"q":0,"r":8},"to":{"q":2,"r":0},"msg":"findPath: no valid path found"}
{"level":30,"time":1774382621083,"pid":1603593,"hostname":"TempleOfZyminx","from":{"q":0,"r":8},"to":{"q":2,"r":1},"msg":"findPath: no valid path found"}
{"level":30,"time":1774382621083,"pid":1603593,"hostname":"TempleOfZyminx","from":{"q":0,"r":8},"to":{"q":2,"r":2},"msg":"findPath: no valid path found"}
{"level":30,"time":1774382621083,"pid":1603593,"hostname":"TempleOfZyminx","from":{"q":0,"r":8},"to":{"q":2,"r":3},"msg":"findPath: no valid path found"}
{"level":30,"time":1774382621083,"pid":1603593,"hostname":"TempleOfZyminx","from":{"q":0,"r":8},"to":{"q":2,"r":4},"msg":"findPath: no valid path found"}
{"level":30,"time":1774382621083,"pid":1603593,"hostname":"TempleOfZyminx","from":{"q":0,"r":8},"to":{"q":2,"r":10},"msg":"findPath: no valid path found"}
{"level":30,"time":1774382621084,"pid":1603593,"hostname":"TempleOfZyminx","from":{"q":0,"r":8},"to":{"q":2,"r":11},"msg":"findPath: no valid path found"}
{"level":30,"time":1774382621084,"pid":1603593,"hostname":"TempleOfZyminx","from":{"q":0,"r":8},"to":{"q":2,"r":12},"msg":"findPath: no valid path found"}
{"level":30,"time":1774382621084,"pid":1603593,"hostname":"TempleOfZyminx","from":{"q":0,"r":8},"to":{"q":2,"r":13},"msg":"findPath: no valid path found"}
{"level":30,"time":1774382621084,"pid":1603593,"hostname":"TempleOfZyminx","from":{"q":0,"r":8},"to":{"q":2,"r":14},"msg":"findPath: no valid path found"}
{"level":30,"time":1774382621084,"pid":1603593,"hostname":"TempleOfZyminx","from":{"q":0,"r":8},"to":{"q":2,"r":15},"msg":"findPath: no valid path found"}
{"level":30,"time":1774382621084,"pid":1603593,"hostname":"TempleOfZyminx","from":{"q":0,"r":8},"to":{"q":2,"r":16},"msg":"findPath: no valid path found"}
{"level":30,"time":1774382621084,"pid":1603593,"hostname":"TempleOfZyminx","from":{"q":0,"r":8},"to":{"q":2,"r":17},"msg":"findPath: no valid path found"}
{"level":30,"time":1774382621084,"pid":1603593,"hostname":"TempleOfZyminx","from":{"q":0,"r":8},"to":{"q":2,"r":18},"msg":"findPath: no valid path found"}
{"level":30,"time":1774382621084,"pid":1603593,"hostname":"TempleOfZyminx","from":{"q":0,"r":8},"to":{"q":2,"r":19},"msg":"findPath: no valid path found"}
{"level":30,"time":1774382621084,"pid":1603593,"hostname":"TempleOfZyminx","from":{"q":0,"r":8},"to":{"q":2,"r":20},"msg":"findPath: no valid path found"}
{"level":30,"time":1774382621084,"pid":1603593,"hostname":"TempleOfZyminx","from":{"q":0,"r":8},"to":{"q":2,"r":21},"msg":"findPath: no valid path found"}
{"level":30,"time":1774382621084,"pid":1603593,"hostname":"TempleOfZyminx","from":{"q":0,"r":8},"to":{"q":3,"r":0},"msg":"findPath: no valid path found"}
{"level":30,"time":1774382621084,"pid":1603593,"hostname":"TempleOfZyminx","from":{"q":0,"r":8},"to":{"q":3,"r":1},"msg":"findPath: no valid path found"}
{"level":30,"time":1774382621084,"pid":1603593,"hostname":"TempleOfZyminx","from":{"q":0,"r":8},"to":{"q":3,"r":2},"msg":"findPath: no valid path found"}
{"level":30,"time":1774382621084,"pid":1603593,"hostname":"TempleOfZyminx","from":{"q":0,"r":8},"to":{"q":3,"r":3},"msg":"findPath: no valid path found"}
{"level":30,"time":1774382621084,"pid":1603593,"hostname":"TempleOfZyminx","from":{"q":0,"r":8},"to":{"q":3,"r":4},"msg":"findPath: no valid path found"}
{"level":30,"time":1774382621084,"pid":1603593,"hostname":"TempleOfZyminx","from":{"q":0,"r":8},"to":{"q":3,"r":8},"msg":"findPath: no valid path found"}
{"level":30,"time":1774382621084,"pid":1603593,"hostname":"TempleOfZyminx","from":{"q":0,"r":8},"to":{"q":3,"r":9},"msg":"findPath: no valid path found"}
{"level":30,"time":1774382621084,"pid":1603593,"hostname":"TempleOfZyminx","from":{"q":0,"r":8},"to":{"q":3,"r":10},"msg":"findPath: no valid path found"}
{"level":30,"time":1774382621084,"pid":1603593,"hostname":"TempleOfZyminx","from":{"q":0,"r":8},"to":{"q":3,"r":11},"msg":"findPath: no valid path found"}
{"level":30,"time":1774382621084,"pid":1603593,"hostname":"TempleOfZyminx","from":{"q":0,"r":8},"to":{"q":3,"r":12},"msg":"findPath: no valid path found"}
{"level":30,"time":1774382621084,"pid":1603593,"hostname":"TempleOfZyminx","from":{"q":0,"r":8},"to":{"q":3,"r":13},"msg":"findPath: no valid path found"}
{"level":30,"time":1774382621084,"pid":1603593,"hostname":"TempleOfZyminx","from":{"q":0,"r":8},"to":{"q":3,"r":14},"msg":"findPath: no valid path found"}
{"level":30,"time":1774382621084,"pid":1603593,"hostname":"TempleOfZyminx","from":{"q":0,"r":8},"to":{"q":3,"r":15},"msg":"findPath: no valid path found"}
{"level":30,"time":1774382621084,"pid":1603593,"hostname":"TempleOfZyminx","from":{"q":0,"r":8},"to":{"q":3,"r":16},"msg":"findPath: no valid path found"}
{"level":30,"time":1774382621084,"pid":1603593,"hostname":"TempleOfZyminx","from":{"q":0,"r":8},"to":{"q":3,"r":17},"msg":"findPath: no valid path found"}
{"level":30,"time":1774382621085,"pid":1603593,"hostname":"TempleOfZyminx","from":{"q":0,"r":8},"to":{"q":3,"r":18},"msg":"findPath: no valid path found"}
{"level":30,"time":1774382621085,"pid":1603593,"hostname":"TempleOfZyminx","from":{"q":0,"r":8},"to":{"q":3,"r":19},"msg":"findPath: no valid path found"}
{"level":30,"time":1774382621085,"pid":1603593,"hostname":"TempleOfZyminx","from":{"q":0,"r":8},"to":{"q":3,"r":20},"msg":"findPath: no valid path found"}
{"level":30,"time":1774382621085,"pid":1603593,"hostname":"TempleOfZyminx","from":{"q":0,"r":8},"to":{"q":3,"r":21},"msg":"findPath: no valid path found"}
{"level":30,"time":1774382621085,"pid":1603593,"hostname":"TempleOfZyminx","from":{"q":0,"r":8},"to":{"q":4,"r":0},"msg":"findPath: no valid path found"}
{"level":30,"time":1774382621085,"pid":1603593,"hostname":"TempleOfZyminx","from":{"q":0,"r":8},"to":{"q":4,"r":1},"msg":"findPath: no valid path found"}
{"level":30,"time":1774382621085,"pid":1603593,"hostname":"TempleOfZyminx","from":{"q":0,"r":8},"to":{"q":4,"r":2},"msg":"findPath: no valid path found"}
{"level":30,"time":1774382621085,"pid":1603593,"hostname":"TempleOfZyminx","from":{"q":0,"r":8},"to":{"q":4,"r":3},"msg":"findPath: no valid path found"}
{"level":30,"time":1774382621085,"pid":1603593,"hostname":"TempleOfZyminx","from":{"q":0,"r":8},"to":{"q":4,"r":4},"msg":"findPath: no valid path found"}
{"level":30,"time":1774382621085,"pid":1603593,"hostname":"TempleOfZyminx","from":{"q":0,"r":8},"to":{"q":4,"r":5},"msg":"findPath: no valid path found"}
{"level":30,"time":1774382621085,"pid":1603593,"hostname":"TempleOfZyminx","from":{"q":0,"r":8},"to":{"q":4,"r":6},"msg":"findPath: no valid path found"}
{"level":30,"time":1774382621085,"pid":1603593,"hostname":"TempleOfZyminx","from":{"q":0,"r":8},"to":{"q":4,"r":8},"msg":"findPath: no valid path found"}
{"level":30,"time":1774382621085,"pid":1603593,"hostname":"TempleOfZyminx","from":{"q":0,"r":8},"to":{"q":4,"r":9},"msg":"findPath: no valid path found"}
{"level":30,"time":1774382621085,"pid":1603593,"hostname":"TempleOfZyminx","from":{"q":0,"r":8},"to":{"q":4,"r":10},"msg":"findPath: no valid path found"}
{"level":30,"time":1774382621085,"pid":1603593,"hostname":"TempleOfZyminx","from":{"q":0,"r":8},"to":{"q":4,"r":11},"msg":"findPath: no valid path found"}
{"level":30,"time":1774382621085,"pid":1603593,"hostname":"TempleOfZyminx","from":{"q":0,"r":8},"to":{"q":4,"r":12},"msg":"findPath: no valid path found"}
{"level":30,"time":1774382621085,"pid":1603593,"hostname":"TempleOfZyminx","from":{"q":0,"r":8},"to":{"q":4,"r":13},"msg":"findPath: no valid path found"}
{"level":30,"time":1774382621085,"pid":1603593,"hostname":"TempleOfZyminx","from":{"q":0,"r":8},"to":{"q":4,"r":14},"msg":"findPath: no valid path found"}
{"level":30,"time":1774382621085,"pid":1603593,"hostname":"TempleOfZyminx","from":{"q":0,"r":8},"to":{"q":4,"r":15},"msg":"findPath: no valid path found"}
{"level":30,"time":1774382621085,"pid":1603593,"hostname":"TempleOfZyminx","from":{"q":0,"r":8},"to":{"q":4,"r":16},"msg":"findPath: no valid path found"}
{"level":30,"time":1774382621085,"pid":1603593,"hostname":"TempleOfZyminx","from":{"q":0,"r":8},"to":{"q":4,"r":17},"msg":"findPath: no valid path found"}
{"level":30,"time":1774382621085,"pid":1603593,"hostname":"TempleOfZyminx","from":{"q":0,"r":8},"to":{"q":4,"r":18},"msg":"findPath: no valid path found"}
{"level":30,"time":1774382621085,"pid":1603593,"hostname":"TempleOfZyminx","from":{"q":0,"r":8},"to":{"q":4,"r":19},"msg":"findPath: no valid path found"}
{"level":30,"time":1774382621085,"pid":1603593,"hostname":"TempleOfZyminx","from":{"q":0,"r":8},"to":{"q":4,"r":20},"msg":"findPath: no valid path found"}
{"level":30,"time":1774382621085,"pid":1603593,"hostname":"TempleOfZyminx","from":{"q":0,"r":8},"to":{"q":4,"r":21},"msg":"findPath: no valid path found"}
{"level":30,"time":1774382621085,"pid":1603593,"hostname":"TempleOfZyminx","from":{"q":0,"r":8},"to":{"q":5,"r":0},"msg":"findPath: no valid path found"}
{"level":30,"time":1774382621085,"pid":1603593,"hostname":"TempleOfZyminx","from":{"q":0,"r":8},"to":{"q":5,"r":1},"msg":"findPath: no valid path found"}
{"level":30,"time":1774382621085,"pid":1603593,"hostname":"TempleOfZyminx","from":{"q":0,"r":8},"to":{"q":5,"r":2},"msg":"findPath: no valid path found"}
{"level":30,"time":1774382621085,"pid":1603593,"hostname":"TempleOfZyminx","from":{"q":0,"r":8},"to":{"q":5,"r":3},"msg":"findPath: no valid path found"}
{"level":30,"time":1774382621085,"pid":1603593,"hostname":"TempleOfZyminx","from":{"q":0,"r":8},"to":{"q":5,"r":4},"msg":"findPath: no valid path found"}
{"level":30,"time":1774382621085,"pid":1603593,"hostname":"TempleOfZyminx","from":{"q":0,"r":8},"to":{"q":5,"r":5},"msg":"findPath: no valid path found"}
{"level":30,"time":1774382621086,"pid":1603593,"hostname":"TempleOfZyminx","from":{"q":0,"r":8},"to":{"q":5,"r":6},"msg":"findPath: no valid path found"}
{"level":30,"time":1774382621086,"pid":1603593,"hostname":"TempleOfZyminx","from":{"q":0,"r":8},"to":{"q":5,"r":8},"msg":"findPath: no valid path found"}
{"level":30,"time":1774382621086,"pid":1603593,"hostname":"TempleOfZyminx","from":{"q":0,"r":8},"to":{"q":5,"r":9},"msg":"findPath: no valid path found"}
{"level":30,"time":1774382621086,"pid":1603593,"hostname":"TempleOfZyminx","from":{"q":0,"r":8},"to":{"q":5,"r":10},"msg":"findPath: no valid path found"}
{"level":30,"time":1774382621086,"pid":1603593,"hostname":"TempleOfZyminx","from":{"q":0,"r":8},"to":{"q":5,"r":11},"msg":"findPath: no valid path found"}
{"level":30,"time":1774382621086,"pid":1603593,"hostname":"TempleOfZyminx","from":{"q":0,"r":8},"to":{"q":5,"r":12},"msg":"findPath: no valid path found"}
{"level":30,"time":1774382621086,"pid":1603593,"hostname":"TempleOfZyminx","from":{"q":0,"r":8},"to":{"q":5,"r":13},"msg":"findPath: no valid path found"}
{"level":30,"time":1774382621086,"pid":1603593,"hostname":"TempleOfZyminx","from":{"q":0,"r":8},"to":{"q":5,"r":14},"msg":"findPath: no valid path found"}
{"level":30,"time":1774382621086,"pid":1603593,"hostname":"TempleOfZyminx","from":{"q":0,"r":8},"to":{"q":5,"r":15},"msg":"findPath: no valid path found"}
{"level":30,"time":1774382621086,"pid":1603593,"hostname":"TempleOfZyminx","from":{"q":0,"r":8},"to":{"q":5,"r":16},"msg":"findPath: no valid path found"}
{"level":30,"time":1774382621086,"pid":1603593,"hostname":"TempleOfZyminx","from":{"q":0,"r":8},"to":{"q":5,"r":17},"msg":"findPath: no valid path found"}
{"level":30,"time":1774382621086,"pid":1603593,"hostname":"TempleOfZyminx","from":{"q":0,"r":8},"to":{"q":5,"r":18},"msg":"findPath: no valid path found"}
{"level":30,"time":1774382621086,"pid":1603593,"hostname":"TempleOfZyminx","from":{"q":0,"r":8},"to":{"q":5,"r":19},"msg":"findPath: no valid path found"}
{"level":30,"time":1774382621086,"pid":1603593,"hostname":"TempleOfZyminx","from":{"q":0,"r":8},"to":{"q":5,"r":20},"msg":"findPath: no valid path found"}
{"level":30,"time":1774382621086,"pid":1603593,"hostname":"TempleOfZyminx","from":{"q":0,"r":8},"to":{"q":5,"r":21},"msg":"findPath: no valid path found"}
{"level":30,"time":1774382621086,"pid":1603593,"hostname":"TempleOfZyminx","from":{"q":0,"r":8},"to":{"q":6,"r":0},"msg":"findPath: no valid path found"}
{"level":30,"time":1774382621086,"pid":1603593,"hostname":"TempleOfZyminx","from":{"q":0,"r":8},"to":{"q":6,"r":1},"msg":"findPath: no valid path found"}
{"level":30,"time":1774382621086,"pid":1603593,"hostname":"TempleOfZyminx","from":{"q":0,"r":8},"to":{"q":6,"r":2},"msg":"findPath: no valid path found"}
{"level":30,"time":1774382621086,"pid":1603593,"hostname":"TempleOfZyminx","from":{"q":0,"r":8},"to":{"q":6,"r":3},"msg":"findPath: no valid path found"}
{"level":30,"time":1774382621086,"pid":1603593,"hostname":"TempleOfZyminx","from":{"q":0,"r":8},"to":{"q":6,"r":5},"msg":"findPath: no valid path found"}
{"level":30,"time":1774382621086,"pid":1603593,"hostname":"TempleOfZyminx","from":{"q":0,"r":8},"to":{"q":6,"r":6},"msg":"findPath: no valid path found"}
{"level":30,"time":1774382621086,"pid":1603593,"hostname":"TempleOfZyminx","from":{"q":0,"r":8},"to":{"q":6,"r":7},"msg":"findPath: no valid path found"}
{"level":30,"time":1774382621086,"pid":1603593,"hostname":"TempleOfZyminx","from":{"q":0,"r":8},"to":{"q":6,"r":8},"msg":"findPath: no valid path found"}
{"level":30,"time":1774382621086,"pid":1603593,"hostname":"TempleOfZyminx","from":{"q":0,"r":8},"to":{"q":6,"r":9},"msg":"findPath: no valid path found"}
{"level":30,"time":1774382621086,"pid":1603593,"hostname":"TempleOfZyminx","from":{"q":0,"r":8},"to":{"q":6,"r":10},"msg":"findPath: no valid path found"}
{"level":30,"time":1774382621086,"pid":1603593,"hostname":"TempleOfZyminx","from":{"q":0,"r":8},"to":{"q":6,"r":11},"msg":"findPath: no valid path found"}
{"level":30,"time":1774382621086,"pid":1603593,"hostname":"TempleOfZyminx","from":{"q":0,"r":8},"to":{"q":6,"r":12},"msg":"findPath: no valid path found"}
{"level":30,"time":1774382621086,"pid":1603593,"hostname":"TempleOfZyminx","from":{"q":0,"r":8},"to":{"q":6,"r":13},"msg":"findPath: no valid path found"}
{"level":30,"time":1774382621086,"pid":1603593,"hostname":"TempleOfZyminx","from":{"q":0,"r":8},"to":{"q":6,"r":14},"msg":"findPath: no valid path found"}
{"level":30,"time":1774382621086,"pid":1603593,"hostname":"TempleOfZyminx","from":{"q":0,"r":8},"to":{"q":6,"r":15},"msg":"findPath: no valid path found"}
{"level":30,"time":1774382621086,"pid":1603593,"hostname":"TempleOfZyminx","from":{"q":0,"r":8},"to":{"q":6,"r":16},"msg":"findPath: no valid path found"}
{"level":30,"time":1774382621086,"pid":1603593,"hostname":"TempleOfZyminx","from":{"q":0,"r":8},"to":{"q":6,"r":17},"msg":"findPath: no valid path found"}
{"level":30,"time":1774382621086,"pid":1603593,"hostname":"TempleOfZyminx","from":{"q":0,"r":8},"to":{"q":6,"r":18},"msg":"findPath: no valid path found"}
{"level":30,"time":1774382621086,"pid":1603593,"hostname":"TempleOfZyminx","from":{"q":0,"r":8},"to":{"q":6,"r":19},"msg":"findPath: no valid path found"}
{"level":30,"time":1774382621086,"pid":1603593,"hostname":"TempleOfZyminx","from":{"q":0,"r":8},"to":{"q":6,"r":20},"msg":"findPath: no valid path found"}
{"level":30,"time":1774382621086,"pid":1603593,"hostname":"TempleOfZyminx","from":{"q":0,"r":8},"to":{"q":6,"r":21},"msg":"findPath: no valid path found"}
{"level":30,"time":1774382621086,"pid":1603593,"hostname":"TempleOfZyminx","from":{"q":0,"r":8},"to":{"q":7,"r":0},"msg":"findPath: no valid path found"}
{"level":30,"time":1774382621086,"pid":1603593,"hostname":"TempleOfZyminx","from":{"q":0,"r":8},"to":{"q":7,"r":1},"msg":"findPath: no valid path found"}
{"level":30,"time":1774382621086,"pid":1603593,"hostname":"TempleOfZyminx","from":{"q":0,"r":8},"to":{"q":7,"r":2},"msg":"findPath: no valid path found"}
{"level":30,"time":1774382621086,"pid":1603593,"hostname":"TempleOfZyminx","from":{"q":0,"r":8},"to":{"q":7,"r":4},"msg":"findPath: no valid path found"}
{"level":30,"time":1774382621086,"pid":1603593,"hostname":"TempleOfZyminx","from":{"q":0,"r":8},"to":{"q":7,"r":5},"msg":"findPath: no valid path found"}
{"level":30,"time":1774382621086,"pid":1603593,"hostname":"TempleOfZyminx","from":{"q":0,"r":8},"to":{"q":7,"r":6},"msg":"findPath: no valid path found"}
{"level":30,"time":1774382621087,"pid":1603593,"hostname":"TempleOfZyminx","from":{"q":0,"r":8},"to":{"q":7,"r":7},"msg":"findPath: no valid path found"}
{"level":30,"time":1774382621087,"pid":1603593,"hostname":"TempleOfZyminx","from":{"q":0,"r":8},"to":{"q":7,"r":8},"msg":"findPath: no valid path found"}
{"level":30,"time":1774382621087,"pid":1603593,"hostname":"TempleOfZyminx","from":{"q":0,"r":8},"to":{"q":7,"r":9},"msg":"findPath: no valid path found"}
{"level":30,"time":1774382621087,"pid":1603593,"hostname":"TempleOfZyminx","from":{"q":0,"r":8},"to":{"q":7,"r":10},"msg":"findPath: no valid path found"}
{"level":30,"time":1774382621087,"pid":1603593,"hostname":"TempleOfZyminx","from":{"q":0,"r":8},"to":{"q":7,"r":11},"msg":"findPath: no valid path found"}
{"level":30,"time":1774382621087,"pid":1603593,"hostname":"TempleOfZyminx","from":{"q":0,"r":8},"to":{"q":7,"r":12},"msg":"findPath: no valid path found"}
{"level":30,"time":1774382621087,"pid":1603593,"hostname":"TempleOfZyminx","from":{"q":0,"r":8},"to":{"q":7,"r":13},"msg":"findPath: no valid path found"}
{"level":30,"time":1774382621087,"pid":1603593,"hostname":"TempleOfZyminx","from":{"q":0,"r":8},"to":{"q":7,"r":14},"msg":"findPath: no valid path found"}
{"level":30,"time":1774382621087,"pid":1603593,"hostname":"TempleOfZyminx","from":{"q":0,"r":8},"to":{"q":7,"r":15},"msg":"findPath: no valid path found"}
{"level":30,"time":1774382621087,"pid":1603593,"hostname":"TempleOfZyminx","from":{"q":0,"r":8},"to":{"q":7,"r":16},"msg":"findPath: no valid path found"}
{"level":30,"time":1774382621087,"pid":1603593,"hostname":"TempleOfZyminx","from":{"q":0,"r":8},"to":{"q":7,"r":17},"msg":"findPath: no valid path found"}
{"level":30,"time":1774382621087,"pid":1603593,"hostname":"TempleOfZyminx","from":{"q":0,"r":8},"to":{"q":7,"r":18},"msg":"findPath: no valid path found"}
{"level":30,"time":1774382621087,"pid":1603593,"hostname":"TempleOfZyminx","from":{"q":0,"r":8},"to":{"q":7,"r":19},"msg":"findPath: no valid path found"}
{"level":30,"time":1774382621087,"pid":1603593,"hostname":"TempleOfZyminx","from":{"q":0,"r":8},"to":{"q":7,"r":20},"msg":"findPath: no valid path found"}
{"level":30,"time":1774382621087,"pid":1603593,"hostname":"TempleOfZyminx","from":{"q":0,"r":8},"to":{"q":7,"r":21},"msg":"findPath: no valid path found"}
{"level":30,"time":1774382621087,"pid":1603593,"hostname":"TempleOfZyminx","from":{"q":0,"r":8},"to":{"q":8,"r":0},"msg":"findPath: no valid path found"}
{"level":30,"time":1774382621087,"pid":1603593,"hostname":"TempleOfZyminx","from":{"q":0,"r":8},"to":{"q":8,"r":1},"msg":"findPath: no valid path found"}
{"level":30,"time":1774382621087,"pid":1603593,"hostname":"TempleOfZyminx","from":{"q":0,"r":8},"to":{"q":8,"r":2},"msg":"findPath: no valid path found"}
{"level":30,"time":1774382621087,"pid":1603593,"hostname":"TempleOfZyminx","from":{"q":0,"r":8},"to":{"q":8,"r":3},"msg":"findPath: no valid path found"}
{"level":30,"time":1774382621087,"pid":1603593,"hostname":"TempleOfZyminx","from":{"q":0,"r":8},"to":{"q":8,"r":4},"msg":"findPath: no valid path found"}
{"level":30,"time":1774382621087,"pid":1603593,"hostname":"TempleOfZyminx","from":{"q":0,"r":8},"to":{"q":8,"r":5},"msg":"findPath: no valid path found"}
{"level":30,"time":1774382621087,"pid":1603593,"hostname":"TempleOfZyminx","from":{"q":0,"r":8},"to":{"q":8,"r":6},"msg":"findPath: no valid path found"}
{"level":30,"time":1774382621087,"pid":1603593,"hostname":"TempleOfZyminx","from":{"q":0,"r":8},"to":{"q":8,"r":7},"msg":"findPath: no valid path found"}
{"level":30,"time":1774382621087,"pid":1603593,"hostname":"TempleOfZyminx","from":{"q":0,"r":8},"to":{"q":8,"r":8},"msg":"findPath: no valid path found"}
{"level":30,"time":1774382621087,"pid":1603593,"hostname":"TempleOfZyminx","from":{"q":0,"r":8},"to":{"q":8,"r":9},"msg":"findPath: no valid path found"}
{"level":30,"time":1774382621087,"pid":1603593,"hostname":"TempleOfZyminx","from":{"q":0,"r":8},"to":{"q":8,"r":10},"msg":"findPath: no valid path found"}
{"level":30,"time":1774382621087,"pid":1603593,"hostname":"TempleOfZyminx","from":{"q":0,"r":8},"to":{"q":8,"r":11},"msg":"findPath: no valid path found"}
{"level":30,"time":1774382621087,"pid":1603593,"hostname":"TempleOfZyminx","from":{"q":0,"r":8},"to":{"q":8,"r":12},"msg":"findPath: no valid path found"}
{"level":30,"time":1774382621087,"pid":1603593,"hostname":"TempleOfZyminx","from":{"q":0,"r":8},"to":{"q":8,"r":13},"msg":"findPath: no valid path found"}
{"level":30,"time":1774382621087,"pid":1603593,"hostname":"TempleOfZyminx","from":{"q":0,"r":8},"to":{"q":8,"r":14},"msg":"findPath: no valid path found"}
{"level":30,"time":1774382621087,"pid":1603593,"hostname":"TempleOfZyminx","from":{"q":0,"r":8},"to":{"q":8,"r":15},"msg":"findPath: no valid path found"}
{"level":30,"time":1774382621087,"pid":1603593,"hostname":"TempleOfZyminx","from":{"q":0,"r":8},"to":{"q":8,"r":16},"msg":"findPath: no valid path found"}
{"level":30,"time":1774382621087,"pid":1603593,"hostname":"TempleOfZyminx","from":{"q":0,"r":8},"to":{"q":8,"r":17},"msg":"findPath: no valid path found"}
{"level":30,"time":1774382621087,"pid":1603593,"hostname":"TempleOfZyminx","from":{"q":0,"r":8},"to":{"q":8,"r":18},"msg":"findPath: no valid path found"}
{"level":30,"time":1774382621166,"pid":1604421,"hostname":"TempleOfZyminx","scenarioId":"swamp-siege-01","role":"onion","msg":"Creating new game match"}
{"level":50,"time":1774382621167,"pid":1604421,"hostname":"TempleOfZyminx","err":{"type":"Error","message":"fail","stack":"Error: fail\n    at Object.createMatch (/home/zymurge/Dev/onion/src/api/games.management.test.ts:118:40)\n    at Object.<anonymous> (/home/zymurge/Dev/onion/src/api/games.ts:306:16)"},"msg":"Error creating game match"}
{"level":30,"time":1774382621087,"pid":1603593,"hostname":"TempleOfZyminx","from":{"q":0,"r":8},"to":{"q":8,"r":19},"msg":"findPath: no valid path found"}
{"level":30,"time":1774382621187,"pid":1603593,"hostname":"TempleOfZyminx","from":{"q":0,"r":8},"to":{"q":8,"r":20},"msg":"findPath: no valid path found"}
{"level":30,"time":1774382621187,"pid":1603593,"hostname":"TempleOfZyminx","from":{"q":0,"r":8},"to":{"q":8,"r":21},"msg":"findPath: no valid path found"}
{"level":30,"time":1774382621188,"pid":1603593,"hostname":"TempleOfZyminx","from":{"q":0,"r":8},"to":{"q":9,"r":0},"msg":"findPath: no valid path found"}
{"level":30,"time":1774382621188,"pid":1603593,"hostname":"TempleOfZyminx","from":{"q":0,"r":8},"to":{"q":9,"r":1},"msg":"findPath: no valid path found"}
{"level":30,"time":1774382621188,"pid":1603593,"hostname":"TempleOfZyminx","from":{"q":0,"r":8},"to":{"q":9,"r":2},"msg":"findPath: no valid path found"}
{"level":30,"time":1774382621188,"pid":1603593,"hostname":"TempleOfZyminx","from":{"q":0,"r":8},"to":{"q":9,"r":3},"msg":"findPath: no valid path found"}
{"level":30,"time":1774382621188,"pid":1603593,"hostname":"TempleOfZyminx","from":{"q":0,"r":8},"to":{"q":9,"r":4},"msg":"findPath: no valid path found"}
{"level":30,"time":1774382621188,"pid":1603593,"hostname":"TempleOfZyminx","from":{"q":0,"r":8},"to":{"q":9,"r":5},"msg":"findPath: no valid path found"}
{"level":30,"time":1774382621188,"pid":1603593,"hostname":"TempleOfZyminx","from":{"q":0,"r":8},"to":{"q":9,"r":6},"msg":"findPath: no valid path found"}
{"level":30,"time":1774382621188,"pid":1603593,"hostname":"TempleOfZyminx","from":{"q":0,"r":8},"to":{"q":9,"r":7},"msg":"findPath: no valid path found"}
{"level":30,"time":1774382621188,"pid":1603593,"hostname":"TempleOfZyminx","from":{"q":0,"r":8},"to":{"q":9,"r":8},"msg":"findPath: no valid path found"}
{"level":30,"time":1774382621188,"pid":1603593,"hostname":"TempleOfZyminx","from":{"q":0,"r":8},"to":{"q":9,"r":9},"msg":"findPath: no valid path found"}
{"level":30,"time":1774382621188,"pid":1603593,"hostname":"TempleOfZyminx","from":{"q":0,"r":8},"to":{"q":9,"r":10},"msg":"findPath: no valid path found"}
{"level":30,"time":1774382621188,"pid":1603593,"hostname":"TempleOfZyminx","from":{"q":0,"r":8},"to":{"q":9,"r":11},"msg":"findPath: no valid path found"}
{"level":30,"time":1774382621188,"pid":1603593,"hostname":"TempleOfZyminx","from":{"q":0,"r":8},"to":{"q":9,"r":12},"msg":"findPath: no valid path found"}
{"level":30,"time":1774382621188,"pid":1603593,"hostname":"TempleOfZyminx","from":{"q":0,"r":8},"to":{"q":9,"r":13},"msg":"findPath: no valid path found"}
{"level":30,"time":1774382621188,"pid":1603593,"hostname":"TempleOfZyminx","from":{"q":0,"r":8},"to":{"q":9,"r":14},"msg":"findPath: no valid path found"}
{"level":30,"time":1774382621188,"pid":1603593,"hostname":"TempleOfZyminx","from":{"q":0,"r":8},"to":{"q":9,"r":15},"msg":"findPath: no valid path found"}
{"level":30,"time":1774382621188,"pid":1603593,"hostname":"TempleOfZyminx","from":{"q":0,"r":8},"to":{"q":9,"r":16},"msg":"findPath: no valid path found"}
{"level":30,"time":1774382621188,"pid":1603593,"hostname":"TempleOfZyminx","from":{"q":0,"r":8},"to":{"q":9,"r":17},"msg":"findPath: no valid path found"}
{"level":30,"time":1774382621188,"pid":1603593,"hostname":"TempleOfZyminx","from":{"q":0,"r":8},"to":{"q":9,"r":18},"msg":"findPath: no valid path found"}
{"level":30,"time":1774382621188,"pid":1603593,"hostname":"TempleOfZyminx","from":{"q":0,"r":8},"to":{"q":9,"r":19},"msg":"findPath: no valid path found"}
{"level":30,"time":1774382621188,"pid":1603593,"hostname":"TempleOfZyminx","from":{"q":0,"r":8},"to":{"q":9,"r":20},"msg":"findPath: no valid path found"}
{"level":30,"time":1774382621188,"pid":1603593,"hostname":"TempleOfZyminx","from":{"q":0,"r":8},"to":{"q":9,"r":21},"msg":"findPath: no valid path found"}
{"level":30,"time":1774382621188,"pid":1603593,"hostname":"TempleOfZyminx","from":{"q":0,"r":8},"to":{"q":10,"r":0},"msg":"findPath: no valid path found"}
{"level":30,"time":1774382621188,"pid":1603593,"hostname":"TempleOfZyminx","from":{"q":0,"r":8},"to":{"q":10,"r":1},"msg":"findPath: no valid path found"}
{"level":30,"time":1774382621188,"pid":1603593,"hostname":"TempleOfZyminx","from":{"q":0,"r":8},"to":{"q":10,"r":2},"msg":"findPath: no valid path found"}
{"level":30,"time":1774382621188,"pid":1603593,"hostname":"TempleOfZyminx","from":{"q":0,"r":8},"to":{"q":10,"r":3},"msg":"findPath: no valid path found"}
{"level":30,"time":1774382621188,"pid":1603593,"hostname":"TempleOfZyminx","from":{"q":0,"r":8},"to":{"q":10,"r":4},"msg":"findPath: no valid path found"}
{"level":30,"time":1774382621188,"pid":1603593,"hostname":"TempleOfZyminx","from":{"q":0,"r":8},"to":{"q":10,"r":5},"msg":"findPath: no valid path found"}
{"level":30,"time":1774382621188,"pid":1603593,"hostname":"TempleOfZyminx","from":{"q":0,"r":8},"to":{"q":10,"r":6},"msg":"findPath: no valid path found"}
{"level":30,"time":1774382621188,"pid":1603593,"hostname":"TempleOfZyminx","from":{"q":0,"r":8},"to":{"q":10,"r":7},"msg":"findPath: no valid path found"}
{"level":30,"time":1774382621188,"pid":1603593,"hostname":"TempleOfZyminx","from":{"q":0,"r":8},"to":{"q":10,"r":8},"msg":"findPath: no valid path found"}
{"level":30,"time":1774382621188,"pid":1603593,"hostname":"TempleOfZyminx","from":{"q":0,"r":8},"to":{"q":10,"r":9},"msg":"findPath: no valid path found"}
{"level":30,"time":1774382621188,"pid":1603593,"hostname":"TempleOfZyminx","from":{"q":0,"r":8},"to":{"q":10,"r":10},"msg":"findPath: no valid path found"}
{"level":30,"time":1774382621188,"pid":1603593,"hostname":"TempleOfZyminx","from":{"q":0,"r":8},"to":{"q":10,"r":11},"msg":"findPath: no valid path found"}
{"level":30,"time":1774382621188,"pid":1603593,"hostname":"TempleOfZyminx","from":{"q":0,"r":8},"to":{"q":10,"r":12},"msg":"findPath: no valid path found"}
{"level":30,"time":1774382621188,"pid":1603593,"hostname":"TempleOfZyminx","from":{"q":0,"r":8},"to":{"q":10,"r":13},"msg":"findPath: no valid path found"}
{"level":30,"time":1774382621188,"pid":1603593,"hostname":"TempleOfZyminx","from":{"q":0,"r":8},"to":{"q":10,"r":14},"msg":"findPath: no valid path found"}
{"level":30,"time":1774382621188,"pid":1603593,"hostname":"TempleOfZyminx","from":{"q":0,"r":8},"to":{"q":10,"r":15},"msg":"findPath: no valid path found"}
{"level":30,"time":1774382621188,"pid":1603593,"hostname":"TempleOfZyminx","from":{"q":0,"r":8},"to":{"q":10,"r":16},"msg":"findPath: no valid path found"}
{"level":30,"time":1774382621188,"pid":1603593,"hostname":"TempleOfZyminx","from":{"q":0,"r":8},"to":{"q":10,"r":17},"msg":"findPath: no valid path found"}
{"level":30,"time":1774382621188,"pid":1603593,"hostname":"TempleOfZyminx","from":{"q":0,"r":8},"to":{"q":10,"r":18},"msg":"findPath: no valid path found"}
{"level":30,"time":1774382621188,"pid":1603593,"hostname":"TempleOfZyminx","from":{"q":0,"r":8},"to":{"q":10,"r":19},"msg":"findPath: no valid path found"}
{"level":30,"time":1774382621188,"pid":1603593,"hostname":"TempleOfZyminx","from":{"q":0,"r":8},"to":{"q":10,"r":20},"msg":"findPath: no valid path found"}
{"level":30,"time":1774382621188,"pid":1603593,"hostname":"TempleOfZyminx","from":{"q":0,"r":8},"to":{"q":10,"r":21},"msg":"findPath: no valid path found"}
{"level":30,"time":1774382621188,"pid":1603593,"hostname":"TempleOfZyminx","from":{"q":0,"r":8},"to":{"q":11,"r":0},"msg":"findPath: no valid path found"}
{"level":30,"time":1774382621188,"pid":1603593,"hostname":"TempleOfZyminx","from":{"q":0,"r":8},"to":{"q":11,"r":1},"msg":"findPath: no valid path found"}
{"level":30,"time":1774382621189,"pid":1603593,"hostname":"TempleOfZyminx","from":{"q":0,"r":8},"to":{"q":11,"r":2},"msg":"findPath: no valid path found"}
{"level":30,"time":1774382621189,"pid":1603593,"hostname":"TempleOfZyminx","from":{"q":0,"r":8},"to":{"q":11,"r":3},"msg":"findPath: no valid path found"}
{"level":30,"time":1774382621189,"pid":1603593,"hostname":"TempleOfZyminx","from":{"q":0,"r":8},"to":{"q":11,"r":4},"msg":"findPath: no valid path found"}
{"level":30,"time":1774382621189,"pid":1603593,"hostname":"TempleOfZyminx","from":{"q":0,"r":8},"to":{"q":11,"r":5},"msg":"findPath: no valid path found"}
{"level":30,"time":1774382621189,"pid":1603593,"hostname":"TempleOfZyminx","from":{"q":0,"r":8},"to":{"q":11,"r":6},"msg":"findPath: no valid path found"}
{"level":30,"time":1774382621189,"pid":1603593,"hostname":"TempleOfZyminx","from":{"q":0,"r":8},"to":{"q":11,"r":7},"msg":"findPath: no valid path found"}
{"level":30,"time":1774382621189,"pid":1603593,"hostname":"TempleOfZyminx","from":{"q":0,"r":8},"to":{"q":11,"r":8},"msg":"findPath: no valid path found"}
{"level":30,"time":1774382621189,"pid":1603593,"hostname":"TempleOfZyminx","from":{"q":0,"r":8},"to":{"q":11,"r":9},"msg":"findPath: no valid path found"}
{"level":30,"time":1774382621189,"pid":1603593,"hostname":"TempleOfZyminx","from":{"q":0,"r":8},"to":{"q":11,"r":10},"msg":"findPath: no valid path found"}
{"level":30,"time":1774382621189,"pid":1603593,"hostname":"TempleOfZyminx","from":{"q":0,"r":8},"to":{"q":11,"r":11},"msg":"findPath: no valid path found"}
{"level":30,"time":1774382621189,"pid":1603593,"hostname":"TempleOfZyminx","from":{"q":0,"r":8},"to":{"q":11,"r":12},"msg":"findPath: no valid path found"}
{"level":30,"time":1774382621189,"pid":1603593,"hostname":"TempleOfZyminx","from":{"q":0,"r":8},"to":{"q":11,"r":13},"msg":"findPath: no valid path found"}
{"level":30,"time":1774382621189,"pid":1603593,"hostname":"TempleOfZyminx","from":{"q":0,"r":8},"to":{"q":11,"r":14},"msg":"findPath: no valid path found"}
{"level":30,"time":1774382621189,"pid":1603593,"hostname":"TempleOfZyminx","from":{"q":0,"r":8},"to":{"q":11,"r":15},"msg":"findPath: no valid path found"}
{"level":30,"time":1774382621189,"pid":1603593,"hostname":"TempleOfZyminx","from":{"q":0,"r":8},"to":{"q":11,"r":16},"msg":"findPath: no valid path found"}
{"level":30,"time":1774382621189,"pid":1603593,"hostname":"TempleOfZyminx","from":{"q":0,"r":8},"to":{"q":11,"r":17},"msg":"findPath: no valid path found"}
{"level":30,"time":1774382621189,"pid":1603593,"hostname":"TempleOfZyminx","from":{"q":0,"r":8},"to":{"q":11,"r":18},"msg":"findPath: no valid path found"}
{"level":30,"time":1774382621189,"pid":1603593,"hostname":"TempleOfZyminx","from":{"q":0,"r":8},"to":{"q":11,"r":19},"msg":"findPath: no valid path found"}
{"level":30,"time":1774382621189,"pid":1603593,"hostname":"TempleOfZyminx","from":{"q":0,"r":8},"to":{"q":11,"r":20},"msg":"findPath: no valid path found"}
{"level":30,"time":1774382621189,"pid":1603593,"hostname":"TempleOfZyminx","from":{"q":0,"r":8},"to":{"q":11,"r":21},"msg":"findPath: no valid path found"}
{"level":30,"time":1774382621189,"pid":1603593,"hostname":"TempleOfZyminx","from":{"q":0,"r":8},"to":{"q":12,"r":0},"msg":"findPath: no valid path found"}
{"level":30,"time":1774382621189,"pid":1603593,"hostname":"TempleOfZyminx","from":{"q":0,"r":8},"to":{"q":12,"r":1},"msg":"findPath: no valid path found"}
{"level":30,"time":1774382621189,"pid":1603593,"hostname":"TempleOfZyminx","from":{"q":0,"r":8},"to":{"q":12,"r":2},"msg":"findPath: no valid path found"}
{"level":30,"time":1774382621189,"pid":1603593,"hostname":"TempleOfZyminx","from":{"q":0,"r":8},"to":{"q":12,"r":3},"msg":"findPath: no valid path found"}
{"level":30,"time":1774382621189,"pid":1603593,"hostname":"TempleOfZyminx","from":{"q":0,"r":8},"to":{"q":12,"r":4},"msg":"findPath: no valid path found"}
{"level":30,"time":1774382621189,"pid":1603593,"hostname":"TempleOfZyminx","from":{"q":0,"r":8},"to":{"q":12,"r":5},"msg":"findPath: no valid path found"}
{"level":30,"time":1774382621189,"pid":1603593,"hostname":"TempleOfZyminx","from":{"q":0,"r":8},"to":{"q":12,"r":6},"msg":"findPath: no valid path found"}
{"level":30,"time":1774382621189,"pid":1603593,"hostname":"TempleOfZyminx","from":{"q":0,"r":8},"to":{"q":12,"r":7},"msg":"findPath: no valid path found"}
{"level":30,"time":1774382621189,"pid":1603593,"hostname":"TempleOfZyminx","from":{"q":0,"r":8},"to":{"q":12,"r":8},"msg":"findPath: no valid path found"}
{"level":30,"time":1774382621189,"pid":1603593,"hostname":"TempleOfZyminx","from":{"q":0,"r":8},"to":{"q":12,"r":9},"msg":"findPath: no valid path found"}
{"level":30,"time":1774382621189,"pid":1603593,"hostname":"TempleOfZyminx","from":{"q":0,"r":8},"to":{"q":12,"r":10},"msg":"findPath: no valid path found"}
{"level":30,"time":1774382621189,"pid":1603593,"hostname":"TempleOfZyminx","from":{"q":0,"r":8},"to":{"q":12,"r":11},"msg":"findPath: no valid path found"}
{"level":30,"time":1774382621189,"pid":1603593,"hostname":"TempleOfZyminx","from":{"q":0,"r":8},"to":{"q":12,"r":12},"msg":"findPath: no valid path found"}
{"level":30,"time":1774382621189,"pid":1603593,"hostname":"TempleOfZyminx","from":{"q":0,"r":8},"to":{"q":12,"r":13},"msg":"findPath: no valid path found"}
{"level":30,"time":1774382621189,"pid":1603593,"hostname":"TempleOfZyminx","from":{"q":0,"r":8},"to":{"q":12,"r":14},"msg":"findPath: no valid path found"}
{"level":30,"time":1774382621189,"pid":1603593,"hostname":"TempleOfZyminx","from":{"q":0,"r":8},"to":{"q":12,"r":15},"msg":"findPath: no valid path found"}
{"level":30,"time":1774382621189,"pid":1603593,"hostname":"TempleOfZyminx","from":{"q":0,"r":8},"to":{"q":12,"r":16},"msg":"findPath: no valid path found"}
{"level":30,"time":1774382621189,"pid":1603593,"hostname":"TempleOfZyminx","from":{"q":0,"r":8},"to":{"q":12,"r":17},"msg":"findPath: no valid path found"}
{"level":30,"time":1774382621189,"pid":1603593,"hostname":"TempleOfZyminx","from":{"q":0,"r":8},"to":{"q":12,"r":18},"msg":"findPath: no valid path found"}
{"level":30,"time":1774382621189,"pid":1603593,"hostname":"TempleOfZyminx","from":{"q":0,"r":8},"to":{"q":12,"r":19},"msg":"findPath: no valid path found"}
{"level":30,"time":1774382621190,"pid":1603593,"hostname":"TempleOfZyminx","from":{"q":0,"r":8},"to":{"q":12,"r":20},"msg":"findPath: no valid path found"}
{"level":30,"time":1774382621190,"pid":1603593,"hostname":"TempleOfZyminx","from":{"q":0,"r":8},"to":{"q":12,"r":21},"msg":"findPath: no valid path found"}
{"level":30,"time":1774382621190,"pid":1603593,"hostname":"TempleOfZyminx","from":{"q":0,"r":8},"to":{"q":13,"r":0},"msg":"findPath: no valid path found"}
{"level":30,"time":1774382621190,"pid":1603593,"hostname":"TempleOfZyminx","from":{"q":0,"r":8},"to":{"q":13,"r":1},"msg":"findPath: no valid path found"}
{"level":30,"time":1774382621190,"pid":1603593,"hostname":"TempleOfZyminx","from":{"q":0,"r":8},"to":{"q":13,"r":2},"msg":"findPath: no valid path found"}
{"level":30,"time":1774382621191,"pid":1603593,"hostname":"TempleOfZyminx","from":{"q":0,"r":8},"to":{"q":13,"r":3},"msg":"findPath: no valid path found"}
{"level":30,"time":1774382621191,"pid":1603593,"hostname":"TempleOfZyminx","from":{"q":0,"r":8},"to":{"q":13,"r":4},"msg":"findPath: no valid path found"}
{"level":30,"time":1774382621191,"pid":1603593,"hostname":"TempleOfZyminx","from":{"q":0,"r":8},"to":{"q":13,"r":5},"msg":"findPath: no valid path found"}
{"level":30,"time":1774382621191,"pid":1603593,"hostname":"TempleOfZyminx","from":{"q":0,"r":8},"to":{"q":13,"r":6},"msg":"findPath: no valid path found"}
{"level":30,"time":1774382621191,"pid":1603593,"hostname":"TempleOfZyminx","from":{"q":0,"r":8},"to":{"q":13,"r":7},"msg":"findPath: no valid path found"}
{"level":30,"time":1774382621191,"pid":1603593,"hostname":"TempleOfZyminx","from":{"q":0,"r":8},"to":{"q":13,"r":8},"msg":"findPath: no valid path found"}
{"level":30,"time":1774382621191,"pid":1603593,"hostname":"TempleOfZyminx","from":{"q":0,"r":8},"to":{"q":13,"r":9},"msg":"findPath: no valid path found"}
{"level":30,"time":1774382621191,"pid":1603593,"hostname":"TempleOfZyminx","from":{"q":0,"r":8},"to":{"q":13,"r":10},"msg":"findPath: no valid path found"}
{"level":30,"time":1774382621191,"pid":1603593,"hostname":"TempleOfZyminx","from":{"q":0,"r":8},"to":{"q":13,"r":11},"msg":"findPath: no valid path found"}
{"level":30,"time":1774382621191,"pid":1603593,"hostname":"TempleOfZyminx","from":{"q":0,"r":8},"to":{"q":13,"r":12},"msg":"findPath: no valid path found"}
{"level":30,"time":1774382621191,"pid":1603593,"hostname":"TempleOfZyminx","from":{"q":0,"r":8},"to":{"q":13,"r":13},"msg":"findPath: no valid path found"}
{"level":30,"time":1774382621191,"pid":1603593,"hostname":"TempleOfZyminx","from":{"q":0,"r":8},"to":{"q":13,"r":14},"msg":"findPath: no valid path found"}
{"level":30,"time":1774382621191,"pid":1603593,"hostname":"TempleOfZyminx","from":{"q":0,"r":8},"to":{"q":13,"r":15},"msg":"findPath: no valid path found"}
{"level":30,"time":1774382621191,"pid":1603593,"hostname":"TempleOfZyminx","from":{"q":0,"r":8},"to":{"q":13,"r":16},"msg":"findPath: no valid path found"}
{"level":30,"time":1774382621192,"pid":1603593,"hostname":"TempleOfZyminx","from":{"q":0,"r":8},"to":{"q":13,"r":17},"msg":"findPath: no valid path found"}
{"level":30,"time":1774382621192,"pid":1603593,"hostname":"TempleOfZyminx","from":{"q":0,"r":8},"to":{"q":13,"r":18},"msg":"findPath: no valid path found"}
{"level":30,"time":1774382621192,"pid":1603593,"hostname":"TempleOfZyminx","from":{"q":0,"r":8},"to":{"q":13,"r":19},"msg":"findPath: no valid path found"}
{"level":30,"time":1774382621192,"pid":1603593,"hostname":"TempleOfZyminx","from":{"q":0,"r":8},"to":{"q":13,"r":20},"msg":"findPath: no valid path found"}
{"level":30,"time":1774382621192,"pid":1603593,"hostname":"TempleOfZyminx","from":{"q":0,"r":8},"to":{"q":13,"r":21},"msg":"findPath: no valid path found"}
{"level":30,"time":1774382621192,"pid":1603593,"hostname":"TempleOfZyminx","from":{"q":0,"r":8},"to":{"q":14,"r":0},"msg":"findPath: no valid path found"}
{"level":30,"time":1774382621192,"pid":1603593,"hostname":"TempleOfZyminx","from":{"q":0,"r":8},"to":{"q":14,"r":1},"msg":"findPath: no valid path found"}
{"level":30,"time":1774382621192,"pid":1603593,"hostname":"TempleOfZyminx","from":{"q":0,"r":8},"to":{"q":14,"r":2},"msg":"findPath: no valid path found"}
{"level":30,"time":1774382621192,"pid":1603593,"hostname":"TempleOfZyminx","from":{"q":0,"r":8},"to":{"q":14,"r":3},"msg":"findPath: no valid path found"}
{"level":30,"time":1774382621192,"pid":1603593,"hostname":"TempleOfZyminx","from":{"q":0,"r":8},"to":{"q":14,"r":4},"msg":"findPath: no valid path found"}
{"level":30,"time":1774382621192,"pid":1603593,"hostname":"TempleOfZyminx","from":{"q":0,"r":8},"to":{"q":14,"r":5},"msg":"findPath: no valid path found"}
{"level":30,"time":1774382621192,"pid":1603593,"hostname":"TempleOfZyminx","from":{"q":0,"r":8},"to":{"q":14,"r":6},"msg":"findPath: no valid path found"}
{"level":30,"time":1774382621192,"pid":1603593,"hostname":"TempleOfZyminx","from":{"q":0,"r":8},"to":{"q":14,"r":7},"msg":"findPath: no valid path found"}
{"level":30,"time":1774382621192,"pid":1603593,"hostname":"TempleOfZyminx","from":{"q":0,"r":8},"to":{"q":14,"r":8},"msg":"findPath: no valid path found"}
{"level":30,"time":1774382621192,"pid":1603593,"hostname":"TempleOfZyminx","from":{"q":0,"r":8},"to":{"q":14,"r":9},"msg":"findPath: no valid path found"}
{"level":30,"time":1774382621192,"pid":1603593,"hostname":"TempleOfZyminx","from":{"q":0,"r":8},"to":{"q":14,"r":10},"msg":"findPath: no valid path found"}
{"level":30,"time":1774382621192,"pid":1603593,"hostname":"TempleOfZyminx","from":{"q":0,"r":8},"to":{"q":14,"r":11},"msg":"findPath: no valid path found"}
{"level":30,"time":1774382621192,"pid":1603593,"hostname":"TempleOfZyminx","from":{"q":0,"r":8},"to":{"q":14,"r":12},"msg":"findPath: no valid path found"}
{"level":30,"time":1774382621192,"pid":1603593,"hostname":"TempleOfZyminx","from":{"q":0,"r":8},"to":{"q":14,"r":13},"msg":"findPath: no valid path found"}
{"level":30,"time":1774382621192,"pid":1603593,"hostname":"TempleOfZyminx","from":{"q":0,"r":8},"to":{"q":14,"r":14},"msg":"findPath: no valid path found"}
{"level":30,"time":1774382621192,"pid":1603593,"hostname":"TempleOfZyminx","from":{"q":0,"r":8},"to":{"q":14,"r":15},"msg":"findPath: no valid path found"}
{"level":30,"time":1774382621192,"pid":1603593,"hostname":"TempleOfZyminx","from":{"q":0,"r":8},"to":{"q":14,"r":16},"msg":"findPath: no valid path found"}
{"level":30,"time":1774382621192,"pid":1603593,"hostname":"TempleOfZyminx","from":{"q":0,"r":8},"to":{"q":14,"r":17},"msg":"findPath: no valid path found"}
{"level":30,"time":1774382621192,"pid":1603593,"hostname":"TempleOfZyminx","from":{"q":0,"r":8},"to":{"q":14,"r":18},"msg":"findPath: no valid path found"}
{"level":30,"time":1774382621192,"pid":1603593,"hostname":"TempleOfZyminx","from":{"q":0,"r":8},"to":{"q":14,"r":19},"msg":"findPath: no valid path found"}
{"level":30,"time":1774382621192,"pid":1603593,"hostname":"TempleOfZyminx","from":{"q":0,"r":8},"to":{"q":14,"r":20},"msg":"findPath: no valid path found"}
{"level":30,"time":1774382621193,"pid":1603593,"hostname":"TempleOfZyminx","from":{"q":0,"r":8},"to":{"q":14,"r":21},"msg":"findPath: no valid path found"}
{"level":30,"time":1774382621193,"pid":1603593,"hostname":"TempleOfZyminx","id":"5a0b0710-4b16-4941-91e6-ae9a2c92bfc5","command":"MOVE","msg":"Submitting game action"}
{"level":30,"time":1774382621193,"pid":1603593,"hostname":"TempleOfZyminx","gameId":"5a0b0710-4b16-4941-91e6-ae9a2c92bfc5","unitId":"onion-1","msg":"Processing MOVE command"}
{"level":30,"time":1774382621195,"pid":1603593,"hostname":"TempleOfZyminx","id":"5a0b0710-4b16-4941-91e6-ae9a2c92bfc5","msg":"Fetching game state"}
{"level":30,"time":1774382621195,"pid":1603593,"hostname":"TempleOfZyminx","id":"5a0b0710-4b16-4941-91e6-ae9a2c92bfc5","msg":"Fetching game state"}
{"level":30,"time":1774382621196,"pid":1603593,"hostname":"TempleOfZyminx","id":"5a0b0710-4b16-4941-91e6-ae9a2c92bfc5","command":"END_PHASE","msg":"Submitting game action"}
{"level":30,"time":1774382621196,"pid":1603593,"hostname":"TempleOfZyminx","gameId":"5a0b0710-4b16-4941-91e6-ae9a2c92bfc5","phase":"ONION_MOVE","msg":"Advancing phase"}
{"level":30,"time":1774382621196,"pid":1603593,"hostname":"TempleOfZyminx","phase":"ONION_MOVE","turnNumber":5,"msg":"Advancing phase in engine"}
{"level":30,"time":1774382621198,"pid":1603593,"hostname":"TempleOfZyminx","id":"5a0b0710-4b16-4941-91e6-ae9a2c92bfc5","msg":"Fetching game state"}
{"level":30,"time":1774382621199,"pid":1603593,"hostname":"TempleOfZyminx","id":"5a0b0710-4b16-4941-91e6-ae9a2c92bfc5","msg":"Fetching game state"}
{"level":30,"time":1774382621199,"pid":1603593,"hostname":"TempleOfZyminx","id":"5a0b0710-4b16-4941-91e6-ae9a2c92bfc5","command":"FIRE","msg":"Submitting game action"}
{"level":30,"time":1774382621200,"pid":1603593,"hostname":"TempleOfZyminx","gameId":"5a0b0710-4b16-4941-91e6-ae9a2c92bfc5","type":"FIRE","msg":"Processing combat command"}
{"level":30,"time":1774382621200,"pid":1603593,"hostname":"TempleOfZyminx","commandType":"FIRE","msg":"Validating combat action"}
{"level":30,"time":1774382621200,"pid":1603593,"hostname":"TempleOfZyminx","gameId":"5a0b0710-4b16-4941-91e6-ae9a2c92bfc5","error":"Attacker 'missile_1' is already destroyed or exhausted","msg":"Invalid combat command"}
{"level":30,"time":1774382621200,"pid":1603593,"hostname":"TempleOfZyminx","id":"5a0b0710-4b16-4941-91e6-ae9a2c92bfc5","msg":"Fetching game state"}
{"level":30,"time":1774382621201,"pid":1603593,"hostname":"TempleOfZyminx","id":"5a0b0710-4b16-4941-91e6-ae9a2c92bfc5","msg":"Fetching game state"}
{"level":30,"time":1774382621202,"pid":1603593,"hostname":"TempleOfZyminx","id":"5a0b0710-4b16-4941-91e6-ae9a2c92bfc5","command":"END_PHASE","msg":"Submitting game action"}
{"level":30,"time":1774382621202,"pid":1603593,"hostname":"TempleOfZyminx","gameId":"5a0b0710-4b16-4941-91e6-ae9a2c92bfc5","phase":"ONION_COMBAT","msg":"Advancing phase"}
{"level":30,"time":1774382621202,"pid":1603593,"hostname":"TempleOfZyminx","phase":"ONION_COMBAT","turnNumber":5,"msg":"Advancing phase in engine"}
{"level":30,"time":1774382621203,"pid":1603593,"hostname":"TempleOfZyminx","id":"5a0b0710-4b16-4941-91e6-ae9a2c92bfc5","msg":"Fetching game state"}
{"level":30,"time":1774382621203,"pid":1603593,"hostname":"TempleOfZyminx","id":"5a0b0710-4b16-4941-91e6-ae9a2c92bfc5","msg":"Fetching game state"}
{"level":30,"time":1774382621205,"pid":1603593,"hostname":"TempleOfZyminx","from":{"q":0,"r":9},"to":{"q":0,"r":0},"msg":"findPath: no valid path found"}
{"level":30,"time":1774382621205,"pid":1603593,"hostname":"TempleOfZyminx","from":{"q":0,"r":9},"to":{"q":0,"r":1},"msg":"findPath: no valid path found"}
{"level":30,"time":1774382621205,"pid":1603593,"hostname":"TempleOfZyminx","from":{"q":0,"r":9},"to":{"q":0,"r":2},"msg":"findPath: no valid path found"}
{"level":30,"time":1774382621205,"pid":1603593,"hostname":"TempleOfZyminx","from":{"q":0,"r":9},"to":{"q":0,"r":3},"msg":"findPath: no valid path found"}
{"level":30,"time":1774382621205,"pid":1603593,"hostname":"TempleOfZyminx","from":{"q":0,"r":9},"to":{"q":0,"r":4},"msg":"findPath: no valid path found"}
{"level":30,"time":1774382621205,"pid":1603593,"hostname":"TempleOfZyminx","from":{"q":0,"r":9},"to":{"q":0,"r":14},"msg":"findPath: no valid path found"}
{"level":30,"time":1774382621205,"pid":1603593,"hostname":"TempleOfZyminx","from":{"q":0,"r":9},"to":{"q":0,"r":15},"msg":"findPath: no valid path found"}
{"level":30,"time":1774382621205,"pid":1603593,"hostname":"TempleOfZyminx","from":{"q":0,"r":9},"to":{"q":0,"r":16},"msg":"findPath: no valid path found"}
{"level":30,"time":1774382621205,"pid":1603593,"hostname":"TempleOfZyminx","from":{"q":0,"r":9},"to":{"q":0,"r":17},"msg":"findPath: no valid path found"}
{"level":30,"time":1774382621205,"pid":1603593,"hostname":"TempleOfZyminx","from":{"q":0,"r":9},"to":{"q":0,"r":18},"msg":"findPath: no valid path found"}
{"level":30,"time":1774382621205,"pid":1603593,"hostname":"TempleOfZyminx","from":{"q":0,"r":9},"to":{"q":0,"r":19},"msg":"findPath: no valid path found"}
{"level":30,"time":1774382621206,"pid":1603593,"hostname":"TempleOfZyminx","from":{"q":0,"r":9},"to":{"q":0,"r":20},"msg":"findPath: no valid path found"}
{"level":30,"time":1774382621206,"pid":1603593,"hostname":"TempleOfZyminx","from":{"q":0,"r":9},"to":{"q":0,"r":21},"msg":"findPath: no valid path found"}
{"level":30,"time":1774382621206,"pid":1603593,"hostname":"TempleOfZyminx","from":{"q":0,"r":9},"to":{"q":1,"r":0},"msg":"findPath: no valid path found"}
{"level":30,"time":1774382621206,"pid":1603593,"hostname":"TempleOfZyminx","from":{"q":0,"r":9},"to":{"q":1,"r":1},"msg":"findPath: no valid path found"}
{"level":30,"time":1774382621206,"pid":1603593,"hostname":"TempleOfZyminx","from":{"q":0,"r":9},"to":{"q":1,"r":2},"msg":"findPath: no valid path found"}
{"level":30,"time":1774382621206,"pid":1603593,"hostname":"TempleOfZyminx","from":{"q":0,"r":9},"to":{"q":1,"r":3},"msg":"findPath: no valid path found"}
{"level":30,"time":1774382621206,"pid":1603593,"hostname":"TempleOfZyminx","from":{"q":0,"r":9},"to":{"q":1,"r":4},"msg":"findPath: no valid path found"}
{"level":30,"time":1774382621206,"pid":1603593,"hostname":"TempleOfZyminx","from":{"q":0,"r":9},"to":{"q":1,"r":13},"msg":"findPath: no valid path found"}
{"level":30,"time":1774382621206,"pid":1603593,"hostname":"TempleOfZyminx","from":{"q":0,"r":9},"to":{"q":1,"r":14},"msg":"findPath: no valid path found"}
{"level":30,"time":1774382621206,"pid":1603593,"hostname":"TempleOfZyminx","from":{"q":0,"r":9},"to":{"q":1,"r":15},"msg":"findPath: no valid path found"}
{"level":30,"time":1774382621206,"pid":1603593,"hostname":"TempleOfZyminx","from":{"q":0,"r":9},"to":{"q":1,"r":16},"msg":"findPath: no valid path found"}
{"level":30,"time":1774382621206,"pid":1603593,"hostname":"TempleOfZyminx","from":{"q":0,"r":9},"to":{"q":1,"r":17},"msg":"findPath: no valid path found"}
{"level":30,"time":1774382621206,"pid":1603593,"hostname":"TempleOfZyminx","from":{"q":0,"r":9},"to":{"q":1,"r":18},"msg":"findPath: no valid path found"}
{"level":30,"time":1774382621207,"pid":1603593,"hostname":"TempleOfZyminx","from":{"q":0,"r":9},"to":{"q":1,"r":19},"msg":"findPath: no valid path found"}
{"level":30,"time":1774382621207,"pid":1603593,"hostname":"TempleOfZyminx","from":{"q":0,"r":9},"to":{"q":1,"r":20},"msg":"findPath: no valid path found"}
{"level":30,"time":1774382621207,"pid":1603593,"hostname":"TempleOfZyminx","from":{"q":0,"r":9},"to":{"q":1,"r":21},"msg":"findPath: no valid path found"}
{"level":30,"time":1774382621207,"pid":1603593,"hostname":"TempleOfZyminx","from":{"q":0,"r":9},"to":{"q":2,"r":0},"msg":"findPath: no valid path found"}
{"level":30,"time":1774382621207,"pid":1603593,"hostname":"TempleOfZyminx","from":{"q":0,"r":9},"to":{"q":2,"r":1},"msg":"findPath: no valid path found"}
{"level":30,"time":1774382621207,"pid":1603593,"hostname":"TempleOfZyminx","from":{"q":0,"r":9},"to":{"q":2,"r":2},"msg":"findPath: no valid path found"}
{"level":30,"time":1774382621207,"pid":1603593,"hostname":"TempleOfZyminx","from":{"q":0,"r":9},"to":{"q":2,"r":3},"msg":"findPath: no valid path found"}
{"level":30,"time":1774382621207,"pid":1603593,"hostname":"TempleOfZyminx","from":{"q":0,"r":9},"to":{"q":2,"r":4},"msg":"findPath: no valid path found"}
{"level":30,"time":1774382621207,"pid":1603593,"hostname":"TempleOfZyminx","from":{"q":0,"r":9},"to":{"q":2,"r":12},"msg":"findPath: no valid path found"}
{"level":30,"time":1774382621207,"pid":1603593,"hostname":"TempleOfZyminx","from":{"q":0,"r":9},"to":{"q":2,"r":13},"msg":"findPath: no valid path found"}
{"level":30,"time":1774382621207,"pid":1603593,"hostname":"TempleOfZyminx","from":{"q":0,"r":9},"to":{"q":2,"r":14},"msg":"findPath: no valid path found"}
{"level":30,"time":1774382621207,"pid":1603593,"hostname":"TempleOfZyminx","from":{"q":0,"r":9},"to":{"q":2,"r":15},"msg":"findPath: no valid path found"}
{"level":30,"time":1774382621208,"pid":1603593,"hostname":"TempleOfZyminx","from":{"q":0,"r":9},"to":{"q":2,"r":16},"msg":"findPath: no valid path found"}
{"level":30,"time":1774382621208,"pid":1603593,"hostname":"TempleOfZyminx","from":{"q":0,"r":9},"to":{"q":2,"r":17},"msg":"findPath: no valid path found"}
{"level":30,"time":1774382621208,"pid":1603593,"hostname":"TempleOfZyminx","from":{"q":0,"r":9},"to":{"q":2,"r":18},"msg":"findPath: no valid path found"}
{"level":30,"time":1774382621208,"pid":1603593,"hostname":"TempleOfZyminx","from":{"q":0,"r":9},"to":{"q":2,"r":19},"msg":"findPath: no valid path found"}
{"level":30,"time":1774382621208,"pid":1603593,"hostname":"TempleOfZyminx","from":{"q":0,"r":9},"to":{"q":2,"r":20},"msg":"findPath: no valid path found"}
{"level":30,"time":1774382621208,"pid":1603593,"hostname":"TempleOfZyminx","from":{"q":0,"r":9},"to":{"q":2,"r":21},"msg":"findPath: no valid path found"}
{"level":30,"time":1774382621208,"pid":1603593,"hostname":"TempleOfZyminx","from":{"q":0,"r":9},"to":{"q":3,"r":0},"msg":"findPath: no valid path found"}
{"level":30,"time":1774382621208,"pid":1603593,"hostname":"TempleOfZyminx","from":{"q":0,"r":9},"to":{"q":3,"r":1},"msg":"findPath: no valid path found"}
{"level":30,"time":1774382621208,"pid":1603593,"hostname":"TempleOfZyminx","from":{"q":0,"r":9},"to":{"q":3,"r":2},"msg":"findPath: no valid path found"}
{"level":30,"time":1774382621208,"pid":1603593,"hostname":"TempleOfZyminx","from":{"q":0,"r":9},"to":{"q":3,"r":3},"msg":"findPath: no valid path found"}
{"level":30,"time":1774382621208,"pid":1603593,"hostname":"TempleOfZyminx","from":{"q":0,"r":9},"to":{"q":3,"r":4},"msg":"findPath: no valid path found"}
{"level":30,"time":1774382621208,"pid":1603593,"hostname":"TempleOfZyminx","from":{"q":0,"r":9},"to":{"q":3,"r":8},"msg":"findPath: no valid path found"}
{"level":30,"time":1774382621209,"pid":1603593,"hostname":"TempleOfZyminx","from":{"q":0,"r":9},"to":{"q":3,"r":11},"msg":"findPath: no valid path found"}
{"level":30,"time":1774382621209,"pid":1603593,"hostname":"TempleOfZyminx","from":{"q":0,"r":9},"to":{"q":3,"r":12},"msg":"findPath: no valid path found"}
{"level":30,"time":1774382621209,"pid":1603593,"hostname":"TempleOfZyminx","from":{"q":0,"r":9},"to":{"q":3,"r":13},"msg":"findPath: no valid path found"}
{"level":30,"time":1774382621209,"pid":1603593,"hostname":"TempleOfZyminx","from":{"q":0,"r":9},"to":{"q":3,"r":14},"msg":"findPath: no valid path found"}
{"level":30,"time":1774382621209,"pid":1603593,"hostname":"TempleOfZyminx","from":{"q":0,"r":9},"to":{"q":3,"r":15},"msg":"findPath: no valid path found"}
{"level":30,"time":1774382621209,"pid":1603593,"hostname":"TempleOfZyminx","from":{"q":0,"r":9},"to":{"q":3,"r":16},"msg":"findPath: no valid path found"}
{"level":30,"time":1774382621209,"pid":1603593,"hostname":"TempleOfZyminx","from":{"q":0,"r":9},"to":{"q":3,"r":17},"msg":"findPath: no valid path found"}
{"level":30,"time":1774382621209,"pid":1603593,"hostname":"TempleOfZyminx","from":{"q":0,"r":9},"to":{"q":3,"r":18},"msg":"findPath: no valid path found"}
{"level":30,"time":1774382621209,"pid":1603593,"hostname":"TempleOfZyminx","from":{"q":0,"r":9},"to":{"q":3,"r":19},"msg":"findPath: no valid path found"}
{"level":30,"time":1774382621209,"pid":1603593,"hostname":"TempleOfZyminx","from":{"q":0,"r":9},"to":{"q":3,"r":20},"msg":"findPath: no valid path found"}
{"level":30,"time":1774382621209,"pid":1603593,"hostname":"TempleOfZyminx","from":{"q":0,"r":9},"to":{"q":3,"r":21},"msg":"findPath: no valid path found"}
{"level":30,"time":1774382621209,"pid":1603593,"hostname":"TempleOfZyminx","from":{"q":0,"r":9},"to":{"q":4,"r":0},"msg":"findPath: no valid path found"}
{"level":30,"time":1774382621209,"pid":1603593,"hostname":"TempleOfZyminx","from":{"q":0,"r":9},"to":{"q":4,"r":1},"msg":"findPath: no valid path found"}
{"level":30,"time":1774382621209,"pid":1603593,"hostname":"TempleOfZyminx","from":{"q":0,"r":9},"to":{"q":4,"r":2},"msg":"findPath: no valid path found"}
{"level":30,"time":1774382621209,"pid":1603593,"hostname":"TempleOfZyminx","from":{"q":0,"r":9},"to":{"q":4,"r":3},"msg":"findPath: no valid path found"}
{"level":30,"time":1774382621209,"pid":1603593,"hostname":"TempleOfZyminx","from":{"q":0,"r":9},"to":{"q":4,"r":4},"msg":"findPath: no valid path found"}
{"level":30,"time":1774382621210,"pid":1603593,"hostname":"TempleOfZyminx","from":{"q":0,"r":9},"to":{"q":4,"r":8},"msg":"findPath: no valid path found"}
{"level":30,"time":1774382621210,"pid":1603593,"hostname":"TempleOfZyminx","from":{"q":0,"r":9},"to":{"q":4,"r":10},"msg":"findPath: no valid path found"}
{"level":30,"time":1774382621210,"pid":1603593,"hostname":"TempleOfZyminx","from":{"q":0,"r":9},"to":{"q":4,"r":11},"msg":"findPath: no valid path found"}
{"level":30,"time":1774382621210,"pid":1603593,"hostname":"TempleOfZyminx","from":{"q":0,"r":9},"to":{"q":4,"r":12},"msg":"findPath: no valid path found"}
{"level":30,"time":1774382621210,"pid":1603593,"hostname":"TempleOfZyminx","from":{"q":0,"r":9},"to":{"q":4,"r":13},"msg":"findPath: no valid path found"}
{"level":30,"time":1774382621210,"pid":1603593,"hostname":"TempleOfZyminx","from":{"q":0,"r":9},"to":{"q":4,"r":14},"msg":"findPath: no valid path found"}
{"level":30,"time":1774382621210,"pid":1603593,"hostname":"TempleOfZyminx","from":{"q":0,"r":9},"to":{"q":4,"r":15},"msg":"findPath: no valid path found"}
{"level":30,"time":1774382621211,"pid":1603593,"hostname":"TempleOfZyminx","from":{"q":0,"r":9},"to":{"q":4,"r":16},"msg":"findPath: no valid path found"}
{"level":30,"time":1774382621211,"pid":1603593,"hostname":"TempleOfZyminx","from":{"q":0,"r":9},"to":{"q":4,"r":17},"msg":"findPath: no valid path found"}
{"level":30,"time":1774382621211,"pid":1603593,"hostname":"TempleOfZyminx","from":{"q":0,"r":9},"to":{"q":4,"r":18},"msg":"findPath: no valid path found"}
{"level":30,"time":1774382621211,"pid":1603593,"hostname":"TempleOfZyminx","from":{"q":0,"r":9},"to":{"q":4,"r":19},"msg":"findPath: no valid path found"}
{"level":30,"time":1774382621211,"pid":1603593,"hostname":"TempleOfZyminx","from":{"q":0,"r":9},"to":{"q":4,"r":20},"msg":"findPath: no valid path found"}
{"level":30,"time":1774382621211,"pid":1603593,"hostname":"TempleOfZyminx","from":{"q":0,"r":9},"to":{"q":4,"r":21},"msg":"findPath: no valid path found"}
{"level":30,"time":1774382621211,"pid":1603593,"hostname":"TempleOfZyminx","from":{"q":0,"r":9},"to":{"q":5,"r":0},"msg":"findPath: no valid path found"}
{"level":30,"time":1774382621211,"pid":1603593,"hostname":"TempleOfZyminx","from":{"q":0,"r":9},"to":{"q":5,"r":1},"msg":"findPath: no valid path found"}
{"level":30,"time":1774382621211,"pid":1603593,"hostname":"TempleOfZyminx","from":{"q":0,"r":9},"to":{"q":5,"r":2},"msg":"findPath: no valid path found"}
{"level":30,"time":1774382621211,"pid":1603593,"hostname":"TempleOfZyminx","from":{"q":0,"r":9},"to":{"q":5,"r":3},"msg":"findPath: no valid path found"}
{"level":30,"time":1774382621212,"pid":1603593,"hostname":"TempleOfZyminx","from":{"q":0,"r":9},"to":{"q":5,"r":4},"msg":"findPath: no valid path found"}
{"level":30,"time":1774382621212,"pid":1603593,"hostname":"TempleOfZyminx","from":{"q":0,"r":9},"to":{"q":5,"r":5},"msg":"findPath: no valid path found"}
{"level":30,"time":1774382621212,"pid":1603593,"hostname":"TempleOfZyminx","from":{"q":0,"r":9},"to":{"q":5,"r":6},"msg":"findPath: no valid path found"}
{"level":30,"time":1774382621212,"pid":1603593,"hostname":"TempleOfZyminx","from":{"q":0,"r":9},"to":{"q":5,"r":8},"msg":"findPath: no valid path found"}
{"level":30,"time":1774382621212,"pid":1603593,"hostname":"TempleOfZyminx","from":{"q":0,"r":9},"to":{"q":5,"r":9},"msg":"findPath: no valid path found"}
{"level":30,"time":1774382621212,"pid":1603593,"hostname":"TempleOfZyminx","from":{"q":0,"r":9},"to":{"q":5,"r":10},"msg":"findPath: no valid path found"}
{"level":30,"time":1774382621212,"pid":1603593,"hostname":"TempleOfZyminx","from":{"q":0,"r":9},"to":{"q":5,"r":11},"msg":"findPath: no valid path found"}
{"level":30,"time":1774382621212,"pid":1603593,"hostname":"TempleOfZyminx","from":{"q":0,"r":9},"to":{"q":5,"r":12},"msg":"findPath: no valid path found"}
{"level":30,"time":1774382621212,"pid":1603593,"hostname":"TempleOfZyminx","from":{"q":0,"r":9},"to":{"q":5,"r":13},"msg":"findPath: no valid path found"}
{"level":30,"time":1774382621212,"pid":1603593,"hostname":"TempleOfZyminx","from":{"q":0,"r":9},"to":{"q":5,"r":14},"msg":"findPath: no valid path found"}
{"level":30,"time":1774382621212,"pid":1603593,"hostname":"TempleOfZyminx","from":{"q":0,"r":9},"to":{"q":5,"r":15},"msg":"findPath: no valid path found"}
{"level":30,"time":1774382621212,"pid":1603593,"hostname":"TempleOfZyminx","from":{"q":0,"r":9},"to":{"q":5,"r":16},"msg":"findPath: no valid path found"}
{"level":30,"time":1774382621212,"pid":1603593,"hostname":"TempleOfZyminx","from":{"q":0,"r":9},"to":{"q":5,"r":17},"msg":"findPath: no valid path found"}
{"level":30,"time":1774382621212,"pid":1603593,"hostname":"TempleOfZyminx","from":{"q":0,"r":9},"to":{"q":5,"r":18},"msg":"findPath: no valid path found"}
{"level":30,"time":1774382621212,"pid":1603593,"hostname":"TempleOfZyminx","from":{"q":0,"r":9},"to":{"q":5,"r":19},"msg":"findPath: no valid path found"}
{"level":30,"time":1774382621213,"pid":1603593,"hostname":"TempleOfZyminx","from":{"q":0,"r":9},"to":{"q":5,"r":20},"msg":"findPath: no valid path found"}
{"level":30,"time":1774382621213,"pid":1603593,"hostname":"TempleOfZyminx","from":{"q":0,"r":9},"to":{"q":5,"r":21},"msg":"findPath: no valid path found"}
{"level":30,"time":1774382621213,"pid":1603593,"hostname":"TempleOfZyminx","from":{"q":0,"r":9},"to":{"q":6,"r":0},"msg":"findPath: no valid path found"}
{"level":30,"time":1774382621213,"pid":1603593,"hostname":"TempleOfZyminx","from":{"q":0,"r":9},"to":{"q":6,"r":1},"msg":"findPath: no valid path found"}
{"level":30,"time":1774382621213,"pid":1603593,"hostname":"TempleOfZyminx","from":{"q":0,"r":9},"to":{"q":6,"r":2},"msg":"findPath: no valid path found"}
{"level":30,"time":1774382621213,"pid":1603593,"hostname":"TempleOfZyminx","from":{"q":0,"r":9},"to":{"q":6,"r":3},"msg":"findPath: no valid path found"}
{"level":30,"time":1774382621213,"pid":1603593,"hostname":"TempleOfZyminx","from":{"q":0,"r":9},"to":{"q":6,"r":5},"msg":"findPath: no valid path found"}
{"level":30,"time":1774382621213,"pid":1603593,"hostname":"TempleOfZyminx","from":{"q":0,"r":9},"to":{"q":6,"r":6},"msg":"findPath: no valid path found"}
{"level":30,"time":1774382621213,"pid":1603593,"hostname":"TempleOfZyminx","from":{"q":0,"r":9},"to":{"q":6,"r":7},"msg":"findPath: no valid path found"}
{"level":30,"time":1774382621213,"pid":1603593,"hostname":"TempleOfZyminx","from":{"q":0,"r":9},"to":{"q":6,"r":8},"msg":"findPath: no valid path found"}
{"level":30,"time":1774382621213,"pid":1603593,"hostname":"TempleOfZyminx","from":{"q":0,"r":9},"to":{"q":6,"r":9},"msg":"findPath: no valid path found"}
{"level":30,"time":1774382621213,"pid":1603593,"hostname":"TempleOfZyminx","from":{"q":0,"r":9},"to":{"q":6,"r":10},"msg":"findPath: no valid path found"}
{"level":30,"time":1774382621213,"pid":1603593,"hostname":"TempleOfZyminx","from":{"q":0,"r":9},"to":{"q":6,"r":11},"msg":"findPath: no valid path found"}
{"level":30,"time":1774382621213,"pid":1603593,"hostname":"TempleOfZyminx","from":{"q":0,"r":9},"to":{"q":6,"r":12},"msg":"findPath: no valid path found"}
{"level":30,"time":1774382621214,"pid":1603593,"hostname":"TempleOfZyminx","from":{"q":0,"r":9},"to":{"q":6,"r":13},"msg":"findPath: no valid path found"}
{"level":30,"time":1774382621214,"pid":1603593,"hostname":"TempleOfZyminx","from":{"q":0,"r":9},"to":{"q":6,"r":14},"msg":"findPath: no valid path found"}
{"level":30,"time":1774382621214,"pid":1603593,"hostname":"TempleOfZyminx","from":{"q":0,"r":9},"to":{"q":6,"r":15},"msg":"findPath: no valid path found"}
{"level":30,"time":1774382621214,"pid":1603593,"hostname":"TempleOfZyminx","from":{"q":0,"r":9},"to":{"q":6,"r":16},"msg":"findPath: no valid path found"}
{"level":30,"time":1774382621214,"pid":1603593,"hostname":"TempleOfZyminx","from":{"q":0,"r":9},"to":{"q":6,"r":17},"msg":"findPath: no valid path found"}
{"level":30,"time":1774382621214,"pid":1603593,"hostname":"TempleOfZyminx","from":{"q":0,"r":9},"to":{"q":6,"r":18},"msg":"findPath: no valid path found"}
{"level":30,"time":1774382621214,"pid":1603593,"hostname":"TempleOfZyminx","from":{"q":0,"r":9},"to":{"q":6,"r":19},"msg":"findPath: no valid path found"}
{"level":30,"time":1774382621214,"pid":1603593,"hostname":"TempleOfZyminx","from":{"q":0,"r":9},"to":{"q":6,"r":20},"msg":"findPath: no valid path found"}
{"level":30,"time":1774382621214,"pid":1603593,"hostname":"TempleOfZyminx","from":{"q":0,"r":9},"to":{"q":6,"r":21},"msg":"findPath: no valid path found"}
{"level":30,"time":1774382621214,"pid":1603593,"hostname":"TempleOfZyminx","from":{"q":0,"r":9},"to":{"q":7,"r":0},"msg":"findPath: no valid path found"}
{"level":30,"time":1774382621214,"pid":1603593,"hostname":"TempleOfZyminx","from":{"q":0,"r":9},"to":{"q":7,"r":1},"msg":"findPath: no valid path found"}
{"level":30,"time":1774382621214,"pid":1603593,"hostname":"TempleOfZyminx","from":{"q":0,"r":9},"to":{"q":7,"r":2},"msg":"findPath: no valid path found"}
{"level":30,"time":1774382621214,"pid":1603593,"hostname":"TempleOfZyminx","from":{"q":0,"r":9},"to":{"q":7,"r":4},"msg":"findPath: no valid path found"}
{"level":30,"time":1774382621214,"pid":1603593,"hostname":"TempleOfZyminx","from":{"q":0,"r":9},"to":{"q":7,"r":5},"msg":"findPath: no valid path found"}
{"level":30,"time":1774382621214,"pid":1603593,"hostname":"TempleOfZyminx","from":{"q":0,"r":9},"to":{"q":7,"r":6},"msg":"findPath: no valid path found"}
{"level":30,"time":1774382621215,"pid":1603593,"hostname":"TempleOfZyminx","from":{"q":0,"r":9},"to":{"q":7,"r":7},"msg":"findPath: no valid path found"}
{"level":30,"time":1774382621215,"pid":1603593,"hostname":"TempleOfZyminx","from":{"q":0,"r":9},"to":{"q":7,"r":8},"msg":"findPath: no valid path found"}
{"level":30,"time":1774382621215,"pid":1603593,"hostname":"TempleOfZyminx","from":{"q":0,"r":9},"to":{"q":7,"r":9},"msg":"findPath: no valid path found"}
{"level":30,"time":1774382621215,"pid":1603593,"hostname":"TempleOfZyminx","from":{"q":0,"r":9},"to":{"q":7,"r":10},"msg":"findPath: no valid path found"}
{"level":30,"time":1774382621215,"pid":1603593,"hostname":"TempleOfZyminx","from":{"q":0,"r":9},"to":{"q":7,"r":11},"msg":"findPath: no valid path found"}
{"level":30,"time":1774382621215,"pid":1603593,"hostname":"TempleOfZyminx","from":{"q":0,"r":9},"to":{"q":7,"r":12},"msg":"findPath: no valid path found"}
{"level":30,"time":1774382621215,"pid":1603593,"hostname":"TempleOfZyminx","from":{"q":0,"r":9},"to":{"q":7,"r":13},"msg":"findPath: no valid path found"}
{"level":30,"time":1774382621215,"pid":1603593,"hostname":"TempleOfZyminx","from":{"q":0,"r":9},"to":{"q":7,"r":14},"msg":"findPath: no valid path found"}
{"level":30,"time":1774382621215,"pid":1603593,"hostname":"TempleOfZyminx","from":{"q":0,"r":9},"to":{"q":7,"r":15},"msg":"findPath: no valid path found"}
{"level":30,"time":1774382621215,"pid":1603593,"hostname":"TempleOfZyminx","from":{"q":0,"r":9},"to":{"q":7,"r":16},"msg":"findPath: no valid path found"}
{"level":30,"time":1774382621215,"pid":1603593,"hostname":"TempleOfZyminx","from":{"q":0,"r":9},"to":{"q":7,"r":17},"msg":"findPath: no valid path found"}
{"level":30,"time":1774382621215,"pid":1603593,"hostname":"TempleOfZyminx","from":{"q":0,"r":9},"to":{"q":7,"r":18},"msg":"findPath: no valid path found"}
{"level":30,"time":1774382621215,"pid":1603593,"hostname":"TempleOfZyminx","from":{"q":0,"r":9},"to":{"q":7,"r":19},"msg":"findPath: no valid path found"}
{"level":30,"time":1774382621215,"pid":1603593,"hostname":"TempleOfZyminx","from":{"q":0,"r":9},"to":{"q":7,"r":20},"msg":"findPath: no valid path found"}
{"level":30,"time":1774382621215,"pid":1603593,"hostname":"TempleOfZyminx","from":{"q":0,"r":9},"to":{"q":7,"r":21},"msg":"findPath: no valid path found"}
{"level":30,"time":1774382621216,"pid":1603593,"hostname":"TempleOfZyminx","from":{"q":0,"r":9},"to":{"q":8,"r":0},"msg":"findPath: no valid path found"}
{"level":30,"time":1774382621216,"pid":1603593,"hostname":"TempleOfZyminx","from":{"q":0,"r":9},"to":{"q":8,"r":1},"msg":"findPath: no valid path found"}
{"level":30,"time":1774382621216,"pid":1603593,"hostname":"TempleOfZyminx","from":{"q":0,"r":9},"to":{"q":8,"r":2},"msg":"findPath: no valid path found"}
{"level":30,"time":1774382621216,"pid":1603593,"hostname":"TempleOfZyminx","from":{"q":0,"r":9},"to":{"q":8,"r":3},"msg":"findPath: no valid path found"}
{"level":30,"time":1774382621216,"pid":1603593,"hostname":"TempleOfZyminx","from":{"q":0,"r":9},"to":{"q":8,"r":4},"msg":"findPath: no valid path found"}
{"level":30,"time":1774382621216,"pid":1603593,"hostname":"TempleOfZyminx","from":{"q":0,"r":9},"to":{"q":8,"r":5},"msg":"findPath: no valid path found"}
{"level":30,"time":1774382621216,"pid":1603593,"hostname":"TempleOfZyminx","from":{"q":0,"r":9},"to":{"q":8,"r":6},"msg":"findPath: no valid path found"}
{"level":30,"time":1774382621216,"pid":1603593,"hostname":"TempleOfZyminx","from":{"q":0,"r":9},"to":{"q":8,"r":7},"msg":"findPath: no valid path found"}
{"level":30,"time":1774382621216,"pid":1603593,"hostname":"TempleOfZyminx","from":{"q":0,"r":9},"to":{"q":8,"r":8},"msg":"findPath: no valid path found"}
{"level":30,"time":1774382621216,"pid":1603593,"hostname":"TempleOfZyminx","from":{"q":0,"r":9},"to":{"q":8,"r":9},"msg":"findPath: no valid path found"}
{"level":30,"time":1774382621216,"pid":1603593,"hostname":"TempleOfZyminx","from":{"q":0,"r":9},"to":{"q":8,"r":10},"msg":"findPath: no valid path found"}
{"level":30,"time":1774382621216,"pid":1603593,"hostname":"TempleOfZyminx","from":{"q":0,"r":9},"to":{"q":8,"r":11},"msg":"findPath: no valid path found"}
{"level":30,"time":1774382621216,"pid":1603593,"hostname":"TempleOfZyminx","from":{"q":0,"r":9},"to":{"q":8,"r":12},"msg":"findPath: no valid path found"}
{"level":30,"time":1774382621216,"pid":1603593,"hostname":"TempleOfZyminx","from":{"q":0,"r":9},"to":{"q":8,"r":13},"msg":"findPath: no valid path found"}
{"level":30,"time":1774382621216,"pid":1603593,"hostname":"TempleOfZyminx","from":{"q":0,"r":9},"to":{"q":8,"r":14},"msg":"findPath: no valid path found"}
{"level":30,"time":1774382621216,"pid":1603593,"hostname":"TempleOfZyminx","from":{"q":0,"r":9},"to":{"q":8,"r":15},"msg":"findPath: no valid path found"}
{"level":30,"time":1774382621217,"pid":1603593,"hostname":"TempleOfZyminx","from":{"q":0,"r":9},"to":{"q":8,"r":16},"msg":"findPath: no valid path found"}
{"level":30,"time":1774382621217,"pid":1603593,"hostname":"TempleOfZyminx","from":{"q":0,"r":9},"to":{"q":8,"r":17},"msg":"findPath: no valid path found"}
{"level":30,"time":1774382621217,"pid":1603593,"hostname":"TempleOfZyminx","from":{"q":0,"r":9},"to":{"q":8,"r":18},"msg":"findPath: no valid path found"}
{"level":30,"time":1774382621217,"pid":1603593,"hostname":"TempleOfZyminx","from":{"q":0,"r":9},"to":{"q":8,"r":19},"msg":"findPath: no valid path found"}
{"level":30,"time":1774382621217,"pid":1603593,"hostname":"TempleOfZyminx","from":{"q":0,"r":9},"to":{"q":8,"r":20},"msg":"findPath: no valid path found"}
{"level":30,"time":1774382621217,"pid":1603593,"hostname":"TempleOfZyminx","from":{"q":0,"r":9},"to":{"q":8,"r":21},"msg":"findPath: no valid path found"}
{"level":30,"time":1774382621217,"pid":1603593,"hostname":"TempleOfZyminx","from":{"q":0,"r":9},"to":{"q":9,"r":0},"msg":"findPath: no valid path found"}
{"level":30,"time":1774382621218,"pid":1603593,"hostname":"TempleOfZyminx","from":{"q":0,"r":9},"to":{"q":9,"r":1},"msg":"findPath: no valid path found"}
{"level":30,"time":1774382621218,"pid":1603593,"hostname":"TempleOfZyminx","from":{"q":0,"r":9},"to":{"q":9,"r":2},"msg":"findPath: no valid path found"}
{"level":30,"time":1774382621218,"pid":1603593,"hostname":"TempleOfZyminx","from":{"q":0,"r":9},"to":{"q":9,"r":3},"msg":"findPath: no valid path found"}
{"level":30,"time":1774382621218,"pid":1603593,"hostname":"TempleOfZyminx","from":{"q":0,"r":9},"to":{"q":9,"r":4},"msg":"findPath: no valid path found"}
{"level":30,"time":1774382621218,"pid":1603593,"hostname":"TempleOfZyminx","from":{"q":0,"r":9},"to":{"q":9,"r":5},"msg":"findPath: no valid path found"}
{"level":30,"time":1774382621218,"pid":1603593,"hostname":"TempleOfZyminx","from":{"q":0,"r":9},"to":{"q":9,"r":6},"msg":"findPath: no valid path found"}
{"level":30,"time":1774382621218,"pid":1603593,"hostname":"TempleOfZyminx","from":{"q":0,"r":9},"to":{"q":9,"r":7},"msg":"findPath: no valid path found"}
{"level":30,"time":1774382621218,"pid":1603593,"hostname":"TempleOfZyminx","from":{"q":0,"r":9},"to":{"q":9,"r":8},"msg":"findPath: no valid path found"}
{"level":30,"time":1774382621218,"pid":1603593,"hostname":"TempleOfZyminx","from":{"q":0,"r":9},"to":{"q":9,"r":9},"msg":"findPath: no valid path found"}
{"level":30,"time":1774382621218,"pid":1603593,"hostname":"TempleOfZyminx","from":{"q":0,"r":9},"to":{"q":9,"r":10},"msg":"findPath: no valid path found"}
{"level":30,"time":1774382621218,"pid":1603593,"hostname":"TempleOfZyminx","from":{"q":0,"r":9},"to":{"q":9,"r":11},"msg":"findPath: no valid path found"}
{"level":30,"time":1774382621218,"pid":1603593,"hostname":"TempleOfZyminx","from":{"q":0,"r":9},"to":{"q":9,"r":12},"msg":"findPath: no valid path found"}
{"level":30,"time":1774382621218,"pid":1603593,"hostname":"TempleOfZyminx","from":{"q":0,"r":9},"to":{"q":9,"r":13},"msg":"findPath: no valid path found"}
{"level":30,"time":1774382621218,"pid":1603593,"hostname":"TempleOfZyminx","from":{"q":0,"r":9},"to":{"q":9,"r":14},"msg":"findPath: no valid path found"}
{"level":30,"time":1774382621218,"pid":1603593,"hostname":"TempleOfZyminx","from":{"q":0,"r":9},"to":{"q":9,"r":15},"msg":"findPath: no valid path found"}
{"level":30,"time":1774382621219,"pid":1603593,"hostname":"TempleOfZyminx","from":{"q":0,"r":9},"to":{"q":9,"r":16},"msg":"findPath: no valid path found"}
{"level":30,"time":1774382621219,"pid":1603593,"hostname":"TempleOfZyminx","from":{"q":0,"r":9},"to":{"q":9,"r":17},"msg":"findPath: no valid path found"}
{"level":30,"time":1774382621219,"pid":1603593,"hostname":"TempleOfZyminx","from":{"q":0,"r":9},"to":{"q":9,"r":18},"msg":"findPath: no valid path found"}
{"level":30,"time":1774382621219,"pid":1603593,"hostname":"TempleOfZyminx","from":{"q":0,"r":9},"to":{"q":9,"r":19},"msg":"findPath: no valid path found"}
{"level":30,"time":1774382621219,"pid":1603593,"hostname":"TempleOfZyminx","from":{"q":0,"r":9},"to":{"q":9,"r":20},"msg":"findPath: no valid path found"}
{"level":30,"time":1774382621219,"pid":1603593,"hostname":"TempleOfZyminx","from":{"q":0,"r":9},"to":{"q":9,"r":21},"msg":"findPath: no valid path found"}
{"level":30,"time":1774382621220,"pid":1603593,"hostname":"TempleOfZyminx","from":{"q":0,"r":9},"to":{"q":10,"r":0},"msg":"findPath: no valid path found"}
{"level":30,"time":1774382621220,"pid":1603593,"hostname":"TempleOfZyminx","from":{"q":0,"r":9},"to":{"q":10,"r":1},"msg":"findPath: no valid path found"}
{"level":30,"time":1774382621220,"pid":1603593,"hostname":"TempleOfZyminx","from":{"q":0,"r":9},"to":{"q":10,"r":2},"msg":"findPath: no valid path found"}
{"level":30,"time":1774382621220,"pid":1603593,"hostname":"TempleOfZyminx","from":{"q":0,"r":9},"to":{"q":10,"r":3},"msg":"findPath: no valid path found"}
{"level":30,"time":1774382621220,"pid":1603593,"hostname":"TempleOfZyminx","from":{"q":0,"r":9},"to":{"q":10,"r":4},"msg":"findPath: no valid path found"}
{"level":30,"time":1774382621220,"pid":1603593,"hostname":"TempleOfZyminx","from":{"q":0,"r":9},"to":{"q":10,"r":5},"msg":"findPath: no valid path found"}
{"level":30,"time":1774382621222,"pid":1603593,"hostname":"TempleOfZyminx","from":{"q":0,"r":9},"to":{"q":10,"r":6},"msg":"findPath: no valid path found"}
{"level":30,"time":1774382621222,"pid":1603593,"hostname":"TempleOfZyminx","from":{"q":0,"r":9},"to":{"q":10,"r":7},"msg":"findPath: no valid path found"}
{"level":30,"time":1774382621222,"pid":1603593,"hostname":"TempleOfZyminx","from":{"q":0,"r":9},"to":{"q":10,"r":8},"msg":"findPath: no valid path found"}
{"level":30,"time":1774382621222,"pid":1603593,"hostname":"TempleOfZyminx","from":{"q":0,"r":9},"to":{"q":10,"r":9},"msg":"findPath: no valid path found"}
{"level":30,"time":1774382621222,"pid":1603593,"hostname":"TempleOfZyminx","from":{"q":0,"r":9},"to":{"q":10,"r":10},"msg":"findPath: no valid path found"}
{"level":30,"time":1774382621223,"pid":1603593,"hostname":"TempleOfZyminx","from":{"q":0,"r":9},"to":{"q":10,"r":11},"msg":"findPath: no valid path found"}
{"level":30,"time":1774382621223,"pid":1603593,"hostname":"TempleOfZyminx","from":{"q":0,"r":9},"to":{"q":10,"r":12},"msg":"findPath: no valid path found"}
{"level":30,"time":1774382621223,"pid":1603593,"hostname":"TempleOfZyminx","from":{"q":0,"r":9},"to":{"q":10,"r":13},"msg":"findPath: no valid path found"}
{"level":30,"time":1774382621223,"pid":1603593,"hostname":"TempleOfZyminx","from":{"q":0,"r":9},"to":{"q":10,"r":14},"msg":"findPath: no valid path found"}
{"level":30,"time":1774382621223,"pid":1603593,"hostname":"TempleOfZyminx","from":{"q":0,"r":9},"to":{"q":10,"r":15},"msg":"findPath: no valid path found"}
{"level":30,"time":1774382621223,"pid":1603593,"hostname":"TempleOfZyminx","from":{"q":0,"r":9},"to":{"q":10,"r":16},"msg":"findPath: no valid path found"}
{"level":30,"time":1774382621223,"pid":1603593,"hostname":"TempleOfZyminx","from":{"q":0,"r":9},"to":{"q":10,"r":17},"msg":"findPath: no valid path found"}
{"level":30,"time":1774382621223,"pid":1603593,"hostname":"TempleOfZyminx","from":{"q":0,"r":9},"to":{"q":10,"r":18},"msg":"findPath: no valid path found"}
{"level":30,"time":1774382621223,"pid":1603593,"hostname":"TempleOfZyminx","from":{"q":0,"r":9},"to":{"q":10,"r":19},"msg":"findPath: no valid path found"}
{"level":30,"time":1774382621223,"pid":1603593,"hostname":"TempleOfZyminx","from":{"q":0,"r":9},"to":{"q":10,"r":20},"msg":"findPath: no valid path found"}
{"level":30,"time":1774382621223,"pid":1603593,"hostname":"TempleOfZyminx","from":{"q":0,"r":9},"to":{"q":10,"r":21},"msg":"findPath: no valid path found"}
{"level":30,"time":1774382621223,"pid":1603593,"hostname":"TempleOfZyminx","from":{"q":0,"r":9},"to":{"q":11,"r":0},"msg":"findPath: no valid path found"}
{"level":30,"time":1774382621223,"pid":1603593,"hostname":"TempleOfZyminx","from":{"q":0,"r":9},"to":{"q":11,"r":1},"msg":"findPath: no valid path found"}
{"level":30,"time":1774382621223,"pid":1603593,"hostname":"TempleOfZyminx","from":{"q":0,"r":9},"to":{"q":11,"r":2},"msg":"findPath: no valid path found"}
{"level":30,"time":1774382621223,"pid":1603593,"hostname":"TempleOfZyminx","from":{"q":0,"r":9},"to":{"q":11,"r":3},"msg":"findPath: no valid path found"}
{"level":30,"time":1774382621223,"pid":1603593,"hostname":"TempleOfZyminx","from":{"q":0,"r":9},"to":{"q":11,"r":4},"msg":"findPath: no valid path found"}
{"level":30,"time":1774382621223,"pid":1603593,"hostname":"TempleOfZyminx","from":{"q":0,"r":9},"to":{"q":11,"r":5},"msg":"findPath: no valid path found"}
{"level":30,"time":1774382621223,"pid":1603593,"hostname":"TempleOfZyminx","from":{"q":0,"r":9},"to":{"q":11,"r":6},"msg":"findPath: no valid path found"}
{"level":30,"time":1774382621223,"pid":1603593,"hostname":"TempleOfZyminx","from":{"q":0,"r":9},"to":{"q":11,"r":7},"msg":"findPath: no valid path found"}
{"level":30,"time":1774382621224,"pid":1603593,"hostname":"TempleOfZyminx","from":{"q":0,"r":9},"to":{"q":11,"r":8},"msg":"findPath: no valid path found"}
{"level":30,"time":1774382621224,"pid":1603593,"hostname":"TempleOfZyminx","from":{"q":0,"r":9},"to":{"q":11,"r":9},"msg":"findPath: no valid path found"}
{"level":30,"time":1774382621224,"pid":1603593,"hostname":"TempleOfZyminx","from":{"q":0,"r":9},"to":{"q":11,"r":10},"msg":"findPath: no valid path found"}
{"level":30,"time":1774382621224,"pid":1603593,"hostname":"TempleOfZyminx","from":{"q":0,"r":9},"to":{"q":11,"r":11},"msg":"findPath: no valid path found"}
{"level":30,"time":1774382621224,"pid":1603593,"hostname":"TempleOfZyminx","from":{"q":0,"r":9},"to":{"q":11,"r":12},"msg":"findPath: no valid path found"}
{"level":30,"time":1774382621224,"pid":1603593,"hostname":"TempleOfZyminx","from":{"q":0,"r":9},"to":{"q":11,"r":13},"msg":"findPath: no valid path found"}
{"level":30,"time":1774382621225,"pid":1603593,"hostname":"TempleOfZyminx","from":{"q":0,"r":9},"to":{"q":11,"r":14},"msg":"findPath: no valid path found"}
{"level":30,"time":1774382621225,"pid":1603593,"hostname":"TempleOfZyminx","from":{"q":0,"r":9},"to":{"q":11,"r":15},"msg":"findPath: no valid path found"}
{"level":30,"time":1774382621225,"pid":1603593,"hostname":"TempleOfZyminx","from":{"q":0,"r":9},"to":{"q":11,"r":16},"msg":"findPath: no valid path found"}
{"level":30,"time":1774382621225,"pid":1603593,"hostname":"TempleOfZyminx","from":{"q":0,"r":9},"to":{"q":11,"r":17},"msg":"findPath: no valid path found"}
{"level":30,"time":1774382621225,"pid":1603593,"hostname":"TempleOfZyminx","from":{"q":0,"r":9},"to":{"q":11,"r":18},"msg":"findPath: no valid path found"}
{"level":30,"time":1774382621225,"pid":1603593,"hostname":"TempleOfZyminx","from":{"q":0,"r":9},"to":{"q":11,"r":19},"msg":"findPath: no valid path found"}
{"level":30,"time":1774382621225,"pid":1603593,"hostname":"TempleOfZyminx","from":{"q":0,"r":9},"to":{"q":11,"r":20},"msg":"findPath: no valid path found"}
{"level":30,"time":1774382621225,"pid":1603593,"hostname":"TempleOfZyminx","from":{"q":0,"r":9},"to":{"q":11,"r":21},"msg":"findPath: no valid path found"}
{"level":30,"time":1774382621225,"pid":1603593,"hostname":"TempleOfZyminx","from":{"q":0,"r":9},"to":{"q":12,"r":0},"msg":"findPath: no valid path found"}
{"level":30,"time":1774382621225,"pid":1603593,"hostname":"TempleOfZyminx","from":{"q":0,"r":9},"to":{"q":12,"r":1},"msg":"findPath: no valid path found"}
{"level":30,"time":1774382621225,"pid":1603593,"hostname":"TempleOfZyminx","from":{"q":0,"r":9},"to":{"q":12,"r":2},"msg":"findPath: no valid path found"}
{"level":30,"time":1774382621225,"pid":1603593,"hostname":"TempleOfZyminx","from":{"q":0,"r":9},"to":{"q":12,"r":3},"msg":"findPath: no valid path found"}
{"level":30,"time":1774382621225,"pid":1603593,"hostname":"TempleOfZyminx","from":{"q":0,"r":9},"to":{"q":12,"r":4},"msg":"findPath: no valid path found"}
{"level":30,"time":1774382621225,"pid":1603593,"hostname":"TempleOfZyminx","from":{"q":0,"r":9},"to":{"q":12,"r":5},"msg":"findPath: no valid path found"}
{"level":30,"time":1774382621225,"pid":1603593,"hostname":"TempleOfZyminx","from":{"q":0,"r":9},"to":{"q":12,"r":6},"msg":"findPath: no valid path found"}
{"level":30,"time":1774382621225,"pid":1603593,"hostname":"TempleOfZyminx","from":{"q":0,"r":9},"to":{"q":12,"r":7},"msg":"findPath: no valid path found"}
{"level":30,"time":1774382621225,"pid":1603593,"hostname":"TempleOfZyminx","from":{"q":0,"r":9},"to":{"q":12,"r":8},"msg":"findPath: no valid path found"}
{"level":30,"time":1774382621225,"pid":1603593,"hostname":"TempleOfZyminx","from":{"q":0,"r":9},"to":{"q":12,"r":9},"msg":"findPath: no valid path found"}
{"level":30,"time":1774382621225,"pid":1603593,"hostname":"TempleOfZyminx","from":{"q":0,"r":9},"to":{"q":12,"r":10},"msg":"findPath: no valid path found"}
{"level":30,"time":1774382621225,"pid":1603593,"hostname":"TempleOfZyminx","from":{"q":0,"r":9},"to":{"q":12,"r":11},"msg":"findPath: no valid path found"}
{"level":30,"time":1774382621225,"pid":1603593,"hostname":"TempleOfZyminx","from":{"q":0,"r":9},"to":{"q":12,"r":12},"msg":"findPath: no valid path found"}
{"level":30,"time":1774382621225,"pid":1603593,"hostname":"TempleOfZyminx","from":{"q":0,"r":9},"to":{"q":12,"r":13},"msg":"findPath: no valid path found"}
{"level":30,"time":1774382621225,"pid":1603593,"hostname":"TempleOfZyminx","from":{"q":0,"r":9},"to":{"q":12,"r":14},"msg":"findPath: no valid path found"}
{"level":30,"time":1774382621225,"pid":1603593,"hostname":"TempleOfZyminx","from":{"q":0,"r":9},"to":{"q":12,"r":15},"msg":"findPath: no valid path found"}
{"level":30,"time":1774382621225,"pid":1603593,"hostname":"TempleOfZyminx","from":{"q":0,"r":9},"to":{"q":12,"r":16},"msg":"findPath: no valid path found"}
{"level":30,"time":1774382621225,"pid":1603593,"hostname":"TempleOfZyminx","from":{"q":0,"r":9},"to":{"q":12,"r":17},"msg":"findPath: no valid path found"}
{"level":30,"time":1774382621225,"pid":1603593,"hostname":"TempleOfZyminx","from":{"q":0,"r":9},"to":{"q":12,"r":18},"msg":"findPath: no valid path found"}
{"level":30,"time":1774382621225,"pid":1603593,"hostname":"TempleOfZyminx","from":{"q":0,"r":9},"to":{"q":12,"r":19},"msg":"findPath: no valid path found"}
{"level":30,"time":1774382621226,"pid":1603593,"hostname":"TempleOfZyminx","from":{"q":0,"r":9},"to":{"q":12,"r":20},"msg":"findPath: no valid path found"}
{"level":30,"time":1774382621226,"pid":1603593,"hostname":"TempleOfZyminx","from":{"q":0,"r":9},"to":{"q":12,"r":21},"msg":"findPath: no valid path found"}
{"level":30,"time":1774382621226,"pid":1603593,"hostname":"TempleOfZyminx","from":{"q":0,"r":9},"to":{"q":13,"r":0},"msg":"findPath: no valid path found"}
{"level":30,"time":1774382621226,"pid":1603593,"hostname":"TempleOfZyminx","from":{"q":0,"r":9},"to":{"q":13,"r":1},"msg":"findPath: no valid path found"}
{"level":30,"time":1774382621226,"pid":1603593,"hostname":"TempleOfZyminx","from":{"q":0,"r":9},"to":{"q":13,"r":2},"msg":"findPath: no valid path found"}
{"level":30,"time":1774382621226,"pid":1603593,"hostname":"TempleOfZyminx","from":{"q":0,"r":9},"to":{"q":13,"r":3},"msg":"findPath: no valid path found"}
{"level":30,"time":1774382621226,"pid":1603593,"hostname":"TempleOfZyminx","from":{"q":0,"r":9},"to":{"q":13,"r":4},"msg":"findPath: no valid path found"}
{"level":30,"time":1774382621226,"pid":1603593,"hostname":"TempleOfZyminx","from":{"q":0,"r":9},"to":{"q":13,"r":5},"msg":"findPath: no valid path found"}
{"level":30,"time":1774382621226,"pid":1603593,"hostname":"TempleOfZyminx","from":{"q":0,"r":9},"to":{"q":13,"r":6},"msg":"findPath: no valid path found"}
{"level":30,"time":1774382621226,"pid":1603593,"hostname":"TempleOfZyminx","from":{"q":0,"r":9},"to":{"q":13,"r":7},"msg":"findPath: no valid path found"}
{"level":30,"time":1774382621226,"pid":1603593,"hostname":"TempleOfZyminx","from":{"q":0,"r":9},"to":{"q":13,"r":8},"msg":"findPath: no valid path found"}
{"level":30,"time":1774382621226,"pid":1603593,"hostname":"TempleOfZyminx","from":{"q":0,"r":9},"to":{"q":13,"r":9},"msg":"findPath: no valid path found"}
{"level":30,"time":1774382621226,"pid":1603593,"hostname":"TempleOfZyminx","from":{"q":0,"r":9},"to":{"q":13,"r":10},"msg":"findPath: no valid path found"}
{"level":30,"time":1774382621226,"pid":1603593,"hostname":"TempleOfZyminx","from":{"q":0,"r":9},"to":{"q":13,"r":11},"msg":"findPath: no valid path found"}
{"level":30,"time":1774382621226,"pid":1603593,"hostname":"TempleOfZyminx","from":{"q":0,"r":9},"to":{"q":13,"r":12},"msg":"findPath: no valid path found"}
{"level":30,"time":1774382621226,"pid":1603593,"hostname":"TempleOfZyminx","from":{"q":0,"r":9},"to":{"q":13,"r":13},"msg":"findPath: no valid path found"}
{"level":30,"time":1774382621226,"pid":1603593,"hostname":"TempleOfZyminx","from":{"q":0,"r":9},"to":{"q":13,"r":14},"msg":"findPath: no valid path found"}
{"level":30,"time":1774382621226,"pid":1603593,"hostname":"TempleOfZyminx","from":{"q":0,"r":9},"to":{"q":13,"r":15},"msg":"findPath: no valid path found"}
{"level":30,"time":1774382621226,"pid":1603593,"hostname":"TempleOfZyminx","from":{"q":0,"r":9},"to":{"q":13,"r":16},"msg":"findPath: no valid path found"}
{"level":30,"time":1774382621226,"pid":1603593,"hostname":"TempleOfZyminx","from":{"q":0,"r":9},"to":{"q":13,"r":17},"msg":"findPath: no valid path found"}
{"level":30,"time":1774382621226,"pid":1603593,"hostname":"TempleOfZyminx","from":{"q":0,"r":9},"to":{"q":13,"r":18},"msg":"findPath: no valid path found"}
{"level":30,"time":1774382621226,"pid":1603593,"hostname":"TempleOfZyminx","from":{"q":0,"r":9},"to":{"q":13,"r":19},"msg":"findPath: no valid path found"}
{"level":30,"time":1774382621226,"pid":1603593,"hostname":"TempleOfZyminx","from":{"q":0,"r":9},"to":{"q":13,"r":20},"msg":"findPath: no valid path found"}
{"level":30,"time":1774382621226,"pid":1603593,"hostname":"TempleOfZyminx","from":{"q":0,"r":9},"to":{"q":13,"r":21},"msg":"findPath: no valid path found"}
{"level":30,"time":1774382621226,"pid":1603593,"hostname":"TempleOfZyminx","from":{"q":0,"r":9},"to":{"q":14,"r":0},"msg":"findPath: no valid path found"}
{"level":30,"time":1774382621226,"pid":1603593,"hostname":"TempleOfZyminx","from":{"q":0,"r":9},"to":{"q":14,"r":1},"msg":"findPath: no valid path found"}
{"level":30,"time":1774382621227,"pid":1603593,"hostname":"TempleOfZyminx","from":{"q":0,"r":9},"to":{"q":14,"r":2},"msg":"findPath: no valid path found"}
{"level":30,"time":1774382621227,"pid":1603593,"hostname":"TempleOfZyminx","from":{"q":0,"r":9},"to":{"q":14,"r":3},"msg":"findPath: no valid path found"}
{"level":30,"time":1774382621227,"pid":1603593,"hostname":"TempleOfZyminx","from":{"q":0,"r":9},"to":{"q":14,"r":4},"msg":"findPath: no valid path found"}
{"level":30,"time":1774382621227,"pid":1603593,"hostname":"TempleOfZyminx","from":{"q":0,"r":9},"to":{"q":14,"r":5},"msg":"findPath: no valid path found"}
{"level":30,"time":1774382621227,"pid":1603593,"hostname":"TempleOfZyminx","from":{"q":0,"r":9},"to":{"q":14,"r":6},"msg":"findPath: no valid path found"}
{"level":30,"time":1774382621227,"pid":1603593,"hostname":"TempleOfZyminx","from":{"q":0,"r":9},"to":{"q":14,"r":7},"msg":"findPath: no valid path found"}
{"level":30,"time":1774382621227,"pid":1603593,"hostname":"TempleOfZyminx","from":{"q":0,"r":9},"to":{"q":14,"r":8},"msg":"findPath: no valid path found"}
{"level":30,"time":1774382621227,"pid":1603593,"hostname":"TempleOfZyminx","from":{"q":0,"r":9},"to":{"q":14,"r":9},"msg":"findPath: no valid path found"}
{"level":30,"time":1774382621227,"pid":1603593,"hostname":"TempleOfZyminx","from":{"q":0,"r":9},"to":{"q":14,"r":10},"msg":"findPath: no valid path found"}
{"level":30,"time":1774382621227,"pid":1603593,"hostname":"TempleOfZyminx","from":{"q":0,"r":9},"to":{"q":14,"r":11},"msg":"findPath: no valid path found"}
{"level":30,"time":1774382621227,"pid":1603593,"hostname":"TempleOfZyminx","from":{"q":0,"r":9},"to":{"q":14,"r":12},"msg":"findPath: no valid path found"}
{"level":30,"time":1774382621227,"pid":1603593,"hostname":"TempleOfZyminx","from":{"q":0,"r":9},"to":{"q":14,"r":13},"msg":"findPath: no valid path found"}
{"level":30,"time":1774382621227,"pid":1603593,"hostname":"TempleOfZyminx","from":{"q":0,"r":9},"to":{"q":14,"r":14},"msg":"findPath: no valid path found"}
{"level":30,"time":1774382621227,"pid":1603593,"hostname":"TempleOfZyminx","from":{"q":0,"r":9},"to":{"q":14,"r":15},"msg":"findPath: no valid path found"}
{"level":30,"time":1774382621227,"pid":1603593,"hostname":"TempleOfZyminx","from":{"q":0,"r":9},"to":{"q":14,"r":16},"msg":"findPath: no valid path found"}
{"level":30,"time":1774382621227,"pid":1603593,"hostname":"TempleOfZyminx","from":{"q":0,"r":9},"to":{"q":14,"r":17},"msg":"findPath: no valid path found"}
{"level":30,"time":1774382621228,"pid":1603593,"hostname":"TempleOfZyminx","from":{"q":0,"r":9},"to":{"q":14,"r":18},"msg":"findPath: no valid path found"}
{"level":30,"time":1774382621228,"pid":1603593,"hostname":"TempleOfZyminx","from":{"q":0,"r":9},"to":{"q":14,"r":19},"msg":"findPath: no valid path found"}
{"level":30,"time":1774382621228,"pid":1603593,"hostname":"TempleOfZyminx","from":{"q":0,"r":9},"to":{"q":14,"r":20},"msg":"findPath: no valid path found"}
{"level":30,"time":1774382621228,"pid":1603593,"hostname":"TempleOfZyminx","from":{"q":0,"r":9},"to":{"q":14,"r":21},"msg":"findPath: no valid path found"}
{"level":30,"time":1774382621228,"pid":1603593,"hostname":"TempleOfZyminx","id":"5a0b0710-4b16-4941-91e6-ae9a2c92bfc5","command":"MOVE","msg":"Submitting game action"}
{"level":30,"time":1774382621229,"pid":1603593,"hostname":"TempleOfZyminx","gameId":"5a0b0710-4b16-4941-91e6-ae9a2c92bfc5","unitId":"wolf-1","msg":"Processing MOVE command"}
{"level":30,"time":1774382621230,"pid":1603593,"hostname":"TempleOfZyminx","id":"5a0b0710-4b16-4941-91e6-ae9a2c92bfc5","msg":"Fetching game state"}
{"level":30,"time":1774382621231,"pid":1603593,"hostname":"TempleOfZyminx","id":"5a0b0710-4b16-4941-91e6-ae9a2c92bfc5","msg":"Fetching game state"}
{"level":30,"time":1774382621232,"pid":1603593,"hostname":"TempleOfZyminx","id":"5a0b0710-4b16-4941-91e6-ae9a2c92bfc5","command":"END_PHASE","msg":"Submitting game action"}
{"level":30,"time":1774382621233,"pid":1603593,"hostname":"TempleOfZyminx","gameId":"5a0b0710-4b16-4941-91e6-ae9a2c92bfc5","phase":"DEFENDER_MOVE","msg":"Advancing phase"}
{"level":30,"time":1774382621233,"pid":1603593,"hostname":"TempleOfZyminx","phase":"DEFENDER_MOVE","turnNumber":5,"msg":"Advancing phase in engine"}
{"level":30,"time":1774382621233,"pid":1603593,"hostname":"TempleOfZyminx","id":"5a0b0710-4b16-4941-91e6-ae9a2c92bfc5","msg":"Fetching game state"}
{"level":30,"time":1774382621234,"pid":1603593,"hostname":"TempleOfZyminx","id":"5a0b0710-4b16-4941-91e6-ae9a2c92bfc5","msg":"Fetching game state"}
{"level":30,"time":1774382621235,"pid":1603593,"hostname":"TempleOfZyminx","id":"5a0b0710-4b16-4941-91e6-ae9a2c92bfc5","command":"FIRE","msg":"Submitting game action"}
{"level":30,"time":1774382621235,"pid":1603593,"hostname":"TempleOfZyminx","gameId":"5a0b0710-4b16-4941-91e6-ae9a2c92bfc5","type":"FIRE","msg":"Processing combat command"}
{"level":30,"time":1774382621235,"pid":1603593,"hostname":"TempleOfZyminx","commandType":"FIRE","msg":"Validating combat action"}
{"level":30,"time":1774382621235,"pid":1603593,"hostname":"TempleOfZyminx","plan":{"actionType":"FIRE","actor":"defender","attackerIds":["wolf-1"],"target":{"kind":"treads","id":"onion-1"},"attackStrength":2,"defense":0},"msg":"Executing combat action"}
{"level":30,"time":1774382621236,"pid":1603593,"hostname":"TempleOfZyminx","id":"5a0b0710-4b16-4941-91e6-ae9a2c92bfc5","command":"FIRE","msg":"Submitting game action"}
{"level":30,"time":1774382621237,"pid":1603593,"hostname":"TempleOfZyminx","gameId":"5a0b0710-4b16-4941-91e6-ae9a2c92bfc5","type":"FIRE","msg":"Processing combat command"}
{"level":30,"time":1774382621238,"pid":1603593,"hostname":"TempleOfZyminx","commandType":"FIRE","msg":"Validating combat action"}
{"level":30,"time":1774382621238,"pid":1603593,"hostname":"TempleOfZyminx","plan":{"actionType":"FIRE","actor":"defender","attackerIds":["wolf-2"],"target":{"kind":"weapon","id":"main"},"attackStrength":2,"defense":4},"msg":"Executing combat action"}
{"level":30,"time":1774382621239,"pid":1603593,"hostname":"TempleOfZyminx","id":"5a0b0710-4b16-4941-91e6-ae9a2c92bfc5","msg":"Fetching game state"}
{"level":30,"time":1774382621239,"pid":1604603,"hostname":"TempleOfZyminx","scenarioId":"swamp-siege-01","role":"onion","msg":"Creating new game match"}
{"level":30,"time":1774382621240,"pid":1603593,"hostname":"TempleOfZyminx","id":"5a0b0710-4b16-4941-91e6-ae9a2c92bfc5","command":"END_PHASE","msg":"Submitting game action"}
{"level":30,"time":1774382621240,"pid":1603593,"hostname":"TempleOfZyminx","gameId":"5a0b0710-4b16-4941-91e6-ae9a2c92bfc5","phase":"DEFENDER_COMBAT","msg":"Advancing phase"}
{"level":30,"time":1774382621240,"pid":1603593,"hostname":"TempleOfZyminx","phase":"DEFENDER_COMBAT","turnNumber":5,"msg":"Advancing phase in engine"}
{"level":30,"time":1774382621241,"pid":1603593,"hostname":"TempleOfZyminx","id":"5a0b0710-4b16-4941-91e6-ae9a2c92bfc5","msg":"Fetching game state"}
{"level":30,"time":1774382621242,"pid":1603593,"hostname":"TempleOfZyminx","id":"5a0b0710-4b16-4941-91e6-ae9a2c92bfc5","msg":"Fetching game state"}
{"level":30,"time":1774382621242,"pid":1604603,"hostname":"TempleOfZyminx","gameId":"1ba99313-38f6-44b2-9e69-177eb1cee2db","role":"onion","msg":"Game match created"}
{"level":30,"time":1774382621242,"pid":1603593,"hostname":"TempleOfZyminx","from":{"q":0,"r":8},"to":{"q":0,"r":0},"msg":"findPath: no valid path found"}
{"level":30,"time":1774382621242,"pid":1603593,"hostname":"TempleOfZyminx","from":{"q":0,"r":8},"to":{"q":0,"r":1},"msg":"findPath: no valid path found"}
{"level":30,"time":1774382621242,"pid":1603593,"hostname":"TempleOfZyminx","from":{"q":0,"r":8},"to":{"q":0,"r":2},"msg":"findPath: no valid path found"}
{"level":30,"time":1774382621243,"pid":1603593,"hostname":"TempleOfZyminx","from":{"q":0,"r":8},"to":{"q":0,"r":3},"msg":"findPath: no valid path found"}
{"level":30,"time":1774382621243,"pid":1603593,"hostname":"TempleOfZyminx","from":{"q":0,"r":8},"to":{"q":0,"r":13},"msg":"findPath: no valid path found"}
{"level":30,"time":1774382621243,"pid":1603593,"hostname":"TempleOfZyminx","from":{"q":0,"r":8},"to":{"q":0,"r":14},"msg":"findPath: no valid path found"}
{"level":30,"time":1774382621243,"pid":1603593,"hostname":"TempleOfZyminx","from":{"q":0,"r":8},"to":{"q":0,"r":15},"msg":"findPath: no valid path found"}
{"level":30,"time":1774382621243,"pid":1603593,"hostname":"TempleOfZyminx","from":{"q":0,"r":8},"to":{"q":0,"r":16},"msg":"findPath: no valid path found"}
{"level":30,"time":1774382621243,"pid":1603593,"hostname":"TempleOfZyminx","from":{"q":0,"r":8},"to":{"q":0,"r":17},"msg":"findPath: no valid path found"}
{"level":30,"time":1774382621243,"pid":1603593,"hostname":"TempleOfZyminx","from":{"q":0,"r":8},"to":{"q":0,"r":18},"msg":"findPath: no valid path found"}
{"level":30,"time":1774382621243,"pid":1603593,"hostname":"TempleOfZyminx","from":{"q":0,"r":8},"to":{"q":0,"r":19},"msg":"findPath: no valid path found"}
{"level":30,"time":1774382621243,"pid":1603593,"hostname":"TempleOfZyminx","from":{"q":0,"r":8},"to":{"q":0,"r":20},"msg":"findPath: no valid path found"}
{"level":30,"time":1774382621243,"pid":1603593,"hostname":"TempleOfZyminx","from":{"q":0,"r":8},"to":{"q":0,"r":21},"msg":"findPath: no valid path found"}
{"level":30,"time":1774382621243,"pid":1603593,"hostname":"TempleOfZyminx","from":{"q":0,"r":8},"to":{"q":1,"r":0},"msg":"findPath: no valid path found"}
{"level":30,"time":1774382621243,"pid":1603593,"hostname":"TempleOfZyminx","from":{"q":0,"r":8},"to":{"q":1,"r":1},"msg":"findPath: no valid path found"}
{"level":30,"time":1774382621243,"pid":1603593,"hostname":"TempleOfZyminx","from":{"q":0,"r":8},"to":{"q":1,"r":2},"msg":"findPath: no valid path found"}
{"level":30,"time":1774382621243,"pid":1604603,"hostname":"TempleOfZyminx","id":"1ba99313-38f6-44b2-9e69-177eb1cee2db","msg":"User joining game"}
{"level":30,"time":1774382621244,"pid":1604603,"hostname":"TempleOfZyminx","gameId":"1ba99313-38f6-44b2-9e69-177eb1cee2db","role":"defender","msg":"User joined game"}
{"level":30,"time":1774382621244,"pid":1603593,"hostname":"TempleOfZyminx","from":{"q":0,"r":8},"to":{"q":1,"r":3},"msg":"findPath: no valid path found"}
{"level":30,"time":1774382621245,"pid":1604603,"hostname":"TempleOfZyminx","id":"1ba99313-38f6-44b2-9e69-177eb1cee2db","msg":"Fetching game state"}
{"level":30,"time":1774382621245,"pid":1603593,"hostname":"TempleOfZyminx","from":{"q":0,"r":8},"to":{"q":1,"r":12},"msg":"findPath: no valid path found"}
{"level":30,"time":1774382621245,"pid":1603593,"hostname":"TempleOfZyminx","from":{"q":0,"r":8},"to":{"q":1,"r":13},"msg":"findPath: no valid path found"}
{"level":30,"time":1774382621245,"pid":1603593,"hostname":"TempleOfZyminx","from":{"q":0,"r":8},"to":{"q":1,"r":14},"msg":"findPath: no valid path found"}
{"level":30,"time":1774382621245,"pid":1603593,"hostname":"TempleOfZyminx","from":{"q":0,"r":8},"to":{"q":1,"r":15},"msg":"findPath: no valid path found"}
{"level":30,"time":1774382621245,"pid":1603593,"hostname":"TempleOfZyminx","from":{"q":0,"r":8},"to":{"q":1,"r":16},"msg":"findPath: no valid path found"}
{"level":30,"time":1774382621245,"pid":1603593,"hostname":"TempleOfZyminx","from":{"q":0,"r":8},"to":{"q":1,"r":17},"msg":"findPath: no valid path found"}
{"level":30,"time":1774382621245,"pid":1603593,"hostname":"TempleOfZyminx","from":{"q":0,"r":8},"to":{"q":1,"r":18},"msg":"findPath: no valid path found"}
{"level":30,"time":1774382621245,"pid":1603593,"hostname":"TempleOfZyminx","from":{"q":0,"r":8},"to":{"q":1,"r":19},"msg":"findPath: no valid path found"}
{"level":30,"time":1774382621245,"pid":1603593,"hostname":"TempleOfZyminx","from":{"q":0,"r":8},"to":{"q":1,"r":20},"msg":"findPath: no valid path found"}
{"level":30,"time":1774382621245,"pid":1603593,"hostname":"TempleOfZyminx","from":{"q":0,"r":8},"to":{"q":1,"r":21},"msg":"findPath: no valid path found"}
{"level":30,"time":1774382621245,"pid":1603593,"hostname":"TempleOfZyminx","from":{"q":0,"r":8},"to":{"q":2,"r":0},"msg":"findPath: no valid path found"}
{"level":30,"time":1774382621245,"pid":1603593,"hostname":"TempleOfZyminx","from":{"q":0,"r":8},"to":{"q":2,"r":1},"msg":"findPath: no valid path found"}
{"level":30,"time":1774382621246,"pid":1603593,"hostname":"TempleOfZyminx","from":{"q":0,"r":8},"to":{"q":2,"r":2},"msg":"findPath: no valid path found"}
{"level":30,"time":1774382621246,"pid":1603593,"hostname":"TempleOfZyminx","from":{"q":0,"r":8},"to":{"q":2,"r":3},"msg":"findPath: no valid path found"}
{"level":30,"time":1774382621246,"pid":1603593,"hostname":"TempleOfZyminx","from":{"q":0,"r":8},"to":{"q":2,"r":11},"msg":"findPath: no valid path found"}
{"level":30,"time":1774382621246,"pid":1603593,"hostname":"TempleOfZyminx","from":{"q":0,"r":8},"to":{"q":2,"r":12},"msg":"findPath: no valid path found"}
{"level":30,"time":1774382621246,"pid":1603593,"hostname":"TempleOfZyminx","from":{"q":0,"r":8},"to":{"q":2,"r":13},"msg":"findPath: no valid path found"}
{"level":30,"time":1774382621246,"pid":1603593,"hostname":"TempleOfZyminx","from":{"q":0,"r":8},"to":{"q":2,"r":14},"msg":"findPath: no valid path found"}
{"level":30,"time":1774382621246,"pid":1603593,"hostname":"TempleOfZyminx","from":{"q":0,"r":8},"to":{"q":2,"r":15},"msg":"findPath: no valid path found"}
{"level":30,"time":1774382621246,"pid":1603593,"hostname":"TempleOfZyminx","from":{"q":0,"r":8},"to":{"q":2,"r":16},"msg":"findPath: no valid path found"}
{"level":30,"time":1774382621246,"pid":1603593,"hostname":"TempleOfZyminx","from":{"q":0,"r":8},"to":{"q":2,"r":17},"msg":"findPath: no valid path found"}
{"level":30,"time":1774382621246,"pid":1603593,"hostname":"TempleOfZyminx","from":{"q":0,"r":8},"to":{"q":2,"r":18},"msg":"findPath: no valid path found"}
{"level":30,"time":1774382621246,"pid":1603593,"hostname":"TempleOfZyminx","from":{"q":0,"r":8},"to":{"q":2,"r":19},"msg":"findPath: no valid path found"}
{"level":30,"time":1774382621246,"pid":1603593,"hostname":"TempleOfZyminx","from":{"q":0,"r":8},"to":{"q":2,"r":20},"msg":"findPath: no valid path found"}
{"level":30,"time":1774382621247,"pid":1603593,"hostname":"TempleOfZyminx","from":{"q":0,"r":8},"to":{"q":2,"r":21},"msg":"findPath: no valid path found"}
{"level":30,"time":1774382621247,"pid":1603593,"hostname":"TempleOfZyminx","from":{"q":0,"r":8},"to":{"q":3,"r":0},"msg":"findPath: no valid path found"}
{"level":30,"time":1774382621247,"pid":1603593,"hostname":"TempleOfZyminx","from":{"q":0,"r":8},"to":{"q":3,"r":1},"msg":"findPath: no valid path found"}
{"level":30,"time":1774382621247,"pid":1603593,"hostname":"TempleOfZyminx","from":{"q":0,"r":8},"to":{"q":3,"r":2},"msg":"findPath: no valid path found"}
{"level":30,"time":1774382621247,"pid":1603593,"hostname":"TempleOfZyminx","from":{"q":0,"r":8},"to":{"q":3,"r":3},"msg":"findPath: no valid path found"}
{"level":30,"time":1774382621247,"pid":1603593,"hostname":"TempleOfZyminx","from":{"q":0,"r":8},"to":{"q":3,"r":8},"msg":"findPath: no valid path found"}
{"level":30,"time":1774382621247,"pid":1603593,"hostname":"TempleOfZyminx","from":{"q":0,"r":8},"to":{"q":3,"r":10},"msg":"findPath: no valid path found"}
{"level":30,"time":1774382621247,"pid":1603593,"hostname":"TempleOfZyminx","from":{"q":0,"r":8},"to":{"q":3,"r":11},"msg":"findPath: no valid path found"}
{"level":30,"time":1774382621247,"pid":1603593,"hostname":"TempleOfZyminx","from":{"q":0,"r":8},"to":{"q":3,"r":12},"msg":"findPath: no valid path found"}
{"level":30,"time":1774382621247,"pid":1603593,"hostname":"TempleOfZyminx","from":{"q":0,"r":8},"to":{"q":3,"r":13},"msg":"findPath: no valid path found"}
{"level":30,"time":1774382621247,"pid":1603593,"hostname":"TempleOfZyminx","from":{"q":0,"r":8},"to":{"q":3,"r":14},"msg":"findPath: no valid path found"}
{"level":30,"time":1774382621247,"pid":1603593,"hostname":"TempleOfZyminx","from":{"q":0,"r":8},"to":{"q":3,"r":15},"msg":"findPath: no valid path found"}
{"level":30,"time":1774382621247,"pid":1603593,"hostname":"TempleOfZyminx","from":{"q":0,"r":8},"to":{"q":3,"r":16},"msg":"findPath: no valid path found"}
{"level":30,"time":1774382621247,"pid":1603593,"hostname":"TempleOfZyminx","from":{"q":0,"r":8},"to":{"q":3,"r":17},"msg":"findPath: no valid path found"}
{"level":30,"time":1774382621248,"pid":1603593,"hostname":"TempleOfZyminx","from":{"q":0,"r":8},"to":{"q":3,"r":18},"msg":"findPath: no valid path found"}
{"level":30,"time":1774382621248,"pid":1603593,"hostname":"TempleOfZyminx","from":{"q":0,"r":8},"to":{"q":3,"r":19},"msg":"findPath: no valid path found"}
{"level":30,"time":1774382621247,"pid":1604603,"hostname":"TempleOfZyminx","id":"1ba99313-38f6-44b2-9e69-177eb1cee2db","command":"END_PHASE","msg":"Submitting game action"}
{"level":30,"time":1774382621247,"pid":1604603,"hostname":"TempleOfZyminx","gameId":"1ba99313-38f6-44b2-9e69-177eb1cee2db","phase":"ONION_MOVE","msg":"Advancing phase"}
{"level":30,"time":1774382621247,"pid":1604603,"hostname":"TempleOfZyminx","phase":"ONION_MOVE","turnNumber":1,"msg":"Advancing phase in engine"}
{"level":30,"time":1774382621248,"pid":1603593,"hostname":"TempleOfZyminx","from":{"q":0,"r":8},"to":{"q":3,"r":20},"msg":"findPath: no valid path found"}
{"level":30,"time":1774382621248,"pid":1603593,"hostname":"TempleOfZyminx","from":{"q":0,"r":8},"to":{"q":3,"r":21},"msg":"findPath: no valid path found"}
{"level":30,"time":1774382621248,"pid":1603593,"hostname":"TempleOfZyminx","from":{"q":0,"r":8},"to":{"q":4,"r":0},"msg":"findPath: no valid path found"}
{"level":30,"time":1774382621248,"pid":1603593,"hostname":"TempleOfZyminx","from":{"q":0,"r":8},"to":{"q":4,"r":1},"msg":"findPath: no valid path found"}
{"level":30,"time":1774382621248,"pid":1603593,"hostname":"TempleOfZyminx","from":{"q":0,"r":8},"to":{"q":4,"r":2},"msg":"findPath: no valid path found"}
{"level":30,"time":1774382621248,"pid":1603593,"hostname":"TempleOfZyminx","from":{"q":0,"r":8},"to":{"q":4,"r":3},"msg":"findPath: no valid path found"}
{"level":30,"time":1774382621248,"pid":1603593,"hostname":"TempleOfZyminx","from":{"q":0,"r":8},"to":{"q":4,"r":8},"msg":"findPath: no valid path found"}
{"level":30,"time":1774382621248,"pid":1603593,"hostname":"TempleOfZyminx","from":{"q":0,"r":8},"to":{"q":4,"r":9},"msg":"findPath: no valid path found"}
{"level":30,"time":1774382621248,"pid":1603593,"hostname":"TempleOfZyminx","from":{"q":0,"r":8},"to":{"q":4,"r":10},"msg":"findPath: no valid path found"}
{"level":30,"time":1774382621248,"pid":1603593,"hostname":"TempleOfZyminx","from":{"q":0,"r":8},"to":{"q":4,"r":11},"msg":"findPath: no valid path found"}
{"level":30,"time":1774382621248,"pid":1604603,"hostname":"TempleOfZyminx","id":"1ba99313-38f6-44b2-9e69-177eb1cee2db","msg":"Fetching game state"}
{"level":30,"time":1774382621248,"pid":1603593,"hostname":"TempleOfZyminx","from":{"q":0,"r":8},"to":{"q":4,"r":12},"msg":"findPath: no valid path found"}
{"level":30,"time":1774382621249,"pid":1603593,"hostname":"TempleOfZyminx","from":{"q":0,"r":8},"to":{"q":4,"r":13},"msg":"findPath: no valid path found"}
{"level":30,"time":1774382621249,"pid":1603593,"hostname":"TempleOfZyminx","from":{"q":0,"r":8},"to":{"q":4,"r":14},"msg":"findPath: no valid path found"}
{"level":30,"time":1774382621249,"pid":1603593,"hostname":"TempleOfZyminx","from":{"q":0,"r":8},"to":{"q":4,"r":15},"msg":"findPath: no valid path found"}
{"level":30,"time":1774382621249,"pid":1603593,"hostname":"TempleOfZyminx","from":{"q":0,"r":8},"to":{"q":4,"r":16},"msg":"findPath: no valid path found"}
{"level":30,"time":1774382621249,"pid":1603593,"hostname":"TempleOfZyminx","from":{"q":0,"r":8},"to":{"q":4,"r":17},"msg":"findPath: no valid path found"}
{"level":30,"time":1774382621249,"pid":1603593,"hostname":"TempleOfZyminx","from":{"q":0,"r":8},"to":{"q":4,"r":18},"msg":"findPath: no valid path found"}
{"level":30,"time":1774382621249,"pid":1603593,"hostname":"TempleOfZyminx","from":{"q":0,"r":8},"to":{"q":4,"r":19},"msg":"findPath: no valid path found"}
{"level":30,"time":1774382621249,"pid":1603593,"hostname":"TempleOfZyminx","from":{"q":0,"r":8},"to":{"q":4,"r":20},"msg":"findPath: no valid path found"}
{"level":30,"time":1774382621249,"pid":1603593,"hostname":"TempleOfZyminx","from":{"q":0,"r":8},"to":{"q":4,"r":21},"msg":"findPath: no valid path found"}
{"level":30,"time":1774382621249,"pid":1603593,"hostname":"TempleOfZyminx","from":{"q":0,"r":8},"to":{"q":5,"r":0},"msg":"findPath: no valid path found"}
{"level":30,"time":1774382621249,"pid":1603593,"hostname":"TempleOfZyminx","from":{"q":0,"r":8},"to":{"q":5,"r":1},"msg":"findPath: no valid path found"}
{"level":30,"time":1774382621249,"pid":1603593,"hostname":"TempleOfZyminx","from":{"q":0,"r":8},"to":{"q":5,"r":2},"msg":"findPath: no valid path found"}
{"level":30,"time":1774382621249,"pid":1603593,"hostname":"TempleOfZyminx","from":{"q":0,"r":8},"to":{"q":5,"r":3},"msg":"findPath: no valid path found"}
{"level":30,"time":1774382621249,"pid":1603593,"hostname":"TempleOfZyminx","from":{"q":0,"r":8},"to":{"q":5,"r":4},"msg":"findPath: no valid path found"}
{"level":30,"time":1774382621249,"pid":1603593,"hostname":"TempleOfZyminx","from":{"q":0,"r":8},"to":{"q":5,"r":5},"msg":"findPath: no valid path found"}
{"level":30,"time":1774382621250,"pid":1603593,"hostname":"TempleOfZyminx","from":{"q":0,"r":8},"to":{"q":5,"r":6},"msg":"findPath: no valid path found"}
{"level":30,"time":1774382621250,"pid":1604603,"hostname":"TempleOfZyminx","id":"1ba99313-38f6-44b2-9e69-177eb1cee2db","command":"END_PHASE","msg":"Submitting game action"}
{"level":30,"time":1774382621250,"pid":1604603,"hostname":"TempleOfZyminx","gameId":"1ba99313-38f6-44b2-9e69-177eb1cee2db","phase":"ONION_COMBAT","msg":"Advancing phase"}
{"level":30,"time":1774382621250,"pid":1604603,"hostname":"TempleOfZyminx","phase":"ONION_COMBAT","turnNumber":1,"msg":"Advancing phase in engine"}
{"level":30,"time":1774382621250,"pid":1603593,"hostname":"TempleOfZyminx","from":{"q":0,"r":8},"to":{"q":5,"r":8},"msg":"findPath: no valid path found"}
{"level":30,"time":1774382621250,"pid":1603593,"hostname":"TempleOfZyminx","from":{"q":0,"r":8},"to":{"q":5,"r":9},"msg":"findPath: no valid path found"}
{"level":30,"time":1774382621251,"pid":1604603,"hostname":"TempleOfZyminx","id":"1ba99313-38f6-44b2-9e69-177eb1cee2db","msg":"Fetching game state"}
{"level":30,"time":1774382621251,"pid":1603593,"hostname":"TempleOfZyminx","from":{"q":0,"r":8},"to":{"q":5,"r":10},"msg":"findPath: no valid path found"}
{"level":30,"time":1774382621251,"pid":1603593,"hostname":"TempleOfZyminx","from":{"q":0,"r":8},"to":{"q":5,"r":11},"msg":"findPath: no valid path found"}
{"level":30,"time":1774382621251,"pid":1603593,"hostname":"TempleOfZyminx","from":{"q":0,"r":8},"to":{"q":5,"r":12},"msg":"findPath: no valid path found"}
{"level":30,"time":1774382621252,"pid":1603593,"hostname":"TempleOfZyminx","from":{"q":0,"r":8},"to":{"q":5,"r":13},"msg":"findPath: no valid path found"}
{"level":30,"time":1774382621252,"pid":1603593,"hostname":"TempleOfZyminx","from":{"q":0,"r":8},"to":{"q":5,"r":14},"msg":"findPath: no valid path found"}
{"level":30,"time":1774382621252,"pid":1603593,"hostname":"TempleOfZyminx","from":{"q":0,"r":8},"to":{"q":5,"r":15},"msg":"findPath: no valid path found"}
{"level":30,"time":1774382621252,"pid":1603593,"hostname":"TempleOfZyminx","from":{"q":0,"r":8},"to":{"q":5,"r":16},"msg":"findPath: no valid path found"}
{"level":30,"time":1774382621252,"pid":1603593,"hostname":"TempleOfZyminx","from":{"q":0,"r":8},"to":{"q":5,"r":17},"msg":"findPath: no valid path found"}
{"level":30,"time":1774382621252,"pid":1603593,"hostname":"TempleOfZyminx","from":{"q":0,"r":8},"to":{"q":5,"r":18},"msg":"findPath: no valid path found"}
{"level":30,"time":1774382621252,"pid":1603593,"hostname":"TempleOfZyminx","from":{"q":0,"r":8},"to":{"q":5,"r":19},"msg":"findPath: no valid path found"}
{"level":30,"time":1774382621252,"pid":1603593,"hostname":"TempleOfZyminx","from":{"q":0,"r":8},"to":{"q":5,"r":20},"msg":"findPath: no valid path found"}
{"level":30,"time":1774382621252,"pid":1603593,"hostname":"TempleOfZyminx","from":{"q":0,"r":8},"to":{"q":5,"r":21},"msg":"findPath: no valid path found"}
{"level":30,"time":1774382621252,"pid":1603593,"hostname":"TempleOfZyminx","from":{"q":0,"r":8},"to":{"q":6,"r":0},"msg":"findPath: no valid path found"}
{"level":30,"time":1774382621252,"pid":1603593,"hostname":"TempleOfZyminx","from":{"q":0,"r":8},"to":{"q":6,"r":1},"msg":"findPath: no valid path found"}
{"level":30,"time":1774382621252,"pid":1603593,"hostname":"TempleOfZyminx","from":{"q":0,"r":8},"to":{"q":6,"r":2},"msg":"findPath: no valid path found"}
{"level":30,"time":1774382621252,"pid":1603593,"hostname":"TempleOfZyminx","from":{"q":0,"r":8},"to":{"q":6,"r":3},"msg":"findPath: no valid path found"}
{"level":30,"time":1774382621252,"pid":1603593,"hostname":"TempleOfZyminx","from":{"q":0,"r":8},"to":{"q":6,"r":5},"msg":"findPath: no valid path found"}
{"level":30,"time":1774382621252,"pid":1603593,"hostname":"TempleOfZyminx","from":{"q":0,"r":8},"to":{"q":6,"r":6},"msg":"findPath: no valid path found"}
{"level":30,"time":1774382621252,"pid":1603593,"hostname":"TempleOfZyminx","from":{"q":0,"r":8},"to":{"q":6,"r":7},"msg":"findPath: no valid path found"}
{"level":30,"time":1774382621253,"pid":1603593,"hostname":"TempleOfZyminx","from":{"q":0,"r":8},"to":{"q":6,"r":8},"msg":"findPath: no valid path found"}
{"level":30,"time":1774382621253,"pid":1603593,"hostname":"TempleOfZyminx","from":{"q":0,"r":8},"to":{"q":6,"r":9},"msg":"findPath: no valid path found"}
{"level":30,"time":1774382621253,"pid":1603593,"hostname":"TempleOfZyminx","from":{"q":0,"r":8},"to":{"q":6,"r":10},"msg":"findPath: no valid path found"}
{"level":30,"time":1774382621253,"pid":1603593,"hostname":"TempleOfZyminx","from":{"q":0,"r":8},"to":{"q":6,"r":11},"msg":"findPath: no valid path found"}
{"level":30,"time":1774382621253,"pid":1603593,"hostname":"TempleOfZyminx","from":{"q":0,"r":8},"to":{"q":6,"r":12},"msg":"findPath: no valid path found"}
{"level":30,"time":1774382621253,"pid":1603593,"hostname":"TempleOfZyminx","from":{"q":0,"r":8},"to":{"q":6,"r":13},"msg":"findPath: no valid path found"}
{"level":30,"time":1774382621253,"pid":1604603,"hostname":"TempleOfZyminx","id":"1ba99313-38f6-44b2-9e69-177eb1cee2db","command":"END_PHASE","msg":"Submitting game action"}
{"level":30,"time":1774382621253,"pid":1603593,"hostname":"TempleOfZyminx","from":{"q":0,"r":8},"to":{"q":6,"r":14},"msg":"findPath: no valid path found"}
{"level":30,"time":1774382621253,"pid":1603593,"hostname":"TempleOfZyminx","from":{"q":0,"r":8},"to":{"q":6,"r":15},"msg":"findPath: no valid path found"}
{"level":30,"time":1774382621253,"pid":1604603,"hostname":"TempleOfZyminx","gameId":"1ba99313-38f6-44b2-9e69-177eb1cee2db","phase":"DEFENDER_MOVE","msg":"Advancing phase"}
{"level":30,"time":1774382621253,"pid":1604603,"hostname":"TempleOfZyminx","phase":"DEFENDER_MOVE","turnNumber":1,"msg":"Advancing phase in engine"}
{"level":30,"time":1774382621253,"pid":1603593,"hostname":"TempleOfZyminx","from":{"q":0,"r":8},"to":{"q":6,"r":16},"msg":"findPath: no valid path found"}
{"level":30,"time":1774382621253,"pid":1603593,"hostname":"TempleOfZyminx","from":{"q":0,"r":8},"to":{"q":6,"r":17},"msg":"findPath: no valid path found"}
{"level":30,"time":1774382621253,"pid":1603593,"hostname":"TempleOfZyminx","from":{"q":0,"r":8},"to":{"q":6,"r":18},"msg":"findPath: no valid path found"}
{"level":30,"time":1774382621253,"pid":1603593,"hostname":"TempleOfZyminx","from":{"q":0,"r":8},"to":{"q":6,"r":19},"msg":"findPath: no valid path found"}
{"level":30,"time":1774382621253,"pid":1603593,"hostname":"TempleOfZyminx","from":{"q":0,"r":8},"to":{"q":6,"r":20},"msg":"findPath: no valid path found"}
{"level":30,"time":1774382621253,"pid":1603593,"hostname":"TempleOfZyminx","from":{"q":0,"r":8},"to":{"q":6,"r":21},"msg":"findPath: no valid path found"}
{"level":30,"time":1774382621253,"pid":1603593,"hostname":"TempleOfZyminx","from":{"q":0,"r":8},"to":{"q":7,"r":0},"msg":"findPath: no valid path found"}
{"level":30,"time":1774382621253,"pid":1603593,"hostname":"TempleOfZyminx","from":{"q":0,"r":8},"to":{"q":7,"r":1},"msg":"findPath: no valid path found"}
{"level":30,"time":1774382621254,"pid":1603593,"hostname":"TempleOfZyminx","from":{"q":0,"r":8},"to":{"q":7,"r":2},"msg":"findPath: no valid path found"}
{"level":30,"time":1774382621254,"pid":1603593,"hostname":"TempleOfZyminx","from":{"q":0,"r":8},"to":{"q":7,"r":4},"msg":"findPath: no valid path found"}
{"level":30,"time":1774382621254,"pid":1603593,"hostname":"TempleOfZyminx","from":{"q":0,"r":8},"to":{"q":7,"r":5},"msg":"findPath: no valid path found"}
{"level":30,"time":1774382621254,"pid":1603593,"hostname":"TempleOfZyminx","from":{"q":0,"r":8},"to":{"q":7,"r":6},"msg":"findPath: no valid path found"}
{"level":30,"time":1774382621254,"pid":1604603,"hostname":"TempleOfZyminx","id":"1ba99313-38f6-44b2-9e69-177eb1cee2db","msg":"Fetching game state"}
{"level":30,"time":1774382621254,"pid":1603593,"hostname":"TempleOfZyminx","from":{"q":0,"r":8},"to":{"q":7,"r":7},"msg":"findPath: no valid path found"}
{"level":30,"time":1774382621254,"pid":1603593,"hostname":"TempleOfZyminx","from":{"q":0,"r":8},"to":{"q":7,"r":8},"msg":"findPath: no valid path found"}
{"level":30,"time":1774382621254,"pid":1603593,"hostname":"TempleOfZyminx","from":{"q":0,"r":8},"to":{"q":7,"r":9},"msg":"findPath: no valid path found"}
{"level":30,"time":1774382621254,"pid":1603593,"hostname":"TempleOfZyminx","from":{"q":0,"r":8},"to":{"q":7,"r":10},"msg":"findPath: no valid path found"}
{"level":30,"time":1774382621254,"pid":1603593,"hostname":"TempleOfZyminx","from":{"q":0,"r":8},"to":{"q":7,"r":11},"msg":"findPath: no valid path found"}
{"level":30,"time":1774382621254,"pid":1603593,"hostname":"TempleOfZyminx","from":{"q":0,"r":8},"to":{"q":7,"r":12},"msg":"findPath: no valid path found"}
{"level":30,"time":1774382621254,"pid":1603593,"hostname":"TempleOfZyminx","from":{"q":0,"r":8},"to":{"q":7,"r":13},"msg":"findPath: no valid path found"}
{"level":30,"time":1774382621254,"pid":1603593,"hostname":"TempleOfZyminx","from":{"q":0,"r":8},"to":{"q":7,"r":14},"msg":"findPath: no valid path found"}
{"level":30,"time":1774382621254,"pid":1603593,"hostname":"TempleOfZyminx","from":{"q":0,"r":8},"to":{"q":7,"r":15},"msg":"findPath: no valid path found"}
{"level":30,"time":1774382621254,"pid":1603593,"hostname":"TempleOfZyminx","from":{"q":0,"r":8},"to":{"q":7,"r":16},"msg":"findPath: no valid path found"}
{"level":30,"time":1774382621254,"pid":1603593,"hostname":"TempleOfZyminx","from":{"q":0,"r":8},"to":{"q":7,"r":17},"msg":"findPath: no valid path found"}
{"level":30,"time":1774382621254,"pid":1603593,"hostname":"TempleOfZyminx","from":{"q":0,"r":8},"to":{"q":7,"r":18},"msg":"findPath: no valid path found"}
{"level":30,"time":1774382621255,"pid":1603593,"hostname":"TempleOfZyminx","from":{"q":0,"r":8},"to":{"q":7,"r":19},"msg":"findPath: no valid path found"}
{"level":30,"time":1774382621255,"pid":1603593,"hostname":"TempleOfZyminx","from":{"q":0,"r":8},"to":{"q":7,"r":20},"msg":"findPath: no valid path found"}
{"level":30,"time":1774382621255,"pid":1603593,"hostname":"TempleOfZyminx","from":{"q":0,"r":8},"to":{"q":7,"r":21},"msg":"findPath: no valid path found"}
{"level":30,"time":1774382621255,"pid":1603593,"hostname":"TempleOfZyminx","from":{"q":0,"r":8},"to":{"q":8,"r":0},"msg":"findPath: no valid path found"}
{"level":30,"time":1774382621255,"pid":1603593,"hostname":"TempleOfZyminx","from":{"q":0,"r":8},"to":{"q":8,"r":1},"msg":"findPath: no valid path found"}
{"level":30,"time":1774382621255,"pid":1603593,"hostname":"TempleOfZyminx","from":{"q":0,"r":8},"to":{"q":8,"r":2},"msg":"findPath: no valid path found"}
{"level":30,"time":1774382621255,"pid":1603593,"hostname":"TempleOfZyminx","from":{"q":0,"r":8},"to":{"q":8,"r":3},"msg":"findPath: no valid path found"}
{"level":30,"time":1774382621255,"pid":1603593,"hostname":"TempleOfZyminx","from":{"q":0,"r":8},"to":{"q":8,"r":4},"msg":"findPath: no valid path found"}
{"level":30,"time":1774382621255,"pid":1603593,"hostname":"TempleOfZyminx","from":{"q":0,"r":8},"to":{"q":8,"r":5},"msg":"findPath: no valid path found"}
{"level":30,"time":1774382621255,"pid":1603593,"hostname":"TempleOfZyminx","from":{"q":0,"r":8},"to":{"q":8,"r":6},"msg":"findPath: no valid path found"}
{"level":30,"time":1774382621255,"pid":1603593,"hostname":"TempleOfZyminx","from":{"q":0,"r":8},"to":{"q":8,"r":7},"msg":"findPath: no valid path found"}
{"level":30,"time":1774382621255,"pid":1603593,"hostname":"TempleOfZyminx","from":{"q":0,"r":8},"to":{"q":8,"r":8},"msg":"findPath: no valid path found"}
{"level":30,"time":1774382621255,"pid":1603593,"hostname":"TempleOfZyminx","from":{"q":0,"r":8},"to":{"q":8,"r":9},"msg":"findPath: no valid path found"}
{"level":30,"time":1774382621255,"pid":1603593,"hostname":"TempleOfZyminx","from":{"q":0,"r":8},"to":{"q":8,"r":10},"msg":"findPath: no valid path found"}
{"level":30,"time":1774382621255,"pid":1603593,"hostname":"TempleOfZyminx","from":{"q":0,"r":8},"to":{"q":8,"r":11},"msg":"findPath: no valid path found"}
{"level":30,"time":1774382621255,"pid":1603593,"hostname":"TempleOfZyminx","from":{"q":0,"r":8},"to":{"q":8,"r":12},"msg":"findPath: no valid path found"}
{"level":30,"time":1774382621255,"pid":1603593,"hostname":"TempleOfZyminx","from":{"q":0,"r":8},"to":{"q":8,"r":13},"msg":"findPath: no valid path found"}
{"level":30,"time":1774382621256,"pid":1603593,"hostname":"TempleOfZyminx","from":{"q":0,"r":8},"to":{"q":8,"r":14},"msg":"findPath: no valid path found"}
{"level":30,"time":1774382621255,"pid":1604603,"hostname":"TempleOfZyminx","id":"1ba99313-38f6-44b2-9e69-177eb1cee2db","command":"FIRE","msg":"Submitting game action"}
{"level":30,"time":1774382621256,"pid":1604603,"hostname":"TempleOfZyminx","gameId":"1ba99313-38f6-44b2-9e69-177eb1cee2db","type":"FIRE","msg":"Processing combat command"}
{"level":30,"time":1774382621256,"pid":1603593,"hostname":"TempleOfZyminx","from":{"q":0,"r":8},"to":{"q":8,"r":15},"msg":"findPath: no valid path found"}
{"level":30,"time":1774382621256,"pid":1603593,"hostname":"TempleOfZyminx","from":{"q":0,"r":8},"to":{"q":8,"r":16},"msg":"findPath: no valid path found"}
{"level":30,"time":1774382621256,"pid":1603593,"hostname":"TempleOfZyminx","from":{"q":0,"r":8},"to":{"q":8,"r":17},"msg":"findPath: no valid path found"}
{"level":30,"time":1774382621256,"pid":1603593,"hostname":"TempleOfZyminx","from":{"q":0,"r":8},"to":{"q":8,"r":18},"msg":"findPath: no valid path found"}
{"level":30,"time":1774382621256,"pid":1603593,"hostname":"TempleOfZyminx","from":{"q":0,"r":8},"to":{"q":8,"r":19},"msg":"findPath: no valid path found"}
{"level":30,"time":1774382621256,"pid":1603593,"hostname":"TempleOfZyminx","from":{"q":0,"r":8},"to":{"q":8,"r":20},"msg":"findPath: no valid path found"}
{"level":30,"time":1774382621256,"pid":1603593,"hostname":"TempleOfZyminx","from":{"q":0,"r":8},"to":{"q":8,"r":21},"msg":"findPath: no valid path found"}
{"level":30,"time":1774382621256,"pid":1603593,"hostname":"TempleOfZyminx","from":{"q":0,"r":8},"to":{"q":9,"r":0},"msg":"findPath: no valid path found"}
{"level":30,"time":1774382621256,"pid":1603593,"hostname":"TempleOfZyminx","from":{"q":0,"r":8},"to":{"q":9,"r":1},"msg":"findPath: no valid path found"}
{"level":30,"time":1774382621256,"pid":1603593,"hostname":"TempleOfZyminx","from":{"q":0,"r":8},"to":{"q":9,"r":2},"msg":"findPath: no valid path found"}
{"level":30,"time":1774382621256,"pid":1603593,"hostname":"TempleOfZyminx","from":{"q":0,"r":8},"to":{"q":9,"r":3},"msg":"findPath: no valid path found"}
{"level":30,"time":1774382621256,"pid":1603593,"hostname":"TempleOfZyminx","from":{"q":0,"r":8},"to":{"q":9,"r":4},"msg":"findPath: no valid path found"}
{"level":30,"time":1774382621256,"pid":1603593,"hostname":"TempleOfZyminx","from":{"q":0,"r":8},"to":{"q":9,"r":5},"msg":"findPath: no valid path found"}
{"level":30,"time":1774382621256,"pid":1603593,"hostname":"TempleOfZyminx","from":{"q":0,"r":8},"to":{"q":9,"r":6},"msg":"findPath: no valid path found"}
{"level":30,"time":1774382621256,"pid":1603593,"hostname":"TempleOfZyminx","from":{"q":0,"r":8},"to":{"q":9,"r":7},"msg":"findPath: no valid path found"}
{"level":30,"time":1774382621257,"pid":1603593,"hostname":"TempleOfZyminx","from":{"q":0,"r":8},"to":{"q":9,"r":8},"msg":"findPath: no valid path found"}
{"level":30,"time":1774382621257,"pid":1603593,"hostname":"TempleOfZyminx","from":{"q":0,"r":8},"to":{"q":9,"r":9},"msg":"findPath: no valid path found"}
{"level":30,"time":1774382621257,"pid":1603593,"hostname":"TempleOfZyminx","from":{"q":0,"r":8},"to":{"q":9,"r":10},"msg":"findPath: no valid path found"}
{"level":30,"time":1774382621256,"pid":1604421,"hostname":"TempleOfZyminx","scenarioId":"swamp-siege-01","role":"onion","msg":"Creating new game match"}
{"level":30,"time":1774382621257,"pid":1603593,"hostname":"TempleOfZyminx","from":{"q":0,"r":8},"to":{"q":9,"r":11},"msg":"findPath: no valid path found"}
{"level":30,"time":1774382621257,"pid":1603593,"hostname":"TempleOfZyminx","from":{"q":0,"r":8},"to":{"q":9,"r":12},"msg":"findPath: no valid path found"}
{"level":30,"time":1774382621257,"pid":1603593,"hostname":"TempleOfZyminx","from":{"q":0,"r":8},"to":{"q":9,"r":13},"msg":"findPath: no valid path found"}
{"level":30,"time":1774382621257,"pid":1603593,"hostname":"TempleOfZyminx","from":{"q":0,"r":8},"to":{"q":9,"r":14},"msg":"findPath: no valid path found"}
{"level":30,"time":1774382621257,"pid":1603593,"hostname":"TempleOfZyminx","from":{"q":0,"r":8},"to":{"q":9,"r":15},"msg":"findPath: no valid path found"}
{"level":30,"time":1774382621256,"pid":1604603,"hostname":"TempleOfZyminx","gameId":"1ba99313-38f6-44b2-9e69-177eb1cee2db","error":"Combined fire is not allowed on Onion treads.","msg":"Invalid combat command"}
{"level":30,"time":1774382621257,"pid":1603593,"hostname":"TempleOfZyminx","from":{"q":0,"r":8},"to":{"q":9,"r":16},"msg":"findPath: no valid path found"}
{"level":30,"time":1774382621257,"pid":1603593,"hostname":"TempleOfZyminx","from":{"q":0,"r":8},"to":{"q":9,"r":17},"msg":"findPath: no valid path found"}
{"level":30,"time":1774382621257,"pid":1603593,"hostname":"TempleOfZyminx","from":{"q":0,"r":8},"to":{"q":9,"r":18},"msg":"findPath: no valid path found"}
{"level":30,"time":1774382621257,"pid":1603593,"hostname":"TempleOfZyminx","from":{"q":0,"r":8},"to":{"q":9,"r":19},"msg":"findPath: no valid path found"}
{"level":30,"time":1774382621257,"pid":1604421,"hostname":"TempleOfZyminx","gameId":"768f9954-7055-439f-9ce2-b4519dd940d6","role":"onion","msg":"Game match created"}
{"level":30,"time":1774382621257,"pid":1603593,"hostname":"TempleOfZyminx","from":{"q":0,"r":8},"to":{"q":9,"r":20},"msg":"findPath: no valid path found"}
{"level":30,"time":1774382621258,"pid":1603593,"hostname":"TempleOfZyminx","from":{"q":0,"r":8},"to":{"q":9,"r":21},"msg":"findPath: no valid path found"}
{"level":30,"time":1774382621258,"pid":1603593,"hostname":"TempleOfZyminx","from":{"q":0,"r":8},"to":{"q":10,"r":0},"msg":"findPath: no valid path found"}
{"level":30,"time":1774382621258,"pid":1603593,"hostname":"TempleOfZyminx","from":{"q":0,"r":8},"to":{"q":10,"r":1},"msg":"findPath: no valid path found"}
{"level":30,"time":1774382621258,"pid":1603593,"hostname":"TempleOfZyminx","from":{"q":0,"r":8},"to":{"q":10,"r":2},"msg":"findPath: no valid path found"}
{"level":30,"time":1774382621259,"pid":1603593,"hostname":"TempleOfZyminx","from":{"q":0,"r":8},"to":{"q":10,"r":3},"msg":"findPath: no valid path found"}
{"level":30,"time":1774382621257,"pid":1604421,"hostname":"TempleOfZyminx","id":"768f9954-7055-439f-9ce2-b4519dd940d6","msg":"User joining game"}
{"level":30,"time":1774382621258,"pid":1604421,"hostname":"TempleOfZyminx","gameId":"768f9954-7055-439f-9ce2-b4519dd940d6","role":"defender","msg":"User joined game"}
{"level":30,"time":1774382621259,"pid":1603593,"hostname":"TempleOfZyminx","from":{"q":0,"r":8},"to":{"q":10,"r":4},"msg":"findPath: no valid path found"}
{"level":30,"time":1774382621259,"pid":1603593,"hostname":"TempleOfZyminx","from":{"q":0,"r":8},"to":{"q":10,"r":5},"msg":"findPath: no valid path found"}
{"level":30,"time":1774382621259,"pid":1603593,"hostname":"TempleOfZyminx","from":{"q":0,"r":8},"to":{"q":10,"r":6},"msg":"findPath: no valid path found"}
{"level":30,"time":1774382621259,"pid":1603593,"hostname":"TempleOfZyminx","from":{"q":0,"r":8},"to":{"q":10,"r":7},"msg":"findPath: no valid path found"}
{"level":30,"time":1774382621259,"pid":1603593,"hostname":"TempleOfZyminx","from":{"q":0,"r":8},"to":{"q":10,"r":8},"msg":"findPath: no valid path found"}
{"level":30,"time":1774382621259,"pid":1603593,"hostname":"TempleOfZyminx","from":{"q":0,"r":8},"to":{"q":10,"r":9},"msg":"findPath: no valid path found"}
{"level":30,"time":1774382621259,"pid":1603593,"hostname":"TempleOfZyminx","from":{"q":0,"r":8},"to":{"q":10,"r":10},"msg":"findPath: no valid path found"}
{"level":30,"time":1774382621259,"pid":1603593,"hostname":"TempleOfZyminx","from":{"q":0,"r":8},"to":{"q":10,"r":11},"msg":"findPath: no valid path found"}
{"level":30,"time":1774382621259,"pid":1603593,"hostname":"TempleOfZyminx","from":{"q":0,"r":8},"to":{"q":10,"r":12},"msg":"findPath: no valid path found"}
{"level":30,"time":1774382621259,"pid":1603593,"hostname":"TempleOfZyminx","from":{"q":0,"r":8},"to":{"q":10,"r":13},"msg":"findPath: no valid path found"}
{"level":30,"time":1774382621259,"pid":1603593,"hostname":"TempleOfZyminx","from":{"q":0,"r":8},"to":{"q":10,"r":14},"msg":"findPath: no valid path found"}
{"level":30,"time":1774382621259,"pid":1603593,"hostname":"TempleOfZyminx","from":{"q":0,"r":8},"to":{"q":10,"r":15},"msg":"findPath: no valid path found"}
{"level":30,"time":1774382621259,"pid":1603593,"hostname":"TempleOfZyminx","from":{"q":0,"r":8},"to":{"q":10,"r":16},"msg":"findPath: no valid path found"}
{"level":30,"time":1774382621260,"pid":1603593,"hostname":"TempleOfZyminx","from":{"q":0,"r":8},"to":{"q":10,"r":17},"msg":"findPath: no valid path found"}
{"level":30,"time":1774382621260,"pid":1603593,"hostname":"TempleOfZyminx","from":{"q":0,"r":8},"to":{"q":10,"r":18},"msg":"findPath: no valid path found"}
{"level":30,"time":1774382621260,"pid":1603593,"hostname":"TempleOfZyminx","from":{"q":0,"r":8},"to":{"q":10,"r":19},"msg":"findPath: no valid path found"}
{"level":30,"time":1774382621260,"pid":1603593,"hostname":"TempleOfZyminx","from":{"q":0,"r":8},"to":{"q":10,"r":20},"msg":"findPath: no valid path found"}
{"level":30,"time":1774382621260,"pid":1603593,"hostname":"TempleOfZyminx","from":{"q":0,"r":8},"to":{"q":10,"r":21},"msg":"findPath: no valid path found"}
{"level":30,"time":1774382621260,"pid":1603593,"hostname":"TempleOfZyminx","from":{"q":0,"r":8},"to":{"q":11,"r":0},"msg":"findPath: no valid path found"}
{"level":30,"time":1774382621260,"pid":1603593,"hostname":"TempleOfZyminx","from":{"q":0,"r":8},"to":{"q":11,"r":1},"msg":"findPath: no valid path found"}
{"level":30,"time":1774382621260,"pid":1603593,"hostname":"TempleOfZyminx","from":{"q":0,"r":8},"to":{"q":11,"r":2},"msg":"findPath: no valid path found"}
{"level":30,"time":1774382621260,"pid":1603593,"hostname":"TempleOfZyminx","from":{"q":0,"r":8},"to":{"q":11,"r":3},"msg":"findPath: no valid path found"}
{"level":30,"time":1774382621260,"pid":1603593,"hostname":"TempleOfZyminx","from":{"q":0,"r":8},"to":{"q":11,"r":4},"msg":"findPath: no valid path found"}
{"level":30,"time":1774382621260,"pid":1603593,"hostname":"TempleOfZyminx","from":{"q":0,"r":8},"to":{"q":11,"r":5},"msg":"findPath: no valid path found"}
{"level":30,"time":1774382621260,"pid":1603593,"hostname":"TempleOfZyminx","from":{"q":0,"r":8},"to":{"q":11,"r":6},"msg":"findPath: no valid path found"}
{"level":30,"time":1774382621260,"pid":1603593,"hostname":"TempleOfZyminx","from":{"q":0,"r":8},"to":{"q":11,"r":7},"msg":"findPath: no valid path found"}
{"level":30,"time":1774382621260,"pid":1603593,"hostname":"TempleOfZyminx","from":{"q":0,"r":8},"to":{"q":11,"r":8},"msg":"findPath: no valid path found"}
{"level":30,"time":1774382621260,"pid":1603593,"hostname":"TempleOfZyminx","from":{"q":0,"r":8},"to":{"q":11,"r":9},"msg":"findPath: no valid path found"}
{"level":30,"time":1774382621260,"pid":1603593,"hostname":"TempleOfZyminx","from":{"q":0,"r":8},"to":{"q":11,"r":10},"msg":"findPath: no valid path found"}
{"level":30,"time":1774382621261,"pid":1603593,"hostname":"TempleOfZyminx","from":{"q":0,"r":8},"to":{"q":11,"r":11},"msg":"findPath: no valid path found"}
{"level":30,"time":1774382621261,"pid":1603593,"hostname":"TempleOfZyminx","from":{"q":0,"r":8},"to":{"q":11,"r":12},"msg":"findPath: no valid path found"}
{"level":30,"time":1774382621261,"pid":1603593,"hostname":"TempleOfZyminx","from":{"q":0,"r":8},"to":{"q":11,"r":13},"msg":"findPath: no valid path found"}
{"level":30,"time":1774382621261,"pid":1603593,"hostname":"TempleOfZyminx","from":{"q":0,"r":8},"to":{"q":11,"r":14},"msg":"findPath: no valid path found"}
{"level":30,"time":1774382621261,"pid":1603593,"hostname":"TempleOfZyminx","from":{"q":0,"r":8},"to":{"q":11,"r":15},"msg":"findPath: no valid path found"}
{"level":30,"time":1774382621261,"pid":1603593,"hostname":"TempleOfZyminx","from":{"q":0,"r":8},"to":{"q":11,"r":16},"msg":"findPath: no valid path found"}
{"level":30,"time":1774382621261,"pid":1603593,"hostname":"TempleOfZyminx","from":{"q":0,"r":8},"to":{"q":11,"r":17},"msg":"findPath: no valid path found"}
{"level":30,"time":1774382621261,"pid":1603593,"hostname":"TempleOfZyminx","from":{"q":0,"r":8},"to":{"q":11,"r":18},"msg":"findPath: no valid path found"}
{"level":30,"time":1774382621261,"pid":1603593,"hostname":"TempleOfZyminx","from":{"q":0,"r":8},"to":{"q":11,"r":19},"msg":"findPath: no valid path found"}
{"level":30,"time":1774382621261,"pid":1603593,"hostname":"TempleOfZyminx","from":{"q":0,"r":8},"to":{"q":11,"r":20},"msg":"findPath: no valid path found"}
{"level":30,"time":1774382621261,"pid":1603593,"hostname":"TempleOfZyminx","from":{"q":0,"r":8},"to":{"q":11,"r":21},"msg":"findPath: no valid path found"}
{"level":30,"time":1774382621261,"pid":1603593,"hostname":"TempleOfZyminx","from":{"q":0,"r":8},"to":{"q":12,"r":0},"msg":"findPath: no valid path found"}
{"level":30,"time":1774382621261,"pid":1603593,"hostname":"TempleOfZyminx","from":{"q":0,"r":8},"to":{"q":12,"r":1},"msg":"findPath: no valid path found"}
{"level":30,"time":1774382621261,"pid":1603593,"hostname":"TempleOfZyminx","from":{"q":0,"r":8},"to":{"q":12,"r":2},"msg":"findPath: no valid path found"}
{"level":30,"time":1774382621261,"pid":1603593,"hostname":"TempleOfZyminx","from":{"q":0,"r":8},"to":{"q":12,"r":3},"msg":"findPath: no valid path found"}
{"level":30,"time":1774382621261,"pid":1603593,"hostname":"TempleOfZyminx","from":{"q":0,"r":8},"to":{"q":12,"r":4},"msg":"findPath: no valid path found"}
{"level":30,"time":1774382621261,"pid":1603593,"hostname":"TempleOfZyminx","from":{"q":0,"r":8},"to":{"q":12,"r":5},"msg":"findPath: no valid path found"}
{"level":30,"time":1774382621262,"pid":1603593,"hostname":"TempleOfZyminx","from":{"q":0,"r":8},"to":{"q":12,"r":6},"msg":"findPath: no valid path found"}
{"level":30,"time":1774382621262,"pid":1603593,"hostname":"TempleOfZyminx","from":{"q":0,"r":8},"to":{"q":12,"r":7},"msg":"findPath: no valid path found"}
{"level":30,"time":1774382621262,"pid":1603593,"hostname":"TempleOfZyminx","from":{"q":0,"r":8},"to":{"q":12,"r":8},"msg":"findPath: no valid path found"}
{"level":30,"time":1774382621262,"pid":1603593,"hostname":"TempleOfZyminx","from":{"q":0,"r":8},"to":{"q":12,"r":9},"msg":"findPath: no valid path found"}
{"level":30,"time":1774382621262,"pid":1603593,"hostname":"TempleOfZyminx","from":{"q":0,"r":8},"to":{"q":12,"r":10},"msg":"findPath: no valid path found"}
{"level":30,"time":1774382621262,"pid":1603593,"hostname":"TempleOfZyminx","from":{"q":0,"r":8},"to":{"q":12,"r":11},"msg":"findPath: no valid path found"}
{"level":30,"time":1774382621262,"pid":1603593,"hostname":"TempleOfZyminx","from":{"q":0,"r":8},"to":{"q":12,"r":12},"msg":"findPath: no valid path found"}
{"level":30,"time":1774382621262,"pid":1603593,"hostname":"TempleOfZyminx","from":{"q":0,"r":8},"to":{"q":12,"r":13},"msg":"findPath: no valid path found"}
{"level":30,"time":1774382621262,"pid":1603593,"hostname":"TempleOfZyminx","from":{"q":0,"r":8},"to":{"q":12,"r":14},"msg":"findPath: no valid path found"}
{"level":30,"time":1774382621262,"pid":1603593,"hostname":"TempleOfZyminx","from":{"q":0,"r":8},"to":{"q":12,"r":15},"msg":"findPath: no valid path found"}
{"level":30,"time":1774382621262,"pid":1603593,"hostname":"TempleOfZyminx","from":{"q":0,"r":8},"to":{"q":12,"r":16},"msg":"findPath: no valid path found"}
{"level":30,"time":1774382621262,"pid":1603593,"hostname":"TempleOfZyminx","from":{"q":0,"r":8},"to":{"q":12,"r":17},"msg":"findPath: no valid path found"}
{"level":30,"time":1774382621262,"pid":1603593,"hostname":"TempleOfZyminx","from":{"q":0,"r":8},"to":{"q":12,"r":18},"msg":"findPath: no valid path found"}
{"level":30,"time":1774382621262,"pid":1603593,"hostname":"TempleOfZyminx","from":{"q":0,"r":8},"to":{"q":12,"r":19},"msg":"findPath: no valid path found"}
{"level":30,"time":1774382621262,"pid":1603593,"hostname":"TempleOfZyminx","from":{"q":0,"r":8},"to":{"q":12,"r":20},"msg":"findPath: no valid path found"}
{"level":30,"time":1774382621262,"pid":1603593,"hostname":"TempleOfZyminx","from":{"q":0,"r":8},"to":{"q":12,"r":21},"msg":"findPath: no valid path found"}
{"level":30,"time":1774382621262,"pid":1603593,"hostname":"TempleOfZyminx","from":{"q":0,"r":8},"to":{"q":13,"r":0},"msg":"findPath: no valid path found"}
{"level":30,"time":1774382621262,"pid":1603593,"hostname":"TempleOfZyminx","from":{"q":0,"r":8},"to":{"q":13,"r":1},"msg":"findPath: no valid path found"}
{"level":30,"time":1774382621262,"pid":1603593,"hostname":"TempleOfZyminx","from":{"q":0,"r":8},"to":{"q":13,"r":2},"msg":"findPath: no valid path found"}
{"level":30,"time":1774382621262,"pid":1603593,"hostname":"TempleOfZyminx","from":{"q":0,"r":8},"to":{"q":13,"r":3},"msg":"findPath: no valid path found"}
{"level":30,"time":1774382621262,"pid":1603593,"hostname":"TempleOfZyminx","from":{"q":0,"r":8},"to":{"q":13,"r":4},"msg":"findPath: no valid path found"}
{"level":30,"time":1774382621262,"pid":1603593,"hostname":"TempleOfZyminx","from":{"q":0,"r":8},"to":{"q":13,"r":5},"msg":"findPath: no valid path found"}
{"level":30,"time":1774382621262,"pid":1603593,"hostname":"TempleOfZyminx","from":{"q":0,"r":8},"to":{"q":13,"r":6},"msg":"findPath: no valid path found"}
{"level":30,"time":1774382621262,"pid":1603593,"hostname":"TempleOfZyminx","from":{"q":0,"r":8},"to":{"q":13,"r":7},"msg":"findPath: no valid path found"}
{"level":30,"time":1774382621263,"pid":1603593,"hostname":"TempleOfZyminx","from":{"q":0,"r":8},"to":{"q":13,"r":8},"msg":"findPath: no valid path found"}
{"level":30,"time":1774382621263,"pid":1603593,"hostname":"TempleOfZyminx","from":{"q":0,"r":8},"to":{"q":13,"r":9},"msg":"findPath: no valid path found"}
{"level":30,"time":1774382621263,"pid":1603593,"hostname":"TempleOfZyminx","from":{"q":0,"r":8},"to":{"q":13,"r":10},"msg":"findPath: no valid path found"}
{"level":30,"time":1774382621263,"pid":1603593,"hostname":"TempleOfZyminx","from":{"q":0,"r":8},"to":{"q":13,"r":11},"msg":"findPath: no valid path found"}
{"level":30,"time":1774382621263,"pid":1603593,"hostname":"TempleOfZyminx","from":{"q":0,"r":8},"to":{"q":13,"r":12},"msg":"findPath: no valid path found"}
{"level":30,"time":1774382621263,"pid":1603593,"hostname":"TempleOfZyminx","from":{"q":0,"r":8},"to":{"q":13,"r":13},"msg":"findPath: no valid path found"}
{"level":30,"time":1774382621263,"pid":1603593,"hostname":"TempleOfZyminx","from":{"q":0,"r":8},"to":{"q":13,"r":14},"msg":"findPath: no valid path found"}
{"level":30,"time":1774382621263,"pid":1603593,"hostname":"TempleOfZyminx","from":{"q":0,"r":8},"to":{"q":13,"r":15},"msg":"findPath: no valid path found"}
{"level":30,"time":1774382621263,"pid":1603593,"hostname":"TempleOfZyminx","from":{"q":0,"r":8},"to":{"q":13,"r":16},"msg":"findPath: no valid path found"}
{"level":30,"time":1774382621263,"pid":1603593,"hostname":"TempleOfZyminx","from":{"q":0,"r":8},"to":{"q":13,"r":17},"msg":"findPath: no valid path found"}
{"level":30,"time":1774382621263,"pid":1603593,"hostname":"TempleOfZyminx","from":{"q":0,"r":8},"to":{"q":13,"r":18},"msg":"findPath: no valid path found"}
{"level":30,"time":1774382621263,"pid":1603593,"hostname":"TempleOfZyminx","from":{"q":0,"r":8},"to":{"q":13,"r":19},"msg":"findPath: no valid path found"}
{"level":30,"time":1774382621263,"pid":1603593,"hostname":"TempleOfZyminx","from":{"q":0,"r":8},"to":{"q":13,"r":20},"msg":"findPath: no valid path found"}
{"level":30,"time":1774382621263,"pid":1603593,"hostname":"TempleOfZyminx","from":{"q":0,"r":8},"to":{"q":13,"r":21},"msg":"findPath: no valid path found"}
{"level":30,"time":1774382621263,"pid":1603593,"hostname":"TempleOfZyminx","from":{"q":0,"r":8},"to":{"q":14,"r":0},"msg":"findPath: no valid path found"}
{"level":30,"time":1774382621263,"pid":1603593,"hostname":"TempleOfZyminx","from":{"q":0,"r":8},"to":{"q":14,"r":1},"msg":"findPath: no valid path found"}
{"level":30,"time":1774382621263,"pid":1603593,"hostname":"TempleOfZyminx","from":{"q":0,"r":8},"to":{"q":14,"r":2},"msg":"findPath: no valid path found"}
{"level":30,"time":1774382621263,"pid":1603593,"hostname":"TempleOfZyminx","from":{"q":0,"r":8},"to":{"q":14,"r":3},"msg":"findPath: no valid path found"}
{"level":30,"time":1774382621264,"pid":1603593,"hostname":"TempleOfZyminx","from":{"q":0,"r":8},"to":{"q":14,"r":4},"msg":"findPath: no valid path found"}
{"level":30,"time":1774382621264,"pid":1603593,"hostname":"TempleOfZyminx","from":{"q":0,"r":8},"to":{"q":14,"r":5},"msg":"findPath: no valid path found"}
{"level":30,"time":1774382621264,"pid":1603593,"hostname":"TempleOfZyminx","from":{"q":0,"r":8},"to":{"q":14,"r":6},"msg":"findPath: no valid path found"}
{"level":30,"time":1774382621264,"pid":1603593,"hostname":"TempleOfZyminx","from":{"q":0,"r":8},"to":{"q":14,"r":7},"msg":"findPath: no valid path found"}
{"level":30,"time":1774382621264,"pid":1603593,"hostname":"TempleOfZyminx","from":{"q":0,"r":8},"to":{"q":14,"r":8},"msg":"findPath: no valid path found"}
{"level":30,"time":1774382621264,"pid":1603593,"hostname":"TempleOfZyminx","from":{"q":0,"r":8},"to":{"q":14,"r":9},"msg":"findPath: no valid path found"}
{"level":30,"time":1774382621264,"pid":1603593,"hostname":"TempleOfZyminx","from":{"q":0,"r":8},"to":{"q":14,"r":10},"msg":"findPath: no valid path found"}
{"level":30,"time":1774382621264,"pid":1603593,"hostname":"TempleOfZyminx","from":{"q":0,"r":8},"to":{"q":14,"r":11},"msg":"findPath: no valid path found"}
{"level":30,"time":1774382621264,"pid":1603593,"hostname":"TempleOfZyminx","from":{"q":0,"r":8},"to":{"q":14,"r":12},"msg":"findPath: no valid path found"}
{"level":30,"time":1774382621264,"pid":1603593,"hostname":"TempleOfZyminx","from":{"q":0,"r":8},"to":{"q":14,"r":13},"msg":"findPath: no valid path found"}
{"level":30,"time":1774382621264,"pid":1603593,"hostname":"TempleOfZyminx","from":{"q":0,"r":8},"to":{"q":14,"r":14},"msg":"findPath: no valid path found"}
{"level":30,"time":1774382621265,"pid":1603593,"hostname":"TempleOfZyminx","from":{"q":0,"r":8},"to":{"q":14,"r":15},"msg":"findPath: no valid path found"}
{"level":30,"time":1774382621265,"pid":1603593,"hostname":"TempleOfZyminx","from":{"q":0,"r":8},"to":{"q":14,"r":16},"msg":"findPath: no valid path found"}
{"level":30,"time":1774382621265,"pid":1603593,"hostname":"TempleOfZyminx","from":{"q":0,"r":8},"to":{"q":14,"r":17},"msg":"findPath: no valid path found"}
{"level":30,"time":1774382621265,"pid":1603593,"hostname":"TempleOfZyminx","from":{"q":0,"r":8},"to":{"q":14,"r":18},"msg":"findPath: no valid path found"}
{"level":30,"time":1774382621265,"pid":1603593,"hostname":"TempleOfZyminx","from":{"q":0,"r":8},"to":{"q":14,"r":19},"msg":"findPath: no valid path found"}
{"level":30,"time":1774382621265,"pid":1603593,"hostname":"TempleOfZyminx","from":{"q":0,"r":8},"to":{"q":14,"r":20},"msg":"findPath: no valid path found"}
{"level":30,"time":1774382621265,"pid":1603593,"hostname":"TempleOfZyminx","from":{"q":0,"r":8},"to":{"q":14,"r":21},"msg":"findPath: no valid path found"}
{"level":30,"time":1774382621266,"pid":1603593,"hostname":"TempleOfZyminx","id":"5a0b0710-4b16-4941-91e6-ae9a2c92bfc5","command":"MOVE","msg":"Submitting game action"}
{"level":30,"time":1774382621266,"pid":1603593,"hostname":"TempleOfZyminx","gameId":"5a0b0710-4b16-4941-91e6-ae9a2c92bfc5","unitId":"wolf-1","msg":"Processing MOVE command"}
{"level":30,"time":1774382621267,"pid":1603593,"hostname":"TempleOfZyminx","id":"5a0b0710-4b16-4941-91e6-ae9a2c92bfc5","msg":"Fetching game state"}
{"level":30,"time":1774382621268,"pid":1603593,"hostname":"TempleOfZyminx","id":"5a0b0710-4b16-4941-91e6-ae9a2c92bfc5","command":"END_PHASE","msg":"Submitting game action"}
{"level":30,"time":1774382621268,"pid":1603593,"hostname":"TempleOfZyminx","gameId":"5a0b0710-4b16-4941-91e6-ae9a2c92bfc5","phase":"GEV_SECOND_MOVE","msg":"Advancing phase"}
{"level":30,"time":1774382621268,"pid":1603593,"hostname":"TempleOfZyminx","phase":"GEV_SECOND_MOVE","turnNumber":5,"msg":"Advancing phase in engine"}
{"level":30,"time":1774382621268,"pid":1603593,"hostname":"TempleOfZyminx","id":"5a0b0710-4b16-4941-91e6-ae9a2c92bfc5","msg":"Fetching game state"}
{"level":30,"time":1774382621269,"pid":1603593,"hostname":"TempleOfZyminx","id":"5a0b0710-4b16-4941-91e6-ae9a2c92bfc5","msg":"Fetching game state"}
{"level":30,"time":1774382621269,"pid":1603593,"hostname":"TempleOfZyminx","id":"5a0b0710-4b16-4941-91e6-ae9a2c92bfc5","msg":"Fetching game state"}
{"level":30,"time":1774382621270,"pid":1603593,"hostname":"TempleOfZyminx","id":"5a0b0710-4b16-4941-91e6-ae9a2c92bfc5","msg":"Fetching game state"}
{"level":30,"time":1774382621295,"pid":1604421,"hostname":"TempleOfZyminx","scenarioId":"swamp-siege-01","role":"onion","msg":"Creating new game match"}
{"level":30,"time":1774382621296,"pid":1604421,"hostname":"TempleOfZyminx","gameId":"a99abc35-b548-43d3-afc4-1510f45eeab0","role":"onion","msg":"Game match created"}
{"level":30,"time":1774382621296,"pid":1604421,"hostname":"TempleOfZyminx","id":"a99abc35-b548-43d3-afc4-1510f45eeab0","msg":"User joining game"}
{"level":40,"time":1774382621297,"pid":1604421,"hostname":"TempleOfZyminx","userId":"5f7a2f09-50b3-43fe-88b6-415630260f28","gameId":"a99abc35-b548-43d3-afc4-1510f45eeab0","msg":"User tried to join own game"}
{"level":30,"time":1774382621331,"pid":1604421,"hostname":"TempleOfZyminx","id":"00000000-0000-4000-8000-000000000000","msg":"User joining game"}
{"level":40,"time":1774382621331,"pid":1604421,"hostname":"TempleOfZyminx","id":"00000000-0000-4000-8000-000000000000","msg":"Game not found for join"}
{"level":30,"time":1774382621364,"pid":1604603,"hostname":"TempleOfZyminx","scenarioId":"swamp-siege-01","role":"onion","msg":"Creating new game match"}
{"level":30,"time":1774382621365,"pid":1604603,"hostname":"TempleOfZyminx","gameId":"2d0ac4db-0d3b-4f0a-867d-79bc67c3f265","role":"onion","msg":"Game match created"}
{"level":30,"time":1774382621366,"pid":1604603,"hostname":"TempleOfZyminx","id":"2d0ac4db-0d3b-4f0a-867d-79bc67c3f265","msg":"User joining game"}
{"level":30,"time":1774382621366,"pid":1604603,"hostname":"TempleOfZyminx","gameId":"2d0ac4db-0d3b-4f0a-867d-79bc67c3f265","role":"defender","msg":"User joined game"}
{"level":30,"time":1774382621366,"pid":1604603,"hostname":"TempleOfZyminx","id":"2d0ac4db-0d3b-4f0a-867d-79bc67c3f265","msg":"Fetching game state"}
{"level":30,"time":1774382621367,"pid":1604421,"hostname":"TempleOfZyminx","scenarioId":"swamp-siege-01","role":"onion","msg":"Creating new game match"}
{"level":30,"time":1774382621367,"pid":1604603,"hostname":"TempleOfZyminx","id":"2d0ac4db-0d3b-4f0a-867d-79bc67c3f265","command":"END_PHASE","msg":"Submitting game action"}
{"level":30,"time":1774382621367,"pid":1604603,"hostname":"TempleOfZyminx","gameId":"2d0ac4db-0d3b-4f0a-867d-79bc67c3f265","phase":"ONION_MOVE","msg":"Advancing phase"}
{"level":30,"time":1774382621367,"pid":1604603,"hostname":"TempleOfZyminx","phase":"ONION_MOVE","turnNumber":1,"msg":"Advancing phase in engine"}
{"level":30,"time":1774382621368,"pid":1604421,"hostname":"TempleOfZyminx","gameId":"391676ae-c404-4655-b88f-c73dee9ab459","role":"onion","msg":"Game match created"}
{"level":30,"time":1774382621368,"pid":1604421,"hostname":"TempleOfZyminx","id":"391676ae-c404-4655-b88f-c73dee9ab459","msg":"User joining game"}
{"level":30,"time":1774382621368,"pid":1604603,"hostname":"TempleOfZyminx","id":"2d0ac4db-0d3b-4f0a-867d-79bc67c3f265","msg":"Fetching game state"}
{"level":30,"time":1774382621368,"pid":1604603,"hostname":"TempleOfZyminx","id":"2d0ac4db-0d3b-4f0a-867d-79bc67c3f265","command":"END_PHASE","msg":"Submitting game action"}
{"level":30,"time":1774382621368,"pid":1604603,"hostname":"TempleOfZyminx","gameId":"2d0ac4db-0d3b-4f0a-867d-79bc67c3f265","phase":"ONION_COMBAT","msg":"Advancing phase"}
{"level":30,"time":1774382621368,"pid":1604603,"hostname":"TempleOfZyminx","phase":"ONION_COMBAT","turnNumber":1,"msg":"Advancing phase in engine"}
{"level":30,"time":1774382621369,"pid":1604603,"hostname":"TempleOfZyminx","id":"2d0ac4db-0d3b-4f0a-867d-79bc67c3f265","msg":"Fetching game state"}
{"level":30,"time":1774382621369,"pid":1604603,"hostname":"TempleOfZyminx","id":"2d0ac4db-0d3b-4f0a-867d-79bc67c3f265","command":"END_PHASE","msg":"Submitting game action"}
{"level":30,"time":1774382621370,"pid":1604603,"hostname":"TempleOfZyminx","gameId":"2d0ac4db-0d3b-4f0a-867d-79bc67c3f265","phase":"DEFENDER_MOVE","msg":"Advancing phase"}
{"level":30,"time":1774382621370,"pid":1604603,"hostname":"TempleOfZyminx","phase":"DEFENDER_MOVE","turnNumber":1,"msg":"Advancing phase in engine"}
{"level":30,"time":1774382621370,"pid":1604603,"hostname":"TempleOfZyminx","id":"2d0ac4db-0d3b-4f0a-867d-79bc67c3f265","msg":"Fetching game state"}
{"level":30,"time":1774382621371,"pid":1604603,"hostname":"TempleOfZyminx","id":"2d0ac4db-0d3b-4f0a-867d-79bc67c3f265","command":"FIRE","msg":"Submitting game action"}
{"level":30,"time":1774382621371,"pid":1604603,"hostname":"TempleOfZyminx","gameId":"2d0ac4db-0d3b-4f0a-867d-79bc67c3f265","type":"FIRE","msg":"Processing combat command"}
{"level":30,"time":1774382621371,"pid":1604603,"hostname":"TempleOfZyminx","gameId":"2d0ac4db-0d3b-4f0a-867d-79bc67c3f265","error":"Duplicate attacker 'wolf-1'","msg":"Invalid combat command"}
{"level":30,"time":1774382621378,"pid":1604629,"hostname":"TempleOfZyminx","scenarioId":"swamp-siege-01","role":"onion","msg":"Creating new game match"}
{"level":30,"time":1774382621381,"pid":1604629,"hostname":"TempleOfZyminx","gameId":"9436c0b5-e011-4313-8b49-29991e91b815","role":"onion","msg":"Game match created"}
{"level":30,"time":1774382621382,"pid":1604629,"hostname":"TempleOfZyminx","id":"9436c0b5-e011-4313-8b49-29991e91b815","msg":"User joining game"}
{"level":30,"time":1774382621382,"pid":1604629,"hostname":"TempleOfZyminx","gameId":"9436c0b5-e011-4313-8b49-29991e91b815","role":"defender","msg":"User joined game"}
{"level":30,"time":1774382621383,"pid":1604629,"hostname":"TempleOfZyminx","id":"9436c0b5-e011-4313-8b49-29991e91b815","msg":"Fetching game state"}
{"level":30,"time":1774382621384,"pid":1604629,"hostname":"TempleOfZyminx","id":"9436c0b5-e011-4313-8b49-29991e91b815","command":"END_PHASE","msg":"Submitting game action"}
{"level":30,"time":1774382621385,"pid":1604629,"hostname":"TempleOfZyminx","gameId":"9436c0b5-e011-4313-8b49-29991e91b815","phase":"ONION_MOVE","msg":"Advancing phase"}
{"level":30,"time":1774382621385,"pid":1604629,"hostname":"TempleOfZyminx","phase":"ONION_MOVE","turnNumber":1,"msg":"Advancing phase in engine"}
{"level":30,"time":1774382621386,"pid":1604629,"hostname":"TempleOfZyminx","id":"9436c0b5-e011-4313-8b49-29991e91b815","msg":"Fetching game state"}
{"level":30,"time":1774382621387,"pid":1604629,"hostname":"TempleOfZyminx","id":"9436c0b5-e011-4313-8b49-29991e91b815","command":"END_PHASE","msg":"Submitting game action"}
{"level":30,"time":1774382621387,"pid":1604629,"hostname":"TempleOfZyminx","gameId":"9436c0b5-e011-4313-8b49-29991e91b815","phase":"ONION_COMBAT","msg":"Advancing phase"}
{"level":30,"time":1774382621387,"pid":1604629,"hostname":"TempleOfZyminx","phase":"ONION_COMBAT","turnNumber":1,"msg":"Advancing phase in engine"}
{"level":30,"time":1774382621388,"pid":1604629,"hostname":"TempleOfZyminx","id":"9436c0b5-e011-4313-8b49-29991e91b815","msg":"Fetching game state"}
{"level":30,"time":1774382621390,"pid":1604629,"hostname":"TempleOfZyminx","id":"9436c0b5-e011-4313-8b49-29991e91b815","command":"END_PHASE","msg":"Submitting game action"}
{"level":30,"time":1774382621390,"pid":1604629,"hostname":"TempleOfZyminx","gameId":"9436c0b5-e011-4313-8b49-29991e91b815","phase":"DEFENDER_MOVE","msg":"Advancing phase"}
{"level":30,"time":1774382621390,"pid":1604629,"hostname":"TempleOfZyminx","phase":"DEFENDER_MOVE","turnNumber":1,"msg":"Advancing phase in engine"}
{"level":30,"time":1774382621390,"pid":1604629,"hostname":"TempleOfZyminx","id":"9436c0b5-e011-4313-8b49-29991e91b815","msg":"Fetching game state"}
{"level":30,"time":1774382621392,"pid":1604629,"hostname":"TempleOfZyminx","id":"9436c0b5-e011-4313-8b49-29991e91b815","command":"FIRE","msg":"Submitting game action"}
{"level":30,"time":1774382621392,"pid":1604629,"hostname":"TempleOfZyminx","gameId":"9436c0b5-e011-4313-8b49-29991e91b815","type":"FIRE","msg":"Processing combat command"}
{"level":30,"time":1774382621393,"pid":1604629,"hostname":"TempleOfZyminx","gameId":"9436c0b5-e011-4313-8b49-29991e91b815","error":"Combined fire is not allowed on Onion treads.","msg":"Invalid combat command"}
{"level":30,"time":1774382621435,"pid":1603593,"hostname":"TempleOfZyminx","scenarioId":"smoke-endgame-01","role":"onion","msg":"Creating new game match"}
{"level":30,"time":1774382621436,"pid":1603593,"hostname":"TempleOfZyminx","gameId":"090b4131-747c-4651-b205-28d8fa4dc517","role":"onion","msg":"Game match created"}
{"level":30,"time":1774382621436,"pid":1603593,"hostname":"TempleOfZyminx","id":"090b4131-747c-4651-b205-28d8fa4dc517","msg":"User joining game"}
{"level":30,"time":1774382621436,"pid":1603593,"hostname":"TempleOfZyminx","gameId":"090b4131-747c-4651-b205-28d8fa4dc517","role":"defender","msg":"User joined game"}
{"level":30,"time":1774382621437,"pid":1603593,"hostname":"TempleOfZyminx","id":"090b4131-747c-4651-b205-28d8fa4dc517","msg":"Fetching game state"}
{"level":30,"time":1774382621438,"pid":1603593,"hostname":"TempleOfZyminx","id":"090b4131-747c-4651-b205-28d8fa4dc517","msg":"Fetching game state"}
{"level":30,"time":1774382621439,"pid":1603593,"hostname":"TempleOfZyminx","id":"090b4131-747c-4651-b205-28d8fa4dc517","msg":"Fetching game state"}
{"level":30,"time":1774382621440,"pid":1603593,"hostname":"TempleOfZyminx","id":"090b4131-747c-4651-b205-28d8fa4dc517","command":"END_PHASE","msg":"Submitting game action"}
{"level":30,"time":1774382621441,"pid":1603593,"hostname":"TempleOfZyminx","gameId":"090b4131-747c-4651-b205-28d8fa4dc517","phase":"ONION_MOVE","msg":"Advancing phase"}
{"level":30,"time":1774382621441,"pid":1603593,"hostname":"TempleOfZyminx","phase":"ONION_MOVE","turnNumber":1,"msg":"Advancing phase in engine"}
{"level":30,"time":1774382621441,"pid":1603593,"hostname":"TempleOfZyminx","id":"090b4131-747c-4651-b205-28d8fa4dc517","msg":"Fetching game state"}
{"level":30,"time":1774382621442,"pid":1603593,"hostname":"TempleOfZyminx","id":"090b4131-747c-4651-b205-28d8fa4dc517","msg":"Fetching game state"}
{"level":30,"time":1774382621442,"pid":1603593,"hostname":"TempleOfZyminx","id":"090b4131-747c-4651-b205-28d8fa4dc517","command":"FIRE","msg":"Submitting game action"}
{"level":30,"time":1774382621443,"pid":1603593,"hostname":"TempleOfZyminx","gameId":"090b4131-747c-4651-b205-28d8fa4dc517","type":"FIRE","msg":"Processing combat command"}
{"level":30,"time":1774382621443,"pid":1603593,"hostname":"TempleOfZyminx","commandType":"FIRE","msg":"Validating combat action"}
{"level":30,"time":1774382621443,"pid":1603593,"hostname":"TempleOfZyminx","plan":{"actionType":"FIRE","actor":"onion","attackerIds":["main"],"target":{"kind":"defender","id":"wolf-1"},"attackStrength":4,"defense":4,"weaponIds":["main"]},"msg":"Executing combat action"}
{"level":30,"time":1774382621444,"pid":1603593,"hostname":"TempleOfZyminx","id":"090b4131-747c-4651-b205-28d8fa4dc517","msg":"Fetching game state"}
{"level":30,"time":1774382621444,"pid":1603593,"hostname":"TempleOfZyminx","id":"090b4131-747c-4651-b205-28d8fa4dc517","msg":"Fetching game state"}
{"level":30,"time":1774382621446,"pid":1603593,"hostname":"TempleOfZyminx","id":"090b4131-747c-4651-b205-28d8fa4dc517","command":"END_PHASE","msg":"Submitting game action"}
{"level":30,"time":1774382621446,"pid":1603593,"hostname":"TempleOfZyminx","gameId":"090b4131-747c-4651-b205-28d8fa4dc517","phase":"ONION_COMBAT","msg":"Advancing phase"}
{"level":30,"time":1774382621446,"pid":1603593,"hostname":"TempleOfZyminx","phase":"ONION_COMBAT","turnNumber":1,"msg":"Advancing phase in engine"}
{"level":30,"time":1774382621447,"pid":1603593,"hostname":"TempleOfZyminx","id":"090b4131-747c-4651-b205-28d8fa4dc517","msg":"Fetching game state"}
{"level":30,"time":1774382621448,"pid":1603593,"hostname":"TempleOfZyminx","id":"090b4131-747c-4651-b205-28d8fa4dc517","msg":"Fetching game state"}
{"level":30,"time":1774382621448,"pid":1603593,"hostname":"TempleOfZyminx","id":"090b4131-747c-4651-b205-28d8fa4dc517","msg":"Fetching game state"}
{"level":30,"time":1774382621449,"pid":1603593,"hostname":"TempleOfZyminx","id":"090b4131-747c-4651-b205-28d8fa4dc517","command":"END_PHASE","msg":"Submitting game action"}
{"level":30,"time":1774382621450,"pid":1603593,"hostname":"TempleOfZyminx","gameId":"090b4131-747c-4651-b205-28d8fa4dc517","phase":"DEFENDER_MOVE","msg":"Advancing phase"}
{"level":30,"time":1774382621450,"pid":1603593,"hostname":"TempleOfZyminx","phase":"DEFENDER_MOVE","turnNumber":1,"msg":"Advancing phase in engine"}
{"level":30,"time":1774382621450,"pid":1603593,"hostname":"TempleOfZyminx","id":"090b4131-747c-4651-b205-28d8fa4dc517","msg":"Fetching game state"}
{"level":30,"time":1774382621451,"pid":1603593,"hostname":"TempleOfZyminx","id":"090b4131-747c-4651-b205-28d8fa4dc517","msg":"Fetching game state"}
{"level":30,"time":1774382621453,"pid":1603593,"hostname":"TempleOfZyminx","id":"090b4131-747c-4651-b205-28d8fa4dc517","command":"FIRE","msg":"Submitting game action"}
{"level":30,"time":1774382621453,"pid":1603593,"hostname":"TempleOfZyminx","gameId":"090b4131-747c-4651-b205-28d8fa4dc517","type":"FIRE","msg":"Processing combat command"}
{"level":30,"time":1774382621454,"pid":1603593,"hostname":"TempleOfZyminx","commandType":"FIRE","msg":"Validating combat action"}
{"level":30,"time":1774382621454,"pid":1603593,"hostname":"TempleOfZyminx","plan":{"actionType":"FIRE","actor":"defender","attackerIds":["wolf-10"],"target":{"kind":"treads","id":"onion-1"},"attackStrength":2,"defense":0},"msg":"Executing combat action"}
{"level":30,"time":1774382621455,"pid":1603593,"hostname":"TempleOfZyminx","id":"090b4131-747c-4651-b205-28d8fa4dc517","msg":"Fetching game state"}
{"level":30,"time":1774382621455,"pid":1603593,"hostname":"TempleOfZyminx","id":"090b4131-747c-4651-b205-28d8fa4dc517","command":"FIRE","msg":"Submitting game action"}
{"level":30,"time":1774382621456,"pid":1603593,"hostname":"TempleOfZyminx","gameId":"090b4131-747c-4651-b205-28d8fa4dc517","type":"FIRE","msg":"Processing combat command"}
{"level":30,"time":1774382621456,"pid":1603593,"hostname":"TempleOfZyminx","commandType":"FIRE","msg":"Validating combat action"}
{"level":30,"time":1774382621456,"pid":1603593,"hostname":"TempleOfZyminx","gameId":"090b4131-747c-4651-b205-28d8fa4dc517","error":"Attacker 'wolf-11' is out of range","msg":"Invalid combat command"}
{"level":30,"time":1774382621456,"pid":1603593,"hostname":"TempleOfZyminx","id":"090b4131-747c-4651-b205-28d8fa4dc517","msg":"Fetching game state"}
{"level":30,"time":1774382621457,"pid":1603593,"hostname":"TempleOfZyminx","id":"090b4131-747c-4651-b205-28d8fa4dc517","command":"FIRE","msg":"Submitting game action"}
{"level":30,"time":1774382621457,"pid":1603593,"hostname":"TempleOfZyminx","gameId":"090b4131-747c-4651-b205-28d8fa4dc517","type":"FIRE","msg":"Processing combat command"}
{"level":30,"time":1774382621457,"pid":1603593,"hostname":"TempleOfZyminx","commandType":"FIRE","msg":"Validating combat action"}
{"level":30,"time":1774382621457,"pid":1603593,"hostname":"TempleOfZyminx","gameId":"090b4131-747c-4651-b205-28d8fa4dc517","error":"Attacker 'wolf-12' is out of range","msg":"Invalid combat command"}
{"level":30,"time":1774382621457,"pid":1603593,"hostname":"TempleOfZyminx","id":"090b4131-747c-4651-b205-28d8fa4dc517","msg":"Fetching game state"}
{"level":30,"time":1774382621458,"pid":1603593,"hostname":"TempleOfZyminx","id":"090b4131-747c-4651-b205-28d8fa4dc517","command":"FIRE","msg":"Submitting game action"}
{"level":30,"time":1774382621458,"pid":1603593,"hostname":"TempleOfZyminx","gameId":"090b4131-747c-4651-b205-28d8fa4dc517","type":"FIRE","msg":"Processing combat command"}
{"level":30,"time":1774382621458,"pid":1603593,"hostname":"TempleOfZyminx","commandType":"FIRE","msg":"Validating combat action"}
{"level":30,"time":1774382621459,"pid":1603593,"hostname":"TempleOfZyminx","plan":{"actionType":"FIRE","actor":"defender","attackerIds":["wolf-2"],"target":{"kind":"treads","id":"onion-1"},"attackStrength":2,"defense":0},"msg":"Executing combat action"}
{"level":30,"time":1774382621460,"pid":1603593,"hostname":"TempleOfZyminx","id":"090b4131-747c-4651-b205-28d8fa4dc517","msg":"Fetching game state"}
{"level":30,"time":1774382621461,"pid":1603593,"hostname":"TempleOfZyminx","id":"090b4131-747c-4651-b205-28d8fa4dc517","command":"FIRE","msg":"Submitting game action"}
{"level":30,"time":1774382621461,"pid":1603593,"hostname":"TempleOfZyminx","gameId":"090b4131-747c-4651-b205-28d8fa4dc517","type":"FIRE","msg":"Processing combat command"}
{"level":30,"time":1774382621461,"pid":1603593,"hostname":"TempleOfZyminx","commandType":"FIRE","msg":"Validating combat action"}
{"level":30,"time":1774382621461,"pid":1603593,"hostname":"TempleOfZyminx","plan":{"actionType":"FIRE","actor":"defender","attackerIds":["wolf-3"],"target":{"kind":"treads","id":"onion-1"},"attackStrength":2,"defense":0},"msg":"Executing combat action"}
{"level":30,"time":1774382621462,"pid":1603593,"hostname":"TempleOfZyminx","id":"090b4131-747c-4651-b205-28d8fa4dc517","msg":"Fetching game state"}
{"level":30,"time":1774382621462,"pid":1603593,"hostname":"TempleOfZyminx","id":"090b4131-747c-4651-b205-28d8fa4dc517","command":"END_PHASE","msg":"Submitting game action"}
{"level":30,"time":1774382621463,"pid":1603593,"hostname":"TempleOfZyminx","gameId":"090b4131-747c-4651-b205-28d8fa4dc517","msg":"Action attempted on finished game"}
 ✓ src/api/integration.test.ts (10 tests) 3529ms
   ✓ Integration Phases (Modular) > final END_PHASE after GEV_SECOND_MOVE increments turn and starts next turn at ONION_MOVE  406ms
   ✓ Integration Orchestrators > turn orchestrator runs phase tests in sequence for one full turn  376ms
   ✓ Integration Orchestrators > game orchestrator setup runs once and supports at least five turns  1231ms
{"level":30,"time":1774382621466,"pid":1604603,"hostname":"TempleOfZyminx","scenarioId":"swamp-siege-01","role":"onion","msg":"Creating new game match"}
{"level":30,"time":1774382621467,"pid":1604603,"hostname":"TempleOfZyminx","gameId":"2c44d899-1ae9-486b-8151-92c4fc81f770","role":"onion","msg":"Game match created"}
{"level":30,"time":1774382621468,"pid":1604603,"hostname":"TempleOfZyminx","id":"2c44d899-1ae9-486b-8151-92c4fc81f770","msg":"User joining game"}
{"level":30,"time":1774382621468,"pid":1604603,"hostname":"TempleOfZyminx","gameId":"2c44d899-1ae9-486b-8151-92c4fc81f770","role":"defender","msg":"User joined game"}
{"level":30,"time":1774382621469,"pid":1604603,"hostname":"TempleOfZyminx","id":"2c44d899-1ae9-486b-8151-92c4fc81f770","msg":"Fetching game state"}
{"level":30,"time":1774382621469,"pid":1604603,"hostname":"TempleOfZyminx","id":"2c44d899-1ae9-486b-8151-92c4fc81f770","command":"END_PHASE","msg":"Submitting game action"}
{"level":30,"time":1774382621469,"pid":1604603,"hostname":"TempleOfZyminx","gameId":"2c44d899-1ae9-486b-8151-92c4fc81f770","phase":"ONION_MOVE","msg":"Advancing phase"}
{"level":30,"time":1774382621469,"pid":1604603,"hostname":"TempleOfZyminx","phase":"ONION_MOVE","turnNumber":1,"msg":"Advancing phase in engine"}
{"level":30,"time":1774382621470,"pid":1604603,"hostname":"TempleOfZyminx","id":"2c44d899-1ae9-486b-8151-92c4fc81f770","msg":"Fetching game state"}
{"level":30,"time":1774382621471,"pid":1604603,"hostname":"TempleOfZyminx","id":"2c44d899-1ae9-486b-8151-92c4fc81f770","command":"FIRE","msg":"Submitting game action"}
{"level":30,"time":1774382621471,"pid":1604603,"hostname":"TempleOfZyminx","gameId":"2c44d899-1ae9-486b-8151-92c4fc81f770","type":"FIRE","msg":"Processing combat command"}
{"level":30,"time":1774382621471,"pid":1604603,"hostname":"TempleOfZyminx","gameId":"2c44d899-1ae9-486b-8151-92c4fc81f770","error":"Missile 0 is already destroyed or exhausted","msg":"Invalid combat command"}
{"level":30,"time":1774382621473,"pid":1604421,"hostname":"TempleOfZyminx","scenarioId":"swamp-siege-01","role":"onion","msg":"Creating new game match"}
{"level":30,"time":1774382621473,"pid":1604421,"hostname":"TempleOfZyminx","gameId":"6bb611a6-013e-4ba1-aa72-8ea493912a59","role":"onion","msg":"Game match created"}
{"level":30,"time":1774382621474,"pid":1604421,"hostname":"TempleOfZyminx","id":"6bb611a6-013e-4ba1-aa72-8ea493912a59","msg":"User joining game"}
{"level":30,"time":1774382621474,"pid":1604421,"hostname":"TempleOfZyminx","gameId":"6bb611a6-013e-4ba1-aa72-8ea493912a59","role":"defender","msg":"User joined game"}
{"level":30,"time":1774382621474,"pid":1604421,"hostname":"TempleOfZyminx","id":"6bb611a6-013e-4ba1-aa72-8ea493912a59","msg":"User joining game"}
{"level":40,"time":1774382621474,"pid":1604421,"hostname":"TempleOfZyminx","gameId":"6bb611a6-013e-4ba1-aa72-8ea493912a59","msg":"Game is already full"}
{"level":30,"time":1774382621488,"pid":1604629,"hostname":"TempleOfZyminx","scenarioId":"swamp-siege-01","role":"onion","msg":"Creating new game match"}
{"level":30,"time":1774382621489,"pid":1604629,"hostname":"TempleOfZyminx","gameId":"d0a1b3e6-8857-4811-b447-8d431a1cb934","role":"onion","msg":"Game match created"}
{"level":30,"time":1774382621490,"pid":1604629,"hostname":"TempleOfZyminx","id":"d0a1b3e6-8857-4811-b447-8d431a1cb934","msg":"User joining game"}
{"level":30,"time":1774382621490,"pid":1604629,"hostname":"TempleOfZyminx","gameId":"d0a1b3e6-8857-4811-b447-8d431a1cb934","role":"defender","msg":"User joined game"}
{"level":30,"time":1774382621490,"pid":1604629,"hostname":"TempleOfZyminx","id":"d0a1b3e6-8857-4811-b447-8d431a1cb934","msg":"Fetching game state"}
{"level":30,"time":1774382621491,"pid":1604629,"hostname":"TempleOfZyminx","id":"d0a1b3e6-8857-4811-b447-8d431a1cb934","command":"END_PHASE","msg":"Submitting game action"}
{"level":30,"time":1774382621491,"pid":1604629,"hostname":"TempleOfZyminx","gameId":"d0a1b3e6-8857-4811-b447-8d431a1cb934","phase":"ONION_MOVE","msg":"Advancing phase"}
{"level":30,"time":1774382621491,"pid":1604629,"hostname":"TempleOfZyminx","phase":"ONION_MOVE","turnNumber":1,"msg":"Advancing phase in engine"}
{"level":30,"time":1774382621492,"pid":1604629,"hostname":"TempleOfZyminx","id":"d0a1b3e6-8857-4811-b447-8d431a1cb934","msg":"Fetching game state"}
{"level":30,"time":1774382621492,"pid":1604629,"hostname":"TempleOfZyminx","id":"d0a1b3e6-8857-4811-b447-8d431a1cb934","command":"END_PHASE","msg":"Submitting game action"}
{"level":30,"time":1774382621493,"pid":1604629,"hostname":"TempleOfZyminx","gameId":"d0a1b3e6-8857-4811-b447-8d431a1cb934","phase":"ONION_COMBAT","msg":"Advancing phase"}
{"level":30,"time":1774382621493,"pid":1604629,"hostname":"TempleOfZyminx","phase":"ONION_COMBAT","turnNumber":1,"msg":"Advancing phase in engine"}
{"level":30,"time":1774382621493,"pid":1604629,"hostname":"TempleOfZyminx","id":"d0a1b3e6-8857-4811-b447-8d431a1cb934","msg":"Fetching game state"}
{"level":30,"time":1774382621494,"pid":1604629,"hostname":"TempleOfZyminx","id":"d0a1b3e6-8857-4811-b447-8d431a1cb934","command":"END_PHASE","msg":"Submitting game action"}
{"level":30,"time":1774382621494,"pid":1604629,"hostname":"TempleOfZyminx","gameId":"d0a1b3e6-8857-4811-b447-8d431a1cb934","phase":"DEFENDER_MOVE","msg":"Advancing phase"}
{"level":30,"time":1774382621494,"pid":1604629,"hostname":"TempleOfZyminx","phase":"DEFENDER_MOVE","turnNumber":1,"msg":"Advancing phase in engine"}
{"level":30,"time":1774382621495,"pid":1604629,"hostname":"TempleOfZyminx","id":"d0a1b3e6-8857-4811-b447-8d431a1cb934","msg":"Fetching game state"}
{"level":30,"time":1774382621500,"pid":1604629,"hostname":"TempleOfZyminx","id":"d0a1b3e6-8857-4811-b447-8d431a1cb934","command":"FIRE","msg":"Submitting game action"}
{"level":30,"time":1774382621500,"pid":1604629,"hostname":"TempleOfZyminx","gameId":"d0a1b3e6-8857-4811-b447-8d431a1cb934","type":"FIRE","msg":"Processing combat command"}
{"level":30,"time":1774382621501,"pid":1604629,"hostname":"TempleOfZyminx","gameId":"d0a1b3e6-8857-4811-b447-8d431a1cb934","error":"Duplicate attacker 'wolf-1'","msg":"Invalid combat command"}
{"level":30,"time":1774382621569,"pid":1604603,"hostname":"TempleOfZyminx","scenarioId":"swamp-siege-01","role":"onion","msg":"Creating new game match"}
{"level":30,"time":1774382621570,"pid":1604603,"hostname":"TempleOfZyminx","gameId":"19165c4c-dc08-4c9a-be30-8248e0026433","role":"onion","msg":"Game match created"}
{"level":30,"time":1774382621570,"pid":1604603,"hostname":"TempleOfZyminx","id":"19165c4c-dc08-4c9a-be30-8248e0026433","msg":"User joining game"}
{"level":30,"time":1774382621570,"pid":1604603,"hostname":"TempleOfZyminx","gameId":"19165c4c-dc08-4c9a-be30-8248e0026433","role":"defender","msg":"User joined game"}
{"level":30,"time":1774382621570,"pid":1604603,"hostname":"TempleOfZyminx","id":"19165c4c-dc08-4c9a-be30-8248e0026433","msg":"Fetching game state"}
{"level":30,"time":1774382621571,"pid":1604603,"hostname":"TempleOfZyminx","id":"19165c4c-dc08-4c9a-be30-8248e0026433","command":"END_PHASE","msg":"Submitting game action"}
{"level":30,"time":1774382621571,"pid":1604603,"hostname":"TempleOfZyminx","gameId":"19165c4c-dc08-4c9a-be30-8248e0026433","phase":"ONION_MOVE","msg":"Advancing phase"}
{"level":30,"time":1774382621571,"pid":1604603,"hostname":"TempleOfZyminx","phase":"ONION_MOVE","turnNumber":1,"msg":"Advancing phase in engine"}
{"level":30,"time":1774382621571,"pid":1604603,"hostname":"TempleOfZyminx","id":"19165c4c-dc08-4c9a-be30-8248e0026433","msg":"Fetching game state"}
{"level":30,"time":1774382621572,"pid":1604603,"hostname":"TempleOfZyminx","id":"19165c4c-dc08-4c9a-be30-8248e0026433","command":"FIRE","msg":"Submitting game action"}
{"level":30,"time":1774382621572,"pid":1604603,"hostname":"TempleOfZyminx","gameId":"19165c4c-dc08-4c9a-be30-8248e0026433","type":"FIRE","msg":"Processing combat command"}
{"level":30,"time":1774382621572,"pid":1604603,"hostname":"TempleOfZyminx","gameId":"19165c4c-dc08-4c9a-be30-8248e0026433","error":"Target not found","msg":"Invalid combat command"}
{"level":30,"time":1774382621576,"pid":1604629,"hostname":"TempleOfZyminx","scenarioId":"swamp-siege-01","role":"onion","msg":"Creating new game match"}
{"level":30,"time":1774382621576,"pid":1604629,"hostname":"TempleOfZyminx","gameId":"7f0946d8-ecfa-4a02-9964-46486c183753","role":"onion","msg":"Game match created"}
{"level":30,"time":1774382621577,"pid":1604629,"hostname":"TempleOfZyminx","id":"7f0946d8-ecfa-4a02-9964-46486c183753","msg":"User joining game"}
{"level":30,"time":1774382621577,"pid":1604629,"hostname":"TempleOfZyminx","gameId":"7f0946d8-ecfa-4a02-9964-46486c183753","role":"defender","msg":"User joined game"}
{"level":30,"time":1774382621577,"pid":1604629,"hostname":"TempleOfZyminx","id":"7f0946d8-ecfa-4a02-9964-46486c183753","msg":"Fetching game state"}
{"level":30,"time":1774382621578,"pid":1604629,"hostname":"TempleOfZyminx","id":"7f0946d8-ecfa-4a02-9964-46486c183753","command":"END_PHASE","msg":"Submitting game action"}
{"level":30,"time":1774382621578,"pid":1604629,"hostname":"TempleOfZyminx","gameId":"7f0946d8-ecfa-4a02-9964-46486c183753","phase":"ONION_MOVE","msg":"Advancing phase"}
{"level":30,"time":1774382621578,"pid":1604629,"hostname":"TempleOfZyminx","phase":"ONION_MOVE","turnNumber":1,"msg":"Advancing phase in engine"}
{"level":30,"time":1774382621578,"pid":1604629,"hostname":"TempleOfZyminx","id":"7f0946d8-ecfa-4a02-9964-46486c183753","msg":"Fetching game state"}
{"level":30,"time":1774382621579,"pid":1604629,"hostname":"TempleOfZyminx","id":"7f0946d8-ecfa-4a02-9964-46486c183753","command":"FIRE","msg":"Submitting game action"}
{"level":30,"time":1774382621579,"pid":1604629,"hostname":"TempleOfZyminx","gameId":"7f0946d8-ecfa-4a02-9964-46486c183753","type":"FIRE","msg":"Processing combat command"}
{"level":30,"time":1774382621579,"pid":1604629,"hostname":"TempleOfZyminx","gameId":"7f0946d8-ecfa-4a02-9964-46486c183753","error":"Missile 0 is already destroyed or exhausted","msg":"Invalid combat command"}
{"level":30,"time":1774382621586,"pid":1604421,"hostname":"TempleOfZyminx","scenarioId":"swamp-siege-01","role":"onion","msg":"Creating new game match"}
{"level":30,"time":1774382621587,"pid":1604421,"hostname":"TempleOfZyminx","gameId":"1a8381f6-b053-4d41-82f3-19f5b400be2e","role":"onion","msg":"Game match created"}
{"level":30,"time":1774382621646,"pid":1604603,"hostname":"TempleOfZyminx","scenarioId":"swamp-siege-01","role":"onion","msg":"Creating new game match"}
{"level":30,"time":1774382621647,"pid":1604603,"hostname":"TempleOfZyminx","gameId":"4ea62cd5-e7e9-4d86-a220-5ef51ab34cfa","role":"onion","msg":"Game match created"}
{"level":30,"time":1774382621647,"pid":1604603,"hostname":"TempleOfZyminx","id":"4ea62cd5-e7e9-4d86-a220-5ef51ab34cfa","msg":"User joining game"}
{"level":30,"time":1774382621647,"pid":1604603,"hostname":"TempleOfZyminx","gameId":"4ea62cd5-e7e9-4d86-a220-5ef51ab34cfa","role":"defender","msg":"User joined game"}
{"level":30,"time":1774382621647,"pid":1604603,"hostname":"TempleOfZyminx","id":"4ea62cd5-e7e9-4d86-a220-5ef51ab34cfa","msg":"Fetching game state"}
{"level":30,"time":1774382621648,"pid":1604603,"hostname":"TempleOfZyminx","id":"4ea62cd5-e7e9-4d86-a220-5ef51ab34cfa","command":"END_PHASE","msg":"Submitting game action"}
{"level":30,"time":1774382621648,"pid":1604603,"hostname":"TempleOfZyminx","gameId":"4ea62cd5-e7e9-4d86-a220-5ef51ab34cfa","phase":"ONION_MOVE","msg":"Advancing phase"}
{"level":30,"time":1774382621648,"pid":1604603,"hostname":"TempleOfZyminx","phase":"ONION_MOVE","turnNumber":1,"msg":"Advancing phase in engine"}
{"level":30,"time":1774382621649,"pid":1604603,"hostname":"TempleOfZyminx","id":"4ea62cd5-e7e9-4d86-a220-5ef51ab34cfa","msg":"Fetching game state"}
{"level":30,"time":1774382621649,"pid":1604629,"hostname":"TempleOfZyminx","scenarioId":"swamp-siege-01","role":"onion","msg":"Creating new game match"}
{"level":30,"time":1774382621649,"pid":1604603,"hostname":"TempleOfZyminx","id":"4ea62cd5-e7e9-4d86-a220-5ef51ab34cfa","command":"END_PHASE","msg":"Submitting game action"}
{"level":30,"time":1774382621649,"pid":1604603,"hostname":"TempleOfZyminx","gameId":"4ea62cd5-e7e9-4d86-a220-5ef51ab34cfa","phase":"ONION_COMBAT","msg":"Advancing phase"}
{"level":30,"time":1774382621649,"pid":1604603,"hostname":"TempleOfZyminx","phase":"ONION_COMBAT","turnNumber":1,"msg":"Advancing phase in engine"}
{"level":30,"time":1774382621649,"pid":1604629,"hostname":"TempleOfZyminx","gameId":"99d5e6d4-a6aa-4a86-85b8-7b7db09c69ae","role":"onion","msg":"Game match created"}
{"level":30,"time":1774382621650,"pid":1604629,"hostname":"TempleOfZyminx","id":"99d5e6d4-a6aa-4a86-85b8-7b7db09c69ae","msg":"User joining game"}
{"level":30,"time":1774382621650,"pid":1604603,"hostname":"TempleOfZyminx","id":"4ea62cd5-e7e9-4d86-a220-5ef51ab34cfa","msg":"Fetching game state"}
{"level":30,"time":1774382621650,"pid":1604629,"hostname":"TempleOfZyminx","gameId":"99d5e6d4-a6aa-4a86-85b8-7b7db09c69ae","role":"defender","msg":"User joined game"}
{"level":30,"time":1774382621650,"pid":1604629,"hostname":"TempleOfZyminx","id":"99d5e6d4-a6aa-4a86-85b8-7b7db09c69ae","msg":"Fetching game state"}
{"level":30,"time":1774382621651,"pid":1604629,"hostname":"TempleOfZyminx","id":"99d5e6d4-a6aa-4a86-85b8-7b7db09c69ae","command":"END_PHASE","msg":"Submitting game action"}
{"level":30,"time":1774382621651,"pid":1604629,"hostname":"TempleOfZyminx","gameId":"99d5e6d4-a6aa-4a86-85b8-7b7db09c69ae","phase":"ONION_MOVE","msg":"Advancing phase"}
{"level":30,"time":1774382621651,"pid":1604629,"hostname":"TempleOfZyminx","phase":"ONION_MOVE","turnNumber":1,"msg":"Advancing phase in engine"}
{"level":30,"time":1774382621651,"pid":1604629,"hostname":"TempleOfZyminx","id":"99d5e6d4-a6aa-4a86-85b8-7b7db09c69ae","msg":"Fetching game state"}
{"level":30,"time":1774382621652,"pid":1604629,"hostname":"TempleOfZyminx","id":"99d5e6d4-a6aa-4a86-85b8-7b7db09c69ae","command":"FIRE","msg":"Submitting game action"}
{"level":30,"time":1774382621652,"pid":1604629,"hostname":"TempleOfZyminx","gameId":"99d5e6d4-a6aa-4a86-85b8-7b7db09c69ae","type":"FIRE","msg":"Processing combat command"}
{"level":30,"time":1774382621653,"pid":1604629,"hostname":"TempleOfZyminx","gameId":"99d5e6d4-a6aa-4a86-85b8-7b7db09c69ae","error":"Target not found","msg":"Invalid combat command"}
{"level":30,"time":1774382621650,"pid":1604603,"hostname":"TempleOfZyminx","id":"4ea62cd5-e7e9-4d86-a220-5ef51ab34cfa","command":"END_PHASE","msg":"Submitting game action"}
{"level":30,"time":1774382621651,"pid":1604603,"hostname":"TempleOfZyminx","gameId":"4ea62cd5-e7e9-4d86-a220-5ef51ab34cfa","phase":"DEFENDER_MOVE","msg":"Advancing phase"}
{"level":30,"time":1774382621651,"pid":1604603,"hostname":"TempleOfZyminx","phase":"DEFENDER_MOVE","turnNumber":1,"msg":"Advancing phase in engine"}
{"level":30,"time":1774382621651,"pid":1604603,"hostname":"TempleOfZyminx","id":"4ea62cd5-e7e9-4d86-a220-5ef51ab34cfa","msg":"Fetching game state"}
{"level":30,"time":1774382621652,"pid":1604603,"hostname":"TempleOfZyminx","id":"4ea62cd5-e7e9-4d86-a220-5ef51ab34cfa","command":"FIRE","msg":"Submitting game action"}
{"level":30,"time":1774382621652,"pid":1604603,"hostname":"TempleOfZyminx","gameId":"4ea62cd5-e7e9-4d86-a220-5ef51ab34cfa","type":"FIRE","msg":"Processing combat command"}
{"level":30,"time":1774382621687,"pid":1604421,"hostname":"TempleOfZyminx","scenarioId":"swamp-siege-01","role":"onion","msg":"Creating new game match"}
{"level":30,"time":1774382621688,"pid":1604421,"hostname":"TempleOfZyminx","gameId":"356ed308-212d-4fd0-8b65-2026880de1d3","role":"onion","msg":"Game match created"}
{"level":30,"time":1774382621689,"pid":1604421,"hostname":"TempleOfZyminx","id":"356ed308-212d-4fd0-8b65-2026880de1d3","msg":"User joining game"}
{"level":30,"time":1774382621689,"pid":1604421,"hostname":"TempleOfZyminx","gameId":"356ed308-212d-4fd0-8b65-2026880de1d3","role":"defender","msg":"User joined game"}
 ✓ src/api/games.management.test.ts (17 tests) 925ms
{"level":30,"time":1774382621737,"pid":1604603,"hostname":"TempleOfZyminx","scenarioId":"swamp-siege-01","role":"onion","msg":"Creating new game match"}
{"level":30,"time":1774382621738,"pid":1604629,"hostname":"TempleOfZyminx","scenarioId":"swamp-siege-01","role":"onion","msg":"Creating new game match"}
{"level":30,"time":1774382621739,"pid":1604629,"hostname":"TempleOfZyminx","gameId":"727dcb4e-7e06-4154-8d69-6dc49eab76ca","role":"onion","msg":"Game match created"}
{"level":30,"time":1774382621741,"pid":1604603,"hostname":"TempleOfZyminx","gameId":"68ada654-fc9d-4bd5-8ca4-e9d0ac0c9223","role":"onion","msg":"Game match created"}
{"level":30,"time":1774382621742,"pid":1604603,"hostname":"TempleOfZyminx","id":"68ada654-fc9d-4bd5-8ca4-e9d0ac0c9223","msg":"User joining game"}
{"level":30,"time":1774382621742,"pid":1604603,"hostname":"TempleOfZyminx","gameId":"68ada654-fc9d-4bd5-8ca4-e9d0ac0c9223","role":"defender","msg":"User joined game"}
{"level":30,"time":1774382621742,"pid":1604603,"hostname":"TempleOfZyminx","id":"68ada654-fc9d-4bd5-8ca4-e9d0ac0c9223","msg":"Fetching game state"}
{"level":30,"time":1774382621742,"pid":1604603,"hostname":"TempleOfZyminx","id":"68ada654-fc9d-4bd5-8ca4-e9d0ac0c9223","command":"END_PHASE","msg":"Submitting game action"}
{"level":30,"time":1774382621743,"pid":1604603,"hostname":"TempleOfZyminx","gameId":"68ada654-fc9d-4bd5-8ca4-e9d0ac0c9223","phase":"ONION_MOVE","msg":"Advancing phase"}
{"level":30,"time":1774382621743,"pid":1604603,"hostname":"TempleOfZyminx","phase":"ONION_MOVE","turnNumber":1,"msg":"Advancing phase in engine"}
{"level":30,"time":1774382621743,"pid":1604603,"hostname":"TempleOfZyminx","id":"68ada654-fc9d-4bd5-8ca4-e9d0ac0c9223","msg":"Fetching game state"}
{"level":30,"time":1774382621743,"pid":1604629,"hostname":"TempleOfZyminx","id":"727dcb4e-7e06-4154-8d69-6dc49eab76ca","msg":"User joining game"}
{"level":30,"time":1774382621743,"pid":1604629,"hostname":"TempleOfZyminx","gameId":"727dcb4e-7e06-4154-8d69-6dc49eab76ca","role":"defender","msg":"User joined game"}
{"level":30,"time":1774382621744,"pid":1604629,"hostname":"TempleOfZyminx","id":"727dcb4e-7e06-4154-8d69-6dc49eab76ca","msg":"Fetching game state"}
{"level":30,"time":1774382621744,"pid":1604603,"hostname":"TempleOfZyminx","id":"68ada654-fc9d-4bd5-8ca4-e9d0ac0c9223","command":"END_PHASE","msg":"Submitting game action"}
{"level":30,"time":1774382621744,"pid":1604603,"hostname":"TempleOfZyminx","gameId":"68ada654-fc9d-4bd5-8ca4-e9d0ac0c9223","phase":"ONION_COMBAT","msg":"Advancing phase"}
{"level":30,"time":1774382621744,"pid":1604603,"hostname":"TempleOfZyminx","phase":"ONION_COMBAT","turnNumber":1,"msg":"Advancing phase in engine"}
{"level":30,"time":1774382621744,"pid":1604629,"hostname":"TempleOfZyminx","id":"727dcb4e-7e06-4154-8d69-6dc49eab76ca","command":"END_PHASE","msg":"Submitting game action"}
{"level":30,"time":1774382621744,"pid":1604629,"hostname":"TempleOfZyminx","gameId":"727dcb4e-7e06-4154-8d69-6dc49eab76ca","phase":"ONION_MOVE","msg":"Advancing phase"}
{"level":30,"time":1774382621744,"pid":1604629,"hostname":"TempleOfZyminx","phase":"ONION_MOVE","turnNumber":1,"msg":"Advancing phase in engine"}
{"level":30,"time":1774382621745,"pid":1604629,"hostname":"TempleOfZyminx","id":"727dcb4e-7e06-4154-8d69-6dc49eab76ca","msg":"Fetching game state"}
{"level":30,"time":1774382621745,"pid":1604629,"hostname":"TempleOfZyminx","id":"727dcb4e-7e06-4154-8d69-6dc49eab76ca","command":"END_PHASE","msg":"Submitting game action"}
{"level":30,"time":1774382621745,"pid":1604629,"hostname":"TempleOfZyminx","gameId":"727dcb4e-7e06-4154-8d69-6dc49eab76ca","phase":"ONION_COMBAT","msg":"Advancing phase"}
{"level":30,"time":1774382621745,"pid":1604629,"hostname":"TempleOfZyminx","phase":"ONION_COMBAT","turnNumber":1,"msg":"Advancing phase in engine"}
{"level":30,"time":1774382621746,"pid":1604629,"hostname":"TempleOfZyminx","id":"727dcb4e-7e06-4154-8d69-6dc49eab76ca","msg":"Fetching game state"}
{"level":30,"time":1774382621746,"pid":1604629,"hostname":"TempleOfZyminx","id":"727dcb4e-7e06-4154-8d69-6dc49eab76ca","command":"END_PHASE","msg":"Submitting game action"}
{"level":30,"time":1774382621747,"pid":1604629,"hostname":"TempleOfZyminx","gameId":"727dcb4e-7e06-4154-8d69-6dc49eab76ca","phase":"DEFENDER_MOVE","msg":"Advancing phase"}
{"level":30,"time":1774382621747,"pid":1604629,"hostname":"TempleOfZyminx","phase":"DEFENDER_MOVE","turnNumber":1,"msg":"Advancing phase in engine"}
{"level":30,"time":1774382621747,"pid":1604603,"hostname":"TempleOfZyminx","id":"68ada654-fc9d-4bd5-8ca4-e9d0ac0c9223","msg":"Fetching game state"}
{"level":30,"time":1774382621747,"pid":1604629,"hostname":"TempleOfZyminx","id":"727dcb4e-7e06-4154-8d69-6dc49eab76ca","msg":"Fetching game state"}
{"level":30,"time":1774382621748,"pid":1604629,"hostname":"TempleOfZyminx","id":"727dcb4e-7e06-4154-8d69-6dc49eab76ca","command":"FIRE","msg":"Submitting game action"}
{"level":30,"time":1774382621748,"pid":1604603,"hostname":"TempleOfZyminx","id":"68ada654-fc9d-4bd5-8ca4-e9d0ac0c9223","command":"END_PHASE","msg":"Submitting game action"}
{"level":30,"time":1774382621748,"pid":1604603,"hostname":"TempleOfZyminx","gameId":"68ada654-fc9d-4bd5-8ca4-e9d0ac0c9223","phase":"DEFENDER_MOVE","msg":"Advancing phase"}
{"level":30,"time":1774382621748,"pid":1604603,"hostname":"TempleOfZyminx","phase":"DEFENDER_MOVE","turnNumber":1,"msg":"Advancing phase in engine"}
{"level":30,"time":1774382621748,"pid":1604603,"hostname":"TempleOfZyminx","id":"68ada654-fc9d-4bd5-8ca4-e9d0ac0c9223","msg":"Fetching game state"}
{"level":30,"time":1774382621748,"pid":1604629,"hostname":"TempleOfZyminx","gameId":"727dcb4e-7e06-4154-8d69-6dc49eab76ca","type":"FIRE","msg":"Processing combat command"}
{"level":30,"time":1774382621749,"pid":1604603,"hostname":"TempleOfZyminx","id":"68ada654-fc9d-4bd5-8ca4-e9d0ac0c9223","command":"FIRE","msg":"Submitting game action"}
{"level":30,"time":1774382621749,"pid":1604603,"hostname":"TempleOfZyminx","gameId":"68ada654-fc9d-4bd5-8ca4-e9d0ac0c9223","type":"FIRE","msg":"Processing combat command"}
{"level":30,"time":1774382621756,"pid":1604603,"hostname":"TempleOfZyminx","id":"33333333-3333-4333-8333-333333333333","command":"FIRE","msg":"Submitting game action"}
{"level":30,"time":1774382621756,"pid":1604603,"hostname":"TempleOfZyminx","gameId":"33333333-3333-4333-8333-333333333333","type":"FIRE","msg":"Processing combat command"}
{"level":40,"time":1774382621757,"pid":1604603,"hostname":"TempleOfZyminx","err":{"type":"StaleMatchStateError","message":"stale","stack":"StaleMatchStateError: stale\n    at Object.persistMatchProgress (/home/zymurge/Dev/onion/dist/api/games.actions.combat.test.js:227:55)\n    at Object.<anonymous> (/home/zymurge/Dev/onion/dist/api/games.js:600:26)\n    at processTicksAndRejections (node:internal/process/task_queues:105:5)","name":"StaleMatchStateError"},"msg":"Stale match state error"}
{"level":30,"time":1774382621831,"pid":1604629,"hostname":"TempleOfZyminx","scenarioId":"swamp-siege-01","role":"onion","msg":"Creating new game match"}
{"level":30,"time":1774382621832,"pid":1604629,"hostname":"TempleOfZyminx","gameId":"e2e1d677-6cae-4233-a9a6-0b571c609cff","role":"onion","msg":"Game match created"}
{"level":30,"time":1774382621832,"pid":1604629,"hostname":"TempleOfZyminx","id":"e2e1d677-6cae-4233-a9a6-0b571c609cff","msg":"User joining game"}
{"level":30,"time":1774382621833,"pid":1604629,"hostname":"TempleOfZyminx","gameId":"e2e1d677-6cae-4233-a9a6-0b571c609cff","role":"defender","msg":"User joined game"}
{"level":30,"time":1774382621833,"pid":1604629,"hostname":"TempleOfZyminx","id":"e2e1d677-6cae-4233-a9a6-0b571c609cff","msg":"Fetching game state"}
{"level":30,"time":1774382621833,"pid":1604629,"hostname":"TempleOfZyminx","id":"e2e1d677-6cae-4233-a9a6-0b571c609cff","command":"END_PHASE","msg":"Submitting game action"}
{"level":30,"time":1774382621833,"pid":1604629,"hostname":"TempleOfZyminx","gameId":"e2e1d677-6cae-4233-a9a6-0b571c609cff","phase":"ONION_MOVE","msg":"Advancing phase"}
{"level":30,"time":1774382621833,"pid":1604629,"hostname":"TempleOfZyminx","phase":"ONION_MOVE","turnNumber":1,"msg":"Advancing phase in engine"}
{"level":30,"time":1774382621834,"pid":1604629,"hostname":"TempleOfZyminx","id":"e2e1d677-6cae-4233-a9a6-0b571c609cff","msg":"Fetching game state"}
{"level":30,"time":1774382621834,"pid":1604629,"hostname":"TempleOfZyminx","id":"e2e1d677-6cae-4233-a9a6-0b571c609cff","command":"END_PHASE","msg":"Submitting game action"}
{"level":30,"time":1774382621834,"pid":1604629,"hostname":"TempleOfZyminx","gameId":"e2e1d677-6cae-4233-a9a6-0b571c609cff","phase":"ONION_COMBAT","msg":"Advancing phase"}
{"level":30,"time":1774382621834,"pid":1604629,"hostname":"TempleOfZyminx","phase":"ONION_COMBAT","turnNumber":1,"msg":"Advancing phase in engine"}
{"level":30,"time":1774382621835,"pid":1604629,"hostname":"TempleOfZyminx","id":"e2e1d677-6cae-4233-a9a6-0b571c609cff","msg":"Fetching game state"}
{"level":30,"time":1774382621836,"pid":1604629,"hostname":"TempleOfZyminx","id":"e2e1d677-6cae-4233-a9a6-0b571c609cff","command":"END_PHASE","msg":"Submitting game action"}
{"level":30,"time":1774382621836,"pid":1604629,"hostname":"TempleOfZyminx","gameId":"e2e1d677-6cae-4233-a9a6-0b571c609cff","phase":"DEFENDER_MOVE","msg":"Advancing phase"}
{"level":30,"time":1774382621836,"pid":1604629,"hostname":"TempleOfZyminx","phase":"DEFENDER_MOVE","turnNumber":1,"msg":"Advancing phase in engine"}
{"level":30,"time":1774382621836,"pid":1604629,"hostname":"TempleOfZyminx","id":"e2e1d677-6cae-4233-a9a6-0b571c609cff","msg":"Fetching game state"}
{"level":30,"time":1774382621837,"pid":1604629,"hostname":"TempleOfZyminx","id":"e2e1d677-6cae-4233-a9a6-0b571c609cff","command":"FIRE","msg":"Submitting game action"}
{"level":30,"time":1774382621837,"pid":1604629,"hostname":"TempleOfZyminx","gameId":"e2e1d677-6cae-4233-a9a6-0b571c609cff","type":"FIRE","msg":"Processing combat command"}
{"level":30,"time":1774382621842,"pid":1604629,"hostname":"TempleOfZyminx","id":"33333333-3333-4333-8333-333333333333","command":"FIRE","msg":"Submitting game action"}
{"level":30,"time":1774382621843,"pid":1604629,"hostname":"TempleOfZyminx","gameId":"33333333-3333-4333-8333-333333333333","type":"FIRE","msg":"Processing combat command"}
{"level":30,"time":1774382621845,"pid":1604603,"hostname":"TempleOfZyminx","scenarioId":"swamp-siege-01","role":"onion","msg":"Creating new game match"}
{"level":30,"time":1774382621846,"pid":1604603,"hostname":"TempleOfZyminx","gameId":"c3a3a64f-72a7-4130-ae90-da2a4ae65f96","role":"onion","msg":"Game match created"}
{"level":30,"time":1774382621847,"pid":1604603,"hostname":"TempleOfZyminx","id":"c3a3a64f-72a7-4130-ae90-da2a4ae65f96","msg":"User joining game"}
{"level":30,"time":1774382621847,"pid":1604603,"hostname":"TempleOfZyminx","gameId":"c3a3a64f-72a7-4130-ae90-da2a4ae65f96","role":"defender","msg":"User joined game"}
{"level":30,"time":1774382621847,"pid":1604603,"hostname":"TempleOfZyminx","id":"c3a3a64f-72a7-4130-ae90-da2a4ae65f96","msg":"Fetching game state"}
{"level":30,"time":1774382621848,"pid":1604603,"hostname":"TempleOfZyminx","id":"c3a3a64f-72a7-4130-ae90-da2a4ae65f96","command":"END_PHASE","msg":"Submitting game action"}
{"level":30,"time":1774382621848,"pid":1604603,"hostname":"TempleOfZyminx","gameId":"c3a3a64f-72a7-4130-ae90-da2a4ae65f96","phase":"ONION_MOVE","msg":"Advancing phase"}
{"level":30,"time":1774382621848,"pid":1604603,"hostname":"TempleOfZyminx","phase":"ONION_MOVE","turnNumber":1,"msg":"Advancing phase in engine"}
{"level":30,"time":1774382621848,"pid":1604603,"hostname":"TempleOfZyminx","id":"c3a3a64f-72a7-4130-ae90-da2a4ae65f96","msg":"Fetching game state"}
{"level":30,"time":1774382621849,"pid":1604603,"hostname":"TempleOfZyminx","id":"c3a3a64f-72a7-4130-ae90-da2a4ae65f96","command":"FIRE","msg":"Submitting game action"}
{"level":30,"time":1774382621849,"pid":1604603,"hostname":"TempleOfZyminx","gameId":"c3a3a64f-72a7-4130-ae90-da2a4ae65f96","type":"FIRE","msg":"Processing combat command"}
{"level":30,"time":1774382621850,"pid":1604603,"hostname":"TempleOfZyminx","id":"c3a3a64f-72a7-4130-ae90-da2a4ae65f96","msg":"Fetching game state"}
{"level":40,"time":1774382621843,"pid":1604629,"hostname":"TempleOfZyminx","err":{"type":"StaleMatchStateError","message":"stale","stack":"StaleMatchStateError: stale\n    at Object.persistMatchProgress (/home/zymurge/Dev/onion/src/api/games.actions.combat.test.ts:252:49)\n    at Object.<anonymous> (/home/zymurge/Dev/onion/src/api/games.ts:670:18)\n    at processTicksAndRejections (node:internal/process/task_queues:105:5)","name":"StaleMatchStateError"},"msg":"Stale match state error"}
 ✓ dist/api/games.actions.combat.test.js (8 tests) 750ms
{"level":30,"time":1774382621930,"pid":1604629,"hostname":"TempleOfZyminx","scenarioId":"swamp-siege-01","role":"onion","msg":"Creating new game match"}
{"level":30,"time":1774382621931,"pid":1604629,"hostname":"TempleOfZyminx","gameId":"d843f1f6-0bf2-4659-b09c-7093427f0565","role":"onion","msg":"Game match created"}
{"level":30,"time":1774382621931,"pid":1604629,"hostname":"TempleOfZyminx","id":"d843f1f6-0bf2-4659-b09c-7093427f0565","msg":"User joining game"}
{"level":30,"time":1774382621931,"pid":1604629,"hostname":"TempleOfZyminx","gameId":"d843f1f6-0bf2-4659-b09c-7093427f0565","role":"defender","msg":"User joined game"}
{"level":30,"time":1774382621932,"pid":1604629,"hostname":"TempleOfZyminx","id":"d843f1f6-0bf2-4659-b09c-7093427f0565","msg":"Fetching game state"}
{"level":30,"time":1774382621932,"pid":1604629,"hostname":"TempleOfZyminx","id":"d843f1f6-0bf2-4659-b09c-7093427f0565","command":"END_PHASE","msg":"Submitting game action"}
{"level":30,"time":1774382621932,"pid":1604629,"hostname":"TempleOfZyminx","gameId":"d843f1f6-0bf2-4659-b09c-7093427f0565","phase":"ONION_MOVE","msg":"Advancing phase"}
{"level":30,"time":1774382621933,"pid":1604629,"hostname":"TempleOfZyminx","phase":"ONION_MOVE","turnNumber":1,"msg":"Advancing phase in engine"}
{"level":30,"time":1774382621933,"pid":1604629,"hostname":"TempleOfZyminx","id":"d843f1f6-0bf2-4659-b09c-7093427f0565","msg":"Fetching game state"}
{"level":30,"time":1774382621934,"pid":1604629,"hostname":"TempleOfZyminx","id":"d843f1f6-0bf2-4659-b09c-7093427f0565","command":"FIRE","msg":"Submitting game action"}
{"level":30,"time":1774382621934,"pid":1604629,"hostname":"TempleOfZyminx","gameId":"d843f1f6-0bf2-4659-b09c-7093427f0565","type":"FIRE","msg":"Processing combat command"}
{"level":30,"time":1774382621935,"pid":1604629,"hostname":"TempleOfZyminx","id":"d843f1f6-0bf2-4659-b09c-7093427f0565","msg":"Fetching game state"}
 ✓ src/api/games.actions.combat.test.ts (8 tests) 730ms
 ✓ src/api/games.actions.move.test.ts (6 tests) 506ms
 ✓ dist/api/auth.test.js (18 tests) 516ms
 ✓ src/api/auth.test.ts (18 tests) 482ms
{"level":30,"time":1774382622711,"pid":1604762,"hostname":"TempleOfZyminx","msg":"Creating new game match"}
{"level":30,"time":1774382622722,"pid":1604762,"hostname":"TempleOfZyminx","id":"some-id","msg":"User joining game"}
{"level":30,"time":1774382622729,"pid":1604762,"hostname":"TempleOfZyminx","id":"some-id","msg":"Submitting game action"}
 ✓ dist/api/routes.sanity.test.js (10 tests) 121ms
 ✓ dist/api/games.actions.move.test.js (6 tests) 530ms
{"level":30,"time":1774382623000,"pid":1604786,"hostname":"TempleOfZyminx","msg":"Creating new game match"}
{"level":30,"time":1774382623009,"pid":1604786,"hostname":"TempleOfZyminx","id":"some-id","msg":"User joining game"}
{"level":30,"time":1774382623018,"pid":1604786,"hostname":"TempleOfZyminx","id":"some-id","msg":"Submitting game action"}
 ✓ src/api/routes.sanity.test.ts (10 tests) 128ms
 ✓ dist/api/scenarios.test.js (7 tests) 115ms
 ✓ src/api/scenarios.test.ts (7 tests) 87ms
 ✓ dist/app.test.js (2 tests) 81ms
 ✓ dist/engine/combat.test.js (82 tests) 23ms
 ✓ src/engine/units.test.ts (86 tests) 24ms
 ✓ src/app.test.ts (2 tests) 65ms
 ✓ dist/engine/units.test.js (86 tests) 26ms
 ✓ src/engine/map.test.ts (39 tests) 19ms
 ✓ dist/engine/movement.test.js (36 tests) 14ms
 ✓ src/engine/combat.test.ts (82 tests) 20ms
 ✓ dist/engine/map.test.js (39 tests) 16ms
 ✓ src/cli/parser.test.ts (29 tests) 11ms
 ✓ src/engine/movement.test.ts (36 tests) 21ms
 ✓ dist/engine/scenarioNormalizer.test.js (4 tests) 9ms
 ✓ dist/cli/parser.test.js (29 tests) 9ms
 ✓ src/engine/phases.test.ts (24 tests) 11ms
 ✓ src/engine/scenarioNormalizer.test.ts (4 tests) 12ms
 ✓ dist/engine/phases.test.js (24 tests) 8ms
 ✓ dist/cli/runtime.test.js (5 tests) 4ms
 ✓ dist/cli/render/summary.test.js (11 tests) 7ms
 ✓ src/cli/render/events.test.ts (3 tests) 4ms
 ✓ src/cli/runtime.test.ts (5 tests) 5ms
 ✓ src/cli/render/summary.test.ts (11 tests) 4ms
 ✓ dist/cli/render/map.test.js (2 tests) 3ms
 ✓ dist/cli/render/events.test.js (3 tests) 4ms
 ✓ src/cli/render/map.test.ts (2 tests) 3ms
 ✓ dist/cli/api/client.test.js (4 tests) 4ms
 ✓ src/cli/api/client.test.ts (4 tests) 3ms

⎯⎯⎯⎯⎯⎯⎯ Failed Tests 2 ⎯⎯⎯⎯⎯⎯⎯

 FAIL  dist/api/games.state.test.js > GET /games/:id > uses scenario initialState and exposes scenarioName and units
AssertionError: expected 'swamp-siege-01' to be 'The Siege of Shrek\'s Swamp' // Object.is equality

Expected: [32m"The Siege of Shrek's Swamp"[39m
Received: [31m"swamp-siege-01"[39m

 ❯ dist/api/games.state.test.js:51:35
     49|         expect(res.statusCode).toBe(200);
     50|         const body = res.json();
     51|         expect(body.scenarioName).toBe("The Siege of Shrek's Swamp");
       |                                   ^
     52|         expect(body.state.onion).toBeDefined();
     53|         expect(body.state.onion.position).toBeDefined();

⎯⎯⎯⎯⎯⎯⎯⎯⎯⎯⎯⎯⎯⎯⎯⎯⎯⎯⎯⎯⎯⎯⎯⎯[1/2]⎯

 FAIL  src/api/games.state.test.ts > GET /games/:id > uses scenario initialState and exposes scenarioName and units
AssertionError: expected 'swamp-siege-01' to be 'The Siege of Shrek\'s Swamp' // Object.is equality

Expected: [32m"The Siege of Shrek's Swamp"[39m
Received: [31m"swamp-siege-01"[39m

 ❯ src/api/games.state.test.ts:64:31
     62|     expect(res.statusCode).toBe(200)
     63|     const body = res.json()
     64|     expect(body.scenarioName).toBe("The Siege of Shrek's Swamp")
       |                               ^
     65|     expect(body.state.onion).toBeDefined()
     66|     expect(body.state.onion.position).toBeDefined()

⎯⎯⎯⎯⎯⎯⎯⎯⎯⎯⎯⎯⎯⎯⎯⎯⎯⎯⎯⎯⎯⎯⎯⎯[2/2]⎯


 Test Files  2 failed | 43 passed (45)
      Tests  2 failed | 861 passed (863)
   Start at  13:03:36
   Duration  8.69s (transform 676ms, setup 0ms, collect 4.88s, tests 19.38s, environment 9ms, prepare 3.52s)

 FAIL  Tests failed. Watching for file changes...
       press h to show help, press q to quit
